============================================================
  MODEL 2_2 — Clinic + AEC Unmatched (aec128)  (4 AEC variants)
============================================================

############################################################
  [M2_2 raw]  (scale_clinic=True, scale_aec=none)
############################################################
  [M2_2/raw] Cross-validating CrossAttn ...
=======================================================
5-Fold CV  [CrossAttn | scale_clin=True, scale_aec=none]
=======================================================

── Fold 1/5 ──────────────────────────────
  CA   — AUC: 0.8025  AUPRC: 0.3163  Brier: 0.2770  Acc: 0.6721  F1: 0.3750  (best ep=157, thresh=0.564)

── Fold 2/5 ──────────────────────────────
  CA   — AUC: 0.8328  AUPRC: 0.4475  Brier: 0.2570  Acc: 0.7322  F1: 0.4096  (best ep=367, thresh=0.572)

── Fold 3/5 ──────────────────────────────
  CA   — AUC: 0.7651  AUPRC: 0.2472  Brier: 0.2762  Acc: 0.5628  F1: 0.2982  (best ep=418, thresh=0.508)

── Fold 4/5 ──────────────────────────────
  CA   — AUC: 0.7632  AUPRC: 0.3229  Brier: 0.2502  Acc: 0.6885  F1: 0.3596  (best ep=428, thresh=0.542)

── Fold 5/5 ──────────────────────────────
  CA   — AUC: 0.7820  AUPRC: 0.3518  Brier: 0.2587  Acc: 0.7473  F1: 0.3947  (best ep=444, thresh=0.611)

===========================================================================
CrossAttn  —  5-Fold CV Summary
===========================================================================
  Fold      AUC-ROC      AUPRC      Brier   Accuracy         F1
  ----------------------------------------------------------
  1          0.8025     0.3163     0.2770     0.6721     0.3750
  2          0.8328     0.4475     0.2570     0.7322     0.4096
  3          0.7651     0.2472     0.2762     0.5628     0.2982
  4          0.7632     0.3229     0.2502     0.6885     0.3596
  5          0.7820     0.3518     0.2587     0.7473     0.3947
  ──────────────────────────────────────────────────────────
  Mean       0.7891     0.3371     0.2638     0.6806     0.3674
  ±Std       0.0260     0.0650     0.0108     0.0650     0.0386
  [M2_2/raw] Evaluating on test set (med_epoch=418, thresh=0.564) ...

=======================================================
CrossAttn Test Evaluation  (scale_clin=True, scale_aec=none, threshold=0.564)
=======================================================
CrossAttn — training final model for 418 epochs on full CV set …
  [CrossAttn] Model weights saved → 연구코드/results/0605/stage0_1e-05_epoch500/model_2_2\raw128\raw\M2_2_raw_weights.pt

CrossAttn — Test Set (Overall):
  AUC: 0.7963  AUPRC: 0.3325  Brier: 0.2649  Acc: 0.6419  F1: 0.3387

CrossAttn — Test Set (By Sex):
  [M] n=82  AUC: 0.7101  AUPRC: 0.3427  Brier: 0.3005  Acc: 0.5854  F1: 0.3929
              precision    recall  f1-score   support

      Normal       0.95      0.54      0.69        69
  Sarcopenia       0.26      0.85      0.39        13

    accuracy                           0.59        82
   macro avg       0.60      0.69      0.54        82
weighted avg       0.84      0.59      0.64        82

  [F] n=147  AUC: 0.8476  AUPRC: 0.3786  Brier: 0.2450  Acc: 0.6735  F1: 0.2941
              precision    recall  f1-score   support

      Normal       0.99      0.65      0.79       136
  Sarcopenia       0.18      0.91      0.29        11

    accuracy                           0.67       147
   macro avg       0.58      0.78      0.54       147
weighted avg       0.93      0.67      0.75       147


───────────────────────────────────────────────────────
Test Set — Bootstrap CI
───────────────────────────────────────────────────────

  Bootstrap 95% CI — CrossAttn  (n_boot=2000)
  Metric         Estimate   95% CI Lower   95% CI Upper
  ----------------------------------------------------
  AUC-ROC          0.7963         0.6960         0.8783
  AUPRC            0.3325         0.1908         0.5206
  Brier            0.2649         0.2377         0.2904
  Accuracy         0.6419         0.5808         0.7074
  F1               0.3387         0.2264         0.4478
  [M2_2/raw] Saving figures ...

Saved (model 2_2 (raw, unmatched)):
  연구코드/results/0605/stage0_1e-05_epoch500/model_2_2\raw128\raw/data_distribution.png
  연구코드/results/0605/stage0_1e-05_epoch500/model_2_2\raw128\raw/cv_roc_curves.png
  연구코드/results/0605/stage0_1e-05_epoch500/model_2_2\raw128\raw/cv_metric_distribution.png
  연구코드/results/0605/stage0_1e-05_epoch500/model_2_2\raw128\raw/training_curves.png
  연구코드/results/0605/stage0_1e-05_epoch500/model_2_2\raw128\raw/test_roc_curves.png
  연구코드/results/0605/stage0_1e-05_epoch500/model_2_2\raw128\raw/test_roc_by_sex.png
  연구코드/results/0605/stage0_1e-05_epoch500/model_2_2\raw128\raw/confusion_matrices.png
  연구코드/results/0605/stage0_1e-05_epoch500/model_2_2\raw128\raw/calibration.png
  연구코드/results/0605/stage0_1e-05_epoch500/model_2_2\raw128\raw/results.md
  [M2_2/raw] Plotting attention maps ...
  연구코드/results/0605/stage0_1e-05_epoch500/model_2_2\raw128\raw/attention_map_c2a.png
  연구코드/results/0605/stage0_1e-05_epoch500/model_2_2\raw128\raw/attention_heatmap_c2a.png
  연구코드/results/0605/stage0_1e-05_epoch500/model_2_2\raw128\raw/attention_map_a2c.png
  연구코드/results/0605/stage0_1e-05_epoch500/model_2_2\raw128\raw/attention_heatmap_a2c.png
  [M2_2/raw] Plotting Grad-CAM ...
  연구코드/results/0605/stage0_1e-05_epoch500/model_2_2\raw128\raw/cam_aec_mean.png
  연구코드/results/0605/stage0_1e-05_epoch500/model_2_2\raw128\raw/cam_aec_lines.png
  연구코드/results/0605/stage0_1e-05_epoch500/model_2_2\raw128\raw/cam_aec_heatmap.png
  [M2_2/raw] Done.

############################################################
  [M2_2 std_scaled]  (scale_clinic=True, scale_aec=column)
############################################################
  [M2_2/std_scaled] Cross-validating CrossAttn ...
=======================================================
5-Fold CV  [CrossAttn | scale_clin=True, scale_aec=column]
=======================================================

── Fold 1/5 ──────────────────────────────
  CA   — AUC: 0.7791  AUPRC: 0.2713  Brier: 0.2786  Acc: 0.6667  F1: 0.3838  (best ep=409, thresh=0.590)

── Fold 2/5 ──────────────────────────────
  CA   — AUC: 0.8177  AUPRC: 0.4019  Brier: 0.2418  Acc: 0.7158  F1: 0.3810  (best ep=390, thresh=0.557)

── Fold 3/5 ──────────────────────────────
  CA   — AUC: 0.6881  AUPRC: 0.1980  Brier: 0.3028  Acc: 0.7869  F1: 0.3607  (best ep=432, thresh=0.687)

── Fold 4/5 ──────────────────────────────
  CA   — AUC: 0.7490  AUPRC: 0.3040  Brier: 0.2400  Acc: 0.6721  F1: 0.3478  (best ep=420, thresh=0.526)

── Fold 5/5 ──────────────────────────────
  CA   — AUC: 0.7869  AUPRC: 0.3316  Brier: 0.2561  Acc: 0.7692  F1: 0.4167  (best ep=461, thresh=0.619)

===========================================================================
CrossAttn  —  5-Fold CV Summary
===========================================================================
  Fold      AUC-ROC      AUPRC      Brier   Accuracy         F1
  ----------------------------------------------------------
  1          0.7791     0.2713     0.2786     0.6667     0.3838
  2          0.8177     0.4019     0.2418     0.7158     0.3810
  3          0.6881     0.1980     0.3028     0.7869     0.3607
  4          0.7490     0.3040     0.2400     0.6721     0.3478
  5          0.7869     0.3316     0.2561     0.7692     0.4167
  ──────────────────────────────────────────────────────────
  Mean       0.7642     0.3014     0.2639     0.7222     0.3780
  ±Std       0.0439     0.0672     0.0239     0.0490     0.0234
  [M2_2/std_scaled] Evaluating on test set (med_epoch=420, thresh=0.590) ...

=======================================================
CrossAttn Test Evaluation  (scale_clin=True, scale_aec=column, threshold=0.590)
=======================================================
CrossAttn — training final model for 420 epochs on full CV set …
  [CrossAttn] Model weights saved → 연구코드/results/0605/stage0_1e-05_epoch500/model_2_2\raw128\std_scaled\M2_2_std_scaled_weights.pt

CrossAttn — Test Set (Overall):
  AUC: 0.7803  AUPRC: 0.3070  Brier: 0.2742  Acc: 0.6681  F1: 0.3333

CrossAttn — Test Set (By Sex):
  [M] n=82  AUC: 0.7402  AUPRC: 0.3541  Brier: 0.2839  Acc: 0.6463  F1: 0.4314
              precision    recall  f1-score   support

      Normal       0.95      0.61      0.74        69
  Sarcopenia       0.29      0.85      0.43        13

    accuracy                           0.65        82
   macro avg       0.62      0.73      0.59        82
weighted avg       0.85      0.65      0.69        82

  [F] n=147  AUC: 0.7914  AUPRC: 0.3268  Brier: 0.2688  Acc: 0.6803  F1: 0.2540
              precision    recall  f1-score   support

      Normal       0.97      0.68      0.80       136
  Sarcopenia       0.15      0.73      0.25        11

    accuracy                           0.68       147
   macro avg       0.56      0.70      0.53       147
weighted avg       0.91      0.68      0.76       147


───────────────────────────────────────────────────────
Test Set — Bootstrap CI
───────────────────────────────────────────────────────

  Bootstrap 95% CI — CrossAttn  (n_boot=2000)
  Metric         Estimate   95% CI Lower   95% CI Upper
  ----------------------------------------------------
  AUC-ROC          0.7803         0.6955         0.8547
  AUPRC            0.3070         0.1721         0.4896
  Brier            0.2742         0.2506         0.2973
  Accuracy         0.6681         0.6070         0.7293
  F1               0.3333         0.2182         0.4445
  [M2_2/std_scaled] Saving figures ...

Saved (model 2_2 (std_scaled, unmatched)):
  연구코드/results/0605/stage0_1e-05_epoch500/model_2_2\raw128\std_scaled/data_distribution.png
  연구코드/results/0605/stage0_1e-05_epoch500/model_2_2\raw128\std_scaled/cv_roc_curves.png
  연구코드/results/0605/stage0_1e-05_epoch500/model_2_2\raw128\std_scaled/cv_metric_distribution.png
  연구코드/results/0605/stage0_1e-05_epoch500/model_2_2\raw128\std_scaled/training_curves.png
  연구코드/results/0605/stage0_1e-05_epoch500/model_2_2\raw128\std_scaled/test_roc_curves.png
  연구코드/results/0605/stage0_1e-05_epoch500/model_2_2\raw128\std_scaled/test_roc_by_sex.png
  연구코드/results/0605/stage0_1e-05_epoch500/model_2_2\raw128\std_scaled/confusion_matrices.png
  연구코드/results/0605/stage0_1e-05_epoch500/model_2_2\raw128\std_scaled/calibration.png
  연구코드/results/0605/stage0_1e-05_epoch500/model_2_2\raw128\std_scaled/results.md
  [M2_2/std_scaled] Plotting attention maps ...
  연구코드/results/0605/stage0_1e-05_epoch500/model_2_2\raw128\std_scaled/attention_map_c2a.png
  연구코드/results/0605/stage0_1e-05_epoch500/model_2_2\raw128\std_scaled/attention_heatmap_c2a.png
  연구코드/results/0605/stage0_1e-05_epoch500/model_2_2\raw128\std_scaled/attention_map_a2c.png
  연구코드/results/0605/stage0_1e-05_epoch500/model_2_2\raw128\std_scaled/attention_heatmap_a2c.png
  [M2_2/std_scaled] Plotting Grad-CAM ...
  연구코드/results/0605/stage0_1e-05_epoch500/model_2_2\raw128\std_scaled/cam_aec_mean.png
  연구코드/results/0605/stage0_1e-05_epoch500/model_2_2\raw128\std_scaled/cam_aec_lines.png
  연구코드/results/0605/stage0_1e-05_epoch500/model_2_2\raw128\std_scaled/cam_aec_heatmap.png
  [M2_2/std_scaled] Done.

############################################################
  [M2_2 norm]  (scale_clinic=True, scale_aec=none)
############################################################
  [M2_2/norm] Cross-validating CrossAttn ...
=======================================================
5-Fold CV  [CrossAttn | scale_clin=True, scale_aec=none]
=======================================================

── Fold 1/5 ──────────────────────────────
  CA   — AUC: 0.7985  AUPRC: 0.3276  Brier: 0.2632  Acc: 0.7268  F1: 0.4048  (best ep=257, thresh=0.610)

── Fold 2/5 ──────────────────────────────
  CA   — AUC: 0.8549  AUPRC: 0.5312  Brier: 0.2285  Acc: 0.8087  F1: 0.4776  (best ep=332, thresh=0.599)

── Fold 3/5 ──────────────────────────────
  CA   — AUC: 0.7689  AUPRC: 0.2558  Brier: 0.2787  Acc: 0.6885  F1: 0.3448  (best ep=294, thresh=0.622)

── Fold 4/5 ──────────────────────────────
  CA   — AUC: 0.7805  AUPRC: 0.3223  Brier: 0.2380  Acc: 0.6940  F1: 0.3636  (best ep=469, thresh=0.550)

── Fold 5/5 ──────────────────────────────
  CA   — AUC: 0.8046  AUPRC: 0.3902  Brier: 0.2616  Acc: 0.7088  F1: 0.3908  (best ep=188, thresh=0.583)

===========================================================================
CrossAttn  —  5-Fold CV Summary
===========================================================================
  Fold      AUC-ROC      AUPRC      Brier   Accuracy         F1
  ----------------------------------------------------------
  1          0.7985     0.3276     0.2632     0.7268     0.4048
  2          0.8549     0.5312     0.2285     0.8087     0.4776
  3          0.7689     0.2558     0.2787     0.6885     0.3448
  4          0.7805     0.3223     0.2380     0.6940     0.3636
  5          0.8046     0.3902     0.2616     0.7088     0.3908
  ──────────────────────────────────────────────────────────
  Mean       0.8015     0.3654     0.2540     0.7254     0.3963
  ±Std       0.0296     0.0932     0.0182     0.0437     0.0457
  [M2_2/norm] Evaluating on test set (med_epoch=294, thresh=0.599) ...

=======================================================
CrossAttn Test Evaluation  (scale_clin=True, scale_aec=none, threshold=0.599)
=======================================================
CrossAttn — training final model for 294 epochs on full CV set …
  [CrossAttn] Model weights saved → 연구코드/results/0605/stage0_1e-05_epoch500/model_2_2\raw128\norm\M2_2_norm_weights.pt

CrossAttn — Test Set (Overall):
  AUC: 0.8472  AUPRC: 0.3767  Brier: 0.2526  Acc: 0.7293  F1: 0.3800

CrossAttn — Test Set (By Sex):
  [M] n=82  AUC: 0.7737  AUPRC: 0.3646  Brier: 0.3093  Acc: 0.6341  F1: 0.4444
              precision    recall  f1-score   support

      Normal       0.98      0.58      0.73        69
  Sarcopenia       0.29      0.92      0.44        13

    accuracy                           0.63        82
   macro avg       0.63      0.75      0.59        82
weighted avg       0.87      0.63      0.68        82

  [F] n=147  AUC: 0.8757  AUPRC: 0.4967  Brier: 0.2210  Acc: 0.7823  F1: 0.3043
              precision    recall  f1-score   support

      Normal       0.96      0.79      0.87       136
  Sarcopenia       0.20      0.64      0.30        11

    accuracy                           0.78       147
   macro avg       0.58      0.72      0.59       147
weighted avg       0.91      0.78      0.83       147


───────────────────────────────────────────────────────
Test Set — Bootstrap CI
───────────────────────────────────────────────────────

  Bootstrap 95% CI — CrossAttn  (n_boot=2000)
  Metric         Estimate   95% CI Lower   95% CI Upper
  ----------------------------------------------------
  AUC-ROC          0.8472         0.7711         0.9089
  AUPRC            0.3767         0.2341         0.5937
  Brier            0.2526         0.2288         0.2754
  Accuracy         0.7293         0.6767         0.7860
  F1               0.3800         0.2588         0.5000
  [M2_2/norm] Saving figures ...

Saved (model 2_2 (norm, unmatched)):
  연구코드/results/0605/stage0_1e-05_epoch500/model_2_2\raw128\norm/data_distribution.png
  연구코드/results/0605/stage0_1e-05_epoch500/model_2_2\raw128\norm/cv_roc_curves.png
  연구코드/results/0605/stage0_1e-05_epoch500/model_2_2\raw128\norm/cv_metric_distribution.png
  연구코드/results/0605/stage0_1e-05_epoch500/model_2_2\raw128\norm/training_curves.png
  연구코드/results/0605/stage0_1e-05_epoch500/model_2_2\raw128\norm/test_roc_curves.png
  연구코드/results/0605/stage0_1e-05_epoch500/model_2_2\raw128\norm/test_roc_by_sex.png
  연구코드/results/0605/stage0_1e-05_epoch500/model_2_2\raw128\norm/confusion_matrices.png
  연구코드/results/0605/stage0_1e-05_epoch500/model_2_2\raw128\norm/calibration.png
  연구코드/results/0605/stage0_1e-05_epoch500/model_2_2\raw128\norm/results.md
  [M2_2/norm] Plotting attention maps ...
  연구코드/results/0605/stage0_1e-05_epoch500/model_2_2\raw128\norm/attention_map_c2a.png
  연구코드/results/0605/stage0_1e-05_epoch500/model_2_2\raw128\norm/attention_heatmap_c2a.png
  연구코드/results/0605/stage0_1e-05_epoch500/model_2_2\raw128\norm/attention_map_a2c.png
  연구코드/results/0605/stage0_1e-05_epoch500/model_2_2\raw128\norm/attention_heatmap_a2c.png
  [M2_2/norm] Plotting Grad-CAM ...
  연구코드/results/0605/stage0_1e-05_epoch500/model_2_2\raw128\norm/cam_aec_mean.png
  연구코드/results/0605/stage0_1e-05_epoch500/model_2_2\raw128\norm/cam_aec_lines.png
  연구코드/results/0605/stage0_1e-05_epoch500/model_2_2\raw128\norm/cam_aec_heatmap.png
  [M2_2/norm] Done.

############################################################
  [M2_2 global_zscore]  (scale_clinic=True, scale_aec=global)
############################################################
  [M2_2/global_zscore] Cross-validating CrossAttn ...
=======================================================
5-Fold CV  [CrossAttn | scale_clin=True, scale_aec=global]
=======================================================

── Fold 1/5 ──────────────────────────────
  CA   — AUC: 0.7690  AUPRC: 0.2421  Brier: 0.2703  Acc: 0.5191  F1: 0.3125  (best ep=422, thresh=0.474)

── Fold 2/5 ──────────────────────────────
  CA   — AUC: 0.8232  AUPRC: 0.3989  Brier: 0.2395  Acc: 0.7268  F1: 0.3902  (best ep=17, thresh=0.499)

── Fold 3/5 ──────────────────────────────
  CA   — AUC: 0.7651  AUPRC: 0.2559  Brier: 0.2763  Acc: 0.6011  F1: 0.3178  (best ep=496, thresh=0.499)

── Fold 4/5 ──────────────────────────────
  CA   — AUC: 0.7291  AUPRC: 0.2981  Brier: 0.2525  Acc: 0.6175  F1: 0.3137  (best ep=460, thresh=0.511)

── Fold 5/5 ──────────────────────────────
  CA   — AUC: 0.8095  AUPRC: 0.5710  Brier: 0.3010  Acc: 0.8297  F1: 0.4918  (best ep=22, thresh=0.588)

===========================================================================
CrossAttn  —  5-Fold CV Summary
===========================================================================
  Fold      AUC-ROC      AUPRC      Brier   Accuracy         F1
  ----------------------------------------------------------
  1          0.7690     0.2421     0.2703     0.5191     0.3125
  2          0.8232     0.3989     0.2395     0.7268     0.3902
  3          0.7651     0.2559     0.2763     0.6011     0.3178
  4          0.7291     0.2981     0.2525     0.6175     0.3137
  5          0.8095     0.5710     0.3010     0.8297     0.4918
  ──────────────────────────────────────────────────────────
  Mean       0.7792     0.3532     0.2679     0.6588     0.3652
  ±Std       0.0336     0.1220     0.0211     0.1080     0.0698
  [M2_2/global_zscore] Evaluating on test set (med_epoch=422, thresh=0.499) ...

=======================================================
CrossAttn Test Evaluation  (scale_clin=True, scale_aec=global, threshold=0.499)
=======================================================
CrossAttn — training final model for 422 epochs on full CV set …
  [CrossAttn] Model weights saved → 연구코드/results/0605/stage0_1e-05_epoch500/model_2_2\raw128\global_zscore\M2_2_global_zscore_weights.pt

CrossAttn — Test Set (Overall):
  AUC: 0.7606  AUPRC: 0.2736  Brier: 0.2684  Acc: 0.5459  F1: 0.2877

CrossAttn — Test Set (By Sex):
  [M] n=82  AUC: 0.7246  AUPRC: 0.3088  Brier: 0.2796  Acc: 0.5854  F1: 0.3929
              precision    recall  f1-score   support

      Normal       0.95      0.54      0.69        69
  Sarcopenia       0.26      0.85      0.39        13

    accuracy                           0.59        82
   macro avg       0.60      0.69      0.54        82
weighted avg       0.84      0.59      0.64        82

  [F] n=147  AUC: 0.7647  AUPRC: 0.2780  Brier: 0.2622  Acc: 0.5238  F1: 0.2222
              precision    recall  f1-score   support

      Normal       0.99      0.49      0.66       136
  Sarcopenia       0.13      0.91      0.22        11

    accuracy                           0.52       147
   macro avg       0.56      0.70      0.44       147
weighted avg       0.92      0.52      0.62       147


───────────────────────────────────────────────────────
Test Set — Bootstrap CI
───────────────────────────────────────────────────────

  Bootstrap 95% CI — CrossAttn  (n_boot=2000)
  Metric         Estimate   95% CI Lower   95% CI Upper
  ----------------------------------------------------
  AUC-ROC          0.7606         0.6720         0.8402
  AUPRC            0.2736         0.1562         0.4631
  Brier            0.2684         0.2416         0.2939
  Accuracy         0.5459         0.4803         0.6114
  F1               0.2877         0.1890         0.3851
  [M2_2/global_zscore] Saving figures ...

Saved (model 2_2 (global_zscore, unmatched)):
  연구코드/results/0605/stage0_1e-05_epoch500/model_2_2\raw128\global_zscore/data_distribution.png
  연구코드/results/0605/stage0_1e-05_epoch500/model_2_2\raw128\global_zscore/cv_roc_curves.png
  연구코드/results/0605/stage0_1e-05_epoch500/model_2_2\raw128\global_zscore/cv_metric_distribution.png
  연구코드/results/0605/stage0_1e-05_epoch500/model_2_2\raw128\global_zscore/training_curves.png
  연구코드/results/0605/stage0_1e-05_epoch500/model_2_2\raw128\global_zscore/test_roc_curves.png
  연구코드/results/0605/stage0_1e-05_epoch500/model_2_2\raw128\global_zscore/test_roc_by_sex.png
  연구코드/results/0605/stage0_1e-05_epoch500/model_2_2\raw128\global_zscore/confusion_matrices.png
  연구코드/results/0605/stage0_1e-05_epoch500/model_2_2\raw128\global_zscore/calibration.png
  연구코드/results/0605/stage0_1e-05_epoch500/model_2_2\raw128\global_zscore/results.md
  [M2_2/global_zscore] Plotting attention maps ...
  연구코드/results/0605/stage0_1e-05_epoch500/model_2_2\raw128\global_zscore/attention_map_c2a.png
  연구코드/results/0605/stage0_1e-05_epoch500/model_2_2\raw128\global_zscore/attention_heatmap_c2a.png
  연구코드/results/0605/stage0_1e-05_epoch500/model_2_2\raw128\global_zscore/attention_map_a2c.png
  연구코드/results/0605/stage0_1e-05_epoch500/model_2_2\raw128\global_zscore/attention_heatmap_a2c.png
  [M2_2/global_zscore] Plotting Grad-CAM ...
  연구코드/results/0605/stage0_1e-05_epoch500/model_2_2\raw128\global_zscore/cam_aec_mean.png
  연구코드/results/0605/stage0_1e-05_epoch500/model_2_2\raw128\global_zscore/cam_aec_lines.png
  연구코드/results/0605/stage0_1e-05_epoch500/model_2_2\raw128\global_zscore/cam_aec_heatmap.png
  [M2_2/global_zscore] Done.
