============================================================
  MODEL 3 — Clinic + Scanner + AEC (aec256)  (5 AEC variants)
============================================================

############################################################
  [M3 norm]  (scale_clinic=True, scale_aec=True)
############################################################
  [M3/norm] Cross-validating CrossAttn3 ...
=================================================================
5-Fold CV  [CrossAttn3 | scale_clin=True, scale_aec=True]
=================================================================

── Fold 1/5 ──────────────────────────────
  CA3  — AUC: 0.8250  AUPRC: 0.4165  Brier: 0.1357  Acc: 0.6613  F1: 0.3636  (best ep=2, thresh=0.352)

── Fold 2/5 ──────────────────────────────
  CA3  — AUC: 0.7985  AUPRC: 0.3985  Brier: 0.2040  Acc: 0.7312  F1: 0.3902  (best ep=3, thresh=0.562)

── Fold 3/5 ──────────────────────────────
  CA3  — AUC: 0.8262  AUPRC: 0.4336  Brier: 0.1542  Acc: 0.8065  F1: 0.4545  (best ep=8, thresh=0.561)

── Fold 4/5 ──────────────────────────────
  CA3  — AUC: 0.8130  AUPRC: 0.3004  Brier: 0.1771  Acc: 0.7688  F1: 0.4267  (best ep=17, thresh=0.535)

── Fold 5/5 ──────────────────────────────
  CA3  — AUC: 0.7967  AUPRC: 0.3930  Brier: 0.1789  Acc: 0.7742  F1: 0.4167  (best ep=11, thresh=0.592)

===========================================================================
CrossAttn3  —  5-Fold CV Summary
===========================================================================
  Fold      AUC-ROC      AUPRC      Brier   Accuracy         F1
  ----------------------------------------------------------
  1          0.8250     0.4165     0.1357     0.6613     0.3636
  2          0.7985     0.3985     0.2040     0.7312     0.3902
  3          0.8262     0.4336     0.1542     0.8065     0.4545
  4          0.8130     0.3004     0.1771     0.7688     0.4267
  5          0.7967     0.3930     0.1789     0.7742     0.4167
  ──────────────────────────────────────────────────────────
  Mean       0.8119     0.3884     0.1700     0.7484     0.4104
  ±Std       0.0125     0.0463     0.0233     0.0497     0.0311
  [M3/norm] Evaluating on test set (med_epoch=8, thresh=0.561) ...

=================================================================
CrossAttn3 Test Evaluation  (scale_clin=True, scale_aec=True, threshold=0.561)
=================================================================
CrossAttn3 — training final model for 8 epochs on full CV set …

CrossAttn3 — Test Set (Overall):
  AUC: 0.8063  AUPRC: 0.3669  Brier: 0.2394  Acc: 0.6524  F1: 0.3306

CrossAttn3 — Test Set (By Sex):
  [M] n=85  AUC: 0.7767  AUPRC: 0.4447  Brier: 0.2584  Acc: 0.6588  F1: 0.4528
              precision    recall  f1-score   support

      Normal       0.96      0.62      0.75        71
  Sarcopenia       0.31      0.86      0.45        14

    accuracy                           0.66        85
   macro avg       0.63      0.74      0.60        85
weighted avg       0.85      0.66      0.70        85

  [F] n=148  AUC: 0.8155  AUPRC: 0.3286  Brier: 0.2285  Acc: 0.6486  F1: 0.2353
              precision    recall  f1-score   support

      Normal       0.97      0.64      0.77       137
  Sarcopenia       0.14      0.73      0.24        11

    accuracy                           0.65       148
   macro avg       0.55      0.68      0.50       148
weighted avg       0.91      0.65      0.73       148


───────────────────────────────────────────────────────
Test Set — Bootstrap CI
───────────────────────────────────────────────────────

  Bootstrap 95% CI — CrossAttn3  (n_boot=2000)
  Metric         Estimate   95% CI Lower   95% CI Upper
  ----------------------------------------------------
  AUC-ROC          0.8063         0.7199         0.8891
  AUPRC            0.3669         0.2143         0.5583
  Brier            0.2394         0.2082         0.2722
  Accuracy         0.6524         0.5922         0.7124
  F1               0.3306         0.2243         0.4390
  [M3/norm] Saving figures ...

Saved (model 3 (norm)):
  연구코드/results/0529/liver_pubis/model_3\aec256\norm/data_distribution.png
  연구코드/results/0529/liver_pubis/model_3\aec256\norm/cv_roc_curves.png
  연구코드/results/0529/liver_pubis/model_3\aec256\norm/cv_metric_distribution.png
  연구코드/results/0529/liver_pubis/model_3\aec256\norm/training_curves.png
  연구코드/results/0529/liver_pubis/model_3\aec256\norm/test_roc_curves.png
  연구코드/results/0529/liver_pubis/model_3\aec256\norm/test_roc_by_sex.png
  연구코드/results/0529/liver_pubis/model_3\aec256\norm/confusion_matrices.png
  연구코드/results/0529/liver_pubis/model_3\aec256\norm/calibration.png
  연구코드/results/0529/liver_pubis/model_3\aec256\norm/results.md
  [M3/norm] Plotting attention maps ...
  연구코드/results/0529/liver_pubis/model_3\aec256\norm/attention_map_c2a.png
  연구코드/results/0529/liver_pubis/model_3\aec256\norm/attention_heatmap_c2a.png
  연구코드/results/0529/liver_pubis/model_3\aec256\norm/attention_map_a2c.png
  연구코드/results/0529/liver_pubis/model_3\aec256\norm/attention_heatmap_a2c.png
  [M3/norm] Done.

############################################################
  [M3 excl_extreme]  (scale_clinic=True, scale_aec=True)
############################################################
  [M3/excl_extreme] Cross-validating CrossAttn3 ...
=================================================================
5-Fold CV  [CrossAttn3 | scale_clin=True, scale_aec=True]
=================================================================

── Fold 1/5 ──────────────────────────────
  CA3  — AUC: 0.7804  AUPRC: 0.4495  Brier: 0.1882  Acc: 0.7917  F1: 0.4262  (best ep=13, thresh=0.664)

── Fold 2/5 ──────────────────────────────
  CA3  — AUC: 0.7659  AUPRC: 0.2906  Brier: 0.1945  Acc: 0.7784  F1: 0.4127  (best ep=2, thresh=0.580)

── Fold 3/5 ──────────────────────────────
  CA3  — AUC: 0.8922  AUPRC: 0.4340  Brier: 0.1803  Acc: 0.7665  F1: 0.4507  (best ep=4, thresh=0.562)

── Fold 4/5 ──────────────────────────────
  CA3  — AUC: 0.8824  AUPRC: 0.3781  Brier: 0.1168  Acc: 0.7725  F1: 0.4722  (best ep=103, thresh=0.117)

── Fold 5/5 ──────────────────────────────
  CA3  — AUC: 0.8271  AUPRC: 0.4016  Brier: 0.1632  Acc: 0.8323  F1: 0.4815  (best ep=19, thresh=0.661)

===========================================================================
CrossAttn3  —  5-Fold CV Summary
===========================================================================
  Fold      AUC-ROC      AUPRC      Brier   Accuracy         F1
  ----------------------------------------------------------
  1          0.7804     0.4495     0.1882     0.7917     0.4262
  2          0.7659     0.2906     0.1945     0.7784     0.4127
  3          0.8922     0.4340     0.1803     0.7665     0.4507
  4          0.8824     0.3781     0.1168     0.7725     0.4722
  5          0.8271     0.4016     0.1632     0.8323     0.4815
  ──────────────────────────────────────────────────────────
  Mean       0.8296     0.3908     0.1686     0.7883     0.4487
  ±Std       0.0514     0.0559     0.0279     0.0236     0.0262
  [M3/excl_extreme] Evaluating on test set (med_epoch=13, thresh=0.580) ...

=================================================================
CrossAttn3 Test Evaluation  (scale_clin=True, scale_aec=True, threshold=0.580)
=================================================================
CrossAttn3 — training final model for 13 epochs on full CV set …

CrossAttn3 — Test Set (Overall):
  AUC: 0.8274  AUPRC: 0.4327  Brier: 0.2231  Acc: 0.6938  F1: 0.3469

CrossAttn3 — Test Set (By Sex):
  [M] n=72  AUC: 0.8465  AUPRC: 0.5512  Brier: 0.2343  Acc: 0.6806  F1: 0.4390
              precision    recall  f1-score   support

      Normal       0.95      0.66      0.78        61
  Sarcopenia       0.30      0.82      0.44        11

    accuracy                           0.68        72
   macro avg       0.63      0.74      0.61        72
weighted avg       0.85      0.68      0.73        72

  [F] n=137  AUC: 0.7951  AUPRC: 0.3647  Brier: 0.2173  Acc: 0.7007  F1: 0.2807
              precision    recall  f1-score   support

      Normal       0.97      0.70      0.81       126
  Sarcopenia       0.17      0.73      0.28        11

    accuracy                           0.70       137
   macro avg       0.57      0.71      0.55       137
weighted avg       0.90      0.70      0.77       137


───────────────────────────────────────────────────────
Test Set — Bootstrap CI
───────────────────────────────────────────────────────

  Bootstrap 95% CI — CrossAttn3  (n_boot=2000)
  Metric         Estimate   95% CI Lower   95% CI Upper
  ----------------------------------------------------
  AUC-ROC          0.8274         0.7259         0.9109
  AUPRC            0.4327         0.2489         0.6335
  Brier            0.2231         0.1876         0.2611
  Accuracy         0.6938         0.6316         0.7512
  F1               0.3469         0.2198         0.4572
  [M3/excl_extreme] Saving figures ...

Saved (model 3 (excl_extreme)):
  연구코드/results/0529/liver_pubis/model_3\aec256\excl_extreme/data_distribution.png
  연구코드/results/0529/liver_pubis/model_3\aec256\excl_extreme/cv_roc_curves.png
  연구코드/results/0529/liver_pubis/model_3\aec256\excl_extreme/cv_metric_distribution.png
  연구코드/results/0529/liver_pubis/model_3\aec256\excl_extreme/training_curves.png
  연구코드/results/0529/liver_pubis/model_3\aec256\excl_extreme/test_roc_curves.png
  연구코드/results/0529/liver_pubis/model_3\aec256\excl_extreme/test_roc_by_sex.png
  연구코드/results/0529/liver_pubis/model_3\aec256\excl_extreme/confusion_matrices.png
  연구코드/results/0529/liver_pubis/model_3\aec256\excl_extreme/calibration.png
  연구코드/results/0529/liver_pubis/model_3\aec256\excl_extreme/results.md
  [M3/excl_extreme] Plotting attention maps ...
  연구코드/results/0529/liver_pubis/model_3\aec256\excl_extreme/attention_map_c2a.png
  연구코드/results/0529/liver_pubis/model_3\aec256\excl_extreme/attention_heatmap_c2a.png
  연구코드/results/0529/liver_pubis/model_3\aec256\excl_extreme/attention_map_a2c.png
  연구코드/results/0529/liver_pubis/model_3\aec256\excl_extreme/attention_heatmap_a2c.png
  [M3/excl_extreme] Done.

############################################################
  [M3 len128]  (scale_clinic=True, scale_aec=True)
############################################################
  [M3/len128] Cross-validating CrossAttn3 ...
=================================================================
5-Fold CV  [CrossAttn3 | scale_clin=True, scale_aec=True]
=================================================================

── Fold 1/5 ──────────────────────────────
  CA3  — AUC: 0.8422  AUPRC: 0.3894  Brier: 0.1180  Acc: 0.8387  F1: 0.5000  (best ep=6, thresh=0.502)

── Fold 2/5 ──────────────────────────────
  CA3  — AUC: 0.7861  AUPRC: 0.3845  Brier: 0.1730  Acc: 0.7258  F1: 0.3704  (best ep=5, thresh=0.472)

── Fold 3/5 ──────────────────────────────
  CA3  — AUC: 0.8105  AUPRC: 0.4474  Brier: 0.2104  Acc: 0.6398  F1: 0.3495  (best ep=7, thresh=0.441)

── Fold 4/5 ──────────────────────────────
  CA3  — AUC: 0.8648  AUPRC: 0.3963  Brier: 0.1872  Acc: 0.7903  F1: 0.4658  (best ep=6, thresh=0.607)

── Fold 5/5 ──────────────────────────────
  CA3  — AUC: 0.7797  AUPRC: 0.3068  Brier: 0.1334  Acc: 0.8011  F1: 0.4478  (best ep=6, thresh=0.506)

===========================================================================
CrossAttn3  —  5-Fold CV Summary
===========================================================================
  Fold      AUC-ROC      AUPRC      Brier   Accuracy         F1
  ----------------------------------------------------------
  1          0.8422     0.3894     0.1180     0.8387     0.5000
  2          0.7861     0.3845     0.1730     0.7258     0.3704
  3          0.8105     0.4474     0.2104     0.6398     0.3495
  4          0.8648     0.3963     0.1872     0.7903     0.4658
  5          0.7797     0.3068     0.1334     0.8011     0.4478
  ──────────────────────────────────────────────────────────
  Mean       0.8167     0.3849     0.1644     0.7591     0.4267
  ±Std       0.0326     0.0451     0.0341     0.0699     0.0574
  [M3/len128] Evaluating on test set (med_epoch=6, thresh=0.502) ...

=================================================================
CrossAttn3 Test Evaluation  (scale_clin=True, scale_aec=True, threshold=0.502)
=================================================================
CrossAttn3 — training final model for 6 epochs on full CV set …

CrossAttn3 — Test Set (Overall):
  AUC: 0.8096  AUPRC: 0.4306  Brier: 0.1963  Acc: 0.6867  F1: 0.3540

CrossAttn3 — Test Set (By Sex):
  [M] n=85  AUC: 0.7938  AUPRC: 0.5136  Brier: 0.2172  Acc: 0.6706  F1: 0.4615
              precision    recall  f1-score   support

      Normal       0.96      0.63      0.76        71
  Sarcopenia       0.32      0.86      0.46        14

    accuracy                           0.67        85
   macro avg       0.64      0.75      0.61        85
weighted avg       0.85      0.67      0.71        85

  [F] n=148  AUC: 0.8029  AUPRC: 0.3768  Brier: 0.1842  Acc: 0.6959  F1: 0.2623
              precision    recall  f1-score   support

      Normal       0.97      0.69      0.81       137
  Sarcopenia       0.16      0.73      0.26        11

    accuracy                           0.70       148
   macro avg       0.56      0.71      0.54       148
weighted avg       0.91      0.70      0.77       148


───────────────────────────────────────────────────────
Test Set — Bootstrap CI
───────────────────────────────────────────────────────

  Bootstrap 95% CI — CrossAttn3  (n_boot=2000)
  Metric         Estimate   95% CI Lower   95% CI Upper
  ----------------------------------------------------
  AUC-ROC          0.8096         0.7167         0.8937
  AUPRC            0.4306         0.2635         0.6177
  Brier            0.1963         0.1674         0.2252
  Accuracy         0.6867         0.6266         0.7425
  F1               0.3540         0.2391         0.4697
  [M3/len128] Saving figures ...

Saved (model 3 (len128)):
  연구코드/results/0529/liver_pubis/model_3\aec256\len128/data_distribution.png
  연구코드/results/0529/liver_pubis/model_3\aec256\len128/cv_roc_curves.png
  연구코드/results/0529/liver_pubis/model_3\aec256\len128/cv_metric_distribution.png
  연구코드/results/0529/liver_pubis/model_3\aec256\len128/training_curves.png
  연구코드/results/0529/liver_pubis/model_3\aec256\len128/test_roc_curves.png
  연구코드/results/0529/liver_pubis/model_3\aec256\len128/test_roc_by_sex.png
  연구코드/results/0529/liver_pubis/model_3\aec256\len128/confusion_matrices.png
  연구코드/results/0529/liver_pubis/model_3\aec256\len128/calibration.png
  연구코드/results/0529/liver_pubis/model_3\aec256\len128/results.md
  [M3/len128] Plotting attention maps ...
  연구코드/results/0529/liver_pubis/model_3\aec256\len128/attention_map_c2a.png
  연구코드/results/0529/liver_pubis/model_3\aec256\len128/attention_heatmap_c2a.png
  연구코드/results/0529/liver_pubis/model_3\aec256\len128/attention_map_a2c.png
  연구코드/results/0529/liver_pubis/model_3\aec256\len128/attention_heatmap_a2c.png
  [M3/len128] Done.

############################################################
  [M3 crop80]  (scale_clinic=True, scale_aec=True)
############################################################
  [M3/crop80] Cross-validating CrossAttn3 ...
=================================================================
5-Fold CV  [CrossAttn3 | scale_clin=True, scale_aec=True]
=================================================================

── Fold 1/5 ──────────────────────────────
  CA3  — AUC: 0.8437  AUPRC: 0.3954  Brier: 0.1442  Acc: 0.7581  F1: 0.4444  (best ep=2, thresh=0.422)

── Fold 2/5 ──────────────────────────────
  CA3  — AUC: 0.7765  AUPRC: 0.3951  Brier: 0.2033  Acc: 0.6989  F1: 0.3636  (best ep=8, thresh=0.464)

── Fold 3/5 ──────────────────────────────
  CA3  — AUC: 0.8407  AUPRC: 0.4873  Brier: 0.1378  Acc: 0.7151  F1: 0.4045  (best ep=53, thresh=0.217)

── Fold 4/5 ──────────────────────────────
  CA3  — AUC: 0.8623  AUPRC: 0.3643  Brier: 0.1685  Acc: 0.7204  F1: 0.4222  (best ep=12, thresh=0.490)

── Fold 5/5 ──────────────────────────────
  CA3  — AUC: 0.7803  AUPRC: 0.3371  Brier: 0.2157  Acc: 0.7634  F1: 0.4211  (best ep=15, thresh=0.616)

===========================================================================
CrossAttn3  —  5-Fold CV Summary
===========================================================================
  Fold      AUC-ROC      AUPRC      Brier   Accuracy         F1
  ----------------------------------------------------------
  1          0.8437     0.3954     0.1442     0.7581     0.4444
  2          0.7765     0.3951     0.2033     0.6989     0.3636
  3          0.8407     0.4873     0.1378     0.7151     0.4045
  4          0.8623     0.3643     0.1685     0.7204     0.4222
  5          0.7803     0.3371     0.2157     0.7634     0.4211
  ──────────────────────────────────────────────────────────
  Mean       0.8207     0.3958     0.1739     0.7312     0.4112
  ±Std       0.0353     0.0506     0.0311     0.0252     0.0269
  [M3/crop80] Evaluating on test set (med_epoch=12, thresh=0.464) ...

=================================================================
CrossAttn3 Test Evaluation  (scale_clin=True, scale_aec=True, threshold=0.464)
=================================================================
CrossAttn3 — training final model for 12 epochs on full CV set …

CrossAttn3 — Test Set (Overall):
  AUC: 0.8129  AUPRC: 0.3738  Brier: 0.2328  Acc: 0.6180  F1: 0.3101

CrossAttn3 — Test Set (By Sex):
  [M] n=85  AUC: 0.7988  AUPRC: 0.4722  Brier: 0.2731  Acc: 0.5882  F1: 0.4068
              precision    recall  f1-score   support

      Normal       0.95      0.54      0.68        71
  Sarcopenia       0.27      0.86      0.41        14

    accuracy                           0.59        85
   macro avg       0.61      0.70      0.55        85
weighted avg       0.84      0.59      0.64        85

  [F] n=148  AUC: 0.7883  AUPRC: 0.2526  Brier: 0.2097  Acc: 0.6351  F1: 0.2286
              precision    recall  f1-score   support

      Normal       0.97      0.63      0.76       137
  Sarcopenia       0.14      0.73      0.23        11

    accuracy                           0.64       148
   macro avg       0.55      0.68      0.49       148
weighted avg       0.90      0.64      0.72       148


───────────────────────────────────────────────────────
Test Set — Bootstrap CI
───────────────────────────────────────────────────────

  Bootstrap 95% CI — CrossAttn3  (n_boot=2000)
  Metric         Estimate   95% CI Lower   95% CI Upper
  ----------------------------------------------------
  AUC-ROC          0.8129         0.7294         0.8880
  AUPRC            0.3738         0.2188         0.5604
  Brier            0.2328         0.1989         0.2679
  Accuracy         0.6180         0.5579         0.6781
  F1               0.3101         0.2087         0.4154
  [M3/crop80] Saving figures ...

Saved (model 3 (crop80)):
  연구코드/results/0529/liver_pubis/model_3\aec256\crop80/data_distribution.png
  연구코드/results/0529/liver_pubis/model_3\aec256\crop80/cv_roc_curves.png
  연구코드/results/0529/liver_pubis/model_3\aec256\crop80/cv_metric_distribution.png
  연구코드/results/0529/liver_pubis/model_3\aec256\crop80/training_curves.png
  연구코드/results/0529/liver_pubis/model_3\aec256\crop80/test_roc_curves.png
  연구코드/results/0529/liver_pubis/model_3\aec256\crop80/test_roc_by_sex.png
  연구코드/results/0529/liver_pubis/model_3\aec256\crop80/confusion_matrices.png
  연구코드/results/0529/liver_pubis/model_3\aec256\crop80/calibration.png
  연구코드/results/0529/liver_pubis/model_3\aec256\crop80/results.md
  [M3/crop80] Plotting attention maps ...
  연구코드/results/0529/liver_pubis/model_3\aec256\crop80/attention_map_c2a.png
  연구코드/results/0529/liver_pubis/model_3\aec256\crop80/attention_heatmap_c2a.png
  연구코드/results/0529/liver_pubis/model_3\aec256\crop80/attention_map_a2c.png
  연구코드/results/0529/liver_pubis/model_3\aec256\crop80/attention_heatmap_a2c.png
  [M3/crop80] Done.

############################################################
  [M3 crop60]  (scale_clinic=True, scale_aec=True)
############################################################
  [M3/crop60] Cross-validating CrossAttn3 ...
=================================================================
5-Fold CV  [CrossAttn3 | scale_clin=True, scale_aec=True]
=================================================================

── Fold 1/5 ──────────────────────────────
  CA3  — AUC: 0.8334  AUPRC: 0.3493  Brier: 0.2257  Acc: 0.6882  F1: 0.3958  (best ep=5, thresh=0.533)

── Fold 2/5 ──────────────────────────────
  CA3  — AUC: 0.7834  AUPRC: 0.3937  Brier: 0.1674  Acc: 0.6129  F1: 0.3333  (best ep=3, thresh=0.224)

── Fold 3/5 ──────────────────────────────
  CA3  — AUC: 0.8036  AUPRC: 0.2915  Brier: 0.1819  Acc: 0.6290  F1: 0.3429  (best ep=93, thresh=0.248)

── Fold 4/5 ──────────────────────────────
  CA3  — AUC: 0.8795  AUPRC: 0.3639  Brier: 0.2437  Acc: 0.8118  F1: 0.5205  (best ep=10, thresh=0.708)

── Fold 5/5 ──────────────────────────────
  CA3  — AUC: 0.7684  AUPRC: 0.3157  Brier: 0.1705  Acc: 0.7473  F1: 0.4051  (best ep=9, thresh=0.497)

===========================================================================
CrossAttn3  —  5-Fold CV Summary
===========================================================================
  Fold      AUC-ROC      AUPRC      Brier   Accuracy         F1
  ----------------------------------------------------------
  1          0.8334     0.3493     0.2257     0.6882     0.3958
  2          0.7834     0.3937     0.1674     0.6129     0.3333
  3          0.8036     0.2915     0.1819     0.6290     0.3429
  4          0.8795     0.3639     0.2437     0.8118     0.5205
  5          0.7684     0.3157     0.1705     0.7473     0.4051
  ──────────────────────────────────────────────────────────
  Mean       0.8137     0.3428     0.1978     0.6978     0.3995
  ±Std       0.0395     0.0359     0.0310     0.0741     0.0668
  [M3/crop60] Evaluating on test set (med_epoch=9, thresh=0.497) ...

=================================================================
CrossAttn3 Test Evaluation  (scale_clin=True, scale_aec=True, threshold=0.497)
=================================================================
CrossAttn3 — training final model for 9 epochs on full CV set …

CrossAttn3 — Test Set (Overall):
  AUC: 0.8269  AUPRC: 0.4038  Brier: 0.2179  Acc: 0.6695  F1: 0.3529

CrossAttn3 — Test Set (By Sex):
  [M] n=85  AUC: 0.8219  AUPRC: 0.5167  Brier: 0.2419  Acc: 0.6706  F1: 0.4815
              precision    recall  f1-score   support

      Normal       0.98      0.62      0.76        71
  Sarcopenia       0.33      0.93      0.48        14

    accuracy                           0.67        85
   macro avg       0.65      0.77      0.62        85
weighted avg       0.87      0.67      0.71        85

  [F] n=148  AUC: 0.8089  AUPRC: 0.2965  Brier: 0.2041  Acc: 0.6689  F1: 0.2462
              precision    recall  f1-score   support

      Normal       0.97      0.66      0.79       137
  Sarcopenia       0.15      0.73      0.25        11

    accuracy                           0.67       148
   macro avg       0.56      0.70      0.52       148
weighted avg       0.91      0.67      0.75       148


───────────────────────────────────────────────────────
Test Set — Bootstrap CI
───────────────────────────────────────────────────────

  Bootstrap 95% CI — CrossAttn3  (n_boot=2000)
  Metric         Estimate   95% CI Lower   95% CI Upper
  ----------------------------------------------------
  AUC-ROC          0.8269         0.7460         0.9002
  AUPRC            0.4038         0.2435         0.5957
  Brier            0.2179         0.1857         0.2526
  Accuracy         0.6695         0.6094         0.7296
  F1               0.3529         0.2474         0.4667
  [M3/crop60] Saving figures ...

Saved (model 3 (crop60)):
  연구코드/results/0529/liver_pubis/model_3\aec256\crop60/data_distribution.png
  연구코드/results/0529/liver_pubis/model_3\aec256\crop60/cv_roc_curves.png
  연구코드/results/0529/liver_pubis/model_3\aec256\crop60/cv_metric_distribution.png
  연구코드/results/0529/liver_pubis/model_3\aec256\crop60/training_curves.png
  연구코드/results/0529/liver_pubis/model_3\aec256\crop60/test_roc_curves.png
  연구코드/results/0529/liver_pubis/model_3\aec256\crop60/test_roc_by_sex.png
  연구코드/results/0529/liver_pubis/model_3\aec256\crop60/confusion_matrices.png
  연구코드/results/0529/liver_pubis/model_3\aec256\crop60/calibration.png
  연구코드/results/0529/liver_pubis/model_3\aec256\crop60/results.md
  [M3/crop60] Plotting attention maps ...
  연구코드/results/0529/liver_pubis/model_3\aec256\crop60/attention_map_c2a.png
  연구코드/results/0529/liver_pubis/model_3\aec256\crop60/attention_heatmap_c2a.png
  연구코드/results/0529/liver_pubis/model_3\aec256\crop60/attention_map_a2c.png
  연구코드/results/0529/liver_pubis/model_3\aec256\crop60/attention_heatmap_a2c.png
  [M3/crop60] Done.
