============================================================
  MODEL 1 — Clinic Only
============================================================
  [M1] Cross-validating LR ...
=======================================================
5-Fold Cross-Validation  [scale_X=True]
=======================================================

── Fold 1/5 ──────────────────────────────
  LR — AUC: 0.8411  AUPRC: 0.3414  Brier: 0.1872  Acc: 0.8306  F1: 0.4918  (thresh=0.604)

── Fold 2/5 ──────────────────────────────
  LR — AUC: 0.8630  AUPRC: 0.5405  Brier: 0.1523  Acc: 0.7814  F1: 0.4444  (thresh=0.492)

── Fold 3/5 ──────────────────────────────
  LR — AUC: 0.7304  AUPRC: 0.2947  Brier: 0.2110  Acc: 0.6557  F1: 0.3077  (thresh=0.470)

── Fold 4/5 ──────────────────────────────
  LR — AUC: 0.7635  AUPRC: 0.3274  Brier: 0.1748  Acc: 0.6995  F1: 0.3529  (thresh=0.428)

── Fold 5/5 ──────────────────────────────
  LR — AUC: 0.8327  AUPRC: 0.5422  Brier: 0.1785  Acc: 0.8132  F1: 0.4848  (thresh=0.570)

===========================================================================
LR  —  5-Fold CV Summary
===========================================================================
  Fold      AUC-ROC      AUPRC      Brier   Accuracy         F1
  ----------------------------------------------------------
  1          0.8411     0.3414     0.1872     0.8306     0.4918
  2          0.8630     0.5405     0.1523     0.7814     0.4444
  3          0.7304     0.2947     0.2110     0.6557     0.3077
  4          0.7635     0.3274     0.1748     0.6995     0.3529
  5          0.8327     0.5422     0.1785     0.8132     0.4848
  ──────────────────────────────────────────────────────────
  Mean       0.8061     0.4092     0.1808     0.7561     0.4163
  ±Std       0.0504     0.1089     0.0190     0.0674     0.0735
  [M1] Evaluating on test set (thresh=0.492) ...

=======================================================
Final Test Evaluation  (scale_X=True, threshold=0.492)
=======================================================

Logistic Regression — Test Set (Overall):
  AUC: 0.8030  AUPRC: 0.3123  Brier: 0.1913  Acc: 0.7205  F1: 0.3725

Logistic Regression — Test Set (By Sex):
  [M] n=82  AUC: 0.7035  AUPRC: 0.3155  Brier: 0.2635  Acc: 0.6220  F1: 0.4364
              precision    recall  f1-score   support

      Normal       0.97      0.57      0.72        69
  Sarcopenia       0.29      0.92      0.44        13

    accuracy                           0.62        82
   macro avg       0.63      0.74      0.58        82
weighted avg       0.87      0.62      0.67        82

  [F] n=147  AUC: 0.8483  AUPRC: 0.4748  Brier: 0.1511  Acc: 0.7755  F1: 0.2979
              precision    recall  f1-score   support

      Normal       0.96      0.79      0.87       136
  Sarcopenia       0.19      0.64      0.30        11

    accuracy                           0.78       147
   macro avg       0.58      0.71      0.58       147
weighted avg       0.91      0.78      0.82       147


───────────────────────────────────────────────────────
Test Set — Bootstrap CI
───────────────────────────────────────────────────────

  Bootstrap 95% CI — LR  (n_boot=2000)
  Metric         Estimate   95% CI Lower   95% CI Upper
  ----------------------------------------------------
  AUC-ROC          0.8030         0.7200         0.8724
  AUPRC            0.3123         0.1806         0.4955
  Brier            0.1913         0.1647         0.2175
  Accuracy         0.7205         0.6638         0.7817
  F1               0.3725         0.2500         0.4884
  [M1] Saving figures ...

Saved:
  연구코드/results/0605_2/stage0_1e-05_epoch500/model_1/data_distribution.png
  연구코드/results/0605_2/stage0_1e-05_epoch500/model_1/cv_roc_curves.png
  연구코드/results/0605_2/stage0_1e-05_epoch500/model_1/cv_metric_distribution.png
  연구코드/results/0605_2/stage0_1e-05_epoch500/model_1/confusion_matrices.png
  연구코드/results/0605_2/stage0_1e-05_epoch500/model_1/test_roc_curves.png
  연구코드/results/0605_2/stage0_1e-05_epoch500/model_1/test_roc_by_sex.png
  연구코드/results/0605_2/stage0_1e-05_epoch500/model_1/calibration.png
  연구코드/results/0605_2/stage0_1e-05_epoch500/model_1/results.md
  [M1] Done.
