============================================================
  MODEL 2_2 — Clinic + AEC Unmatched (aec128)  (5 AEC variants × 1 case)
============================================================

############################################################
  [M2_2 len128] CASE : scale_both  (scale_clinic=True, scale_aec=True)
############################################################
=======================================================
5-Fold CV  [CrossAttn | scale_clin=True, scale_aec=True]
=======================================================

── Fold 1/5 ──────────────────────────────
  CA   — AUC: 0.7992  AUPRC: 0.3155  Brier: 0.1468  Acc: 0.7681  F1: 0.4074  (best ep=61)

── Fold 2/5 ──────────────────────────────
  CA   — AUC: 0.8128  AUPRC: 0.4286  Brier: 0.1723  Acc: 0.7319  F1: 0.4308  (best ep=52)

── Fold 3/5 ──────────────────────────────
  CA   — AUC: 0.8285  AUPRC: 0.4009  Brier: 0.1561  Acc: 0.7737  F1: 0.4561  (best ep=79)

── Fold 4/5 ──────────────────────────────
  CA   — AUC: 0.8223  AUPRC: 0.4772  Brier: 0.1745  Acc: 0.7591  F1: 0.4407  (best ep=119)

── Fold 5/5 ──────────────────────────────
  CA   — AUC: 0.8363  AUPRC: 0.3278  Brier: 0.1795  Acc: 0.7591  F1: 0.4590  (best ep=12)

===========================================================================
CrossAttn  —  5-Fold CV Summary
===========================================================================
  Fold      AUC-ROC      AUPRC      Brier   Accuracy         F1
  ----------------------------------------------------------
  1          0.7992     0.3155     0.1468     0.7681     0.4074
  2          0.8128     0.4286     0.1723     0.7319     0.4308
  3          0.8285     0.4009     0.1561     0.7737     0.4561
  4          0.8223     0.4772     0.1745     0.7591     0.4407
  5          0.8363     0.3278     0.1795     0.7591     0.4590
  ──────────────────────────────────────────────────────────
  Mean       0.8198     0.3900     0.1658     0.7584     0.4388
  ±Std       0.0128     0.0611     0.0123     0.0144     0.0188

=======================================================
CrossAttn Test Evaluation  (scale_clin=True, scale_aec=True)
=======================================================
CrossAttn — training final model for 61 epochs on full CV set …

CrossAttn — Test Set (Overall):
  AUC: 0.7969  AUPRC: 0.3137  Brier: 0.1615  Acc: 0.7733  F1: 0.4507

CrossAttn — Test Set (By Sex):
  [M] n=71  AUC: 0.8076  AUPRC: 0.4047  Brier: 0.1823  Acc: 0.7183  F1: 0.5000
              precision    recall  f1-score   support

      Normal       0.98      0.68      0.80        60
  Sarcopenia       0.34      0.91      0.50        11

    accuracy                           0.72        71
   macro avg       0.66      0.80      0.65        71
weighted avg       0.88      0.72      0.76        71

  [F] n=101  AUC: 0.7791  AUPRC: 0.2493  Brier: 0.1468  Acc: 0.8119  F1: 0.3871
              precision    recall  f1-score   support

      Normal       0.95      0.84      0.89        91
  Sarcopenia       0.29      0.60      0.39        10

    accuracy                           0.81       101
   macro avg       0.62      0.72      0.64       101
weighted avg       0.88      0.81      0.84       101


───────────────────────────────────────────────────────
Test Set — Bootstrap CI
───────────────────────────────────────────────────────

  Bootstrap 95% CI — CrossAttn  (n_boot=2000)
  Metric         Estimate   95% CI Lower   95% CI Upper
  ----------------------------------------------------
  AUC-ROC          0.7969         0.6897         0.8874
  AUPRC            0.3137         0.1926         0.5216
  Brier            0.1615         0.1243         0.2016
  Accuracy         0.7733         0.7035         0.8372
  F1               0.4507         0.2899         0.5883

Saved (model 2_2 (len128, unmatched)):
  연구코드/results/0522_ok/model_2_2\aec128\len128\scale_both/data_distribution.png
  연구코드/results/0522_ok/model_2_2\aec128\len128\scale_both/cv_roc_curves.png
  연구코드/results/0522_ok/model_2_2\aec128\len128\scale_both/cv_metric_distribution.png
  연구코드/results/0522_ok/model_2_2\aec128\len128\scale_both/training_curves.png
  연구코드/results/0522_ok/model_2_2\aec128\len128\scale_both/test_roc_curves.png
  연구코드/results/0522_ok/model_2_2\aec128\len128\scale_both/test_roc_by_sex.png
  연구코드/results/0522_ok/model_2_2\aec128\len128\scale_both/confusion_matrices.png
  연구코드/results/0522_ok/model_2_2\aec128\len128\scale_both/calibration.png
  연구코드/results/0522_ok/model_2_2\aec128\len128\scale_both/results.md

############################################################
  [M2_2 crop80] CASE : scale_both  (scale_clinic=True, scale_aec=True)
############################################################
=======================================================
5-Fold CV  [CrossAttn | scale_clin=True, scale_aec=True]
=======================================================

── Fold 1/5 ──────────────────────────────
  CA   — AUC: 0.8240  AUPRC: 0.4339  Brier: 0.1091  Acc: 0.8333  F1: 0.3429  (best ep=150)

── Fold 2/5 ──────────────────────────────
  CA   — AUC: 0.7978  AUPRC: 0.3654  Brier: 0.2137  Acc: 0.6957  F1: 0.4000  (best ep=32)

── Fold 3/5 ──────────────────────────────
  CA   — AUC: 0.8512  AUPRC: 0.4176  Brier: 0.1678  Acc: 0.7226  F1: 0.4242  (best ep=26)

── Fold 4/5 ──────────────────────────────
  CA   — AUC: 0.8414  AUPRC: 0.4840  Brier: 0.2002  Acc: 0.7080  F1: 0.3939  (best ep=98)

── Fold 5/5 ──────────────────────────────
  CA   — AUC: 0.8569  AUPRC: 0.3663  Brier: 0.1935  Acc: 0.7080  F1: 0.4286  (best ep=5)

===========================================================================
CrossAttn  —  5-Fold CV Summary
===========================================================================
  Fold      AUC-ROC      AUPRC      Brier   Accuracy         F1
  ----------------------------------------------------------
  1          0.8240     0.4339     0.1091     0.8333     0.3429
  2          0.7978     0.3654     0.2137     0.6957     0.4000
  3          0.8512     0.4176     0.1678     0.7226     0.4242
  4          0.8414     0.4840     0.2002     0.7080     0.3939
  5          0.8569     0.3663     0.1935     0.7080     0.4286
  ──────────────────────────────────────────────────────────
  Mean       0.8343     0.4134     0.1768     0.7335     0.3979
  ±Std       0.0214     0.0446     0.0370     0.0506     0.0306

=======================================================
CrossAttn Test Evaluation  (scale_clin=True, scale_aec=True)
=======================================================
CrossAttn — training final model for 32 epochs on full CV set …

CrossAttn — Test Set (Overall):
  AUC: 0.8146  AUPRC: 0.3235  Brier: 0.1877  Acc: 0.7384  F1: 0.4578

CrossAttn — Test Set (By Sex):
  [M] n=71  AUC: 0.8015  AUPRC: 0.3879  Brier: 0.2059  Acc: 0.7042  F1: 0.4878
              precision    recall  f1-score   support

      Normal       0.98      0.67      0.79        60
  Sarcopenia       0.33      0.91      0.49        11

    accuracy                           0.70        71
   macro avg       0.65      0.79      0.64        71
weighted avg       0.88      0.70      0.74        71

  [F] n=101  AUC: 0.8187  AUPRC: 0.2800  Brier: 0.1749  Acc: 0.7624  F1: 0.4286
              precision    recall  f1-score   support

      Normal       0.99      0.75      0.85        91
  Sarcopenia       0.28      0.90      0.43        10

    accuracy                           0.76       101
   macro avg       0.63      0.82      0.64       101
weighted avg       0.92      0.76      0.81       101


───────────────────────────────────────────────────────
Test Set — Bootstrap CI
───────────────────────────────────────────────────────

  Bootstrap 95% CI — CrossAttn  (n_boot=2000)
  Metric         Estimate   95% CI Lower   95% CI Upper
  ----------------------------------------------------
  AUC-ROC          0.8146         0.7060         0.8999
  AUPRC            0.3235         0.1992         0.5311
  Brier            0.1877         0.1501         0.2294
  Accuracy         0.7384         0.6686         0.8023
  F1               0.4578         0.3132         0.5854

Saved (model 2_2 (crop80, unmatched)):
  연구코드/results/0522_ok/model_2_2\aec128\crop80\scale_both/data_distribution.png
  연구코드/results/0522_ok/model_2_2\aec128\crop80\scale_both/cv_roc_curves.png
  연구코드/results/0522_ok/model_2_2\aec128\crop80\scale_both/cv_metric_distribution.png
  연구코드/results/0522_ok/model_2_2\aec128\crop80\scale_both/training_curves.png
  연구코드/results/0522_ok/model_2_2\aec128\crop80\scale_both/test_roc_curves.png
  연구코드/results/0522_ok/model_2_2\aec128\crop80\scale_both/test_roc_by_sex.png
  연구코드/results/0522_ok/model_2_2\aec128\crop80\scale_both/confusion_matrices.png
  연구코드/results/0522_ok/model_2_2\aec128\crop80\scale_both/calibration.png
  연구코드/results/0522_ok/model_2_2\aec128\crop80\scale_both/results.md

############################################################
  [M2_2 crop60] CASE : scale_both  (scale_clinic=True, scale_aec=True)
############################################################
=======================================================
5-Fold CV  [CrossAttn | scale_clin=True, scale_aec=True]
=======================================================

── Fold 1/5 ──────────────────────────────
  CA   — AUC: 0.8352  AUPRC: 0.3549  Brier: 0.1508  Acc: 0.7826  F1: 0.4444  (best ep=70)

── Fold 2/5 ──────────────────────────────
  CA   — AUC: 0.7856  AUPRC: 0.3460  Brier: 0.2003  Acc: 0.6812  F1: 0.3529  (best ep=92)

── Fold 3/5 ──────────────────────────────
  CA   — AUC: 0.8435  AUPRC: 0.4375  Brier: 0.1849  Acc: 0.6277  F1: 0.3544  (best ep=8)

── Fold 4/5 ──────────────────────────────
  CA   — AUC: 0.8140  AUPRC: 0.4211  Brier: 0.2282  Acc: 0.5255  F1: 0.3011  (best ep=44)

── Fold 5/5 ──────────────────────────────
  CA   — AUC: 0.8724  AUPRC: 0.4181  Brier: 0.1735  Acc: 0.6861  F1: 0.3944  (best ep=30)

===========================================================================
CrossAttn  —  5-Fold CV Summary
===========================================================================
  Fold      AUC-ROC      AUPRC      Brier   Accuracy         F1
  ----------------------------------------------------------
  1          0.8352     0.3549     0.1508     0.7826     0.4444
  2          0.7856     0.3460     0.2003     0.6812     0.3529
  3          0.8435     0.4375     0.1849     0.6277     0.3544
  4          0.8140     0.4211     0.2282     0.5255     0.3011
  5          0.8724     0.4181     0.1735     0.6861     0.3944
  ──────────────────────────────────────────────────────────
  Mean       0.8302     0.3955     0.1875     0.6606     0.3695
  ±Std       0.0291     0.0375     0.0260     0.0840     0.0478

=======================================================
CrossAttn Test Evaluation  (scale_clin=True, scale_aec=True)
=======================================================
CrossAttn — training final model for 44 epochs on full CV set …

CrossAttn — Test Set (Overall):
  AUC: 0.7997  AUPRC: 0.3676  Brier: 0.2047  Acc: 0.6512  F1: 0.3617

CrossAttn — Test Set (By Sex):
  [M] n=71  AUC: 0.8061  AUPRC: 0.4373  Brier: 0.2640  Acc: 0.5634  F1: 0.3922
              precision    recall  f1-score   support

      Normal       0.97      0.50      0.66        60
  Sarcopenia       0.25      0.91      0.39        11

    accuracy                           0.56        71
   macro avg       0.61      0.70      0.53        71
weighted avg       0.86      0.56      0.62        71

  [F] n=101  AUC: 0.7879  AUPRC: 0.3580  Brier: 0.1629  Acc: 0.7129  F1: 0.3256
              precision    recall  f1-score   support

      Normal       0.96      0.71      0.82        91
  Sarcopenia       0.21      0.70      0.33        10

    accuracy                           0.71       101
   macro avg       0.58      0.71      0.57       101
weighted avg       0.88      0.71      0.77       101


───────────────────────────────────────────────────────
Test Set — Bootstrap CI
───────────────────────────────────────────────────────

  Bootstrap 95% CI — CrossAttn  (n_boot=2000)
  Metric         Estimate   95% CI Lower   95% CI Upper
  ----------------------------------------------------
  AUC-ROC          0.7997         0.6857         0.8922
  AUPRC            0.3676         0.2129         0.5897
  Brier            0.2047         0.1655         0.2478
  Accuracy         0.6512         0.5756         0.7209
  F1               0.3617         0.2326         0.4842

Saved (model 2_2 (crop60, unmatched)):
  연구코드/results/0522_ok/model_2_2\aec128\crop60\scale_both/data_distribution.png
  연구코드/results/0522_ok/model_2_2\aec128\crop60\scale_both/cv_roc_curves.png
  연구코드/results/0522_ok/model_2_2\aec128\crop60\scale_both/cv_metric_distribution.png
  연구코드/results/0522_ok/model_2_2\aec128\crop60\scale_both/training_curves.png
  연구코드/results/0522_ok/model_2_2\aec128\crop60\scale_both/test_roc_curves.png
  연구코드/results/0522_ok/model_2_2\aec128\crop60\scale_both/test_roc_by_sex.png
  연구코드/results/0522_ok/model_2_2\aec128\crop60\scale_both/confusion_matrices.png
  연구코드/results/0522_ok/model_2_2\aec128\crop60\scale_both/calibration.png
  연구코드/results/0522_ok/model_2_2\aec128\crop60\scale_both/results.md

############################################################
  [M2_2 norm] CASE : scale_both  (scale_clinic=True, scale_aec=True)
############################################################
=======================================================
5-Fold CV  [CrossAttn | scale_clin=True, scale_aec=True]
=======================================================

── Fold 1/5 ──────────────────────────────
  CA   — AUC: 0.8279  AUPRC: 0.4406  Brier: 0.2099  Acc: 0.6522  F1: 0.3514  (best ep=9)

── Fold 2/5 ──────────────────────────────
  CA   — AUC: 0.7929  AUPRC: 0.3953  Brier: 0.2219  Acc: 0.6377  F1: 0.3590  (best ep=6)

── Fold 3/5 ──────────────────────────────
  CA   — AUC: 0.8456  AUPRC: 0.4558  Brier: 0.1692  Acc: 0.7518  F1: 0.4516  (best ep=27)

── Fold 4/5 ──────────────────────────────
  CA   — AUC: 0.8388  AUPRC: 0.3671  Brier: 0.1707  Acc: 0.7591  F1: 0.4407  (best ep=69)

── Fold 5/5 ──────────────────────────────
  CA   — AUC: 0.8363  AUPRC: 0.2879  Brier: 0.1989  Acc: 0.7518  F1: 0.4688  (best ep=10)

===========================================================================
CrossAttn  —  5-Fold CV Summary
===========================================================================
  Fold      AUC-ROC      AUPRC      Brier   Accuracy         F1
  ----------------------------------------------------------
  1          0.8279     0.4406     0.2099     0.6522     0.3514
  2          0.7929     0.3953     0.2219     0.6377     0.3590
  3          0.8456     0.4558     0.1692     0.7518     0.4516
  4          0.8388     0.3671     0.1707     0.7591     0.4407
  5          0.8363     0.2879     0.1989     0.7518     0.4688
  ──────────────────────────────────────────────────────────
  Mean       0.8283     0.3893     0.1941     0.7105     0.4143
  ±Std       0.0186     0.0598     0.0210     0.0538     0.0491

=======================================================
CrossAttn Test Evaluation  (scale_clin=True, scale_aec=True)
=======================================================
CrossAttn — training final model for 10 epochs on full CV set …

CrossAttn — Test Set (Overall):
  AUC: 0.8691  AUPRC: 0.5369  Brier: 0.1938  Acc: 0.6919  F1: 0.4301

CrossAttn — Test Set (By Sex):
  [M] n=71  AUC: 0.9030  AUPRC: 0.6680  Brier: 0.2559  Acc: 0.5775  F1: 0.4231
              precision    recall  f1-score   support

      Normal       1.00      0.50      0.67        60
  Sarcopenia       0.27      1.00      0.42        11

    accuracy                           0.58        71
   macro avg       0.63      0.75      0.54        71
weighted avg       0.89      0.58      0.63        71

  [F] n=101  AUC: 0.8648  AUPRC: 0.4935  Brier: 0.1501  Acc: 0.7723  F1: 0.4390
              precision    recall  f1-score   support

      Normal       0.99      0.76      0.86        91
  Sarcopenia       0.29      0.90      0.44        10

    accuracy                           0.77       101
   macro avg       0.64      0.83      0.65       101
weighted avg       0.92      0.77      0.82       101


───────────────────────────────────────────────────────
Test Set — Bootstrap CI
───────────────────────────────────────────────────────

  Bootstrap 95% CI — CrossAttn  (n_boot=2000)
  Metric         Estimate   95% CI Lower   95% CI Upper
  ----------------------------------------------------
  AUC-ROC          0.8691         0.7783         0.9401
  AUPRC            0.5369         0.3418         0.7260
  Brier            0.1938         0.1592         0.2301
  Accuracy         0.6919         0.6221         0.7560
  F1               0.4301         0.2973         0.5524

Saved (model 2_2 (norm, unmatched)):
  연구코드/results/0522_ok/model_2_2\aec128\norm\scale_both/data_distribution.png
  연구코드/results/0522_ok/model_2_2\aec128\norm\scale_both/cv_roc_curves.png
  연구코드/results/0522_ok/model_2_2\aec128\norm\scale_both/cv_metric_distribution.png
  연구코드/results/0522_ok/model_2_2\aec128\norm\scale_both/training_curves.png
  연구코드/results/0522_ok/model_2_2\aec128\norm\scale_both/test_roc_curves.png
  연구코드/results/0522_ok/model_2_2\aec128\norm\scale_both/test_roc_by_sex.png
  연구코드/results/0522_ok/model_2_2\aec128\norm\scale_both/confusion_matrices.png
  연구코드/results/0522_ok/model_2_2\aec128\norm\scale_both/calibration.png
  연구코드/results/0522_ok/model_2_2\aec128\norm\scale_both/results.md

############################################################
  [M2_2 excl_extreme] CASE : scale_both  (scale_clinic=True, scale_aec=True)
############################################################
=======================================================
5-Fold CV  [CrossAttn | scale_clin=True, scale_aec=True]
=======================================================

── Fold 1/5 ──────────────────────────────
  CA   — AUC: 0.8257  AUPRC: 0.4684  Brier: 0.2290  Acc: 0.6694  F1: 0.4058  (best ep=61)

── Fold 2/5 ──────────────────────────────
  CA   — AUC: 0.8606  AUPRC: 0.4395  Brier: 0.1857  Acc: 0.7097  F1: 0.4194  (best ep=29)

── Fold 3/5 ──────────────────────────────
  CA   — AUC: 0.8883  AUPRC: 0.5211  Brier: 0.1723  Acc: 0.7317  F1: 0.4590  (best ep=55)

── Fold 4/5 ──────────────────────────────
  CA   — AUC: 0.8340  AUPRC: 0.5053  Brier: 0.1536  Acc: 0.7724  F1: 0.4400  (best ep=4)

── Fold 5/5 ──────────────────────────────
  CA   — AUC: 0.6938  AUPRC: 0.2721  Brier: 0.2474  Acc: 0.6016  F1: 0.3099  (best ep=11)

===========================================================================
CrossAttn  —  5-Fold CV Summary
===========================================================================
  Fold      AUC-ROC      AUPRC      Brier   Accuracy         F1
  ----------------------------------------------------------
  1          0.8257     0.4684     0.2290     0.6694     0.4058
  2          0.8606     0.4395     0.1857     0.7097     0.4194
  3          0.8883     0.5211     0.1723     0.7317     0.4590
  4          0.8340     0.5053     0.1536     0.7724     0.4400
  5          0.6938     0.2721     0.2474     0.6016     0.3099
  ──────────────────────────────────────────────────────────
  Mean       0.8205     0.4413     0.1976     0.6969     0.4068
  ±Std       0.0670     0.0893     0.0352     0.0581     0.0517

=======================================================
CrossAttn Test Evaluation  (scale_clin=True, scale_aec=True)
=======================================================
CrossAttn — training final model for 29 epochs on full CV set …

CrossAttn — Test Set (Overall):
  AUC: 0.8652  AUPRC: 0.4839  Brier: 0.1417  Acc: 0.8052  F1: 0.4828

CrossAttn — Test Set (By Sex):
  [M] n=63  AUC: 0.8977  AUPRC: 0.5995  Brier: 0.1718  Acc: 0.7619  F1: 0.4828
              precision    recall  f1-score   support

      Normal       0.98      0.75      0.85        55
  Sarcopenia       0.33      0.88      0.48         8

    accuracy                           0.76        63
   macro avg       0.65      0.81      0.66        63
weighted avg       0.89      0.76      0.80        63

  [F] n=91  AUC: 0.8401  AUPRC: 0.4098  Brier: 0.1209  Acc: 0.8352  F1: 0.4828
              precision    recall  f1-score   support

      Normal       0.97      0.84      0.90        82
  Sarcopenia       0.35      0.78      0.48         9

    accuracy                           0.84        91
   macro avg       0.66      0.81      0.69        91
weighted avg       0.91      0.84      0.86        91


───────────────────────────────────────────────────────
Test Set — Bootstrap CI
───────────────────────────────────────────────────────

  Bootstrap 95% CI — CrossAttn  (n_boot=2000)
  Metric         Estimate   95% CI Lower   95% CI Upper
  ----------------------------------------------------
  AUC-ROC          0.8652         0.7622         0.9425
  AUPRC            0.4839         0.2699         0.6997
  Brier            0.1417         0.1080         0.1789
  Accuracy         0.8052         0.7403         0.8636
  F1               0.4828         0.3103         0.6250

Saved (model 2_2 (excl_extreme, unmatched)):
  연구코드/results/0522_ok/model_2_2\aec128\excl_extreme\scale_both/data_distribution.png
  연구코드/results/0522_ok/model_2_2\aec128\excl_extreme\scale_both/cv_roc_curves.png
  연구코드/results/0522_ok/model_2_2\aec128\excl_extreme\scale_both/cv_metric_distribution.png
  연구코드/results/0522_ok/model_2_2\aec128\excl_extreme\scale_both/training_curves.png
  연구코드/results/0522_ok/model_2_2\aec128\excl_extreme\scale_both/test_roc_curves.png
  연구코드/results/0522_ok/model_2_2\aec128\excl_extreme\scale_both/test_roc_by_sex.png
  연구코드/results/0522_ok/model_2_2\aec128\excl_extreme\scale_both/confusion_matrices.png
  연구코드/results/0522_ok/model_2_2\aec128\excl_extreme\scale_both/calibration.png
  연구코드/results/0522_ok/model_2_2\aec128\excl_extreme\scale_both/results.md
