============================================================
  MODEL 3 — Clinic + Scanner + AEC (aec256)  (5 AEC variants × 1 cases)
============================================================

############################################################
  [M3 len256] CASE : scale_clinic  (scale_clinic=True)
############################################################
  [M3/len256/scale_clinic] Cross-validating CrossAttn3 ...
=================================================================
5-Fold CV  [CrossAttn3 | scale_clin=True, scale_aec=False]
=================================================================

── Fold 1/5 ──────────────────────────────
  CA3  — AUC: 0.8593  AUPRC: 0.5273  Brier: 0.1157  Acc: 0.8226  F1: 0.4211  (best ep=6)

── Fold 2/5 ──────────────────────────────
  CA3  — AUC: 0.8425  AUPRC: 0.4398  Brier: 0.1531  Acc: 0.7796  F1: 0.4225  (best ep=4)

── Fold 3/5 ──────────────────────────────
  CA3  — AUC: 0.7578  AUPRC: 0.2606  Brier: 0.2314  Acc: 0.6667  F1: 0.3542  (best ep=10)

── Fold 4/5 ──────────────────────────────
  CA3  — AUC: 0.7292  AUPRC: 0.2435  Brier: 0.1570  Acc: 0.7849  F1: 0.3103  (best ep=139)

── Fold 5/5 ──────────────────────────────
  CA3  — AUC: 0.7898  AUPRC: 0.3328  Brier: 0.2211  Acc: 0.6541  F1: 0.3333  (best ep=19)

===========================================================================
CrossAttn3  —  5-Fold CV Summary
===========================================================================
  Fold      AUC-ROC      AUPRC      Brier   Accuracy         F1
  ----------------------------------------------------------
  1          0.8593     0.5273     0.1157     0.8226     0.4211
  2          0.8425     0.4398     0.1531     0.7796     0.4225
  3          0.7578     0.2606     0.2314     0.6667     0.3542
  4          0.7292     0.2435     0.1570     0.7849     0.3103
  5          0.7898     0.3328     0.2211     0.6541     0.3333
  ──────────────────────────────────────────────────────────
  Mean       0.7957     0.3608     0.1757     0.7416     0.3683
  ±Std       0.0492     0.1082     0.0439     0.0681     0.0458
  [M3/len256/scale_clinic] Evaluating on test set (med_epoch=10) ...

=================================================================
CrossAttn3 Test Evaluation  (scale_clin=True, scale_aec=False)
=================================================================
CrossAttn3 — training final model for 10 epochs on full CV set …

CrossAttn3 — Test Set (Overall):
  AUC: 0.8048  AUPRC: 0.3785  Brier: 0.2339  Acc: 0.6352  F1: 0.3200

CrossAttn3 — Test Set (By Sex):
  [M] n=85  AUC: 0.7877  AUPRC: 0.4754  Brier: 0.2753  Acc: 0.5647  F1: 0.3934
              precision    recall  f1-score   support

      Normal       0.95      0.51      0.66        71
  Sarcopenia       0.26      0.86      0.39        14

    accuracy                           0.56        85
   macro avg       0.60      0.68      0.53        85
weighted avg       0.83      0.56      0.62        85

  [F] n=148  AUC: 0.7989  AUPRC: 0.2785  Brier: 0.2102  Acc: 0.6757  F1: 0.2500
              precision    recall  f1-score   support

      Normal       0.97      0.67      0.79       137
  Sarcopenia       0.15      0.73      0.25        11

    accuracy                           0.68       148
   macro avg       0.56      0.70      0.52       148
weighted avg       0.91      0.68      0.75       148


───────────────────────────────────────────────────────
Test Set — Bootstrap CI
───────────────────────────────────────────────────────

  Bootstrap 95% CI — CrossAttn3  (n_boot=2000)
  Metric         Estimate   95% CI Lower   95% CI Upper
  ----------------------------------------------------
  AUC-ROC          0.8048         0.7132         0.8941
  AUPRC            0.3785         0.2237         0.5684
  Brier            0.2339         0.1997         0.2682
  Accuracy         0.6352         0.5708         0.6996
  F1               0.3200         0.2185         0.4308
  [M3/len256/scale_clinic] Saving figures ...

Saved (model 3 (len256)):
  연구코드/results/0522/model_3\aec256\len256\scale_clinic/data_distribution.png
  연구코드/results/0522/model_3\aec256\len256\scale_clinic/cv_roc_curves.png
  연구코드/results/0522/model_3\aec256\len256\scale_clinic/cv_metric_distribution.png
  연구코드/results/0522/model_3\aec256\len256\scale_clinic/training_curves.png
  연구코드/results/0522/model_3\aec256\len256\scale_clinic/test_roc_curves.png
  연구코드/results/0522/model_3\aec256\len256\scale_clinic/test_roc_by_sex.png
  연구코드/results/0522/model_3\aec256\len256\scale_clinic/confusion_matrices.png
  연구코드/results/0522/model_3\aec256\len256\scale_clinic/calibration.png
  연구코드/results/0522/model_3\aec256\len256\scale_clinic/results.md
  [M3/len256/scale_clinic] Plotting attention maps ...
  연구코드/results/0522/model_3\aec256\len256\scale_clinic/attention_map_c2a.png
  연구코드/results/0522/model_3\aec256\len256\scale_clinic/attention_heatmap.png
  [M3/len256/scale_clinic] Done.

############################################################
  [M3 crop80] CASE : scale_clinic  (scale_clinic=True)
############################################################
  [M3/crop80/scale_clinic] Cross-validating CrossAttn3 ...
=================================================================
5-Fold CV  [CrossAttn3 | scale_clin=True, scale_aec=False]
=================================================================

── Fold 1/5 ──────────────────────────────
  CA3  — AUC: 0.8720  AUPRC: 0.5849  Brier: 0.1763  Acc: 0.7473  F1: 0.4051  (best ep=15)

── Fold 2/5 ──────────────────────────────
  CA3  — AUC: 0.8346  AUPRC: 0.4062  Brier: 0.1742  Acc: 0.7742  F1: 0.4324  (best ep=4)

── Fold 3/5 ──────────────────────────────
  CA3  — AUC: 0.7982  AUPRC: 0.3240  Brier: 0.1680  Acc: 0.7473  F1: 0.3733  (best ep=5)

── Fold 4/5 ──────────────────────────────
  CA3  — AUC: 0.7684  AUPRC: 0.3379  Brier: 0.2326  Acc: 0.6129  F1: 0.2941  (best ep=3)

── Fold 5/5 ──────────────────────────────
  CA3  — AUC: 0.7876  AUPRC: 0.3140  Brier: 0.1986  Acc: 0.7243  F1: 0.3704  (best ep=85)

===========================================================================
CrossAttn3  —  5-Fold CV Summary
===========================================================================
  Fold      AUC-ROC      AUPRC      Brier   Accuracy         F1
  ----------------------------------------------------------
  1          0.8720     0.5849     0.1763     0.7473     0.4051
  2          0.8346     0.4062     0.1742     0.7742     0.4324
  3          0.7982     0.3240     0.1680     0.7473     0.3733
  4          0.7684     0.3379     0.2326     0.6129     0.2941
  5          0.7876     0.3140     0.1986     0.7243     0.3704
  ──────────────────────────────────────────────────────────
  Mean       0.8122     0.3934     0.1899     0.7212     0.3751
  ±Std       0.0369     0.1010     0.0237     0.0564     0.0464
  [M3/crop80/scale_clinic] Evaluating on test set (med_epoch=5) ...

=================================================================
CrossAttn3 Test Evaluation  (scale_clin=True, scale_aec=False)
=================================================================
CrossAttn3 — training final model for 5 epochs on full CV set …

CrossAttn3 — Test Set (Overall):
  AUC: 0.8175  AUPRC: 0.3956  Brier: 0.1807  Acc: 0.7296  F1: 0.3883

CrossAttn3 — Test Set (By Sex):
  [M] n=85  AUC: 0.7887  AUPRC: 0.4781  Brier: 0.2596  Acc: 0.6000  F1: 0.4138
              precision    recall  f1-score   support

      Normal       0.95      0.55      0.70        71
  Sarcopenia       0.27      0.86      0.41        14

    accuracy                           0.60        85
   macro avg       0.61      0.70      0.56        85
weighted avg       0.84      0.60      0.65        85

  [F] n=148  AUC: 0.8069  AUPRC: 0.3225  Brier: 0.1353  Acc: 0.8041  F1: 0.3556
              precision    recall  f1-score   support

      Normal       0.97      0.81      0.88       137
  Sarcopenia       0.24      0.73      0.36        11

    accuracy                           0.80       148
   macro avg       0.60      0.77      0.62       148
weighted avg       0.92      0.80      0.85       148


───────────────────────────────────────────────────────
Test Set — Bootstrap CI
───────────────────────────────────────────────────────

  Bootstrap 95% CI — CrossAttn3  (n_boot=2000)
  Metric         Estimate   95% CI Lower   95% CI Upper
  ----------------------------------------------------
  AUC-ROC          0.8175         0.7277         0.8994
  AUPRC            0.3956         0.2409         0.5880
  Brier            0.1807         0.1528         0.2112
  Accuracy         0.7296         0.6695         0.7854
  F1               0.3883         0.2718         0.5102
  [M3/crop80/scale_clinic] Saving figures ...

Saved (model 3 (crop80)):
  연구코드/results/0522/model_3\aec256\crop80\scale_clinic/data_distribution.png
  연구코드/results/0522/model_3\aec256\crop80\scale_clinic/cv_roc_curves.png
  연구코드/results/0522/model_3\aec256\crop80\scale_clinic/cv_metric_distribution.png
  연구코드/results/0522/model_3\aec256\crop80\scale_clinic/training_curves.png
  연구코드/results/0522/model_3\aec256\crop80\scale_clinic/test_roc_curves.png
  연구코드/results/0522/model_3\aec256\crop80\scale_clinic/test_roc_by_sex.png
  연구코드/results/0522/model_3\aec256\crop80\scale_clinic/confusion_matrices.png
  연구코드/results/0522/model_3\aec256\crop80\scale_clinic/calibration.png
  연구코드/results/0522/model_3\aec256\crop80\scale_clinic/results.md
  [M3/crop80/scale_clinic] Plotting attention maps ...
  연구코드/results/0522/model_3\aec256\crop80\scale_clinic/attention_map_c2a.png
  연구코드/results/0522/model_3\aec256\crop80\scale_clinic/attention_heatmap.png
  [M3/crop80/scale_clinic] Done.

############################################################
  [M3 crop60] CASE : scale_clinic  (scale_clinic=True)
############################################################
  [M3/crop60/scale_clinic] Cross-validating CrossAttn3 ...
=================================================================
5-Fold CV  [CrossAttn3 | scale_clin=True, scale_aec=False]
=================================================================

── Fold 1/5 ──────────────────────────────
  CA3  — AUC: 0.8506  AUPRC: 0.5646  Brier: 0.1669  Acc: 0.7473  F1: 0.4051  (best ep=5)

── Fold 2/5 ──────────────────────────────
  CA3  — AUC: 0.8497  AUPRC: 0.4026  Brier: 0.1511  Acc: 0.7903  F1: 0.4179  (best ep=9)

── Fold 3/5 ──────────────────────────────
  CA3  — AUC: 0.8096  AUPRC: 0.3681  Brier: 0.2073  Acc: 0.6613  F1: 0.3505  (best ep=10)

── Fold 4/5 ──────────────────────────────
  CA3  — AUC: 0.7714  AUPRC: 0.2937  Brier: 0.1584  Acc: 0.7903  F1: 0.4507  (best ep=5)

── Fold 5/5 ──────────────────────────────
  CA3  — AUC: 0.7873  AUPRC: 0.3178  Brier: 0.2011  Acc: 0.6865  F1: 0.3556  (best ep=6)

===========================================================================
CrossAttn3  —  5-Fold CV Summary
===========================================================================
  Fold      AUC-ROC      AUPRC      Brier   Accuracy         F1
  ----------------------------------------------------------
  1          0.8506     0.5646     0.1669     0.7473     0.4051
  2          0.8497     0.4026     0.1511     0.7903     0.4179
  3          0.8096     0.3681     0.2073     0.6613     0.3505
  4          0.7714     0.2937     0.1584     0.7903     0.4507
  5          0.7873     0.3178     0.2011     0.6865     0.3556
  ──────────────────────────────────────────────────────────
  Mean       0.8137     0.3894     0.1770     0.7351     0.3959
  ±Std       0.0321     0.0955     0.0229     0.0530     0.0381
  [M3/crop60/scale_clinic] Evaluating on test set (med_epoch=6) ...

=================================================================
CrossAttn3 Test Evaluation  (scale_clin=True, scale_aec=False)
=================================================================
CrossAttn3 — training final model for 6 epochs on full CV set …

CrossAttn3 — Test Set (Overall):
  AUC: 0.8113  AUPRC: 0.4211  Brier: 0.1789  Acc: 0.7339  F1: 0.3800

CrossAttn3 — Test Set (By Sex):
  [M] n=85  AUC: 0.7767  AUPRC: 0.5042  Brier: 0.2244  Acc: 0.6706  F1: 0.4400
              precision    recall  f1-score   support

      Normal       0.94      0.65      0.77        71
  Sarcopenia       0.31      0.79      0.44        14

    accuracy                           0.67        85
   macro avg       0.62      0.72      0.60        85
weighted avg       0.83      0.67      0.71        85

  [F] n=148  AUC: 0.8208  AUPRC: 0.3770  Brier: 0.1528  Acc: 0.7703  F1: 0.3200
              precision    recall  f1-score   support

      Normal       0.97      0.77      0.86       137
  Sarcopenia       0.21      0.73      0.32        11

    accuracy                           0.77       148
   macro avg       0.59      0.75      0.59       148
weighted avg       0.92      0.77      0.82       148


───────────────────────────────────────────────────────
Test Set — Bootstrap CI
───────────────────────────────────────────────────────

  Bootstrap 95% CI — CrossAttn3  (n_boot=2000)
  Metric         Estimate   95% CI Lower   95% CI Upper
  ----------------------------------------------------
  AUC-ROC          0.8113         0.7157         0.8955
  AUPRC            0.4211         0.2521         0.6211
  Brier            0.1789         0.1499         0.2106
  Accuracy         0.7339         0.6738         0.7897
  F1               0.3800         0.2581         0.5047
  [M3/crop60/scale_clinic] Saving figures ...

Saved (model 3 (crop60)):
  연구코드/results/0522/model_3\aec256\crop60\scale_clinic/data_distribution.png
  연구코드/results/0522/model_3\aec256\crop60\scale_clinic/cv_roc_curves.png
  연구코드/results/0522/model_3\aec256\crop60\scale_clinic/cv_metric_distribution.png
  연구코드/results/0522/model_3\aec256\crop60\scale_clinic/training_curves.png
  연구코드/results/0522/model_3\aec256\crop60\scale_clinic/test_roc_curves.png
  연구코드/results/0522/model_3\aec256\crop60\scale_clinic/test_roc_by_sex.png
  연구코드/results/0522/model_3\aec256\crop60\scale_clinic/confusion_matrices.png
  연구코드/results/0522/model_3\aec256\crop60\scale_clinic/calibration.png
  연구코드/results/0522/model_3\aec256\crop60\scale_clinic/results.md
  [M3/crop60/scale_clinic] Plotting attention maps ...
  연구코드/results/0522/model_3\aec256\crop60\scale_clinic/attention_map_c2a.png
  연구코드/results/0522/model_3\aec256\crop60\scale_clinic/attention_heatmap.png
  [M3/crop60/scale_clinic] Done.

############################################################
  [M3 norm] CASE : scale_clinic  (scale_clinic=True)
############################################################
  [M3/norm/scale_clinic] Cross-validating CrossAttn3 ...
=================================================================
5-Fold CV  [CrossAttn3 | scale_clin=True, scale_aec=False]
=================================================================

── Fold 1/5 ──────────────────────────────
  CA3  — AUC: 0.8521  AUPRC: 0.5009  Brier: 0.1313  Acc: 0.8011  F1: 0.4478  (best ep=5)

── Fold 2/5 ──────────────────────────────
  CA3  — AUC: 0.8123  AUPRC: 0.3965  Brier: 0.1330  Acc: 0.8011  F1: 0.3729  (best ep=4)

── Fold 3/5 ──────────────────────────────
  CA3  — AUC: 0.8093  AUPRC: 0.3182  Brier: 0.1880  Acc: 0.7097  F1: 0.3721  (best ep=7)

── Fold 4/5 ──────────────────────────────
  CA3  — AUC: 0.7672  AUPRC: 0.3105  Brier: 0.2231  Acc: 0.6505  F1: 0.3158  (best ep=2)

── Fold 5/5 ──────────────────────────────
  CA3  — AUC: 0.7581  AUPRC: 0.2591  Brier: 0.2172  Acc: 0.6649  F1: 0.2791  (best ep=15)

===========================================================================
CrossAttn3  —  5-Fold CV Summary
===========================================================================
  Fold      AUC-ROC      AUPRC      Brier   Accuracy         F1
  ----------------------------------------------------------
  1          0.8521     0.5009     0.1313     0.8011     0.4478
  2          0.8123     0.3965     0.1330     0.8011     0.3729
  3          0.8093     0.3182     0.1880     0.7097     0.3721
  4          0.7672     0.3105     0.2231     0.6505     0.3158
  5          0.7581     0.2591     0.2172     0.6649     0.2791
  ──────────────────────────────────────────────────────────
  Mean       0.7998     0.3570     0.1785     0.7254     0.3575
  ±Std       0.0340     0.0843     0.0397     0.0648     0.0574
  [M3/norm/scale_clinic] Evaluating on test set (med_epoch=5) ...

=================================================================
CrossAttn3 Test Evaluation  (scale_clin=True, scale_aec=False)
=================================================================
CrossAttn3 — training final model for 5 epochs on full CV set …

CrossAttn3 — Test Set (Overall):
  AUC: 0.8296  AUPRC: 0.4521  Brier: 0.2089  Acc: 0.6781  F1: 0.3478

CrossAttn3 — Test Set (By Sex):
  [M] n=85  AUC: 0.8159  AUPRC: 0.5194  Brier: 0.2475  Acc: 0.6706  F1: 0.4815
              precision    recall  f1-score   support

      Normal       0.98      0.62      0.76        71
  Sarcopenia       0.33      0.93      0.48        14

    accuracy                           0.67        85
   macro avg       0.65      0.77      0.62        85
weighted avg       0.87      0.67      0.71        85

  [F] n=148  AUC: 0.8023  AUPRC: 0.3715  Brier: 0.1867  Acc: 0.6824  F1: 0.2295
              precision    recall  f1-score   support

      Normal       0.96      0.69      0.80       137
  Sarcopenia       0.14      0.64      0.23        11

    accuracy                           0.68       148
   macro avg       0.55      0.66      0.51       148
weighted avg       0.90      0.68      0.76       148


───────────────────────────────────────────────────────
Test Set — Bootstrap CI
───────────────────────────────────────────────────────

  Bootstrap 95% CI — CrossAttn3  (n_boot=2000)
  Metric         Estimate   95% CI Lower   95% CI Upper
  ----------------------------------------------------
  AUC-ROC          0.8296         0.7513         0.9009
  AUPRC            0.4521         0.2708         0.6394
  Brier            0.2089         0.1783         0.2403
  Accuracy         0.6781         0.6179         0.7339
  F1               0.3478         0.2373         0.4602
  [M3/norm/scale_clinic] Saving figures ...

Saved (model 3 (norm)):
  연구코드/results/0522/model_3\aec256\norm\scale_clinic/data_distribution.png
  연구코드/results/0522/model_3\aec256\norm\scale_clinic/cv_roc_curves.png
  연구코드/results/0522/model_3\aec256\norm\scale_clinic/cv_metric_distribution.png
  연구코드/results/0522/model_3\aec256\norm\scale_clinic/training_curves.png
  연구코드/results/0522/model_3\aec256\norm\scale_clinic/test_roc_curves.png
  연구코드/results/0522/model_3\aec256\norm\scale_clinic/test_roc_by_sex.png
  연구코드/results/0522/model_3\aec256\norm\scale_clinic/confusion_matrices.png
  연구코드/results/0522/model_3\aec256\norm\scale_clinic/calibration.png
  연구코드/results/0522/model_3\aec256\norm\scale_clinic/results.md
  [M3/norm/scale_clinic] Plotting attention maps ...
  연구코드/results/0522/model_3\aec256\norm\scale_clinic/attention_map_c2a.png
  연구코드/results/0522/model_3\aec256\norm\scale_clinic/attention_heatmap.png
  [M3/norm/scale_clinic] Done.

############################################################
  [M3 excl_extreme] CASE : scale_clinic  (scale_clinic=True)
############################################################
  [M3/excl_extreme/scale_clinic] Cross-validating CrossAttn3 ...
=================================================================
5-Fold CV  [CrossAttn3 | scale_clin=True, scale_aec=False]
=================================================================

── Fold 1/5 ──────────────────────────────
  CA3  — AUC: 0.8467  AUPRC: 0.3457  Brier: 0.1425  Acc: 0.7964  F1: 0.4138  (best ep=3)

── Fold 2/5 ──────────────────────────────
  CA3  — AUC: 0.8859  AUPRC: 0.4021  Brier: 0.1940  Acc: 0.7126  F1: 0.4146  (best ep=5)

── Fold 3/5 ──────────────────────────────
  CA3  — AUC: 0.8188  AUPRC: 0.4344  Brier: 0.1699  Acc: 0.7305  F1: 0.3662  (best ep=8)

── Fold 4/5 ──────────────────────────────
  CA3  — AUC: 0.6757  AUPRC: 0.2994  Brier: 0.2604  Acc: 0.6048  F1: 0.2500  (best ep=11)

── Fold 5/5 ──────────────────────────────
  CA3  — AUC: 0.8443  AUPRC: 0.3203  Brier: 0.2051  Acc: 0.7365  F1: 0.4211  (best ep=1)

===========================================================================
CrossAttn3  —  5-Fold CV Summary
===========================================================================
  Fold      AUC-ROC      AUPRC      Brier   Accuracy         F1
  ----------------------------------------------------------
  1          0.8467     0.3457     0.1425     0.7964     0.4138
  2          0.8859     0.4021     0.1940     0.7126     0.4146
  3          0.8188     0.4344     0.1699     0.7305     0.3662
  4          0.6757     0.2994     0.2604     0.6048     0.2500
  5          0.8443     0.3203     0.2051     0.7365     0.4211
  ──────────────────────────────────────────────────────────
  Mean       0.8143     0.3604     0.1944     0.7162     0.3731
  ±Std       0.0725     0.0505     0.0394     0.0624     0.0646
  [M3/excl_extreme/scale_clinic] Evaluating on test set (med_epoch=5) ...

=================================================================
CrossAttn3 Test Evaluation  (scale_clin=True, scale_aec=False)
=================================================================
CrossAttn3 — training final model for 5 epochs on full CV set …

CrossAttn3 — Test Set (Overall):
  AUC: 0.8391  AUPRC: 0.4466  Brier: 0.1907  Acc: 0.6794  F1: 0.3366

CrossAttn3 — Test Set (By Sex):
  [M] n=71  AUC: 0.8591  AUPRC: 0.5878  Brier: 0.2029  Acc: 0.6620  F1: 0.4286
              precision    recall  f1-score   support

      Normal       0.95      0.63      0.76        60
  Sarcopenia       0.29      0.82      0.43        11

    accuracy                           0.66        71
   macro avg       0.62      0.73      0.59        71
weighted avg       0.85      0.66      0.71        71

  [F] n=138  AUC: 0.8096  AUPRC: 0.3120  Brier: 0.1844  Acc: 0.6884  F1: 0.2712
              precision    recall  f1-score   support

      Normal       0.97      0.69      0.80       127
  Sarcopenia       0.17      0.73      0.27        11

    accuracy                           0.69       138
   macro avg       0.57      0.71      0.54       138
weighted avg       0.90      0.69      0.76       138


───────────────────────────────────────────────────────
Test Set — Bootstrap CI
───────────────────────────────────────────────────────

  Bootstrap 95% CI — CrossAttn3  (n_boot=2000)
  Metric         Estimate   95% CI Lower   95% CI Upper
  ----------------------------------------------------
  AUC-ROC          0.8391         0.7509         0.9133
  AUPRC            0.4466         0.2624         0.6510
  Brier            0.1907         0.1649         0.2176
  Accuracy         0.6794         0.6172         0.7416
  F1               0.3366         0.2150         0.4510
  [M3/excl_extreme/scale_clinic] Saving figures ...

Saved (model 3 (excl_extreme)):
  연구코드/results/0522/model_3\aec256\excl_extreme\scale_clinic/data_distribution.png
  연구코드/results/0522/model_3\aec256\excl_extreme\scale_clinic/cv_roc_curves.png
  연구코드/results/0522/model_3\aec256\excl_extreme\scale_clinic/cv_metric_distribution.png
  연구코드/results/0522/model_3\aec256\excl_extreme\scale_clinic/training_curves.png
  연구코드/results/0522/model_3\aec256\excl_extreme\scale_clinic/test_roc_curves.png
  연구코드/results/0522/model_3\aec256\excl_extreme\scale_clinic/test_roc_by_sex.png
  연구코드/results/0522/model_3\aec256\excl_extreme\scale_clinic/confusion_matrices.png
  연구코드/results/0522/model_3\aec256\excl_extreme\scale_clinic/calibration.png
  연구코드/results/0522/model_3\aec256\excl_extreme\scale_clinic/results.md
  [M3/excl_extreme/scale_clinic] Plotting attention maps ...
  연구코드/results/0522/model_3\aec256\excl_extreme\scale_clinic/attention_map_c2a.png
  연구코드/results/0522/model_3\aec256\excl_extreme\scale_clinic/attention_heatmap.png
  [M3/excl_extreme/scale_clinic] Done.
