============================================================
  MODEL 2_2 — Clinic + AEC Unmatched (aec256, BCEWithLogitsLoss)  (5 AEC variants × 1 case)
============================================================

############################################################
  [M2_2 norm] CASE : scale_clinic  (scale_clinic=True, loss=bce)
############################################################
  [M2_2/bce/norm/scale_clinic] Cross-validating CrossAttn ...
=======================================================
5-Fold CV  [CrossAttn | scale_clin=True, scale_aec=False]
=======================================================

── Fold 1/5 ──────────────────────────────
  CA   — AUC: 0.8247  AUPRC: 0.5092  Brier: 0.1480  Acc: 0.8548  F1: 0.4906  (best ep=7, thresh=0.657)

── Fold 2/5 ──────────────────────────────
  CA   — AUC: 0.8479  AUPRC: 0.3943  Brier: 0.2312  Acc: 0.7957  F1: 0.4865  (best ep=3, thresh=0.648)

── Fold 3/5 ──────────────────────────────
  CA   — AUC: 0.8392  AUPRC: 0.3734  Brier: 0.1898  Acc: 0.6022  F1: 0.3509  (best ep=20, thresh=0.268)

── Fold 4/5 ──────────────────────────────
  CA   — AUC: 0.7910  AUPRC: 0.3535  Brier: 0.2162  Acc: 0.7204  F1: 0.3810  (best ep=1, thresh=0.560)

── Fold 5/5 ──────────────────────────────
  CA   — AUC: 0.7603  AUPRC: 0.2951  Brier: 0.1905  Acc: 0.7514  F1: 0.3947  (best ep=14, thresh=0.580)

===========================================================================
CrossAttn  —  5-Fold CV Summary
===========================================================================
  Fold      AUC-ROC      AUPRC      Brier   Accuracy         F1
  ----------------------------------------------------------
  1          0.8247     0.5092     0.1480     0.8548     0.4906
  2          0.8479     0.3943     0.2312     0.7957     0.4865
  3          0.8392     0.3734     0.1898     0.6022     0.3509
  4          0.7910     0.3535     0.2162     0.7204     0.3810
  5          0.7603     0.2951     0.1905     0.7514     0.3947
  ──────────────────────────────────────────────────────────
  Mean       0.8126     0.3851     0.1951     0.7449     0.4207
  ±Std       0.0326     0.0703     0.0283     0.0845     0.0572
  [M2_2/bce/norm/scale_clinic] Evaluating on test set (med_epoch=7, thresh=0.580) ...

=======================================================
CrossAttn Test Evaluation  (scale_clin=True, scale_aec=False, threshold=0.580)
=======================================================
CrossAttn — training final model for 7 epochs on full CV set …

CrossAttn — Test Set (Overall):
  AUC: 0.8294  AUPRC: 0.3881  Brier: 0.2231  Acc: 0.6953  F1: 0.3717

CrossAttn — Test Set (By Sex):
  [M] n=85  AUC: 0.8008  AUPRC: 0.4551  Brier: 0.2618  Acc: 0.6706  F1: 0.4815
              precision    recall  f1-score   support

      Normal       0.98      0.62      0.76        71
  Sarcopenia       0.33      0.93      0.48        14

    accuracy                           0.67        85
   macro avg       0.65      0.77      0.62        85
weighted avg       0.87      0.67      0.71        85

  [F] n=148  AUC: 0.8195  AUPRC: 0.3885  Brier: 0.2008  Acc: 0.7095  F1: 0.2712
              precision    recall  f1-score   support

      Normal       0.97      0.71      0.82       137
  Sarcopenia       0.17      0.73      0.27        11

    accuracy                           0.71       148
   macro avg       0.57      0.72      0.54       148
weighted avg       0.91      0.71      0.78       148


───────────────────────────────────────────────────────
Test Set — Bootstrap CI
───────────────────────────────────────────────────────

  Bootstrap 95% CI — CrossAttn  (n_boot=2000)
  Metric         Estimate   95% CI Lower   95% CI Upper
  ----------------------------------------------------
  AUC-ROC          0.8294         0.7458         0.9045
  AUPRC            0.3881         0.2308         0.5769
  Brier            0.2231         0.1948         0.2531
  Accuracy         0.6953         0.6352         0.7512
  F1               0.3717         0.2616         0.4844
  [M2_2/bce/norm/scale_clinic] Saving figures ...

Saved (model 2_2 (norm, unmatched, bce)):
  연구코드/results/ok+missing/model_2_2\bce\aec256\norm/data_distribution.png
  연구코드/results/ok+missing/model_2_2\bce\aec256\norm/cv_roc_curves.png
  연구코드/results/ok+missing/model_2_2\bce\aec256\norm/cv_metric_distribution.png
  연구코드/results/ok+missing/model_2_2\bce\aec256\norm/training_curves.png
  연구코드/results/ok+missing/model_2_2\bce\aec256\norm/test_roc_curves.png
  연구코드/results/ok+missing/model_2_2\bce\aec256\norm/test_roc_by_sex.png
  연구코드/results/ok+missing/model_2_2\bce\aec256\norm/confusion_matrices.png
  연구코드/results/ok+missing/model_2_2\bce\aec256\norm/calibration.png
  연구코드/results/ok+missing/model_2_2\bce\aec256\norm/results.md
  [M2_2/bce/norm/scale_clinic] Plotting attention maps ...
  연구코드/results/ok+missing/model_2_2\bce\aec256\norm/attention_map_c2a.png
  연구코드/results/ok+missing/model_2_2\bce\aec256\norm/attention_heatmap.png
  [M2_2/bce/norm/scale_clinic] Done.

############################################################
  [M2_2 excl_extreme] CASE : scale_clinic  (scale_clinic=True, loss=bce)
############################################################
  [M2_2/bce/excl_extreme/scale_clinic] Cross-validating CrossAttn ...
=======================================================
5-Fold CV  [CrossAttn | scale_clin=True, scale_aec=False]
=======================================================

── Fold 1/5 ──────────────────────────────
  CA   — AUC: 0.8980  AUPRC: 0.4770  Brier: 0.1534  Acc: 0.7904  F1: 0.4776  (best ep=11, thresh=0.557)

── Fold 2/5 ──────────────────────────────
  CA   — AUC: 0.7816  AUPRC: 0.3061  Brier: 0.2759  Acc: 0.6826  F1: 0.3765  (best ep=3, thresh=0.569)

── Fold 3/5 ──────────────────────────────
  CA   — AUC: 0.7769  AUPRC: 0.3248  Brier: 0.1730  Acc: 0.7126  F1: 0.3846  (best ep=3, thresh=0.402)

── Fold 4/5 ──────────────────────────────
  CA   — AUC: 0.7969  AUPRC: 0.3405  Brier: 0.1440  Acc: 0.6407  F1: 0.3478  (best ep=4, thresh=0.207)

── Fold 5/5 ──────────────────────────────
  CA   — AUC: 0.8568  AUPRC: 0.5207  Brier: 0.2014  Acc: 0.8743  F1: 0.5714  (best ep=24, thresh=0.778)

===========================================================================
CrossAttn  —  5-Fold CV Summary
===========================================================================
  Fold      AUC-ROC      AUPRC      Brier   Accuracy         F1
  ----------------------------------------------------------
  1          0.8980     0.4770     0.1534     0.7904     0.4776
  2          0.7816     0.3061     0.2759     0.6826     0.3765
  3          0.7769     0.3248     0.1730     0.7126     0.3846
  4          0.7969     0.3405     0.1440     0.6407     0.3478
  5          0.8568     0.5207     0.2014     0.8743     0.5714
  ──────────────────────────────────────────────────────────
  Mean       0.8220     0.3938     0.1896     0.7401     0.4316
  ±Std       0.0475     0.0875     0.0474     0.0830     0.0824
  [M2_2/bce/excl_extreme/scale_clinic] Evaluating on test set (med_epoch=4, thresh=0.557) ...

=======================================================
CrossAttn Test Evaluation  (scale_clin=True, scale_aec=False, threshold=0.557)
=======================================================
CrossAttn — training final model for 4 epochs on full CV set …

CrossAttn — Test Set (Overall):
  AUC: 0.8357  AUPRC: 0.4007  Brier: 0.2085  Acc: 0.6986  F1: 0.3762

CrossAttn — Test Set (By Sex):
  [M] n=80  AUC: 0.8551  AUPRC: 0.4965  Brier: 0.2549  Acc: 0.6500  F1: 0.4400
              precision    recall  f1-score   support

      Normal       1.00      0.59      0.75        69
  Sarcopenia       0.28      1.00      0.44        11

    accuracy                           0.65        80
   macro avg       0.64      0.80      0.59        80
weighted avg       0.90      0.65      0.70        80

  [F] n=129  AUC: 0.7997  AUPRC: 0.3580  Brier: 0.1798  Acc: 0.7287  F1: 0.3137
              precision    recall  f1-score   support

      Normal       0.97      0.73      0.83       118
  Sarcopenia       0.20      0.73      0.31        11

    accuracy                           0.73       129
   macro avg       0.58      0.73      0.57       129
weighted avg       0.90      0.73      0.79       129


───────────────────────────────────────────────────────
Test Set — Bootstrap CI
───────────────────────────────────────────────────────

  Bootstrap 95% CI — CrossAttn  (n_boot=2000)
  Metric         Estimate   95% CI Lower   95% CI Upper
  ----------------------------------------------------
  AUC-ROC          0.8357         0.7526         0.9136
  AUPRC            0.4007         0.2360         0.6014
  Brier            0.2085         0.1782         0.2399
  Accuracy         0.6986         0.6364         0.7608
  F1               0.3762         0.2529         0.4956
  [M2_2/bce/excl_extreme/scale_clinic] Saving figures ...

Saved (model 2_2 (excl_extreme, unmatched, bce)):
  연구코드/results/ok+missing/model_2_2\bce\aec256\excl_extreme/data_distribution.png
  연구코드/results/ok+missing/model_2_2\bce\aec256\excl_extreme/cv_roc_curves.png
  연구코드/results/ok+missing/model_2_2\bce\aec256\excl_extreme/cv_metric_distribution.png
  연구코드/results/ok+missing/model_2_2\bce\aec256\excl_extreme/training_curves.png
  연구코드/results/ok+missing/model_2_2\bce\aec256\excl_extreme/test_roc_curves.png
  연구코드/results/ok+missing/model_2_2\bce\aec256\excl_extreme/test_roc_by_sex.png
  연구코드/results/ok+missing/model_2_2\bce\aec256\excl_extreme/confusion_matrices.png
  연구코드/results/ok+missing/model_2_2\bce\aec256\excl_extreme/calibration.png
  연구코드/results/ok+missing/model_2_2\bce\aec256\excl_extreme/results.md
  [M2_2/bce/excl_extreme/scale_clinic] Plotting attention maps ...
  연구코드/results/ok+missing/model_2_2\bce\aec256\excl_extreme/attention_map_c2a.png
  연구코드/results/ok+missing/model_2_2\bce\aec256\excl_extreme/attention_heatmap.png
  [M2_2/bce/excl_extreme/scale_clinic] Done.

############################################################
  [M2_2 len128] CASE : scale_clinic  (scale_clinic=True, loss=bce)
############################################################
  [M2_2/bce/len128/scale_clinic] Cross-validating CrossAttn ...
=======================================================
5-Fold CV  [CrossAttn | scale_clin=True, scale_aec=False]
=======================================================

── Fold 1/5 ──────────────────────────────
  CA   — AUC: 0.8425  AUPRC: 0.4530  Brier: 0.1401  Acc: 0.7634  F1: 0.4500  (best ep=2, thresh=0.417)

── Fold 2/5 ──────────────────────────────
  CA   — AUC: 0.8437  AUPRC: 0.4205  Brier: 0.1528  Acc: 0.7849  F1: 0.4595  (best ep=24, thresh=0.543)

── Fold 3/5 ──────────────────────────────
  CA   — AUC: 0.8322  AUPRC: 0.3935  Brier: 0.1734  Acc: 0.6828  F1: 0.3918  (best ep=65, thresh=0.170)

── Fold 4/5 ──────────────────────────────
  CA   — AUC: 0.8193  AUPRC: 0.3741  Brier: 0.1225  Acc: 0.7903  F1: 0.4507  (best ep=2, thresh=0.418)

── Fold 5/5 ──────────────────────────────
  CA   — AUC: 0.7685  AUPRC: 0.2880  Brier: 0.2337  Acc: 0.6703  F1: 0.3441  (best ep=3, thresh=0.596)

===========================================================================
CrossAttn  —  5-Fold CV Summary
===========================================================================
  Fold      AUC-ROC      AUPRC      Brier   Accuracy         F1
  ----------------------------------------------------------
  1          0.8425     0.4530     0.1401     0.7634     0.4500
  2          0.8437     0.4205     0.1528     0.7849     0.4595
  3          0.8322     0.3935     0.1734     0.6828     0.3918
  4          0.8193     0.3741     0.1225     0.7903     0.4507
  5          0.7685     0.2880     0.2337     0.6703     0.3441
  ──────────────────────────────────────────────────────────
  Mean       0.8212     0.3858     0.1645     0.7384     0.4192
  ±Std       0.0278     0.0556     0.0384     0.0514     0.0446
  [M2_2/bce/len128/scale_clinic] Evaluating on test set (med_epoch=3, thresh=0.418) ...

=======================================================
CrossAttn Test Evaluation  (scale_clin=True, scale_aec=False, threshold=0.418)
=======================================================
CrossAttn — training final model for 3 epochs on full CV set …

CrossAttn — Test Set (Overall):
  AUC: 0.8065  AUPRC: 0.3770  Brier: 0.1728  Acc: 0.6266  F1: 0.3256

CrossAttn — Test Set (By Sex):
  [M] n=85  AUC: 0.8099  AUPRC: 0.4712  Brier: 0.1958  Acc: 0.6118  F1: 0.4407
              precision    recall  f1-score   support

      Normal       0.97      0.55      0.70        71
  Sarcopenia       0.29      0.93      0.44        14

    accuracy                           0.61        85
   macro avg       0.63      0.74      0.57        85
weighted avg       0.86      0.61      0.66        85

  [F] n=148  AUC: 0.7717  AUPRC: 0.3597  Brier: 0.1596  Acc: 0.6351  F1: 0.2286
              precision    recall  f1-score   support

      Normal       0.97      0.63      0.76       137
  Sarcopenia       0.14      0.73      0.23        11

    accuracy                           0.64       148
   macro avg       0.55      0.68      0.49       148
weighted avg       0.90      0.64      0.72       148


───────────────────────────────────────────────────────
Test Set — Bootstrap CI
───────────────────────────────────────────────────────

  Bootstrap 95% CI — CrossAttn  (n_boot=2000)
  Metric         Estimate   95% CI Lower   95% CI Upper
  ----------------------------------------------------
  AUC-ROC          0.8065         0.7213         0.8860
  AUPRC            0.3770         0.2138         0.5657
  Brier            0.1728         0.1526         0.1931
  Accuracy         0.6266         0.5665         0.6910
  F1               0.3256         0.2261         0.4297
  [M2_2/bce/len128/scale_clinic] Saving figures ...

Saved (model 2_2 (len128, unmatched, bce)):
  연구코드/results/ok+missing/model_2_2\bce\aec256\len128/data_distribution.png
  연구코드/results/ok+missing/model_2_2\bce\aec256\len128/cv_roc_curves.png
  연구코드/results/ok+missing/model_2_2\bce\aec256\len128/cv_metric_distribution.png
  연구코드/results/ok+missing/model_2_2\bce\aec256\len128/training_curves.png
  연구코드/results/ok+missing/model_2_2\bce\aec256\len128/test_roc_curves.png
  연구코드/results/ok+missing/model_2_2\bce\aec256\len128/test_roc_by_sex.png
  연구코드/results/ok+missing/model_2_2\bce\aec256\len128/confusion_matrices.png
  연구코드/results/ok+missing/model_2_2\bce\aec256\len128/calibration.png
  연구코드/results/ok+missing/model_2_2\bce\aec256\len128/results.md
  [M2_2/bce/len128/scale_clinic] Plotting attention maps ...
  연구코드/results/ok+missing/model_2_2\bce\aec256\len128/attention_map_c2a.png
  연구코드/results/ok+missing/model_2_2\bce\aec256\len128/attention_heatmap.png
  [M2_2/bce/len128/scale_clinic] Done.

############################################################
  [M2_2 crop80] CASE : scale_clinic  (scale_clinic=True, loss=bce)
############################################################
  [M2_2/bce/crop80/scale_clinic] Cross-validating CrossAttn ...
=======================================================
5-Fold CV  [CrossAttn | scale_clin=True, scale_aec=False]
=======================================================

── Fold 1/5 ──────────────────────────────
  CA   — AUC: 0.8608  AUPRC: 0.4112  Brier: 0.1792  Acc: 0.8495  F1: 0.5484  (best ep=60, thresh=0.736)

── Fold 2/5 ──────────────────────────────
  CA   — AUC: 0.8328  AUPRC: 0.4791  Brier: 0.1611  Acc: 0.7366  F1: 0.4235  (best ep=1, thresh=0.444)

── Fold 3/5 ──────────────────────────────
  CA   — AUC: 0.8139  AUPRC: 0.3580  Brier: 0.1799  Acc: 0.7366  F1: 0.4096  (best ep=12, thresh=0.490)

── Fold 4/5 ──────────────────────────────
  CA   — AUC: 0.8262  AUPRC: 0.4350  Brier: 0.1594  Acc: 0.8333  F1: 0.4918  (best ep=2, thresh=0.523)

── Fold 5/5 ──────────────────────────────
  CA   — AUC: 0.7705  AUPRC: 0.3086  Brier: 0.2057  Acc: 0.7081  F1: 0.3721  (best ep=13, thresh=0.517)

===========================================================================
CrossAttn  —  5-Fold CV Summary
===========================================================================
  Fold      AUC-ROC      AUPRC      Brier   Accuracy         F1
  ----------------------------------------------------------
  1          0.8608     0.4112     0.1792     0.8495     0.5484
  2          0.8328     0.4791     0.1611     0.7366     0.4235
  3          0.8139     0.3580     0.1799     0.7366     0.4096
  4          0.8262     0.4350     0.1594     0.8333     0.4918
  5          0.7705     0.3086     0.2057     0.7081     0.3721
  ──────────────────────────────────────────────────────────
  Mean       0.8208     0.3984     0.1771     0.7728     0.4491
  ±Std       0.0295     0.0595     0.0167     0.0572     0.0630
  [M2_2/bce/crop80/scale_clinic] Evaluating on test set (med_epoch=12, thresh=0.517) ...

=======================================================
CrossAttn Test Evaluation  (scale_clin=True, scale_aec=False, threshold=0.517)
=======================================================
CrossAttn — training final model for 12 epochs on full CV set …

CrossAttn — Test Set (Overall):
  AUC: 0.8146  AUPRC: 0.3850  Brier: 0.1983  Acc: 0.6781  F1: 0.3478

CrossAttn — Test Set (By Sex):
  [M] n=85  AUC: 0.8783  AUPRC: 0.5521  Brier: 0.2169  Acc: 0.6824  F1: 0.5091
              precision    recall  f1-score   support

      Normal       1.00      0.62      0.77        71
  Sarcopenia       0.34      1.00      0.51        14

    accuracy                           0.68        85
   macro avg       0.67      0.81      0.64        85
weighted avg       0.89      0.68      0.72        85

  [F] n=148  AUC: 0.7246  AUPRC: 0.2287  Brier: 0.1876  Acc: 0.6757  F1: 0.2000
              precision    recall  f1-score   support

      Normal       0.95      0.69      0.80       137
  Sarcopenia       0.12      0.55      0.20        11

    accuracy                           0.68       148
   macro avg       0.54      0.62      0.50       148
weighted avg       0.89      0.68      0.75       148


───────────────────────────────────────────────────────
Test Set — Bootstrap CI
───────────────────────────────────────────────────────

  Bootstrap 95% CI — CrossAttn  (n_boot=2000)
  Metric         Estimate   95% CI Lower   95% CI Upper
  ----------------------------------------------------
  AUC-ROC          0.8146         0.7241         0.8927
  AUPRC            0.3850         0.2278         0.5719
  Brier            0.1983         0.1710         0.2256
  Accuracy         0.6781         0.6180         0.7339
  F1               0.3478         0.2376         0.4651
  [M2_2/bce/crop80/scale_clinic] Saving figures ...

Saved (model 2_2 (crop80, unmatched, bce)):
  연구코드/results/ok+missing/model_2_2\bce\aec256\crop80/data_distribution.png
  연구코드/results/ok+missing/model_2_2\bce\aec256\crop80/cv_roc_curves.png
  연구코드/results/ok+missing/model_2_2\bce\aec256\crop80/cv_metric_distribution.png
  연구코드/results/ok+missing/model_2_2\bce\aec256\crop80/training_curves.png
  연구코드/results/ok+missing/model_2_2\bce\aec256\crop80/test_roc_curves.png
  연구코드/results/ok+missing/model_2_2\bce\aec256\crop80/test_roc_by_sex.png
  연구코드/results/ok+missing/model_2_2\bce\aec256\crop80/confusion_matrices.png
  연구코드/results/ok+missing/model_2_2\bce\aec256\crop80/calibration.png
  연구코드/results/ok+missing/model_2_2\bce\aec256\crop80/results.md
  [M2_2/bce/crop80/scale_clinic] Plotting attention maps ...
  연구코드/results/ok+missing/model_2_2\bce\aec256\crop80/attention_map_c2a.png
  연구코드/results/ok+missing/model_2_2\bce\aec256\crop80/attention_heatmap.png
  [M2_2/bce/crop80/scale_clinic] Done.

############################################################
  [M2_2 crop60] CASE : scale_clinic  (scale_clinic=True, loss=bce)
############################################################
  [M2_2/bce/crop60/scale_clinic] Cross-validating CrossAttn ...
=======================================================
5-Fold CV  [CrossAttn | scale_clin=True, scale_aec=False]
=======================================================

── Fold 1/5 ──────────────────────────────
  CA   — AUC: 0.8322  AUPRC: 0.4326  Brier: 0.1521  Acc: 0.7688  F1: 0.4416  (best ep=5, thresh=0.500)

── Fold 2/5 ──────────────────────────────
  CA   — AUC: 0.8286  AUPRC: 0.4186  Brier: 0.1463  Acc: 0.7312  F1: 0.4186  (best ep=4, thresh=0.367)

── Fold 3/5 ──────────────────────────────
  CA   — AUC: 0.8108  AUPRC: 0.3365  Brier: 0.2864  Acc: 0.7204  F1: 0.3810  (best ep=11, thresh=0.736)

── Fold 4/5 ──────────────────────────────
  CA   — AUC: 0.8015  AUPRC: 0.3023  Brier: 0.1967  Acc: 0.7688  F1: 0.4267  (best ep=3, thresh=0.586)

── Fold 5/5 ──────────────────────────────
  CA   — AUC: 0.7777  AUPRC: 0.2417  Brier: 0.1413  Acc: 0.7838  F1: 0.4118  (best ep=88, thresh=0.374)

===========================================================================
CrossAttn  —  5-Fold CV Summary
===========================================================================
  Fold      AUC-ROC      AUPRC      Brier   Accuracy         F1
  ----------------------------------------------------------
  1          0.8322     0.4326     0.1521     0.7688     0.4416
  2          0.8286     0.4186     0.1463     0.7312     0.4186
  3          0.8108     0.3365     0.2864     0.7204     0.3810
  4          0.8015     0.3023     0.1967     0.7688     0.4267
  5          0.7777     0.2417     0.1413     0.7838     0.4118
  ──────────────────────────────────────────────────────────
  Mean       0.8102     0.3463     0.1846     0.7546     0.4159
  ±Std       0.0198     0.0716     0.0546     0.0244     0.0201
  [M2_2/bce/crop60/scale_clinic] Evaluating on test set (med_epoch=5, thresh=0.500) ...

=======================================================
CrossAttn Test Evaluation  (scale_clin=True, scale_aec=False, threshold=0.500)
=======================================================
CrossAttn — training final model for 5 epochs on full CV set …

CrossAttn — Test Set (Overall):
  AUC: 0.8204  AUPRC: 0.4127  Brier: 0.2369  Acc: 0.6094  F1: 0.3158

CrossAttn — Test Set (By Sex):
  [M] n=85  AUC: 0.8159  AUPRC: 0.4810  Brier: 0.2347  Acc: 0.6353  F1: 0.4561
              precision    recall  f1-score   support

      Normal       0.98      0.58      0.73        71
  Sarcopenia       0.30      0.93      0.46        14

    accuracy                           0.64        85
   macro avg       0.64      0.75      0.59        85
weighted avg       0.87      0.64      0.68        85

  [F] n=148  AUC: 0.7903  AUPRC: 0.3495  Brier: 0.2382  Acc: 0.5946  F1: 0.2105
              precision    recall  f1-score   support

      Normal       0.96      0.58      0.73       137
  Sarcopenia       0.12      0.73      0.21        11

    accuracy                           0.59       148
   macro avg       0.54      0.66      0.47       148
weighted avg       0.90      0.59      0.69       148


───────────────────────────────────────────────────────
Test Set — Bootstrap CI
───────────────────────────────────────────────────────

  Bootstrap 95% CI — CrossAttn  (n_boot=2000)
  Metric         Estimate   95% CI Lower   95% CI Upper
  ----------------------------------------------------
  AUC-ROC          0.8204         0.7349         0.8967
  AUPRC            0.4127         0.2486         0.5983
  Brier            0.2369         0.2059         0.2676
  Accuracy         0.6094         0.5494         0.6738
  F1               0.3158         0.2174         0.4225
  [M2_2/bce/crop60/scale_clinic] Saving figures ...

Saved (model 2_2 (crop60, unmatched, bce)):
  연구코드/results/ok+missing/model_2_2\bce\aec256\crop60/data_distribution.png
  연구코드/results/ok+missing/model_2_2\bce\aec256\crop60/cv_roc_curves.png
  연구코드/results/ok+missing/model_2_2\bce\aec256\crop60/cv_metric_distribution.png
  연구코드/results/ok+missing/model_2_2\bce\aec256\crop60/training_curves.png
  연구코드/results/ok+missing/model_2_2\bce\aec256\crop60/test_roc_curves.png
  연구코드/results/ok+missing/model_2_2\bce\aec256\crop60/test_roc_by_sex.png
  연구코드/results/ok+missing/model_2_2\bce\aec256\crop60/confusion_matrices.png
  연구코드/results/ok+missing/model_2_2\bce\aec256\crop60/calibration.png
  연구코드/results/ok+missing/model_2_2\bce\aec256\crop60/results.md
  [M2_2/bce/crop60/scale_clinic] Plotting attention maps ...
  연구코드/results/ok+missing/model_2_2\bce\aec256\crop60/attention_map_c2a.png
  연구코드/results/ok+missing/model_2_2\bce\aec256\crop60/attention_heatmap.png
  [M2_2/bce/crop60/scale_clinic] Done.
