============================================================
  MODEL 4 — AEC Only (aec128)  (3 AEC variants)
============================================================

############################################################
  [M4 raw]  (scale_aec=none)
############################################################
  [M4/raw] Cross-validating AECOnly ...
=======================================================
5-Fold CV  [AECOnly | scale_aec=none]
=======================================================

── Fold 1/5 ──────────────────────────────
  AEC  — AUC: 0.6098  AUPRC: 0.1867  Brier: 0.3113  Acc: 0.5082  F1: 0.2500  (best ep=280, thresh=0.534)

── Fold 2/5 ──────────────────────────────
  AEC  — AUC: 0.7064  AUPRC: 0.2589  Brier: 0.2970  Acc: 0.4809  F1: 0.2748  (best ep=64, thresh=0.546)

── Fold 3/5 ──────────────────────────────
  AEC  — AUC: 0.7019  AUPRC: 0.2188  Brier: 0.3068  Acc: 0.6995  F1: 0.3373  (best ep=292, thresh=0.615)

── Fold 4/5 ──────────────────────────────
  AEC  — AUC: 0.6964  AUPRC: 0.2181  Brier: 0.2704  Acc: 0.6448  F1: 0.3011  (best ep=79, thresh=0.545)

── Fold 5/5 ──────────────────────────────
  AEC  — AUC: 0.6416  AUPRC: 0.1831  Brier: 0.2919  Acc: 0.7747  F1: 0.3279  (best ep=460, thresh=0.643)

===========================================================================
AECOnly  —  5-Fold CV Summary
===========================================================================
  Fold      AUC-ROC      AUPRC      Brier   Accuracy         F1
  ----------------------------------------------------------
  1          0.6098     0.1867     0.3113     0.5082     0.2500
  2          0.7064     0.2589     0.2970     0.4809     0.2748
  3          0.7019     0.2188     0.3068     0.6995     0.3373
  4          0.6964     0.2181     0.2704     0.6448     0.3011
  5          0.6416     0.1831     0.2919     0.7747     0.3279
  ──────────────────────────────────────────────────────────
  Mean       0.6712     0.2131     0.2955     0.6216     0.2982
  ±Std       0.0386     0.0274     0.0143     0.1120     0.0325
  [M4/raw] Evaluating on test set (med_epoch=280, thresh=0.546) ...

=======================================================
AECOnly Test Evaluation  (scale_aec=none, threshold=0.546)
=======================================================
AECOnly — training final model for 280 epochs on full CV set …
  [AECOnly] Model weights saved → 연구코드/results/0612/model_4\raw\M4_raw_weights.pt

AECOnly — Test Set (Overall):
  AUC: 0.6006  AUPRC: 0.2167  Brier: 0.3071  Acc: 0.4672  F1: 0.2179

AECOnly — Test Set (By Sex):
  [M] n=82  AUC: 0.6098  AUPRC: 0.2306  Brier: 0.2848  Acc: 0.5610  F1: 0.3077
              precision    recall  f1-score   support

      Normal       0.88      0.55      0.68        69
  Sarcopenia       0.21      0.62      0.31        13

    accuracy                           0.56        82
   macro avg       0.54      0.58      0.49        82
weighted avg       0.78      0.56      0.62        82

  [F] n=147  AUC: 0.5976  AUPRC: 0.2764  Brier: 0.3196  Acc: 0.4150  F1: 0.1731
              precision    recall  f1-score   support

      Normal       0.96      0.38      0.55       136
  Sarcopenia       0.10      0.82      0.17        11

    accuracy                           0.41       147
   macro avg       0.53      0.60      0.36       147
weighted avg       0.90      0.41      0.52       147


───────────────────────────────────────────────────────
Test Set — Bootstrap CI
───────────────────────────────────────────────────────

  Bootstrap 95% CI — AECOnly  (n_boot=2000)
  Metric         Estimate   95% CI Lower   95% CI Upper
  ----------------------------------------------------
  AUC-ROC          0.6006         0.4708         0.7290
  AUPRC            0.2167         0.1082         0.3825
  Brier            0.3071         0.2950         0.3197
  Accuracy         0.4672         0.4017         0.5328
  F1               0.2179         0.1333         0.3086
  [M4/raw] Saving figures ...

Saved (model 4 (raw)):
  연구코드/results/0612/model_4\raw/label_distribution.png
  연구코드/results/0612/model_4\raw/cv_roc_curves.png
  연구코드/results/0612/model_4\raw/cv_metric_distribution.png
  연구코드/results/0612/model_4\raw/training_curves.png
  연구코드/results/0612/model_4\raw/test_roc_curves.png
  연구코드/results/0612/model_4\raw/test_roc_by_sex.png
  연구코드/results/0612/model_4\raw/confusion_matrices.png
  연구코드/results/0612/model_4\raw/calibration.png
  연구코드/results/0612/model_4\raw/results.md
  [M4/raw] Plotting Grad-CAM ...
  연구코드/results/0612/model_4\raw/cam_aec_mean.png
  연구코드/results/0612/model_4\raw/cam_aec_lines.png
  연구코드/results/0612/model_4\raw/cam_aec_heatmap.png
  [M4/raw] Done.

############################################################
  [M4 norm]  (scale_aec=none)
############################################################
  [M4/norm] Cross-validating AECOnly ...
=======================================================
5-Fold CV  [AECOnly | scale_aec=none]
=======================================================

── Fold 1/5 ──────────────────────────────
  AEC  — AUC: 0.6071  AUPRC: 0.1531  Brier: 0.2737  Acc: 0.7213  F1: 0.3014  (best ep=58, thresh=0.536)

── Fold 2/5 ──────────────────────────────
  AEC  — AUC: 0.5308  AUPRC: 0.1230  Brier: 0.3050  Acc: 0.7760  F1: 0.2264  (best ep=450, thresh=0.590)

── Fold 3/5 ──────────────────────────────
  AEC  — AUC: 0.6271  AUPRC: 0.1703  Brier: 0.3097  Acc: 0.5464  F1: 0.2523  (best ep=134, thresh=0.568)

── Fold 4/5 ──────────────────────────────
  AEC  — AUC: 0.5546  AUPRC: 0.1309  Brier: 0.2973  Acc: 0.4262  F1: 0.2336  (best ep=1, thresh=0.555)

── Fold 5/5 ──────────────────────────────
  AEC  — AUC: 0.5082  AUPRC: 0.1329  Brier: 0.3148  Acc: 0.8681  F1: 0.2000  (best ep=486, thresh=0.604)

===========================================================================
AECOnly  —  5-Fold CV Summary
===========================================================================
  Fold      AUC-ROC      AUPRC      Brier   Accuracy         F1
  ----------------------------------------------------------
  1          0.6071     0.1531     0.2737     0.7213     0.3014
  2          0.5308     0.1230     0.3050     0.7760     0.2264
  3          0.6271     0.1703     0.3097     0.5464     0.2523
  4          0.5546     0.1309     0.2973     0.4262     0.2336
  5          0.5082     0.1329     0.3148     0.8681     0.2000
  ──────────────────────────────────────────────────────────
  Mean       0.5655     0.1421     0.3001     0.6676     0.2427
  ±Std       0.0450     0.0173     0.0144     0.1599     0.0338
  [M4/norm] Evaluating on test set (med_epoch=134, thresh=0.568) ...

=======================================================
AECOnly Test Evaluation  (scale_aec=none, threshold=0.568)
=======================================================
AECOnly — training final model for 134 epochs on full CV set …
  [AECOnly] Model weights saved → 연구코드/results/0612/model_4\norm\M4_norm_weights.pt

AECOnly — Test Set (Overall):
  AUC: 0.5392  AUPRC: 0.1199  Brier: 0.3005  Acc: 0.8297  F1: 0.0488

AECOnly — Test Set (By Sex):
  [M] n=82  AUC: 0.5875  AUPRC: 0.2110  Brier: 0.2941  Acc: 0.7683  F1: 0.0952
              precision    recall  f1-score   support

      Normal       0.84      0.90      0.87        69
  Sarcopenia       0.12      0.08      0.10        13

    accuracy                           0.77        82
   macro avg       0.48      0.49      0.48        82
weighted avg       0.72      0.77      0.74        82

  [F] n=147  AUC: 0.4418  AUPRC: 0.0699  Brier: 0.3040  Acc: 0.8639  F1: 0.0000
              precision    recall  f1-score   support

      Normal       0.92      0.93      0.93       136
  Sarcopenia       0.00      0.00      0.00        11

    accuracy                           0.86       147
   macro avg       0.46      0.47      0.46       147
weighted avg       0.85      0.86      0.86       147


───────────────────────────────────────────────────────
Test Set — Bootstrap CI
───────────────────────────────────────────────────────

  Bootstrap 95% CI — AECOnly  (n_boot=2000)
  Metric         Estimate   95% CI Lower   95% CI Upper
  ----------------------------------------------------
  AUC-ROC          0.5392         0.4215         0.6526
  AUPRC            0.1199         0.0765         0.2001
  Brier            0.3005         0.2954         0.3049
  Accuracy         0.8297         0.7773         0.8777
  F1               0.0488         0.0000         0.1538
  [M4/norm] Saving figures ...

Saved (model 4 (norm)):
  연구코드/results/0612/model_4\norm/label_distribution.png
  연구코드/results/0612/model_4\norm/cv_roc_curves.png
  연구코드/results/0612/model_4\norm/cv_metric_distribution.png
  연구코드/results/0612/model_4\norm/training_curves.png
  연구코드/results/0612/model_4\norm/test_roc_curves.png
  연구코드/results/0612/model_4\norm/test_roc_by_sex.png
  연구코드/results/0612/model_4\norm/confusion_matrices.png
  연구코드/results/0612/model_4\norm/calibration.png
  연구코드/results/0612/model_4\norm/results.md
  [M4/norm] Plotting Grad-CAM ...
  연구코드/results/0612/model_4\norm/cam_aec_mean.png
  연구코드/results/0612/model_4\norm/cam_aec_lines.png
  연구코드/results/0612/model_4\norm/cam_aec_heatmap.png
  [M4/norm] Done.

############################################################
  [M4 global_zscore]  (scale_aec=global)
############################################################
  [M4/global_zscore] Cross-validating AECOnly ...
=======================================================
5-Fold CV  [AECOnly | scale_aec=global]
=======================================================

── Fold 1/5 ──────────────────────────────
  AEC  — AUC: 0.5920  AUPRC: 0.1573  Brier: 0.2867  Acc: 0.3825  F1: 0.2517  (best ep=105, thresh=0.489)

── Fold 2/5 ──────────────────────────────
  AEC  — AUC: 0.6935  AUPRC: 0.3005  Brier: 0.2857  Acc: 0.6175  F1: 0.2857  (best ep=173, thresh=0.548)

── Fold 3/5 ──────────────────────────────
  AEC  — AUC: 0.7327  AUPRC: 0.2662  Brier: 0.3112  Acc: 0.8197  F1: 0.4000  (best ep=252, thresh=0.645)

── Fold 4/5 ──────────────────────────────
  AEC  — AUC: 0.6720  AUPRC: 0.2366  Brier: 0.2880  Acc: 0.6831  F1: 0.3095  (best ep=173, thresh=0.578)

── Fold 5/5 ──────────────────────────────
  AEC  — AUC: 0.6561  AUPRC: 0.1883  Brier: 0.2996  Acc: 0.7088  F1: 0.2933  (best ep=397, thresh=0.631)

===========================================================================
AECOnly  —  5-Fold CV Summary
===========================================================================
  Fold      AUC-ROC      AUPRC      Brier   Accuracy         F1
  ----------------------------------------------------------
  1          0.5920     0.1573     0.2867     0.3825     0.2517
  2          0.6935     0.3005     0.2857     0.6175     0.2857
  3          0.7327     0.2662     0.3112     0.8197     0.4000
  4          0.6720     0.2366     0.2880     0.6831     0.3095
  5          0.6561     0.1883     0.2996     0.7088     0.2933
  ──────────────────────────────────────────────────────────
  Mean       0.6693     0.2298     0.2942     0.6423     0.3080
  ±Std       0.0464     0.0517     0.0098     0.1454     0.0497
  [M4/global_zscore] Evaluating on test set (med_epoch=173, thresh=0.578) ...

=======================================================
AECOnly Test Evaluation  (scale_aec=global, threshold=0.578)
=======================================================
AECOnly — training final model for 173 epochs on full CV set …
  [AECOnly] Model weights saved → 연구코드/results/0612/model_4\global_zscore\M4_global_zscore_weights.pt

AECOnly — Test Set (Overall):
  AUC: 0.6030  AUPRC: 0.2116  Brier: 0.3163  Acc: 0.5328  F1: 0.2190

AECOnly — Test Set (By Sex):
  [M] n=82  AUC: 0.6076  AUPRC: 0.2674  Brier: 0.2976  Acc: 0.5976  F1: 0.2979
              precision    recall  f1-score   support

      Normal       0.88      0.61      0.72        69
  Sarcopenia       0.21      0.54      0.30        13

    accuracy                           0.60        82
   macro avg       0.54      0.57      0.51        82
weighted avg       0.77      0.60      0.65        82

  [F] n=147  AUC: 0.6049  AUPRC: 0.1920  Brier: 0.3267  Acc: 0.4966  F1: 0.1778
              precision    recall  f1-score   support

      Normal       0.96      0.48      0.64       136
  Sarcopenia       0.10      0.73      0.18        11

    accuracy                           0.50       147
   macro avg       0.53      0.60      0.41       147
weighted avg       0.89      0.50      0.60       147


───────────────────────────────────────────────────────
Test Set — Bootstrap CI
───────────────────────────────────────────────────────

  Bootstrap 95% CI — AECOnly  (n_boot=2000)
  Metric         Estimate   95% CI Lower   95% CI Upper
  ----------------------------------------------------
  AUC-ROC          0.6030         0.4728         0.7287
  AUPRC            0.2116         0.1129         0.3971
  Brier            0.3163         0.3029         0.3290
  Accuracy         0.5328         0.4671         0.5983
  F1               0.2190         0.1304         0.3158
  [M4/global_zscore] Saving figures ...

Saved (model 4 (global_zscore)):
  연구코드/results/0612/model_4\global_zscore/label_distribution.png
  연구코드/results/0612/model_4\global_zscore/cv_roc_curves.png
  연구코드/results/0612/model_4\global_zscore/cv_metric_distribution.png
  연구코드/results/0612/model_4\global_zscore/training_curves.png
  연구코드/results/0612/model_4\global_zscore/test_roc_curves.png
  연구코드/results/0612/model_4\global_zscore/test_roc_by_sex.png
  연구코드/results/0612/model_4\global_zscore/confusion_matrices.png
  연구코드/results/0612/model_4\global_zscore/calibration.png
  연구코드/results/0612/model_4\global_zscore/results.md
  [M4/global_zscore] Plotting Grad-CAM ...
  연구코드/results/0612/model_4\global_zscore/cam_aec_mean.png
  연구코드/results/0612/model_4\global_zscore/cam_aec_lines.png
  연구코드/results/0612/model_4\global_zscore/cam_aec_heatmap.png
  [M4/global_zscore] Done.
