============================================================
  MODEL 1 — Clinic Only  (1 case)
============================================================

############################################################
  [M1] CASE : scale_clinic  (scale_clinic=True)
############################################################
=======================================================
5-Fold Cross-Validation  [scale_X=True]
=======================================================

── Fold 1/5 ──────────────────────────────
  LR — AUC: 0.7382  AUPRC: 0.4100  Brier: 0.1958  Acc: 0.6812  F1: 0.2414

── Fold 2/5 ──────────────────────────────
  LR — AUC: 0.8463  AUPRC: 0.3902  Brier: 0.1702  Acc: 0.7391  F1: 0.4375

── Fold 3/5 ──────────────────────────────
  LR — AUC: 0.8689  AUPRC: 0.5325  Brier: 0.1749  Acc: 0.7391  F1: 0.4194

── Fold 4/5 ──────────────────────────────
  LR — AUC: 0.8405  AUPRC: 0.3844  Brier: 0.1973  Acc: 0.6884  F1: 0.4416

── Fold 5/5 ──────────────────────────────
  LR — AUC: 0.7681  AUPRC: 0.4366  Brier: 0.1656  Acc: 0.7536  F1: 0.3929

===========================================================================
LR  —  5-Fold CV Summary
===========================================================================
  Fold      AUC-ROC      AUPRC      Brier   Accuracy         F1
  ----------------------------------------------------------
  1          0.7382     0.4100     0.1958     0.6812     0.2414
  2          0.8463     0.3902     0.1702     0.7391     0.4375
  3          0.8689     0.5325     0.1749     0.7391     0.4194
  4          0.8405     0.3844     0.1973     0.6884     0.4416
  5          0.7681     0.4366     0.1656     0.7536     0.3929
  ──────────────────────────────────────────────────────────
  Mean       0.8124     0.4307     0.1808     0.7203     0.3865
  ±Std       0.0502     0.0541     0.0132     0.0296     0.0746

=======================================================
Final Test Evaluation  (scale_X=True)
=======================================================

Logistic Regression — Test Set (Overall):
  AUC: 0.8336  AUPRC: 0.3913  Brier: 0.1872  Acc: 0.7052  F1: 0.4000

Logistic Regression — Test Set (By Sex):
  [M] n=69  AUC: 0.7763  AUPRC: 0.3872  Brier: 0.2096  Acc: 0.6957  F1: 0.4878
              precision    recall  f1-score   support

      Normal       0.95      0.67      0.78        57
  Sarcopenia       0.34      0.83      0.49        12

    accuracy                           0.70        69
   macro avg       0.65      0.75      0.64        69
weighted avg       0.84      0.70      0.73        69

  [F] n=104  AUC: 0.8678  AUPRC: 0.4365  Brier: 0.1723  Acc: 0.7115  F1: 0.3182
              precision    recall  f1-score   support

      Normal       0.97      0.71      0.82        95
  Sarcopenia       0.20      0.78      0.32         9

    accuracy                           0.71       104
   macro avg       0.59      0.74      0.57       104
weighted avg       0.90      0.71      0.77       104


───────────────────────────────────────────────────────
Test Set — Bootstrap CI
───────────────────────────────────────────────────────

  Bootstrap 95% CI — LR  (n_boot=2000)
  Metric         Estimate   95% CI Lower   95% CI Upper
  ----------------------------------------------------
  AUC-ROC          0.8336         0.7553         0.9056
  AUPRC            0.3913         0.2340         0.5850
  Brier            0.1872         0.1553         0.2199
  Accuracy         0.7052         0.6416         0.7746
  F1               0.4000         0.2651         0.5264

Saved:
  연구코드/results/0522_ok/model_1\scale_clinic/data_distribution.png
  연구코드/results/0522_ok/model_1\scale_clinic/cv_roc_curves.png
  연구코드/results/0522_ok/model_1\scale_clinic/cv_metric_distribution.png
  연구코드/results/0522_ok/model_1\scale_clinic/confusion_matrices.png
  연구코드/results/0522_ok/model_1\scale_clinic/test_roc_curves.png
  연구코드/results/0522_ok/model_1\scale_clinic/test_roc_by_sex.png
  연구코드/results/0522_ok/model_1\scale_clinic/calibration.png
  연구코드/results/0522_ok/model_1\scale_clinic/results.md
