============================================================
  MODEL 2 — Clinic + AEC (aec128, BCEWithLogitsLoss)  (5 AEC variants × 1 case)
============================================================

############################################################
  [M2 norm] CASE : scale_clinic  (scale_clinic=True, loss=bce)
############################################################
  [M2/bce/norm/scale_clinic] Cross-validating CrossAttn ...
=======================================================
5-Fold CV  [CrossAttn | scale_clin=True, scale_aec=False]
=======================================================

── Fold 1/5 ──────────────────────────────
  CA   — AUC: 0.7866  AUPRC: 0.3402  Brier: 0.1250  Acc: 0.8116  F1: 0.4800  (best ep=5, thresh=0.417)

── Fold 2/5 ──────────────────────────────
  CA   — AUC: 0.7939  AUPRC: 0.4067  Brier: 0.2146  Acc: 0.8333  F1: 0.5306  (best ep=2, thresh=0.670)

── Fold 3/5 ──────────────────────────────
  CA   — AUC: 0.8481  AUPRC: 0.4902  Brier: 0.1724  Acc: 0.7226  F1: 0.4242  (best ep=10, thresh=0.474)

── Fold 4/5 ──────────────────────────────
  CA   — AUC: 0.8332  AUPRC: 0.5398  Brier: 0.2968  Acc: 0.8248  F1: 0.5000  (best ep=17, thresh=0.839)

── Fold 5/5 ──────────────────────────────
  CA   — AUC: 0.8414  AUPRC: 0.3521  Brier: 0.2397  Acc: 0.8102  F1: 0.5000  (best ep=11, thresh=0.724)

===========================================================================
CrossAttn  —  5-Fold CV Summary
===========================================================================
  Fold      AUC-ROC      AUPRC      Brier   Accuracy         F1
  ----------------------------------------------------------
  1          0.7866     0.3402     0.1250     0.8116     0.4800
  2          0.7939     0.4067     0.2146     0.8333     0.5306
  3          0.8481     0.4902     0.1724     0.7226     0.4242
  4          0.8332     0.5398     0.2968     0.8248     0.5000
  5          0.8414     0.3521     0.2397     0.8102     0.5000
  ──────────────────────────────────────────────────────────
  Mean       0.8206     0.4258     0.2097     0.8005     0.4870
  ±Std       0.0254     0.0778     0.0584     0.0399     0.0353
  [M2/bce/norm/scale_clinic] Evaluating on test set (med_epoch=10, thresh=0.670) ...

=======================================================
CrossAttn Test Evaluation  (scale_clin=True, scale_aec=False, threshold=0.670)
=======================================================
CrossAttn — training final model for 10 epochs on full CV set …

CrossAttn — Test Set (Overall):
  AUC: 0.8868  AUPRC: 0.5551  Brier: 0.2124  Acc: 0.7384  F1: 0.4444

CrossAttn — Test Set (By Sex):
  [M] n=71  AUC: 0.8879  AUPRC: 0.5968  Brier: 0.2405  Acc: 0.6901  F1: 0.4762
              precision    recall  f1-score   support

      Normal       0.97      0.65      0.78        60
  Sarcopenia       0.32      0.91      0.48        11

    accuracy                           0.69        71
   macro avg       0.65      0.78      0.63        71
weighted avg       0.87      0.69      0.73        71

  [F] n=101  AUC: 0.8714  AUPRC: 0.6063  Brier: 0.1926  Acc: 0.7723  F1: 0.4103
              precision    recall  f1-score   support

      Normal       0.97      0.77      0.86        91
  Sarcopenia       0.28      0.80      0.41        10

    accuracy                           0.77       101
   macro avg       0.62      0.78      0.63       101
weighted avg       0.90      0.77      0.81       101


───────────────────────────────────────────────────────
Test Set — Bootstrap CI
───────────────────────────────────────────────────────

  Bootstrap 95% CI — CrossAttn  (n_boot=2000)
  Metric         Estimate   95% CI Lower   95% CI Upper
  ----------------------------------------------------
  AUC-ROC          0.8868         0.8101         0.9494
  AUPRC            0.5551         0.3607         0.7635
  Brier            0.2124         0.1773         0.2487
  Accuracy         0.7384         0.6744         0.8023
  F1               0.4444         0.3030         0.5783
  [M2/bce/norm/scale_clinic] Saving figures ...

Saved (model 2 (norm, bce)):
  연구코드/results/ok/model_2\bce\aec128\norm/data_distribution.png
  연구코드/results/ok/model_2\bce\aec128\norm/cv_roc_curves.png
  연구코드/results/ok/model_2\bce\aec128\norm/cv_metric_distribution.png
  연구코드/results/ok/model_2\bce\aec128\norm/training_curves.png
  연구코드/results/ok/model_2\bce\aec128\norm/test_roc_curves.png
  연구코드/results/ok/model_2\bce\aec128\norm/test_roc_by_sex.png
  연구코드/results/ok/model_2\bce\aec128\norm/confusion_matrices.png
  연구코드/results/ok/model_2\bce\aec128\norm/calibration.png
  연구코드/results/ok/model_2\bce\aec128\norm/results.md
  [M2/bce/norm/scale_clinic] Plotting attention maps ...
  연구코드/results/ok/model_2\bce\aec128\norm/attention_map_c2a.png
  연구코드/results/ok/model_2\bce\aec128\norm/attention_heatmap.png
  [M2/bce/norm/scale_clinic] Done.

############################################################
  [M2 excl_extreme] CASE : scale_clinic  (scale_clinic=True, loss=bce)
############################################################
  [M2/bce/excl_extreme/scale_clinic] Cross-validating CrossAttn ...
=======================================================
5-Fold CV  [CrossAttn | scale_clin=True, scale_aec=False]
=======================================================

── Fold 1/5 ──────────────────────────────
  CA   — AUC: 0.8149  AUPRC: 0.4798  Brier: 0.1916  Acc: 0.7903  F1: 0.4583  (best ep=17, thresh=0.678)

── Fold 2/5 ──────────────────────────────
  CA   — AUC: 0.7909  AUPRC: 0.2707  Brier: 0.1849  Acc: 0.8387  F1: 0.4737  (best ep=3, thresh=0.672)

── Fold 3/5 ──────────────────────────────
  CA   — AUC: 0.8755  AUPRC: 0.4177  Brier: 0.1827  Acc: 0.7398  F1: 0.4483  (best ep=9, thresh=0.515)

── Fold 4/5 ──────────────────────────────
  CA   — AUC: 0.7654  AUPRC: 0.3363  Brier: 0.2517  Acc: 0.6098  F1: 0.3684  (best ep=2, thresh=0.515)

── Fold 5/5 ──────────────────────────────
  CA   — AUC: 0.7811  AUPRC: 0.3384  Brier: 0.1887  Acc: 0.7073  F1: 0.4000  (best ep=1, thresh=0.467)

===========================================================================
CrossAttn  —  5-Fold CV Summary
===========================================================================
  Fold      AUC-ROC      AUPRC      Brier   Accuracy         F1
  ----------------------------------------------------------
  1          0.8149     0.4798     0.1916     0.7903     0.4583
  2          0.7909     0.2707     0.1849     0.8387     0.4737
  3          0.8755     0.4177     0.1827     0.7398     0.4483
  4          0.7654     0.3363     0.2517     0.6098     0.3684
  5          0.7811     0.3384     0.1887     0.7073     0.4000
  ──────────────────────────────────────────────────────────
  Mean       0.8056     0.3686     0.1999     0.7372     0.4297
  ±Std       0.0385     0.0725     0.0261     0.0778     0.0393
  [M2/bce/excl_extreme/scale_clinic] Evaluating on test set (med_epoch=3, thresh=0.515) ...

=======================================================
CrossAttn Test Evaluation  (scale_clin=True, scale_aec=False, threshold=0.515)
=======================================================
CrossAttn — training final model for 3 epochs on full CV set …

CrossAttn — Test Set (Overall):
  AUC: 0.8339  AUPRC: 0.3987  Brier: 0.2687  Acc: 0.6104  F1: 0.4118

CrossAttn — Test Set (By Sex):
  [M] n=64  AUC: 0.7976  AUPRC: 0.4554  Brier: 0.2838  Acc: 0.6094  F1: 0.4681
              precision    recall  f1-score   support

      Normal       1.00      0.53      0.69        53
  Sarcopenia       0.31      1.00      0.47        11

    accuracy                           0.61        64
   macro avg       0.65      0.76      0.58        64
weighted avg       0.88      0.61      0.65        64

  [F] n=90  AUC: 0.8625  AUPRC: 0.3538  Brier: 0.2580  Acc: 0.6111  F1: 0.3636
              precision    recall  f1-score   support

      Normal       1.00      0.56      0.72        80
  Sarcopenia       0.22      1.00      0.36        10

    accuracy                           0.61        90
   macro avg       0.61      0.78      0.54        90
weighted avg       0.91      0.61      0.68        90


───────────────────────────────────────────────────────
Test Set — Bootstrap CI
───────────────────────────────────────────────────────

  Bootstrap 95% CI — CrossAttn  (n_boot=2000)
  Metric         Estimate   95% CI Lower   95% CI Upper
  ----------------------------------------------------
  AUC-ROC          0.8339         0.7534         0.9018
  AUPRC            0.3987         0.2342         0.6115
  Brier            0.2687         0.2250         0.3143
  Accuracy         0.6104         0.5325         0.6883
  F1               0.4118         0.2857         0.5253
  [M2/bce/excl_extreme/scale_clinic] Saving figures ...

Saved (model 2 (excl_extreme, bce)):
  연구코드/results/ok/model_2\bce\aec128\excl_extreme/data_distribution.png
  연구코드/results/ok/model_2\bce\aec128\excl_extreme/cv_roc_curves.png
  연구코드/results/ok/model_2\bce\aec128\excl_extreme/cv_metric_distribution.png
  연구코드/results/ok/model_2\bce\aec128\excl_extreme/training_curves.png
  연구코드/results/ok/model_2\bce\aec128\excl_extreme/test_roc_curves.png
  연구코드/results/ok/model_2\bce\aec128\excl_extreme/test_roc_by_sex.png
  연구코드/results/ok/model_2\bce\aec128\excl_extreme/confusion_matrices.png
  연구코드/results/ok/model_2\bce\aec128\excl_extreme/calibration.png
  연구코드/results/ok/model_2\bce\aec128\excl_extreme/results.md
  [M2/bce/excl_extreme/scale_clinic] Plotting attention maps ...
  연구코드/results/ok/model_2\bce\aec128\excl_extreme/attention_map_c2a.png
  연구코드/results/ok/model_2\bce\aec128\excl_extreme/attention_heatmap.png
  [M2/bce/excl_extreme/scale_clinic] Done.

############################################################
  [M2 len128] CASE : scale_clinic  (scale_clinic=True, loss=bce)
############################################################
  [M2/bce/len128/scale_clinic] Cross-validating CrossAttn ...
=======================================================
5-Fold CV  [CrossAttn | scale_clin=True, scale_aec=False]
=======================================================

── Fold 1/5 ──────────────────────────────
  CA   — AUC: 0.8041  AUPRC: 0.3957  Brier: 0.1397  Acc: 0.6522  F1: 0.3846  (best ep=31, thresh=0.192)

── Fold 2/5 ──────────────────────────────
  CA   — AUC: 0.8260  AUPRC: 0.4062  Brier: 0.1706  Acc: 0.8116  F1: 0.5185  (best ep=6, thresh=0.557)

── Fold 3/5 ──────────────────────────────
  CA   — AUC: 0.8110  AUPRC: 0.4270  Brier: 0.1386  Acc: 0.8248  F1: 0.4783  (best ep=50, thresh=0.528)

── Fold 4/5 ──────────────────────────────
  CA   — AUC: 0.8084  AUPRC: 0.4722  Brier: 0.1590  Acc: 0.6715  F1: 0.3836  (best ep=1, thresh=0.402)

── Fold 5/5 ──────────────────────────────
  CA   — AUC: 0.8218  AUPRC: 0.3200  Brier: 0.1974  Acc: 0.6934  F1: 0.4000  (best ep=9, thresh=0.457)

===========================================================================
CrossAttn  —  5-Fold CV Summary
===========================================================================
  Fold      AUC-ROC      AUPRC      Brier   Accuracy         F1
  ----------------------------------------------------------
  1          0.8041     0.3957     0.1397     0.6522     0.3846
  2          0.8260     0.4062     0.1706     0.8116     0.5185
  3          0.8110     0.4270     0.1386     0.8248     0.4783
  4          0.8084     0.4722     0.1590     0.6715     0.3836
  5          0.8218     0.3200     0.1974     0.6934     0.4000
  ──────────────────────────────────────────────────────────
  Mean       0.8142     0.4042     0.1611     0.7307     0.4330
  ±Std       0.0083     0.0496     0.0218     0.0727     0.0552
  [M2/bce/len128/scale_clinic] Evaluating on test set (med_epoch=9, thresh=0.457) ...

=======================================================
CrossAttn Test Evaluation  (scale_clin=True, scale_aec=False, threshold=0.457)
=======================================================
CrossAttn — training final model for 9 epochs on full CV set …

CrossAttn — Test Set (Overall):
  AUC: 0.8578  AUPRC: 0.4132  Brier: 0.2150  Acc: 0.6395  F1: 0.3922

CrossAttn — Test Set (By Sex):
  [M] n=71  AUC: 0.8561  AUPRC: 0.4713  Brier: 0.2564  Acc: 0.6056  F1: 0.4400
              precision    recall  f1-score   support

      Normal       1.00      0.53      0.70        60
  Sarcopenia       0.28      1.00      0.44        11

    accuracy                           0.61        71
   macro avg       0.64      0.77      0.57        71
weighted avg       0.89      0.61      0.66        71

  [F] n=101  AUC: 0.8505  AUPRC: 0.4002  Brier: 0.1858  Acc: 0.6634  F1: 0.3462
              precision    recall  f1-score   support

      Normal       0.98      0.64      0.77        91
  Sarcopenia       0.21      0.90      0.35        10

    accuracy                           0.66       101
   macro avg       0.60      0.77      0.56       101
weighted avg       0.91      0.66      0.73       101


───────────────────────────────────────────────────────
Test Set — Bootstrap CI
───────────────────────────────────────────────────────

  Bootstrap 95% CI — CrossAttn  (n_boot=2000)
  Metric         Estimate   95% CI Lower   95% CI Upper
  ----------------------------------------------------
  AUC-ROC          0.8578         0.7829         0.9229
  AUPRC            0.4132         0.2549         0.6437
  Brier            0.2150         0.1786         0.2528
  Accuracy         0.6395         0.5640         0.7093
  F1               0.3922         0.2666         0.5133
  [M2/bce/len128/scale_clinic] Saving figures ...

Saved (model 2 (len128, bce)):
  연구코드/results/ok/model_2\bce\aec128\len128/data_distribution.png
  연구코드/results/ok/model_2\bce\aec128\len128/cv_roc_curves.png
  연구코드/results/ok/model_2\bce\aec128\len128/cv_metric_distribution.png
  연구코드/results/ok/model_2\bce\aec128\len128/training_curves.png
  연구코드/results/ok/model_2\bce\aec128\len128/test_roc_curves.png
  연구코드/results/ok/model_2\bce\aec128\len128/test_roc_by_sex.png
  연구코드/results/ok/model_2\bce\aec128\len128/confusion_matrices.png
  연구코드/results/ok/model_2\bce\aec128\len128/calibration.png
  연구코드/results/ok/model_2\bce\aec128\len128/results.md
  [M2/bce/len128/scale_clinic] Plotting attention maps ...
  연구코드/results/ok/model_2\bce\aec128\len128/attention_map_c2a.png
  연구코드/results/ok/model_2\bce\aec128\len128/attention_heatmap.png
  [M2/bce/len128/scale_clinic] Done.

############################################################
  [M2 crop80] CASE : scale_clinic  (scale_clinic=True, loss=bce)
############################################################
  [M2/bce/crop80/scale_clinic] Cross-validating CrossAttn ...
=======================================================
5-Fold CV  [CrossAttn | scale_clin=True, scale_aec=False]
=======================================================

── Fold 1/5 ──────────────────────────────
  CA   — AUC: 0.8060  AUPRC: 0.3586  Brier: 0.1847  Acc: 0.8116  F1: 0.5000  (best ep=9, thresh=0.637)

── Fold 2/5 ──────────────────────────────
  CA   — AUC: 0.8123  AUPRC: 0.3884  Brier: 0.1995  Acc: 0.6449  F1: 0.3951  (best ep=2, thresh=0.482)

── Fold 3/5 ──────────────────────────────
  CA   — AUC: 0.8099  AUPRC: 0.3551  Brier: 0.1584  Acc: 0.7518  F1: 0.4333  (best ep=17, thresh=0.519)

── Fold 4/5 ──────────────────────────────
  CA   — AUC: 0.7991  AUPRC: 0.4137  Brier: 0.2489  Acc: 0.7080  F1: 0.3750  (best ep=3, thresh=0.669)

── Fold 5/5 ──────────────────────────────
  CA   — AUC: 0.8254  AUPRC: 0.3278  Brier: 0.1863  Acc: 0.6934  F1: 0.4000  (best ep=42, thresh=0.353)

===========================================================================
CrossAttn  —  5-Fold CV Summary
===========================================================================
  Fold      AUC-ROC      AUPRC      Brier   Accuracy         F1
  ----------------------------------------------------------
  1          0.8060     0.3586     0.1847     0.8116     0.5000
  2          0.8123     0.3884     0.1995     0.6449     0.3951
  3          0.8099     0.3551     0.1584     0.7518     0.4333
  4          0.7991     0.4137     0.2489     0.7080     0.3750
  5          0.8254     0.3278     0.1863     0.6934     0.4000
  ──────────────────────────────────────────────────────────
  Mean       0.8106     0.3687     0.1956     0.7220     0.4207
  ±Std       0.0087     0.0296     0.0298     0.0563     0.0439
  [M2/bce/crop80/scale_clinic] Evaluating on test set (med_epoch=9, thresh=0.519) ...

=======================================================
CrossAttn Test Evaluation  (scale_clin=True, scale_aec=False, threshold=0.519)
=======================================================
CrossAttn — training final model for 9 epochs on full CV set …

CrossAttn — Test Set (Overall):
  AUC: 0.8612  AUPRC: 0.5462  Brier: 0.2017  Acc: 0.6860  F1: 0.4130

CrossAttn — Test Set (By Sex):
  [M] n=71  AUC: 0.8970  AUPRC: 0.7322  Brier: 0.2300  Acc: 0.6338  F1: 0.4348
              precision    recall  f1-score   support

      Normal       0.97      0.58      0.73        60
  Sarcopenia       0.29      0.91      0.43        11

    accuracy                           0.63        71
   macro avg       0.63      0.75      0.58        71
weighted avg       0.87      0.63      0.68        71

  [F] n=101  AUC: 0.8418  AUPRC: 0.3531  Brier: 0.1818  Acc: 0.7228  F1: 0.3913
              precision    recall  f1-score   support

      Normal       0.98      0.70      0.82        91
  Sarcopenia       0.25      0.90      0.39        10

    accuracy                           0.72       101
   macro avg       0.62      0.80      0.61       101
weighted avg       0.91      0.72      0.78       101


───────────────────────────────────────────────────────
Test Set — Bootstrap CI
───────────────────────────────────────────────────────

  Bootstrap 95% CI — CrossAttn  (n_boot=2000)
  Metric         Estimate   95% CI Lower   95% CI Upper
  ----------------------------------------------------
  AUC-ROC          0.8612         0.7760         0.9329
  AUPRC            0.5462         0.3330         0.7336
  Brier            0.2017         0.1656         0.2362
  Accuracy         0.6860         0.6163         0.7558
  F1               0.4130         0.2823         0.5377
  [M2/bce/crop80/scale_clinic] Saving figures ...

Saved (model 2 (crop80, bce)):
  연구코드/results/ok/model_2\bce\aec128\crop80/data_distribution.png
  연구코드/results/ok/model_2\bce\aec128\crop80/cv_roc_curves.png
  연구코드/results/ok/model_2\bce\aec128\crop80/cv_metric_distribution.png
  연구코드/results/ok/model_2\bce\aec128\crop80/training_curves.png
  연구코드/results/ok/model_2\bce\aec128\crop80/test_roc_curves.png
  연구코드/results/ok/model_2\bce\aec128\crop80/test_roc_by_sex.png
  연구코드/results/ok/model_2\bce\aec128\crop80/confusion_matrices.png
  연구코드/results/ok/model_2\bce\aec128\crop80/calibration.png
  연구코드/results/ok/model_2\bce\aec128\crop80/results.md
  [M2/bce/crop80/scale_clinic] Plotting attention maps ...
  연구코드/results/ok/model_2\bce\aec128\crop80/attention_map_c2a.png
  연구코드/results/ok/model_2\bce\aec128\crop80/attention_heatmap.png
  [M2/bce/crop80/scale_clinic] Done.

############################################################
  [M2 crop60] CASE : scale_clinic  (scale_clinic=True, loss=bce)
############################################################
  [M2/bce/crop60/scale_clinic] Cross-validating CrossAttn ...
=======================================================
5-Fold CV  [CrossAttn | scale_clin=True, scale_aec=False]
=======================================================

── Fold 1/5 ──────────────────────────────
  CA   — AUC: 0.8031  AUPRC: 0.3857  Brier: 0.1451  Acc: 0.8043  F1: 0.4906  (best ep=13, thresh=0.535)

── Fold 2/5 ──────────────────────────────
  CA   — AUC: 0.8201  AUPRC: 0.4584  Brier: 0.1586  Acc: 0.7681  F1: 0.4483  (best ep=1, thresh=0.445)

── Fold 3/5 ──────────────────────────────
  CA   — AUC: 0.8218  AUPRC: 0.3699  Brier: 0.1838  Acc: 0.6569  F1: 0.3896  (best ep=50, thresh=0.375)

── Fold 4/5 ──────────────────────────────
  CA   — AUC: 0.7949  AUPRC: 0.3883  Brier: 0.1791  Acc: 0.7080  F1: 0.3939  (best ep=1, thresh=0.418)

── Fold 5/5 ──────────────────────────────
  CA   — AUC: 0.7913  AUPRC: 0.2982  Brier: 0.1865  Acc: 0.5693  F1: 0.3516  (best ep=10, thresh=0.164)

===========================================================================
CrossAttn  —  5-Fold CV Summary
===========================================================================
  Fold      AUC-ROC      AUPRC      Brier   Accuracy         F1
  ----------------------------------------------------------
  1          0.8031     0.3857     0.1451     0.8043     0.4906
  2          0.8201     0.4584     0.1586     0.7681     0.4483
  3          0.8218     0.3699     0.1838     0.6569     0.3896
  4          0.7949     0.3883     0.1791     0.7080     0.3939
  5          0.7913     0.2982     0.1865     0.5693     0.3516
  ──────────────────────────────────────────────────────────
  Mean       0.8063     0.3801     0.1706     0.7014     0.4148
  ±Std       0.0126     0.0511     0.0161     0.0831     0.0488
  [M2/bce/crop60/scale_clinic] Evaluating on test set (med_epoch=10, thresh=0.418) ...

=======================================================
CrossAttn Test Evaluation  (scale_clin=True, scale_aec=False, threshold=0.418)
=======================================================
CrossAttn — training final model for 10 epochs on full CV set …

CrossAttn — Test Set (Overall):
  AUC: 0.8635  AUPRC: 0.5408  Brier: 0.1630  Acc: 0.6686  F1: 0.4000

CrossAttn — Test Set (By Sex):
  [M] n=71  AUC: 0.8636  AUPRC: 0.6439  Brier: 0.1917  Acc: 0.6338  F1: 0.4348
              precision    recall  f1-score   support

      Normal       0.97      0.58      0.73        60
  Sarcopenia       0.29      0.91      0.43        11

    accuracy                           0.63        71
   macro avg       0.63      0.75      0.58        71
weighted avg       0.87      0.63      0.68        71

  [F] n=101  AUC: 0.8604  AUPRC: 0.5693  Brier: 0.1428  Acc: 0.6931  F1: 0.3673
              precision    recall  f1-score   support

      Normal       0.98      0.67      0.80        91
  Sarcopenia       0.23      0.90      0.37        10

    accuracy                           0.69       101
   macro avg       0.61      0.79      0.58       101
weighted avg       0.91      0.69      0.75       101


───────────────────────────────────────────────────────
Test Set — Bootstrap CI
───────────────────────────────────────────────────────

  Bootstrap 95% CI — CrossAttn  (n_boot=2000)
  Metric         Estimate   95% CI Lower   95% CI Upper
  ----------------------------------------------------
  AUC-ROC          0.8635         0.7832         0.9319
  AUPRC            0.5408         0.3356         0.7472
  Brier            0.1630         0.1336         0.1919
  Accuracy         0.6686         0.5930         0.7385
  F1               0.4000         0.2696         0.5234
  [M2/bce/crop60/scale_clinic] Saving figures ...

Saved (model 2 (crop60, bce)):
  연구코드/results/ok/model_2\bce\aec128\crop60/data_distribution.png
  연구코드/results/ok/model_2\bce\aec128\crop60/cv_roc_curves.png
  연구코드/results/ok/model_2\bce\aec128\crop60/cv_metric_distribution.png
  연구코드/results/ok/model_2\bce\aec128\crop60/training_curves.png
  연구코드/results/ok/model_2\bce\aec128\crop60/test_roc_curves.png
  연구코드/results/ok/model_2\bce\aec128\crop60/test_roc_by_sex.png
  연구코드/results/ok/model_2\bce\aec128\crop60/confusion_matrices.png
  연구코드/results/ok/model_2\bce\aec128\crop60/calibration.png
  연구코드/results/ok/model_2\bce\aec128\crop60/results.md
  [M2/bce/crop60/scale_clinic] Plotting attention maps ...
  연구코드/results/ok/model_2\bce\aec128\crop60/attention_map_c2a.png
  연구코드/results/ok/model_2\bce\aec128\crop60/attention_heatmap.png
  [M2/bce/crop60/scale_clinic] Done.
