============================================================
  MODEL 2 — Clinic + AEC (aec128)  (5 AEC variants × 1 case)
============================================================

############################################################
  [M2 len128] CASE : scale_both  (scale_clinic=True, scale_aec=True)
############################################################
=======================================================
5-Fold CV  [CrossAttn | scale_clin=True, scale_aec=True]
=======================================================

── Fold 1/5 ──────────────────────────────
  CA   — AUC: 0.8026  AUPRC: 0.4005  Brier: 0.1385  Acc: 0.7971  F1: 0.4615  (best ep=9)

── Fold 2/5 ──────────────────────────────
  CA   — AUC: 0.8036  AUPRC: 0.3530  Brier: 0.1702  Acc: 0.7246  F1: 0.3871  (best ep=5)

── Fold 3/5 ──────────────────────────────
  CA   — AUC: 0.8363  AUPRC: 0.3929  Brier: 0.1904  Acc: 0.6496  F1: 0.3684  (best ep=16)

── Fold 4/5 ──────────────────────────────
  CA   — AUC: 0.8006  AUPRC: 0.4600  Brier: 0.2358  Acc: 0.6131  F1: 0.3614  (best ep=2)

── Fold 5/5 ──────────────────────────────
  CA   — AUC: 0.8192  AUPRC: 0.2811  Brier: 0.1902  Acc: 0.7007  F1: 0.3881  (best ep=10)

===========================================================================
CrossAttn  —  5-Fold CV Summary
===========================================================================
  Fold      AUC-ROC      AUPRC      Brier   Accuracy         F1
  ----------------------------------------------------------
  1          0.8026     0.4005     0.1385     0.7971     0.4615
  2          0.8036     0.3530     0.1702     0.7246     0.3871
  3          0.8363     0.3929     0.1904     0.6496     0.3684
  4          0.8006     0.4600     0.2358     0.6131     0.3614
  5          0.8192     0.2811     0.1902     0.7007     0.3881
  ──────────────────────────────────────────────────────────
  Mean       0.8125     0.3775     0.1850     0.6970     0.3933
  ±Std       0.0136     0.0591     0.0317     0.0634     0.0357

=======================================================
CrossAttn Test Evaluation  (scale_clin=True, scale_aec=True)
=======================================================
CrossAttn — training final model for 9 epochs on full CV set …

CrossAttn — Test Set (Overall):
  AUC: 0.8559  AUPRC: 0.5381  Brier: 0.1747  Acc: 0.6919  F1: 0.4301

CrossAttn — Test Set (By Sex):
  [M] n=71  AUC: 0.8864  AUPRC: 0.6750  Brier: 0.2071  Acc: 0.6479  F1: 0.4681
              precision    recall  f1-score   support

      Normal       1.00      0.58      0.74        60
  Sarcopenia       0.31      1.00      0.47        11

    accuracy                           0.65        71
   macro avg       0.65      0.79      0.60        71
weighted avg       0.89      0.65      0.70        71

  [F] n=101  AUC: 0.8374  AUPRC: 0.5294  Brier: 0.1520  Acc: 0.7228  F1: 0.3913
              precision    recall  f1-score   support

      Normal       0.98      0.70      0.82        91
  Sarcopenia       0.25      0.90      0.39        10

    accuracy                           0.72       101
   macro avg       0.62      0.80      0.61       101
weighted avg       0.91      0.72      0.78       101


───────────────────────────────────────────────────────
Test Set — Bootstrap CI
───────────────────────────────────────────────────────

  Bootstrap 95% CI — CrossAttn  (n_boot=2000)
  Metric         Estimate   95% CI Lower   95% CI Upper
  ----------------------------------------------------
  AUC-ROC          0.8559         0.7598         0.9319
  AUPRC            0.5381         0.3284         0.7334
  Brier            0.1747         0.1458         0.2037
  Accuracy         0.6919         0.6221         0.7558
  F1               0.4301         0.2963         0.5532

Saved (model 2 (len128)):
  연구코드/results/0522_ok/model_2\aec128\len128\scale_both/data_distribution.png
  연구코드/results/0522_ok/model_2\aec128\len128\scale_both/cv_roc_curves.png
  연구코드/results/0522_ok/model_2\aec128\len128\scale_both/cv_metric_distribution.png
  연구코드/results/0522_ok/model_2\aec128\len128\scale_both/training_curves.png
  연구코드/results/0522_ok/model_2\aec128\len128\scale_both/test_roc_curves.png
  연구코드/results/0522_ok/model_2\aec128\len128\scale_both/test_roc_by_sex.png
  연구코드/results/0522_ok/model_2\aec128\len128\scale_both/confusion_matrices.png
  연구코드/results/0522_ok/model_2\aec128\len128\scale_both/calibration.png
  연구코드/results/0522_ok/model_2\aec128\len128\scale_both/results.md

############################################################
  [M2 crop80] CASE : scale_both  (scale_clinic=True, scale_aec=True)
############################################################
=======================================================
5-Fold CV  [CrossAttn | scale_clin=True, scale_aec=True]
=======================================================

── Fold 1/5 ──────────────────────────────
  CA   — AUC: 0.8007  AUPRC: 0.3148  Brier: 0.1483  Acc: 0.7826  F1: 0.4231  (best ep=71)

── Fold 2/5 ──────────────────────────────
  CA   — AUC: 0.8089  AUPRC: 0.3215  Brier: 0.1490  Acc: 0.7609  F1: 0.4000  (best ep=3)

── Fold 3/5 ──────────────────────────────
  CA   — AUC: 0.8125  AUPRC: 0.4598  Brier: 0.1914  Acc: 0.6642  F1: 0.3784  (best ep=9)

── Fold 4/5 ──────────────────────────────
  CA   — AUC: 0.8166  AUPRC: 0.3386  Brier: 0.1806  Acc: 0.7299  F1: 0.4308  (best ep=108)

── Fold 5/5 ──────────────────────────────
  CA   — AUC: 0.8187  AUPRC: 0.3366  Brier: 0.1864  Acc: 0.7080  F1: 0.3548  (best ep=4)

===========================================================================
CrossAttn  —  5-Fold CV Summary
===========================================================================
  Fold      AUC-ROC      AUPRC      Brier   Accuracy         F1
  ----------------------------------------------------------
  1          0.8007     0.3148     0.1483     0.7826     0.4231
  2          0.8089     0.3215     0.1490     0.7609     0.4000
  3          0.8125     0.4598     0.1914     0.6642     0.3784
  4          0.8166     0.3386     0.1806     0.7299     0.4308
  5          0.8187     0.3366     0.1864     0.7080     0.3548
  ──────────────────────────────────────────────────────────
  Mean       0.8115     0.3543     0.1711     0.7291     0.3974
  ±Std       0.0064     0.0535     0.0187     0.0413     0.0281

=======================================================
CrossAttn Test Evaluation  (scale_clin=True, scale_aec=True)
=======================================================
CrossAttn — training final model for 9 epochs on full CV set …

CrossAttn — Test Set (Overall):
  AUC: 0.8587  AUPRC: 0.4936  Brier: 0.1753  Acc: 0.7151  F1: 0.4235

CrossAttn — Test Set (By Sex):
  [M] n=71  AUC: 0.8652  AUPRC: 0.6035  Brier: 0.2204  Acc: 0.6197  F1: 0.4255
              precision    recall  f1-score   support

      Normal       0.97      0.57      0.72        60
  Sarcopenia       0.28      0.91      0.43        11

    accuracy                           0.62        71
   macro avg       0.62      0.74      0.57        71
weighted avg       0.86      0.62      0.67        71

  [F] n=101  AUC: 0.8440  AUPRC: 0.3981  Brier: 0.1436  Acc: 0.7822  F1: 0.4211
              precision    recall  f1-score   support

      Normal       0.97      0.78      0.87        91
  Sarcopenia       0.29      0.80      0.42        10

    accuracy                           0.78       101
   macro avg       0.63      0.79      0.64       101
weighted avg       0.90      0.78      0.82       101


───────────────────────────────────────────────────────
Test Set — Bootstrap CI
───────────────────────────────────────────────────────

  Bootstrap 95% CI — CrossAttn  (n_boot=2000)
  Metric         Estimate   95% CI Lower   95% CI Upper
  ----------------------------------------------------
  AUC-ROC          0.8587         0.7729         0.9273
  AUPRC            0.4936         0.2912         0.6929
  Brier            0.1753         0.1438         0.2090
  Accuracy         0.7151         0.6453         0.7791
  F1               0.4235         0.2820         0.5455

Saved (model 2 (crop80)):
  연구코드/results/0522_ok/model_2\aec128\crop80\scale_both/data_distribution.png
  연구코드/results/0522_ok/model_2\aec128\crop80\scale_both/cv_roc_curves.png
  연구코드/results/0522_ok/model_2\aec128\crop80\scale_both/cv_metric_distribution.png
  연구코드/results/0522_ok/model_2\aec128\crop80\scale_both/training_curves.png
  연구코드/results/0522_ok/model_2\aec128\crop80\scale_both/test_roc_curves.png
  연구코드/results/0522_ok/model_2\aec128\crop80\scale_both/test_roc_by_sex.png
  연구코드/results/0522_ok/model_2\aec128\crop80\scale_both/confusion_matrices.png
  연구코드/results/0522_ok/model_2\aec128\crop80\scale_both/calibration.png
  연구코드/results/0522_ok/model_2\aec128\crop80\scale_both/results.md

############################################################
  [M2 crop60] CASE : scale_both  (scale_clinic=True, scale_aec=True)
############################################################
=======================================================
5-Fold CV  [CrossAttn | scale_clin=True, scale_aec=True]
=======================================================

── Fold 1/5 ──────────────────────────────
  CA   — AUC: 0.8012  AUPRC: 0.4216  Brier: 0.1738  Acc: 0.7174  F1: 0.4000  (best ep=43)

── Fold 2/5 ──────────────────────────────
  CA   — AUC: 0.8264  AUPRC: 0.4172  Brier: 0.1703  Acc: 0.7246  F1: 0.4062  (best ep=16)

── Fold 3/5 ──────────────────────────────
  CA   — AUC: 0.8254  AUPRC: 0.4535  Brier: 0.1619  Acc: 0.6934  F1: 0.3824  (best ep=3)

── Fold 4/5 ──────────────────────────────
  CA   — AUC: 0.7856  AUPRC: 0.3531  Brier: 0.1913  Acc: 0.7226  F1: 0.3871  (best ep=163)

── Fold 5/5 ──────────────────────────────
  CA   — AUC: 0.8254  AUPRC: 0.2880  Brier: 0.1755  Acc: 0.7080  F1: 0.3939  (best ep=20)

===========================================================================
CrossAttn  —  5-Fold CV Summary
===========================================================================
  Fold      AUC-ROC      AUPRC      Brier   Accuracy         F1
  ----------------------------------------------------------
  1          0.8012     0.4216     0.1738     0.7174     0.4000
  2          0.8264     0.4172     0.1703     0.7246     0.4062
  3          0.8254     0.4535     0.1619     0.6934     0.3824
  4          0.7856     0.3531     0.1913     0.7226     0.3871
  5          0.8254     0.2880     0.1755     0.7080     0.3939
  ──────────────────────────────────────────────────────────
  Mean       0.8128     0.3867     0.1746     0.7132     0.3939
  ±Std       0.0166     0.0591     0.0096     0.0114     0.0086

=======================================================
CrossAttn Test Evaluation  (scale_clin=True, scale_aec=True)
=======================================================
CrossAttn — training final model for 20 epochs on full CV set …

CrossAttn — Test Set (Overall):
  AUC: 0.8600  AUPRC: 0.5287  Brier: 0.2170  Acc: 0.6744  F1: 0.4167

CrossAttn — Test Set (By Sex):
  [M] n=71  AUC: 0.9000  AUPRC: 0.6787  Brier: 0.2578  Acc: 0.6338  F1: 0.4583
              precision    recall  f1-score   support

      Normal       1.00      0.57      0.72        60
  Sarcopenia       0.30      1.00      0.46        11

    accuracy                           0.63        71
   macro avg       0.65      0.78      0.59        71
weighted avg       0.89      0.63      0.68        71

  [F] n=101  AUC: 0.8308  AUPRC: 0.3911  Brier: 0.1883  Acc: 0.7030  F1: 0.3750
              precision    recall  f1-score   support

      Normal       0.98      0.68      0.81        91
  Sarcopenia       0.24      0.90      0.38        10

    accuracy                           0.70       101
   macro avg       0.61      0.79      0.59       101
weighted avg       0.91      0.70      0.76       101


───────────────────────────────────────────────────────
Test Set — Bootstrap CI
───────────────────────────────────────────────────────

  Bootstrap 95% CI — CrossAttn  (n_boot=2000)
  Metric         Estimate   95% CI Lower   95% CI Upper
  ----------------------------------------------------
  AUC-ROC          0.8600         0.7636         0.9325
  AUPRC            0.5287         0.3291         0.7136
  Brier            0.2170         0.1761         0.2590
  Accuracy         0.6744         0.5988         0.7442
  F1               0.4167         0.2830         0.5371

Saved (model 2 (crop60)):
  연구코드/results/0522_ok/model_2\aec128\crop60\scale_both/data_distribution.png
  연구코드/results/0522_ok/model_2\aec128\crop60\scale_both/cv_roc_curves.png
  연구코드/results/0522_ok/model_2\aec128\crop60\scale_both/cv_metric_distribution.png
  연구코드/results/0522_ok/model_2\aec128\crop60\scale_both/training_curves.png
  연구코드/results/0522_ok/model_2\aec128\crop60\scale_both/test_roc_curves.png
  연구코드/results/0522_ok/model_2\aec128\crop60\scale_both/test_roc_by_sex.png
  연구코드/results/0522_ok/model_2\aec128\crop60\scale_both/confusion_matrices.png
  연구코드/results/0522_ok/model_2\aec128\crop60\scale_both/calibration.png
  연구코드/results/0522_ok/model_2\aec128\crop60\scale_both/results.md

############################################################
  [M2 norm] CASE : scale_both  (scale_clinic=True, scale_aec=True)
############################################################
=======================================================
5-Fold CV  [CrossAttn | scale_clin=True, scale_aec=True]
=======================================================

── Fold 1/5 ──────────────────────────────
  CA   — AUC: 0.7968  AUPRC: 0.3845  Brier: 0.1547  Acc: 0.7754  F1: 0.4561  (best ep=16)

── Fold 2/5 ──────────────────────────────
  CA   — AUC: 0.7832  AUPRC: 0.4118  Brier: 0.1753  Acc: 0.7464  F1: 0.3860  (best ep=75)

── Fold 3/5 ──────────────────────────────
  CA   — AUC: 0.8678  AUPRC: 0.6105  Brier: 0.1955  Acc: 0.6788  F1: 0.4054  (best ep=12)

── Fold 4/5 ──────────────────────────────
  CA   — AUC: 0.8244  AUPRC: 0.3902  Brier: 0.2400  Acc: 0.6277  F1: 0.3544  (best ep=31)

── Fold 5/5 ──────────────────────────────
  CA   — AUC: 0.8543  AUPRC: 0.3550  Brier: 0.1731  Acc: 0.7591  F1: 0.4590  (best ep=64)

===========================================================================
CrossAttn  —  5-Fold CV Summary
===========================================================================
  Fold      AUC-ROC      AUPRC      Brier   Accuracy         F1
  ----------------------------------------------------------
  1          0.7968     0.3845     0.1547     0.7754     0.4561
  2          0.7832     0.4118     0.1753     0.7464     0.3860
  3          0.8678     0.6105     0.1955     0.6788     0.4054
  4          0.8244     0.3902     0.2400     0.6277     0.3544
  5          0.8543     0.3550     0.1731     0.7591     0.4590
  ──────────────────────────────────────────────────────────
  Mean       0.8253     0.4304     0.1877     0.7175     0.4122
  ±Std       0.0324     0.0919     0.0292     0.0556     0.0405

=======================================================
CrossAttn Test Evaluation  (scale_clin=True, scale_aec=True)
=======================================================
CrossAttn — training final model for 31 epochs on full CV set …

CrossAttn — Test Set (Overall):
  AUC: 0.8240  AUPRC: 0.3251  Brier: 0.1986  Acc: 0.7093  F1: 0.4186

CrossAttn — Test Set (By Sex):
  [M] n=71  AUC: 0.8136  AUPRC: 0.3806  Brier: 0.2368  Acc: 0.6620  F1: 0.4545
              precision    recall  f1-score   support

      Normal       0.97      0.62      0.76        60
  Sarcopenia       0.30      0.91      0.45        11

    accuracy                           0.66        71
   macro avg       0.64      0.76      0.60        71
weighted avg       0.87      0.66      0.71        71

  [F] n=101  AUC: 0.8187  AUPRC: 0.2768  Brier: 0.1717  Acc: 0.7426  F1: 0.3810
              precision    recall  f1-score   support

      Normal       0.97      0.74      0.84        91
  Sarcopenia       0.25      0.80      0.38        10

    accuracy                           0.74       101
   macro avg       0.61      0.77      0.61       101
weighted avg       0.90      0.74      0.79       101


───────────────────────────────────────────────────────
Test Set — Bootstrap CI
───────────────────────────────────────────────────────

  Bootstrap 95% CI — CrossAttn  (n_boot=2000)
  Metric         Estimate   95% CI Lower   95% CI Upper
  ----------------------------------------------------
  AUC-ROC          0.8240         0.7448         0.8921
  AUPRC            0.3251         0.1998         0.5302
  Brier            0.1986         0.1576         0.2414
  Accuracy         0.7093         0.6395         0.7791
  F1               0.4186         0.2784         0.5437

Saved (model 2 (norm)):
  연구코드/results/0522_ok/model_2\aec128\norm\scale_both/data_distribution.png
  연구코드/results/0522_ok/model_2\aec128\norm\scale_both/cv_roc_curves.png
  연구코드/results/0522_ok/model_2\aec128\norm\scale_both/cv_metric_distribution.png
  연구코드/results/0522_ok/model_2\aec128\norm\scale_both/training_curves.png
  연구코드/results/0522_ok/model_2\aec128\norm\scale_both/test_roc_curves.png
  연구코드/results/0522_ok/model_2\aec128\norm\scale_both/test_roc_by_sex.png
  연구코드/results/0522_ok/model_2\aec128\norm\scale_both/confusion_matrices.png
  연구코드/results/0522_ok/model_2\aec128\norm\scale_both/calibration.png
  연구코드/results/0522_ok/model_2\aec128\norm\scale_both/results.md

############################################################
  [M2 excl_extreme] CASE : scale_both  (scale_clinic=True, scale_aec=True)
############################################################
=======================================================
5-Fold CV  [CrossAttn | scale_clin=True, scale_aec=True]
=======================================================

── Fold 1/5 ──────────────────────────────
  CA   — AUC: 0.8058  AUPRC: 0.5616  Brier: 0.1752  Acc: 0.7339  F1: 0.4000  (best ep=12)

── Fold 2/5 ──────────────────────────────
  CA   — AUC: 0.7870  AUPRC: 0.2688  Brier: 0.1810  Acc: 0.7258  F1: 0.3704  (best ep=33)

── Fold 3/5 ──────────────────────────────
  CA   — AUC: 0.8440  AUPRC: 0.3640  Brier: 0.1893  Acc: 0.6911  F1: 0.4062  (best ep=3)

── Fold 4/5 ──────────────────────────────
  CA   — AUC: 0.7765  AUPRC: 0.3079  Brier: 0.2124  Acc: 0.6748  F1: 0.3548  (best ep=3)

── Fold 5/5 ──────────────────────────────
  CA   — AUC: 0.8105  AUPRC: 0.2788  Brier: 0.1728  Acc: 0.7561  F1: 0.4231  (best ep=3)

===========================================================================
CrossAttn  —  5-Fold CV Summary
===========================================================================
  Fold      AUC-ROC      AUPRC      Brier   Accuracy         F1
  ----------------------------------------------------------
  1          0.8058     0.5616     0.1752     0.7339     0.4000
  2          0.7870     0.2688     0.1810     0.7258     0.3704
  3          0.8440     0.3640     0.1893     0.6911     0.4062
  4          0.7765     0.3079     0.2124     0.6748     0.3548
  5          0.8105     0.2788     0.1728     0.7561     0.4231
  ──────────────────────────────────────────────────────────
  Mean       0.8048     0.3562     0.1861     0.7163     0.3909
  ±Std       0.0232     0.1079     0.0143     0.0295     0.0248

=======================================================
CrossAttn Test Evaluation  (scale_clin=True, scale_aec=True)
=======================================================
CrossAttn — training final model for 3 epochs on full CV set …

CrossAttn — Test Set (Overall):
  AUC: 0.8453  AUPRC: 0.4630  Brier: 0.1545  Acc: 0.7597  F1: 0.4932

CrossAttn — Test Set (By Sex):
  [M] n=64  AUC: 0.8508  AUPRC: 0.5606  Brier: 0.1512  Acc: 0.7812  F1: 0.5625
              precision    recall  f1-score   support

      Normal       0.95      0.77      0.85        53
  Sarcopenia       0.43      0.82      0.56        11

    accuracy                           0.78        64
   macro avg       0.69      0.80      0.71        64
weighted avg       0.86      0.78      0.80        64

  [F] n=90  AUC: 0.8350  AUPRC: 0.3716  Brier: 0.1568  Acc: 0.7444  F1: 0.4390
              precision    recall  f1-score   support

      Normal       0.98      0.72      0.83        80
  Sarcopenia       0.29      0.90      0.44        10

    accuracy                           0.74        90
   macro avg       0.64      0.81      0.64        90
weighted avg       0.91      0.74      0.79        90


───────────────────────────────────────────────────────
Test Set — Bootstrap CI
───────────────────────────────────────────────────────

  Bootstrap 95% CI — CrossAttn  (n_boot=2000)
  Metric         Estimate   95% CI Lower   95% CI Upper
  ----------------------------------------------------
  AUC-ROC          0.8453         0.7613         0.9122
  AUPRC            0.4630         0.2807         0.6734
  Brier            0.1545         0.1318         0.1788
  Accuracy         0.7597         0.6883         0.8247
  F1               0.4932         0.3428         0.6269

Saved (model 2 (excl_extreme)):
  연구코드/results/0522_ok/model_2\aec128\excl_extreme\scale_both/data_distribution.png
  연구코드/results/0522_ok/model_2\aec128\excl_extreme\scale_both/cv_roc_curves.png
  연구코드/results/0522_ok/model_2\aec128\excl_extreme\scale_both/cv_metric_distribution.png
  연구코드/results/0522_ok/model_2\aec128\excl_extreme\scale_both/training_curves.png
  연구코드/results/0522_ok/model_2\aec128\excl_extreme\scale_both/test_roc_curves.png
  연구코드/results/0522_ok/model_2\aec128\excl_extreme\scale_both/test_roc_by_sex.png
  연구코드/results/0522_ok/model_2\aec128\excl_extreme\scale_both/confusion_matrices.png
  연구코드/results/0522_ok/model_2\aec128\excl_extreme\scale_both/calibration.png
  연구코드/results/0522_ok/model_2\aec128\excl_extreme\scale_both/results.md
