============================================================
  MODEL 3 — Clinic + Scanner + AEC (aec128, BCEWithLogitsLoss)  (5 AEC variants × 1 cases)
============================================================

############################################################
  [M3 norm] CASE : scale_clinic  (scale_clinic=True, loss=bce)
############################################################
  [M3/bce/norm/scale_clinic] Cross-validating CrossAttn3 ...
=================================================================
5-Fold CV  [CrossAttn3 | scale_clin=True, scale_aec=False]
=================================================================

── Fold 1/5 ──────────────────────────────
  CA3  — AUC: 0.7817  AUPRC: 0.3860  Brier: 0.1083  Acc: 0.8406  F1: 0.5000  (best ep=8, thresh=0.410)

── Fold 2/5 ──────────────────────────────
  CA3  — AUC: 0.8002  AUPRC: 0.4122  Brier: 0.2269  Acc: 0.7319  F1: 0.4127  (best ep=8, thresh=0.676)

── Fold 3/5 ──────────────────────────────
  CA3  — AUC: 0.8399  AUPRC: 0.4441  Brier: 0.1559  Acc: 0.6861  F1: 0.4110  (best ep=8, thresh=0.402)

── Fold 4/5 ──────────────────────────────
  CA3  — AUC: 0.7965  AUPRC: 0.4793  Brier: 0.2678  Acc: 0.7737  F1: 0.4364  (best ep=36, thresh=0.776)

── Fold 5/5 ──────────────────────────────
  CA3  — AUC: 0.8166  AUPRC: 0.2792  Brier: 0.2405  Acc: 0.7372  F1: 0.4375  (best ep=8, thresh=0.695)

===========================================================================
CrossAttn3  —  5-Fold CV Summary
===========================================================================
  Fold      AUC-ROC      AUPRC      Brier   Accuracy         F1
  ----------------------------------------------------------
  1          0.7817     0.3860     0.1083     0.8406     0.5000
  2          0.8002     0.4122     0.2269     0.7319     0.4127
  3          0.8399     0.4441     0.1559     0.6861     0.4110
  4          0.7965     0.4793     0.2678     0.7737     0.4364
  5          0.8166     0.2792     0.2405     0.7372     0.4375
  ──────────────────────────────────────────────────────────
  Mean       0.8070     0.4002     0.1999     0.7539     0.4395
  ±Std       0.0198     0.0681     0.0588     0.0515     0.0323
  [M3/bce/norm/scale_clinic] Evaluating on test set (med_epoch=8, thresh=0.676) ...

=================================================================
CrossAttn3 Test Evaluation  (scale_clin=True, scale_aec=False, threshold=0.676)
=================================================================
CrossAttn3 — training final model for 8 epochs on full CV set …

CrossAttn3 — Test Set (Overall):
  AUC: 0.8944  AUPRC: 0.5636  Brier: 0.1952  Acc: 0.7791  F1: 0.4571

CrossAttn3 — Test Set (By Sex):
  [M] n=71  AUC: 0.9000  AUPRC: 0.6218  Brier: 0.2105  Acc: 0.7606  F1: 0.5405
              precision    recall  f1-score   support

      Normal       0.98      0.73      0.84        60
  Sarcopenia       0.38      0.91      0.54        11

    accuracy                           0.76        71
   macro avg       0.68      0.82      0.69        71
weighted avg       0.89      0.76      0.79        71

  [F] n=101  AUC: 0.8758  AUPRC: 0.4883  Brier: 0.1845  Acc: 0.7921  F1: 0.3636
              precision    recall  f1-score   support

      Normal       0.95      0.81      0.88        91
  Sarcopenia       0.26      0.60      0.36        10

    accuracy                           0.79       101
   macro avg       0.60      0.71      0.62       101
weighted avg       0.88      0.79      0.83       101


───────────────────────────────────────────────────────
Test Set — Bootstrap CI
───────────────────────────────────────────────────────

  Bootstrap 95% CI — CrossAttn3  (n_boot=2000)
  Metric         Estimate   95% CI Lower   95% CI Upper
  ----------------------------------------------------
  AUC-ROC          0.8944         0.8250         0.9502
  AUPRC            0.5636         0.3664         0.7655
  Brier            0.1952         0.1650         0.2269
  Accuracy         0.7791         0.7151         0.8372
  F1               0.4571         0.3051         0.5953
  [M3/bce/norm/scale_clinic] Saving figures ...

Saved (model 3 (norm, bce)):
  연구코드/results/ok/model_3\bce\aec128\norm/data_distribution.png
  연구코드/results/ok/model_3\bce\aec128\norm/cv_roc_curves.png
  연구코드/results/ok/model_3\bce\aec128\norm/cv_metric_distribution.png
  연구코드/results/ok/model_3\bce\aec128\norm/training_curves.png
  연구코드/results/ok/model_3\bce\aec128\norm/test_roc_curves.png
  연구코드/results/ok/model_3\bce\aec128\norm/test_roc_by_sex.png
  연구코드/results/ok/model_3\bce\aec128\norm/confusion_matrices.png
  연구코드/results/ok/model_3\bce\aec128\norm/calibration.png
  연구코드/results/ok/model_3\bce\aec128\norm/results.md
  [M3/bce/norm/scale_clinic] Plotting attention maps ...
  연구코드/results/ok/model_3\bce\aec128\norm/attention_map_c2a.png
  연구코드/results/ok/model_3\bce\aec128\norm/attention_heatmap.png
  [M3/bce/norm/scale_clinic] Done.

############################################################
  [M3 excl_extreme] CASE : scale_clinic  (scale_clinic=True, loss=bce)
############################################################
  [M3/bce/excl_extreme/scale_clinic] Cross-validating CrossAttn3 ...
=================================================================
5-Fold CV  [CrossAttn3 | scale_clin=True, scale_aec=False]
=================================================================

── Fold 1/5 ──────────────────────────────
  CA3  — AUC: 0.7942  AUPRC: 0.5089  Brier: 0.1725  Acc: 0.8145  F1: 0.4651  (best ep=8, thresh=0.633)

── Fold 2/5 ──────────────────────────────
  CA3  — AUC: 0.7416  AUPRC: 0.2515  Brier: 0.1801  Acc: 0.5968  F1: 0.3421  (best ep=5, thresh=0.306)

── Fold 3/5 ──────────────────────────────
  CA3  — AUC: 0.8670  AUPRC: 0.4505  Brier: 0.1402  Acc: 0.8455  F1: 0.5366  (best ep=6, thresh=0.603)

── Fold 4/5 ──────────────────────────────
  CA3  — AUC: 0.7772  AUPRC: 0.3008  Brier: 0.1658  Acc: 0.8130  F1: 0.4889  (best ep=14, thresh=0.650)

── Fold 5/5 ──────────────────────────────
  CA3  — AUC: 0.7811  AUPRC: 0.3352  Brier: 0.2259  Acc: 0.6992  F1: 0.3729  (best ep=2, thresh=0.532)

===========================================================================
CrossAttn3  —  5-Fold CV Summary
===========================================================================
  Fold      AUC-ROC      AUPRC      Brier   Accuracy         F1
  ----------------------------------------------------------
  1          0.7942     0.5089     0.1725     0.8145     0.4651
  2          0.7416     0.2515     0.1801     0.5968     0.3421
  3          0.8670     0.4505     0.1402     0.8455     0.5366
  4          0.7772     0.3008     0.1658     0.8130     0.4889
  5          0.7811     0.3352     0.2259     0.6992     0.3729
  ──────────────────────────────────────────────────────────
  Mean       0.7922     0.3694     0.1769     0.7538     0.4411
  ±Std       0.0412     0.0957     0.0279     0.0930     0.0727
  [M3/bce/excl_extreme/scale_clinic] Evaluating on test set (med_epoch=6, thresh=0.603) ...

=================================================================
CrossAttn3 Test Evaluation  (scale_clin=True, scale_aec=False, threshold=0.603)
=================================================================
CrossAttn3 — training final model for 6 epochs on full CV set …

CrossAttn3 — Test Set (Overall):
  AUC: 0.8485  AUPRC: 0.4976  Brier: 0.2141  Acc: 0.6883  F1: 0.4286

CrossAttn3 — Test Set (By Sex):
  [M] n=64  AUC: 0.8388  AUPRC: 0.5419  Brier: 0.2181  Acc: 0.6719  F1: 0.4878
              precision    recall  f1-score   support

      Normal       0.97      0.62      0.76        53
  Sarcopenia       0.33      0.91      0.49        11

    accuracy                           0.67        64
   macro avg       0.65      0.77      0.62        64
weighted avg       0.86      0.67      0.71        64

  [F] n=90  AUC: 0.8500  AUPRC: 0.4930  Brier: 0.2112  Acc: 0.7000  F1: 0.3721
              precision    recall  f1-score   support

      Normal       0.96      0.69      0.80        80
  Sarcopenia       0.24      0.80      0.37        10

    accuracy                           0.70        90
   macro avg       0.60      0.74      0.59        90
weighted avg       0.88      0.70      0.76        90


───────────────────────────────────────────────────────
Test Set — Bootstrap CI
───────────────────────────────────────────────────────

  Bootstrap 95% CI — CrossAttn3  (n_boot=2000)
  Metric         Estimate   95% CI Lower   95% CI Upper
  ----------------------------------------------------
  AUC-ROC          0.8485         0.7687         0.9190
  AUPRC            0.4976         0.3065         0.7150
  Brier            0.2141         0.1757         0.2532
  Accuracy         0.6883         0.6104         0.7597
  F1               0.4286         0.2888         0.5567
  [M3/bce/excl_extreme/scale_clinic] Saving figures ...

Saved (model 3 (excl_extreme, bce)):
  연구코드/results/ok/model_3\bce\aec128\excl_extreme/data_distribution.png
  연구코드/results/ok/model_3\bce\aec128\excl_extreme/cv_roc_curves.png
  연구코드/results/ok/model_3\bce\aec128\excl_extreme/cv_metric_distribution.png
  연구코드/results/ok/model_3\bce\aec128\excl_extreme/training_curves.png
  연구코드/results/ok/model_3\bce\aec128\excl_extreme/test_roc_curves.png
  연구코드/results/ok/model_3\bce\aec128\excl_extreme/test_roc_by_sex.png
  연구코드/results/ok/model_3\bce\aec128\excl_extreme/confusion_matrices.png
  연구코드/results/ok/model_3\bce\aec128\excl_extreme/calibration.png
  연구코드/results/ok/model_3\bce\aec128\excl_extreme/results.md
  [M3/bce/excl_extreme/scale_clinic] Plotting attention maps ...
  연구코드/results/ok/model_3\bce\aec128\excl_extreme/attention_map_c2a.png
  연구코드/results/ok/model_3\bce\aec128\excl_extreme/attention_heatmap.png
  [M3/bce/excl_extreme/scale_clinic] Done.

############################################################
  [M3 len128] CASE : scale_clinic  (scale_clinic=True, loss=bce)
############################################################
  [M3/bce/len128/scale_clinic] Cross-validating CrossAttn3 ...
=================================================================
5-Fold CV  [CrossAttn3 | scale_clin=True, scale_aec=False]
=================================================================

── Fold 1/5 ──────────────────────────────
  CA3  — AUC: 0.7895  AUPRC: 0.3325  Brier: 0.1695  Acc: 0.8333  F1: 0.5306  (best ep=15, thresh=0.653)

── Fold 2/5 ──────────────────────────────
  CA3  — AUC: 0.8187  AUPRC: 0.4399  Brier: 0.1907  Acc: 0.7029  F1: 0.4225  (best ep=8, thresh=0.521)

── Fold 3/5 ──────────────────────────────
  CA3  — AUC: 0.8280  AUPRC: 0.3597  Brier: 0.2262  Acc: 0.6715  F1: 0.4156  (best ep=54, thresh=0.488)

── Fold 4/5 ──────────────────────────────
  CA3  — AUC: 0.8166  AUPRC: 0.5699  Brier: 0.1824  Acc: 0.5985  F1: 0.3529  (best ep=1, thresh=0.411)

── Fold 5/5 ──────────────────────────────
  CA3  — AUC: 0.8084  AUPRC: 0.2738  Brier: 0.2338  Acc: 0.7591  F1: 0.4407  (best ep=7, thresh=0.672)

===========================================================================
CrossAttn3  —  5-Fold CV Summary
===========================================================================
  Fold      AUC-ROC      AUPRC      Brier   Accuracy         F1
  ----------------------------------------------------------
  1          0.7895     0.3325     0.1695     0.8333     0.5306
  2          0.8187     0.4399     0.1907     0.7029     0.4225
  3          0.8280     0.3597     0.2262     0.6715     0.4156
  4          0.8166     0.5699     0.1824     0.5985     0.3529
  5          0.8084     0.2738     0.2338     0.7591     0.4407
  ──────────────────────────────────────────────────────────
  Mean       0.8122     0.3952     0.2005     0.7131     0.4325
  ±Std       0.0130     0.1024     0.0251     0.0794     0.0573
  [M3/bce/len128/scale_clinic] Evaluating on test set (med_epoch=8, thresh=0.521) ...

=================================================================
CrossAttn3 Test Evaluation  (scale_clin=True, scale_aec=False, threshold=0.521)
=================================================================
CrossAttn3 — training final model for 8 epochs on full CV set …

CrossAttn3 — Test Set (Overall):
  AUC: 0.8357  AUPRC: 0.4362  Brier: 0.2023  Acc: 0.6744  F1: 0.3913

CrossAttn3 — Test Set (By Sex):
  [M] n=71  AUC: 0.8242  AUPRC: 0.4854  Brier: 0.2482  Acc: 0.6056  F1: 0.4167
              precision    recall  f1-score   support

      Normal       0.97      0.55      0.70        60
  Sarcopenia       0.27      0.91      0.42        11

    accuracy                           0.61        71
   macro avg       0.62      0.73      0.56        71
weighted avg       0.86      0.61      0.66        71

  [F] n=101  AUC: 0.8297  AUPRC: 0.4683  Brier: 0.1700  Acc: 0.7228  F1: 0.3636
              precision    recall  f1-score   support

      Normal       0.97      0.71      0.82        91
  Sarcopenia       0.24      0.80      0.36        10

    accuracy                           0.72       101
   macro avg       0.60      0.76      0.59       101
weighted avg       0.90      0.72      0.78       101


───────────────────────────────────────────────────────
Test Set — Bootstrap CI
───────────────────────────────────────────────────────

  Bootstrap 95% CI — CrossAttn3  (n_boot=2000)
  Metric         Estimate   95% CI Lower   95% CI Upper
  ----------------------------------------------------
  AUC-ROC          0.8357         0.7424         0.9130
  AUPRC            0.4362         0.2521         0.6396
  Brier            0.2023         0.1665         0.2396
  Accuracy         0.6744         0.6047         0.7442
  F1               0.3913         0.2580         0.5149
  [M3/bce/len128/scale_clinic] Saving figures ...

Saved (model 3 (len128, bce)):
  연구코드/results/ok/model_3\bce\aec128\len128/data_distribution.png
  연구코드/results/ok/model_3\bce\aec128\len128/cv_roc_curves.png
  연구코드/results/ok/model_3\bce\aec128\len128/cv_metric_distribution.png
  연구코드/results/ok/model_3\bce\aec128\len128/training_curves.png
  연구코드/results/ok/model_3\bce\aec128\len128/test_roc_curves.png
  연구코드/results/ok/model_3\bce\aec128\len128/test_roc_by_sex.png
  연구코드/results/ok/model_3\bce\aec128\len128/confusion_matrices.png
  연구코드/results/ok/model_3\bce\aec128\len128/calibration.png
  연구코드/results/ok/model_3\bce\aec128\len128/results.md
  [M3/bce/len128/scale_clinic] Plotting attention maps ...
  연구코드/results/ok/model_3\bce\aec128\len128/attention_map_c2a.png
  연구코드/results/ok/model_3\bce\aec128\len128/attention_heatmap.png
  [M3/bce/len128/scale_clinic] Done.

############################################################
  [M3 crop80] CASE : scale_clinic  (scale_clinic=True, loss=bce)
############################################################
  [M3/bce/crop80/scale_clinic] Cross-validating CrossAttn3 ...
=================================================================
5-Fold CV  [CrossAttn3 | scale_clin=True, scale_aec=False]
=================================================================

── Fold 1/5 ──────────────────────────────
  CA3  — AUC: 0.7715  AUPRC: 0.3321  Brier: 0.2249  Acc: 0.7101  F1: 0.4118  (best ep=7, thresh=0.584)

── Fold 2/5 ──────────────────────────────
  CA3  — AUC: 0.8158  AUPRC: 0.4575  Brier: 0.1830  Acc: 0.7754  F1: 0.4746  (best ep=8, thresh=0.637)

── Fold 3/5 ──────────────────────────────
  CA3  — AUC: 0.8321  AUPRC: 0.3661  Brier: 0.2059  Acc: 0.8248  F1: 0.5385  (best ep=8, thresh=0.667)

── Fold 4/5 ──────────────────────────────
  CA3  — AUC: 0.8032  AUPRC: 0.5217  Brier: 0.1945  Acc: 0.7664  F1: 0.4074  (best ep=7, thresh=0.619)

── Fold 5/5 ──────────────────────────────
  CA3  — AUC: 0.7862  AUPRC: 0.2503  Brier: 0.2541  Acc: 0.6131  F1: 0.3614  (best ep=4, thresh=0.428)

===========================================================================
CrossAttn3  —  5-Fold CV Summary
===========================================================================
  Fold      AUC-ROC      AUPRC      Brier   Accuracy         F1
  ----------------------------------------------------------
  1          0.7715     0.3321     0.2249     0.7101     0.4118
  2          0.8158     0.4575     0.1830     0.7754     0.4746
  3          0.8321     0.3661     0.2059     0.8248     0.5385
  4          0.8032     0.5217     0.1945     0.7664     0.4074
  5          0.7862     0.2503     0.2541     0.6131     0.3614
  ──────────────────────────────────────────────────────────
  Mean       0.8018     0.3855     0.2125     0.7380     0.4387
  ±Std       0.0213     0.0951     0.0250     0.0723     0.0615
  [M3/bce/crop80/scale_clinic] Evaluating on test set (med_epoch=7, thresh=0.619) ...

=================================================================
CrossAttn3 Test Evaluation  (scale_clin=True, scale_aec=False, threshold=0.619)
=================================================================
CrossAttn3 — training final model for 7 epochs on full CV set …

CrossAttn3 — Test Set (Overall):
  AUC: 0.8575  AUPRC: 0.4595  Brier: 0.2196  Acc: 0.6977  F1: 0.4091

CrossAttn3 — Test Set (By Sex):
  [M] n=71  AUC: 0.8652  AUPRC: 0.6368  Brier: 0.2550  Acc: 0.6338  F1: 0.4348
              precision    recall  f1-score   support

      Normal       0.97      0.58      0.73        60
  Sarcopenia       0.29      0.91      0.43        11

    accuracy                           0.63        71
   macro avg       0.63      0.75      0.58        71
weighted avg       0.87      0.63      0.68        71

  [F] n=101  AUC: 0.8352  AUPRC: 0.3461  Brier: 0.1947  Acc: 0.7426  F1: 0.3810
              precision    recall  f1-score   support

      Normal       0.97      0.74      0.84        91
  Sarcopenia       0.25      0.80      0.38        10

    accuracy                           0.74       101
   macro avg       0.61      0.77      0.61       101
weighted avg       0.90      0.74      0.79       101


───────────────────────────────────────────────────────
Test Set — Bootstrap CI
───────────────────────────────────────────────────────

  Bootstrap 95% CI — CrossAttn3  (n_boot=2000)
  Metric         Estimate   95% CI Lower   95% CI Upper
  ----------------------------------------------------
  AUC-ROC          0.8575         0.7716         0.9273
  AUPRC            0.4595         0.2808         0.6848
  Brier            0.2196         0.1797         0.2612
  Accuracy         0.6977         0.6279         0.7674
  F1               0.4091         0.2716         0.5334
  [M3/bce/crop80/scale_clinic] Saving figures ...

Saved (model 3 (crop80, bce)):
  연구코드/results/ok/model_3\bce\aec128\crop80/data_distribution.png
  연구코드/results/ok/model_3\bce\aec128\crop80/cv_roc_curves.png
  연구코드/results/ok/model_3\bce\aec128\crop80/cv_metric_distribution.png
  연구코드/results/ok/model_3\bce\aec128\crop80/training_curves.png
  연구코드/results/ok/model_3\bce\aec128\crop80/test_roc_curves.png
  연구코드/results/ok/model_3\bce\aec128\crop80/test_roc_by_sex.png
  연구코드/results/ok/model_3\bce\aec128\crop80/confusion_matrices.png
  연구코드/results/ok/model_3\bce\aec128\crop80/calibration.png
  연구코드/results/ok/model_3\bce\aec128\crop80/results.md
  [M3/bce/crop80/scale_clinic] Plotting attention maps ...
  연구코드/results/ok/model_3\bce\aec128\crop80/attention_map_c2a.png
  연구코드/results/ok/model_3\bce\aec128\crop80/attention_heatmap.png
  [M3/bce/crop80/scale_clinic] Done.

############################################################
  [M3 crop60] CASE : scale_clinic  (scale_clinic=True, loss=bce)
############################################################
  [M3/bce/crop60/scale_clinic] Cross-validating CrossAttn3 ...
=================================================================
5-Fold CV  [CrossAttn3 | scale_clin=True, scale_aec=False]
=================================================================

── Fold 1/5 ──────────────────────────────
  CA3  — AUC: 0.7929  AUPRC: 0.3094  Brier: 0.1499  Acc: 0.7971  F1: 0.5000  (best ep=35, thresh=0.491)

── Fold 2/5 ──────────────────────────────
  CA3  — AUC: 0.8474  AUPRC: 0.4606  Brier: 0.2437  Acc: 0.7536  F1: 0.4688  (best ep=5, thresh=0.700)

── Fold 3/5 ──────────────────────────────
  CA3  — AUC: 0.7980  AUPRC: 0.3587  Brier: 0.1703  Acc: 0.7153  F1: 0.4179  (best ep=21, thresh=0.427)

── Fold 4/5 ──────────────────────────────
  CA3  — AUC: 0.8079  AUPRC: 0.5645  Brier: 0.2372  Acc: 0.7080  F1: 0.3939  (best ep=2, thresh=0.552)

── Fold 5/5 ──────────────────────────────
  CA3  — AUC: 0.7732  AUPRC: 0.2497  Brier: 0.3016  Acc: 0.7299  F1: 0.4308  (best ep=11, thresh=0.729)

===========================================================================
CrossAttn3  —  5-Fold CV Summary
===========================================================================
  Fold      AUC-ROC      AUPRC      Brier   Accuracy         F1
  ----------------------------------------------------------
  1          0.7929     0.3094     0.1499     0.7971     0.5000
  2          0.8474     0.4606     0.2437     0.7536     0.4688
  3          0.7980     0.3587     0.1703     0.7153     0.4179
  4          0.8079     0.5645     0.2372     0.7080     0.3939
  5          0.7732     0.2497     0.3016     0.7299     0.4308
  ──────────────────────────────────────────────────────────
  Mean       0.8039     0.3886     0.2205     0.7408     0.4423
  ±Std       0.0245     0.1119     0.0546     0.0322     0.0377
  [M3/bce/crop60/scale_clinic] Evaluating on test set (med_epoch=11, thresh=0.552) ...

=================================================================
CrossAttn3 Test Evaluation  (scale_clin=True, scale_aec=False, threshold=0.552)
=================================================================
CrossAttn3 — training final model for 11 epochs on full CV set …

CrossAttn3 — Test Set (Overall):
  AUC: 0.8505  AUPRC: 0.5395  Brier: 0.1946  Acc: 0.7035  F1: 0.4000

CrossAttn3 — Test Set (By Sex):
  [M] n=71  AUC: 0.8667  AUPRC: 0.6463  Brier: 0.2191  Acc: 0.6620  F1: 0.4545
              precision    recall  f1-score   support

      Normal       0.97      0.62      0.76        60
  Sarcopenia       0.30      0.91      0.45        11

    accuracy                           0.66        71
   macro avg       0.64      0.76      0.60        71
weighted avg       0.87      0.66      0.71        71

  [F] n=101  AUC: 0.8242  AUPRC: 0.4727  Brier: 0.1773  Acc: 0.7327  F1: 0.3415
              precision    recall  f1-score   support

      Normal       0.96      0.74      0.83        91
  Sarcopenia       0.23      0.70      0.34        10

    accuracy                           0.73       101
   macro avg       0.59      0.72      0.59       101
weighted avg       0.88      0.73      0.78       101


───────────────────────────────────────────────────────
Test Set — Bootstrap CI
───────────────────────────────────────────────────────

  Bootstrap 95% CI — CrossAttn3  (n_boot=2000)
  Metric         Estimate   95% CI Lower   95% CI Upper
  ----------------------------------------------------
  AUC-ROC          0.8505         0.7606         0.9267
  AUPRC            0.5395         0.3304         0.7436
  Brier            0.1946         0.1600         0.2300
  Accuracy         0.7035         0.6337         0.7733
  F1               0.4000         0.2580         0.5253
  [M3/bce/crop60/scale_clinic] Saving figures ...

Saved (model 3 (crop60, bce)):
  연구코드/results/ok/model_3\bce\aec128\crop60/data_distribution.png
  연구코드/results/ok/model_3\bce\aec128\crop60/cv_roc_curves.png
  연구코드/results/ok/model_3\bce\aec128\crop60/cv_metric_distribution.png
  연구코드/results/ok/model_3\bce\aec128\crop60/training_curves.png
  연구코드/results/ok/model_3\bce\aec128\crop60/test_roc_curves.png
  연구코드/results/ok/model_3\bce\aec128\crop60/test_roc_by_sex.png
  연구코드/results/ok/model_3\bce\aec128\crop60/confusion_matrices.png
  연구코드/results/ok/model_3\bce\aec128\crop60/calibration.png
  연구코드/results/ok/model_3\bce\aec128\crop60/results.md
  [M3/bce/crop60/scale_clinic] Plotting attention maps ...
  연구코드/results/ok/model_3\bce\aec128\crop60/attention_map_c2a.png
  연구코드/results/ok/model_3\bce\aec128\crop60/attention_heatmap.png
  [M3/bce/crop60/scale_clinic] Done.
