============================================================
  MODEL 3_LF — Clinic + Scanner + AEC Late Fusion (aec128)  (3 AEC variants)
============================================================

############################################################
  [M3_LF raw]  (scale_clinic=True, scale_aec=none)
############################################################
  [M3_LF/raw] Cross-validating LateFusion3 ...
=================================================================
5-Fold CV  [LateFusion3 | scale_aec=none]
=================================================================

── Fold 1/5 ──────────────────────────────
  Late — AUC: 0.8037  AUPRC: 0.3096  Brier: 0.2832  Acc: 0.7432  F1: 0.4198  (best ep=491, thresh=0.625)

── Fold 2/5 ──────────────────────────────
  Late — AUC: 0.8055  AUPRC: 0.4436  Brier: 0.2582  Acc: 0.9016  F1: 0.5500  (best ep=396, thresh=0.662)

── Fold 3/5 ──────────────────────────────
  Late — AUC: 0.7782  AUPRC: 0.4451  Brier: 0.2906  Acc: 0.8306  F1: 0.4151  (best ep=265, thresh=0.671)

── Fold 4/5 ──────────────────────────────
  Late — AUC: 0.7782  AUPRC: 0.3451  Brier: 0.2578  Acc: 0.5847  F1: 0.3214  (best ep=385, thresh=0.513)

── Fold 5/5 ──────────────────────────────
  Late — AUC: 0.7843  AUPRC: 0.4728  Brier: 0.2857  Acc: 0.7308  F1: 0.3636  (best ep=484, thresh=0.618)

===========================================================================
LateFusion3  —  5-Fold CV Summary
===========================================================================
  Fold      AUC-ROC      AUPRC      Brier   Accuracy         F1
  ----------------------------------------------------------
  1          0.8037     0.3096     0.2832     0.7432     0.4198
  2          0.8055     0.4436     0.2582     0.9016     0.5500
  3          0.7782     0.4451     0.2906     0.8306     0.4151
  4          0.7782     0.3451     0.2578     0.5847     0.3214
  5          0.7843     0.4728     0.2857     0.7308     0.3636
  ──────────────────────────────────────────────────────────
  Mean       0.7900     0.4032     0.2751     0.7582     0.4140
  ±Std       0.0121     0.0638     0.0142     0.1067     0.0770
  [M3_LF/raw] Evaluating on test set (med_epoch=396, thresh=0.625) ...
LateFusion3 — training final model for 396 epochs on full CV set …
  [LateFusion3] weights → C:\Users\jhjun\OneDrive\Desktop\대학원\results/0612_late_fusion/model_3_lf\raw\M3_LF_raw_weights.pt

LateFusion3 — Test Set (Overall):  AUC: 0.7685  AUPRC: 0.2951  Brier: 0.2814  Acc: 0.7555  F1: 0.3333

LateFusion3 — Test Set (By Sex):
  [M] n=82  AUC: 0.7023  AUPRC: 0.2897  Brier: 0.2928  Acc: 0.6707  F1: 0.4000
              precision    recall  f1-score   support

      Normal       0.92      0.67      0.77        69
  Sarcopenia       0.28      0.69      0.40        13

    accuracy                           0.67        82
   macro avg       0.60      0.68      0.59        82
weighted avg       0.82      0.67      0.71        82

  [F] n=147  AUC: 0.8202  AUPRC: 0.3078  Brier: 0.2750  Acc: 0.8027  F1: 0.2564
              precision    recall  f1-score   support

      Normal       0.95      0.83      0.89       136
  Sarcopenia       0.18      0.45      0.26        11

    accuracy                           0.80       147
   macro avg       0.56      0.64      0.57       147
weighted avg       0.89      0.80      0.84       147


───────────────────────────────────────────────────────
Test Set — Bootstrap CI
───────────────────────────────────────────────────────

  Bootstrap 95% CI — LateFusion3  (n_boot=2000)
  Metric         Estimate   95% CI Lower   95% CI Upper
  ----------------------------------------------------
  AUC-ROC          0.7685         0.6739         0.8549
  AUPRC            0.2951         0.1678         0.4800
  Brier            0.2814         0.2614         0.2997
  Accuracy         0.7555         0.6987         0.8122
  F1               0.3333         0.2051         0.4616
  [M3_LF/raw] Saving figures ...

Saved (model 3_LF (raw)):
  C:\Users\jhjun\OneDrive\Desktop\대학원\results/0612_late_fusion/model_3_lf\raw/data_distribution.png
  C:\Users\jhjun\OneDrive\Desktop\대학원\results/0612_late_fusion/model_3_lf\raw/cv_roc_curves.png
  C:\Users\jhjun\OneDrive\Desktop\대학원\results/0612_late_fusion/model_3_lf\raw/cv_metric_distribution.png
  C:\Users\jhjun\OneDrive\Desktop\대학원\results/0612_late_fusion/model_3_lf\raw/training_curves.png
  C:\Users\jhjun\OneDrive\Desktop\대학원\results/0612_late_fusion/model_3_lf\raw/test_roc_curves.png
  C:\Users\jhjun\OneDrive\Desktop\대학원\results/0612_late_fusion/model_3_lf\raw/test_roc_by_sex.png
  C:\Users\jhjun\OneDrive\Desktop\대학원\results/0612_late_fusion/model_3_lf\raw/confusion_matrices.png
  C:\Users\jhjun\OneDrive\Desktop\대학원\results/0612_late_fusion/model_3_lf\raw/calibration.png
  C:\Users\jhjun\OneDrive\Desktop\대학원\results/0612_late_fusion/model_3_lf\raw/results.md
  [M3_LF/raw] Plotting Grad-CAM ...
  C:\Users\jhjun\OneDrive\Desktop\대학원\results/0612_late_fusion/model_3_lf\raw/cam_aec_mean.png
  C:\Users\jhjun\OneDrive\Desktop\대학원\results/0612_late_fusion/model_3_lf\raw/cam_aec_lines.png
  C:\Users\jhjun\OneDrive\Desktop\대학원\results/0612_late_fusion/model_3_lf\raw/cam_aec_heatmap.png
  [M3_LF/raw] Done.

############################################################
  [M3_LF norm]  (scale_clinic=True, scale_aec=none)
############################################################
  [M3_LF/norm] Cross-validating LateFusion3 ...
=================================================================
5-Fold CV  [LateFusion3 | scale_aec=none]
=================================================================

── Fold 1/5 ──────────────────────────────
  Late — AUC: 0.7761  AUPRC: 0.4221  Brier: 0.2960  Acc: 0.7596  F1: 0.3889  (best ep=467, thresh=0.613)

── Fold 2/5 ──────────────────────────────
  Late — AUC: 0.7924  AUPRC: 0.3983  Brier: 0.2544  Acc: 0.7486  F1: 0.3947  (best ep=434, thresh=0.579)

── Fold 3/5 ──────────────────────────────
  Late — AUC: 0.6932  AUPRC: 0.2683  Brier: 0.3094  Acc: 0.6721  F1: 0.3182  (best ep=481, thresh=0.603)

── Fold 4/5 ──────────────────────────────
  Late — AUC: 0.7224  AUPRC: 0.3035  Brier: 0.2617  Acc: 0.5137  F1: 0.2880  (best ep=427, thresh=0.492)

── Fold 5/5 ──────────────────────────────
  Late — AUC: 0.7992  AUPRC: 0.4563  Brier: 0.2847  Acc: 0.7582  F1: 0.4054  (best ep=474, thresh=0.608)

===========================================================================
LateFusion3  —  5-Fold CV Summary
===========================================================================
  Fold      AUC-ROC      AUPRC      Brier   Accuracy         F1
  ----------------------------------------------------------
  1          0.7761     0.4221     0.2960     0.7596     0.3889
  2          0.7924     0.3983     0.2544     0.7486     0.3947
  3          0.6932     0.2683     0.3094     0.6721     0.3182
  4          0.7224     0.3035     0.2617     0.5137     0.2880
  5          0.7992     0.4563     0.2847     0.7582     0.4054
  ──────────────────────────────────────────────────────────
  Mean       0.7566     0.3697     0.2812     0.6904     0.3590
  ±Std       0.0416     0.0717     0.0206     0.0942     0.0470
  [M3_LF/norm] Evaluating on test set (med_epoch=467, thresh=0.603) ...
LateFusion3 — training final model for 467 epochs on full CV set …
  [LateFusion3] weights → C:\Users\jhjun\OneDrive\Desktop\대학원\results/0612_late_fusion/model_3_lf\norm\M3_LF_norm_weights.pt

LateFusion3 — Test Set (Overall):  AUC: 0.7988  AUPRC: 0.3584  Brier: 0.2851  Acc: 0.7336  F1: 0.3711

LateFusion3 — Test Set (By Sex):
  [M] n=82  AUC: 0.7101  AUPRC: 0.3682  Brier: 0.3011  Acc: 0.6341  F1: 0.3750
              precision    recall  f1-score   support

      Normal       0.91      0.62      0.74        69
  Sarcopenia       0.26      0.69      0.38        13

    accuracy                           0.63        82
   macro avg       0.59      0.66      0.56        82
weighted avg       0.81      0.63      0.68        82

  [F] n=147  AUC: 0.8623  AUPRC: 0.3762  Brier: 0.2762  Acc: 0.7891  F1: 0.3673
              precision    recall  f1-score   support

      Normal       0.98      0.79      0.87       136
  Sarcopenia       0.24      0.82      0.37        11

    accuracy                           0.79       147
   macro avg       0.61      0.80      0.62       147
weighted avg       0.93      0.79      0.84       147


───────────────────────────────────────────────────────
Test Set — Bootstrap CI
───────────────────────────────────────────────────────

  Bootstrap 95% CI — LateFusion3  (n_boot=2000)
  Metric         Estimate   95% CI Lower   95% CI Upper
  ----------------------------------------------------
  AUC-ROC          0.7988         0.7050         0.8807
  AUPRC            0.3584         0.2050         0.5459
  Brier            0.2851         0.2694         0.2997
  Accuracy         0.7336         0.6769         0.7904
  F1               0.3711         0.2472         0.4906
  [M3_LF/norm] Saving figures ...

Saved (model 3_LF (norm)):
  C:\Users\jhjun\OneDrive\Desktop\대학원\results/0612_late_fusion/model_3_lf\norm/data_distribution.png
  C:\Users\jhjun\OneDrive\Desktop\대학원\results/0612_late_fusion/model_3_lf\norm/cv_roc_curves.png
  C:\Users\jhjun\OneDrive\Desktop\대학원\results/0612_late_fusion/model_3_lf\norm/cv_metric_distribution.png
  C:\Users\jhjun\OneDrive\Desktop\대학원\results/0612_late_fusion/model_3_lf\norm/training_curves.png
  C:\Users\jhjun\OneDrive\Desktop\대학원\results/0612_late_fusion/model_3_lf\norm/test_roc_curves.png
  C:\Users\jhjun\OneDrive\Desktop\대학원\results/0612_late_fusion/model_3_lf\norm/test_roc_by_sex.png
  C:\Users\jhjun\OneDrive\Desktop\대학원\results/0612_late_fusion/model_3_lf\norm/confusion_matrices.png
  C:\Users\jhjun\OneDrive\Desktop\대학원\results/0612_late_fusion/model_3_lf\norm/calibration.png
  C:\Users\jhjun\OneDrive\Desktop\대학원\results/0612_late_fusion/model_3_lf\norm/results.md
  [M3_LF/norm] Plotting Grad-CAM ...
  C:\Users\jhjun\OneDrive\Desktop\대학원\results/0612_late_fusion/model_3_lf\norm/cam_aec_mean.png
  C:\Users\jhjun\OneDrive\Desktop\대학원\results/0612_late_fusion/model_3_lf\norm/cam_aec_lines.png
  C:\Users\jhjun\OneDrive\Desktop\대학원\results/0612_late_fusion/model_3_lf\norm/cam_aec_heatmap.png
  [M3_LF/norm] Done.

############################################################
  [M3_LF global_zscore]  (scale_clinic=True, scale_aec=global)
############################################################
  [M3_LF/global_zscore] Cross-validating LateFusion3 ...
=================================================================
5-Fold CV  [LateFusion3 | scale_aec=global]
=================================================================

── Fold 1/5 ──────────────────────────────
  Late — AUC: 0.7613  AUPRC: 0.2711  Brier: 0.3001  Acc: 0.4973  F1: 0.3030  (best ep=409, thresh=0.520)

── Fold 2/5 ──────────────────────────────
  Late — AUC: 0.8100  AUPRC: 0.4157  Brier: 0.2636  Acc: 0.8361  F1: 0.4444  (best ep=485, thresh=0.634)

── Fold 3/5 ──────────────────────────────
  Late — AUC: 0.7487  AUPRC: 0.4211  Brier: 0.3020  Acc: 0.7213  F1: 0.3377  (best ep=475, thresh=0.625)

── Fold 4/5 ──────────────────────────────
  Late — AUC: 0.7782  AUPRC: 0.3227  Brier: 0.2567  Acc: 0.5956  F1: 0.3273  (best ep=435, thresh=0.516)

── Fold 5/5 ──────────────────────────────
  Late — AUC: 0.7275  AUPRC: 0.3467  Brier: 0.2918  Acc: 0.7582  F1: 0.3529  (best ep=464, thresh=0.625)

===========================================================================
LateFusion3  —  5-Fold CV Summary
===========================================================================
  Fold      AUC-ROC      AUPRC      Brier   Accuracy         F1
  ----------------------------------------------------------
  1          0.7613     0.2711     0.3001     0.4973     0.3030
  2          0.8100     0.4157     0.2636     0.8361     0.4444
  3          0.7487     0.4211     0.3020     0.7213     0.3377
  4          0.7782     0.3227     0.2567     0.5956     0.3273
  5          0.7275     0.3467     0.2918     0.7582     0.3529
  ──────────────────────────────────────────────────────────
  Mean       0.7652     0.3555     0.2829     0.6817     0.3531
  ±Std       0.0279     0.0570     0.0189     0.1206     0.0485
  [M3_LF/global_zscore] Evaluating on test set (med_epoch=464, thresh=0.625) ...
LateFusion3 — training final model for 464 epochs on full CV set …
  [LateFusion3] weights → C:\Users\jhjun\OneDrive\Desktop\대학원\results/0612_late_fusion/model_3_lf\global_zscore\M3_LF_global_zscore_weights.pt

LateFusion3 — Test Set (Overall):  AUC: 0.7567  AUPRC: 0.2639  Brier: 0.2828  Acc: 0.7336  F1: 0.2989

LateFusion3 — Test Set (By Sex):
  [M] n=82  AUC: 0.7068  AUPRC: 0.2850  Brier: 0.2860  Acc: 0.6585  F1: 0.3636
              precision    recall  f1-score   support

      Normal       0.90      0.67      0.77        69
  Sarcopenia       0.26      0.62      0.36        13

    accuracy                           0.66        82
   macro avg       0.58      0.64      0.57        82
weighted avg       0.80      0.66      0.70        82

  [F] n=147  AUC: 0.7961  AUPRC: 0.3118  Brier: 0.2810  Acc: 0.7755  F1: 0.2326
              precision    recall  f1-score   support

      Normal       0.95      0.80      0.87       136
  Sarcopenia       0.16      0.45      0.23        11

    accuracy                           0.78       147
   macro avg       0.55      0.63      0.55       147
weighted avg       0.89      0.78      0.82       147


───────────────────────────────────────────────────────
Test Set — Bootstrap CI
───────────────────────────────────────────────────────

  Bootstrap 95% CI — LateFusion3  (n_boot=2000)
  Metric         Estimate   95% CI Lower   95% CI Upper
  ----------------------------------------------------
  AUC-ROC          0.7567         0.6564         0.8480
  AUPRC            0.2639         0.1613         0.4562
  Brier            0.2828         0.2639         0.3001
  Accuracy         0.7336         0.6769         0.7904
  F1               0.2989         0.1750         0.4270
  [M3_LF/global_zscore] Saving figures ...

Saved (model 3_LF (global_zscore)):
  C:\Users\jhjun\OneDrive\Desktop\대학원\results/0612_late_fusion/model_3_lf\global_zscore/data_distribution.png
  C:\Users\jhjun\OneDrive\Desktop\대학원\results/0612_late_fusion/model_3_lf\global_zscore/cv_roc_curves.png
  C:\Users\jhjun\OneDrive\Desktop\대학원\results/0612_late_fusion/model_3_lf\global_zscore/cv_metric_distribution.png
  C:\Users\jhjun\OneDrive\Desktop\대학원\results/0612_late_fusion/model_3_lf\global_zscore/training_curves.png
  C:\Users\jhjun\OneDrive\Desktop\대학원\results/0612_late_fusion/model_3_lf\global_zscore/test_roc_curves.png
  C:\Users\jhjun\OneDrive\Desktop\대학원\results/0612_late_fusion/model_3_lf\global_zscore/test_roc_by_sex.png
  C:\Users\jhjun\OneDrive\Desktop\대학원\results/0612_late_fusion/model_3_lf\global_zscore/confusion_matrices.png
  C:\Users\jhjun\OneDrive\Desktop\대학원\results/0612_late_fusion/model_3_lf\global_zscore/calibration.png
  C:\Users\jhjun\OneDrive\Desktop\대학원\results/0612_late_fusion/model_3_lf\global_zscore/results.md
  [M3_LF/global_zscore] Plotting Grad-CAM ...
  C:\Users\jhjun\OneDrive\Desktop\대학원\results/0612_late_fusion/model_3_lf\global_zscore/cam_aec_mean.png
  C:\Users\jhjun\OneDrive\Desktop\대학원\results/0612_late_fusion/model_3_lf\global_zscore/cam_aec_lines.png
  C:\Users\jhjun\OneDrive\Desktop\대학원\results/0612_late_fusion/model_3_lf\global_zscore/cam_aec_heatmap.png
  [M3_LF/global_zscore] Done.
