============================================================
  MODEL 2 — Clinic + AEC (aec256)  (5 AEC variants × 1 case)
============================================================

############################################################
  [M2 len256] CASE : scale_both  (scale_clinic=True, scale_aec=True)
############################################################
=======================================================
5-Fold CV  [CrossAttn | scale_clin=True, scale_aec=True]
=======================================================

── Fold 1/5 ──────────────────────────────
  CA   — AUC: 0.8693  AUPRC: 0.5500  Brier: 0.1431  Acc: 0.7742  F1: 0.4474  (best ep=59)

── Fold 2/5 ──────────────────────────────
  CA   — AUC: 0.8380  AUPRC: 0.3951  Brier: 0.1538  Acc: 0.7849  F1: 0.4286  (best ep=7)

── Fold 3/5 ──────────────────────────────
  CA   — AUC: 0.7973  AUPRC: 0.2889  Brier: 0.2484  Acc: 0.6290  F1: 0.3429  (best ep=9)

── Fold 4/5 ──────────────────────────────
  CA   — AUC: 0.8196  AUPRC: 0.3907  Brier: 0.1493  Acc: 0.7419  F1: 0.3846  (best ep=2)

── Fold 5/5 ──────────────────────────────
  CA   — AUC: 0.7857  AUPRC: 0.4159  Brier: 0.1863  Acc: 0.6703  F1: 0.3441  (best ep=50)

===========================================================================
CrossAttn  —  5-Fold CV Summary
===========================================================================
  Fold      AUC-ROC      AUPRC      Brier   Accuracy         F1
  ----------------------------------------------------------
  1          0.8693     0.5500     0.1431     0.7742     0.4474
  2          0.8380     0.3951     0.1538     0.7849     0.4286
  3          0.7973     0.2889     0.2484     0.6290     0.3429
  4          0.8196     0.3907     0.1493     0.7419     0.3846
  5          0.7857     0.4159     0.1863     0.6703     0.3441
  ──────────────────────────────────────────────────────────
  Mean       0.8220     0.4081     0.1762     0.7201     0.3895
  ±Std       0.0298     0.0835     0.0391     0.0606     0.0427

=======================================================
CrossAttn Test Evaluation  (scale_clin=True, scale_aec=True)
=======================================================
CrossAttn — training final model for 9 epochs on full CV set …

CrossAttn — Test Set (Overall):
  AUC: 0.7887  AUPRC: 0.4100  Brier: 0.2169  Acc: 0.6609  F1: 0.3248

CrossAttn — Test Set (By Sex):
  [M] n=85  AUC: 0.8219  AUPRC: 0.5446  Brier: 0.2497  Acc: 0.6235  F1: 0.4286
              precision    recall  f1-score   support

      Normal       0.95      0.58      0.72        71
  Sarcopenia       0.29      0.86      0.43        14

    accuracy                           0.62        85
   macro avg       0.62      0.72      0.57        85
weighted avg       0.84      0.62      0.67        85

  [F] n=148  AUC: 0.7233  AUPRC: 0.2630  Brier: 0.1981  Acc: 0.6824  F1: 0.2295
              precision    recall  f1-score   support

      Normal       0.96      0.69      0.80       137
  Sarcopenia       0.14      0.64      0.23        11

    accuracy                           0.68       148
   macro avg       0.55      0.66      0.51       148
weighted avg       0.90      0.68      0.76       148


───────────────────────────────────────────────────────
Test Set — Bootstrap CI
───────────────────────────────────────────────────────

  Bootstrap 95% CI — CrossAttn  (n_boot=2000)
  Metric         Estimate   95% CI Lower   95% CI Upper
  ----------------------------------------------------
  AUC-ROC          0.7887         0.6810         0.8816
  AUPRC            0.4100         0.2402         0.6066
  Brier            0.2169         0.1846         0.2496
  Accuracy         0.6609         0.6009         0.7210
  F1               0.3248         0.2174         0.4386

Saved (model 2 (len256)):
  연구코드/results/0522_ok/model_2\aec256\len256\scale_both/data_distribution.png
  연구코드/results/0522_ok/model_2\aec256\len256\scale_both/cv_roc_curves.png
  연구코드/results/0522_ok/model_2\aec256\len256\scale_both/cv_metric_distribution.png
  연구코드/results/0522_ok/model_2\aec256\len256\scale_both/training_curves.png
  연구코드/results/0522_ok/model_2\aec256\len256\scale_both/test_roc_curves.png
  연구코드/results/0522_ok/model_2\aec256\len256\scale_both/test_roc_by_sex.png
  연구코드/results/0522_ok/model_2\aec256\len256\scale_both/confusion_matrices.png
  연구코드/results/0522_ok/model_2\aec256\len256\scale_both/calibration.png
  연구코드/results/0522_ok/model_2\aec256\len256\scale_both/results.md

############################################################
  [M2 crop80] CASE : scale_both  (scale_clinic=True, scale_aec=True)
############################################################
=======================================================
5-Fold CV  [CrossAttn | scale_clin=True, scale_aec=True]
=======================================================

── Fold 1/5 ──────────────────────────────
  CA   — AUC: 0.8539  AUPRC: 0.4781  Brier: 0.1417  Acc: 0.7957  F1: 0.4242  (best ep=8)

── Fold 2/5 ──────────────────────────────
  CA   — AUC: 0.8533  AUPRC: 0.4222  Brier: 0.1232  Acc: 0.8172  F1: 0.4688  (best ep=7)

── Fold 3/5 ──────────────────────────────
  CA   — AUC: 0.7949  AUPRC: 0.3467  Brier: 0.1504  Acc: 0.7634  F1: 0.3529  (best ep=10)

── Fold 4/5 ──────────────────────────────
  CA   — AUC: 0.7711  AUPRC: 0.3186  Brier: 0.1525  Acc: 0.7903  F1: 0.4000  (best ep=3)

── Fold 5/5 ──────────────────────────────
  CA   — AUC: 0.7828  AUPRC: 0.3587  Brier: 0.2043  Acc: 0.6595  F1: 0.3505  (best ep=37)

===========================================================================
CrossAttn  —  5-Fold CV Summary
===========================================================================
  Fold      AUC-ROC      AUPRC      Brier   Accuracy         F1
  ----------------------------------------------------------
  1          0.8539     0.4781     0.1417     0.7957     0.4242
  2          0.8533     0.4222     0.1232     0.8172     0.4688
  3          0.7949     0.3467     0.1504     0.7634     0.3529
  4          0.7711     0.3186     0.1525     0.7903     0.4000
  5          0.7828     0.3587     0.2043     0.6595     0.3505
  ──────────────────────────────────────────────────────────
  Mean       0.8112     0.3849     0.1544     0.7652     0.3993
  ±Std       0.0354     0.0576     0.0270     0.0556     0.0447

=======================================================
CrossAttn Test Evaluation  (scale_clin=True, scale_aec=True)
=======================================================
CrossAttn — training final model for 8 epochs on full CV set …

CrossAttn — Test Set (Overall):
  AUC: 0.8010  AUPRC: 0.3900  Brier: 0.2547  Acc: 0.5837  F1: 0.3022

CrossAttn — Test Set (By Sex):
  [M] n=85  AUC: 0.7978  AUPRC: 0.4980  Brier: 0.2682  Acc: 0.5765  F1: 0.4194
              precision    recall  f1-score   support

      Normal       0.97      0.51      0.67        71
  Sarcopenia       0.27      0.93      0.42        14

    accuracy                           0.58        85
   macro avg       0.62      0.72      0.54        85
weighted avg       0.86      0.58      0.63        85

  [F] n=148  AUC: 0.7817  AUPRC: 0.2829  Brier: 0.2469  Acc: 0.5878  F1: 0.2078
              precision    recall  f1-score   support

      Normal       0.96      0.58      0.72       137
  Sarcopenia       0.12      0.73      0.21        11

    accuracy                           0.59       148
   macro avg       0.54      0.65      0.46       148
weighted avg       0.90      0.59      0.68       148


───────────────────────────────────────────────────────
Test Set — Bootstrap CI
───────────────────────────────────────────────────────

  Bootstrap 95% CI — CrossAttn  (n_boot=2000)
  Metric         Estimate   95% CI Lower   95% CI Upper
  ----------------------------------------------------
  AUC-ROC          0.8010         0.7155         0.8780
  AUPRC            0.3900         0.2285         0.5759
  Brier            0.2547         0.2204         0.2877
  Accuracy         0.5837         0.5193         0.6438
  F1               0.3022         0.2059         0.4029

Saved (model 2 (crop80)):
  연구코드/results/0522_ok/model_2\aec256\crop80\scale_both/data_distribution.png
  연구코드/results/0522_ok/model_2\aec256\crop80\scale_both/cv_roc_curves.png
  연구코드/results/0522_ok/model_2\aec256\crop80\scale_both/cv_metric_distribution.png
  연구코드/results/0522_ok/model_2\aec256\crop80\scale_both/training_curves.png
  연구코드/results/0522_ok/model_2\aec256\crop80\scale_both/test_roc_curves.png
  연구코드/results/0522_ok/model_2\aec256\crop80\scale_both/test_roc_by_sex.png
  연구코드/results/0522_ok/model_2\aec256\crop80\scale_both/confusion_matrices.png
  연구코드/results/0522_ok/model_2\aec256\crop80\scale_both/calibration.png
  연구코드/results/0522_ok/model_2\aec256\crop80\scale_both/results.md

############################################################
  [M2 crop60] CASE : scale_both  (scale_clinic=True, scale_aec=True)
############################################################
=======================================================
5-Fold CV  [CrossAttn | scale_clin=True, scale_aec=True]
=======================================================

── Fold 1/5 ──────────────────────────────
  CA   — AUC: 0.8726  AUPRC: 0.6102  Brier: 0.1727  Acc: 0.7312  F1: 0.4048  (best ep=29)

── Fold 2/5 ──────────────────────────────
  CA   — AUC: 0.8491  AUPRC: 0.3547  Brier: 0.1568  Acc: 0.7849  F1: 0.4118  (best ep=30)

── Fold 3/5 ──────────────────────────────
  CA   — AUC: 0.8247  AUPRC: 0.4147  Brier: 0.1517  Acc: 0.7634  F1: 0.4054  (best ep=14)

── Fold 4/5 ──────────────────────────────
  CA   — AUC: 0.7928  AUPRC: 0.3568  Brier: 0.1962  Acc: 0.6720  F1: 0.3297  (best ep=2)

── Fold 5/5 ──────────────────────────────
  CA   — AUC: 0.7920  AUPRC: 0.4322  Brier: 0.1965  Acc: 0.6865  F1: 0.3696  (best ep=89)

===========================================================================
CrossAttn  —  5-Fold CV Summary
===========================================================================
  Fold      AUC-ROC      AUPRC      Brier   Accuracy         F1
  ----------------------------------------------------------
  1          0.8726     0.6102     0.1727     0.7312     0.4048
  2          0.8491     0.3547     0.1568     0.7849     0.4118
  3          0.8247     0.4147     0.1517     0.7634     0.4054
  4          0.7928     0.3568     0.1962     0.6720     0.3297
  5          0.7920     0.4322     0.1965     0.6865     0.3696
  ──────────────────────────────────────────────────────────
  Mean       0.8262     0.4337     0.1748     0.7276     0.3842
  ±Std       0.0315     0.0934     0.0189     0.0433     0.0310

=======================================================
CrossAttn Test Evaluation  (scale_clin=True, scale_aec=True)
=======================================================
CrossAttn — training final model for 29 epochs on full CV set …

CrossAttn — Test Set (Overall):
  AUC: 0.8156  AUPRC: 0.4163  Brier: 0.2130  Acc: 0.6824  F1: 0.3509

CrossAttn — Test Set (By Sex):
  [M] n=85  AUC: 0.8169  AUPRC: 0.5378  Brier: 0.2699  Acc: 0.6235  F1: 0.4286
              precision    recall  f1-score   support

      Normal       0.95      0.58      0.72        71
  Sarcopenia       0.29      0.86      0.43        14

    accuracy                           0.62        85
   macro avg       0.62      0.72      0.57        85
weighted avg       0.84      0.62      0.67        85

  [F] n=148  AUC: 0.7923  AUPRC: 0.2577  Brier: 0.1803  Acc: 0.7162  F1: 0.2759
              precision    recall  f1-score   support

      Normal       0.97      0.72      0.82       137
  Sarcopenia       0.17      0.73      0.28        11

    accuracy                           0.72       148
   macro avg       0.57      0.72      0.55       148
weighted avg       0.91      0.72      0.78       148


───────────────────────────────────────────────────────
Test Set — Bootstrap CI
───────────────────────────────────────────────────────

  Bootstrap 95% CI — CrossAttn  (n_boot=2000)
  Metric         Estimate   95% CI Lower   95% CI Upper
  ----------------------------------------------------
  AUC-ROC          0.8156         0.7227         0.8971
  AUPRC            0.4163         0.2518         0.6094
  Brier            0.2130         0.1778         0.2496
  Accuracy         0.6824         0.6223         0.7425
  F1               0.3509         0.2435         0.4696

Saved (model 2 (crop60)):
  연구코드/results/0522_ok/model_2\aec256\crop60\scale_both/data_distribution.png
  연구코드/results/0522_ok/model_2\aec256\crop60\scale_both/cv_roc_curves.png
  연구코드/results/0522_ok/model_2\aec256\crop60\scale_both/cv_metric_distribution.png
  연구코드/results/0522_ok/model_2\aec256\crop60\scale_both/training_curves.png
  연구코드/results/0522_ok/model_2\aec256\crop60\scale_both/test_roc_curves.png
  연구코드/results/0522_ok/model_2\aec256\crop60\scale_both/test_roc_by_sex.png
  연구코드/results/0522_ok/model_2\aec256\crop60\scale_both/confusion_matrices.png
  연구코드/results/0522_ok/model_2\aec256\crop60\scale_both/calibration.png
  연구코드/results/0522_ok/model_2\aec256\crop60\scale_both/results.md

############################################################
  [M2 norm] CASE : scale_both  (scale_clinic=True, scale_aec=True)
############################################################
=======================================================
5-Fold CV  [CrossAttn | scale_clin=True, scale_aec=True]
=======================================================

── Fold 1/5 ──────────────────────────────
  CA   — AUC: 0.8476  AUPRC: 0.4218  Brier: 0.1447  Acc: 0.7527  F1: 0.3947  (best ep=16)

── Fold 2/5 ──────────────────────────────
  CA   — AUC: 0.8271  AUPRC: 0.2913  Brier: 0.1260  Acc: 0.8280  F1: 0.3846  (best ep=3)

── Fold 3/5 ──────────────────────────────
  CA   — AUC: 0.8202  AUPRC: 0.3674  Brier: 0.1336  Acc: 0.7634  F1: 0.3333  (best ep=8)

── Fold 4/5 ──────────────────────────────
  CA   — AUC: 0.7910  AUPRC: 0.3317  Brier: 0.2717  Acc: 0.4677  F1: 0.2667  (best ep=1)

── Fold 5/5 ──────────────────────────────
  CA   — AUC: 0.8031  AUPRC: 0.2716  Brier: 0.1859  Acc: 0.7081  F1: 0.3721  (best ep=51)

===========================================================================
CrossAttn  —  5-Fold CV Summary
===========================================================================
  Fold      AUC-ROC      AUPRC      Brier   Accuracy         F1
  ----------------------------------------------------------
  1          0.8476     0.4218     0.1447     0.7527     0.3947
  2          0.8271     0.2913     0.1260     0.8280     0.3846
  3          0.8202     0.3674     0.1336     0.7634     0.3333
  4          0.7910     0.3317     0.2717     0.4677     0.2667
  5          0.8031     0.2716     0.1859     0.7081     0.3721
  ──────────────────────────────────────────────────────────
  Mean       0.8178     0.3368     0.1724     0.7040     0.3503
  ±Std       0.0196     0.0538     0.0538     0.1242     0.0467

=======================================================
CrossAttn Test Evaluation  (scale_clin=True, scale_aec=True)
=======================================================
CrossAttn — training final model for 8 epochs on full CV set …

CrossAttn — Test Set (Overall):
  AUC: 0.7873  AUPRC: 0.3616  Brier: 0.2584  Acc: 0.5536  F1: 0.3067

CrossAttn — Test Set (By Sex):
  [M] n=85  AUC: 0.8179  AUPRC: 0.4888  Brier: 0.2270  Acc: 0.6353  F1: 0.4561
              precision    recall  f1-score   support

      Normal       0.98      0.58      0.73        71
  Sarcopenia       0.30      0.93      0.46        14

    accuracy                           0.64        85
   macro avg       0.64      0.75      0.59        85
weighted avg       0.87      0.64      0.68        85

  [F] n=148  AUC: 0.7624  AUPRC: 0.2803  Brier: 0.2764  Acc: 0.5068  F1: 0.2151
              precision    recall  f1-score   support

      Normal       0.98      0.47      0.64       137
  Sarcopenia       0.12      0.91      0.22        11

    accuracy                           0.51       148
   macro avg       0.55      0.69      0.43       148
weighted avg       0.92      0.51      0.61       148


───────────────────────────────────────────────────────
Test Set — Bootstrap CI
───────────────────────────────────────────────────────

  Bootstrap 95% CI — CrossAttn  (n_boot=2000)
  Metric         Estimate   95% CI Lower   95% CI Upper
  ----------------------------------------------------
  AUC-ROC          0.7873         0.7056         0.8621
  AUPRC            0.3616         0.2012         0.5371
  Brier            0.2584         0.2268         0.2900
  Accuracy         0.5536         0.4893         0.6180
  F1               0.3067         0.2154         0.4024

Saved (model 2 (norm)):
  연구코드/results/0522_ok/model_2\aec256\norm\scale_both/data_distribution.png
  연구코드/results/0522_ok/model_2\aec256\norm\scale_both/cv_roc_curves.png
  연구코드/results/0522_ok/model_2\aec256\norm\scale_both/cv_metric_distribution.png
  연구코드/results/0522_ok/model_2\aec256\norm\scale_both/training_curves.png
  연구코드/results/0522_ok/model_2\aec256\norm\scale_both/test_roc_curves.png
  연구코드/results/0522_ok/model_2\aec256\norm\scale_both/test_roc_by_sex.png
  연구코드/results/0522_ok/model_2\aec256\norm\scale_both/confusion_matrices.png
  연구코드/results/0522_ok/model_2\aec256\norm\scale_both/calibration.png
  연구코드/results/0522_ok/model_2\aec256\norm\scale_both/results.md

############################################################
  [M2 excl_extreme] CASE : scale_both  (scale_clinic=True, scale_aec=True)
############################################################
=======================================================
5-Fold CV  [CrossAttn | scale_clin=True, scale_aec=True]
=======================================================

── Fold 1/5 ──────────────────────────────
  CA   — AUC: 0.8514  AUPRC: 0.4123  Brier: 0.1843  Acc: 0.6946  F1: 0.3704  (best ep=5)

── Fold 2/5 ──────────────────────────────
  CA   — AUC: 0.8847  AUPRC: 0.4467  Brier: 0.1541  Acc: 0.7425  F1: 0.3944  (best ep=6)

── Fold 3/5 ──────────────────────────────
  CA   — AUC: 0.8004  AUPRC: 0.3252  Brier: 0.1529  Acc: 0.8084  F1: 0.4483  (best ep=2)

── Fold 4/5 ──────────────────────────────
  CA   — AUC: 0.7086  AUPRC: 0.3029  Brier: 0.2104  Acc: 0.6766  F1: 0.2500  (best ep=52)

── Fold 5/5 ──────────────────────────────
  CA   — AUC: 0.8843  AUPRC: 0.4670  Brier: 0.2258  Acc: 0.5689  F1: 0.3208  (best ep=1)

===========================================================================
CrossAttn  —  5-Fold CV Summary
===========================================================================
  Fold      AUC-ROC      AUPRC      Brier   Accuracy         F1
  ----------------------------------------------------------
  1          0.8514     0.4123     0.1843     0.6946     0.3704
  2          0.8847     0.4467     0.1541     0.7425     0.3944
  3          0.8004     0.3252     0.1529     0.8084     0.4483
  4          0.7086     0.3029     0.2104     0.6766     0.2500
  5          0.8843     0.4670     0.2258     0.5689     0.3208
  ──────────────────────────────────────────────────────────
  Mean       0.8259     0.3908     0.1855     0.6982     0.3568
  ±Std       0.0662     0.0654     0.0293     0.0791     0.0673

=======================================================
CrossAttn Test Evaluation  (scale_clin=True, scale_aec=True)
=======================================================
CrossAttn — training final model for 5 epochs on full CV set …

CrossAttn — Test Set (Overall):
  AUC: 0.8189  AUPRC: 0.4083  Brier: 0.2040  Acc: 0.6316  F1: 0.3304

CrossAttn — Test Set (By Sex):
  [M] n=71  AUC: 0.8561  AUPRC: 0.5687  Brier: 0.2239  Acc: 0.6056  F1: 0.4167
              precision    recall  f1-score   support

      Normal       0.97      0.55      0.70        60
  Sarcopenia       0.27      0.91      0.42        11

    accuracy                           0.61        71
   macro avg       0.62      0.73      0.56        71
weighted avg       0.86      0.61      0.66        71

  [F] n=138  AUC: 0.7738  AUPRC: 0.2645  Brier: 0.1938  Acc: 0.6449  F1: 0.2687
              precision    recall  f1-score   support

      Normal       0.98      0.63      0.77       127
  Sarcopenia       0.16      0.82      0.27        11

    accuracy                           0.64       138
   macro avg       0.57      0.72      0.52       138
weighted avg       0.91      0.64      0.73       138


───────────────────────────────────────────────────────
Test Set — Bootstrap CI
───────────────────────────────────────────────────────

  Bootstrap 95% CI — CrossAttn  (n_boot=2000)
  Metric         Estimate   95% CI Lower   95% CI Upper
  ----------------------------------------------------
  AUC-ROC          0.8189         0.7261         0.8966
  AUPRC            0.4083         0.2329         0.6053
  Brier            0.2040         0.1768         0.2327
  Accuracy         0.6316         0.5646         0.6938
  F1               0.3304         0.2182         0.4409

Saved (model 2 (excl_extreme)):
  연구코드/results/0522_ok/model_2\aec256\excl_extreme\scale_both/data_distribution.png
  연구코드/results/0522_ok/model_2\aec256\excl_extreme\scale_both/cv_roc_curves.png
  연구코드/results/0522_ok/model_2\aec256\excl_extreme\scale_both/cv_metric_distribution.png
  연구코드/results/0522_ok/model_2\aec256\excl_extreme\scale_both/training_curves.png
  연구코드/results/0522_ok/model_2\aec256\excl_extreme\scale_both/test_roc_curves.png
  연구코드/results/0522_ok/model_2\aec256\excl_extreme\scale_both/test_roc_by_sex.png
  연구코드/results/0522_ok/model_2\aec256\excl_extreme\scale_both/confusion_matrices.png
  연구코드/results/0522_ok/model_2\aec256\excl_extreme\scale_both/calibration.png
  연구코드/results/0522_ok/model_2\aec256\excl_extreme\scale_both/results.md
