============================================================
  MODEL 2_2 — Clinic + AEC Unmatched (aec128)  (4 AEC variants)
============================================================

############################################################
  [M2_2 raw]  (scale_clinic=True, scale_aec=none)
############################################################
  [M2_2/raw] Cross-validating CrossAttn ...
=======================================================
5-Fold CV  [CrossAttn | scale_clin=True, scale_aec=none]
=======================================================

── Fold 1/5 ──────────────────────────────
  CA   — AUC: 0.8298  AUPRC: 0.3070  Brier: 0.2718  Acc: 0.6885  F1: 0.4000  (best ep=161, thresh=0.563)

── Fold 2/5 ──────────────────────────────
  CA   — AUC: 0.7859  AUPRC: 0.4027  Brier: 0.2529  Acc: 0.6503  F1: 0.3333  (best ep=153, thresh=0.536)

── Fold 3/5 ──────────────────────────────
  CA   — AUC: 0.7734  AUPRC: 0.2669  Brier: 0.2863  Acc: 0.6995  F1: 0.3529  (best ep=133, thresh=0.622)

── Fold 4/5 ──────────────────────────────
  CA   — AUC: 0.7478  AUPRC: 0.3132  Brier: 0.2365  Acc: 0.7541  F1: 0.3662  (best ep=430, thresh=0.597)

── Fold 5/5 ──────────────────────────────
  CA   — AUC: 0.7620  AUPRC: 0.3916  Brier: 0.2441  Acc: 0.6978  F1: 0.3529  (best ep=494, thresh=0.560)

===========================================================================
CrossAttn  —  5-Fold CV Summary
===========================================================================
  Fold      AUC-ROC      AUPRC      Brier   Accuracy         F1
  ----------------------------------------------------------
  1          0.8298     0.3070     0.2718     0.6885     0.4000
  2          0.7859     0.4027     0.2529     0.6503     0.3333
  3          0.7734     0.2669     0.2863     0.6995     0.3529
  4          0.7478     0.3132     0.2365     0.7541     0.3662
  5          0.7620     0.3916     0.2441     0.6978     0.3529
  ──────────────────────────────────────────────────────────
  Mean       0.7798     0.3363     0.2583     0.6980     0.3611
  ±Std       0.0280     0.0523     0.0183     0.0332     0.0221
  [M2_2/raw] Evaluating on test set (med_epoch=161, thresh=0.563) ...

=======================================================
CrossAttn Test Evaluation  (scale_clin=True, scale_aec=none, threshold=0.563)
=======================================================
CrossAttn — training final model for 161 epochs on full CV set …
  [CrossAttn] Model weights saved → 연구코드/results/0605/stage5_1e-05_epoch500/model_2_2\raw128\raw\M2_2_raw_weights.pt

CrossAttn — Test Set (Overall):
  AUC: 0.7701  AUPRC: 0.2803  Brier: 0.2738  Acc: 0.6550  F1: 0.3361

CrossAttn — Test Set (By Sex):
  [M] n=82  AUC: 0.7202  AUPRC: 0.3106  Brier: 0.2946  Acc: 0.6463  F1: 0.4314
              precision    recall  f1-score   support

      Normal       0.95      0.61      0.74        69
  Sarcopenia       0.29      0.85      0.43        13

    accuracy                           0.65        82
   macro avg       0.62      0.73      0.59        82
weighted avg       0.85      0.65      0.69        82

  [F] n=147  AUC: 0.7921  AUPRC: 0.2992  Brier: 0.2622  Acc: 0.6599  F1: 0.2647
              precision    recall  f1-score   support

      Normal       0.98      0.65      0.78       136
  Sarcopenia       0.16      0.82      0.26        11

    accuracy                           0.66       147
   macro avg       0.57      0.73      0.52       147
weighted avg       0.92      0.66      0.74       147


───────────────────────────────────────────────────────
Test Set — Bootstrap CI
───────────────────────────────────────────────────────

  Bootstrap 95% CI — CrossAttn  (n_boot=2000)
  Metric         Estimate   95% CI Lower   95% CI Upper
  ----------------------------------------------------
  AUC-ROC          0.7701         0.6817         0.8481
  AUPRC            0.2803         0.1603         0.4703
  Brier            0.2738         0.2512         0.2949
  Accuracy         0.6550         0.5939         0.7162
  F1               0.3361         0.2243         0.4444
  [M2_2/raw] Saving figures ...

Saved (model 2_2 (raw, unmatched)):
  연구코드/results/0605/stage5_1e-05_epoch500/model_2_2\raw128\raw/data_distribution.png
  연구코드/results/0605/stage5_1e-05_epoch500/model_2_2\raw128\raw/cv_roc_curves.png
  연구코드/results/0605/stage5_1e-05_epoch500/model_2_2\raw128\raw/cv_metric_distribution.png
  연구코드/results/0605/stage5_1e-05_epoch500/model_2_2\raw128\raw/training_curves.png
  연구코드/results/0605/stage5_1e-05_epoch500/model_2_2\raw128\raw/test_roc_curves.png
  연구코드/results/0605/stage5_1e-05_epoch500/model_2_2\raw128\raw/test_roc_by_sex.png
  연구코드/results/0605/stage5_1e-05_epoch500/model_2_2\raw128\raw/confusion_matrices.png
  연구코드/results/0605/stage5_1e-05_epoch500/model_2_2\raw128\raw/calibration.png
  연구코드/results/0605/stage5_1e-05_epoch500/model_2_2\raw128\raw/results.md
  [M2_2/raw] Plotting attention maps ...
  연구코드/results/0605/stage5_1e-05_epoch500/model_2_2\raw128\raw/attention_map_c2a.png
  연구코드/results/0605/stage5_1e-05_epoch500/model_2_2\raw128\raw/attention_heatmap_c2a.png
  연구코드/results/0605/stage5_1e-05_epoch500/model_2_2\raw128\raw/attention_map_a2c.png
  연구코드/results/0605/stage5_1e-05_epoch500/model_2_2\raw128\raw/attention_heatmap_a2c.png
  [M2_2/raw] Plotting Grad-CAM ...
  연구코드/results/0605/stage5_1e-05_epoch500/model_2_2\raw128\raw/cam_aec_mean.png
  연구코드/results/0605/stage5_1e-05_epoch500/model_2_2\raw128\raw/cam_aec_lines.png
  연구코드/results/0605/stage5_1e-05_epoch500/model_2_2\raw128\raw/cam_aec_heatmap.png
  [M2_2/raw] Done.

############################################################
  [M2_2 std_scaled]  (scale_clinic=True, scale_aec=column)
############################################################
  [M2_2/std_scaled] Cross-validating CrossAttn ...
=======================================================
5-Fold CV  [CrossAttn | scale_clin=True, scale_aec=column]
=======================================================

── Fold 1/5 ──────────────────────────────
  CA   — AUC: 0.8248  AUPRC: 0.3440  Brier: 0.2668  Acc: 0.6284  F1: 0.3585  (best ep=184, thresh=0.531)

── Fold 2/5 ──────────────────────────────
  CA   — AUC: 0.7908  AUPRC: 0.3258  Brier: 0.2405  Acc: 0.7486  F1: 0.3784  (best ep=382, thresh=0.571)

── Fold 3/5 ──────────────────────────────
  CA   — AUC: 0.7843  AUPRC: 0.2645  Brier: 0.2744  Acc: 0.7869  F1: 0.4000  (best ep=430, thresh=0.703)

── Fold 4/5 ──────────────────────────────
  CA   — AUC: 0.7638  AUPRC: 0.3382  Brier: 0.2490  Acc: 0.7486  F1: 0.3947  (best ep=145, thresh=0.574)

── Fold 5/5 ──────────────────────────────
  CA   — AUC: 0.7672  AUPRC: 0.2908  Brier: 0.2563  Acc: 0.6868  F1: 0.3596  (best ep=481, thresh=0.543)

===========================================================================
CrossAttn  —  5-Fold CV Summary
===========================================================================
  Fold      AUC-ROC      AUPRC      Brier   Accuracy         F1
  ----------------------------------------------------------
  1          0.8248     0.3440     0.2668     0.6284     0.3585
  2          0.7908     0.3258     0.2405     0.7486     0.3784
  3          0.7843     0.2645     0.2744     0.7869     0.4000
  4          0.7638     0.3382     0.2490     0.7486     0.3947
  5          0.7672     0.2908     0.2563     0.6868     0.3596
  ──────────────────────────────────────────────────────────
  Mean       0.7862     0.3127     0.2574     0.7199     0.3782
  ±Std       0.0218     0.0303     0.0121     0.0559     0.0172
  [M2_2/std_scaled] Evaluating on test set (med_epoch=382, thresh=0.571) ...

=======================================================
CrossAttn Test Evaluation  (scale_clin=True, scale_aec=column, threshold=0.571)
=======================================================
CrossAttn — training final model for 382 epochs on full CV set …
  [CrossAttn] Model weights saved → 연구코드/results/0605/stage5_1e-05_epoch500/model_2_2\raw128\std_scaled\M2_2_std_scaled_weights.pt

CrossAttn — Test Set (Overall):
  AUC: 0.7783  AUPRC: 0.3174  Brier: 0.2655  Acc: 0.6594  F1: 0.3276

CrossAttn — Test Set (By Sex):
  [M] n=82  AUC: 0.7358  AUPRC: 0.3728  Brier: 0.2723  Acc: 0.6829  F1: 0.4583
              precision    recall  f1-score   support

      Normal       0.96      0.65      0.78        69
  Sarcopenia       0.31      0.85      0.46        13

    accuracy                           0.68        82
   macro avg       0.64      0.75      0.62        82
weighted avg       0.86      0.68      0.73        82

  [F] n=147  AUC: 0.7988  AUPRC: 0.3163  Brier: 0.2616  Acc: 0.6463  F1: 0.2353
              precision    recall  f1-score   support

      Normal       0.97      0.64      0.77       136
  Sarcopenia       0.14      0.73      0.24        11

    accuracy                           0.65       147
   macro avg       0.55      0.68      0.50       147
weighted avg       0.90      0.65      0.73       147


───────────────────────────────────────────────────────
Test Set — Bootstrap CI
───────────────────────────────────────────────────────

  Bootstrap 95% CI — CrossAttn  (n_boot=2000)
  Metric         Estimate   95% CI Lower   95% CI Upper
  ----------------------------------------------------
  AUC-ROC          0.7783         0.6901         0.8554
  AUPRC            0.3174         0.1792         0.4992
  Brier            0.2655         0.2402         0.2902
  Accuracy         0.6594         0.5983         0.7205
  F1               0.3276         0.2151         0.4348
  [M2_2/std_scaled] Saving figures ...

Saved (model 2_2 (std_scaled, unmatched)):
  연구코드/results/0605/stage5_1e-05_epoch500/model_2_2\raw128\std_scaled/data_distribution.png
  연구코드/results/0605/stage5_1e-05_epoch500/model_2_2\raw128\std_scaled/cv_roc_curves.png
  연구코드/results/0605/stage5_1e-05_epoch500/model_2_2\raw128\std_scaled/cv_metric_distribution.png
  연구코드/results/0605/stage5_1e-05_epoch500/model_2_2\raw128\std_scaled/training_curves.png
  연구코드/results/0605/stage5_1e-05_epoch500/model_2_2\raw128\std_scaled/test_roc_curves.png
  연구코드/results/0605/stage5_1e-05_epoch500/model_2_2\raw128\std_scaled/test_roc_by_sex.png
  연구코드/results/0605/stage5_1e-05_epoch500/model_2_2\raw128\std_scaled/confusion_matrices.png
  연구코드/results/0605/stage5_1e-05_epoch500/model_2_2\raw128\std_scaled/calibration.png
  연구코드/results/0605/stage5_1e-05_epoch500/model_2_2\raw128\std_scaled/results.md
  [M2_2/std_scaled] Plotting attention maps ...
  연구코드/results/0605/stage5_1e-05_epoch500/model_2_2\raw128\std_scaled/attention_map_c2a.png
  연구코드/results/0605/stage5_1e-05_epoch500/model_2_2\raw128\std_scaled/attention_heatmap_c2a.png
  연구코드/results/0605/stage5_1e-05_epoch500/model_2_2\raw128\std_scaled/attention_map_a2c.png
  연구코드/results/0605/stage5_1e-05_epoch500/model_2_2\raw128\std_scaled/attention_heatmap_a2c.png
  [M2_2/std_scaled] Plotting Grad-CAM ...
  연구코드/results/0605/stage5_1e-05_epoch500/model_2_2\raw128\std_scaled/cam_aec_mean.png
  연구코드/results/0605/stage5_1e-05_epoch500/model_2_2\raw128\std_scaled/cam_aec_lines.png
  연구코드/results/0605/stage5_1e-05_epoch500/model_2_2\raw128\std_scaled/cam_aec_heatmap.png
  [M2_2/std_scaled] Done.

############################################################
  [M2_2 norm]  (scale_clinic=True, scale_aec=none)
############################################################
  [M2_2/norm] Cross-validating CrossAttn ...
=======================================================
5-Fold CV  [CrossAttn | scale_clin=True, scale_aec=none]
=======================================================

── Fold 1/5 ──────────────────────────────
  CA   — AUC: 0.8055  AUPRC: 0.3795  Brier: 0.2818  Acc: 0.7268  F1: 0.3902  (best ep=54, thresh=0.586)

── Fold 2/5 ──────────────────────────────
  CA   — AUC: 0.8659  AUPRC: 0.4726  Brier: 0.2697  Acc: 0.8470  F1: 0.5333  (best ep=59, thresh=0.605)

── Fold 3/5 ──────────────────────────────
  CA   — AUC: 0.7567  AUPRC: 0.2423  Brier: 0.2745  Acc: 0.6557  F1: 0.3226  (best ep=226, thresh=0.567)

── Fold 4/5 ──────────────────────────────
  CA   — AUC: 0.8097  AUPRC: 0.3850  Brier: 0.2295  Acc: 0.7869  F1: 0.4348  (best ep=226, thresh=0.612)

── Fold 5/5 ──────────────────────────────
  CA   — AUC: 0.7946  AUPRC: 0.3636  Brier: 0.2422  Acc: 0.7418  F1: 0.3896  (best ep=257, thresh=0.595)

===========================================================================
CrossAttn  —  5-Fold CV Summary
===========================================================================
  Fold      AUC-ROC      AUPRC      Brier   Accuracy         F1
  ----------------------------------------------------------
  1          0.8055     0.3795     0.2818     0.7268     0.3902
  2          0.8659     0.4726     0.2697     0.8470     0.5333
  3          0.7567     0.2423     0.2745     0.6557     0.3226
  4          0.8097     0.3850     0.2295     0.7869     0.4348
  5          0.7946     0.3636     0.2422     0.7418     0.3896
  ──────────────────────────────────────────────────────────
  Mean       0.8065     0.3686     0.2595     0.7516     0.4141
  ±Std       0.0351     0.0737     0.0201     0.0636     0.0696
  [M2_2/norm] Evaluating on test set (med_epoch=226, thresh=0.595) ...

=======================================================
CrossAttn Test Evaluation  (scale_clin=True, scale_aec=none, threshold=0.595)
=======================================================
CrossAttn — training final model for 226 epochs on full CV set …
  [CrossAttn] Model weights saved → 연구코드/results/0605/stage5_1e-05_epoch500/model_2_2\raw128\norm\M2_2_norm_weights.pt

CrossAttn — Test Set (Overall):
  AUC: 0.8378  AUPRC: 0.3501  Brier: 0.2633  Acc: 0.6725  F1: 0.3697

CrossAttn — Test Set (By Sex):
  [M] n=82  AUC: 0.7703  AUPRC: 0.3456  Brier: 0.2900  Acc: 0.6220  F1: 0.4151
              precision    recall  f1-score   support

      Normal       0.95      0.58      0.72        69
  Sarcopenia       0.28      0.85      0.42        13

    accuracy                           0.62        82
   macro avg       0.61      0.71      0.57        82
weighted avg       0.84      0.62      0.67        82

  [F] n=147  AUC: 0.8710  AUPRC: 0.4364  Brier: 0.2485  Acc: 0.7007  F1: 0.3333
              precision    recall  f1-score   support

      Normal       1.00      0.68      0.81       136
  Sarcopenia       0.20      1.00      0.33        11

    accuracy                           0.70       147
   macro avg       0.60      0.84      0.57       147
weighted avg       0.94      0.70      0.77       147


───────────────────────────────────────────────────────
Test Set — Bootstrap CI
───────────────────────────────────────────────────────

  Bootstrap 95% CI — CrossAttn  (n_boot=2000)
  Metric         Estimate   95% CI Lower   95% CI Upper
  ----------------------------------------------------
  AUC-ROC          0.8378         0.7647         0.8990
  AUPRC            0.3501         0.2179         0.5584
  Brier            0.2633         0.2369         0.2899
  Accuracy         0.6725         0.6114         0.7380
  F1               0.3697         0.2500         0.4844
  [M2_2/norm] Saving figures ...

Saved (model 2_2 (norm, unmatched)):
  연구코드/results/0605/stage5_1e-05_epoch500/model_2_2\raw128\norm/data_distribution.png
  연구코드/results/0605/stage5_1e-05_epoch500/model_2_2\raw128\norm/cv_roc_curves.png
  연구코드/results/0605/stage5_1e-05_epoch500/model_2_2\raw128\norm/cv_metric_distribution.png
  연구코드/results/0605/stage5_1e-05_epoch500/model_2_2\raw128\norm/training_curves.png
  연구코드/results/0605/stage5_1e-05_epoch500/model_2_2\raw128\norm/test_roc_curves.png
  연구코드/results/0605/stage5_1e-05_epoch500/model_2_2\raw128\norm/test_roc_by_sex.png
  연구코드/results/0605/stage5_1e-05_epoch500/model_2_2\raw128\norm/confusion_matrices.png
  연구코드/results/0605/stage5_1e-05_epoch500/model_2_2\raw128\norm/calibration.png
  연구코드/results/0605/stage5_1e-05_epoch500/model_2_2\raw128\norm/results.md
  [M2_2/norm] Plotting attention maps ...
  연구코드/results/0605/stage5_1e-05_epoch500/model_2_2\raw128\norm/attention_map_c2a.png
  연구코드/results/0605/stage5_1e-05_epoch500/model_2_2\raw128\norm/attention_heatmap_c2a.png
  연구코드/results/0605/stage5_1e-05_epoch500/model_2_2\raw128\norm/attention_map_a2c.png
  연구코드/results/0605/stage5_1e-05_epoch500/model_2_2\raw128\norm/attention_heatmap_a2c.png
  [M2_2/norm] Plotting Grad-CAM ...
  연구코드/results/0605/stage5_1e-05_epoch500/model_2_2\raw128\norm/cam_aec_mean.png
  연구코드/results/0605/stage5_1e-05_epoch500/model_2_2\raw128\norm/cam_aec_lines.png
  연구코드/results/0605/stage5_1e-05_epoch500/model_2_2\raw128\norm/cam_aec_heatmap.png
  [M2_2/norm] Done.

############################################################
  [M2_2 global_zscore]  (scale_clinic=True, scale_aec=global)
############################################################
  [M2_2/global_zscore] Cross-validating CrossAttn ...
=======================================================
5-Fold CV  [CrossAttn | scale_clin=True, scale_aec=global]
=======================================================

── Fold 1/5 ──────────────────────────────
  CA   — AUC: 0.8181  AUPRC: 0.2910  Brier: 0.2886  Acc: 0.6885  F1: 0.3871  (best ep=111, thresh=0.599)

── Fold 2/5 ──────────────────────────────
  CA   — AUC: 0.8110  AUPRC: 0.3853  Brier: 0.2302  Acc: 0.7104  F1: 0.3908  (best ep=189, thresh=0.542)

── Fold 3/5 ──────────────────────────────
  CA   — AUC: 0.7535  AUPRC: 0.2408  Brier: 0.2794  Acc: 0.7049  F1: 0.3415  (best ep=484, thresh=0.673)

── Fold 4/5 ──────────────────────────────
  CA   — AUC: 0.7532  AUPRC: 0.3227  Brier: 0.2351  Acc: 0.7377  F1: 0.3684  (best ep=301, thresh=0.579)

── Fold 5/5 ──────────────────────────────
  CA   — AUC: 0.7530  AUPRC: 0.3085  Brier: 0.2588  Acc: 0.7198  F1: 0.3544  (best ep=500, thresh=0.601)

===========================================================================
CrossAttn  —  5-Fold CV Summary
===========================================================================
  Fold      AUC-ROC      AUPRC      Brier   Accuracy         F1
  ----------------------------------------------------------
  1          0.8181     0.2910     0.2886     0.6885     0.3871
  2          0.8110     0.3853     0.2302     0.7104     0.3908
  3          0.7535     0.2408     0.2794     0.7049     0.3415
  4          0.7532     0.3227     0.2351     0.7377     0.3684
  5          0.7530     0.3085     0.2588     0.7198     0.3544
  ──────────────────────────────────────────────────────────
  Mean       0.7778     0.3096     0.2584     0.7123     0.3684
  ±Std       0.0301     0.0469     0.0232     0.0163     0.0188
  [M2_2/global_zscore] Evaluating on test set (med_epoch=301, thresh=0.599) ...

=======================================================
CrossAttn Test Evaluation  (scale_clin=True, scale_aec=global, threshold=0.599)
=======================================================
CrossAttn — training final model for 301 epochs on full CV set …
  [CrossAttn] Model weights saved → 연구코드/results/0605/stage5_1e-05_epoch500/model_2_2\raw128\global_zscore\M2_2_global_zscore_weights.pt

CrossAttn — Test Set (Overall):
  AUC: 0.7872  AUPRC: 0.3191  Brier: 0.2711  Acc: 0.6463  F1: 0.3415

CrossAttn — Test Set (By Sex):
  [M] n=82  AUC: 0.7391  AUPRC: 0.3643  Brier: 0.2665  Acc: 0.6341  F1: 0.4000
              precision    recall  f1-score   support

      Normal       0.93      0.61      0.74        69
  Sarcopenia       0.27      0.77      0.40        13

    accuracy                           0.63        82
   macro avg       0.60      0.69      0.57        82
weighted avg       0.83      0.63      0.68        82

  [F] n=147  AUC: 0.8349  AUPRC: 0.3567  Brier: 0.2737  Acc: 0.6531  F1: 0.3014
              precision    recall  f1-score   support

      Normal       1.00      0.62      0.77       136
  Sarcopenia       0.18      1.00      0.30        11

    accuracy                           0.65       147
   macro avg       0.59      0.81      0.54       147
weighted avg       0.94      0.65      0.73       147


───────────────────────────────────────────────────────
Test Set — Bootstrap CI
───────────────────────────────────────────────────────

  Bootstrap 95% CI — CrossAttn  (n_boot=2000)
  Metric         Estimate   95% CI Lower   95% CI Upper
  ----------------------------------------------------
  AUC-ROC          0.7872         0.6935         0.8657
  AUPRC            0.3191         0.1804         0.5027
  Brier            0.2711         0.2451         0.2971
  Accuracy         0.6463         0.5852         0.7075
  F1               0.3415         0.2280         0.4516
  [M2_2/global_zscore] Saving figures ...

Saved (model 2_2 (global_zscore, unmatched)):
  연구코드/results/0605/stage5_1e-05_epoch500/model_2_2\raw128\global_zscore/data_distribution.png
  연구코드/results/0605/stage5_1e-05_epoch500/model_2_2\raw128\global_zscore/cv_roc_curves.png
  연구코드/results/0605/stage5_1e-05_epoch500/model_2_2\raw128\global_zscore/cv_metric_distribution.png
  연구코드/results/0605/stage5_1e-05_epoch500/model_2_2\raw128\global_zscore/training_curves.png
  연구코드/results/0605/stage5_1e-05_epoch500/model_2_2\raw128\global_zscore/test_roc_curves.png
  연구코드/results/0605/stage5_1e-05_epoch500/model_2_2\raw128\global_zscore/test_roc_by_sex.png
  연구코드/results/0605/stage5_1e-05_epoch500/model_2_2\raw128\global_zscore/confusion_matrices.png
  연구코드/results/0605/stage5_1e-05_epoch500/model_2_2\raw128\global_zscore/calibration.png
  연구코드/results/0605/stage5_1e-05_epoch500/model_2_2\raw128\global_zscore/results.md
  [M2_2/global_zscore] Plotting attention maps ...
  연구코드/results/0605/stage5_1e-05_epoch500/model_2_2\raw128\global_zscore/attention_map_c2a.png
  연구코드/results/0605/stage5_1e-05_epoch500/model_2_2\raw128\global_zscore/attention_heatmap_c2a.png
  연구코드/results/0605/stage5_1e-05_epoch500/model_2_2\raw128\global_zscore/attention_map_a2c.png
  연구코드/results/0605/stage5_1e-05_epoch500/model_2_2\raw128\global_zscore/attention_heatmap_a2c.png
  [M2_2/global_zscore] Plotting Grad-CAM ...
  연구코드/results/0605/stage5_1e-05_epoch500/model_2_2\raw128\global_zscore/cam_aec_mean.png
  연구코드/results/0605/stage5_1e-05_epoch500/model_2_2\raw128\global_zscore/cam_aec_lines.png
  연구코드/results/0605/stage5_1e-05_epoch500/model_2_2\raw128\global_zscore/cam_aec_heatmap.png
  [M2_2/global_zscore] Done.
