============================================================
  MODEL 2 — Clinic + AEC (aec128, FocalLoss)  (5 AEC variants × 1 case)
============================================================

############################################################
  [M2 norm] CASE : scale_clinic  (scale_clinic=True, loss=focal)
############################################################
  [M2/focal/norm/scale_clinic] Cross-validating CrossAttn ...
=======================================================
5-Fold CV  [CrossAttn | scale_clin=True, scale_aec=False]
=======================================================

── Fold 1/5 ──────────────────────────────
  CA   — AUC: 0.8584  AUPRC: 0.4706  Brier: 0.1924  Acc: 0.6989  F1: 0.4043  (best ep=8, thresh=0.486)

── Fold 2/5 ──────────────────────────────
  CA   — AUC: 0.8268  AUPRC: 0.4435  Brier: 0.2242  Acc: 0.8280  F1: 0.5000  (best ep=13, thresh=0.610)

── Fold 3/5 ──────────────────────────────
  CA   — AUC: 0.8280  AUPRC: 0.3485  Brier: 0.2306  Acc: 0.5860  F1: 0.3419  (best ep=4, thresh=0.462)

── Fold 4/5 ──────────────────────────────
  CA   — AUC: 0.8063  AUPRC: 0.3271  Brier: 0.2429  Acc: 0.7903  F1: 0.4507  (best ep=1, thresh=0.577)

── Fold 5/5 ──────────────────────────────
  CA   — AUC: 0.7711  AUPRC: 0.3013  Brier: 0.1565  Acc: 0.6000  F1: 0.3148  (best ep=74, thresh=0.387)

===========================================================================
CrossAttn  —  5-Fold CV Summary
===========================================================================
  Fold      AUC-ROC      AUPRC      Brier   Accuracy         F1
  ----------------------------------------------------------
  1          0.8584     0.4706     0.1924     0.6989     0.4043
  2          0.8268     0.4435     0.2242     0.8280     0.5000
  3          0.8280     0.3485     0.2306     0.5860     0.3419
  4          0.8063     0.3271     0.2429     0.7903     0.4507
  5          0.7711     0.3013     0.1565     0.6000     0.3148
  ──────────────────────────────────────────────────────────
  Mean       0.8181     0.3782     0.2093     0.7006     0.4023
  ±Std       0.0288     0.0666     0.0312     0.0975     0.0681
  [M2/focal/norm/scale_clinic] Evaluating on test set (med_epoch=8, thresh=0.486) ...

=======================================================
CrossAttn Test Evaluation  (scale_clin=True, scale_aec=False, threshold=0.486)
=======================================================
CrossAttn — training final model for 8 epochs on full CV set …

CrossAttn — Test Set (Overall):
  AUC: 0.8246  AUPRC: 0.4301  Brier: 0.1971  Acc: 0.6481  F1: 0.3387

CrossAttn — Test Set (By Sex):
  [M] n=85  AUC: 0.8199  AUPRC: 0.5176  Brier: 0.2202  Acc: 0.5647  F1: 0.4127
              precision    recall  f1-score   support

      Normal       0.97      0.49      0.65        71
  Sarcopenia       0.27      0.93      0.41        14

    accuracy                           0.56        85
   macro avg       0.62      0.71      0.53        85
weighted avg       0.86      0.56      0.61        85

  [F] n=148  AUC: 0.7857  AUPRC: 0.3002  Brier: 0.1838  Acc: 0.6959  F1: 0.2623
              precision    recall  f1-score   support

      Normal       0.97      0.69      0.81       137
  Sarcopenia       0.16      0.73      0.26        11

    accuracy                           0.70       148
   macro avg       0.56      0.71      0.54       148
weighted avg       0.91      0.70      0.77       148


───────────────────────────────────────────────────────
Test Set — Bootstrap CI
───────────────────────────────────────────────────────

  Bootstrap 95% CI — CrossAttn  (n_boot=2000)
  Metric         Estimate   95% CI Lower   95% CI Upper
  ----------------------------------------------------
  AUC-ROC          0.8246         0.7402         0.9017
  AUPRC            0.4301         0.2585         0.6136
  Brier            0.1971         0.1852         0.2089
  Accuracy         0.6481         0.5837         0.7082
  F1               0.3387         0.2314         0.4516
  [M2/focal/norm/scale_clinic] Saving figures ...

Saved (model 2 (norm, focal)):
  연구코드/results/ok+missing/model_2\focal\aec128\norm/data_distribution.png
  연구코드/results/ok+missing/model_2\focal\aec128\norm/cv_roc_curves.png
  연구코드/results/ok+missing/model_2\focal\aec128\norm/cv_metric_distribution.png
  연구코드/results/ok+missing/model_2\focal\aec128\norm/training_curves.png
  연구코드/results/ok+missing/model_2\focal\aec128\norm/test_roc_curves.png
  연구코드/results/ok+missing/model_2\focal\aec128\norm/test_roc_by_sex.png
  연구코드/results/ok+missing/model_2\focal\aec128\norm/confusion_matrices.png
  연구코드/results/ok+missing/model_2\focal\aec128\norm/calibration.png
  연구코드/results/ok+missing/model_2\focal\aec128\norm/results.md
  [M2/focal/norm/scale_clinic] Plotting attention maps ...
  연구코드/results/ok+missing/model_2\focal\aec128\norm/attention_map_c2a.png
  연구코드/results/ok+missing/model_2\focal\aec128\norm/attention_heatmap.png
  [M2/focal/norm/scale_clinic] Done.

############################################################
  [M2 excl_extreme] CASE : scale_clinic  (scale_clinic=True, loss=focal)
############################################################
  [M2/focal/excl_extreme/scale_clinic] Cross-validating CrossAttn ...
=======================================================
5-Fold CV  [CrossAttn | scale_clin=True, scale_aec=False]
=======================================================

── Fold 1/5 ──────────────────────────────
  CA   — AUC: 0.8624  AUPRC: 0.4203  Brier: 0.2277  Acc: 0.8383  F1: 0.5263  (best ep=5, thresh=0.606)

── Fold 2/5 ──────────────────────────────
  CA   — AUC: 0.8910  AUPRC: 0.4444  Brier: 0.1781  Acc: 0.7545  F1: 0.4384  (best ep=27, thresh=0.517)

── Fold 3/5 ──────────────────────────────
  CA   — AUC: 0.7988  AUPRC: 0.4010  Brier: 0.1686  Acc: 0.6587  F1: 0.3448  (best ep=6, thresh=0.419)

── Fold 4/5 ──────────────────────────────
  CA   — AUC: 0.7776  AUPRC: 0.3016  Brier: 0.1663  Acc: 0.5808  F1: 0.3137  (best ep=49, thresh=0.319)

── Fold 5/5 ──────────────────────────────
  CA   — AUC: 0.7770  AUPRC: 0.3729  Brier: 0.2259  Acc: 0.5928  F1: 0.3333  (best ep=2, thresh=0.475)

===========================================================================
CrossAttn  —  5-Fold CV Summary
===========================================================================
  Fold      AUC-ROC      AUPRC      Brier   Accuracy         F1
  ----------------------------------------------------------
  1          0.8624     0.4203     0.2277     0.8383     0.5263
  2          0.8910     0.4444     0.1781     0.7545     0.4384
  3          0.7988     0.4010     0.1686     0.6587     0.3448
  4          0.7776     0.3016     0.1663     0.5808     0.3137
  5          0.7770     0.3729     0.2259     0.5928     0.3333
  ──────────────────────────────────────────────────────────
  Mean       0.8214     0.3880     0.1933     0.6850     0.3913
  ±Std       0.0467     0.0491     0.0276     0.0984     0.0800
  [M2/focal/excl_extreme/scale_clinic] Evaluating on test set (med_epoch=6, thresh=0.475) ...

=======================================================
CrossAttn Test Evaluation  (scale_clin=True, scale_aec=False, threshold=0.475)
=======================================================
CrossAttn — training final model for 6 epochs on full CV set …

CrossAttn — Test Set (Overall):
  AUC: 0.7965  AUPRC: 0.4256  Brier: 0.2241  Acc: 0.5502  F1: 0.2879

CrossAttn — Test Set (By Sex):
  [M] n=71  AUC: 0.8212  AUPRC: 0.5379  Brier: 0.2214  Acc: 0.5915  F1: 0.4082
              precision    recall  f1-score   support

      Normal       0.97      0.53      0.69        60
  Sarcopenia       0.26      0.91      0.41        11

    accuracy                           0.59        71
   macro avg       0.62      0.72      0.55        71
weighted avg       0.86      0.59      0.64        71

  [F] n=138  AUC: 0.7638  AUPRC: 0.3382  Brier: 0.2254  Acc: 0.5290  F1: 0.2169
              precision    recall  f1-score   support

      Normal       0.97      0.50      0.66       127
  Sarcopenia       0.12      0.82      0.22        11

    accuracy                           0.53       138
   macro avg       0.55      0.66      0.44       138
weighted avg       0.90      0.53      0.63       138


───────────────────────────────────────────────────────
Test Set — Bootstrap CI
───────────────────────────────────────────────────────

  Bootstrap 95% CI — CrossAttn  (n_boot=2000)
  Metric         Estimate   95% CI Lower   95% CI Upper
  ----------------------------------------------------
  AUC-ROC          0.7965         0.6759         0.8914
  AUPRC            0.4256         0.2470         0.6327
  Brier            0.2241         0.2088         0.2404
  Accuracy         0.5502         0.4833         0.6172
  F1               0.2879         0.1846         0.3857
  [M2/focal/excl_extreme/scale_clinic] Saving figures ...

Saved (model 2 (excl_extreme, focal)):
  연구코드/results/ok+missing/model_2\focal\aec128\excl_extreme/data_distribution.png
  연구코드/results/ok+missing/model_2\focal\aec128\excl_extreme/cv_roc_curves.png
  연구코드/results/ok+missing/model_2\focal\aec128\excl_extreme/cv_metric_distribution.png
  연구코드/results/ok+missing/model_2\focal\aec128\excl_extreme/training_curves.png
  연구코드/results/ok+missing/model_2\focal\aec128\excl_extreme/test_roc_curves.png
  연구코드/results/ok+missing/model_2\focal\aec128\excl_extreme/test_roc_by_sex.png
  연구코드/results/ok+missing/model_2\focal\aec128\excl_extreme/confusion_matrices.png
  연구코드/results/ok+missing/model_2\focal\aec128\excl_extreme/calibration.png
  연구코드/results/ok+missing/model_2\focal\aec128\excl_extreme/results.md
  [M2/focal/excl_extreme/scale_clinic] Plotting attention maps ...
  연구코드/results/ok+missing/model_2\focal\aec128\excl_extreme/attention_map_c2a.png
  연구코드/results/ok+missing/model_2\focal\aec128\excl_extreme/attention_heatmap.png
  [M2/focal/excl_extreme/scale_clinic] Done.

############################################################
  [M2 len128] CASE : scale_clinic  (scale_clinic=True, loss=focal)
############################################################
  [M2/focal/len128/scale_clinic] Cross-validating CrossAttn ...
=======================================================
5-Fold CV  [CrossAttn | scale_clin=True, scale_aec=False]
=======================================================

── Fold 1/5 ──────────────────────────────
  CA   — AUC: 0.8762  AUPRC: 0.4821  Brier: 0.1903  Acc: 0.7151  F1: 0.4176  (best ep=3, thresh=0.487)

── Fold 2/5 ──────────────────────────────
  CA   — AUC: 0.8548  AUPRC: 0.4641  Brier: 0.1820  Acc: 0.7742  F1: 0.4615  (best ep=9, thresh=0.495)

── Fold 3/5 ──────────────────────────────
  CA   — AUC: 0.7949  AUPRC: 0.2970  Brier: 0.1789  Acc: 0.6129  F1: 0.3455  (best ep=86, thresh=0.420)

── Fold 4/5 ──────────────────────────────
  CA   — AUC: 0.8102  AUPRC: 0.3730  Brier: 0.1689  Acc: 0.8710  F1: 0.5200  (best ep=2, thresh=0.546)

── Fold 5/5 ──────────────────────────────
  CA   — AUC: 0.7892  AUPRC: 0.3399  Brier: 0.1468  Acc: 0.7135  F1: 0.3908  (best ep=74, thresh=0.475)

===========================================================================
CrossAttn  —  5-Fold CV Summary
===========================================================================
  Fold      AUC-ROC      AUPRC      Brier   Accuracy         F1
  ----------------------------------------------------------
  1          0.8762     0.4821     0.1903     0.7151     0.4176
  2          0.8548     0.4641     0.1820     0.7742     0.4615
  3          0.7949     0.2970     0.1789     0.6129     0.3455
  4          0.8102     0.3730     0.1689     0.8710     0.5200
  5          0.7892     0.3399     0.1468     0.7135     0.3908
  ──────────────────────────────────────────────────────────
  Mean       0.8251     0.3912     0.1734     0.7373     0.4271
  ±Std       0.0344     0.0713     0.0150     0.0846     0.0598
  [M2/focal/len128/scale_clinic] Evaluating on test set (med_epoch=9, thresh=0.487) ...

=======================================================
CrossAttn Test Evaluation  (scale_clin=True, scale_aec=False, threshold=0.487)
=======================================================
CrossAttn — training final model for 9 epochs on full CV set …

CrossAttn — Test Set (Overall):
  AUC: 0.7973  AUPRC: 0.3916  Brier: 0.2093  Acc: 0.6009  F1: 0.3111

CrossAttn — Test Set (By Sex):
  [M] n=85  AUC: 0.8068  AUPRC: 0.5167  Brier: 0.2095  Acc: 0.6471  F1: 0.4444
              precision    recall  f1-score   support

      Normal       0.96      0.61      0.74        71
  Sarcopenia       0.30      0.86      0.44        14

    accuracy                           0.65        85
   macro avg       0.63      0.73      0.59        85
weighted avg       0.85      0.65      0.69        85

  [F] n=148  AUC: 0.7704  AUPRC: 0.2598  Brier: 0.2092  Acc: 0.5743  F1: 0.2222
              precision    recall  f1-score   support

      Normal       0.97      0.55      0.71       137
  Sarcopenia       0.13      0.82      0.22        11

    accuracy                           0.57       148
   macro avg       0.55      0.69      0.46       148
weighted avg       0.91      0.57      0.67       148


───────────────────────────────────────────────────────
Test Set — Bootstrap CI
───────────────────────────────────────────────────────

  Bootstrap 95% CI — CrossAttn  (n_boot=2000)
  Metric         Estimate   95% CI Lower   95% CI Upper
  ----------------------------------------------------
  AUC-ROC          0.7973         0.7012         0.8826
  AUPRC            0.3916         0.2294         0.5928
  Brier            0.2093         0.1932         0.2262
  Accuracy         0.6009         0.5365         0.6609
  F1               0.3111         0.2121         0.4118
  [M2/focal/len128/scale_clinic] Saving figures ...

Saved (model 2 (len128, focal)):
  연구코드/results/ok+missing/model_2\focal\aec128\len128/data_distribution.png
  연구코드/results/ok+missing/model_2\focal\aec128\len128/cv_roc_curves.png
  연구코드/results/ok+missing/model_2\focal\aec128\len128/cv_metric_distribution.png
  연구코드/results/ok+missing/model_2\focal\aec128\len128/training_curves.png
  연구코드/results/ok+missing/model_2\focal\aec128\len128/test_roc_curves.png
  연구코드/results/ok+missing/model_2\focal\aec128\len128/test_roc_by_sex.png
  연구코드/results/ok+missing/model_2\focal\aec128\len128/confusion_matrices.png
  연구코드/results/ok+missing/model_2\focal\aec128\len128/calibration.png
  연구코드/results/ok+missing/model_2\focal\aec128\len128/results.md
  [M2/focal/len128/scale_clinic] Plotting attention maps ...
  연구코드/results/ok+missing/model_2\focal\aec128\len128/attention_map_c2a.png
  연구코드/results/ok+missing/model_2\focal\aec128\len128/attention_heatmap.png
  [M2/focal/len128/scale_clinic] Done.

############################################################
  [M2 crop80] CASE : scale_clinic  (scale_clinic=True, loss=focal)
############################################################
  [M2/focal/crop80/scale_clinic] Cross-validating CrossAttn ...
=======================================================
5-Fold CV  [CrossAttn | scale_clin=True, scale_aec=False]
=======================================================

── Fold 1/5 ──────────────────────────────
  CA   — AUC: 0.8389  AUPRC: 0.5357  Brier: 0.1718  Acc: 0.8118  F1: 0.4444  (best ep=29, thresh=0.504)

── Fold 2/5 ──────────────────────────────
  CA   — AUC: 0.8545  AUPRC: 0.4488  Brier: 0.1627  Acc: 0.6989  F1: 0.4043  (best ep=37, thresh=0.421)

── Fold 3/5 ──────────────────────────────
  CA   — AUC: 0.8099  AUPRC: 0.3202  Brier: 0.2441  Acc: 0.7043  F1: 0.3820  (best ep=4, thresh=0.561)

── Fold 4/5 ──────────────────────────────
  CA   — AUC: 0.8127  AUPRC: 0.3371  Brier: 0.1943  Acc: 0.8011  F1: 0.4638  (best ep=1, thresh=0.491)

── Fold 5/5 ──────────────────────────────
  CA   — AUC: 0.7990  AUPRC: 0.4530  Brier: 0.2030  Acc: 0.6973  F1: 0.3636  (best ep=42, thresh=0.548)

===========================================================================
CrossAttn  —  5-Fold CV Summary
===========================================================================
  Fold      AUC-ROC      AUPRC      Brier   Accuracy         F1
  ----------------------------------------------------------
  1          0.8389     0.5357     0.1718     0.8118     0.4444
  2          0.8545     0.4488     0.1627     0.6989     0.4043
  3          0.8099     0.3202     0.2441     0.7043     0.3820
  4          0.8127     0.3371     0.1943     0.8011     0.4638
  5          0.7990     0.4530     0.2030     0.6973     0.3636
  ──────────────────────────────────────────────────────────
  Mean       0.8230     0.4189     0.1952     0.7427     0.4116
  ±Std       0.0205     0.0802     0.0285     0.0522     0.0375
  [M2/focal/crop80/scale_clinic] Evaluating on test set (med_epoch=29, thresh=0.504) ...

=======================================================
CrossAttn Test Evaluation  (scale_clin=True, scale_aec=False, threshold=0.504)
=======================================================
CrossAttn — training final model for 29 epochs on full CV set …

CrossAttn — Test Set (Overall):
  AUC: 0.7685  AUPRC: 0.3411  Brier: 0.2191  Acc: 0.6481  F1: 0.3279

CrossAttn — Test Set (By Sex):
  [M] n=85  AUC: 0.7636  AUPRC: 0.4414  Brier: 0.2557  Acc: 0.5765  F1: 0.4000
              precision    recall  f1-score   support

      Normal       0.95      0.52      0.67        71
  Sarcopenia       0.26      0.86      0.40        14

    accuracy                           0.58        85
   macro avg       0.60      0.69      0.54        85
weighted avg       0.84      0.58      0.63        85

  [F] n=148  AUC: 0.7326  AUPRC: 0.2099  Brier: 0.1981  Acc: 0.6892  F1: 0.2581
              precision    recall  f1-score   support

      Normal       0.97      0.69      0.80       137
  Sarcopenia       0.16      0.73      0.26        11

    accuracy                           0.69       148
   macro avg       0.56      0.71      0.53       148
weighted avg       0.91      0.69      0.76       148


───────────────────────────────────────────────────────
Test Set — Bootstrap CI
───────────────────────────────────────────────────────

  Bootstrap 95% CI — CrossAttn  (n_boot=2000)
  Metric         Estimate   95% CI Lower   95% CI Upper
  ----------------------------------------------------
  AUC-ROC          0.7685         0.6667         0.8637
  AUPRC            0.3411         0.1938         0.5287
  Brier            0.2191         0.1998         0.2383
  Accuracy         0.6481         0.5880         0.7040
  F1               0.3279         0.2222         0.4386
  [M2/focal/crop80/scale_clinic] Saving figures ...

Saved (model 2 (crop80, focal)):
  연구코드/results/ok+missing/model_2\focal\aec128\crop80/data_distribution.png
  연구코드/results/ok+missing/model_2\focal\aec128\crop80/cv_roc_curves.png
  연구코드/results/ok+missing/model_2\focal\aec128\crop80/cv_metric_distribution.png
  연구코드/results/ok+missing/model_2\focal\aec128\crop80/training_curves.png
  연구코드/results/ok+missing/model_2\focal\aec128\crop80/test_roc_curves.png
  연구코드/results/ok+missing/model_2\focal\aec128\crop80/test_roc_by_sex.png
  연구코드/results/ok+missing/model_2\focal\aec128\crop80/confusion_matrices.png
  연구코드/results/ok+missing/model_2\focal\aec128\crop80/calibration.png
  연구코드/results/ok+missing/model_2\focal\aec128\crop80/results.md
  [M2/focal/crop80/scale_clinic] Plotting attention maps ...
  연구코드/results/ok+missing/model_2\focal\aec128\crop80/attention_map_c2a.png
  연구코드/results/ok+missing/model_2\focal\aec128\crop80/attention_heatmap.png
  [M2/focal/crop80/scale_clinic] Done.

############################################################
  [M2 crop60] CASE : scale_clinic  (scale_clinic=True, loss=focal)
############################################################
  [M2/focal/crop60/scale_clinic] Cross-validating CrossAttn ...
=======================================================
5-Fold CV  [CrossAttn | scale_clin=True, scale_aec=False]
=======================================================

── Fold 1/5 ──────────────────────────────
  CA   — AUC: 0.8380  AUPRC: 0.4761  Brier: 0.1442  Acc: 0.7742  F1: 0.4324  (best ep=42, thresh=0.486)

── Fold 2/5 ──────────────────────────────
  CA   — AUC: 0.8599  AUPRC: 0.4779  Brier: 0.1717  Acc: 0.7903  F1: 0.4800  (best ep=6, thresh=0.471)

── Fold 3/5 ──────────────────────────────
  CA   — AUC: 0.7895  AUPRC: 0.3798  Brier: 0.1925  Acc: 0.7366  F1: 0.3951  (best ep=6, thresh=0.510)

── Fold 4/5 ──────────────────────────────
  CA   — AUC: 0.7943  AUPRC: 0.3653  Brier: 0.2100  Acc: 0.7903  F1: 0.4348  (best ep=1, thresh=0.543)

── Fold 5/5 ──────────────────────────────
  CA   — AUC: 0.7765  AUPRC: 0.3536  Brier: 0.1911  Acc: 0.7351  F1: 0.3797  (best ep=14, thresh=0.538)

===========================================================================
CrossAttn  —  5-Fold CV Summary
===========================================================================
  Fold      AUC-ROC      AUPRC      Brier   Accuracy         F1
  ----------------------------------------------------------
  1          0.8380     0.4761     0.1442     0.7742     0.4324
  2          0.8599     0.4779     0.1717     0.7903     0.4800
  3          0.7895     0.3798     0.1925     0.7366     0.3951
  4          0.7943     0.3653     0.2100     0.7903     0.4348
  5          0.7765     0.3536     0.1911     0.7351     0.3797
  ──────────────────────────────────────────────────────────
  Mean       0.8116     0.4105     0.1819     0.7653     0.4244
  ±Std       0.0318     0.0549     0.0224     0.0248     0.0350
  [M2/focal/crop60/scale_clinic] Evaluating on test set (med_epoch=6, thresh=0.510) ...

=======================================================
CrossAttn Test Evaluation  (scale_clin=True, scale_aec=False, threshold=0.510)
=======================================================
CrossAttn — training final model for 6 epochs on full CV set …

CrossAttn — Test Set (Overall):
  AUC: 0.8042  AUPRC: 0.3681  Brier: 0.1995  Acc: 0.6867  F1: 0.3540

CrossAttn — Test Set (By Sex):
  [M] n=85  AUC: 0.7887  AUPRC: 0.4562  Brier: 0.2226  Acc: 0.6235  F1: 0.4286
              precision    recall  f1-score   support

      Normal       0.95      0.58      0.72        71
  Sarcopenia       0.29      0.86      0.43        14

    accuracy                           0.62        85
   macro avg       0.62      0.72      0.57        85
weighted avg       0.84      0.62      0.67        85

  [F] n=148  AUC: 0.7810  AUPRC: 0.2462  Brier: 0.1863  Acc: 0.7230  F1: 0.2807
              precision    recall  f1-score   support

      Normal       0.97      0.72      0.83       137
  Sarcopenia       0.17      0.73      0.28        11

    accuracy                           0.72       148
   macro avg       0.57      0.72      0.55       148
weighted avg       0.91      0.72      0.79       148


───────────────────────────────────────────────────────
Test Set — Bootstrap CI
───────────────────────────────────────────────────────

  Bootstrap 95% CI — CrossAttn  (n_boot=2000)
  Metric         Estimate   95% CI Lower   95% CI Upper
  ----------------------------------------------------
  AUC-ROC          0.8042         0.7155         0.8846
  AUPRC            0.3681         0.2154         0.5584
  Brier            0.1995         0.1859         0.2133
  Accuracy         0.6867         0.6266         0.7425
  F1               0.3540         0.2419         0.4673
  [M2/focal/crop60/scale_clinic] Saving figures ...

Saved (model 2 (crop60, focal)):
  연구코드/results/ok+missing/model_2\focal\aec128\crop60/data_distribution.png
  연구코드/results/ok+missing/model_2\focal\aec128\crop60/cv_roc_curves.png
  연구코드/results/ok+missing/model_2\focal\aec128\crop60/cv_metric_distribution.png
  연구코드/results/ok+missing/model_2\focal\aec128\crop60/training_curves.png
  연구코드/results/ok+missing/model_2\focal\aec128\crop60/test_roc_curves.png
  연구코드/results/ok+missing/model_2\focal\aec128\crop60/test_roc_by_sex.png
  연구코드/results/ok+missing/model_2\focal\aec128\crop60/confusion_matrices.png
  연구코드/results/ok+missing/model_2\focal\aec128\crop60/calibration.png
  연구코드/results/ok+missing/model_2\focal\aec128\crop60/results.md
  [M2/focal/crop60/scale_clinic] Plotting attention maps ...
  연구코드/results/ok+missing/model_2\focal\aec128\crop60/attention_map_c2a.png
  연구코드/results/ok+missing/model_2\focal\aec128\crop60/attention_heatmap.png
  [M2/focal/crop60/scale_clinic] Done.
