============================================================
  MODEL 1 — Clinic Only  (1 case)
============================================================

############################################################
  [M1] CASE : scale_clinic  (scale_clinic=True)
############################################################
  [M1/scale_clinic] Cross-validating LR ...
=======================================================
5-Fold Cross-Validation  [scale_X=True]
=======================================================

── Fold 1/5 ──────────────────────────────
  LR — AUC: 0.8096  AUPRC: 0.4533  Brier: 0.1618  Acc: 0.8710  F1: 0.5000  (thresh=0.659)

── Fold 2/5 ──────────────────────────────
  LR — AUC: 0.8416  AUPRC: 0.4623  Brier: 0.1716  Acc: 0.8387  F1: 0.5000  (thresh=0.596)

── Fold 3/5 ──────────────────────────────
  LR — AUC: 0.8259  AUPRC: 0.3161  Brier: 0.1936  Acc: 0.6129  F1: 0.3455  (thresh=0.370)

── Fold 4/5 ──────────────────────────────
  LR — AUC: 0.8012  AUPRC: 0.4279  Brier: 0.1757  Acc: 0.7742  F1: 0.4324  (thresh=0.500)

── Fold 5/5 ──────────────────────────────
  LR — AUC: 0.7470  AUPRC: 0.2689  Brier: 0.1973  Acc: 0.6486  F1: 0.3158  (thresh=0.445)

===========================================================================
LR  —  5-Fold CV Summary
===========================================================================
  Fold      AUC-ROC      AUPRC      Brier   Accuracy         F1
  ----------------------------------------------------------
  1          0.8096     0.4533     0.1618     0.8710     0.5000
  2          0.8416     0.4623     0.1716     0.8387     0.5000
  3          0.8259     0.3161     0.1936     0.6129     0.3455
  4          0.8012     0.4279     0.1757     0.7742     0.4324
  5          0.7470     0.2689     0.1973     0.6486     0.3158
  ──────────────────────────────────────────────────────────
  Mean       0.8051     0.3857     0.1800     0.7491     0.4187
  ±Std       0.0322     0.0784     0.0134     0.1021     0.0766
  [M1/scale_clinic] Evaluating on test set (thresh=0.500) ...

=======================================================
Final Test Evaluation  (scale_X=True, threshold=0.500)
=======================================================

Logistic Regression — Test Set (Overall):
  AUC: 0.8119  AUPRC: 0.4103  Brier: 0.1878  Acc: 0.7124  F1: 0.3853

Logistic Regression — Test Set (By Sex):
  [M] n=85  AUC: 0.7726  AUPRC: 0.4686  Brier: 0.2460  Acc: 0.5882  F1: 0.4262
              precision    recall  f1-score   support

      Normal       0.97      0.52      0.68        71
  Sarcopenia       0.28      0.93      0.43        14

    accuracy                           0.59        85
   macro avg       0.63      0.72      0.55        85
weighted avg       0.86      0.59      0.64        85

  [F] n=148  AUC: 0.7969  AUPRC: 0.3912  Brier: 0.1544  Acc: 0.7838  F1: 0.3333
              precision    recall  f1-score   support

      Normal       0.97      0.79      0.87       137
  Sarcopenia       0.22      0.73      0.33        11

    accuracy                           0.78       148
   macro avg       0.59      0.76      0.60       148
weighted avg       0.92      0.78      0.83       148


───────────────────────────────────────────────────────
Test Set — Bootstrap CI
───────────────────────────────────────────────────────

  Bootstrap 95% CI — LR  (n_boot=2000)
  Metric         Estimate   95% CI Lower   95% CI Upper
  ----------------------------------------------------
  AUC-ROC          0.8119         0.7251         0.8882
  AUPRC            0.4103         0.2449         0.5885
  Brier            0.1878         0.1629         0.2143
  Accuracy         0.7124         0.6524         0.7682
  F1               0.3853         0.2727         0.5079
  [M1/scale_clinic] Saving figures ...

Saved:
  연구코드/results/ok+missing/model_1/data_distribution.png
  연구코드/results/ok+missing/model_1/cv_roc_curves.png
  연구코드/results/ok+missing/model_1/cv_metric_distribution.png
  연구코드/results/ok+missing/model_1/confusion_matrices.png
  연구코드/results/ok+missing/model_1/test_roc_curves.png
  연구코드/results/ok+missing/model_1/test_roc_by_sex.png
  연구코드/results/ok+missing/model_1/calibration.png
  연구코드/results/ok+missing/model_1/results.md
  [M1/scale_clinic] Done.
