============================================================
  MODEL 3 — Clinic + Scanner + AEC (aec256, BCEWithLogitsLoss)  (5 AEC variants × 1 cases)
============================================================

############################################################
  [M3 norm] CASE : scale_clinic  (scale_clinic=True, loss=bce)
############################################################
  [M3/bce/norm/scale_clinic] Cross-validating CrossAttn3 ...
=================================================================
5-Fold CV  [CrossAttn3 | scale_clin=True, scale_aec=False]
=================================================================

── Fold 1/5 ──────────────────────────────
  CA3  — AUC: 0.8657  AUPRC: 0.5365  Brier: 0.1243  Acc: 0.8172  F1: 0.5000  (best ep=6, thresh=0.437)

── Fold 2/5 ──────────────────────────────
  CA3  — AUC: 0.8148  AUPRC: 0.4249  Brier: 0.1623  Acc: 0.7527  F1: 0.4250  (best ep=2, thresh=0.478)

── Fold 3/5 ──────────────────────────────
  CA3  — AUC: 0.7907  AUPRC: 0.3310  Brier: 0.1870  Acc: 0.6774  F1: 0.3750  (best ep=6, thresh=0.418)

── Fold 4/5 ──────────────────────────────
  CA3  — AUC: 0.7792  AUPRC: 0.3161  Brier: 0.1743  Acc: 0.6935  F1: 0.3596  (best ep=1, thresh=0.411)

── Fold 5/5 ──────────────────────────────
  CA3  — AUC: 0.7454  AUPRC: 0.2685  Brier: 0.1995  Acc: 0.7405  F1: 0.3514  (best ep=12, thresh=0.591)

===========================================================================
CrossAttn3  —  5-Fold CV Summary
===========================================================================
  Fold      AUC-ROC      AUPRC      Brier   Accuracy         F1
  ----------------------------------------------------------
  1          0.8657     0.5365     0.1243     0.8172     0.5000
  2          0.8148     0.4249     0.1623     0.7527     0.4250
  3          0.7907     0.3310     0.1870     0.6774     0.3750
  4          0.7792     0.3161     0.1743     0.6935     0.3596
  5          0.7454     0.2685     0.1995     0.7405     0.3514
  ──────────────────────────────────────────────────────────
  Mean       0.7991     0.3754     0.1695     0.7363     0.4022
  ±Std       0.0401     0.0952     0.0258     0.0492     0.0552
  [M3/bce/norm/scale_clinic] Evaluating on test set (med_epoch=6, thresh=0.437) ...

=================================================================
CrossAttn3 Test Evaluation  (scale_clin=True, scale_aec=False, threshold=0.437)
=================================================================
CrossAttn3 — training final model for 6 epochs on full CV set …

CrossAttn3 — Test Set (Overall):
  AUC: 0.8154  AUPRC: 0.4239  Brier: 0.1953  Acc: 0.6524  F1: 0.3306

CrossAttn3 — Test Set (By Sex):
  [M] n=85  AUC: 0.8068  AUPRC: 0.5048  Brier: 0.2007  Acc: 0.6941  F1: 0.4800
              precision    recall  f1-score   support

      Normal       0.96      0.66      0.78        71
  Sarcopenia       0.33      0.86      0.48        14

    accuracy                           0.69        85
   macro avg       0.65      0.76      0.63        85
weighted avg       0.86      0.69      0.73        85

  [F] n=148  AUC: 0.7996  AUPRC: 0.3619  Brier: 0.1922  Acc: 0.6284  F1: 0.2254
              precision    recall  f1-score   support

      Normal       0.97      0.62      0.76       137
  Sarcopenia       0.13      0.73      0.23        11

    accuracy                           0.63       148
   macro avg       0.55      0.67      0.49       148
weighted avg       0.90      0.63      0.72       148


───────────────────────────────────────────────────────
Test Set — Bootstrap CI
───────────────────────────────────────────────────────

  Bootstrap 95% CI — CrossAttn3  (n_boot=2000)
  Metric         Estimate   95% CI Lower   95% CI Upper
  ----------------------------------------------------
  AUC-ROC          0.8154         0.7312         0.8952
  AUPRC            0.4239         0.2474         0.6096
  Brier            0.1953         0.1656         0.2269
  Accuracy         0.6524         0.5923         0.7124
  F1               0.3306         0.2264         0.4414
  [M3/bce/norm/scale_clinic] Saving figures ...

Saved (model 3 (norm, bce)):
  연구코드/results/ok+missing/model_3\bce\aec256\norm/data_distribution.png
  연구코드/results/ok+missing/model_3\bce\aec256\norm/cv_roc_curves.png
  연구코드/results/ok+missing/model_3\bce\aec256\norm/cv_metric_distribution.png
  연구코드/results/ok+missing/model_3\bce\aec256\norm/training_curves.png
  연구코드/results/ok+missing/model_3\bce\aec256\norm/test_roc_curves.png
  연구코드/results/ok+missing/model_3\bce\aec256\norm/test_roc_by_sex.png
  연구코드/results/ok+missing/model_3\bce\aec256\norm/confusion_matrices.png
  연구코드/results/ok+missing/model_3\bce\aec256\norm/calibration.png
  연구코드/results/ok+missing/model_3\bce\aec256\norm/results.md
  [M3/bce/norm/scale_clinic] Plotting attention maps ...
  연구코드/results/ok+missing/model_3\bce\aec256\norm/attention_map_c2a.png
  연구코드/results/ok+missing/model_3\bce\aec256\norm/attention_heatmap.png
  [M3/bce/norm/scale_clinic] Done.

############################################################
  [M3 excl_extreme] CASE : scale_clinic  (scale_clinic=True, loss=bce)
############################################################
  [M3/bce/excl_extreme/scale_clinic] Cross-validating CrossAttn3 ...
=================================================================
5-Fold CV  [CrossAttn3 | scale_clin=True, scale_aec=False]
=================================================================

── Fold 1/5 ──────────────────────────────
  CA3  — AUC: 0.8494  AUPRC: 0.4081  Brier: 0.1787  Acc: 0.7425  F1: 0.4267  (best ep=4, thresh=0.513)

── Fold 2/5 ──────────────────────────────
  CA3  — AUC: 0.8773  AUPRC: 0.3677  Brier: 0.1475  Acc: 0.7725  F1: 0.4722  (best ep=14, thresh=0.404)

── Fold 3/5 ──────────────────────────────
  CA3  — AUC: 0.8071  AUPRC: 0.3730  Brier: 0.1759  Acc: 0.7186  F1: 0.3733  (best ep=1, thresh=0.457)

── Fold 4/5 ──────────────────────────────
  CA3  — AUC: 0.6831  AUPRC: 0.2414  Brier: 0.2410  Acc: 0.8204  F1: 0.3182  (best ep=27, thresh=0.835)

── Fold 5/5 ──────────────────────────────
  CA3  — AUC: 0.8510  AUPRC: 0.4101  Brier: 0.1697  Acc: 0.7365  F1: 0.4054  (best ep=3, thresh=0.470)

===========================================================================
CrossAttn3  —  5-Fold CV Summary
===========================================================================
  Fold      AUC-ROC      AUPRC      Brier   Accuracy         F1
  ----------------------------------------------------------
  1          0.8494     0.4081     0.1787     0.7425     0.4267
  2          0.8773     0.3677     0.1475     0.7725     0.4722
  3          0.8071     0.3730     0.1759     0.7186     0.3733
  4          0.6831     0.2414     0.2410     0.8204     0.3182
  5          0.8510     0.4101     0.1697     0.7365     0.4054
  ──────────────────────────────────────────────────────────
  Mean       0.8136     0.3601     0.1826     0.7581     0.3992
  ±Std       0.0690     0.0619     0.0312     0.0356     0.0517
  [M3/bce/excl_extreme/scale_clinic] Evaluating on test set (med_epoch=4, thresh=0.470) ...

=================================================================
CrossAttn3 Test Evaluation  (scale_clin=True, scale_aec=False, threshold=0.470)
=================================================================
CrossAttn3 — training final model for 4 epochs on full CV set …

CrossAttn3 — Test Set (Overall):
  AUC: 0.8230  AUPRC: 0.4074  Brier: 0.1681  Acc: 0.6842  F1: 0.3400

CrossAttn3 — Test Set (By Sex):
  [M] n=71  AUC: 0.8348  AUPRC: 0.5176  Brier: 0.1774  Acc: 0.7183  F1: 0.4737
              precision    recall  f1-score   support

      Normal       0.95      0.70      0.81        60
  Sarcopenia       0.33      0.82      0.47        11

    accuracy                           0.72        71
   macro avg       0.64      0.76      0.64        71
weighted avg       0.86      0.72      0.76        71

  [F] n=138  AUC: 0.8125  AUPRC: 0.3844  Brier: 0.1633  Acc: 0.6667  F1: 0.2581
              precision    recall  f1-score   support

      Normal       0.97      0.66      0.79       127
  Sarcopenia       0.16      0.73      0.26        11

    accuracy                           0.67       138
   macro avg       0.56      0.69      0.52       138
weighted avg       0.90      0.67      0.74       138


───────────────────────────────────────────────────────
Test Set — Bootstrap CI
───────────────────────────────────────────────────────

  Bootstrap 95% CI — CrossAttn3  (n_boot=2000)
  Metric         Estimate   95% CI Lower   95% CI Upper
  ----------------------------------------------------
  AUC-ROC          0.8230         0.7347         0.8957
  AUPRC            0.4074         0.2275         0.6160
  Brier            0.1681         0.1435         0.1937
  Accuracy         0.6842         0.6220         0.7464
  F1               0.3400         0.2162         0.4583
  [M3/bce/excl_extreme/scale_clinic] Saving figures ...

Saved (model 3 (excl_extreme, bce)):
  연구코드/results/ok+missing/model_3\bce\aec256\excl_extreme/data_distribution.png
  연구코드/results/ok+missing/model_3\bce\aec256\excl_extreme/cv_roc_curves.png
  연구코드/results/ok+missing/model_3\bce\aec256\excl_extreme/cv_metric_distribution.png
  연구코드/results/ok+missing/model_3\bce\aec256\excl_extreme/training_curves.png
  연구코드/results/ok+missing/model_3\bce\aec256\excl_extreme/test_roc_curves.png
  연구코드/results/ok+missing/model_3\bce\aec256\excl_extreme/test_roc_by_sex.png
  연구코드/results/ok+missing/model_3\bce\aec256\excl_extreme/confusion_matrices.png
  연구코드/results/ok+missing/model_3\bce\aec256\excl_extreme/calibration.png
  연구코드/results/ok+missing/model_3\bce\aec256\excl_extreme/results.md
  [M3/bce/excl_extreme/scale_clinic] Plotting attention maps ...
  연구코드/results/ok+missing/model_3\bce\aec256\excl_extreme/attention_map_c2a.png
  연구코드/results/ok+missing/model_3\bce\aec256\excl_extreme/attention_heatmap.png
  [M3/bce/excl_extreme/scale_clinic] Done.

############################################################
  [M3 len128] CASE : scale_clinic  (scale_clinic=True, loss=bce)
############################################################
  [M3/bce/len128/scale_clinic] Cross-validating CrossAttn3 ...
=================================================================
5-Fold CV  [CrossAttn3 | scale_clin=True, scale_aec=False]
=================================================================

── Fold 1/5 ──────────────────────────────
  CA3  — AUC: 0.8542  AUPRC: 0.5526  Brier: 0.1990  Acc: 0.7903  F1: 0.4507  (best ep=8, thresh=0.686)

── Fold 2/5 ──────────────────────────────
  CA3  — AUC: 0.8367  AUPRC: 0.3791  Brier: 0.1773  Acc: 0.7688  F1: 0.4691  (best ep=6, thresh=0.444)

── Fold 3/5 ──────────────────────────────
  CA3  — AUC: 0.7970  AUPRC: 0.3533  Brier: 0.1881  Acc: 0.6667  F1: 0.3673  (best ep=15, thresh=0.320)

── Fold 4/5 ──────────────────────────────
  CA3  — AUC: 0.7633  AUPRC: 0.2738  Brier: 0.2045  Acc: 0.7204  F1: 0.3810  (best ep=23, thresh=0.542)

── Fold 5/5 ──────────────────────────────
  CA3  — AUC: 0.7777  AUPRC: 0.3062  Brier: 0.1900  Acc: 0.7189  F1: 0.3659  (best ep=15, thresh=0.517)

===========================================================================
CrossAttn3  —  5-Fold CV Summary
===========================================================================
  Fold      AUC-ROC      AUPRC      Brier   Accuracy         F1
  ----------------------------------------------------------
  1          0.8542     0.5526     0.1990     0.7903     0.4507
  2          0.8367     0.3791     0.1773     0.7688     0.4691
  3          0.7970     0.3533     0.1881     0.6667     0.3673
  4          0.7633     0.2738     0.2045     0.7204     0.3810
  5          0.7777     0.3062     0.1900     0.7189     0.3659
  ──────────────────────────────────────────────────────────
  Mean       0.8058     0.3730     0.1918     0.7330     0.4068
  ±Std       0.0346     0.0969     0.0094     0.0432     0.0441
  [M3/bce/len128/scale_clinic] Evaluating on test set (med_epoch=15, thresh=0.517) ...

=================================================================
CrossAttn3 Test Evaluation  (scale_clin=True, scale_aec=False, threshold=0.517)
=================================================================
CrossAttn3 — training final model for 15 epochs on full CV set …

CrossAttn3 — Test Set (Overall):
  AUC: 0.8077  AUPRC: 0.4203  Brier: 0.1613  Acc: 0.7639  F1: 0.4086

CrossAttn3 — Test Set (By Sex):
  [M] n=85  AUC: 0.8018  AUPRC: 0.5033  Brier: 0.2222  Acc: 0.6824  F1: 0.4706
              precision    recall  f1-score   support

      Normal       0.96      0.65      0.77        71
  Sarcopenia       0.32      0.86      0.47        14

    accuracy                           0.68        85
   macro avg       0.64      0.75      0.62        85
weighted avg       0.85      0.68      0.72        85

  [F] n=148  AUC: 0.7830  AUPRC: 0.3816  Brier: 0.1264  Acc: 0.8108  F1: 0.3333
              precision    recall  f1-score   support

      Normal       0.97      0.82      0.89       137
  Sarcopenia       0.23      0.64      0.33        11

    accuracy                           0.81       148
   macro avg       0.60      0.73      0.61       148
weighted avg       0.91      0.81      0.85       148


───────────────────────────────────────────────────────
Test Set — Bootstrap CI
───────────────────────────────────────────────────────

  Bootstrap 95% CI — CrossAttn3  (n_boot=2000)
  Metric         Estimate   95% CI Lower   95% CI Upper
  ----------------------------------------------------
  AUC-ROC          0.8077         0.7095         0.8958
  AUPRC            0.4203         0.2571         0.6227
  Brier            0.1613         0.1330         0.1931
  Accuracy         0.7639         0.7082         0.8197
  F1               0.4086         0.2821         0.5307
  [M3/bce/len128/scale_clinic] Saving figures ...

Saved (model 3 (len128, bce)):
  연구코드/results/ok+missing/model_3\bce\aec256\len128/data_distribution.png
  연구코드/results/ok+missing/model_3\bce\aec256\len128/cv_roc_curves.png
  연구코드/results/ok+missing/model_3\bce\aec256\len128/cv_metric_distribution.png
  연구코드/results/ok+missing/model_3\bce\aec256\len128/training_curves.png
  연구코드/results/ok+missing/model_3\bce\aec256\len128/test_roc_curves.png
  연구코드/results/ok+missing/model_3\bce\aec256\len128/test_roc_by_sex.png
  연구코드/results/ok+missing/model_3\bce\aec256\len128/confusion_matrices.png
  연구코드/results/ok+missing/model_3\bce\aec256\len128/calibration.png
  연구코드/results/ok+missing/model_3\bce\aec256\len128/results.md
  [M3/bce/len128/scale_clinic] Plotting attention maps ...
  연구코드/results/ok+missing/model_3\bce\aec256\len128/attention_map_c2a.png
  연구코드/results/ok+missing/model_3\bce\aec256\len128/attention_heatmap.png
  [M3/bce/len128/scale_clinic] Done.

############################################################
  [M3 crop80] CASE : scale_clinic  (scale_clinic=True, loss=bce)
############################################################
  [M3/bce/crop80/scale_clinic] Cross-validating CrossAttn3 ...
=================================================================
5-Fold CV  [CrossAttn3 | scale_clin=True, scale_aec=False]
=================================================================

── Fold 1/5 ──────────────────────────────
  CA3  — AUC: 0.8521  AUPRC: 0.4937  Brier: 0.2461  Acc: 0.8226  F1: 0.4762  (best ep=3, thresh=0.750)

── Fold 2/5 ──────────────────────────────
  CA3  — AUC: 0.8301  AUPRC: 0.3469  Brier: 0.1611  Acc: 0.7204  F1: 0.4222  (best ep=16, thresh=0.339)

── Fold 3/5 ──────────────────────────────
  CA3  — AUC: 0.8015  AUPRC: 0.3699  Brier: 0.1687  Acc: 0.7312  F1: 0.4048  (best ep=11, thresh=0.442)

── Fold 4/5 ──────────────────────────────
  CA3  — AUC: 0.8208  AUPRC: 0.3608  Brier: 0.2006  Acc: 0.8387  F1: 0.5000  (best ep=2, thresh=0.614)

── Fold 5/5 ──────────────────────────────
  CA3  — AUC: 0.7787  AUPRC: 0.3576  Brier: 0.1772  Acc: 0.8216  F1: 0.4211  (best ep=1, thresh=0.610)

===========================================================================
CrossAttn3  —  5-Fold CV Summary
===========================================================================
  Fold      AUC-ROC      AUPRC      Brier   Accuracy         F1
  ----------------------------------------------------------
  1          0.8521     0.4937     0.2461     0.8226     0.4762
  2          0.8301     0.3469     0.1611     0.7204     0.4222
  3          0.8015     0.3699     0.1687     0.7312     0.4048
  4          0.8208     0.3608     0.2006     0.8387     0.5000
  5          0.7787     0.3576     0.1772     0.8216     0.4211
  ──────────────────────────────────────────────────────────
  Mean       0.8166     0.3858     0.1907     0.7869     0.4448
  ±Std       0.0250     0.0545     0.0307     0.0504     0.0366
  [M3/bce/crop80/scale_clinic] Evaluating on test set (med_epoch=3, thresh=0.610) ...

=================================================================
CrossAttn3 Test Evaluation  (scale_clin=True, scale_aec=False, threshold=0.610)
=================================================================
CrossAttn3 — training final model for 3 epochs on full CV set …

CrossAttn3 — Test Set (Overall):
  AUC: 0.8058  AUPRC: 0.4190  Brier: 0.2086  Acc: 0.7425  F1: 0.3617

CrossAttn3 — Test Set (By Sex):
  [M] n=85  AUC: 0.7857  AUPRC: 0.5083  Brier: 0.2159  Acc: 0.6824  F1: 0.4255
              precision    recall  f1-score   support

      Normal       0.92      0.68      0.78        71
  Sarcopenia       0.30      0.71      0.43        14

    accuracy                           0.68        85
   macro avg       0.61      0.70      0.60        85
weighted avg       0.82      0.68      0.72        85

  [F] n=148  AUC: 0.8109  AUPRC: 0.3776  Brier: 0.2043  Acc: 0.7770  F1: 0.2979
              precision    recall  f1-score   support

      Normal       0.96      0.79      0.87       137
  Sarcopenia       0.19      0.64      0.30        11

    accuracy                           0.78       148
   macro avg       0.58      0.71      0.58       148
weighted avg       0.91      0.78      0.83       148


───────────────────────────────────────────────────────
Test Set — Bootstrap CI
───────────────────────────────────────────────────────

  Bootstrap 95% CI — CrossAttn3  (n_boot=2000)
  Metric         Estimate   95% CI Lower   95% CI Upper
  ----------------------------------------------------
  AUC-ROC          0.8058         0.7146         0.8874
  AUPRC            0.4190         0.2421         0.6139
  Brier            0.2086         0.1843         0.2346
  Accuracy         0.7425         0.6866         0.7940
  F1               0.3617         0.2353         0.4828
  [M3/bce/crop80/scale_clinic] Saving figures ...

Saved (model 3 (crop80, bce)):
  연구코드/results/ok+missing/model_3\bce\aec256\crop80/data_distribution.png
  연구코드/results/ok+missing/model_3\bce\aec256\crop80/cv_roc_curves.png
  연구코드/results/ok+missing/model_3\bce\aec256\crop80/cv_metric_distribution.png
  연구코드/results/ok+missing/model_3\bce\aec256\crop80/training_curves.png
  연구코드/results/ok+missing/model_3\bce\aec256\crop80/test_roc_curves.png
  연구코드/results/ok+missing/model_3\bce\aec256\crop80/test_roc_by_sex.png
  연구코드/results/ok+missing/model_3\bce\aec256\crop80/confusion_matrices.png
  연구코드/results/ok+missing/model_3\bce\aec256\crop80/calibration.png
  연구코드/results/ok+missing/model_3\bce\aec256\crop80/results.md
  [M3/bce/crop80/scale_clinic] Plotting attention maps ...
  연구코드/results/ok+missing/model_3\bce\aec256\crop80/attention_map_c2a.png
  연구코드/results/ok+missing/model_3\bce\aec256\crop80/attention_heatmap.png
  [M3/bce/crop80/scale_clinic] Done.

############################################################
  [M3 crop60] CASE : scale_clinic  (scale_clinic=True, loss=bce)
############################################################
  [M3/bce/crop60/scale_clinic] Cross-validating CrossAttn3 ...
=================================================================
5-Fold CV  [CrossAttn3 | scale_clin=True, scale_aec=False]
=================================================================

── Fold 1/5 ──────────────────────────────
  CA3  — AUC: 0.8503  AUPRC: 0.5671  Brier: 0.1509  Acc: 0.8280  F1: 0.4839  (best ep=4, thresh=0.560)

── Fold 2/5 ──────────────────────────────
  CA3  — AUC: 0.8328  AUPRC: 0.3390  Brier: 0.1557  Acc: 0.7849  F1: 0.4737  (best ep=12, thresh=0.463)

── Fold 3/5 ──────────────────────────────
  CA3  — AUC: 0.7928  AUPRC: 0.2854  Brier: 0.2115  Acc: 0.7097  F1: 0.3864  (best ep=4, thresh=0.561)

── Fold 4/5 ──────────────────────────────
  CA3  — AUC: 0.7744  AUPRC: 0.3269  Brier: 0.1873  Acc: 0.6935  F1: 0.3596  (best ep=36, thresh=0.470)

── Fold 5/5 ──────────────────────────────
  CA3  — AUC: 0.7581  AUPRC: 0.3021  Brier: 0.2403  Acc: 0.7784  F1: 0.3881  (best ep=2, thresh=0.675)

===========================================================================
CrossAttn3  —  5-Fold CV Summary
===========================================================================
  Fold      AUC-ROC      AUPRC      Brier   Accuracy         F1
  ----------------------------------------------------------
  1          0.8503     0.5671     0.1509     0.8280     0.4839
  2          0.8328     0.3390     0.1557     0.7849     0.4737
  3          0.7928     0.2854     0.2115     0.7097     0.3864
  4          0.7744     0.3269     0.1873     0.6935     0.3596
  5          0.7581     0.3021     0.2403     0.7784     0.3881
  ──────────────────────────────────────────────────────────
  Mean       0.8017     0.3641     0.1891     0.7589     0.4183
  ±Std       0.0348     0.1032     0.0338     0.0500     0.0505
  [M3/bce/crop60/scale_clinic] Evaluating on test set (med_epoch=4, thresh=0.560) ...

=================================================================
CrossAttn3 Test Evaluation  (scale_clin=True, scale_aec=False, threshold=0.560)
=================================================================
CrossAttn3 — training final model for 4 epochs on full CV set …

CrossAttn3 — Test Set (Overall):
  AUC: 0.8040  AUPRC: 0.3966  Brier: 0.1773  Acc: 0.7296  F1: 0.3226

CrossAttn3 — Test Set (By Sex):
  [M] n=85  AUC: 0.7988  AUPRC: 0.5057  Brier: 0.1954  Acc: 0.6941  F1: 0.4091
              precision    recall  f1-score   support

      Normal       0.91      0.70      0.79        71
  Sarcopenia       0.30      0.64      0.41        14

    accuracy                           0.69        85
   macro avg       0.60      0.67      0.60        85
weighted avg       0.81      0.69      0.73        85

  [F] n=148  AUC: 0.7943  AUPRC: 0.2868  Brier: 0.1670  Acc: 0.7500  F1: 0.2449
              precision    recall  f1-score   support

      Normal       0.95      0.77      0.85       137
  Sarcopenia       0.16      0.55      0.24        11

    accuracy                           0.75       148
   macro avg       0.56      0.66      0.55       148
weighted avg       0.90      0.75      0.81       148


───────────────────────────────────────────────────────
Test Set — Bootstrap CI
───────────────────────────────────────────────────────

  Bootstrap 95% CI — CrossAttn3  (n_boot=2000)
  Metric         Estimate   95% CI Lower   95% CI Upper
  ----------------------------------------------------
  AUC-ROC          0.8040         0.7137         0.8869
  AUPRC            0.3966         0.2285         0.5910
  Brier            0.1773         0.1522         0.2052
  Accuracy         0.7296         0.6695         0.7854
  F1               0.3226         0.1951         0.4445
  [M3/bce/crop60/scale_clinic] Saving figures ...

Saved (model 3 (crop60, bce)):
  연구코드/results/ok+missing/model_3\bce\aec256\crop60/data_distribution.png
  연구코드/results/ok+missing/model_3\bce\aec256\crop60/cv_roc_curves.png
  연구코드/results/ok+missing/model_3\bce\aec256\crop60/cv_metric_distribution.png
  연구코드/results/ok+missing/model_3\bce\aec256\crop60/training_curves.png
  연구코드/results/ok+missing/model_3\bce\aec256\crop60/test_roc_curves.png
  연구코드/results/ok+missing/model_3\bce\aec256\crop60/test_roc_by_sex.png
  연구코드/results/ok+missing/model_3\bce\aec256\crop60/confusion_matrices.png
  연구코드/results/ok+missing/model_3\bce\aec256\crop60/calibration.png
  연구코드/results/ok+missing/model_3\bce\aec256\crop60/results.md
  [M3/bce/crop60/scale_clinic] Plotting attention maps ...
  연구코드/results/ok+missing/model_3\bce\aec256\crop60/attention_map_c2a.png
  연구코드/results/ok+missing/model_3\bce\aec256\crop60/attention_heatmap.png
  [M3/bce/crop60/scale_clinic] Done.
