============================================================
  MODEL 2_2 — Clinic + AEC Unmatched (aec128)  (4 AEC variants)
============================================================

############################################################
  [M2_2 raw]  (scale_clinic=True, scale_aec=none)
############################################################
  [M2_2/raw] Cross-validating CrossAttn ...
=======================================================
5-Fold CV  [CrossAttn | scale_clin=True, scale_aec=none]
=======================================================

── Fold 1/5 ──────────────────────────────
  CA   — AUC: 0.8077  AUPRC: 0.3175  Brier: 0.2821  Acc: 0.7049  F1: 0.3864  (best ep=139, thresh=0.584)

── Fold 2/5 ──────────────────────────────
  CA   — AUC: 0.8148  AUPRC: 0.4189  Brier: 0.2560  Acc: 0.6995  F1: 0.3820  (best ep=367, thresh=0.572)

── Fold 3/5 ──────────────────────────────
  CA   — AUC: 0.7577  AUPRC: 0.2420  Brier: 0.2765  Acc: 0.5574  F1: 0.2957  (best ep=415, thresh=0.510)

── Fold 4/5 ──────────────────────────────
  CA   — AUC: 0.7664  AUPRC: 0.3286  Brier: 0.2513  Acc: 0.6831  F1: 0.3556  (best ep=440, thresh=0.552)

── Fold 5/5 ──────────────────────────────
  CA   — AUC: 0.7843  AUPRC: 0.3525  Brier: 0.2614  Acc: 0.7637  F1: 0.4110  (best ep=377, thresh=0.620)

===========================================================================
CrossAttn  —  5-Fold CV Summary
===========================================================================
  Fold      AUC-ROC      AUPRC      Brier   Accuracy         F1
  ----------------------------------------------------------
  1          0.8077     0.3175     0.2821     0.7049     0.3864
  2          0.8148     0.4189     0.2560     0.6995     0.3820
  3          0.7577     0.2420     0.2765     0.5574     0.2957
  4          0.7664     0.3286     0.2513     0.6831     0.3556
  5          0.7843     0.3525     0.2614     0.7637     0.4110
  ──────────────────────────────────────────────────────────
  Mean       0.7862     0.3319     0.2655     0.6817     0.3661
  ±Std       0.0223     0.0571     0.0119     0.0679     0.0394
  [M2_2/raw] Evaluating on test set (med_epoch=377, thresh=0.572) ...

=======================================================
CrossAttn Test Evaluation  (scale_clin=True, scale_aec=none, threshold=0.572)
=======================================================
CrossAttn — training final model for 377 epochs on full CV set …
  [CrossAttn] Model weights saved → 연구코드/results/0605/stage2_1e-05_epoch500/model_2_2\raw128\raw\M2_2_raw_weights.pt

CrossAttn — Test Set (Overall):
  AUC: 0.7939  AUPRC: 0.3332  Brier: 0.2661  Acc: 0.6419  F1: 0.3279

CrossAttn — Test Set (By Sex):
  [M] n=82  AUC: 0.7179  AUPRC: 0.3507  Brier: 0.2987  Acc: 0.5854  F1: 0.3929
              precision    recall  f1-score   support

      Normal       0.95      0.54      0.69        69
  Sarcopenia       0.26      0.85      0.39        13

    accuracy                           0.59        82
   macro avg       0.60      0.69      0.54        82
weighted avg       0.84      0.59      0.64        82

  [F] n=147  AUC: 0.8389  AUPRC: 0.3737  Brier: 0.2479  Acc: 0.6735  F1: 0.2727
              precision    recall  f1-score   support

      Normal       0.98      0.66      0.79       136
  Sarcopenia       0.16      0.82      0.27        11

    accuracy                           0.67       147
   macro avg       0.57      0.74      0.53       147
weighted avg       0.92      0.67      0.75       147


───────────────────────────────────────────────────────
Test Set — Bootstrap CI
───────────────────────────────────────────────────────

  Bootstrap 95% CI — CrossAttn  (n_boot=2000)
  Metric         Estimate   95% CI Lower   95% CI Upper
  ----------------------------------------------------
  AUC-ROC          0.7939         0.6916         0.8762
  AUPRC            0.3332         0.1906         0.5221
  Brier            0.2661         0.2396         0.2910
  Accuracy         0.6419         0.5808         0.7074
  F1               0.3279         0.2162         0.4370
  [M2_2/raw] Saving figures ...

Saved (model 2_2 (raw, unmatched)):
  연구코드/results/0605/stage2_1e-05_epoch500/model_2_2\raw128\raw/data_distribution.png
  연구코드/results/0605/stage2_1e-05_epoch500/model_2_2\raw128\raw/cv_roc_curves.png
  연구코드/results/0605/stage2_1e-05_epoch500/model_2_2\raw128\raw/cv_metric_distribution.png
  연구코드/results/0605/stage2_1e-05_epoch500/model_2_2\raw128\raw/training_curves.png
  연구코드/results/0605/stage2_1e-05_epoch500/model_2_2\raw128\raw/test_roc_curves.png
  연구코드/results/0605/stage2_1e-05_epoch500/model_2_2\raw128\raw/test_roc_by_sex.png
  연구코드/results/0605/stage2_1e-05_epoch500/model_2_2\raw128\raw/confusion_matrices.png
  연구코드/results/0605/stage2_1e-05_epoch500/model_2_2\raw128\raw/calibration.png
  연구코드/results/0605/stage2_1e-05_epoch500/model_2_2\raw128\raw/results.md
  [M2_2/raw] Plotting attention maps ...
  연구코드/results/0605/stage2_1e-05_epoch500/model_2_2\raw128\raw/attention_map_c2a.png
  연구코드/results/0605/stage2_1e-05_epoch500/model_2_2\raw128\raw/attention_heatmap_c2a.png
  연구코드/results/0605/stage2_1e-05_epoch500/model_2_2\raw128\raw/attention_map_a2c.png
  연구코드/results/0605/stage2_1e-05_epoch500/model_2_2\raw128\raw/attention_heatmap_a2c.png
  [M2_2/raw] Plotting Grad-CAM ...
  연구코드/results/0605/stage2_1e-05_epoch500/model_2_2\raw128\raw/cam_aec_mean.png
  연구코드/results/0605/stage2_1e-05_epoch500/model_2_2\raw128\raw/cam_aec_lines.png
  연구코드/results/0605/stage2_1e-05_epoch500/model_2_2\raw128\raw/cam_aec_heatmap.png
  [M2_2/raw] Done.

############################################################
  [M2_2 std_scaled]  (scale_clinic=True, scale_aec=column)
############################################################
  [M2_2/std_scaled] Cross-validating CrossAttn ...
=======================================================
5-Fold CV  [CrossAttn | scale_clin=True, scale_aec=column]
=======================================================

── Fold 1/5 ──────────────────────────────
  CA   — AUC: 0.8003  AUPRC: 0.3007  Brier: 0.2716  Acc: 0.5683  F1: 0.3248  (best ep=400, thresh=0.519)

── Fold 2/5 ──────────────────────────────
  CA   — AUC: 0.8418  AUPRC: 0.4703  Brier: 0.2413  Acc: 0.7814  F1: 0.4444  (best ep=498, thresh=0.600)

── Fold 3/5 ──────────────────────────────
  CA   — AUC: 0.7307  AUPRC: 0.2427  Brier: 0.2925  Acc: 0.4918  F1: 0.2791  (best ep=403, thresh=0.483)

── Fold 4/5 ──────────────────────────────
  CA   — AUC: 0.7519  AUPRC: 0.3061  Brier: 0.2444  Acc: 0.6612  F1: 0.3404  (best ep=460, thresh=0.533)

── Fold 5/5 ──────────────────────────────
  CA   — AUC: 0.7672  AUPRC: 0.3646  Brier: 0.2610  Acc: 0.7802  F1: 0.4118  (best ep=420, thresh=0.619)

===========================================================================
CrossAttn  —  5-Fold CV Summary
===========================================================================
  Fold      AUC-ROC      AUPRC      Brier   Accuracy         F1
  ----------------------------------------------------------
  1          0.8003     0.3007     0.2716     0.5683     0.3248
  2          0.8418     0.4703     0.2413     0.7814     0.4444
  3          0.7307     0.2427     0.2925     0.4918     0.2791
  4          0.7519     0.3061     0.2444     0.6612     0.3404
  5          0.7672     0.3646     0.2610     0.7802     0.4118
  ──────────────────────────────────────────────────────────
  Mean       0.7784     0.3369     0.2622     0.6566     0.3601
  ±Std       0.0390     0.0770     0.0188     0.1147     0.0600
  [M2_2/std_scaled] Evaluating on test set (med_epoch=420, thresh=0.533) ...

=======================================================
CrossAttn Test Evaluation  (scale_clin=True, scale_aec=column, threshold=0.533)
=======================================================
CrossAttn — training final model for 420 epochs on full CV set …
  [CrossAttn] Model weights saved → 연구코드/results/0605/stage2_1e-05_epoch500/model_2_2\raw128\std_scaled\M2_2_std_scaled_weights.pt

CrossAttn — Test Set (Overall):
  AUC: 0.7709  AUPRC: 0.3528  Brier: 0.2755  Acc: 0.5459  F1: 0.2973

CrossAttn — Test Set (By Sex):
  [M] n=82  AUC: 0.7581  AUPRC: 0.3879  Brier: 0.2701  Acc: 0.5976  F1: 0.4000
              precision    recall  f1-score   support

      Normal       0.95      0.55      0.70        69
  Sarcopenia       0.26      0.85      0.40        13

    accuracy                           0.60        82
   macro avg       0.61      0.70      0.55        82
weighted avg       0.84      0.60      0.65        82

  [F] n=147  AUC: 0.7734  AUPRC: 0.3428  Brier: 0.2785  Acc: 0.5170  F1: 0.2366
              precision    recall  f1-score   support

      Normal       1.00      0.48      0.65       136
  Sarcopenia       0.13      1.00      0.24        11

    accuracy                           0.52       147
   macro avg       0.57      0.74      0.44       147
weighted avg       0.94      0.52      0.62       147


───────────────────────────────────────────────────────
Test Set — Bootstrap CI
───────────────────────────────────────────────────────

  Bootstrap 95% CI — CrossAttn  (n_boot=2000)
  Metric         Estimate   95% CI Lower   95% CI Upper
  ----------------------------------------------------
  AUC-ROC          0.7709         0.6802         0.8490
  AUPRC            0.3528         0.1955         0.5338
  Brier            0.2755         0.2523         0.2975
  Accuracy         0.5459         0.4847         0.6115
  F1               0.2973         0.1969         0.3951
  [M2_2/std_scaled] Saving figures ...

Saved (model 2_2 (std_scaled, unmatched)):
  연구코드/results/0605/stage2_1e-05_epoch500/model_2_2\raw128\std_scaled/data_distribution.png
  연구코드/results/0605/stage2_1e-05_epoch500/model_2_2\raw128\std_scaled/cv_roc_curves.png
  연구코드/results/0605/stage2_1e-05_epoch500/model_2_2\raw128\std_scaled/cv_metric_distribution.png
  연구코드/results/0605/stage2_1e-05_epoch500/model_2_2\raw128\std_scaled/training_curves.png
  연구코드/results/0605/stage2_1e-05_epoch500/model_2_2\raw128\std_scaled/test_roc_curves.png
  연구코드/results/0605/stage2_1e-05_epoch500/model_2_2\raw128\std_scaled/test_roc_by_sex.png
  연구코드/results/0605/stage2_1e-05_epoch500/model_2_2\raw128\std_scaled/confusion_matrices.png
  연구코드/results/0605/stage2_1e-05_epoch500/model_2_2\raw128\std_scaled/calibration.png
  연구코드/results/0605/stage2_1e-05_epoch500/model_2_2\raw128\std_scaled/results.md
  [M2_2/std_scaled] Plotting attention maps ...
  연구코드/results/0605/stage2_1e-05_epoch500/model_2_2\raw128\std_scaled/attention_map_c2a.png
  연구코드/results/0605/stage2_1e-05_epoch500/model_2_2\raw128\std_scaled/attention_heatmap_c2a.png
  연구코드/results/0605/stage2_1e-05_epoch500/model_2_2\raw128\std_scaled/attention_map_a2c.png
  연구코드/results/0605/stage2_1e-05_epoch500/model_2_2\raw128\std_scaled/attention_heatmap_a2c.png
  [M2_2/std_scaled] Plotting Grad-CAM ...
  연구코드/results/0605/stage2_1e-05_epoch500/model_2_2\raw128\std_scaled/cam_aec_mean.png
  연구코드/results/0605/stage2_1e-05_epoch500/model_2_2\raw128\std_scaled/cam_aec_lines.png
  연구코드/results/0605/stage2_1e-05_epoch500/model_2_2\raw128\std_scaled/cam_aec_heatmap.png
  [M2_2/std_scaled] Done.

############################################################
  [M2_2 norm]  (scale_clinic=True, scale_aec=none)
############################################################
  [M2_2/norm] Cross-validating CrossAttn ...
=======================================================
5-Fold CV  [CrossAttn | scale_clin=True, scale_aec=none]
=======================================================

── Fold 1/5 ──────────────────────────────
  CA   — AUC: 0.8245  AUPRC: 0.3610  Brier: 0.2632  Acc: 0.8033  F1: 0.4545  (best ep=239, thresh=0.629)

── Fold 2/5 ──────────────────────────────
  CA   — AUC: 0.8572  AUPRC: 0.4921  Brier: 0.2401  Acc: 0.7377  F1: 0.4146  (best ep=192, thresh=0.560)

── Fold 3/5 ──────────────────────────────
  CA   — AUC: 0.7449  AUPRC: 0.3019  Brier: 0.2800  Acc: 0.6393  F1: 0.3125  (best ep=382, thresh=0.558)

── Fold 4/5 ──────────────────────────────
  CA   — AUC: 0.7847  AUPRC: 0.3241  Brier: 0.2372  Acc: 0.7541  F1: 0.4000  (best ep=429, thresh=0.583)

── Fold 5/5 ──────────────────────────────
  CA   — AUC: 0.8114  AUPRC: 0.3807  Brier: 0.2448  Acc: 0.7692  F1: 0.4324  (best ep=301, thresh=0.597)

===========================================================================
CrossAttn  —  5-Fold CV Summary
===========================================================================
  Fold      AUC-ROC      AUPRC      Brier   Accuracy         F1
  ----------------------------------------------------------
  1          0.8245     0.3610     0.2632     0.8033     0.4545
  2          0.8572     0.4921     0.2401     0.7377     0.4146
  3          0.7449     0.3019     0.2800     0.6393     0.3125
  4          0.7847     0.3241     0.2372     0.7541     0.4000
  5          0.8114     0.3807     0.2448     0.7692     0.4324
  ──────────────────────────────────────────────────────────
  Mean       0.8045     0.3719     0.2531     0.7407     0.4028
  ±Std       0.0379     0.0661     0.0162     0.0551     0.0487
  [M2_2/norm] Evaluating on test set (med_epoch=301, thresh=0.583) ...

=======================================================
CrossAttn Test Evaluation  (scale_clin=True, scale_aec=none, threshold=0.583)
=======================================================
CrossAttn — training final model for 301 epochs on full CV set …
  [CrossAttn] Model weights saved → 연구코드/results/0605/stage2_1e-05_epoch500/model_2_2\raw128\norm\M2_2_norm_weights.pt

CrossAttn — Test Set (Overall):
  AUC: 0.8358  AUPRC: 0.3398  Brier: 0.2620  Acc: 0.6638  F1: 0.3636

CrossAttn — Test Set (By Sex):
  [M] n=82  AUC: 0.7659  AUPRC: 0.3370  Brier: 0.3090  Acc: 0.5976  F1: 0.4211
              precision    recall  f1-score   support

      Normal       0.97      0.54      0.69        69
  Sarcopenia       0.27      0.92      0.42        13

    accuracy                           0.60        82
   macro avg       0.62      0.73      0.56        82
weighted avg       0.86      0.60      0.65        82

  [F] n=147  AUC: 0.8570  AUPRC: 0.4042  Brier: 0.2358  Acc: 0.7007  F1: 0.3125
              precision    recall  f1-score   support

      Normal       0.99      0.68      0.81       136
  Sarcopenia       0.19      0.91      0.31        11

    accuracy                           0.70       147
   macro avg       0.59      0.80      0.56       147
weighted avg       0.93      0.70      0.77       147


───────────────────────────────────────────────────────
Test Set — Bootstrap CI
───────────────────────────────────────────────────────

  Bootstrap 95% CI — CrossAttn  (n_boot=2000)
  Metric         Estimate   95% CI Lower   95% CI Upper
  ----------------------------------------------------
  AUC-ROC          0.8358         0.7709         0.8948
  AUPRC            0.3398         0.2116         0.5429
  Brier            0.2620         0.2364         0.2859
  Accuracy         0.6638         0.6025         0.7293
  F1               0.3636         0.2520         0.4746
  [M2_2/norm] Saving figures ...

Saved (model 2_2 (norm, unmatched)):
  연구코드/results/0605/stage2_1e-05_epoch500/model_2_2\raw128\norm/data_distribution.png
  연구코드/results/0605/stage2_1e-05_epoch500/model_2_2\raw128\norm/cv_roc_curves.png
  연구코드/results/0605/stage2_1e-05_epoch500/model_2_2\raw128\norm/cv_metric_distribution.png
  연구코드/results/0605/stage2_1e-05_epoch500/model_2_2\raw128\norm/training_curves.png
  연구코드/results/0605/stage2_1e-05_epoch500/model_2_2\raw128\norm/test_roc_curves.png
  연구코드/results/0605/stage2_1e-05_epoch500/model_2_2\raw128\norm/test_roc_by_sex.png
  연구코드/results/0605/stage2_1e-05_epoch500/model_2_2\raw128\norm/confusion_matrices.png
  연구코드/results/0605/stage2_1e-05_epoch500/model_2_2\raw128\norm/calibration.png
  연구코드/results/0605/stage2_1e-05_epoch500/model_2_2\raw128\norm/results.md
  [M2_2/norm] Plotting attention maps ...
  연구코드/results/0605/stage2_1e-05_epoch500/model_2_2\raw128\norm/attention_map_c2a.png
  연구코드/results/0605/stage2_1e-05_epoch500/model_2_2\raw128\norm/attention_heatmap_c2a.png
  연구코드/results/0605/stage2_1e-05_epoch500/model_2_2\raw128\norm/attention_map_a2c.png
  연구코드/results/0605/stage2_1e-05_epoch500/model_2_2\raw128\norm/attention_heatmap_a2c.png
  [M2_2/norm] Plotting Grad-CAM ...
  연구코드/results/0605/stage2_1e-05_epoch500/model_2_2\raw128\norm/cam_aec_mean.png
  연구코드/results/0605/stage2_1e-05_epoch500/model_2_2\raw128\norm/cam_aec_lines.png
  연구코드/results/0605/stage2_1e-05_epoch500/model_2_2\raw128\norm/cam_aec_heatmap.png
  [M2_2/norm] Done.

############################################################
  [M2_2 global_zscore]  (scale_clinic=True, scale_aec=global)
############################################################
  [M2_2/global_zscore] Cross-validating CrossAttn ...
=======================================================
5-Fold CV  [CrossAttn | scale_clin=True, scale_aec=global]
=======================================================

── Fold 1/5 ──────────────────────────────
  CA   — AUC: 0.8178  AUPRC: 0.3791  Brier: 0.2598  Acc: 0.7978  F1: 0.4478  (best ep=404, thresh=0.661)

── Fold 2/5 ──────────────────────────────
  CA   — AUC: 0.7574  AUPRC: 0.3567  Brier: 0.2641  Acc: 0.5902  F1: 0.2991  (best ep=408, thresh=0.544)

── Fold 3/5 ──────────────────────────────
  CA   — AUC: 0.7490  AUPRC: 0.2333  Brier: 0.2812  Acc: 0.6120  F1: 0.3107  (best ep=486, thresh=0.541)

── Fold 4/5 ──────────────────────────────
  CA   — AUC: 0.7558  AUPRC: 0.3378  Brier: 0.2430  Acc: 0.7541  F1: 0.3662  (best ep=483, thresh=0.616)

── Fold 5/5 ──────────────────────────────
  CA   — AUC: 0.7895  AUPRC: 0.3608  Brier: 0.2469  Acc: 0.7143  F1: 0.3810  (best ep=496, thresh=0.583)

===========================================================================
CrossAttn  —  5-Fold CV Summary
===========================================================================
  Fold      AUC-ROC      AUPRC      Brier   Accuracy         F1
  ----------------------------------------------------------
  1          0.8178     0.3791     0.2598     0.7978     0.4478
  2          0.7574     0.3567     0.2641     0.5902     0.2991
  3          0.7490     0.2333     0.2812     0.6120     0.3107
  4          0.7558     0.3378     0.2430     0.7541     0.3662
  5          0.7895     0.3608     0.2469     0.7143     0.3810
  ──────────────────────────────────────────────────────────
  Mean       0.7739     0.3336     0.2590     0.6937     0.3609
  ±Std       0.0260     0.0518     0.0136     0.0804     0.0535
  [M2_2/global_zscore] Evaluating on test set (med_epoch=483, thresh=0.583) ...

=======================================================
CrossAttn Test Evaluation  (scale_clin=True, scale_aec=global, threshold=0.583)
=======================================================
CrossAttn — training final model for 483 epochs on full CV set …
  [CrossAttn] Model weights saved → 연구코드/results/0605/stage2_1e-05_epoch500/model_2_2\raw128\global_zscore\M2_2_global_zscore_weights.pt

CrossAttn — Test Set (Overall):
  AUC: 0.7951  AUPRC: 0.3235  Brier: 0.2641  Acc: 0.6812  F1: 0.3303

CrossAttn — Test Set (By Sex):
  [M] n=82  AUC: 0.7235  AUPRC: 0.3493  Brier: 0.3079  Acc: 0.6098  F1: 0.4074
              precision    recall  f1-score   support

      Normal       0.95      0.57      0.71        69
  Sarcopenia       0.27      0.85      0.41        13

    accuracy                           0.61        82
   macro avg       0.61      0.71      0.56        82
weighted avg       0.84      0.61      0.66        82

  [F] n=147  AUC: 0.8249  AUPRC: 0.3334  Brier: 0.2397  Acc: 0.7211  F1: 0.2545
              precision    recall  f1-score   support

      Normal       0.96      0.73      0.83       136
  Sarcopenia       0.16      0.64      0.25        11

    accuracy                           0.72       147
   macro avg       0.56      0.68      0.54       147
weighted avg       0.90      0.72      0.79       147


───────────────────────────────────────────────────────
Test Set — Bootstrap CI
───────────────────────────────────────────────────────

  Bootstrap 95% CI — CrossAttn  (n_boot=2000)
  Metric         Estimate   95% CI Lower   95% CI Upper
  ----------------------------------------------------
  AUC-ROC          0.7951         0.7107         0.8687
  AUPRC            0.3235         0.1858         0.5069
  Brier            0.2641         0.2380         0.2892
  Accuracy         0.6812         0.6245         0.7424
  F1               0.3303         0.2151         0.4423
  [M2_2/global_zscore] Saving figures ...

Saved (model 2_2 (global_zscore, unmatched)):
  연구코드/results/0605/stage2_1e-05_epoch500/model_2_2\raw128\global_zscore/data_distribution.png
  연구코드/results/0605/stage2_1e-05_epoch500/model_2_2\raw128\global_zscore/cv_roc_curves.png
  연구코드/results/0605/stage2_1e-05_epoch500/model_2_2\raw128\global_zscore/cv_metric_distribution.png
  연구코드/results/0605/stage2_1e-05_epoch500/model_2_2\raw128\global_zscore/training_curves.png
  연구코드/results/0605/stage2_1e-05_epoch500/model_2_2\raw128\global_zscore/test_roc_curves.png
  연구코드/results/0605/stage2_1e-05_epoch500/model_2_2\raw128\global_zscore/test_roc_by_sex.png
  연구코드/results/0605/stage2_1e-05_epoch500/model_2_2\raw128\global_zscore/confusion_matrices.png
  연구코드/results/0605/stage2_1e-05_epoch500/model_2_2\raw128\global_zscore/calibration.png
  연구코드/results/0605/stage2_1e-05_epoch500/model_2_2\raw128\global_zscore/results.md
  [M2_2/global_zscore] Plotting attention maps ...
  연구코드/results/0605/stage2_1e-05_epoch500/model_2_2\raw128\global_zscore/attention_map_c2a.png
  연구코드/results/0605/stage2_1e-05_epoch500/model_2_2\raw128\global_zscore/attention_heatmap_c2a.png
  연구코드/results/0605/stage2_1e-05_epoch500/model_2_2\raw128\global_zscore/attention_map_a2c.png
  연구코드/results/0605/stage2_1e-05_epoch500/model_2_2\raw128\global_zscore/attention_heatmap_a2c.png
  [M2_2/global_zscore] Plotting Grad-CAM ...
  연구코드/results/0605/stage2_1e-05_epoch500/model_2_2\raw128\global_zscore/cam_aec_mean.png
  연구코드/results/0605/stage2_1e-05_epoch500/model_2_2\raw128\global_zscore/cam_aec_lines.png
  연구코드/results/0605/stage2_1e-05_epoch500/model_2_2\raw128\global_zscore/cam_aec_heatmap.png
  [M2_2/global_zscore] Done.
