============================================================
  MODEL 2_2 — Clinic + AEC Unmatched (aec128)  (4 AEC variants)
============================================================

############################################################
  [M2_2 raw]  (scale_clinic=True, scale_aec=none)
############################################################
  [M2_2/raw] Cross-validating CrossAttn ...
=======================================================
5-Fold CV  [CrossAttn | scale_clin=True, scale_aec=none]
=======================================================

── Fold 1/5 ──────────────────────────────
  CA   — AUC: 0.7825  AUPRC: 0.2868  Brier: 0.2777  Acc: 0.7869  F1: 0.4000  (best ep=194, thresh=0.662)

── Fold 2/5 ──────────────────────────────
  CA   — AUC: 0.7619  AUPRC: 0.3163  Brier: 0.2394  Acc: 0.7432  F1: 0.3562  (best ep=358, thresh=0.587)

── Fold 3/5 ──────────────────────────────
  CA   — AUC: 0.7522  AUPRC: 0.2334  Brier: 0.2749  Acc: 0.6885  F1: 0.3448  (best ep=479, thresh=0.591)

── Fold 4/5 ──────────────────────────────
  CA   — AUC: 0.6823  AUPRC: 0.2140  Brier: 0.2427  Acc: 0.5574  F1: 0.2832  (best ep=456, thresh=0.456)

── Fold 5/5 ──────────────────────────────
  CA   — AUC: 0.7879  AUPRC: 0.3286  Brier: 0.2534  Acc: 0.7198  F1: 0.3855  (best ep=495, thresh=0.597)

===========================================================================
CrossAttn  —  5-Fold CV Summary
===========================================================================
  Fold      AUC-ROC      AUPRC      Brier   Accuracy         F1
  ----------------------------------------------------------
  1          0.7825     0.2868     0.2777     0.7869     0.4000
  2          0.7619     0.3163     0.2394     0.7432     0.3562
  3          0.7522     0.2334     0.2749     0.6885     0.3448
  4          0.6823     0.2140     0.2427     0.5574     0.2832
  5          0.7879     0.3286     0.2534     0.7198     0.3855
  ──────────────────────────────────────────────────────────
  Mean       0.7534     0.2758     0.2576     0.6991     0.3539
  ±Std       0.0379     0.0451     0.0159     0.0778     0.0405
  [M2_2/raw] Evaluating on test set (med_epoch=456, thresh=0.591) ...

=======================================================
CrossAttn Test Evaluation  (scale_clin=True, scale_aec=none, threshold=0.591)
=======================================================
CrossAttn — training final model for 456 epochs on full CV set …
  [CrossAttn] Model weights saved → 연구코드/results/0605_2/stage0_1e-05_epoch500/model_2_2\raw128\raw\M2_2_raw_weights.pt

CrossAttn — Test Set (Overall):
  AUC: 0.7896  AUPRC: 0.2750  Brier: 0.2674  Acc: 0.6812  F1: 0.3652

CrossAttn — Test Set (By Sex):
  [M] n=82  AUC: 0.7414  AUPRC: 0.3146  Brier: 0.3015  Acc: 0.6341  F1: 0.4231
              precision    recall  f1-score   support

      Normal       0.95      0.59      0.73        69
  Sarcopenia       0.28      0.85      0.42        13

    accuracy                           0.63        82
   macro avg       0.62      0.72      0.58        82
weighted avg       0.85      0.63      0.68        82

  [F] n=147  AUC: 0.8108  AUPRC: 0.3013  Brier: 0.2484  Acc: 0.7075  F1: 0.3175
              precision    recall  f1-score   support

      Normal       0.99      0.69      0.81       136
  Sarcopenia       0.19      0.91      0.32        11

    accuracy                           0.71       147
   macro avg       0.59      0.80      0.57       147
weighted avg       0.93      0.71      0.78       147


───────────────────────────────────────────────────────
Test Set — Bootstrap CI
───────────────────────────────────────────────────────

  Bootstrap 95% CI — CrossAttn  (n_boot=2000)
  Metric         Estimate   95% CI Lower   95% CI Upper
  ----------------------------------------------------
  AUC-ROC          0.7896         0.7090         0.8606
  AUPRC            0.2750         0.1664         0.4645
  Brier            0.2674         0.2406         0.2939
  Accuracy         0.6812         0.6243         0.7424
  F1               0.3652         0.2430         0.4793
  [M2_2/raw] Saving figures ...

Saved (model 2_2 (raw, unmatched)):
  연구코드/results/0605_2/stage0_1e-05_epoch500/model_2_2\raw128\raw/data_distribution.png
  연구코드/results/0605_2/stage0_1e-05_epoch500/model_2_2\raw128\raw/cv_roc_curves.png
  연구코드/results/0605_2/stage0_1e-05_epoch500/model_2_2\raw128\raw/cv_metric_distribution.png
  연구코드/results/0605_2/stage0_1e-05_epoch500/model_2_2\raw128\raw/training_curves.png
  연구코드/results/0605_2/stage0_1e-05_epoch500/model_2_2\raw128\raw/test_roc_curves.png
  연구코드/results/0605_2/stage0_1e-05_epoch500/model_2_2\raw128\raw/test_roc_by_sex.png
  연구코드/results/0605_2/stage0_1e-05_epoch500/model_2_2\raw128\raw/confusion_matrices.png
  연구코드/results/0605_2/stage0_1e-05_epoch500/model_2_2\raw128\raw/calibration.png
  연구코드/results/0605_2/stage0_1e-05_epoch500/model_2_2\raw128\raw/results.md
  [M2_2/raw] Plotting attention maps ...
  연구코드/results/0605_2/stage0_1e-05_epoch500/model_2_2\raw128\raw/attention_map_c2a.png
  연구코드/results/0605_2/stage0_1e-05_epoch500/model_2_2\raw128\raw/attention_heatmap_c2a.png
  연구코드/results/0605_2/stage0_1e-05_epoch500/model_2_2\raw128\raw/attention_map_a2c.png
  연구코드/results/0605_2/stage0_1e-05_epoch500/model_2_2\raw128\raw/attention_heatmap_a2c.png
  [M2_2/raw] Plotting Grad-CAM ...
  연구코드/results/0605_2/stage0_1e-05_epoch500/model_2_2\raw128\raw/cam_aec_mean.png
  연구코드/results/0605_2/stage0_1e-05_epoch500/model_2_2\raw128\raw/cam_aec_lines.png
  연구코드/results/0605_2/stage0_1e-05_epoch500/model_2_2\raw128\raw/cam_aec_heatmap.png
  [M2_2/raw] Done.

############################################################
  [M2_2 std_scaled]  (scale_clinic=True, scale_aec=column)
############################################################
  [M2_2/std_scaled] Cross-validating CrossAttn ...
=======================================================
5-Fold CV  [CrossAttn | scale_clin=True, scale_aec=column]
=======================================================

── Fold 1/5 ──────────────────────────────
  CA   — AUC: 0.8190  AUPRC: 0.3324  Brier: 0.2688  Acc: 0.7705  F1: 0.4474  (best ep=238, thresh=0.677)

── Fold 2/5 ──────────────────────────────
  CA   — AUC: 0.8151  AUPRC: 0.4282  Brier: 0.2608  Acc: 0.6831  F1: 0.3696  (best ep=227, thresh=0.578)

── Fold 3/5 ──────────────────────────────
  CA   — AUC: 0.7770  AUPRC: 0.2777  Brier: 0.2870  Acc: 0.7158  F1: 0.3500  (best ep=422, thresh=0.654)

── Fold 4/5 ──────────────────────────────
  CA   — AUC: 0.7660  AUPRC: 0.3315  Brier: 0.2593  Acc: 0.7049  F1: 0.3571  (best ep=138, thresh=0.574)

── Fold 5/5 ──────────────────────────────
  CA   — AUC: 0.8066  AUPRC: 0.3744  Brier: 0.2376  Acc: 0.6978  F1: 0.3820  (best ep=350, thresh=0.552)

===========================================================================
CrossAttn  —  5-Fold CV Summary
===========================================================================
  Fold      AUC-ROC      AUPRC      Brier   Accuracy         F1
  ----------------------------------------------------------
  1          0.8190     0.3324     0.2688     0.7705     0.4474
  2          0.8151     0.4282     0.2608     0.6831     0.3696
  3          0.7770     0.2777     0.2870     0.7158     0.3500
  4          0.7660     0.3315     0.2593     0.7049     0.3571
  5          0.8066     0.3744     0.2376     0.6978     0.3820
  ──────────────────────────────────────────────────────────
  Mean       0.7968     0.3489     0.2627     0.7144     0.3812
  ±Std       0.0213     0.0502     0.0160     0.0300     0.0348
  [M2_2/std_scaled] Evaluating on test set (med_epoch=238, thresh=0.578) ...

=======================================================
CrossAttn Test Evaluation  (scale_clin=True, scale_aec=column, threshold=0.578)
=======================================================
CrossAttn — training final model for 238 epochs on full CV set …
  [CrossAttn] Model weights saved → 연구코드/results/0605_2/stage0_1e-05_epoch500/model_2_2\raw128\std_scaled\M2_2_std_scaled_weights.pt

CrossAttn — Test Set (Overall):
  AUC: 0.7833  AUPRC: 0.2909  Brier: 0.2678  Acc: 0.6725  F1: 0.3243

CrossAttn — Test Set (By Sex):
  [M] n=82  AUC: 0.7113  AUPRC: 0.3311  Brier: 0.3065  Acc: 0.6341  F1: 0.4231
              precision    recall  f1-score   support

      Normal       0.95      0.59      0.73        69
  Sarcopenia       0.28      0.85      0.42        13

    accuracy                           0.63        82
   macro avg       0.62      0.72      0.58        82
weighted avg       0.85      0.63      0.68        82

  [F] n=147  AUC: 0.8055  AUPRC: 0.3084  Brier: 0.2463  Acc: 0.6939  F1: 0.2373
              precision    recall  f1-score   support

      Normal       0.96      0.70      0.81       136
  Sarcopenia       0.15      0.64      0.24        11

    accuracy                           0.69       147
   macro avg       0.55      0.67      0.52       147
weighted avg       0.90      0.69      0.77       147


───────────────────────────────────────────────────────
Test Set — Bootstrap CI
───────────────────────────────────────────────────────

  Bootstrap 95% CI — CrossAttn  (n_boot=2000)
  Metric         Estimate   95% CI Lower   95% CI Upper
  ----------------------------------------------------
  AUC-ROC          0.7833         0.6991         0.8579
  AUPRC            0.2909         0.1674         0.4682
  Brier            0.2678         0.2426         0.2918
  Accuracy         0.6725         0.6114         0.7336
  F1               0.3243         0.2087         0.4355
  [M2_2/std_scaled] Saving figures ...

Saved (model 2_2 (std_scaled, unmatched)):
  연구코드/results/0605_2/stage0_1e-05_epoch500/model_2_2\raw128\std_scaled/data_distribution.png
  연구코드/results/0605_2/stage0_1e-05_epoch500/model_2_2\raw128\std_scaled/cv_roc_curves.png
  연구코드/results/0605_2/stage0_1e-05_epoch500/model_2_2\raw128\std_scaled/cv_metric_distribution.png
  연구코드/results/0605_2/stage0_1e-05_epoch500/model_2_2\raw128\std_scaled/training_curves.png
  연구코드/results/0605_2/stage0_1e-05_epoch500/model_2_2\raw128\std_scaled/test_roc_curves.png
  연구코드/results/0605_2/stage0_1e-05_epoch500/model_2_2\raw128\std_scaled/test_roc_by_sex.png
  연구코드/results/0605_2/stage0_1e-05_epoch500/model_2_2\raw128\std_scaled/confusion_matrices.png
  연구코드/results/0605_2/stage0_1e-05_epoch500/model_2_2\raw128\std_scaled/calibration.png
  연구코드/results/0605_2/stage0_1e-05_epoch500/model_2_2\raw128\std_scaled/results.md
  [M2_2/std_scaled] Plotting attention maps ...
  연구코드/results/0605_2/stage0_1e-05_epoch500/model_2_2\raw128\std_scaled/attention_map_c2a.png
  연구코드/results/0605_2/stage0_1e-05_epoch500/model_2_2\raw128\std_scaled/attention_heatmap_c2a.png
  연구코드/results/0605_2/stage0_1e-05_epoch500/model_2_2\raw128\std_scaled/attention_map_a2c.png
  연구코드/results/0605_2/stage0_1e-05_epoch500/model_2_2\raw128\std_scaled/attention_heatmap_a2c.png
  [M2_2/std_scaled] Plotting Grad-CAM ...
  연구코드/results/0605_2/stage0_1e-05_epoch500/model_2_2\raw128\std_scaled/cam_aec_mean.png
  연구코드/results/0605_2/stage0_1e-05_epoch500/model_2_2\raw128\std_scaled/cam_aec_lines.png
  연구코드/results/0605_2/stage0_1e-05_epoch500/model_2_2\raw128\std_scaled/cam_aec_heatmap.png
  [M2_2/std_scaled] Done.

############################################################
  [M2_2 norm]  (scale_clinic=True, scale_aec=none)
############################################################
  [M2_2/norm] Cross-validating CrossAttn ...
=======================================================
5-Fold CV  [CrossAttn | scale_clin=True, scale_aec=none]
=======================================================

── Fold 1/5 ──────────────────────────────
  CA   — AUC: 0.8150  AUPRC: 0.3438  Brier: 0.2650  Acc: 0.8415  F1: 0.4727  (best ep=103, thresh=0.639)

── Fold 2/5 ──────────────────────────────
  CA   — AUC: 0.8543  AUPRC: 0.4576  Brier: 0.2283  Acc: 0.8251  F1: 0.5000  (best ep=239, thresh=0.637)

── Fold 3/5 ──────────────────────────────
  CA   — AUC: 0.7699  AUPRC: 0.2621  Brier: 0.2709  Acc: 0.6831  F1: 0.3409  (best ep=314, thresh=0.595)

── Fold 4/5 ──────────────────────────────
  CA   — AUC: 0.7965  AUPRC: 0.3537  Brier: 0.2280  Acc: 0.6503  F1: 0.3469  (best ep=229, thresh=0.472)

── Fold 5/5 ──────────────────────────────
  CA   — AUC: 0.7953  AUPRC: 0.3810  Brier: 0.2318  Acc: 0.7363  F1: 0.3846  (best ep=442, thresh=0.576)

===========================================================================
CrossAttn  —  5-Fold CV Summary
===========================================================================
  Fold      AUC-ROC      AUPRC      Brier   Accuracy         F1
  ----------------------------------------------------------
  1          0.8150     0.3438     0.2650     0.8415     0.4727
  2          0.8543     0.4576     0.2283     0.8251     0.5000
  3          0.7699     0.2621     0.2709     0.6831     0.3409
  4          0.7965     0.3537     0.2280     0.6503     0.3469
  5          0.7953     0.3810     0.2318     0.7363     0.3846
  ──────────────────────────────────────────────────────────
  Mean       0.8062     0.3596     0.2448     0.7473     0.4090
  ±Std       0.0280     0.0630     0.0191     0.0756     0.0655
  [M2_2/norm] Evaluating on test set (med_epoch=239, thresh=0.595) ...

=======================================================
CrossAttn Test Evaluation  (scale_clin=True, scale_aec=none, threshold=0.595)
=======================================================
CrossAttn — training final model for 239 epochs on full CV set …
  [CrossAttn] Model weights saved → 연구코드/results/0605_2/stage0_1e-05_epoch500/model_2_2\raw128\norm\M2_2_norm_weights.pt

CrossAttn — Test Set (Overall):
  AUC: 0.8280  AUPRC: 0.3213  Brier: 0.2575  Acc: 0.6987  F1: 0.3894

CrossAttn — Test Set (By Sex):
  [M] n=82  AUC: 0.7547  AUPRC: 0.3144  Brier: 0.2867  Acc: 0.6463  F1: 0.4528
              precision    recall  f1-score   support

      Normal       0.98      0.59      0.74        69
  Sarcopenia       0.30      0.92      0.45        13

    accuracy                           0.65        82
   macro avg       0.64      0.76      0.60        82
weighted avg       0.87      0.65      0.69        82

  [F] n=147  AUC: 0.8556  AUPRC: 0.4382  Brier: 0.2411  Acc: 0.7279  F1: 0.3333
              precision    recall  f1-score   support

      Normal       0.99      0.71      0.83       136
  Sarcopenia       0.20      0.91      0.33        11

    accuracy                           0.73       147
   macro avg       0.60      0.81      0.58       147
weighted avg       0.93      0.73      0.79       147


───────────────────────────────────────────────────────
Test Set — Bootstrap CI
───────────────────────────────────────────────────────

  Bootstrap 95% CI — CrossAttn  (n_boot=2000)
  Metric         Estimate   95% CI Lower   95% CI Upper
  ----------------------------------------------------
  AUC-ROC          0.8280         0.7492         0.8927
  AUPRC            0.3213         0.2027         0.5153
  Brier            0.2575         0.2301         0.2842
  Accuracy         0.6987         0.6376         0.7555
  F1               0.3894         0.2680         0.5001
  [M2_2/norm] Saving figures ...

Saved (model 2_2 (norm, unmatched)):
  연구코드/results/0605_2/stage0_1e-05_epoch500/model_2_2\raw128\norm/data_distribution.png
  연구코드/results/0605_2/stage0_1e-05_epoch500/model_2_2\raw128\norm/cv_roc_curves.png
  연구코드/results/0605_2/stage0_1e-05_epoch500/model_2_2\raw128\norm/cv_metric_distribution.png
  연구코드/results/0605_2/stage0_1e-05_epoch500/model_2_2\raw128\norm/training_curves.png
  연구코드/results/0605_2/stage0_1e-05_epoch500/model_2_2\raw128\norm/test_roc_curves.png
  연구코드/results/0605_2/stage0_1e-05_epoch500/model_2_2\raw128\norm/test_roc_by_sex.png
  연구코드/results/0605_2/stage0_1e-05_epoch500/model_2_2\raw128\norm/confusion_matrices.png
  연구코드/results/0605_2/stage0_1e-05_epoch500/model_2_2\raw128\norm/calibration.png
  연구코드/results/0605_2/stage0_1e-05_epoch500/model_2_2\raw128\norm/results.md
  [M2_2/norm] Plotting attention maps ...
  연구코드/results/0605_2/stage0_1e-05_epoch500/model_2_2\raw128\norm/attention_map_c2a.png
  연구코드/results/0605_2/stage0_1e-05_epoch500/model_2_2\raw128\norm/attention_heatmap_c2a.png
  연구코드/results/0605_2/stage0_1e-05_epoch500/model_2_2\raw128\norm/attention_map_a2c.png
  연구코드/results/0605_2/stage0_1e-05_epoch500/model_2_2\raw128\norm/attention_heatmap_a2c.png
  [M2_2/norm] Plotting Grad-CAM ...
  연구코드/results/0605_2/stage0_1e-05_epoch500/model_2_2\raw128\norm/cam_aec_mean.png
  연구코드/results/0605_2/stage0_1e-05_epoch500/model_2_2\raw128\norm/cam_aec_lines.png
  연구코드/results/0605_2/stage0_1e-05_epoch500/model_2_2\raw128\norm/cam_aec_heatmap.png
  [M2_2/norm] Done.

############################################################
  [M2_2 global_zscore]  (scale_clinic=True, scale_aec=global)
############################################################
  [M2_2/global_zscore] Cross-validating CrossAttn ...
=======================================================
5-Fold CV  [CrossAttn | scale_clin=True, scale_aec=global]
=======================================================

── Fold 1/5 ──────────────────────────────
  CA   — AUC: 0.7693  AUPRC: 0.2448  Brier: 0.2783  Acc: 0.6284  F1: 0.3462  (best ep=180, thresh=0.560)

── Fold 2/5 ──────────────────────────────
  CA   — AUC: 0.7856  AUPRC: 0.3482  Brier: 0.2375  Acc: 0.7322  F1: 0.3636  (best ep=361, thresh=0.579)

── Fold 3/5 ──────────────────────────────
  CA   — AUC: 0.7709  AUPRC: 0.2498  Brier: 0.2722  Acc: 0.7049  F1: 0.3571  (best ep=411, thresh=0.637)

── Fold 4/5 ──────────────────────────────
  CA   — AUC: 0.7494  AUPRC: 0.3121  Brier: 0.2389  Acc: 0.6885  F1: 0.3448  (best ep=497, thresh=0.554)

── Fold 5/5 ──────────────────────────────
  CA   — AUC: 0.7869  AUPRC: 0.3485  Brier: 0.2539  Acc: 0.7033  F1: 0.3864  (best ep=385, thresh=0.554)

===========================================================================
CrossAttn  —  5-Fold CV Summary
===========================================================================
  Fold      AUC-ROC      AUPRC      Brier   Accuracy         F1
  ----------------------------------------------------------
  1          0.7693     0.2448     0.2783     0.6284     0.3462
  2          0.7856     0.3482     0.2375     0.7322     0.3636
  3          0.7709     0.2498     0.2722     0.7049     0.3571
  4          0.7494     0.3121     0.2389     0.6885     0.3448
  5          0.7869     0.3485     0.2539     0.7033     0.3864
  ──────────────────────────────────────────────────────────
  Mean       0.7724     0.3007     0.2561     0.6915     0.3596
  ±Std       0.0136     0.0456     0.0167     0.0345     0.0151
  [M2_2/global_zscore] Evaluating on test set (med_epoch=385, thresh=0.560) ...

=======================================================
CrossAttn Test Evaluation  (scale_clin=True, scale_aec=global, threshold=0.560)
=======================================================
CrossAttn — training final model for 385 epochs on full CV set …
  [CrossAttn] Model weights saved → 연구코드/results/0605_2/stage0_1e-05_epoch500/model_2_2\raw128\global_zscore\M2_2_global_zscore_weights.pt

CrossAttn — Test Set (Overall):
  AUC: 0.7911  AUPRC: 0.3086  Brier: 0.2738  Acc: 0.6332  F1: 0.3333

CrossAttn — Test Set (By Sex):
  [M] n=82  AUC: 0.7436  AUPRC: 0.3515  Brier: 0.2984  Acc: 0.5854  F1: 0.3929
              precision    recall  f1-score   support

      Normal       0.95      0.54      0.69        69
  Sarcopenia       0.26      0.85      0.39        13

    accuracy                           0.59        82
   macro avg       0.60      0.69      0.54        82
weighted avg       0.84      0.59      0.64        82

  [F] n=147  AUC: 0.8128  AUPRC: 0.3073  Brier: 0.2601  Acc: 0.6599  F1: 0.2857
              precision    recall  f1-score   support

      Normal       0.99      0.64      0.78       136
  Sarcopenia       0.17      0.91      0.29        11

    accuracy                           0.66       147
   macro avg       0.58      0.77      0.53       147
weighted avg       0.93      0.66      0.74       147


───────────────────────────────────────────────────────
Test Set — Bootstrap CI
───────────────────────────────────────────────────────

  Bootstrap 95% CI — CrossAttn  (n_boot=2000)
  Metric         Estimate   95% CI Lower   95% CI Upper
  ----------------------------------------------------
  AUC-ROC          0.7911         0.7083         0.8611
  AUPRC            0.3086         0.1735         0.4854
  Brier            0.2738         0.2488         0.2982
  Accuracy         0.6332         0.5721         0.6987
  F1               0.3333         0.2222         0.4412
  [M2_2/global_zscore] Saving figures ...

Saved (model 2_2 (global_zscore, unmatched)):
  연구코드/results/0605_2/stage0_1e-05_epoch500/model_2_2\raw128\global_zscore/data_distribution.png
  연구코드/results/0605_2/stage0_1e-05_epoch500/model_2_2\raw128\global_zscore/cv_roc_curves.png
  연구코드/results/0605_2/stage0_1e-05_epoch500/model_2_2\raw128\global_zscore/cv_metric_distribution.png
  연구코드/results/0605_2/stage0_1e-05_epoch500/model_2_2\raw128\global_zscore/training_curves.png
  연구코드/results/0605_2/stage0_1e-05_epoch500/model_2_2\raw128\global_zscore/test_roc_curves.png
  연구코드/results/0605_2/stage0_1e-05_epoch500/model_2_2\raw128\global_zscore/test_roc_by_sex.png
  연구코드/results/0605_2/stage0_1e-05_epoch500/model_2_2\raw128\global_zscore/confusion_matrices.png
  연구코드/results/0605_2/stage0_1e-05_epoch500/model_2_2\raw128\global_zscore/calibration.png
  연구코드/results/0605_2/stage0_1e-05_epoch500/model_2_2\raw128\global_zscore/results.md
  [M2_2/global_zscore] Plotting attention maps ...
  연구코드/results/0605_2/stage0_1e-05_epoch500/model_2_2\raw128\global_zscore/attention_map_c2a.png
  연구코드/results/0605_2/stage0_1e-05_epoch500/model_2_2\raw128\global_zscore/attention_heatmap_c2a.png
  연구코드/results/0605_2/stage0_1e-05_epoch500/model_2_2\raw128\global_zscore/attention_map_a2c.png
  연구코드/results/0605_2/stage0_1e-05_epoch500/model_2_2\raw128\global_zscore/attention_heatmap_a2c.png
  [M2_2/global_zscore] Plotting Grad-CAM ...
  연구코드/results/0605_2/stage0_1e-05_epoch500/model_2_2\raw128\global_zscore/cam_aec_mean.png
  연구코드/results/0605_2/stage0_1e-05_epoch500/model_2_2\raw128\global_zscore/cam_aec_lines.png
  연구코드/results/0605_2/stage0_1e-05_epoch500/model_2_2\raw128\global_zscore/cam_aec_heatmap.png
  [M2_2/global_zscore] Done.
