============================================================
  MODEL 2 — Clinic + AEC (aec256)  (5 AEC variants)
============================================================

############################################################
  [M2 norm]  (scale_clinic=True, scale_aec=True)
############################################################
  [M2/norm] Cross-validating CrossAttn ...
=======================================================
5-Fold CV  [CrossAttn | scale_clin=True, scale_aec=True]
=======================================================

── Fold 1/5 ──────────────────────────────
  CA   — AUC: 0.8120  AUPRC: 0.3312  Brier: 0.1608  Acc: 0.7849  F1: 0.4286  (best ep=3, thresh=0.503)

── Fold 2/5 ──────────────────────────────
  CA   — AUC: 0.8151  AUPRC: 0.4026  Brier: 0.1510  Acc: 0.6344  F1: 0.3462  (best ep=7, thresh=0.259)

── Fold 3/5 ──────────────────────────────
  CA   — AUC: 0.8416  AUPRC: 0.3836  Brier: 0.1408  Acc: 0.7742  F1: 0.4615  (best ep=191, thresh=0.189)

── Fold 4/5 ──────────────────────────────
  CA   — AUC: 0.8470  AUPRC: 0.3868  Brier: 0.1724  Acc: 0.6720  F1: 0.3838  (best ep=3, thresh=0.391)

── Fold 5/5 ──────────────────────────────
  CA   — AUC: 0.7759  AUPRC: 0.3161  Brier: 0.1762  Acc: 0.6075  F1: 0.3178  (best ep=34, thresh=0.250)

===========================================================================
CrossAttn  —  5-Fold CV Summary
===========================================================================
  Fold      AUC-ROC      AUPRC      Brier   Accuracy         F1
  ----------------------------------------------------------
  1          0.8120     0.3312     0.1608     0.7849     0.4286
  2          0.8151     0.4026     0.1510     0.6344     0.3462
  3          0.8416     0.3836     0.1408     0.7742     0.4615
  4          0.8470     0.3868     0.1724     0.6720     0.3838
  5          0.7759     0.3161     0.1762     0.6075     0.3178
  ──────────────────────────────────────────────────────────
  Mean       0.8183     0.3640     0.1602     0.6946     0.3876
  ±Std       0.0253     0.0340     0.0131     0.0724     0.0525
  [M2/norm] Evaluating on test set (med_epoch=7, thresh=0.259) ...

=======================================================
CrossAttn Test Evaluation  (scale_clin=True, scale_aec=True, threshold=0.259)
=======================================================
CrossAttn — training final model for 7 epochs on full CV set …

CrossAttn — Test Set (Overall):
  AUC: 0.8269  AUPRC: 0.4151  Brier: 0.1966  Acc: 0.5193  F1: 0.3000

CrossAttn — Test Set (By Sex):
  [M] n=85  AUC: 0.8078  AUPRC: 0.4985  Brier: 0.2099  Acc: 0.5059  F1: 0.3824
              precision    recall  f1-score   support

      Normal       0.97      0.42      0.59        71
  Sarcopenia       0.24      0.93      0.38        14

    accuracy                           0.51        85
   macro avg       0.60      0.68      0.49        85
weighted avg       0.85      0.51      0.55        85

  [F] n=148  AUC: 0.8003  AUPRC: 0.3101  Brier: 0.1890  Acc: 0.5270  F1: 0.2391
              precision    recall  f1-score   support

      Normal       1.00      0.49      0.66       137
  Sarcopenia       0.14      1.00      0.24        11

    accuracy                           0.53       148
   macro avg       0.57      0.74      0.45       148
weighted avg       0.94      0.53      0.63       148


───────────────────────────────────────────────────────
Test Set — Bootstrap CI
───────────────────────────────────────────────────────

  Bootstrap 95% CI — CrossAttn  (n_boot=2000)
  Metric         Estimate   95% CI Lower   95% CI Upper
  ----------------------------------------------------
  AUC-ROC          0.8269         0.7446         0.9037
  AUPRC            0.4151         0.2483         0.6093
  Brier            0.1966         0.1711         0.2242
  Accuracy         0.5193         0.4549         0.5837
  F1               0.3000         0.2105         0.3944
  [M2/norm] Saving figures ...

Saved (model 2 (norm)):
  연구코드/results/0529/liver_pubis/model_2\aec256\norm/data_distribution.png
  연구코드/results/0529/liver_pubis/model_2\aec256\norm/cv_roc_curves.png
  연구코드/results/0529/liver_pubis/model_2\aec256\norm/cv_metric_distribution.png
  연구코드/results/0529/liver_pubis/model_2\aec256\norm/training_curves.png
  연구코드/results/0529/liver_pubis/model_2\aec256\norm/test_roc_curves.png
  연구코드/results/0529/liver_pubis/model_2\aec256\norm/test_roc_by_sex.png
  연구코드/results/0529/liver_pubis/model_2\aec256\norm/confusion_matrices.png
  연구코드/results/0529/liver_pubis/model_2\aec256\norm/calibration.png
  연구코드/results/0529/liver_pubis/model_2\aec256\norm/results.md
  [M2/norm] Plotting attention maps ...
  연구코드/results/0529/liver_pubis/model_2\aec256\norm/attention_map_c2a.png
  연구코드/results/0529/liver_pubis/model_2\aec256\norm/attention_heatmap_c2a.png
  연구코드/results/0529/liver_pubis/model_2\aec256\norm/attention_map_a2c.png
  연구코드/results/0529/liver_pubis/model_2\aec256\norm/attention_heatmap_a2c.png
  [M2/norm] Done.

############################################################
  [M2 excl_extreme]  (scale_clinic=True, scale_aec=True)
############################################################
  [M2/excl_extreme] Cross-validating CrossAttn ...
=======================================================
5-Fold CV  [CrossAttn | scale_clin=True, scale_aec=True]
=======================================================

── Fold 1/5 ──────────────────────────────
  CA   — AUC: 0.7841  AUPRC: 0.4184  Brier: 0.1938  Acc: 0.6429  F1: 0.3333  (best ep=30, thresh=0.215)

── Fold 2/5 ──────────────────────────────
  CA   — AUC: 0.7631  AUPRC: 0.3176  Brier: 0.2256  Acc: 0.7545  F1: 0.3881  (best ep=3, thresh=0.618)

── Fold 3/5 ──────────────────────────────
  CA   — AUC: 0.8976  AUPRC: 0.4981  Brier: 0.1248  Acc: 0.7784  F1: 0.4638  (best ep=19, thresh=0.443)

── Fold 4/5 ──────────────────────────────
  CA   — AUC: 0.8808  AUPRC: 0.5023  Brier: 0.1193  Acc: 0.7725  F1: 0.4412  (best ep=5, thresh=0.436)

── Fold 5/5 ──────────────────────────────
  CA   — AUC: 0.8176  AUPRC: 0.3607  Brier: 0.2177  Acc: 0.7246  F1: 0.3947  (best ep=3, thresh=0.611)

===========================================================================
CrossAttn  —  5-Fold CV Summary
===========================================================================
  Fold      AUC-ROC      AUPRC      Brier   Accuracy         F1
  ----------------------------------------------------------
  1          0.7841     0.4184     0.1938     0.6429     0.3333
  2          0.7631     0.3176     0.2256     0.7545     0.3881
  3          0.8976     0.4981     0.1248     0.7784     0.4638
  4          0.8808     0.5023     0.1193     0.7725     0.4412
  5          0.8176     0.3607     0.2177     0.7246     0.3947
  ──────────────────────────────────────────────────────────
  Mean       0.8287     0.4194     0.1762     0.7346     0.4042
  ±Std       0.0527     0.0733     0.0455     0.0495     0.0454
  [M2/excl_extreme] Evaluating on test set (med_epoch=5, thresh=0.443) ...

=======================================================
CrossAttn Test Evaluation  (scale_clin=True, scale_aec=True, threshold=0.443)
=======================================================
CrossAttn — training final model for 5 epochs on full CV set …

CrossAttn — Test Set (Overall):
  AUC: 0.8099  AUPRC: 0.4257  Brier: 0.2272  Acc: 0.6172  F1: 0.3103

CrossAttn — Test Set (By Sex):
  [M] n=72  AUC: 0.8376  AUPRC: 0.5516  Brier: 0.2128  Acc: 0.6667  F1: 0.4286
              precision    recall  f1-score   support

      Normal       0.95      0.64      0.76        61
  Sarcopenia       0.29      0.82      0.43        11

    accuracy                           0.67        72
   macro avg       0.62      0.73      0.60        72
weighted avg       0.85      0.67      0.71        72

  [F] n=137  AUC: 0.7843  AUPRC: 0.3437  Brier: 0.2347  Acc: 0.5912  F1: 0.2432
              precision    recall  f1-score   support

      Normal       0.97      0.57      0.72       126
  Sarcopenia       0.14      0.82      0.24        11

    accuracy                           0.59       137
   macro avg       0.56      0.69      0.48       137
weighted avg       0.91      0.59      0.68       137


───────────────────────────────────────────────────────
Test Set — Bootstrap CI
───────────────────────────────────────────────────────

  Bootstrap 95% CI — CrossAttn  (n_boot=2000)
  Metric         Estimate   95% CI Lower   95% CI Upper
  ----------------------------------------------------
  AUC-ROC          0.8099         0.7171         0.8890
  AUPRC            0.4257         0.2405         0.6144
  Brier            0.2272         0.1935         0.2638
  Accuracy         0.6172         0.5502         0.6794
  F1               0.3103         0.1982         0.4122
  [M2/excl_extreme] Saving figures ...

Saved (model 2 (excl_extreme)):
  연구코드/results/0529/liver_pubis/model_2\aec256\excl_extreme/data_distribution.png
  연구코드/results/0529/liver_pubis/model_2\aec256\excl_extreme/cv_roc_curves.png
  연구코드/results/0529/liver_pubis/model_2\aec256\excl_extreme/cv_metric_distribution.png
  연구코드/results/0529/liver_pubis/model_2\aec256\excl_extreme/training_curves.png
  연구코드/results/0529/liver_pubis/model_2\aec256\excl_extreme/test_roc_curves.png
  연구코드/results/0529/liver_pubis/model_2\aec256\excl_extreme/test_roc_by_sex.png
  연구코드/results/0529/liver_pubis/model_2\aec256\excl_extreme/confusion_matrices.png
  연구코드/results/0529/liver_pubis/model_2\aec256\excl_extreme/calibration.png
  연구코드/results/0529/liver_pubis/model_2\aec256\excl_extreme/results.md
  [M2/excl_extreme] Plotting attention maps ...
  연구코드/results/0529/liver_pubis/model_2\aec256\excl_extreme/attention_map_c2a.png
  연구코드/results/0529/liver_pubis/model_2\aec256\excl_extreme/attention_heatmap_c2a.png
  연구코드/results/0529/liver_pubis/model_2\aec256\excl_extreme/attention_map_a2c.png
  연구코드/results/0529/liver_pubis/model_2\aec256\excl_extreme/attention_heatmap_a2c.png
  [M2/excl_extreme] Done.

############################################################
  [M2 len128]  (scale_clinic=True, scale_aec=True)
############################################################
  [M2/len128] Cross-validating CrossAttn ...
=======================================================
5-Fold CV  [CrossAttn | scale_clin=True, scale_aec=True]
=======================================================

── Fold 1/5 ──────────────────────────────
  CA   — AUC: 0.8485  AUPRC: 0.4123  Brier: 0.1547  Acc: 0.7796  F1: 0.4533  (best ep=3, thresh=0.513)

── Fold 2/5 ──────────────────────────────
  CA   — AUC: 0.8054  AUPRC: 0.3978  Brier: 0.2484  Acc: 0.7527  F1: 0.4103  (best ep=6, thresh=0.739)

── Fold 3/5 ──────────────────────────────
  CA   — AUC: 0.8117  AUPRC: 0.5157  Brier: 0.1768  Acc: 0.6613  F1: 0.3636  (best ep=107, thresh=0.229)

── Fold 4/5 ──────────────────────────────
  CA   — AUC: 0.9003  AUPRC: 0.5127  Brier: 0.2258  Acc: 0.7849  F1: 0.4872  (best ep=8, thresh=0.677)

── Fold 5/5 ──────────────────────────────
  CA   — AUC: 0.7822  AUPRC: 0.3427  Brier: 0.1839  Acc: 0.7258  F1: 0.3855  (best ep=54, thresh=0.508)

===========================================================================
CrossAttn  —  5-Fold CV Summary
===========================================================================
  Fold      AUC-ROC      AUPRC      Brier   Accuracy         F1
  ----------------------------------------------------------
  1          0.8485     0.4123     0.1547     0.7796     0.4533
  2          0.8054     0.3978     0.2484     0.7527     0.4103
  3          0.8117     0.5157     0.1768     0.6613     0.3636
  4          0.9003     0.5127     0.2258     0.7849     0.4872
  5          0.7822     0.3427     0.1839     0.7258     0.3855
  ──────────────────────────────────────────────────────────
  Mean       0.8296     0.4363     0.1979     0.7409     0.4200
  ±Std       0.0412     0.0678     0.0342     0.0450     0.0449
  [M2/len128] Evaluating on test set (med_epoch=8, thresh=0.513) ...

=======================================================
CrossAttn Test Evaluation  (scale_clin=True, scale_aec=True, threshold=0.513)
=======================================================
CrossAttn — training final model for 8 epochs on full CV set …

CrossAttn — Test Set (Overall):
  AUC: 0.8075  AUPRC: 0.4064  Brier: 0.1825  Acc: 0.7253  F1: 0.3846

CrossAttn — Test Set (By Sex):
  [M] n=85  AUC: 0.8109  AUPRC: 0.4976  Brier: 0.2236  Acc: 0.6471  F1: 0.4444
              precision    recall  f1-score   support

      Normal       0.96      0.61      0.74        71
  Sarcopenia       0.30      0.86      0.44        14

    accuracy                           0.65        85
   macro avg       0.63      0.73      0.59        85
weighted avg       0.85      0.65      0.69        85

  [F] n=148  AUC: 0.7717  AUPRC: 0.3273  Brier: 0.1589  Acc: 0.7703  F1: 0.3200
              precision    recall  f1-score   support

      Normal       0.97      0.77      0.86       137
  Sarcopenia       0.21      0.73      0.32        11

    accuracy                           0.77       148
   macro avg       0.59      0.75      0.59       148
weighted avg       0.92      0.77      0.82       148


───────────────────────────────────────────────────────
Test Set — Bootstrap CI
───────────────────────────────────────────────────────

  Bootstrap 95% CI — CrossAttn  (n_boot=2000)
  Metric         Estimate   95% CI Lower   95% CI Upper
  ----------------------------------------------------
  AUC-ROC          0.8075         0.7194         0.8901
  AUPRC            0.4064         0.2375         0.6043
  Brier            0.1825         0.1535         0.2118
  Accuracy         0.7253         0.6695         0.7854
  F1               0.3846         0.2667         0.5082
  [M2/len128] Saving figures ...

Saved (model 2 (len128)):
  연구코드/results/0529/liver_pubis/model_2\aec256\len128/data_distribution.png
  연구코드/results/0529/liver_pubis/model_2\aec256\len128/cv_roc_curves.png
  연구코드/results/0529/liver_pubis/model_2\aec256\len128/cv_metric_distribution.png
  연구코드/results/0529/liver_pubis/model_2\aec256\len128/training_curves.png
  연구코드/results/0529/liver_pubis/model_2\aec256\len128/test_roc_curves.png
  연구코드/results/0529/liver_pubis/model_2\aec256\len128/test_roc_by_sex.png
  연구코드/results/0529/liver_pubis/model_2\aec256\len128/confusion_matrices.png
  연구코드/results/0529/liver_pubis/model_2\aec256\len128/calibration.png
  연구코드/results/0529/liver_pubis/model_2\aec256\len128/results.md
  [M2/len128] Plotting attention maps ...
  연구코드/results/0529/liver_pubis/model_2\aec256\len128/attention_map_c2a.png
  연구코드/results/0529/liver_pubis/model_2\aec256\len128/attention_heatmap_c2a.png
  연구코드/results/0529/liver_pubis/model_2\aec256\len128/attention_map_a2c.png
  연구코드/results/0529/liver_pubis/model_2\aec256\len128/attention_heatmap_a2c.png
  [M2/len128] Done.

############################################################
  [M2 crop80]  (scale_clinic=True, scale_aec=True)
############################################################
  [M2/crop80] Cross-validating CrossAttn ...
=======================================================
5-Fold CV  [CrossAttn | scale_clin=True, scale_aec=True]
=======================================================

── Fold 1/5 ──────────────────────────────
  CA   — AUC: 0.8352  AUPRC: 0.3818  Brier: 0.1117  Acc: 0.7957  F1: 0.4722  (best ep=37, thresh=0.373)

── Fold 2/5 ──────────────────────────────
  CA   — AUC: 0.7982  AUPRC: 0.4009  Brier: 0.2169  Acc: 0.6398  F1: 0.3495  (best ep=7, thresh=0.416)

── Fold 3/5 ──────────────────────────────
  CA   — AUC: 0.8154  AUPRC: 0.3842  Brier: 0.1589  Acc: 0.7151  F1: 0.3908  (best ep=6, thresh=0.482)

── Fold 4/5 ──────────────────────────────
  CA   — AUC: 0.9003  AUPRC: 0.5396  Brier: 0.2021  Acc: 0.8172  F1: 0.5143  (best ep=10, thresh=0.629)

── Fold 5/5 ──────────────────────────────
  CA   — AUC: 0.7756  AUPRC: 0.3081  Brier: 0.2252  Acc: 0.7204  F1: 0.3810  (best ep=36, thresh=0.619)

===========================================================================
CrossAttn  —  5-Fold CV Summary
===========================================================================
  Fold      AUC-ROC      AUPRC      Brier   Accuracy         F1
  ----------------------------------------------------------
  1          0.8352     0.3818     0.1117     0.7957     0.4722
  2          0.7982     0.4009     0.2169     0.6398     0.3495
  3          0.8154     0.3842     0.1589     0.7151     0.3908
  4          0.9003     0.5396     0.2021     0.8172     0.5143
  5          0.7756     0.3081     0.2252     0.7204     0.3810
  ──────────────────────────────────────────────────────────
  Mean       0.8249     0.4029     0.1830     0.7376     0.4216
  ±Std       0.0425     0.0755     0.0423     0.0634     0.0616
  [M2/crop80] Evaluating on test set (med_epoch=10, thresh=0.482) ...

=======================================================
CrossAttn Test Evaluation  (scale_clin=True, scale_aec=True, threshold=0.482)
=======================================================
CrossAttn — training final model for 10 epochs on full CV set …

CrossAttn — Test Set (Overall):
  AUC: 0.8133  AUPRC: 0.3956  Brier: 0.2106  Acc: 0.6567  F1: 0.3443

CrossAttn — Test Set (By Sex):
  [M] n=85  AUC: 0.8119  AUPRC: 0.5252  Brier: 0.2383  Acc: 0.6118  F1: 0.4211
              precision    recall  f1-score   support

      Normal       0.95      0.56      0.71        71
  Sarcopenia       0.28      0.86      0.42        14

    accuracy                           0.61        85
   macro avg       0.62      0.71      0.56        85
weighted avg       0.84      0.61      0.66        85

  [F] n=148  AUC: 0.7943  AUPRC: 0.2374  Brier: 0.1947  Acc: 0.6824  F1: 0.2769
              precision    recall  f1-score   support

      Normal       0.98      0.67      0.80       137
  Sarcopenia       0.17      0.82      0.28        11

    accuracy                           0.68       148
   macro avg       0.57      0.74      0.54       148
weighted avg       0.92      0.68      0.76       148


───────────────────────────────────────────────────────
Test Set — Bootstrap CI
───────────────────────────────────────────────────────

  Bootstrap 95% CI — CrossAttn  (n_boot=2000)
  Metric         Estimate   95% CI Lower   95% CI Upper
  ----------------------------------------------------
  AUC-ROC          0.8133         0.7307         0.8913
  AUPRC            0.3956         0.2359         0.5893
  Brier            0.2106         0.1800         0.2418
  Accuracy         0.6567         0.5966         0.7167
  F1               0.3443         0.2385         0.4526
  [M2/crop80] Saving figures ...

Saved (model 2 (crop80)):
  연구코드/results/0529/liver_pubis/model_2\aec256\crop80/data_distribution.png
  연구코드/results/0529/liver_pubis/model_2\aec256\crop80/cv_roc_curves.png
  연구코드/results/0529/liver_pubis/model_2\aec256\crop80/cv_metric_distribution.png
  연구코드/results/0529/liver_pubis/model_2\aec256\crop80/training_curves.png
  연구코드/results/0529/liver_pubis/model_2\aec256\crop80/test_roc_curves.png
  연구코드/results/0529/liver_pubis/model_2\aec256\crop80/test_roc_by_sex.png
  연구코드/results/0529/liver_pubis/model_2\aec256\crop80/confusion_matrices.png
  연구코드/results/0529/liver_pubis/model_2\aec256\crop80/calibration.png
  연구코드/results/0529/liver_pubis/model_2\aec256\crop80/results.md
  [M2/crop80] Plotting attention maps ...
  연구코드/results/0529/liver_pubis/model_2\aec256\crop80/attention_map_c2a.png
  연구코드/results/0529/liver_pubis/model_2\aec256\crop80/attention_heatmap_c2a.png
  연구코드/results/0529/liver_pubis/model_2\aec256\crop80/attention_map_a2c.png
  연구코드/results/0529/liver_pubis/model_2\aec256\crop80/attention_heatmap_a2c.png
  [M2/crop80] Done.

############################################################
  [M2 crop60]  (scale_clinic=True, scale_aec=True)
############################################################
  [M2/crop60] Cross-validating CrossAttn ...
=======================================================
5-Fold CV  [CrossAttn | scale_clin=True, scale_aec=True]
=======================================================

── Fold 1/5 ──────────────────────────────
  CA   — AUC: 0.8352  AUPRC: 0.4404  Brier: 0.1367  Acc: 0.7688  F1: 0.4267  (best ep=45, thresh=0.438)

── Fold 2/5 ──────────────────────────────
  CA   — AUC: 0.8127  AUPRC: 0.4123  Brier: 0.2137  Acc: 0.7688  F1: 0.4267  (best ep=14, thresh=0.647)

── Fold 3/5 ──────────────────────────────
  CA   — AUC: 0.8307  AUPRC: 0.4884  Brier: 0.1510  Acc: 0.7957  F1: 0.4571  (best ep=91, thresh=0.572)

── Fold 4/5 ──────────────────────────────
  CA   — AUC: 0.8792  AUPRC: 0.4658  Brier: 0.1803  Acc: 0.8602  F1: 0.5357  (best ep=7, thresh=0.699)

── Fold 5/5 ──────────────────────────────
  CA   — AUC: 0.7718  AUPRC: 0.3056  Brier: 0.2074  Acc: 0.7957  F1: 0.4412  (best ep=8, thresh=0.647)

===========================================================================
CrossAttn  —  5-Fold CV Summary
===========================================================================
  Fold      AUC-ROC      AUPRC      Brier   Accuracy         F1
  ----------------------------------------------------------
  1          0.8352     0.4404     0.1367     0.7688     0.4267
  2          0.8127     0.4123     0.2137     0.7688     0.4267
  3          0.8307     0.4884     0.1510     0.7957     0.4571
  4          0.8792     0.4658     0.1803     0.8602     0.5357
  5          0.7718     0.3056     0.2074     0.7957     0.4412
  ──────────────────────────────────────────────────────────
  Mean       0.8259     0.4225     0.1778     0.7978     0.4575
  ±Std       0.0348     0.0637     0.0302     0.0334     0.0407
  [M2/crop60] Evaluating on test set (med_epoch=14, thresh=0.647) ...

=======================================================
CrossAttn Test Evaluation  (scale_clin=True, scale_aec=True, threshold=0.647)
=======================================================
CrossAttn — training final model for 14 epochs on full CV set …

CrossAttn — Test Set (Overall):
  AUC: 0.7919  AUPRC: 0.3725  Brier: 0.2007  Acc: 0.7597  F1: 0.3778

CrossAttn — Test Set (By Sex):
  [M] n=85  AUC: 0.7978  AUPRC: 0.4673  Brier: 0.2503  Acc: 0.7059  F1: 0.4898
              precision    recall  f1-score   support

      Normal       0.96      0.68      0.79        71
  Sarcopenia       0.34      0.86      0.49        14

    accuracy                           0.71        85
   macro avg       0.65      0.77      0.64        85
weighted avg       0.86      0.71      0.74        85

  [F] n=148  AUC: 0.7525  AUPRC: 0.3007  Brier: 0.1722  Acc: 0.7905  F1: 0.2439
              precision    recall  f1-score   support

      Normal       0.95      0.82      0.88       137
  Sarcopenia       0.17      0.45      0.24        11

    accuracy                           0.79       148
   macro avg       0.56      0.64      0.56       148
weighted avg       0.89      0.79      0.83       148


───────────────────────────────────────────────────────
Test Set — Bootstrap CI
───────────────────────────────────────────────────────

  Bootstrap 95% CI — CrossAttn  (n_boot=2000)
  Metric         Estimate   95% CI Lower   95% CI Upper
  ----------------------------------------------------
  AUC-ROC          0.7919         0.6858         0.8808
  AUPRC            0.3725         0.2194         0.5751
  Brier            0.2007         0.1661         0.2342
  Accuracy         0.7597         0.7039         0.8155
  F1               0.3778         0.2474         0.5053
  [M2/crop60] Saving figures ...

Saved (model 2 (crop60)):
  연구코드/results/0529/liver_pubis/model_2\aec256\crop60/data_distribution.png
  연구코드/results/0529/liver_pubis/model_2\aec256\crop60/cv_roc_curves.png
  연구코드/results/0529/liver_pubis/model_2\aec256\crop60/cv_metric_distribution.png
  연구코드/results/0529/liver_pubis/model_2\aec256\crop60/training_curves.png
  연구코드/results/0529/liver_pubis/model_2\aec256\crop60/test_roc_curves.png
  연구코드/results/0529/liver_pubis/model_2\aec256\crop60/test_roc_by_sex.png
  연구코드/results/0529/liver_pubis/model_2\aec256\crop60/confusion_matrices.png
  연구코드/results/0529/liver_pubis/model_2\aec256\crop60/calibration.png
  연구코드/results/0529/liver_pubis/model_2\aec256\crop60/results.md
  [M2/crop60] Plotting attention maps ...
  연구코드/results/0529/liver_pubis/model_2\aec256\crop60/attention_map_c2a.png
  연구코드/results/0529/liver_pubis/model_2\aec256\crop60/attention_heatmap_c2a.png
  연구코드/results/0529/liver_pubis/model_2\aec256\crop60/attention_map_a2c.png
  연구코드/results/0529/liver_pubis/model_2\aec256\crop60/attention_heatmap_a2c.png
  [M2/crop60] Done.
