============================================================
  MODEL 3 — Clinic + Scanner + AEC (aec256, FocalLoss)  (5 AEC variants × 1 cases)
============================================================

############################################################
  [M3 len256] CASE : scale_clinic  (scale_clinic=True, loss=focal)
############################################################
  [M3/focal/len256/scale_clinic] Cross-validating CrossAttn3 ...
=================================================================
5-Fold CV  [CrossAttn3 | scale_clin=True, scale_aec=False]
=================================================================

── Fold 1/5 ──────────────────────────────
  CA3  — AUC: 0.7944  AUPRC: 0.3204  Brier: 0.1442  Acc: 0.7536  F1: 0.4516  (best ep=45, thresh=0.470)

── Fold 2/5 ──────────────────────────────
  CA3  — AUC: 0.8474  AUPRC: 0.4449  Brier: 0.1860  Acc: 0.7174  F1: 0.4507  (best ep=10, thresh=0.488)

── Fold 3/5 ──────────────────────────────
  CA3  — AUC: 0.8171  AUPRC: 0.4035  Brier: 0.1530  Acc: 0.7591  F1: 0.4590  (best ep=9, thresh=0.457)

── Fold 4/5 ──────────────────────────────
  CA3  — AUC: 0.8115  AUPRC: 0.5074  Brier: 0.1923  Acc: 0.6642  F1: 0.3784  (best ep=2, thresh=0.459)

── Fold 5/5 ──────────────────────────────
  CA3  — AUC: 0.8110  AUPRC: 0.4256  Brier: 0.1569  Acc: 0.6204  F1: 0.3659  (best ep=87, thresh=0.344)

===========================================================================
CrossAttn3  —  5-Fold CV Summary
===========================================================================
  Fold      AUC-ROC      AUPRC      Brier   Accuracy         F1
  ----------------------------------------------------------
  1          0.7944     0.3204     0.1442     0.7536     0.4516
  2          0.8474     0.4449     0.1860     0.7174     0.4507
  3          0.8171     0.4035     0.1530     0.7591     0.4590
  4          0.8115     0.5074     0.1923     0.6642     0.3784
  5          0.8110     0.4256     0.1569     0.6204     0.3659
  ──────────────────────────────────────────────────────────
  Mean       0.8163     0.4204     0.1665     0.7030     0.4211
  ±Std       0.0173     0.0608     0.0191     0.0534     0.0403
  [M3/focal/len256/scale_clinic] Evaluating on test set (med_epoch=10, thresh=0.459) ...

=================================================================
CrossAttn3 Test Evaluation  (scale_clin=True, scale_aec=False, threshold=0.459)
=================================================================
CrossAttn3 — training final model for 10 epochs on full CV set …

CrossAttn3 — Test Set (Overall):
  AUC: 0.8329  AUPRC: 0.4106  Brier: 0.1981  Acc: 0.6163  F1: 0.3774

CrossAttn3 — Test Set (By Sex):
  [M] n=71  AUC: 0.8652  AUPRC: 0.5559  Brier: 0.2082  Acc: 0.5775  F1: 0.4231
              precision    recall  f1-score   support

      Normal       1.00      0.50      0.67        60
  Sarcopenia       0.27      1.00      0.42        11

    accuracy                           0.58        71
   macro avg       0.63      0.75      0.54        71
weighted avg       0.89      0.58      0.63        71

  [F] n=101  AUC: 0.7923  AUPRC: 0.3112  Brier: 0.1910  Acc: 0.6436  F1: 0.3333
              precision    recall  f1-score   support

      Normal       0.98      0.62      0.76        91
  Sarcopenia       0.20      0.90      0.33        10

    accuracy                           0.64       101
   macro avg       0.59      0.76      0.55       101
weighted avg       0.91      0.64      0.71       101


───────────────────────────────────────────────────────
Test Set — Bootstrap CI
───────────────────────────────────────────────────────

  Bootstrap 95% CI — CrossAttn3  (n_boot=2000)
  Metric         Estimate   95% CI Lower   95% CI Upper
  ----------------------------------------------------
  AUC-ROC          0.8329         0.7352         0.9135
  AUPRC            0.4106         0.2446         0.6380
  Brier            0.1981         0.1822         0.2130
  Accuracy         0.6163         0.5407         0.6919
  F1               0.3774         0.2529         0.4906
  [M3/focal/len256/scale_clinic] Saving figures ...

Saved (model 3 (len256, focal)):
  연구코드/results/ok/model_3\focal\aec256\len256/data_distribution.png
  연구코드/results/ok/model_3\focal\aec256\len256/cv_roc_curves.png
  연구코드/results/ok/model_3\focal\aec256\len256/cv_metric_distribution.png
  연구코드/results/ok/model_3\focal\aec256\len256/training_curves.png
  연구코드/results/ok/model_3\focal\aec256\len256/test_roc_curves.png
  연구코드/results/ok/model_3\focal\aec256\len256/test_roc_by_sex.png
  연구코드/results/ok/model_3\focal\aec256\len256/confusion_matrices.png
  연구코드/results/ok/model_3\focal\aec256\len256/calibration.png
  연구코드/results/ok/model_3\focal\aec256\len256/results.md
  [M3/focal/len256/scale_clinic] Plotting attention maps ...
  연구코드/results/ok/model_3\focal\aec256\len256/attention_map_c2a.png
  연구코드/results/ok/model_3\focal\aec256\len256/attention_heatmap.png
  [M3/focal/len256/scale_clinic] Done.

############################################################
  [M3 crop80] CASE : scale_clinic  (scale_clinic=True, loss=focal)
############################################################
  [M3/focal/crop80/scale_clinic] Cross-validating CrossAttn3 ...
=================================================================
5-Fold CV  [CrossAttn3 | scale_clin=True, scale_aec=False]
=================================================================

── Fold 1/5 ──────────────────────────────
  CA3  — AUC: 0.7735  AUPRC: 0.3348  Brier: 0.1682  Acc: 0.7681  F1: 0.4483  (best ep=13, thresh=0.485)

── Fold 2/5 ──────────────────────────────
  CA3  — AUC: 0.8284  AUPRC: 0.4365  Brier: 0.1681  Acc: 0.7826  F1: 0.4828  (best ep=7, thresh=0.492)

── Fold 3/5 ──────────────────────────────
  CA3  — AUC: 0.8270  AUPRC: 0.3784  Brier: 0.2081  Acc: 0.7445  F1: 0.4615  (best ep=5, thresh=0.547)

── Fold 4/5 ──────────────────────────────
  CA3  — AUC: 0.8094  AUPRC: 0.4801  Brier: 0.2261  Acc: 0.6423  F1: 0.3797  (best ep=3, thresh=0.496)

── Fold 5/5 ──────────────────────────────
  CA3  — AUC: 0.7955  AUPRC: 0.2712  Brier: 0.2192  Acc: 0.7591  F1: 0.4407  (best ep=5, thresh=0.558)

===========================================================================
CrossAttn3  —  5-Fold CV Summary
===========================================================================
  Fold      AUC-ROC      AUPRC      Brier   Accuracy         F1
  ----------------------------------------------------------
  1          0.7735     0.3348     0.1682     0.7681     0.4483
  2          0.8284     0.4365     0.1681     0.7826     0.4828
  3          0.8270     0.3784     0.2081     0.7445     0.4615
  4          0.8094     0.4801     0.2261     0.6423     0.3797
  5          0.7955     0.2712     0.2192     0.7591     0.4407
  ──────────────────────────────────────────────────────────
  Mean       0.8067     0.3802     0.1979     0.7393     0.4426
  ±Std       0.0206     0.0736     0.0250     0.0501     0.0345
  [M3/focal/crop80/scale_clinic] Evaluating on test set (med_epoch=5, thresh=0.496) ...

=================================================================
CrossAttn3 Test Evaluation  (scale_clin=True, scale_aec=False, threshold=0.496)
=================================================================
CrossAttn3 — training final model for 5 epochs on full CV set …

CrossAttn3 — Test Set (Overall):
  AUC: 0.8133  AUPRC: 0.4270  Brier: 0.2123  Acc: 0.6105  F1: 0.3495

CrossAttn3 — Test Set (By Sex):
  [M] n=71  AUC: 0.8182  AUPRC: 0.5702  Brier: 0.2165  Acc: 0.5775  F1: 0.4000
              precision    recall  f1-score   support

      Normal       0.97      0.52      0.67        60
  Sarcopenia       0.26      0.91      0.40        11

    accuracy                           0.58        71
   macro avg       0.61      0.71      0.54        71
weighted avg       0.86      0.58      0.63        71

  [F] n=101  AUC: 0.8088  AUPRC: 0.3496  Brier: 0.2093  Acc: 0.6337  F1: 0.3019
              precision    recall  f1-score   support

      Normal       0.97      0.62      0.75        91
  Sarcopenia       0.19      0.80      0.30        10

    accuracy                           0.63       101
   macro avg       0.58      0.71      0.53       101
weighted avg       0.89      0.63      0.71       101


───────────────────────────────────────────────────────
Test Set — Bootstrap CI
───────────────────────────────────────────────────────

  Bootstrap 95% CI — CrossAttn3  (n_boot=2000)
  Metric         Estimate   95% CI Lower   95% CI Upper
  ----------------------------------------------------
  AUC-ROC          0.8133         0.7221         0.8960
  AUPRC            0.4270         0.2426         0.6489
  Brier            0.2123         0.1961         0.2290
  Accuracy         0.6105         0.5347         0.6802
  F1               0.3495         0.2268         0.4655
  [M3/focal/crop80/scale_clinic] Saving figures ...

Saved (model 3 (crop80, focal)):
  연구코드/results/ok/model_3\focal\aec256\crop80/data_distribution.png
  연구코드/results/ok/model_3\focal\aec256\crop80/cv_roc_curves.png
  연구코드/results/ok/model_3\focal\aec256\crop80/cv_metric_distribution.png
  연구코드/results/ok/model_3\focal\aec256\crop80/training_curves.png
  연구코드/results/ok/model_3\focal\aec256\crop80/test_roc_curves.png
  연구코드/results/ok/model_3\focal\aec256\crop80/test_roc_by_sex.png
  연구코드/results/ok/model_3\focal\aec256\crop80/confusion_matrices.png
  연구코드/results/ok/model_3\focal\aec256\crop80/calibration.png
  연구코드/results/ok/model_3\focal\aec256\crop80/results.md
  [M3/focal/crop80/scale_clinic] Plotting attention maps ...
  연구코드/results/ok/model_3\focal\aec256\crop80/attention_map_c2a.png
  연구코드/results/ok/model_3\focal\aec256\crop80/attention_heatmap.png
  [M3/focal/crop80/scale_clinic] Done.

############################################################
  [M3 crop60] CASE : scale_clinic  (scale_clinic=True, loss=focal)
############################################################
  [M3/focal/crop60/scale_clinic] Cross-validating CrossAttn3 ...
=================================================================
5-Fold CV  [CrossAttn3 | scale_clin=True, scale_aec=False]
=================================================================

── Fold 1/5 ──────────────────────────────
  CA3  — AUC: 0.7764  AUPRC: 0.3337  Brier: 0.1750  Acc: 0.7609  F1: 0.4590  (best ep=10, thresh=0.470)

── Fold 2/5 ──────────────────────────────
  CA3  — AUC: 0.8143  AUPRC: 0.3822  Brier: 0.1759  Acc: 0.7029  F1: 0.4384  (best ep=4, thresh=0.425)

── Fold 3/5 ──────────────────────────────
  CA3  — AUC: 0.8306  AUPRC: 0.4221  Brier: 0.1994  Acc: 0.7153  F1: 0.4348  (best ep=24, thresh=0.549)

── Fold 4/5 ──────────────────────────────
  CA3  — AUC: 0.8068  AUPRC: 0.5051  Brier: 0.2100  Acc: 0.8321  F1: 0.5106  (best ep=13, thresh=0.607)

── Fold 5/5 ──────────────────────────────
  CA3  — AUC: 0.7867  AUPRC: 0.2989  Brier: 0.2590  Acc: 0.7737  F1: 0.4364  (best ep=3, thresh=0.597)

===========================================================================
CrossAttn3  —  5-Fold CV Summary
===========================================================================
  Fold      AUC-ROC      AUPRC      Brier   Accuracy         F1
  ----------------------------------------------------------
  1          0.7764     0.3337     0.1750     0.7609     0.4590
  2          0.8143     0.3822     0.1759     0.7029     0.4384
  3          0.8306     0.4221     0.1994     0.7153     0.4348
  4          0.8068     0.5051     0.2100     0.8321     0.5106
  5          0.7867     0.2989     0.2590     0.7737     0.4364
  ──────────────────────────────────────────────────────────
  Mean       0.8029     0.3884     0.2039     0.7570     0.4558
  ±Std       0.0194     0.0718     0.0307     0.0460     0.0288
  [M3/focal/crop60/scale_clinic] Evaluating on test set (med_epoch=10, thresh=0.549) ...

=================================================================
CrossAttn3 Test Evaluation  (scale_clin=True, scale_aec=False, threshold=0.549)
=================================================================
CrossAttn3 — training final model for 10 epochs on full CV set …

CrossAttn3 — Test Set (Overall):
  AUC: 0.8638  AUPRC: 0.5098  Brier: 0.2084  Acc: 0.6744  F1: 0.4043

CrossAttn3 — Test Set (By Sex):
  [M] n=71  AUC: 0.8697  AUPRC: 0.6024  Brier: 0.2200  Acc: 0.6479  F1: 0.4444
              precision    recall  f1-score   support

      Normal       0.97      0.60      0.74        60
  Sarcopenia       0.29      0.91      0.44        11

    accuracy                           0.65        71
   macro avg       0.63      0.75      0.59        71
weighted avg       0.87      0.65      0.70        71

  [F] n=101  AUC: 0.8582  AUPRC: 0.4231  Brier: 0.2003  Acc: 0.6931  F1: 0.3673
              precision    recall  f1-score   support

      Normal       0.98      0.67      0.80        91
  Sarcopenia       0.23      0.90      0.37        10

    accuracy                           0.69       101
   macro avg       0.61      0.79      0.58       101
weighted avg       0.91      0.69      0.75       101


───────────────────────────────────────────────────────
Test Set — Bootstrap CI
───────────────────────────────────────────────────────

  Bootstrap 95% CI — CrossAttn3  (n_boot=2000)
  Metric         Estimate   95% CI Lower   95% CI Upper
  ----------------------------------------------------
  AUC-ROC          0.8638         0.7836         0.9334
  AUPRC            0.5098         0.3164         0.7373
  Brier            0.2084         0.1838         0.2317
  Accuracy         0.6744         0.6047         0.7442
  F1               0.4043         0.2716         0.5283
  [M3/focal/crop60/scale_clinic] Saving figures ...

Saved (model 3 (crop60, focal)):
  연구코드/results/ok/model_3\focal\aec256\crop60/data_distribution.png
  연구코드/results/ok/model_3\focal\aec256\crop60/cv_roc_curves.png
  연구코드/results/ok/model_3\focal\aec256\crop60/cv_metric_distribution.png
  연구코드/results/ok/model_3\focal\aec256\crop60/training_curves.png
  연구코드/results/ok/model_3\focal\aec256\crop60/test_roc_curves.png
  연구코드/results/ok/model_3\focal\aec256\crop60/test_roc_by_sex.png
  연구코드/results/ok/model_3\focal\aec256\crop60/confusion_matrices.png
  연구코드/results/ok/model_3\focal\aec256\crop60/calibration.png
  연구코드/results/ok/model_3\focal\aec256\crop60/results.md
  [M3/focal/crop60/scale_clinic] Plotting attention maps ...
  연구코드/results/ok/model_3\focal\aec256\crop60/attention_map_c2a.png
  연구코드/results/ok/model_3\focal\aec256\crop60/attention_heatmap.png
  [M3/focal/crop60/scale_clinic] Done.

############################################################
  [M3 norm] CASE : scale_clinic  (scale_clinic=True, loss=focal)
############################################################
  [M3/focal/norm/scale_clinic] Cross-validating CrossAttn3 ...
=================================================================
5-Fold CV  [CrossAttn3 | scale_clin=True, scale_aec=False]
=================================================================

── Fold 1/5 ──────────────────────────────
  CA3  — AUC: 0.7982  AUPRC: 0.3596  Brier: 0.1086  Acc: 0.7899  F1: 0.4727  (best ep=112, thresh=0.301)

── Fold 2/5 ──────────────────────────────
  CA3  — AUC: 0.8007  AUPRC: 0.4033  Brier: 0.1935  Acc: 0.8043  F1: 0.4906  (best ep=3, thresh=0.504)

── Fold 3/5 ──────────────────────────────
  CA3  — AUC: 0.8373  AUPRC: 0.4584  Brier: 0.1879  Acc: 0.7591  F1: 0.4590  (best ep=7, thresh=0.519)

── Fold 4/5 ──────────────────────────────
  CA3  — AUC: 0.8197  AUPRC: 0.5774  Brier: 0.1924  Acc: 0.8321  F1: 0.5106  (best ep=14, thresh=0.542)

── Fold 5/5 ──────────────────────────────
  CA3  — AUC: 0.8089  AUPRC: 0.3177  Brier: 0.2378  Acc: 0.6642  F1: 0.3947  (best ep=12, thresh=0.549)

===========================================================================
CrossAttn3  —  5-Fold CV Summary
===========================================================================
  Fold      AUC-ROC      AUPRC      Brier   Accuracy         F1
  ----------------------------------------------------------
  1          0.7982     0.3596     0.1086     0.7899     0.4727
  2          0.8007     0.4033     0.1935     0.8043     0.4906
  3          0.8373     0.4584     0.1879     0.7591     0.4590
  4          0.8197     0.5774     0.1924     0.8321     0.5106
  5          0.8089     0.3177     0.2378     0.6642     0.3947
  ──────────────────────────────────────────────────────────
  Mean       0.8130     0.4233     0.1840     0.7699     0.4655
  ±Std       0.0143     0.0901     0.0418     0.0579     0.0394
  [M3/focal/norm/scale_clinic] Evaluating on test set (med_epoch=12, thresh=0.519) ...

=================================================================
CrossAttn3 Test Evaluation  (scale_clin=True, scale_aec=False, threshold=0.519)
=================================================================
CrossAttn3 — training final model for 12 epochs on full CV set …

CrossAttn3 — Test Set (Overall):
  AUC: 0.8641  AUPRC: 0.4841  Brier: 0.1805  Acc: 0.7616  F1: 0.4384

CrossAttn3 — Test Set (By Sex):
  [M] n=71  AUC: 0.8682  AUPRC: 0.5437  Brier: 0.2070  Acc: 0.6479  F1: 0.4444
              precision    recall  f1-score   support

      Normal       0.97      0.60      0.74        60
  Sarcopenia       0.29      0.91      0.44        11

    accuracy                           0.65        71
   macro avg       0.63      0.75      0.59        71
weighted avg       0.87      0.65      0.70        71

  [F] n=101  AUC: 0.8582  AUPRC: 0.4543  Brier: 0.1618  Acc: 0.8416  F1: 0.4286
              precision    recall  f1-score   support

      Normal       0.95      0.87      0.91        91
  Sarcopenia       0.33      0.60      0.43        10

    accuracy                           0.84       101
   macro avg       0.64      0.73      0.67       101
weighted avg       0.89      0.84      0.86       101


───────────────────────────────────────────────────────
Test Set — Bootstrap CI
───────────────────────────────────────────────────────

  Bootstrap 95% CI — CrossAttn3  (n_boot=2000)
  Metric         Estimate   95% CI Lower   95% CI Upper
  ----------------------------------------------------
  AUC-ROC          0.8641         0.7802         0.9299
  AUPRC            0.4841         0.3021         0.6923
  Brier            0.1805         0.1637         0.1970
  Accuracy         0.7616         0.6977         0.8256
  F1               0.4384         0.2857         0.5750
  [M3/focal/norm/scale_clinic] Saving figures ...

Saved (model 3 (norm, focal)):
  연구코드/results/ok/model_3\focal\aec256\norm/data_distribution.png
  연구코드/results/ok/model_3\focal\aec256\norm/cv_roc_curves.png
  연구코드/results/ok/model_3\focal\aec256\norm/cv_metric_distribution.png
  연구코드/results/ok/model_3\focal\aec256\norm/training_curves.png
  연구코드/results/ok/model_3\focal\aec256\norm/test_roc_curves.png
  연구코드/results/ok/model_3\focal\aec256\norm/test_roc_by_sex.png
  연구코드/results/ok/model_3\focal\aec256\norm/confusion_matrices.png
  연구코드/results/ok/model_3\focal\aec256\norm/calibration.png
  연구코드/results/ok/model_3\focal\aec256\norm/results.md
  [M3/focal/norm/scale_clinic] Plotting attention maps ...
  연구코드/results/ok/model_3\focal\aec256\norm/attention_map_c2a.png
  연구코드/results/ok/model_3\focal\aec256\norm/attention_heatmap.png
  [M3/focal/norm/scale_clinic] Done.

############################################################
  [M3 excl_extreme] CASE : scale_clinic  (scale_clinic=True, loss=focal)
############################################################
  [M3/focal/excl_extreme/scale_clinic] Cross-validating CrossAttn3 ...
=================================================================
5-Fold CV  [CrossAttn3 | scale_clin=True, scale_aec=False]
=================================================================

── Fold 1/5 ──────────────────────────────
  CA3  — AUC: 0.8110  AUPRC: 0.4418  Brier: 0.1388  Acc: 0.6774  F1: 0.3939  (best ep=78, thresh=0.332)

── Fold 2/5 ──────────────────────────────
  CA3  — AUC: 0.7247  AUPRC: 0.2259  Brier: 0.1511  Acc: 0.7500  F1: 0.3673  (best ep=40, thresh=0.524)

── Fold 3/5 ──────────────────────────────
  CA3  — AUC: 0.8971  AUPRC: 0.5162  Brier: 0.1396  Acc: 0.8537  F1: 0.5909  (best ep=30, thresh=0.547)

── Fold 4/5 ──────────────────────────────
  CA3  — AUC: 0.7733  AUPRC: 0.3696  Brier: 0.2567  Acc: 0.7398  F1: 0.4074  (best ep=6, thresh=0.608)

── Fold 5/5 ──────────────────────────────
  CA3  — AUC: 0.7636  AUPRC: 0.2993  Brier: 0.1802  Acc: 0.6748  F1: 0.3548  (best ep=4, thresh=0.438)

===========================================================================
CrossAttn3  —  5-Fold CV Summary
===========================================================================
  Fold      AUC-ROC      AUPRC      Brier   Accuracy         F1
  ----------------------------------------------------------
  1          0.8110     0.4418     0.1388     0.6774     0.3939
  2          0.7247     0.2259     0.1511     0.7500     0.3673
  3          0.8971     0.5162     0.1396     0.8537     0.5909
  4          0.7733     0.3696     0.2567     0.7398     0.4074
  5          0.7636     0.2993     0.1802     0.6748     0.3548
  ──────────────────────────────────────────────────────────
  Mean       0.7939     0.3706     0.1733     0.7391     0.4229
  ±Std       0.0584     0.1023     0.0443     0.0651     0.0861
  [M3/focal/excl_extreme/scale_clinic] Evaluating on test set (med_epoch=30, thresh=0.524) ...

=================================================================
CrossAttn3 Test Evaluation  (scale_clin=True, scale_aec=False, threshold=0.524)
=================================================================
CrossAttn3 — training final model for 30 epochs on full CV set …

CrossAttn3 — Test Set (Overall):
  AUC: 0.8174  AUPRC: 0.4456  Brier: 0.1724  Acc: 0.7013  F1: 0.4103

CrossAttn3 — Test Set (By Sex):
  [M] n=64  AUC: 0.8165  AUPRC: 0.5907  Brier: 0.1991  Acc: 0.5938  F1: 0.3810
              precision    recall  f1-score   support

      Normal       0.91      0.57      0.70        53
  Sarcopenia       0.26      0.73      0.38        11

    accuracy                           0.59        64
   macro avg       0.58      0.65      0.54        64
weighted avg       0.80      0.59      0.64        64

  [F] n=90  AUC: 0.8175  AUPRC: 0.3154  Brier: 0.1534  Acc: 0.7778  F1: 0.4444
              precision    recall  f1-score   support

      Normal       0.97      0.78      0.86        80
  Sarcopenia       0.31      0.80      0.44        10

    accuracy                           0.78        90
   macro avg       0.64      0.79      0.65        90
weighted avg       0.90      0.78      0.81        90


───────────────────────────────────────────────────────
Test Set — Bootstrap CI
───────────────────────────────────────────────────────

  Bootstrap 95% CI — CrossAttn3  (n_boot=2000)
  Metric         Estimate   95% CI Lower   95% CI Upper
  ----------------------------------------------------
  AUC-ROC          0.8174         0.7193         0.9012
  AUPRC            0.4456         0.2548         0.6518
  Brier            0.1724         0.1452         0.2012
  Accuracy         0.7013         0.6234         0.7727
  F1               0.4103         0.2580         0.5412
  [M3/focal/excl_extreme/scale_clinic] Saving figures ...

Saved (model 3 (excl_extreme, focal)):
  연구코드/results/ok/model_3\focal\aec256\excl_extreme/data_distribution.png
  연구코드/results/ok/model_3\focal\aec256\excl_extreme/cv_roc_curves.png
  연구코드/results/ok/model_3\focal\aec256\excl_extreme/cv_metric_distribution.png
  연구코드/results/ok/model_3\focal\aec256\excl_extreme/training_curves.png
  연구코드/results/ok/model_3\focal\aec256\excl_extreme/test_roc_curves.png
  연구코드/results/ok/model_3\focal\aec256\excl_extreme/test_roc_by_sex.png
  연구코드/results/ok/model_3\focal\aec256\excl_extreme/confusion_matrices.png
  연구코드/results/ok/model_3\focal\aec256\excl_extreme/calibration.png
  연구코드/results/ok/model_3\focal\aec256\excl_extreme/results.md
  [M3/focal/excl_extreme/scale_clinic] Plotting attention maps ...
  연구코드/results/ok/model_3\focal\aec256\excl_extreme/attention_map_c2a.png
  연구코드/results/ok/model_3\focal\aec256\excl_extreme/attention_heatmap.png
  [M3/focal/excl_extreme/scale_clinic] Done.
