============================================================
  MODEL 3 — Clinic + Scanner + AEC (aec103)  (4 AEC variants)
============================================================

############################################################
  [M3 raw]  (scale_clinic=True, scale_aec=none)
############################################################
  [M3/raw] Cross-validating CrossAttn3 ...
=================================================================
5-Fold CV  [CrossAttn3 | scale_clin=True, scale_aec=none]
=================================================================

── Fold 1/5 ──────────────────────────────
  CA3  — AUC: 0.6975  AUPRC: 0.2415  Brier: 0.2912  Acc: 0.4426  F1: 0.2817  (best ep=499, thresh=0.480)

── Fold 2/5 ──────────────────────────────
  CA3  — AUC: 0.7914  AUPRC: 0.3397  Brier: 0.2647  Acc: 0.8142  F1: 0.4333  (best ep=459, thresh=0.623)

── Fold 3/5 ──────────────────────────────
  CA3  — AUC: 0.7920  AUPRC: 0.3874  Brier: 0.2701  Acc: 0.6011  F1: 0.3178  (best ep=482, thresh=0.513)

── Fold 4/5 ──────────────────────────────
  CA3  — AUC: 0.7831  AUPRC: 0.3552  Brier: 0.2488  Acc: 0.7377  F1: 0.3846  (best ep=285, thresh=0.583)

── Fold 5/5 ──────────────────────────────
  CA3  — AUC: 0.7940  AUPRC: 0.2918  Brier: 0.2577  Acc: 0.8132  F1: 0.4333  (best ep=425, thresh=0.671)

===========================================================================
CrossAttn3  —  5-Fold CV Summary
===========================================================================
  Fold      AUC-ROC      AUPRC      Brier   Accuracy         F1
  ----------------------------------------------------------
  1          0.6975     0.2415     0.2912     0.4426     0.2817
  2          0.7914     0.3397     0.2647     0.8142     0.4333
  3          0.7920     0.3874     0.2701     0.6011     0.3178
  4          0.7831     0.3552     0.2488     0.7377     0.3846
  5          0.7940     0.2918     0.2577     0.8132     0.4333
  ──────────────────────────────────────────────────────────
  Mean       0.7716     0.3231     0.2665     0.6818     0.3701
  ±Std       0.0372     0.0511     0.0142     0.1426     0.0613
  [M3/raw] Evaluating on test set (med_epoch=459, thresh=0.583) ...

=================================================================
CrossAttn3 Test Evaluation  (scale_clin=True, scale_aec=none, threshold=0.583)
=================================================================
CrossAttn3 — training final model for 459 epochs on full CV set …
  [CrossAttn3] Model weights saved → 연구코드/results/0605/stage0_1e-05_epoch500/model_3\crop80\raw\M3_raw_weights.pt

CrossAttn3 — Test Set (Overall):
  AUC: 0.7520  AUPRC: 0.2399  Brier: 0.2795  Acc: 0.6332  F1: 0.2759

CrossAttn3 — Test Set (By Sex):
  [M] n=82  AUC: 0.7001  AUPRC: 0.2809  Brier: 0.3177  Acc: 0.5000  F1: 0.3279
              precision    recall  f1-score   support

      Normal       0.91      0.45      0.60        69
  Sarcopenia       0.21      0.77      0.33        13

    accuracy                           0.50        82
   macro avg       0.56      0.61      0.46        82
weighted avg       0.80      0.50      0.56        82

  [F] n=147  AUC: 0.7473  AUPRC: 0.2201  Brier: 0.2581  Acc: 0.7075  F1: 0.2182
              precision    recall  f1-score   support

      Normal       0.95      0.72      0.82       136
  Sarcopenia       0.14      0.55      0.22        11

    accuracy                           0.71       147
   macro avg       0.54      0.63      0.52       147
weighted avg       0.89      0.71      0.78       147


───────────────────────────────────────────────────────
Test Set — Bootstrap CI
───────────────────────────────────────────────────────

  Bootstrap 95% CI — CrossAttn3  (n_boot=2000)
  Metric         Estimate   95% CI Lower   95% CI Upper
  ----------------------------------------------------
  AUC-ROC          0.7520         0.6638         0.8404
  AUPRC            0.2399         0.1469         0.4235
  Brier            0.2795         0.2590         0.2987
  Accuracy         0.6332         0.5677         0.6987
  F1               0.2759         0.1714         0.3803
  [M3/raw] Saving figures ...

Saved (model 3 (raw)):
  연구코드/results/0605/stage0_1e-05_epoch500/model_3\crop80\raw/data_distribution.png
  연구코드/results/0605/stage0_1e-05_epoch500/model_3\crop80\raw/cv_roc_curves.png
  연구코드/results/0605/stage0_1e-05_epoch500/model_3\crop80\raw/cv_metric_distribution.png
  연구코드/results/0605/stage0_1e-05_epoch500/model_3\crop80\raw/training_curves.png
  연구코드/results/0605/stage0_1e-05_epoch500/model_3\crop80\raw/test_roc_curves.png
  연구코드/results/0605/stage0_1e-05_epoch500/model_3\crop80\raw/test_roc_by_sex.png
  연구코드/results/0605/stage0_1e-05_epoch500/model_3\crop80\raw/confusion_matrices.png
  연구코드/results/0605/stage0_1e-05_epoch500/model_3\crop80\raw/calibration.png
  연구코드/results/0605/stage0_1e-05_epoch500/model_3\crop80\raw/results.md
  [M3/raw] Plotting attention maps ...
  연구코드/results/0605/stage0_1e-05_epoch500/model_3\crop80\raw/attention_map_c2a.png
  연구코드/results/0605/stage0_1e-05_epoch500/model_3\crop80\raw/attention_heatmap_c2a.png
  연구코드/results/0605/stage0_1e-05_epoch500/model_3\crop80\raw/attention_map_a2c.png
  연구코드/results/0605/stage0_1e-05_epoch500/model_3\crop80\raw/attention_heatmap_a2c.png
  [M3/raw] Plotting Grad-CAM ...
  연구코드/results/0605/stage0_1e-05_epoch500/model_3\crop80\raw/cam_aec_mean.png
  연구코드/results/0605/stage0_1e-05_epoch500/model_3\crop80\raw/cam_aec_lines.png
  연구코드/results/0605/stage0_1e-05_epoch500/model_3\crop80\raw/cam_aec_heatmap.png
  [M3/raw] Done.

############################################################
  [M3 std_scaled]  (scale_clinic=True, scale_aec=column)
############################################################
  [M3/std_scaled] Cross-validating CrossAttn3 ...
=================================================================
5-Fold CV  [CrossAttn3 | scale_clin=True, scale_aec=column]
=================================================================

── Fold 1/5 ──────────────────────────────
  CA3  — AUC: 0.7764  AUPRC: 0.2883  Brier: 0.2852  Acc: 0.6776  F1: 0.3656  (best ep=489, thresh=0.606)

── Fold 2/5 ──────────────────────────────
  CA3  — AUC: 0.8360  AUPRC: 0.4369  Brier: 0.2507  Acc: 0.7705  F1: 0.4000  (best ep=479, thresh=0.574)

── Fold 3/5 ──────────────────────────────
  CA3  — AUC: 0.7869  AUPRC: 0.3727  Brier: 0.2774  Acc: 0.5628  F1: 0.3103  (best ep=479, thresh=0.503)

── Fold 4/5 ──────────────────────────────
  CA3  — AUC: 0.7699  AUPRC: 0.3363  Brier: 0.2468  Acc: 0.7596  F1: 0.3889  (best ep=490, thresh=0.600)

── Fold 5/5 ──────────────────────────────
  CA3  — AUC: 0.8005  AUPRC: 0.3834  Brier: 0.2500  Acc: 0.6868  F1: 0.3596  (best ep=479, thresh=0.548)

===========================================================================
CrossAttn3  —  5-Fold CV Summary
===========================================================================
  Fold      AUC-ROC      AUPRC      Brier   Accuracy         F1
  ----------------------------------------------------------
  1          0.7764     0.2883     0.2852     0.6776     0.3656
  2          0.8360     0.4369     0.2507     0.7705     0.4000
  3          0.7869     0.3727     0.2774     0.5628     0.3103
  4          0.7699     0.3363     0.2468     0.7596     0.3889
  5          0.8005     0.3834     0.2500     0.6868     0.3596
  ──────────────────────────────────────────────────────────
  Mean       0.7939     0.3635     0.2620     0.6915     0.3649
  ±Std       0.0234     0.0495     0.0160     0.0744     0.0310
  [M3/std_scaled] Evaluating on test set (med_epoch=479, thresh=0.574) ...

=================================================================
CrossAttn3 Test Evaluation  (scale_clin=True, scale_aec=column, threshold=0.574)
=================================================================
CrossAttn3 — training final model for 479 epochs on full CV set …
  [CrossAttn3] Model weights saved → 연구코드/results/0605/stage0_1e-05_epoch500/model_3\crop80\std_scaled\M3_std_scaled_weights.pt

CrossAttn3 — Test Set (Overall):
  AUC: 0.7827  AUPRC: 0.2583  Brier: 0.2671  Acc: 0.6812  F1: 0.3303

CrossAttn3 — Test Set (By Sex):
  [M] n=82  AUC: 0.6990  AUPRC: 0.2699  Brier: 0.3148  Acc: 0.5976  F1: 0.3774
              precision    recall  f1-score   support

      Normal       0.93      0.57      0.70        69
  Sarcopenia       0.25      0.77      0.38        13

    accuracy                           0.60        82
   macro avg       0.59      0.67      0.54        82
weighted avg       0.82      0.60      0.65        82

  [F] n=147  AUC: 0.8175  AUPRC: 0.3012  Brier: 0.2404  Acc: 0.7279  F1: 0.2857
              precision    recall  f1-score   support

      Normal       0.97      0.73      0.83       136
  Sarcopenia       0.18      0.73      0.29        11

    accuracy                           0.73       147
   macro avg       0.57      0.73      0.56       147
weighted avg       0.91      0.73      0.79       147


───────────────────────────────────────────────────────
Test Set — Bootstrap CI
───────────────────────────────────────────────────────

  Bootstrap 95% CI — CrossAttn3  (n_boot=2000)
  Metric         Estimate   95% CI Lower   95% CI Upper
  ----------------------------------------------------
  AUC-ROC          0.7827         0.6910         0.8647
  AUPRC            0.2583         0.1649         0.4287
  Brier            0.2671         0.2408         0.2916
  Accuracy         0.6812         0.6201         0.7424
  F1               0.3303         0.2150         0.4444
  [M3/std_scaled] Saving figures ...

Saved (model 3 (std_scaled)):
  연구코드/results/0605/stage0_1e-05_epoch500/model_3\crop80\std_scaled/data_distribution.png
  연구코드/results/0605/stage0_1e-05_epoch500/model_3\crop80\std_scaled/cv_roc_curves.png
  연구코드/results/0605/stage0_1e-05_epoch500/model_3\crop80\std_scaled/cv_metric_distribution.png
  연구코드/results/0605/stage0_1e-05_epoch500/model_3\crop80\std_scaled/training_curves.png
  연구코드/results/0605/stage0_1e-05_epoch500/model_3\crop80\std_scaled/test_roc_curves.png
  연구코드/results/0605/stage0_1e-05_epoch500/model_3\crop80\std_scaled/test_roc_by_sex.png
  연구코드/results/0605/stage0_1e-05_epoch500/model_3\crop80\std_scaled/confusion_matrices.png
  연구코드/results/0605/stage0_1e-05_epoch500/model_3\crop80\std_scaled/calibration.png
  연구코드/results/0605/stage0_1e-05_epoch500/model_3\crop80\std_scaled/results.md
  [M3/std_scaled] Plotting attention maps ...
  연구코드/results/0605/stage0_1e-05_epoch500/model_3\crop80\std_scaled/attention_map_c2a.png
  연구코드/results/0605/stage0_1e-05_epoch500/model_3\crop80\std_scaled/attention_heatmap_c2a.png
  연구코드/results/0605/stage0_1e-05_epoch500/model_3\crop80\std_scaled/attention_map_a2c.png
  연구코드/results/0605/stage0_1e-05_epoch500/model_3\crop80\std_scaled/attention_heatmap_a2c.png
  [M3/std_scaled] Plotting Grad-CAM ...
  연구코드/results/0605/stage0_1e-05_epoch500/model_3\crop80\std_scaled/cam_aec_mean.png
  연구코드/results/0605/stage0_1e-05_epoch500/model_3\crop80\std_scaled/cam_aec_lines.png
  연구코드/results/0605/stage0_1e-05_epoch500/model_3\crop80\std_scaled/cam_aec_heatmap.png
  [M3/std_scaled] Done.

############################################################
  [M3 norm]  (scale_clinic=True, scale_aec=none)
############################################################
  [M3/norm] Cross-validating CrossAttn3 ...
=================================================================
5-Fold CV  [CrossAttn3 | scale_clin=True, scale_aec=none]
=================================================================

── Fold 1/5 ──────────────────────────────
  CA3  — AUC: 0.8276  AUPRC: 0.3621  Brier: 0.2961  Acc: 0.7049  F1: 0.3864  (best ep=132, thresh=0.583)

── Fold 2/5 ──────────────────────────────
  CA3  — AUC: 0.8415  AUPRC: 0.4528  Brier: 0.2300  Acc: 0.7596  F1: 0.4211  (best ep=456, thresh=0.565)

── Fold 3/5 ──────────────────────────────
  CA3  — AUC: 0.7311  AUPRC: 0.2624  Brier: 0.2967  Acc: 0.5464  F1: 0.2906  (best ep=193, thresh=0.545)

── Fold 4/5 ──────────────────────────────
  CA3  — AUC: 0.7583  AUPRC: 0.3333  Brier: 0.2500  Acc: 0.6721  F1: 0.3478  (best ep=345, thresh=0.551)

── Fold 5/5 ──────────────────────────────
  CA3  — AUC: 0.8369  AUPRC: 0.4155  Brier: 0.3094  Acc: 0.7473  F1: 0.4390  (best ep=47, thresh=0.580)

===========================================================================
CrossAttn3  —  5-Fold CV Summary
===========================================================================
  Fold      AUC-ROC      AUPRC      Brier   Accuracy         F1
  ----------------------------------------------------------
  1          0.8276     0.3621     0.2961     0.7049     0.3864
  2          0.8415     0.4528     0.2300     0.7596     0.4211
  3          0.7311     0.2624     0.2967     0.5464     0.2906
  4          0.7583     0.3333     0.2500     0.6721     0.3478
  5          0.8369     0.4155     0.3094     0.7473     0.4390
  ──────────────────────────────────────────────────────────
  Mean       0.7991     0.3652     0.2764     0.6861     0.3770
  ±Std       0.0455     0.0660     0.0308     0.0764     0.0533
  [M3/norm] Evaluating on test set (med_epoch=193, thresh=0.565) ...

=================================================================
CrossAttn3 Test Evaluation  (scale_clin=True, scale_aec=none, threshold=0.565)
=================================================================
CrossAttn3 — training final model for 193 epochs on full CV set …
  [CrossAttn3] Model weights saved → 연구코드/results/0605/stage0_1e-05_epoch500/model_3\crop80\norm\M3_norm_weights.pt

CrossAttn3 — Test Set (Overall):
  AUC: 0.7740  AUPRC: 0.2889  Brier: 0.2661  Acc: 0.6507  F1: 0.3443

CrossAttn3 — Test Set (By Sex):
  [M] n=82  AUC: 0.7079  AUPRC: 0.2891  Brier: 0.2689  Acc: 0.6463  F1: 0.4082
              precision    recall  f1-score   support

      Normal       0.93      0.62      0.75        69
  Sarcopenia       0.28      0.77      0.41        13

    accuracy                           0.65        82
   macro avg       0.61      0.70      0.58        82
weighted avg       0.83      0.65      0.69        82

  [F] n=147  AUC: 0.8463  AUPRC: 0.3483  Brier: 0.2645  Acc: 0.6531  F1: 0.3014
              precision    recall  f1-score   support

      Normal       1.00      0.62      0.77       136
  Sarcopenia       0.18      1.00      0.30        11

    accuracy                           0.65       147
   macro avg       0.59      0.81      0.54       147
weighted avg       0.94      0.65      0.73       147


───────────────────────────────────────────────────────
Test Set — Bootstrap CI
───────────────────────────────────────────────────────

  Bootstrap 95% CI — CrossAttn3  (n_boot=2000)
  Metric         Estimate   95% CI Lower   95% CI Upper
  ----------------------------------------------------
  AUC-ROC          0.7740         0.6871         0.8507
  AUPRC            0.2889         0.1613         0.4657
  Brier            0.2661         0.2433         0.2882
  Accuracy         0.6507         0.5895         0.7119
  F1               0.3443         0.2308         0.4559
  [M3/norm] Saving figures ...

Saved (model 3 (norm)):
  연구코드/results/0605/stage0_1e-05_epoch500/model_3\crop80\norm/data_distribution.png
  연구코드/results/0605/stage0_1e-05_epoch500/model_3\crop80\norm/cv_roc_curves.png
  연구코드/results/0605/stage0_1e-05_epoch500/model_3\crop80\norm/cv_metric_distribution.png
  연구코드/results/0605/stage0_1e-05_epoch500/model_3\crop80\norm/training_curves.png
  연구코드/results/0605/stage0_1e-05_epoch500/model_3\crop80\norm/test_roc_curves.png
  연구코드/results/0605/stage0_1e-05_epoch500/model_3\crop80\norm/test_roc_by_sex.png
  연구코드/results/0605/stage0_1e-05_epoch500/model_3\crop80\norm/confusion_matrices.png
  연구코드/results/0605/stage0_1e-05_epoch500/model_3\crop80\norm/calibration.png
  연구코드/results/0605/stage0_1e-05_epoch500/model_3\crop80\norm/results.md
  [M3/norm] Plotting attention maps ...
  연구코드/results/0605/stage0_1e-05_epoch500/model_3\crop80\norm/attention_map_c2a.png
  연구코드/results/0605/stage0_1e-05_epoch500/model_3\crop80\norm/attention_heatmap_c2a.png
  연구코드/results/0605/stage0_1e-05_epoch500/model_3\crop80\norm/attention_map_a2c.png
  연구코드/results/0605/stage0_1e-05_epoch500/model_3\crop80\norm/attention_heatmap_a2c.png
  [M3/norm] Plotting Grad-CAM ...
  연구코드/results/0605/stage0_1e-05_epoch500/model_3\crop80\norm/cam_aec_mean.png
  연구코드/results/0605/stage0_1e-05_epoch500/model_3\crop80\norm/cam_aec_lines.png
  연구코드/results/0605/stage0_1e-05_epoch500/model_3\crop80\norm/cam_aec_heatmap.png
  [M3/norm] Done.

############################################################
  [M3 global_zscore]  (scale_clinic=True, scale_aec=global)
############################################################
  [M3/global_zscore] Cross-validating CrossAttn3 ...
=================================================================
5-Fold CV  [CrossAttn3 | scale_clin=True, scale_aec=global]
=================================================================

── Fold 1/5 ──────────────────────────────
  CA3  — AUC: 0.7856  AUPRC: 0.3255  Brier: 0.2757  Acc: 0.6776  F1: 0.3789  (best ep=479, thresh=0.584)

── Fold 2/5 ──────────────────────────────
  CA3  — AUC: 0.8527  AUPRC: 0.4992  Brier: 0.2250  Acc: 0.7322  F1: 0.4096  (best ep=325, thresh=0.552)

── Fold 3/5 ──────────────────────────────
  CA3  — AUC: 0.7943  AUPRC: 0.4446  Brier: 0.2894  Acc: 0.8525  F1: 0.4706  (best ep=444, thresh=0.715)

── Fold 4/5 ──────────────────────────────
  CA3  — AUC: 0.7805  AUPRC: 0.3535  Brier: 0.2387  Acc: 0.6284  F1: 0.3333  (best ep=376, thresh=0.509)

── Fold 5/5 ──────────────────────────────
  CA3  — AUC: 0.7391  AUPRC: 0.3658  Brier: 0.2726  Acc: 0.8626  F1: 0.4444  (best ep=421, thresh=0.682)

===========================================================================
CrossAttn3  —  5-Fold CV Summary
===========================================================================
  Fold      AUC-ROC      AUPRC      Brier   Accuracy         F1
  ----------------------------------------------------------
  1          0.7856     0.3255     0.2757     0.6776     0.3789
  2          0.8527     0.4992     0.2250     0.7322     0.4096
  3          0.7943     0.4446     0.2894     0.8525     0.4706
  4          0.7805     0.3535     0.2387     0.6284     0.3333
  5          0.7391     0.3658     0.2726     0.8626     0.4444
  ──────────────────────────────────────────────────────────
  Mean       0.7904     0.3977     0.2603     0.7507     0.4074
  ±Std       0.0365     0.0643     0.0243     0.0933     0.0483
  [M3/global_zscore] Evaluating on test set (med_epoch=421, thresh=0.584) ...

=================================================================
CrossAttn3 Test Evaluation  (scale_clin=True, scale_aec=global, threshold=0.584)
=================================================================
CrossAttn3 — training final model for 421 epochs on full CV set …
  [CrossAttn3] Model weights saved → 연구코드/results/0605/stage0_1e-05_epoch500/model_3\crop80\global_zscore\M3_global_zscore_weights.pt

CrossAttn3 — Test Set (Overall):
  AUC: 0.7382  AUPRC: 0.2082  Brier: 0.2829  Acc: 0.6725  F1: 0.3478

CrossAttn3 — Test Set (By Sex):
  [M] n=82  AUC: 0.6756  AUPRC: 0.2437  Brier: 0.2831  Acc: 0.6829  F1: 0.4091
              precision    recall  f1-score   support

      Normal       0.92      0.68      0.78        69
  Sarcopenia       0.29      0.69      0.41        13

    accuracy                           0.68        82
   macro avg       0.61      0.69      0.60        82
weighted avg       0.82      0.68      0.72        82

  [F] n=147  AUC: 0.8102  AUPRC: 0.2336  Brier: 0.2828  Acc: 0.6667  F1: 0.3099
              precision    recall  f1-score   support

      Normal       1.00      0.64      0.78       136
  Sarcopenia       0.18      1.00      0.31        11

    accuracy                           0.67       147
   macro avg       0.59      0.82      0.55       147
weighted avg       0.94      0.67      0.75       147


───────────────────────────────────────────────────────
Test Set — Bootstrap CI
───────────────────────────────────────────────────────

  Bootstrap 95% CI — CrossAttn3  (n_boot=2000)
  Metric         Estimate   95% CI Lower   95% CI Upper
  ----------------------------------------------------
  AUC-ROC          0.7382         0.6387         0.8286
  AUPRC            0.2082         0.1350         0.3415
  Brier            0.2829         0.2592         0.3048
  Accuracy         0.6725         0.6114         0.7336
  F1               0.3478         0.2321         0.4643
  [M3/global_zscore] Saving figures ...

Saved (model 3 (global_zscore)):
  연구코드/results/0605/stage0_1e-05_epoch500/model_3\crop80\global_zscore/data_distribution.png
  연구코드/results/0605/stage0_1e-05_epoch500/model_3\crop80\global_zscore/cv_roc_curves.png
  연구코드/results/0605/stage0_1e-05_epoch500/model_3\crop80\global_zscore/cv_metric_distribution.png
  연구코드/results/0605/stage0_1e-05_epoch500/model_3\crop80\global_zscore/training_curves.png
  연구코드/results/0605/stage0_1e-05_epoch500/model_3\crop80\global_zscore/test_roc_curves.png
  연구코드/results/0605/stage0_1e-05_epoch500/model_3\crop80\global_zscore/test_roc_by_sex.png
  연구코드/results/0605/stage0_1e-05_epoch500/model_3\crop80\global_zscore/confusion_matrices.png
  연구코드/results/0605/stage0_1e-05_epoch500/model_3\crop80\global_zscore/calibration.png
  연구코드/results/0605/stage0_1e-05_epoch500/model_3\crop80\global_zscore/results.md
  [M3/global_zscore] Plotting attention maps ...
  연구코드/results/0605/stage0_1e-05_epoch500/model_3\crop80\global_zscore/attention_map_c2a.png
  연구코드/results/0605/stage0_1e-05_epoch500/model_3\crop80\global_zscore/attention_heatmap_c2a.png
  연구코드/results/0605/stage0_1e-05_epoch500/model_3\crop80\global_zscore/attention_map_a2c.png
  연구코드/results/0605/stage0_1e-05_epoch500/model_3\crop80\global_zscore/attention_heatmap_a2c.png
  [M3/global_zscore] Plotting Grad-CAM ...
  연구코드/results/0605/stage0_1e-05_epoch500/model_3\crop80\global_zscore/cam_aec_mean.png
  연구코드/results/0605/stage0_1e-05_epoch500/model_3\crop80\global_zscore/cam_aec_lines.png
  연구코드/results/0605/stage0_1e-05_epoch500/model_3\crop80\global_zscore/cam_aec_heatmap.png
  [M3/global_zscore] Done.
