============================================================
  MODEL 2 — Clinic + AEC (aec256)  (5 AEC variants)
============================================================

############################################################
  [M2 len128]  (scale_clinic=True, scale_aec=True)
############################################################
  [M2/len128] Cross-validating CrossAttn ...
=======================================================
5-Fold CV  [CrossAttn | scale_clin=True, scale_aec=True]
=======================================================

── Fold 1/5 ──────────────────────────────
  CA   — AUC: 0.7910  AUPRC: 0.3122  Brier: 0.1602  Acc: 0.7826  F1: 0.4643  (best ep=48, thresh=0.484)

── Fold 2/5 ──────────────────────────────
  CA   — AUC: 0.8114  AUPRC: 0.4009  Brier: 0.1895  Acc: 0.7754  F1: 0.4746  (best ep=2, thresh=0.546)

── Fold 3/5 ──────────────────────────────
  CA   — AUC: 0.8554  AUPRC: 0.4085  Brier: 0.1789  Acc: 0.7810  F1: 0.4643  (best ep=44, thresh=0.654)

── Fold 4/5 ──────────────────────────────
  CA   — AUC: 0.8197  AUPRC: 0.3596  Brier: 0.1980  Acc: 0.7664  F1: 0.4667  (best ep=75, thresh=0.614)

── Fold 5/5 ──────────────────────────────
  CA   — AUC: 0.8073  AUPRC: 0.2685  Brier: 0.2071  Acc: 0.7664  F1: 0.4667  (best ep=23, thresh=0.583)

===========================================================================
CrossAttn  —  5-Fold CV Summary
===========================================================================
  Fold      AUC-ROC      AUPRC      Brier   Accuracy         F1
  ----------------------------------------------------------
  1          0.7910     0.3122     0.1602     0.7826     0.4643
  2          0.8114     0.4009     0.1895     0.7754     0.4746
  3          0.8554     0.4085     0.1789     0.7810     0.4643
  4          0.8197     0.3596     0.1980     0.7664     0.4667
  5          0.8073     0.2685     0.2071     0.7664     0.4667
  ──────────────────────────────────────────────────────────
  Mean       0.8170     0.3499     0.1867     0.7744     0.4673
  ±Std       0.0214     0.0532     0.0162     0.0069     0.0038
  [M2/len128] Evaluating on test set (med_epoch=44, thresh=0.583) ...

=======================================================
CrossAttn Test Evaluation  (scale_clin=True, scale_aec=True, threshold=0.583)
=======================================================
CrossAttn — training final model for 44 epochs on full CV set …

CrossAttn — Test Set (Overall):
  AUC: 0.8404  AUPRC: 0.3494  Brier: 0.2137  Acc: 0.7093  F1: 0.4318

CrossAttn — Test Set (By Sex):
  [M] n=71  AUC: 0.8348  AUPRC: 0.4035  Brier: 0.2420  Acc: 0.6620  F1: 0.4545
              precision    recall  f1-score   support

      Normal       0.97      0.62      0.76        60
  Sarcopenia       0.30      0.91      0.45        11

    accuracy                           0.66        71
   macro avg       0.64      0.76      0.60        71
weighted avg       0.87      0.66      0.71        71

  [F] n=101  AUC: 0.8385  AUPRC: 0.3161  Brier: 0.1938  Acc: 0.7426  F1: 0.4091
              precision    recall  f1-score   support

      Normal       0.99      0.73      0.84        91
  Sarcopenia       0.26      0.90      0.41        10

    accuracy                           0.74       101
   macro avg       0.62      0.81      0.62       101
weighted avg       0.91      0.74      0.79       101


───────────────────────────────────────────────────────
Test Set — Bootstrap CI
───────────────────────────────────────────────────────

  Bootstrap 95% CI — CrossAttn  (n_boot=2000)
  Metric         Estimate   95% CI Lower   95% CI Upper
  ----------------------------------------------------
  AUC-ROC          0.8404         0.7620         0.9072
  AUPRC            0.3494         0.2129         0.5748
  Brier            0.2137         0.1738         0.2541
  Accuracy         0.7093         0.6395         0.7791
  F1               0.4318         0.2941         0.5532
  [M2/len128] Saving figures ...

Saved (model 2 (len128)):
  연구코드/results/0529/t12_pubis/model_2\aec256\len128/data_distribution.png
  연구코드/results/0529/t12_pubis/model_2\aec256\len128/cv_roc_curves.png
  연구코드/results/0529/t12_pubis/model_2\aec256\len128/cv_metric_distribution.png
  연구코드/results/0529/t12_pubis/model_2\aec256\len128/training_curves.png
  연구코드/results/0529/t12_pubis/model_2\aec256\len128/test_roc_curves.png
  연구코드/results/0529/t12_pubis/model_2\aec256\len128/test_roc_by_sex.png
  연구코드/results/0529/t12_pubis/model_2\aec256\len128/confusion_matrices.png
  연구코드/results/0529/t12_pubis/model_2\aec256\len128/calibration.png
  연구코드/results/0529/t12_pubis/model_2\aec256\len128/results.md
  [M2/len128] Plotting attention maps ...
  연구코드/results/0529/t12_pubis/model_2\aec256\len128/attention_map_c2a.png
  연구코드/results/0529/t12_pubis/model_2\aec256\len128/attention_heatmap_c2a.png
  연구코드/results/0529/t12_pubis/model_2\aec256\len128/attention_map_a2c.png
  연구코드/results/0529/t12_pubis/model_2\aec256\len128/attention_heatmap_a2c.png
  [M2/len128] Plotting Grad-CAM ...
  연구코드/results/0529/t12_pubis/model_2\aec256\len128/cam_aec_mean.png
  연구코드/results/0529/t12_pubis/model_2\aec256\len128/cam_aec_lines.png
  연구코드/results/0529/t12_pubis/model_2\aec256\len128/cam_aec_heatmap.png
  [M2/len128] Done.

############################################################
  [M2 norm]  (scale_clinic=True, scale_aec=True)
############################################################
  [M2/norm] Cross-validating CrossAttn ...
=======================================================
5-Fold CV  [CrossAttn | scale_clin=True, scale_aec=True]
=======================================================

── Fold 1/5 ──────────────────────────────
  CA   — AUC: 0.8128  AUPRC: 0.4710  Brier: 0.1152  Acc: 0.8333  F1: 0.5106  (best ep=46, thresh=0.468)

── Fold 2/5 ──────────────────────────────
  CA   — AUC: 0.7827  AUPRC: 0.3581  Brier: 0.1389  Acc: 0.7319  F1: 0.4127  (best ep=9, thresh=0.430)

── Fold 3/5 ──────────────────────────────
  CA   — AUC: 0.8652  AUPRC: 0.5209  Brier: 0.1870  Acc: 0.8102  F1: 0.5185  (best ep=8, thresh=0.626)

── Fold 4/5 ──────────────────────────────
  CA   — AUC: 0.8719  AUPRC: 0.3933  Brier: 0.1752  Acc: 0.7299  F1: 0.4638  (best ep=220, thresh=0.192)

── Fold 5/5 ──────────────────────────────
  CA   — AUC: 0.8543  AUPRC: 0.3966  Brier: 0.2296  Acc: 0.8029  F1: 0.4906  (best ep=11, thresh=0.732)

===========================================================================
CrossAttn  —  5-Fold CV Summary
===========================================================================
  Fold      AUC-ROC      AUPRC      Brier   Accuracy         F1
  ----------------------------------------------------------
  1          0.8128     0.4710     0.1152     0.8333     0.5106
  2          0.7827     0.3581     0.1389     0.7319     0.4127
  3          0.8652     0.5209     0.1870     0.8102     0.5185
  4          0.8719     0.3933     0.1752     0.7299     0.4638
  5          0.8543     0.3966     0.2296     0.8029     0.4906
  ──────────────────────────────────────────────────────────
  Mean       0.8374     0.4280     0.1692     0.7817     0.4792
  ±Std       0.0342     0.0592     0.0396     0.0426     0.0383
  [M2/norm] Evaluating on test set (med_epoch=11, thresh=0.468) ...

=======================================================
CrossAttn Test Evaluation  (scale_clin=True, scale_aec=True, threshold=0.468)
=======================================================
CrossAttn — training final model for 11 epochs on full CV set …

CrossAttn — Test Set (Overall):
  AUC: 0.8786  AUPRC: 0.5160  Brier: 0.1679  Acc: 0.7326  F1: 0.4651

CrossAttn — Test Set (By Sex):
  [M] n=71  AUC: 0.8788  AUPRC: 0.5699  Brier: 0.2029  Acc: 0.6620  F1: 0.4783
              precision    recall  f1-score   support

      Normal       1.00      0.60      0.75        60
  Sarcopenia       0.31      1.00      0.48        11

    accuracy                           0.66        71
   macro avg       0.66      0.80      0.61        71
weighted avg       0.89      0.66      0.71        71

  [F] n=101  AUC: 0.8648  AUPRC: 0.5379  Brier: 0.1432  Acc: 0.7822  F1: 0.4500
              precision    recall  f1-score   support

      Normal       0.99      0.77      0.86        91
  Sarcopenia       0.30      0.90      0.45        10

    accuracy                           0.78       101
   macro avg       0.64      0.83      0.66       101
weighted avg       0.92      0.78      0.82       101


───────────────────────────────────────────────────────
Test Set — Bootstrap CI
───────────────────────────────────────────────────────

  Bootstrap 95% CI — CrossAttn  (n_boot=2000)
  Metric         Estimate   95% CI Lower   95% CI Upper
  ----------------------------------------------------
  AUC-ROC          0.8786         0.8034         0.9368
  AUPRC            0.5160         0.3195         0.7199
  Brier            0.1679         0.1404         0.1973
  Accuracy         0.7326         0.6628         0.7965
  F1               0.4651         0.3256         0.5926
  [M2/norm] Saving figures ...

Saved (model 2 (norm)):
  연구코드/results/0529/t12_pubis/model_2\aec256\norm/data_distribution.png
  연구코드/results/0529/t12_pubis/model_2\aec256\norm/cv_roc_curves.png
  연구코드/results/0529/t12_pubis/model_2\aec256\norm/cv_metric_distribution.png
  연구코드/results/0529/t12_pubis/model_2\aec256\norm/training_curves.png
  연구코드/results/0529/t12_pubis/model_2\aec256\norm/test_roc_curves.png
  연구코드/results/0529/t12_pubis/model_2\aec256\norm/test_roc_by_sex.png
  연구코드/results/0529/t12_pubis/model_2\aec256\norm/confusion_matrices.png
  연구코드/results/0529/t12_pubis/model_2\aec256\norm/calibration.png
  연구코드/results/0529/t12_pubis/model_2\aec256\norm/results.md
  [M2/norm] Plotting attention maps ...
  연구코드/results/0529/t12_pubis/model_2\aec256\norm/attention_map_c2a.png
  연구코드/results/0529/t12_pubis/model_2\aec256\norm/attention_heatmap_c2a.png
  연구코드/results/0529/t12_pubis/model_2\aec256\norm/attention_map_a2c.png
  연구코드/results/0529/t12_pubis/model_2\aec256\norm/attention_heatmap_a2c.png
  [M2/norm] Plotting Grad-CAM ...
  연구코드/results/0529/t12_pubis/model_2\aec256\norm/cam_aec_mean.png
  연구코드/results/0529/t12_pubis/model_2\aec256\norm/cam_aec_lines.png
  연구코드/results/0529/t12_pubis/model_2\aec256\norm/cam_aec_heatmap.png
  [M2/norm] Done.

############################################################
  [M2 crop80]  (scale_clinic=True, scale_aec=True)
############################################################
  [M2/crop80] Cross-validating CrossAttn ...
=======================================================
5-Fold CV  [CrossAttn | scale_clin=True, scale_aec=True]
=======================================================

── Fold 1/5 ──────────────────────────────
  CA   — AUC: 0.8085  AUPRC: 0.3220  Brier: 0.1358  Acc: 0.7681  F1: 0.4667  (best ep=17, thresh=0.453)

── Fold 2/5 ──────────────────────────────
  CA   — AUC: 0.7973  AUPRC: 0.3800  Brier: 0.2541  Acc: 0.7174  F1: 0.4179  (best ep=4, thresh=0.712)

── Fold 3/5 ──────────────────────────────
  CA   — AUC: 0.8223  AUPRC: 0.4590  Brier: 0.1860  Acc: 0.7226  F1: 0.4242  (best ep=8, thresh=0.614)

── Fold 4/5 ──────────────────────────────
  CA   — AUC: 0.8440  AUPRC: 0.4175  Brier: 0.1925  Acc: 0.7883  F1: 0.5085  (best ep=135, thresh=0.628)

── Fold 5/5 ──────────────────────────────
  CA   — AUC: 0.8037  AUPRC: 0.2778  Brier: 0.1674  Acc: 0.6642  F1: 0.3947  (best ep=18, thresh=0.279)

===========================================================================
CrossAttn  —  5-Fold CV Summary
===========================================================================
  Fold      AUC-ROC      AUPRC      Brier   Accuracy         F1
  ----------------------------------------------------------
  1          0.8085     0.3220     0.1358     0.7681     0.4667
  2          0.7973     0.3800     0.2541     0.7174     0.4179
  3          0.8223     0.4590     0.1860     0.7226     0.4242
  4          0.8440     0.4175     0.1925     0.7883     0.5085
  5          0.8037     0.2778     0.1674     0.6642     0.3947
  ──────────────────────────────────────────────────────────
  Mean       0.8152     0.3713     0.1872     0.7321     0.4424
  ±Std       0.0166     0.0649     0.0388     0.0433     0.0404
  [M2/crop80] Evaluating on test set (med_epoch=17, thresh=0.614) ...

=======================================================
CrossAttn Test Evaluation  (scale_clin=True, scale_aec=True, threshold=0.614)
=======================================================
CrossAttn — training final model for 17 epochs on full CV set …

CrossAttn — Test Set (Overall):
  AUC: 0.8307  AUPRC: 0.4144  Brier: 0.1790  Acc: 0.7616  F1: 0.4533

CrossAttn — Test Set (By Sex):
  [M] n=71  AUC: 0.8394  AUPRC: 0.5144  Brier: 0.2252  Acc: 0.6479  F1: 0.4186
              precision    recall  f1-score   support

      Normal       0.95      0.62      0.75        60
  Sarcopenia       0.28      0.82      0.42        11

    accuracy                           0.65        71
   macro avg       0.61      0.72      0.58        71
weighted avg       0.85      0.65      0.70        71

  [F] n=101  AUC: 0.8275  AUPRC: 0.3051  Brier: 0.1465  Acc: 0.8416  F1: 0.5000
              precision    recall  f1-score   support

      Normal       0.97      0.85      0.91        91
  Sarcopenia       0.36      0.80      0.50        10

    accuracy                           0.84       101
   macro avg       0.67      0.82      0.70       101
weighted avg       0.91      0.84      0.87       101


───────────────────────────────────────────────────────
Test Set — Bootstrap CI
───────────────────────────────────────────────────────

  Bootstrap 95% CI — CrossAttn  (n_boot=2000)
  Metric         Estimate   95% CI Lower   95% CI Upper
  ----------------------------------------------------
  AUC-ROC          0.8307         0.7342         0.9077
  AUPRC            0.4144         0.2437         0.6268
  Brier            0.1790         0.1440         0.2182
  Accuracy         0.7616         0.6919         0.8256
  F1               0.4533         0.3030         0.5882
  [M2/crop80] Saving figures ...

Saved (model 2 (crop80)):
  연구코드/results/0529/t12_pubis/model_2\aec256\crop80/data_distribution.png
  연구코드/results/0529/t12_pubis/model_2\aec256\crop80/cv_roc_curves.png
  연구코드/results/0529/t12_pubis/model_2\aec256\crop80/cv_metric_distribution.png
  연구코드/results/0529/t12_pubis/model_2\aec256\crop80/training_curves.png
  연구코드/results/0529/t12_pubis/model_2\aec256\crop80/test_roc_curves.png
  연구코드/results/0529/t12_pubis/model_2\aec256\crop80/test_roc_by_sex.png
  연구코드/results/0529/t12_pubis/model_2\aec256\crop80/confusion_matrices.png
  연구코드/results/0529/t12_pubis/model_2\aec256\crop80/calibration.png
  연구코드/results/0529/t12_pubis/model_2\aec256\crop80/results.md
  [M2/crop80] Plotting attention maps ...
  연구코드/results/0529/t12_pubis/model_2\aec256\crop80/attention_map_c2a.png
  연구코드/results/0529/t12_pubis/model_2\aec256\crop80/attention_heatmap_c2a.png
  연구코드/results/0529/t12_pubis/model_2\aec256\crop80/attention_map_a2c.png
  연구코드/results/0529/t12_pubis/model_2\aec256\crop80/attention_heatmap_a2c.png
  [M2/crop80] Plotting Grad-CAM ...
  연구코드/results/0529/t12_pubis/model_2\aec256\crop80/cam_aec_mean.png
  연구코드/results/0529/t12_pubis/model_2\aec256\crop80/cam_aec_lines.png
  연구코드/results/0529/t12_pubis/model_2\aec256\crop80/cam_aec_heatmap.png
  [M2/crop80] Done.

############################################################
  [M2 crop60]  (scale_clinic=True, scale_aec=True)
############################################################
  [M2/crop60] Cross-validating CrossAttn ...
=======================================================
5-Fold CV  [CrossAttn | scale_clin=True, scale_aec=True]
=======================================================

── Fold 1/5 ──────────────────────────────
  CA   — AUC: 0.7939  AUPRC: 0.3172  Brier: 0.1687  Acc: 0.7464  F1: 0.4444  (best ep=14, thresh=0.533)

── Fold 2/5 ──────────────────────────────
  CA   — AUC: 0.8123  AUPRC: 0.3649  Brier: 0.1705  Acc: 0.7391  F1: 0.4375  (best ep=12, thresh=0.555)

── Fold 3/5 ──────────────────────────────
  CA   — AUC: 0.8270  AUPRC: 0.3822  Brier: 0.1957  Acc: 0.7883  F1: 0.4912  (best ep=17, thresh=0.643)

── Fold 4/5 ──────────────────────────────
  CA   — AUC: 0.8135  AUPRC: 0.3852  Brier: 0.2214  Acc: 0.7445  F1: 0.4444  (best ep=100, thresh=0.620)

── Fold 5/5 ──────────────────────────────
  CA   — AUC: 0.8301  AUPRC: 0.3053  Brier: 0.1818  Acc: 0.7737  F1: 0.4746  (best ep=126, thresh=0.494)

===========================================================================
CrossAttn  —  5-Fold CV Summary
===========================================================================
  Fold      AUC-ROC      AUPRC      Brier   Accuracy         F1
  ----------------------------------------------------------
  1          0.7939     0.3172     0.1687     0.7464     0.4444
  2          0.8123     0.3649     0.1705     0.7391     0.4375
  3          0.8270     0.3822     0.1957     0.7883     0.4912
  4          0.8135     0.3852     0.2214     0.7445     0.4444
  5          0.8301     0.3053     0.1818     0.7737     0.4746
  ──────────────────────────────────────────────────────────
  Mean       0.8154     0.3509     0.1876     0.7584     0.4584
  ±Std       0.0128     0.0334     0.0194     0.0192     0.0208
  [M2/crop60] Evaluating on test set (med_epoch=17, thresh=0.555) ...

=======================================================
CrossAttn Test Evaluation  (scale_clin=True, scale_aec=True, threshold=0.555)
=======================================================
CrossAttn — training final model for 17 epochs on full CV set …

CrossAttn — Test Set (Overall):
  AUC: 0.8934  AUPRC: 0.6140  Brier: 0.1703  Acc: 0.7616  F1: 0.4938

CrossAttn — Test Set (By Sex):
  [M] n=71  AUC: 0.9182  AUPRC: 0.7808  Brier: 0.2032  Acc: 0.7183  F1: 0.5238
              precision    recall  f1-score   support

      Normal       1.00      0.67      0.80        60
  Sarcopenia       0.35      1.00      0.52        11

    accuracy                           0.72        71
   macro avg       0.68      0.83      0.66        71
weighted avg       0.90      0.72      0.76        71

  [F] n=101  AUC: 0.8868  AUPRC: 0.4620  Brier: 0.1471  Acc: 0.7921  F1: 0.4615
              precision    recall  f1-score   support

      Normal       0.99      0.78      0.87        91
  Sarcopenia       0.31      0.90      0.46        10

    accuracy                           0.79       101
   macro avg       0.65      0.84      0.67       101
weighted avg       0.92      0.79      0.83       101


───────────────────────────────────────────────────────
Test Set — Bootstrap CI
───────────────────────────────────────────────────────

  Bootstrap 95% CI — CrossAttn  (n_boot=2000)
  Metric         Estimate   95% CI Lower   95% CI Upper
  ----------------------------------------------------
  AUC-ROC          0.8934         0.8310         0.9463
  AUPRC            0.6140         0.4082         0.7894
  Brier            0.1703         0.1374         0.2045
  Accuracy         0.7616         0.6977         0.8256
  F1               0.4938         0.3478         0.6214
  [M2/crop60] Saving figures ...

Saved (model 2 (crop60)):
  연구코드/results/0529/t12_pubis/model_2\aec256\crop60/data_distribution.png
  연구코드/results/0529/t12_pubis/model_2\aec256\crop60/cv_roc_curves.png
  연구코드/results/0529/t12_pubis/model_2\aec256\crop60/cv_metric_distribution.png
  연구코드/results/0529/t12_pubis/model_2\aec256\crop60/training_curves.png
  연구코드/results/0529/t12_pubis/model_2\aec256\crop60/test_roc_curves.png
  연구코드/results/0529/t12_pubis/model_2\aec256\crop60/test_roc_by_sex.png
  연구코드/results/0529/t12_pubis/model_2\aec256\crop60/confusion_matrices.png
  연구코드/results/0529/t12_pubis/model_2\aec256\crop60/calibration.png
  연구코드/results/0529/t12_pubis/model_2\aec256\crop60/results.md
  [M2/crop60] Plotting attention maps ...
  연구코드/results/0529/t12_pubis/model_2\aec256\crop60/attention_map_c2a.png
  연구코드/results/0529/t12_pubis/model_2\aec256\crop60/attention_heatmap_c2a.png
  연구코드/results/0529/t12_pubis/model_2\aec256\crop60/attention_map_a2c.png
  연구코드/results/0529/t12_pubis/model_2\aec256\crop60/attention_heatmap_a2c.png
  [M2/crop60] Plotting Grad-CAM ...
  연구코드/results/0529/t12_pubis/model_2\aec256\crop60/cam_aec_mean.png
  연구코드/results/0529/t12_pubis/model_2\aec256\crop60/cam_aec_lines.png
  연구코드/results/0529/t12_pubis/model_2\aec256\crop60/cam_aec_heatmap.png
  [M2/crop60] Done.

############################################################
  [M2 excl_extreme]  (scale_clinic=True, scale_aec=True)
############################################################
  [M2/excl_extreme] Cross-validating CrossAttn ...
=======================================================
5-Fold CV  [CrossAttn | scale_clin=True, scale_aec=True]
=======================================================

── Fold 1/5 ──────────────────────────────
  CA   — AUC: 0.8253  AUPRC: 0.6014  Brier: 0.1977  Acc: 0.9113  F1: 0.6667  (best ep=29, thresh=0.819)

── Fold 2/5 ──────────────────────────────
  CA   — AUC: 0.8006  AUPRC: 0.3517  Brier: 0.1609  Acc: 0.7742  F1: 0.4400  (best ep=10, thresh=0.518)

── Fold 3/5 ──────────────────────────────
  CA   — AUC: 0.8617  AUPRC: 0.3431  Brier: 0.1190  Acc: 0.7642  F1: 0.4727  (best ep=6, thresh=0.380)

── Fold 4/5 ──────────────────────────────
  CA   — AUC: 0.7602  AUPRC: 0.3037  Brier: 0.2357  Acc: 0.5691  F1: 0.3291  (best ep=3, thresh=0.421)

── Fold 5/5 ──────────────────────────────
  CA   — AUC: 0.8014  AUPRC: 0.2841  Brier: 0.2923  Acc: 0.7724  F1: 0.4400  (best ep=3, thresh=0.725)

===========================================================================
CrossAttn  —  5-Fold CV Summary
===========================================================================
  Fold      AUC-ROC      AUPRC      Brier   Accuracy         F1
  ----------------------------------------------------------
  1          0.8253     0.6014     0.1977     0.9113     0.6667
  2          0.8006     0.3517     0.1609     0.7742     0.4400
  3          0.8617     0.3431     0.1190     0.7642     0.4727
  4          0.7602     0.3037     0.2357     0.5691     0.3291
  5          0.8014     0.2841     0.2923     0.7724     0.4400
  ──────────────────────────────────────────────────────────
  Mean       0.8099     0.3768     0.2011     0.7582     0.4697
  ±Std       0.0333     0.1150     0.0598     0.1093     0.1098
  [M2/excl_extreme] Evaluating on test set (med_epoch=6, thresh=0.518) ...

=======================================================
CrossAttn Test Evaluation  (scale_clin=True, scale_aec=True, threshold=0.518)
=======================================================
CrossAttn — training final model for 6 epochs on full CV set …

CrossAttn — Test Set (Overall):
  AUC: 0.8790  AUPRC: 0.5129  Brier: 0.2094  Acc: 0.6753  F1: 0.4444

CrossAttn — Test Set (By Sex):
  [M] n=64  AUC: 0.8593  AUPRC: 0.5928  Brier: 0.2269  Acc: 0.6719  F1: 0.5116
              precision    recall  f1-score   support

      Normal       1.00      0.60      0.75        53
  Sarcopenia       0.34      1.00      0.51        11

    accuracy                           0.67        64
   macro avg       0.67      0.80      0.63        64
weighted avg       0.89      0.67      0.71        64

  [F] n=90  AUC: 0.8912  AUPRC: 0.5109  Brier: 0.1971  Acc: 0.6778  F1: 0.3830
              precision    recall  f1-score   support

      Normal       0.98      0.65      0.78        80
  Sarcopenia       0.24      0.90      0.38        10

    accuracy                           0.68        90
   macro avg       0.61      0.78      0.58        90
weighted avg       0.90      0.68      0.74        90


───────────────────────────────────────────────────────
Test Set — Bootstrap CI
───────────────────────────────────────────────────────

  Bootstrap 95% CI — CrossAttn  (n_boot=2000)
  Metric         Estimate   95% CI Lower   95% CI Upper
  ----------------------------------------------------
  AUC-ROC          0.8790         0.8080         0.9353
  AUPRC            0.5129         0.3128         0.7107
  Brier            0.2094         0.1694         0.2520
  Accuracy         0.6753         0.5974         0.7468
  F1               0.4444         0.3059         0.5636
  [M2/excl_extreme] Saving figures ...

Saved (model 2 (excl_extreme)):
  연구코드/results/0529/t12_pubis/model_2\aec256\excl_extreme/data_distribution.png
  연구코드/results/0529/t12_pubis/model_2\aec256\excl_extreme/cv_roc_curves.png
  연구코드/results/0529/t12_pubis/model_2\aec256\excl_extreme/cv_metric_distribution.png
  연구코드/results/0529/t12_pubis/model_2\aec256\excl_extreme/training_curves.png
  연구코드/results/0529/t12_pubis/model_2\aec256\excl_extreme/test_roc_curves.png
  연구코드/results/0529/t12_pubis/model_2\aec256\excl_extreme/test_roc_by_sex.png
  연구코드/results/0529/t12_pubis/model_2\aec256\excl_extreme/confusion_matrices.png
  연구코드/results/0529/t12_pubis/model_2\aec256\excl_extreme/calibration.png
  연구코드/results/0529/t12_pubis/model_2\aec256\excl_extreme/results.md
  [M2/excl_extreme] Plotting attention maps ...
  연구코드/results/0529/t12_pubis/model_2\aec256\excl_extreme/attention_map_c2a.png
  연구코드/results/0529/t12_pubis/model_2\aec256\excl_extreme/attention_heatmap_c2a.png
  연구코드/results/0529/t12_pubis/model_2\aec256\excl_extreme/attention_map_a2c.png
  연구코드/results/0529/t12_pubis/model_2\aec256\excl_extreme/attention_heatmap_a2c.png
  [M2/excl_extreme] Plotting Grad-CAM ...
  연구코드/results/0529/t12_pubis/model_2\aec256\excl_extreme/cam_aec_mean.png
  연구코드/results/0529/t12_pubis/model_2\aec256\excl_extreme/cam_aec_lines.png
  연구코드/results/0529/t12_pubis/model_2\aec256\excl_extreme/cam_aec_heatmap.png
  [M2/excl_extreme] Done.
