============================================================
  MODEL 3 — Clinic + Scanner + AEC (aec256)  (5 AEC variants)
============================================================

############################################################
  [M3 norm]  (scale_clinic=True, scale_aec=True)
############################################################
  [M3/norm] Cross-validating CrossAttn3 ...
=================================================================
5-Fold CV  [CrossAttn3 | scale_clin=True, scale_aec=True]
=================================================================

── Fold 1/5 ──────────────────────────────
  CA3  — AUC: 0.7890  AUPRC: 0.3687  Brier: 0.1592  Acc: 0.6594  F1: 0.3733  (best ep=9, thresh=0.313)

── Fold 2/5 ──────────────────────────────
  CA3  — AUC: 0.7837  AUPRC: 0.4282  Brier: 0.1468  Acc: 0.6957  F1: 0.4167  (best ep=78, thresh=0.309)

── Fold 3/5 ──────────────────────────────
  CA3  — AUC: 0.8430  AUPRC: 0.4120  Brier: 0.1569  Acc: 0.7810  F1: 0.4828  (best ep=6, thresh=0.526)

── Fold 4/5 ──────────────────────────────
  CA3  — AUC: 0.7825  AUPRC: 0.3718  Brier: 0.2022  Acc: 0.7080  F1: 0.4118  (best ep=14, thresh=0.531)

── Fold 5/5 ──────────────────────────────
  CA3  — AUC: 0.8425  AUPRC: 0.4587  Brier: 0.1423  Acc: 0.7737  F1: 0.4746  (best ep=61, thresh=0.345)

===========================================================================
CrossAttn3  —  5-Fold CV Summary
===========================================================================
  Fold      AUC-ROC      AUPRC      Brier   Accuracy         F1
  ----------------------------------------------------------
  1          0.7890     0.3687     0.1592     0.6594     0.3733
  2          0.7837     0.4282     0.1468     0.6957     0.4167
  3          0.8430     0.4120     0.1569     0.7810     0.4828
  4          0.7825     0.3718     0.2022     0.7080     0.4118
  5          0.8425     0.4587     0.1423     0.7737     0.4746
  ──────────────────────────────────────────────────────────
  Mean       0.8081     0.4079     0.1615     0.7236     0.4318
  ±Std       0.0283     0.0342     0.0213     0.0468     0.0412
  [M3/norm] Evaluating on test set (med_epoch=14, thresh=0.345) ...

=================================================================
CrossAttn3 Test Evaluation  (scale_clin=True, scale_aec=True, threshold=0.345)
=================================================================
CrossAttn3 — training final model for 14 epochs on full CV set …

CrossAttn3 — Test Set (Overall):
  AUC: 0.8600  AUPRC: 0.4777  Brier: 0.1507  Acc: 0.6279  F1: 0.3725

CrossAttn3 — Test Set (By Sex):
  [M] n=71  AUC: 0.8773  AUPRC: 0.5984  Brier: 0.1976  Acc: 0.5634  F1: 0.4151
              precision    recall  f1-score   support

      Normal       1.00      0.48      0.65        60
  Sarcopenia       0.26      1.00      0.42        11

    accuracy                           0.56        71
   macro avg       0.63      0.74      0.53        71
weighted avg       0.89      0.56      0.62        71

  [F] n=101  AUC: 0.8527  AUPRC: 0.4090  Brier: 0.1177  Acc: 0.6733  F1: 0.3265
              precision    recall  f1-score   support

      Normal       0.97      0.66      0.78        91
  Sarcopenia       0.21      0.80      0.33        10

    accuracy                           0.67       101
   macro avg       0.59      0.73      0.56       101
weighted avg       0.89      0.67      0.74       101


───────────────────────────────────────────────────────
Test Set — Bootstrap CI
───────────────────────────────────────────────────────

  Bootstrap 95% CI — CrossAttn3  (n_boot=2000)
  Metric         Estimate   95% CI Lower   95% CI Upper
  ----------------------------------------------------
  AUC-ROC          0.8600         0.7749         0.9265
  AUPRC            0.4777         0.2876         0.6829
  Brier            0.1507         0.1246         0.1791
  Accuracy         0.6279         0.5523         0.7035
  F1               0.3725         0.2500         0.4870
  [M3/norm] Saving figures ...

Saved (model 3 (norm)):
  연구코드/results/0529/ok/model_3\aec256\norm/data_distribution.png
  연구코드/results/0529/ok/model_3\aec256\norm/cv_roc_curves.png
  연구코드/results/0529/ok/model_3\aec256\norm/cv_metric_distribution.png
  연구코드/results/0529/ok/model_3\aec256\norm/training_curves.png
  연구코드/results/0529/ok/model_3\aec256\norm/test_roc_curves.png
  연구코드/results/0529/ok/model_3\aec256\norm/test_roc_by_sex.png
  연구코드/results/0529/ok/model_3\aec256\norm/confusion_matrices.png
  연구코드/results/0529/ok/model_3\aec256\norm/calibration.png
  연구코드/results/0529/ok/model_3\aec256\norm/results.md
  [M3/norm] Plotting attention maps ...
  연구코드/results/0529/ok/model_3\aec256\norm/attention_map_c2a.png
  연구코드/results/0529/ok/model_3\aec256\norm/attention_heatmap_c2a.png
  연구코드/results/0529/ok/model_3\aec256\norm/attention_map_a2c.png
  연구코드/results/0529/ok/model_3\aec256\norm/attention_heatmap_a2c.png
  [M3/norm] Done.

############################################################
  [M3 excl_extreme]  (scale_clinic=True, scale_aec=True)
############################################################
  [M3/excl_extreme] Cross-validating CrossAttn3 ...
=================================================================
5-Fold CV  [CrossAttn3 | scale_clin=True, scale_aec=True]
=================================================================

── Fold 1/5 ──────────────────────────────
  CA3  — AUC: 0.8396  AUPRC: 0.6237  Brier: 0.1323  Acc: 0.7500  F1: 0.4364  (best ep=88, thresh=0.208)

── Fold 2/5 ──────────────────────────────
  CA3  — AUC: 0.7721  AUPRC: 0.3146  Brier: 0.1566  Acc: 0.7581  F1: 0.4231  (best ep=15, thresh=0.478)

── Fold 3/5 ──────────────────────────────
  CA3  — AUC: 0.8847  AUPRC: 0.4187  Brier: 0.1276  Acc: 0.7805  F1: 0.4906  (best ep=5, thresh=0.415)

── Fold 4/5 ──────────────────────────────
  CA3  — AUC: 0.7949  AUPRC: 0.4134  Brier: 0.2629  Acc: 0.7886  F1: 0.4583  (best ep=5, thresh=0.771)

── Fold 5/5 ──────────────────────────────
  CA3  — AUC: 0.7790  AUPRC: 0.2624  Brier: 0.2594  Acc: 0.6504  F1: 0.3582  (best ep=8, thresh=0.516)

===========================================================================
CrossAttn3  —  5-Fold CV Summary
===========================================================================
  Fold      AUC-ROC      AUPRC      Brier   Accuracy         F1
  ----------------------------------------------------------
  1          0.8396     0.6237     0.1323     0.7500     0.4364
  2          0.7721     0.3146     0.1566     0.7581     0.4231
  3          0.8847     0.4187     0.1276     0.7805     0.4906
  4          0.7949     0.4134     0.2629     0.7886     0.4583
  5          0.7790     0.2624     0.2594     0.6504     0.3582
  ──────────────────────────────────────────────────────────
  Mean       0.8141     0.4065     0.1877     0.7455     0.4333
  ±Std       0.0424     0.1238     0.0607     0.0496     0.0440
  [M3/excl_extreme] Evaluating on test set (med_epoch=8, thresh=0.478) ...

=================================================================
CrossAttn3 Test Evaluation  (scale_clin=True, scale_aec=True, threshold=0.478)
=================================================================
CrossAttn3 — training final model for 8 epochs on full CV set …

CrossAttn3 — Test Set (Overall):
  AUC: 0.8464  AUPRC: 0.5653  Brier: 0.1946  Acc: 0.6558  F1: 0.4045

CrossAttn3 — Test Set (By Sex):
  [M] n=64  AUC: 0.8868  AUPRC: 0.6985  Brier: 0.2020  Acc: 0.6250  F1: 0.4545
              precision    recall  f1-score   support

      Normal       0.97      0.57      0.71        53
  Sarcopenia       0.30      0.91      0.45        11

    accuracy                           0.62        64
   macro avg       0.64      0.74      0.58        64
weighted avg       0.85      0.62      0.67        64

  [F] n=90  AUC: 0.8050  AUPRC: 0.4418  Brier: 0.1894  Acc: 0.6778  F1: 0.3556
              precision    recall  f1-score   support

      Normal       0.96      0.66      0.79        80
  Sarcopenia       0.23      0.80      0.36        10

    accuracy                           0.68        90
   macro avg       0.60      0.73      0.57        90
weighted avg       0.88      0.68      0.74        90


───────────────────────────────────────────────────────
Test Set — Bootstrap CI
───────────────────────────────────────────────────────

  Bootstrap 95% CI — CrossAttn3  (n_boot=2000)
  Metric         Estimate   95% CI Lower   95% CI Upper
  ----------------------------------------------------
  AUC-ROC          0.8464         0.7434         0.9292
  AUPRC            0.5653         0.3503         0.7591
  Brier            0.1946         0.1565         0.2346
  Accuracy         0.6558         0.5779         0.7273
  F1               0.4045         0.2683         0.5243
  [M3/excl_extreme] Saving figures ...

Saved (model 3 (excl_extreme)):
  연구코드/results/0529/ok/model_3\aec256\excl_extreme/data_distribution.png
  연구코드/results/0529/ok/model_3\aec256\excl_extreme/cv_roc_curves.png
  연구코드/results/0529/ok/model_3\aec256\excl_extreme/cv_metric_distribution.png
  연구코드/results/0529/ok/model_3\aec256\excl_extreme/training_curves.png
  연구코드/results/0529/ok/model_3\aec256\excl_extreme/test_roc_curves.png
  연구코드/results/0529/ok/model_3\aec256\excl_extreme/test_roc_by_sex.png
  연구코드/results/0529/ok/model_3\aec256\excl_extreme/confusion_matrices.png
  연구코드/results/0529/ok/model_3\aec256\excl_extreme/calibration.png
  연구코드/results/0529/ok/model_3\aec256\excl_extreme/results.md
  [M3/excl_extreme] Plotting attention maps ...
  연구코드/results/0529/ok/model_3\aec256\excl_extreme/attention_map_c2a.png
  연구코드/results/0529/ok/model_3\aec256\excl_extreme/attention_heatmap_c2a.png
  연구코드/results/0529/ok/model_3\aec256\excl_extreme/attention_map_a2c.png
  연구코드/results/0529/ok/model_3\aec256\excl_extreme/attention_heatmap_a2c.png
  [M3/excl_extreme] Done.

############################################################
  [M3 len128]  (scale_clinic=True, scale_aec=True)
############################################################
  [M3/len128] Cross-validating CrossAttn3 ...
=================================================================
5-Fold CV  [CrossAttn3 | scale_clin=True, scale_aec=True]
=================================================================

── Fold 1/5 ──────────────────────────────
  CA3  — AUC: 0.7997  AUPRC: 0.3748  Brier: 0.1872  Acc: 0.6957  F1: 0.4167  (best ep=5, thresh=0.461)

── Fold 2/5 ──────────────────────────────
  CA3  — AUC: 0.7939  AUPRC: 0.3362  Brier: 0.2056  Acc: 0.7029  F1: 0.4225  (best ep=3, thresh=0.517)

── Fold 3/5 ──────────────────────────────
  CA3  — AUC: 0.8394  AUPRC: 0.3738  Brier: 0.1483  Acc: 0.7299  F1: 0.4478  (best ep=51, thresh=0.338)

── Fold 4/5 ──────────────────────────────
  CA3  — AUC: 0.8063  AUPRC: 0.5241  Brier: 0.1508  Acc: 0.7226  F1: 0.4242  (best ep=6, thresh=0.389)

── Fold 5/5 ──────────────────────────────
  CA3  — AUC: 0.8161  AUPRC: 0.2823  Brier: 0.1853  Acc: 0.7591  F1: 0.4590  (best ep=9, thresh=0.527)

===========================================================================
CrossAttn3  —  5-Fold CV Summary
===========================================================================
  Fold      AUC-ROC      AUPRC      Brier   Accuracy         F1
  ----------------------------------------------------------
  1          0.7997     0.3748     0.1872     0.6957     0.4167
  2          0.7939     0.3362     0.2056     0.7029     0.4225
  3          0.8394     0.3738     0.1483     0.7299     0.4478
  4          0.8063     0.5241     0.1508     0.7226     0.4242
  5          0.8161     0.2823     0.1853     0.7591     0.4590
  ──────────────────────────────────────────────────────────
  Mean       0.8111     0.3782     0.1754     0.7220     0.4340
  ±Std       0.0160     0.0803     0.0223     0.0224     0.0164
  [M3/len128] Evaluating on test set (med_epoch=6, thresh=0.461) ...

=================================================================
CrossAttn3 Test Evaluation  (scale_clin=True, scale_aec=True, threshold=0.461)
=================================================================
CrossAttn3 — training final model for 6 epochs on full CV set …

CrossAttn3 — Test Set (Overall):
  AUC: 0.8590  AUPRC: 0.5586  Brier: 0.2450  Acc: 0.5640  F1: 0.3478

CrossAttn3 — Test Set (By Sex):
  [M] n=71  AUC: 0.8773  AUPRC: 0.6662  Brier: 0.2592  Acc: 0.5775  F1: 0.4231
              precision    recall  f1-score   support

      Normal       1.00      0.50      0.67        60
  Sarcopenia       0.27      1.00      0.42        11

    accuracy                           0.58        71
   macro avg       0.63      0.75      0.54        71
weighted avg       0.89      0.58      0.63        71

  [F] n=101  AUC: 0.8352  AUPRC: 0.4341  Brier: 0.2349  Acc: 0.5545  F1: 0.2857
              precision    recall  f1-score   support

      Normal       0.98      0.52      0.68        91
  Sarcopenia       0.17      0.90      0.29        10

    accuracy                           0.55       101
   macro avg       0.57      0.71      0.48       101
weighted avg       0.90      0.55      0.64       101


───────────────────────────────────────────────────────
Test Set — Bootstrap CI
───────────────────────────────────────────────────────

  Bootstrap 95% CI — CrossAttn3  (n_boot=2000)
  Metric         Estimate   95% CI Lower   95% CI Upper
  ----------------------------------------------------
  AUC-ROC          0.8590         0.7697         0.9322
  AUPRC            0.5586         0.3472         0.7545
  Brier            0.2450         0.2060         0.2851
  Accuracy         0.5640         0.4884         0.6395
  F1               0.3478         0.2316         0.4590
  [M3/len128] Saving figures ...

Saved (model 3 (len128)):
  연구코드/results/0529/ok/model_3\aec256\len128/data_distribution.png
  연구코드/results/0529/ok/model_3\aec256\len128/cv_roc_curves.png
  연구코드/results/0529/ok/model_3\aec256\len128/cv_metric_distribution.png
  연구코드/results/0529/ok/model_3\aec256\len128/training_curves.png
  연구코드/results/0529/ok/model_3\aec256\len128/test_roc_curves.png
  연구코드/results/0529/ok/model_3\aec256\len128/test_roc_by_sex.png
  연구코드/results/0529/ok/model_3\aec256\len128/confusion_matrices.png
  연구코드/results/0529/ok/model_3\aec256\len128/calibration.png
  연구코드/results/0529/ok/model_3\aec256\len128/results.md
  [M3/len128] Plotting attention maps ...
  연구코드/results/0529/ok/model_3\aec256\len128/attention_map_c2a.png
  연구코드/results/0529/ok/model_3\aec256\len128/attention_heatmap_c2a.png
  연구코드/results/0529/ok/model_3\aec256\len128/attention_map_a2c.png
  연구코드/results/0529/ok/model_3\aec256\len128/attention_heatmap_a2c.png
  [M3/len128] Done.

############################################################
  [M3 crop80]  (scale_clinic=True, scale_aec=True)
############################################################
  [M3/crop80] Cross-validating CrossAttn3 ...
=================================================================
5-Fold CV  [CrossAttn3 | scale_clin=True, scale_aec=True]
=================================================================

── Fold 1/5 ──────────────────────────────
  CA3  — AUC: 0.7992  AUPRC: 0.4394  Brier: 0.1210  Acc: 0.8333  F1: 0.5306  (best ep=41, thresh=0.386)

── Fold 2/5 ──────────────────────────────
  CA3  — AUC: 0.8046  AUPRC: 0.4267  Brier: 0.2116  Acc: 0.6667  F1: 0.3947  (best ep=1, thresh=0.506)

── Fold 3/5 ──────────────────────────────
  CA3  — AUC: 0.8213  AUPRC: 0.3772  Brier: 0.1719  Acc: 0.6861  F1: 0.4110  (best ep=11, thresh=0.419)

── Fold 4/5 ──────────────────────────────
  CA3  — AUC: 0.7903  AUPRC: 0.3457  Brier: 0.1832  Acc: 0.7226  F1: 0.4242  (best ep=28, thresh=0.470)

── Fold 5/5 ──────────────────────────────
  CA3  — AUC: 0.8104  AUPRC: 0.2887  Brier: 0.1593  Acc: 0.7518  F1: 0.4688  (best ep=25, thresh=0.384)

===========================================================================
CrossAttn3  —  5-Fold CV Summary
===========================================================================
  Fold      AUC-ROC      AUPRC      Brier   Accuracy         F1
  ----------------------------------------------------------
  1          0.7992     0.4394     0.1210     0.8333     0.5306
  2          0.8046     0.4267     0.2116     0.6667     0.3947
  3          0.8213     0.3772     0.1719     0.6861     0.4110
  4          0.7903     0.3457     0.1832     0.7226     0.4242
  5          0.8104     0.2887     0.1593     0.7518     0.4688
  ──────────────────────────────────────────────────────────
  Mean       0.8052     0.3755     0.1694     0.7321     0.4459
  ±Std       0.0104     0.0550     0.0298     0.0585     0.0490
  [M3/crop80] Evaluating on test set (med_epoch=25, thresh=0.419) ...

=================================================================
CrossAttn3 Test Evaluation  (scale_clin=True, scale_aec=True, threshold=0.419)
=================================================================
CrossAttn3 — training final model for 25 epochs on full CV set …

CrossAttn3 — Test Set (Overall):
  AUC: 0.8231  AUPRC: 0.4210  Brier: 0.2045  Acc: 0.6744  F1: 0.3778

CrossAttn3 — Test Set (By Sex):
  [M] n=71  AUC: 0.8136  AUPRC: 0.5112  Brier: 0.2582  Acc: 0.6056  F1: 0.4167
              precision    recall  f1-score   support

      Normal       0.97      0.55      0.70        60
  Sarcopenia       0.27      0.91      0.42        11

    accuracy                           0.61        71
   macro avg       0.62      0.73      0.56        71
weighted avg       0.86      0.61      0.66        71

  [F] n=101  AUC: 0.8187  AUPRC: 0.3251  Brier: 0.1667  Acc: 0.7228  F1: 0.3333
              precision    recall  f1-score   support

      Normal       0.96      0.73      0.82        91
  Sarcopenia       0.22      0.70      0.33        10

    accuracy                           0.72       101
   macro avg       0.59      0.71      0.58       101
weighted avg       0.88      0.72      0.78       101


───────────────────────────────────────────────────────
Test Set — Bootstrap CI
───────────────────────────────────────────────────────

  Bootstrap 95% CI — CrossAttn3  (n_boot=2000)
  Metric         Estimate   95% CI Lower   95% CI Upper
  ----------------------------------------------------
  AUC-ROC          0.8231         0.7370         0.9020
  AUPRC            0.4210         0.2333         0.6435
  Brier            0.2045         0.1620         0.2493
  Accuracy         0.6744         0.5988         0.7442
  F1               0.3778         0.2424         0.5047
  [M3/crop80] Saving figures ...

Saved (model 3 (crop80)):
  연구코드/results/0529/ok/model_3\aec256\crop80/data_distribution.png
  연구코드/results/0529/ok/model_3\aec256\crop80/cv_roc_curves.png
  연구코드/results/0529/ok/model_3\aec256\crop80/cv_metric_distribution.png
  연구코드/results/0529/ok/model_3\aec256\crop80/training_curves.png
  연구코드/results/0529/ok/model_3\aec256\crop80/test_roc_curves.png
  연구코드/results/0529/ok/model_3\aec256\crop80/test_roc_by_sex.png
  연구코드/results/0529/ok/model_3\aec256\crop80/confusion_matrices.png
  연구코드/results/0529/ok/model_3\aec256\crop80/calibration.png
  연구코드/results/0529/ok/model_3\aec256\crop80/results.md
  [M3/crop80] Plotting attention maps ...
  연구코드/results/0529/ok/model_3\aec256\crop80/attention_map_c2a.png
  연구코드/results/0529/ok/model_3\aec256\crop80/attention_heatmap_c2a.png
  연구코드/results/0529/ok/model_3\aec256\crop80/attention_map_a2c.png
  연구코드/results/0529/ok/model_3\aec256\crop80/attention_heatmap_a2c.png
  [M3/crop80] Done.

############################################################
  [M3 crop60]  (scale_clinic=True, scale_aec=True)
############################################################
  [M3/crop60] Cross-validating CrossAttn3 ...
=================================================================
5-Fold CV  [CrossAttn3 | scale_clin=True, scale_aec=True]
=================================================================

── Fold 1/5 ──────────────────────────────
  CA3  — AUC: 0.7842  AUPRC: 0.3296  Brier: 0.1455  Acc: 0.7971  F1: 0.5000  (best ep=29, thresh=0.480)

── Fold 2/5 ──────────────────────────────
  CA3  — AUC: 0.8162  AUPRC: 0.3876  Brier: 0.2288  Acc: 0.6667  F1: 0.3947  (best ep=9, thresh=0.507)

── Fold 3/5 ──────────────────────────────
  CA3  — AUC: 0.8461  AUPRC: 0.4194  Brier: 0.1466  Acc: 0.7664  F1: 0.4667  (best ep=15, thresh=0.512)

── Fold 4/5 ──────────────────────────────
  CA3  — AUC: 0.8223  AUPRC: 0.3999  Brier: 0.1625  Acc: 0.7299  F1: 0.4478  (best ep=33, thresh=0.353)

── Fold 5/5 ──────────────────────────────
  CA3  — AUC: 0.8171  AUPRC: 0.3136  Brier: 0.2222  Acc: 0.7737  F1: 0.4746  (best ep=25, thresh=0.711)

===========================================================================
CrossAttn3  —  5-Fold CV Summary
===========================================================================
  Fold      AUC-ROC      AUPRC      Brier   Accuracy         F1
  ----------------------------------------------------------
  1          0.7842     0.3296     0.1455     0.7971     0.5000
  2          0.8162     0.3876     0.2288     0.6667     0.3947
  3          0.8461     0.4194     0.1466     0.7664     0.4667
  4          0.8223     0.3999     0.1625     0.7299     0.4478
  5          0.8171     0.3136     0.2222     0.7737     0.4746
  ──────────────────────────────────────────────────────────
  Mean       0.8172     0.3700     0.1811     0.7468     0.4567
  ±Std       0.0198     0.0411     0.0368     0.0455     0.0353
  [M3/crop60] Evaluating on test set (med_epoch=25, thresh=0.507) ...

=================================================================
CrossAttn3 Test Evaluation  (scale_clin=True, scale_aec=True, threshold=0.507)
=================================================================
CrossAttn3 — training final model for 25 epochs on full CV set …

CrossAttn3 — Test Set (Overall):
  AUC: 0.8401  AUPRC: 0.4136  Brier: 0.1797  Acc: 0.7209  F1: 0.4146

CrossAttn3 — Test Set (By Sex):
  [M] n=71  AUC: 0.8394  AUPRC: 0.5423  Brier: 0.2231  Acc: 0.6479  F1: 0.4186
              precision    recall  f1-score   support

      Normal       0.95      0.62      0.75        60
  Sarcopenia       0.28      0.82      0.42        11

    accuracy                           0.65        71
   macro avg       0.61      0.72      0.58        71
weighted avg       0.85      0.65      0.70        71

  [F] n=101  AUC: 0.8396  AUPRC: 0.3390  Brier: 0.1492  Acc: 0.7723  F1: 0.4103
              precision    recall  f1-score   support

      Normal       0.97      0.77      0.86        91
  Sarcopenia       0.28      0.80      0.41        10

    accuracy                           0.77       101
   macro avg       0.62      0.78      0.63       101
weighted avg       0.90      0.77      0.81       101


───────────────────────────────────────────────────────
Test Set — Bootstrap CI
───────────────────────────────────────────────────────

  Bootstrap 95% CI — CrossAttn3  (n_boot=2000)
  Metric         Estimate   95% CI Lower   95% CI Upper
  ----------------------------------------------------
  AUC-ROC          0.8401         0.7435         0.9203
  AUPRC            0.4136         0.2517         0.6529
  Brier            0.1797         0.1419         0.2184
  Accuracy         0.7209         0.6512         0.7907
  F1               0.4146         0.2703         0.5476
  [M3/crop60] Saving figures ...

Saved (model 3 (crop60)):
  연구코드/results/0529/ok/model_3\aec256\crop60/data_distribution.png
  연구코드/results/0529/ok/model_3\aec256\crop60/cv_roc_curves.png
  연구코드/results/0529/ok/model_3\aec256\crop60/cv_metric_distribution.png
  연구코드/results/0529/ok/model_3\aec256\crop60/training_curves.png
  연구코드/results/0529/ok/model_3\aec256\crop60/test_roc_curves.png
  연구코드/results/0529/ok/model_3\aec256\crop60/test_roc_by_sex.png
  연구코드/results/0529/ok/model_3\aec256\crop60/confusion_matrices.png
  연구코드/results/0529/ok/model_3\aec256\crop60/calibration.png
  연구코드/results/0529/ok/model_3\aec256\crop60/results.md
  [M3/crop60] Plotting attention maps ...
  연구코드/results/0529/ok/model_3\aec256\crop60/attention_map_c2a.png
  연구코드/results/0529/ok/model_3\aec256\crop60/attention_heatmap_c2a.png
  연구코드/results/0529/ok/model_3\aec256\crop60/attention_map_a2c.png
  연구코드/results/0529/ok/model_3\aec256\crop60/attention_heatmap_a2c.png
  [M3/crop60] Done.
