============================================================
  MODEL 3 — Clinic + Scanner + AEC (aec103)  (4 AEC variants)
============================================================

############################################################
  [M3 raw]  (scale_clinic=True, scale_aec=none)
############################################################
  [M3/raw] Cross-validating CrossAttn3 ...
=================================================================
5-Fold CV  [CrossAttn3 | scale_clin=True, scale_aec=none]
=================================================================

── Fold 1/5 ──────────────────────────────
  CA3  — AUC: 0.7025  AUPRC: 0.2422  Brier: 0.2747  Acc: 0.4481  F1: 0.2837  (best ep=499, thresh=0.462)

── Fold 2/5 ──────────────────────────────
  CA3  — AUC: 0.7898  AUPRC: 0.3319  Brier: 0.2499  Acc: 0.7923  F1: 0.4062  (best ep=438, thresh=0.605)

── Fold 3/5 ──────────────────────────────
  CA3  — AUC: 0.7953  AUPRC: 0.4046  Brier: 0.2599  Acc: 0.5902  F1: 0.3119  (best ep=368, thresh=0.498)

── Fold 4/5 ──────────────────────────────
  CA3  — AUC: 0.7834  AUPRC: 0.3584  Brier: 0.2295  Acc: 0.8197  F1: 0.4407  (best ep=410, thresh=0.620)

── Fold 5/5 ──────────────────────────────
  CA3  — AUC: 0.7304  AUPRC: 0.2020  Brier: 0.2094  Acc: 0.7033  F1: 0.3721  (best ep=26, thresh=0.448)

===========================================================================
CrossAttn3  —  5-Fold CV Summary
===========================================================================
  Fold      AUC-ROC      AUPRC      Brier   Accuracy         F1
  ----------------------------------------------------------
  1          0.7025     0.2422     0.2747     0.4481     0.2837
  2          0.7898     0.3319     0.2499     0.7923     0.4062
  3          0.7953     0.4046     0.2599     0.5902     0.3119
  4          0.7834     0.3584     0.2295     0.8197     0.4407
  5          0.7304     0.2020     0.2094     0.7033     0.3721
  ──────────────────────────────────────────────────────────
  Mean       0.7603     0.3078     0.2447     0.6707     0.3629
  ±Std       0.0371     0.0748     0.0230     0.1372     0.0581
  [M3/raw] Evaluating on test set (med_epoch=410, thresh=0.498) ...

=================================================================
CrossAttn3 Test Evaluation  (scale_clin=True, scale_aec=none, threshold=0.498)
=================================================================
CrossAttn3 — training final model for 410 epochs on full CV set …
  [CrossAttn3] Model weights saved → 연구코드/results/0605/stage4_1e-05_epoch500/model_3\crop80\raw\M3_raw_weights.pt

CrossAttn3 — Test Set (Overall):
  AUC: 0.7409  AUPRC: 0.2323  Brier: 0.2675  Acc: 0.5109  F1: 0.2821

CrossAttn3 — Test Set (By Sex):
  [M] n=82  AUC: 0.6990  AUPRC: 0.2820  Brier: 0.2990  Acc: 0.4390  F1: 0.3429
              precision    recall  f1-score   support

      Normal       0.96      0.35      0.51        69
  Sarcopenia       0.21      0.92      0.34        13

    accuracy                           0.44        82
   macro avg       0.59      0.64      0.43        82
weighted avg       0.84      0.44      0.48        82

  [F] n=147  AUC: 0.7340  AUPRC: 0.1762  Brier: 0.2499  Acc: 0.5510  F1: 0.2326
              precision    recall  f1-score   support

      Normal       0.99      0.52      0.68       136
  Sarcopenia       0.13      0.91      0.23        11

    accuracy                           0.55       147
   macro avg       0.56      0.72      0.46       147
weighted avg       0.92      0.55      0.65       147


───────────────────────────────────────────────────────
Test Set — Bootstrap CI
───────────────────────────────────────────────────────

  Bootstrap 95% CI — CrossAttn3  (n_boot=2000)
  Metric         Estimate   95% CI Lower   95% CI Upper
  ----------------------------------------------------
  AUC-ROC          0.7409         0.6508         0.8331
  AUPRC            0.2323         0.1444         0.4122
  Brier            0.2675         0.2487         0.2861
  Accuracy         0.5109         0.4454         0.5764
  F1               0.2821         0.1923         0.3759
  [M3/raw] Saving figures ...

Saved (model 3 (raw)):
  연구코드/results/0605/stage4_1e-05_epoch500/model_3\crop80\raw/data_distribution.png
  연구코드/results/0605/stage4_1e-05_epoch500/model_3\crop80\raw/cv_roc_curves.png
  연구코드/results/0605/stage4_1e-05_epoch500/model_3\crop80\raw/cv_metric_distribution.png
  연구코드/results/0605/stage4_1e-05_epoch500/model_3\crop80\raw/training_curves.png
  연구코드/results/0605/stage4_1e-05_epoch500/model_3\crop80\raw/test_roc_curves.png
  연구코드/results/0605/stage4_1e-05_epoch500/model_3\crop80\raw/test_roc_by_sex.png
  연구코드/results/0605/stage4_1e-05_epoch500/model_3\crop80\raw/confusion_matrices.png
  연구코드/results/0605/stage4_1e-05_epoch500/model_3\crop80\raw/calibration.png
  연구코드/results/0605/stage4_1e-05_epoch500/model_3\crop80\raw/results.md
  [M3/raw] Plotting attention maps ...
  연구코드/results/0605/stage4_1e-05_epoch500/model_3\crop80\raw/attention_map_c2a.png
  연구코드/results/0605/stage4_1e-05_epoch500/model_3\crop80\raw/attention_heatmap_c2a.png
  연구코드/results/0605/stage4_1e-05_epoch500/model_3\crop80\raw/attention_map_a2c.png
  연구코드/results/0605/stage4_1e-05_epoch500/model_3\crop80\raw/attention_heatmap_a2c.png
  [M3/raw] Plotting Grad-CAM ...
  연구코드/results/0605/stage4_1e-05_epoch500/model_3\crop80\raw/cam_aec_mean.png
  연구코드/results/0605/stage4_1e-05_epoch500/model_3\crop80\raw/cam_aec_lines.png
  연구코드/results/0605/stage4_1e-05_epoch500/model_3\crop80\raw/cam_aec_heatmap.png
  [M3/raw] Done.

############################################################
  [M3 std_scaled]  (scale_clinic=True, scale_aec=column)
############################################################
  [M3/std_scaled] Cross-validating CrossAttn3 ...
=================================================================
5-Fold CV  [CrossAttn3 | scale_clin=True, scale_aec=column]
=================================================================

── Fold 1/5 ──────────────────────────────
  CA3  — AUC: 0.7810  AUPRC: 0.3042  Brier: 0.2605  Acc: 0.6721  F1: 0.3617  (best ep=431, thresh=0.563)

── Fold 2/5 ──────────────────────────────
  CA3  — AUC: 0.8623  AUPRC: 0.4617  Brier: 0.2320  Acc: 0.8087  F1: 0.4615  (best ep=439, thresh=0.589)

── Fold 3/5 ──────────────────────────────
  CA3  — AUC: 0.7593  AUPRC: 0.4115  Brier: 0.2608  Acc: 0.8907  F1: 0.5238  (best ep=300, thresh=0.730)

── Fold 4/5 ──────────────────────────────
  CA3  — AUC: 0.7317  AUPRC: 0.2771  Brier: 0.2339  Acc: 0.7049  F1: 0.3415  (best ep=449, thresh=0.524)

── Fold 5/5 ──────────────────────────────
  CA3  — AUC: 0.7940  AUPRC: 0.3374  Brier: 0.2413  Acc: 0.8297  F1: 0.4364  (best ep=488, thresh=0.629)

===========================================================================
CrossAttn3  —  5-Fold CV Summary
===========================================================================
  Fold      AUC-ROC      AUPRC      Brier   Accuracy         F1
  ----------------------------------------------------------
  1          0.7810     0.3042     0.2605     0.6721     0.3617
  2          0.8623     0.4617     0.2320     0.8087     0.4615
  3          0.7593     0.4115     0.2608     0.8907     0.5238
  4          0.7317     0.2771     0.2339     0.7049     0.3415
  5          0.7940     0.3374     0.2413     0.8297     0.4364
  ──────────────────────────────────────────────────────────
  Mean       0.7857     0.3584     0.2457     0.7812     0.4250
  ±Std       0.0438     0.0685     0.0126     0.0810     0.0667
  [M3/std_scaled] Evaluating on test set (med_epoch=439, thresh=0.589) ...

=================================================================
CrossAttn3 Test Evaluation  (scale_clin=True, scale_aec=column, threshold=0.589)
=================================================================
CrossAttn3 — training final model for 439 epochs on full CV set …
  [CrossAttn3] Model weights saved → 연구코드/results/0605/stage4_1e-05_epoch500/model_3\crop80\std_scaled\M3_std_scaled_weights.pt

CrossAttn3 — Test Set (Overall):
  AUC: 0.7384  AUPRC: 0.2137  Brier: 0.2655  Acc: 0.6900  F1: 0.3107

CrossAttn3 — Test Set (By Sex):
  [M] n=82  AUC: 0.6901  AUPRC: 0.2550  Brier: 0.2821  Acc: 0.6707  F1: 0.3721
              precision    recall  f1-score   support

      Normal       0.90      0.68      0.78        69
  Sarcopenia       0.27      0.62      0.37        13

    accuracy                           0.67        82
   macro avg       0.59      0.65      0.57        82
weighted avg       0.80      0.67      0.71        82

  [F] n=147  AUC: 0.7614  AUPRC: 0.2129  Brier: 0.2562  Acc: 0.7007  F1: 0.2667
              precision    recall  f1-score   support

      Normal       0.97      0.70      0.81       136
  Sarcopenia       0.16      0.73      0.27        11

    accuracy                           0.70       147
   macro avg       0.57      0.71      0.54       147
weighted avg       0.91      0.70      0.77       147


───────────────────────────────────────────────────────
Test Set — Bootstrap CI
───────────────────────────────────────────────────────

  Bootstrap 95% CI — CrossAttn3  (n_boot=2000)
  Metric         Estimate   95% CI Lower   95% CI Upper
  ----------------------------------------------------
  AUC-ROC          0.7384         0.6374         0.8312
  AUPRC            0.2137         0.1394         0.3595
  Brier            0.2655         0.2458         0.2858
  Accuracy         0.6900         0.6288         0.7511
  F1               0.3107         0.1978         0.4260
  [M3/std_scaled] Saving figures ...

Saved (model 3 (std_scaled)):
  연구코드/results/0605/stage4_1e-05_epoch500/model_3\crop80\std_scaled/data_distribution.png
  연구코드/results/0605/stage4_1e-05_epoch500/model_3\crop80\std_scaled/cv_roc_curves.png
  연구코드/results/0605/stage4_1e-05_epoch500/model_3\crop80\std_scaled/cv_metric_distribution.png
  연구코드/results/0605/stage4_1e-05_epoch500/model_3\crop80\std_scaled/training_curves.png
  연구코드/results/0605/stage4_1e-05_epoch500/model_3\crop80\std_scaled/test_roc_curves.png
  연구코드/results/0605/stage4_1e-05_epoch500/model_3\crop80\std_scaled/test_roc_by_sex.png
  연구코드/results/0605/stage4_1e-05_epoch500/model_3\crop80\std_scaled/confusion_matrices.png
  연구코드/results/0605/stage4_1e-05_epoch500/model_3\crop80\std_scaled/calibration.png
  연구코드/results/0605/stage4_1e-05_epoch500/model_3\crop80\std_scaled/results.md
  [M3/std_scaled] Plotting attention maps ...
  연구코드/results/0605/stage4_1e-05_epoch500/model_3\crop80\std_scaled/attention_map_c2a.png
  연구코드/results/0605/stage4_1e-05_epoch500/model_3\crop80\std_scaled/attention_heatmap_c2a.png
  연구코드/results/0605/stage4_1e-05_epoch500/model_3\crop80\std_scaled/attention_map_a2c.png
  연구코드/results/0605/stage4_1e-05_epoch500/model_3\crop80\std_scaled/attention_heatmap_a2c.png
  [M3/std_scaled] Plotting Grad-CAM ...
  연구코드/results/0605/stage4_1e-05_epoch500/model_3\crop80\std_scaled/cam_aec_mean.png
  연구코드/results/0605/stage4_1e-05_epoch500/model_3\crop80\std_scaled/cam_aec_lines.png
  연구코드/results/0605/stage4_1e-05_epoch500/model_3\crop80\std_scaled/cam_aec_heatmap.png
  [M3/std_scaled] Done.

############################################################
  [M3 norm]  (scale_clinic=True, scale_aec=none)
############################################################
  [M3/norm] Cross-validating CrossAttn3 ...
=================================================================
5-Fold CV  [CrossAttn3 | scale_clin=True, scale_aec=none]
=================================================================

── Fold 1/5 ──────────────────────────────
  CA3  — AUC: 0.8301  AUPRC: 0.3510  Brier: 0.2696  Acc: 0.6557  F1: 0.3762  (best ep=228, thresh=0.548)

── Fold 2/5 ──────────────────────────────
  CA3  — AUC: 0.8498  AUPRC: 0.4753  Brier: 0.2023  Acc: 0.7978  F1: 0.4638  (best ep=407, thresh=0.599)

── Fold 3/5 ──────────────────────────────
  CA3  — AUC: 0.7429  AUPRC: 0.2503  Brier: 0.2662  Acc: 0.7213  F1: 0.3377  (best ep=478, thresh=0.621)

── Fold 4/5 ──────────────────────────────
  CA3  — AUC: 0.7741  AUPRC: 0.3301  Brier: 0.2386  Acc: 0.6995  F1: 0.3529  (best ep=453, thresh=0.530)

── Fold 5/5 ──────────────────────────────
  CA3  — AUC: 0.7908  AUPRC: 0.3939  Brier: 0.2491  Acc: 0.8187  F1: 0.4407  (best ep=499, thresh=0.644)

===========================================================================
CrossAttn3  —  5-Fold CV Summary
===========================================================================
  Fold      AUC-ROC      AUPRC      Brier   Accuracy         F1
  ----------------------------------------------------------
  1          0.8301     0.3510     0.2696     0.6557     0.3762
  2          0.8498     0.4753     0.2023     0.7978     0.4638
  3          0.7429     0.2503     0.2662     0.7213     0.3377
  4          0.7741     0.3301     0.2386     0.6995     0.3529
  5          0.7908     0.3939     0.2491     0.8187     0.4407
  ──────────────────────────────────────────────────────────
  Mean       0.7975     0.3601     0.2452     0.7386     0.3943
  ±Std       0.0384     0.0741     0.0242     0.0610     0.0494
  [M3/norm] Evaluating on test set (med_epoch=453, thresh=0.599) ...

=================================================================
CrossAttn3 Test Evaluation  (scale_clin=True, scale_aec=none, threshold=0.599)
=================================================================
CrossAttn3 — training final model for 453 epochs on full CV set …
  [CrossAttn3] Model weights saved → 연구코드/results/0605/stage4_1e-05_epoch500/model_3\crop80\norm\M3_norm_weights.pt

CrossAttn3 — Test Set (Overall):
  AUC: 0.8435  AUPRC: 0.3738  Brier: 0.2361  Acc: 0.7249  F1: 0.3762

CrossAttn3 — Test Set (By Sex):
  [M] n=82  AUC: 0.7570  AUPRC: 0.3644  Brier: 0.2795  Acc: 0.6463  F1: 0.4314
              precision    recall  f1-score   support

      Normal       0.95      0.61      0.74        69
  Sarcopenia       0.29      0.85      0.43        13

    accuracy                           0.65        82
   macro avg       0.62      0.73      0.59        82
weighted avg       0.85      0.65      0.69        82

  [F] n=147  AUC: 0.8890  AUPRC: 0.4146  Brier: 0.2119  Acc: 0.7687  F1: 0.3200
              precision    recall  f1-score   support

      Normal       0.97      0.77      0.86       136
  Sarcopenia       0.21      0.73      0.32        11

    accuracy                           0.77       147
   macro avg       0.59      0.75      0.59       147
weighted avg       0.91      0.77      0.82       147


───────────────────────────────────────────────────────
Test Set — Bootstrap CI
───────────────────────────────────────────────────────

  Bootstrap 95% CI — CrossAttn3  (n_boot=2000)
  Metric         Estimate   95% CI Lower   95% CI Upper
  ----------------------------------------------------
  AUC-ROC          0.8435         0.7686         0.9073
  AUPRC            0.3738         0.2274         0.5571
  Brier            0.2361         0.2115         0.2582
  Accuracy         0.7249         0.6681         0.7817
  F1               0.3762         0.2500         0.5000
  [M3/norm] Saving figures ...

Saved (model 3 (norm)):
  연구코드/results/0605/stage4_1e-05_epoch500/model_3\crop80\norm/data_distribution.png
  연구코드/results/0605/stage4_1e-05_epoch500/model_3\crop80\norm/cv_roc_curves.png
  연구코드/results/0605/stage4_1e-05_epoch500/model_3\crop80\norm/cv_metric_distribution.png
  연구코드/results/0605/stage4_1e-05_epoch500/model_3\crop80\norm/training_curves.png
  연구코드/results/0605/stage4_1e-05_epoch500/model_3\crop80\norm/test_roc_curves.png
  연구코드/results/0605/stage4_1e-05_epoch500/model_3\crop80\norm/test_roc_by_sex.png
  연구코드/results/0605/stage4_1e-05_epoch500/model_3\crop80\norm/confusion_matrices.png
  연구코드/results/0605/stage4_1e-05_epoch500/model_3\crop80\norm/calibration.png
  연구코드/results/0605/stage4_1e-05_epoch500/model_3\crop80\norm/results.md
  [M3/norm] Plotting attention maps ...
  연구코드/results/0605/stage4_1e-05_epoch500/model_3\crop80\norm/attention_map_c2a.png
  연구코드/results/0605/stage4_1e-05_epoch500/model_3\crop80\norm/attention_heatmap_c2a.png
  연구코드/results/0605/stage4_1e-05_epoch500/model_3\crop80\norm/attention_map_a2c.png
  연구코드/results/0605/stage4_1e-05_epoch500/model_3\crop80\norm/attention_heatmap_a2c.png
  [M3/norm] Plotting Grad-CAM ...
  연구코드/results/0605/stage4_1e-05_epoch500/model_3\crop80\norm/cam_aec_mean.png
  연구코드/results/0605/stage4_1e-05_epoch500/model_3\crop80\norm/cam_aec_lines.png
  연구코드/results/0605/stage4_1e-05_epoch500/model_3\crop80\norm/cam_aec_heatmap.png
  [M3/norm] Done.

############################################################
  [M3 global_zscore]  (scale_clinic=True, scale_aec=global)
############################################################
  [M3/global_zscore] Cross-validating CrossAttn3 ...
=================================================================
5-Fold CV  [CrossAttn3 | scale_clin=True, scale_aec=global]
=================================================================

── Fold 1/5 ──────────────────────────────
  CA3  — AUC: 0.8202  AUPRC: 0.3435  Brier: 0.2519  Acc: 0.7377  F1: 0.4146  (best ep=498, thresh=0.571)

── Fold 2/5 ──────────────────────────────
  CA3  — AUC: 0.8238  AUPRC: 0.4236  Brier: 0.2209  Acc: 0.7705  F1: 0.4167  (best ep=446, thresh=0.559)

── Fold 3/5 ──────────────────────────────
  CA3  — AUC: 0.7757  AUPRC: 0.3803  Brier: 0.2686  Acc: 0.8470  F1: 0.4400  (best ep=431, thresh=0.734)

── Fold 4/5 ──────────────────────────────
  CA3  — AUC: 0.7773  AUPRC: 0.3377  Brier: 0.2310  Acc: 0.7814  F1: 0.3939  (best ep=454, thresh=0.587)

── Fold 5/5 ──────────────────────────────
  CA3  — AUC: 0.7785  AUPRC: 0.3532  Brier: 0.2500  Acc: 0.7802  F1: 0.4118  (best ep=491, thresh=0.620)

===========================================================================
CrossAttn3  —  5-Fold CV Summary
===========================================================================
  Fold      AUC-ROC      AUPRC      Brier   Accuracy         F1
  ----------------------------------------------------------
  1          0.8202     0.3435     0.2519     0.7377     0.4146
  2          0.8238     0.4236     0.2209     0.7705     0.4167
  3          0.7757     0.3803     0.2686     0.8470     0.4400
  4          0.7773     0.3377     0.2310     0.7814     0.3939
  5          0.7785     0.3532     0.2500     0.7802     0.4118
  ──────────────────────────────────────────────────────────
  Mean       0.7951     0.3677     0.2445     0.7834     0.4154
  ±Std       0.0220     0.0316     0.0167     0.0355     0.0147
  [M3/global_zscore] Evaluating on test set (med_epoch=454, thresh=0.587) ...

=================================================================
CrossAttn3 Test Evaluation  (scale_clin=True, scale_aec=global, threshold=0.587)
=================================================================
CrossAttn3 — training final model for 454 epochs on full CV set …
  [CrossAttn3] Model weights saved → 연구코드/results/0605/stage4_1e-05_epoch500/model_3\crop80\global_zscore\M3_global_zscore_weights.pt

CrossAttn3 — Test Set (Overall):
  AUC: 0.7866  AUPRC: 0.2818  Brier: 0.2555  Acc: 0.7162  F1: 0.3564

CrossAttn3 — Test Set (By Sex):
  [M] n=82  AUC: 0.7224  AUPRC: 0.3321  Brier: 0.2952  Acc: 0.6463  F1: 0.4314
              precision    recall  f1-score   support

      Normal       0.95      0.61      0.74        69
  Sarcopenia       0.29      0.85      0.43        13

    accuracy                           0.65        82
   macro avg       0.62      0.73      0.59        82
weighted avg       0.85      0.65      0.69        82

  [F] n=147  AUC: 0.8068  AUPRC: 0.2517  Brier: 0.2334  Acc: 0.7551  F1: 0.2800
              precision    recall  f1-score   support

      Normal       0.96      0.76      0.85       136
  Sarcopenia       0.18      0.64      0.28        11

    accuracy                           0.76       147
   macro avg       0.57      0.70      0.57       147
weighted avg       0.90      0.76      0.81       147


───────────────────────────────────────────────────────
Test Set — Bootstrap CI
───────────────────────────────────────────────────────

  Bootstrap 95% CI — CrossAttn3  (n_boot=2000)
  Metric         Estimate   95% CI Lower   95% CI Upper
  ----------------------------------------------------
  AUC-ROC          0.7866         0.7016         0.8663
  AUPRC            0.2818         0.1701         0.4489
  Brier            0.2555         0.2294         0.2788
  Accuracy         0.7162         0.6594         0.7773
  F1               0.3564         0.2366         0.4742
  [M3/global_zscore] Saving figures ...

Saved (model 3 (global_zscore)):
  연구코드/results/0605/stage4_1e-05_epoch500/model_3\crop80\global_zscore/data_distribution.png
  연구코드/results/0605/stage4_1e-05_epoch500/model_3\crop80\global_zscore/cv_roc_curves.png
  연구코드/results/0605/stage4_1e-05_epoch500/model_3\crop80\global_zscore/cv_metric_distribution.png
  연구코드/results/0605/stage4_1e-05_epoch500/model_3\crop80\global_zscore/training_curves.png
  연구코드/results/0605/stage4_1e-05_epoch500/model_3\crop80\global_zscore/test_roc_curves.png
  연구코드/results/0605/stage4_1e-05_epoch500/model_3\crop80\global_zscore/test_roc_by_sex.png
  연구코드/results/0605/stage4_1e-05_epoch500/model_3\crop80\global_zscore/confusion_matrices.png
  연구코드/results/0605/stage4_1e-05_epoch500/model_3\crop80\global_zscore/calibration.png
  연구코드/results/0605/stage4_1e-05_epoch500/model_3\crop80\global_zscore/results.md
  [M3/global_zscore] Plotting attention maps ...
  연구코드/results/0605/stage4_1e-05_epoch500/model_3\crop80\global_zscore/attention_map_c2a.png
  연구코드/results/0605/stage4_1e-05_epoch500/model_3\crop80\global_zscore/attention_heatmap_c2a.png
  연구코드/results/0605/stage4_1e-05_epoch500/model_3\crop80\global_zscore/attention_map_a2c.png
  연구코드/results/0605/stage4_1e-05_epoch500/model_3\crop80\global_zscore/attention_heatmap_a2c.png
  [M3/global_zscore] Plotting Grad-CAM ...
  연구코드/results/0605/stage4_1e-05_epoch500/model_3\crop80\global_zscore/cam_aec_mean.png
  연구코드/results/0605/stage4_1e-05_epoch500/model_3\crop80\global_zscore/cam_aec_lines.png
  연구코드/results/0605/stage4_1e-05_epoch500/model_3\crop80\global_zscore/cam_aec_heatmap.png
  [M3/global_zscore] Done.
