============================================================
  MODEL 2_2 — Clinic + AEC Unmatched (aec256)  (5 AEC variants × 1 case)
============================================================

############################################################
  [M2_2 len256] CASE : scale_clinic  (scale_clinic=True)
############################################################
  [M2_2/len256/scale_clinic] Cross-validating CrossAttn ...
=======================================================
5-Fold CV  [CrossAttn | scale_clin=True, scale_aec=False]
=======================================================

── Fold 1/5 ──────────────────────────────
  CA   — AUC: 0.7778  AUPRC: 0.3857  Brier: 0.1939  Acc: 0.6812  F1: 0.3529  (best ep=14)

── Fold 2/5 ──────────────────────────────
  CA   — AUC: 0.7681  AUPRC: 0.3668  Brier: 0.1752  Acc: 0.7391  F1: 0.3571  (best ep=36)

── Fold 3/5 ──────────────────────────────
  CA   — AUC: 0.8301  AUPRC: 0.4174  Brier: 0.1657  Acc: 0.7007  F1: 0.3881  (best ep=6)

── Fold 4/5 ──────────────────────────────
  CA   — AUC: 0.8099  AUPRC: 0.5313  Brier: 0.2257  Acc: 0.6277  F1: 0.3377  (best ep=1)

── Fold 5/5 ──────────────────────────────
  CA   — AUC: 0.8430  AUPRC: 0.3461  Brier: 0.2658  Acc: 0.5985  F1: 0.3529  (best ep=5)

===========================================================================
CrossAttn  —  5-Fold CV Summary
===========================================================================
  Fold      AUC-ROC      AUPRC      Brier   Accuracy         F1
  ----------------------------------------------------------
  1          0.7778     0.3857     0.1939     0.6812     0.3529
  2          0.7681     0.3668     0.1752     0.7391     0.3571
  3          0.8301     0.4174     0.1657     0.7007     0.3881
  4          0.8099     0.5313     0.2257     0.6277     0.3377
  5          0.8430     0.3461     0.2658     0.5985     0.3529
  ──────────────────────────────────────────────────────────
  Mean       0.8058     0.4095     0.2053     0.6695     0.3577
  ±Std       0.0289     0.0653     0.0366     0.0505     0.0165
  [M2_2/len256/scale_clinic] Evaluating on test set (med_epoch=6) ...

=======================================================
CrossAttn Test Evaluation  (scale_clin=True, scale_aec=False)
=======================================================
CrossAttn — training final model for 6 epochs on full CV set …

CrossAttn — Test Set (Overall):
  AUC: 0.8332  AUPRC: 0.4324  Brier: 0.1694  Acc: 0.7209  F1: 0.4146

CrossAttn — Test Set (By Sex):
  [M] n=71  AUC: 0.8409  AUPRC: 0.5609  Brier: 0.2037  Acc: 0.6338  F1: 0.4348
              precision    recall  f1-score   support

      Normal       0.97      0.58      0.73        60
  Sarcopenia       0.29      0.91      0.43        11

    accuracy                           0.63        71
   macro avg       0.63      0.75      0.58        71
weighted avg       0.87      0.63      0.68        71

  [F] n=101  AUC: 0.8253  AUPRC: 0.3334  Brier: 0.1453  Acc: 0.7822  F1: 0.3889
              precision    recall  f1-score   support

      Normal       0.96      0.79      0.87        91
  Sarcopenia       0.27      0.70      0.39        10

    accuracy                           0.78       101
   macro avg       0.61      0.75      0.63       101
weighted avg       0.89      0.78      0.82       101


───────────────────────────────────────────────────────
Test Set — Bootstrap CI
───────────────────────────────────────────────────────

  Bootstrap 95% CI — CrossAttn  (n_boot=2000)
  Metric         Estimate   95% CI Lower   95% CI Upper
  ----------------------------------------------------
  AUC-ROC          0.8332         0.7384         0.9107
  AUPRC            0.4324         0.2511         0.6326
  Brier            0.1694         0.1415         0.1988
  Accuracy         0.7209         0.6512         0.7849
  F1               0.4146         0.2703         0.5435
  [M2_2/len256/scale_clinic] Saving figures ...

Saved (model 2_2 (len256, unmatched)):
  연구코드/results/0522_ok/model_2_2\aec256\len256\scale_clinic/data_distribution.png
  연구코드/results/0522_ok/model_2_2\aec256\len256\scale_clinic/cv_roc_curves.png
  연구코드/results/0522_ok/model_2_2\aec256\len256\scale_clinic/cv_metric_distribution.png
  연구코드/results/0522_ok/model_2_2\aec256\len256\scale_clinic/training_curves.png
  연구코드/results/0522_ok/model_2_2\aec256\len256\scale_clinic/test_roc_curves.png
  연구코드/results/0522_ok/model_2_2\aec256\len256\scale_clinic/test_roc_by_sex.png
  연구코드/results/0522_ok/model_2_2\aec256\len256\scale_clinic/confusion_matrices.png
  연구코드/results/0522_ok/model_2_2\aec256\len256\scale_clinic/calibration.png
  연구코드/results/0522_ok/model_2_2\aec256\len256\scale_clinic/results.md
  [M2_2/len256/scale_clinic] Plotting attention maps ...
  연구코드/results/0522_ok/model_2_2\aec256\len256\scale_clinic/attention_map_c2a.png
  연구코드/results/0522_ok/model_2_2\aec256\len256\scale_clinic/attention_heatmap.png
  [M2_2/len256/scale_clinic] Done.

############################################################
  [M2_2 crop80] CASE : scale_clinic  (scale_clinic=True)
############################################################
  [M2_2/crop80/scale_clinic] Cross-validating CrossAttn ...
=======================================================
5-Fold CV  [CrossAttn | scale_clin=True, scale_aec=False]
=======================================================

── Fold 1/5 ──────────────────────────────
  CA   — AUC: 0.7744  AUPRC: 0.3324  Brier: 0.1884  Acc: 0.6739  F1: 0.3662  (best ep=11)

── Fold 2/5 ──────────────────────────────
  CA   — AUC: 0.7958  AUPRC: 0.3607  Brier: 0.1871  Acc: 0.7246  F1: 0.3871  (best ep=137)

── Fold 3/5 ──────────────────────────────
  CA   — AUC: 0.8425  AUPRC: 0.3769  Brier: 0.2006  Acc: 0.6569  F1: 0.3896  (best ep=15)

── Fold 4/5 ──────────────────────────────
  CA   — AUC: 0.8559  AUPRC: 0.4560  Brier: 0.1452  Acc: 0.7883  F1: 0.4727  (best ep=126)

── Fold 5/5 ──────────────────────────────
  CA   — AUC: 0.8373  AUPRC: 0.3196  Brier: 0.2496  Acc: 0.6423  F1: 0.3797  (best ep=5)

===========================================================================
CrossAttn  —  5-Fold CV Summary
===========================================================================
  Fold      AUC-ROC      AUPRC      Brier   Accuracy         F1
  ----------------------------------------------------------
  1          0.7744     0.3324     0.1884     0.6739     0.3662
  2          0.7958     0.3607     0.1871     0.7246     0.3871
  3          0.8425     0.3769     0.2006     0.6569     0.3896
  4          0.8559     0.4560     0.1452     0.7883     0.4727
  5          0.8373     0.3196     0.2496     0.6423     0.3797
  ──────────────────────────────────────────────────────────
  Mean       0.8212     0.3691     0.1942     0.6972     0.3991
  ±Std       0.0308     0.0479     0.0335     0.0533     0.0377
  [M2_2/crop80/scale_clinic] Evaluating on test set (med_epoch=15) ...

=======================================================
CrossAttn Test Evaluation  (scale_clin=True, scale_aec=False)
=======================================================
CrossAttn — training final model for 15 epochs on full CV set …

CrossAttn — Test Set (Overall):
  AUC: 0.8272  AUPRC: 0.4165  Brier: 0.2015  Acc: 0.7209  F1: 0.4419

CrossAttn — Test Set (By Sex):
  [M] n=71  AUC: 0.8015  AUPRC: 0.4960  Brier: 0.2650  Acc: 0.6056  F1: 0.4167
              precision    recall  f1-score   support

      Normal       0.97      0.55      0.70        60
  Sarcopenia       0.27      0.91      0.42        11

    accuracy                           0.61        71
   macro avg       0.62      0.73      0.56        71
weighted avg       0.86      0.61      0.66        71

  [F] n=101  AUC: 0.8418  AUPRC: 0.3472  Brier: 0.1569  Acc: 0.8020  F1: 0.4737
              precision    recall  f1-score   support

      Normal       0.99      0.79      0.88        91
  Sarcopenia       0.32      0.90      0.47        10

    accuracy                           0.80       101
   macro avg       0.65      0.85      0.68       101
weighted avg       0.92      0.80      0.84       101


───────────────────────────────────────────────────────
Test Set — Bootstrap CI
───────────────────────────────────────────────────────

  Bootstrap 95% CI — CrossAttn  (n_boot=2000)
  Metric         Estimate   95% CI Lower   95% CI Upper
  ----------------------------------------------------
  AUC-ROC          0.8272         0.7160         0.9146
  AUPRC            0.4165         0.2378         0.6182
  Brier            0.2015         0.1670         0.2367
  Accuracy         0.7209         0.6512         0.7849
  F1               0.4419         0.3055         0.5715
  [M2_2/crop80/scale_clinic] Saving figures ...

Saved (model 2_2 (crop80, unmatched)):
  연구코드/results/0522_ok/model_2_2\aec256\crop80\scale_clinic/data_distribution.png
  연구코드/results/0522_ok/model_2_2\aec256\crop80\scale_clinic/cv_roc_curves.png
  연구코드/results/0522_ok/model_2_2\aec256\crop80\scale_clinic/cv_metric_distribution.png
  연구코드/results/0522_ok/model_2_2\aec256\crop80\scale_clinic/training_curves.png
  연구코드/results/0522_ok/model_2_2\aec256\crop80\scale_clinic/test_roc_curves.png
  연구코드/results/0522_ok/model_2_2\aec256\crop80\scale_clinic/test_roc_by_sex.png
  연구코드/results/0522_ok/model_2_2\aec256\crop80\scale_clinic/confusion_matrices.png
  연구코드/results/0522_ok/model_2_2\aec256\crop80\scale_clinic/calibration.png
  연구코드/results/0522_ok/model_2_2\aec256\crop80\scale_clinic/results.md
  [M2_2/crop80/scale_clinic] Plotting attention maps ...
  연구코드/results/0522_ok/model_2_2\aec256\crop80\scale_clinic/attention_map_c2a.png
  연구코드/results/0522_ok/model_2_2\aec256\crop80\scale_clinic/attention_heatmap.png
  [M2_2/crop80/scale_clinic] Done.

############################################################
  [M2_2 crop60] CASE : scale_clinic  (scale_clinic=True)
############################################################
  [M2_2/crop60/scale_clinic] Cross-validating CrossAttn ...
=======================================================
5-Fold CV  [CrossAttn | scale_clin=True, scale_aec=False]
=======================================================

── Fold 1/5 ──────────────────────────────
  CA   — AUC: 0.7817  AUPRC: 0.3687  Brier: 0.1962  Acc: 0.6377  F1: 0.3243  (best ep=42)

── Fold 2/5 ──────────────────────────────
  CA   — AUC: 0.7924  AUPRC: 0.3678  Brier: 0.2078  Acc: 0.6667  F1: 0.3784  (best ep=30)

── Fold 3/5 ──────────────────────────────
  CA   — AUC: 0.8332  AUPRC: 0.3776  Brier: 0.1469  Acc: 0.7810  F1: 0.4231  (best ep=8)

── Fold 4/5 ──────────────────────────────
  CA   — AUC: 0.8285  AUPRC: 0.4264  Brier: 0.2070  Acc: 0.6642  F1: 0.3784  (best ep=102)

── Fold 5/5 ──────────────────────────────
  CA   — AUC: 0.8445  AUPRC: 0.5197  Brier: 0.1940  Acc: 0.6861  F1: 0.3944  (best ep=37)

===========================================================================
CrossAttn  —  5-Fold CV Summary
===========================================================================
  Fold      AUC-ROC      AUPRC      Brier   Accuracy         F1
  ----------------------------------------------------------
  1          0.7817     0.3687     0.1962     0.6377     0.3243
  2          0.7924     0.3678     0.2078     0.6667     0.3784
  3          0.8332     0.3776     0.1469     0.7810     0.4231
  4          0.8285     0.4264     0.2070     0.6642     0.3784
  5          0.8445     0.5197     0.1940     0.6861     0.3944
  ──────────────────────────────────────────────────────────
  Mean       0.8161     0.4120     0.1904     0.6871     0.3797
  ±Std       0.0245     0.0580     0.0225     0.0494     0.0321
  [M2_2/crop60/scale_clinic] Evaluating on test set (med_epoch=37) ...

=======================================================
CrossAttn Test Evaluation  (scale_clin=True, scale_aec=False)
=======================================================
CrossAttn — training final model for 37 epochs on full CV set …

CrossAttn — Test Set (Overall):
  AUC: 0.8086  AUPRC: 0.3455  Brier: 0.2272  Acc: 0.6802  F1: 0.4086

CrossAttn — Test Set (By Sex):
  [M] n=71  AUC: 0.8227  AUPRC: 0.5117  Brier: 0.2791  Acc: 0.5634  F1: 0.3922
              precision    recall  f1-score   support

      Normal       0.97      0.50      0.66        60
  Sarcopenia       0.25      0.91      0.39        11

    accuracy                           0.56        71
   macro avg       0.61      0.70      0.53        71
weighted avg       0.86      0.56      0.62        71

  [F] n=101  AUC: 0.8022  AUPRC: 0.2546  Brier: 0.1908  Acc: 0.7624  F1: 0.4286
              precision    recall  f1-score   support

      Normal       0.99      0.75      0.85        91
  Sarcopenia       0.28      0.90      0.43        10

    accuracy                           0.76       101
   macro avg       0.63      0.82      0.64       101
weighted avg       0.92      0.76      0.81       101


───────────────────────────────────────────────────────
Test Set — Bootstrap CI
───────────────────────────────────────────────────────

  Bootstrap 95% CI — CrossAttn  (n_boot=2000)
  Metric         Estimate   95% CI Lower   95% CI Upper
  ----------------------------------------------------
  AUC-ROC          0.8086         0.6947         0.8981
  AUPRC            0.3455         0.1986         0.5449
  Brier            0.2272         0.1857         0.2717
  Accuracy         0.6802         0.6047         0.7500
  F1               0.4086         0.2785         0.5334
  [M2_2/crop60/scale_clinic] Saving figures ...

Saved (model 2_2 (crop60, unmatched)):
  연구코드/results/0522_ok/model_2_2\aec256\crop60\scale_clinic/data_distribution.png
  연구코드/results/0522_ok/model_2_2\aec256\crop60\scale_clinic/cv_roc_curves.png
  연구코드/results/0522_ok/model_2_2\aec256\crop60\scale_clinic/cv_metric_distribution.png
  연구코드/results/0522_ok/model_2_2\aec256\crop60\scale_clinic/training_curves.png
  연구코드/results/0522_ok/model_2_2\aec256\crop60\scale_clinic/test_roc_curves.png
  연구코드/results/0522_ok/model_2_2\aec256\crop60\scale_clinic/test_roc_by_sex.png
  연구코드/results/0522_ok/model_2_2\aec256\crop60\scale_clinic/confusion_matrices.png
  연구코드/results/0522_ok/model_2_2\aec256\crop60\scale_clinic/calibration.png
  연구코드/results/0522_ok/model_2_2\aec256\crop60\scale_clinic/results.md
  [M2_2/crop60/scale_clinic] Plotting attention maps ...
  연구코드/results/0522_ok/model_2_2\aec256\crop60\scale_clinic/attention_map_c2a.png
  연구코드/results/0522_ok/model_2_2\aec256\crop60\scale_clinic/attention_heatmap.png
  [M2_2/crop60/scale_clinic] Done.

############################################################
  [M2_2 norm] CASE : scale_clinic  (scale_clinic=True)
############################################################
  [M2_2/norm/scale_clinic] Cross-validating CrossAttn ...
=======================================================
5-Fold CV  [CrossAttn | scale_clin=True, scale_aec=False]
=======================================================

── Fold 1/5 ──────────────────────────────
  CA   — AUC: 0.8133  AUPRC: 0.4048  Brier: 0.1571  Acc: 0.7971  F1: 0.4400  (best ep=8)

── Fold 2/5 ──────────────────────────────
  CA   — AUC: 0.7953  AUPRC: 0.3753  Brier: 0.2067  Acc: 0.7174  F1: 0.4000  (best ep=28)

── Fold 3/5 ──────────────────────────────
  CA   — AUC: 0.8378  AUPRC: 0.3877  Brier: 0.2421  Acc: 0.6423  F1: 0.3797  (best ep=7)

── Fold 4/5 ──────────────────────────────
  CA   — AUC: 0.8471  AUPRC: 0.6438  Brier: 0.1755  Acc: 0.7153  F1: 0.4000  (best ep=99)

── Fold 5/5 ──────────────────────────────
  CA   — AUC: 0.8466  AUPRC: 0.3109  Brier: 0.2293  Acc: 0.6131  F1: 0.3765  (best ep=5)

===========================================================================
CrossAttn  —  5-Fold CV Summary
===========================================================================
  Fold      AUC-ROC      AUPRC      Brier   Accuracy         F1
  ----------------------------------------------------------
  1          0.8133     0.4048     0.1571     0.7971     0.4400
  2          0.7953     0.3753     0.2067     0.7174     0.4000
  3          0.8378     0.3877     0.2421     0.6423     0.3797
  4          0.8471     0.6438     0.1755     0.7153     0.4000
  5          0.8466     0.3109     0.2293     0.6131     0.3765
  ──────────────────────────────────────────────────────────
  Mean       0.8280     0.4245     0.2022     0.6971     0.3992
  ±Std       0.0204     0.1142     0.0319     0.0645     0.0226
  [M2_2/norm/scale_clinic] Evaluating on test set (med_epoch=8) ...

=======================================================
CrossAttn Test Evaluation  (scale_clin=True, scale_aec=False)
=======================================================
CrossAttn — training final model for 8 epochs on full CV set …

CrossAttn — Test Set (Overall):
  AUC: 0.8776  AUPRC: 0.5306  Brier: 0.1794  Acc: 0.6860  F1: 0.4255

CrossAttn — Test Set (By Sex):
  [M] n=71  AUC: 0.8909  AUPRC: 0.6494  Brier: 0.2279  Acc: 0.5775  F1: 0.4231
              precision    recall  f1-score   support

      Normal       1.00      0.50      0.67        60
  Sarcopenia       0.27      1.00      0.42        11

    accuracy                           0.58        71
   macro avg       0.63      0.75      0.54        71
weighted avg       0.89      0.58      0.63        71

  [F] n=101  AUC: 0.8747  AUPRC: 0.4712  Brier: 0.1453  Acc: 0.7624  F1: 0.4286
              precision    recall  f1-score   support

      Normal       0.99      0.75      0.85        91
  Sarcopenia       0.28      0.90      0.43        10

    accuracy                           0.76       101
   macro avg       0.63      0.82      0.64       101
weighted avg       0.92      0.76      0.81       101


───────────────────────────────────────────────────────
Test Set — Bootstrap CI
───────────────────────────────────────────────────────

  Bootstrap 95% CI — CrossAttn  (n_boot=2000)
  Metric         Estimate   95% CI Lower   95% CI Upper
  ----------------------------------------------------
  AUC-ROC          0.8776         0.8018         0.9397
  AUPRC            0.5306         0.3255         0.7212
  Brier            0.1794         0.1504         0.2120
  Accuracy         0.6860         0.6163         0.7558
  F1               0.4255         0.2916         0.5455
  [M2_2/norm/scale_clinic] Saving figures ...

Saved (model 2_2 (norm, unmatched)):
  연구코드/results/0522_ok/model_2_2\aec256\norm\scale_clinic/data_distribution.png
  연구코드/results/0522_ok/model_2_2\aec256\norm\scale_clinic/cv_roc_curves.png
  연구코드/results/0522_ok/model_2_2\aec256\norm\scale_clinic/cv_metric_distribution.png
  연구코드/results/0522_ok/model_2_2\aec256\norm\scale_clinic/training_curves.png
  연구코드/results/0522_ok/model_2_2\aec256\norm\scale_clinic/test_roc_curves.png
  연구코드/results/0522_ok/model_2_2\aec256\norm\scale_clinic/test_roc_by_sex.png
  연구코드/results/0522_ok/model_2_2\aec256\norm\scale_clinic/confusion_matrices.png
  연구코드/results/0522_ok/model_2_2\aec256\norm\scale_clinic/calibration.png
  연구코드/results/0522_ok/model_2_2\aec256\norm\scale_clinic/results.md
  [M2_2/norm/scale_clinic] Plotting attention maps ...
  연구코드/results/0522_ok/model_2_2\aec256\norm\scale_clinic/attention_map_c2a.png
  연구코드/results/0522_ok/model_2_2\aec256\norm\scale_clinic/attention_heatmap.png
  [M2_2/norm/scale_clinic] Done.

############################################################
  [M2_2 excl_extreme] CASE : scale_clinic  (scale_clinic=True)
############################################################
  [M2_2/excl_extreme/scale_clinic] Cross-validating CrossAttn ...
=======================================================
5-Fold CV  [CrossAttn | scale_clin=True, scale_aec=False]
=======================================================

── Fold 1/5 ──────────────────────────────
  CA   — AUC: 0.7963  AUPRC: 0.3588  Brier: 0.2661  Acc: 0.5726  F1: 0.3117  (best ep=13)

── Fold 2/5 ──────────────────────────────
  CA   — AUC: 0.8446  AUPRC: 0.5381  Brier: 0.1891  Acc: 0.7258  F1: 0.3704  (best ep=11)

── Fold 3/5 ──────────────────────────────
  CA   — AUC: 0.8056  AUPRC: 0.4206  Brier: 0.1653  Acc: 0.7154  F1: 0.3636  (best ep=5)

── Fold 4/5 ──────────────────────────────
  CA   — AUC: 0.8728  AUPRC: 0.4852  Brier: 0.1633  Acc: 0.7398  F1: 0.4286  (best ep=35)

── Fold 5/5 ──────────────────────────────
  CA   — AUC: 0.7084  AUPRC: 0.4366  Brier: 0.2220  Acc: 0.6504  F1: 0.2712  (best ep=1)

===========================================================================
CrossAttn  —  5-Fold CV Summary
===========================================================================
  Fold      AUC-ROC      AUPRC      Brier   Accuracy         F1
  ----------------------------------------------------------
  1          0.7963     0.3588     0.2661     0.5726     0.3117
  2          0.8446     0.5381     0.1891     0.7258     0.3704
  3          0.8056     0.4206     0.1653     0.7154     0.3636
  4          0.8728     0.4852     0.1633     0.7398     0.4286
  5          0.7084     0.4366     0.2220     0.6504     0.2712
  ──────────────────────────────────────────────────────────
  Mean       0.8056     0.4479     0.2012     0.6808     0.3491
  ±Std       0.0558     0.0606     0.0388     0.0622     0.0538
  [M2_2/excl_extreme/scale_clinic] Evaluating on test set (med_epoch=11) ...

=======================================================
CrossAttn Test Evaluation  (scale_clin=True, scale_aec=False)
=======================================================
CrossAttn — training final model for 11 epochs on full CV set …

CrossAttn — Test Set (Overall):
  AUC: 0.8311  AUPRC: 0.3516  Brier: 0.1845  Acc: 0.7532  F1: 0.4242

CrossAttn — Test Set (By Sex):
  [M] n=63  AUC: 0.8636  AUPRC: 0.4600  Brier: 0.2242  Acc: 0.7143  F1: 0.4706
              precision    recall  f1-score   support

      Normal       1.00      0.67      0.80        55
  Sarcopenia       0.31      1.00      0.47         8

    accuracy                           0.71        63
   macro avg       0.65      0.84      0.64        63
weighted avg       0.91      0.71      0.76        63

  [F] n=91  AUC: 0.7997  AUPRC: 0.2393  Brier: 0.1571  Acc: 0.7802  F1: 0.3750
              precision    recall  f1-score   support

      Normal       0.97      0.78      0.87        83
  Sarcopenia       0.25      0.75      0.38         8

    accuracy                           0.78        91
   macro avg       0.61      0.77      0.62        91
weighted avg       0.91      0.78      0.82        91


───────────────────────────────────────────────────────
Test Set — Bootstrap CI
───────────────────────────────────────────────────────

  Bootstrap 95% CI — CrossAttn  (n_boot=2000)
  Metric         Estimate   95% CI Lower   95% CI Upper
  ----------------------------------------------------
  AUC-ROC          0.8311         0.7296         0.9077
  AUPRC            0.3516         0.1748         0.5766
  Brier            0.1845         0.1509         0.2218
  Accuracy         0.7532         0.6818         0.8182
  F1               0.4242         0.2608         0.5600
  [M2_2/excl_extreme/scale_clinic] Saving figures ...

Saved (model 2_2 (excl_extreme, unmatched)):
  연구코드/results/0522_ok/model_2_2\aec256\excl_extreme\scale_clinic/data_distribution.png
  연구코드/results/0522_ok/model_2_2\aec256\excl_extreme\scale_clinic/cv_roc_curves.png
  연구코드/results/0522_ok/model_2_2\aec256\excl_extreme\scale_clinic/cv_metric_distribution.png
  연구코드/results/0522_ok/model_2_2\aec256\excl_extreme\scale_clinic/training_curves.png
  연구코드/results/0522_ok/model_2_2\aec256\excl_extreme\scale_clinic/test_roc_curves.png
  연구코드/results/0522_ok/model_2_2\aec256\excl_extreme\scale_clinic/test_roc_by_sex.png
  연구코드/results/0522_ok/model_2_2\aec256\excl_extreme\scale_clinic/confusion_matrices.png
  연구코드/results/0522_ok/model_2_2\aec256\excl_extreme\scale_clinic/calibration.png
  연구코드/results/0522_ok/model_2_2\aec256\excl_extreme\scale_clinic/results.md
  [M2_2/excl_extreme/scale_clinic] Plotting attention maps ...
  연구코드/results/0522_ok/model_2_2\aec256\excl_extreme\scale_clinic/attention_map_c2a.png
  연구코드/results/0522_ok/model_2_2\aec256\excl_extreme\scale_clinic/attention_heatmap.png
  [M2_2/excl_extreme/scale_clinic] Done.
