============================================================
  MODEL 3 — Clinic + Scanner + AEC (aec128)  (4 AEC variants)
============================================================

############################################################
  [M3 raw]  (scale_clinic=True, scale_aec=none)
############################################################
  [M3/raw] Cross-validating CrossAttn3 ...
=================================================================
5-Fold CV  [CrossAttn3 | scale_clin=True, scale_aec=none]
=================================================================

── Fold 1/5 ──────────────────────────────
  CA3  — AUC: 0.7046  AUPRC: 0.2737  Brier: 0.2926  Acc: 0.4372  F1: 0.2797  (best ep=476, thresh=0.484)

── Fold 2/5 ──────────────────────────────
  CA3  — AUC: 0.7946  AUPRC: 0.3616  Brier: 0.2622  Acc: 0.8197  F1: 0.4407  (best ep=423, thresh=0.625)

── Fold 3/5 ──────────────────────────────
  CA3  — AUC: 0.7975  AUPRC: 0.4067  Brier: 0.2680  Acc: 0.6230  F1: 0.3301  (best ep=413, thresh=0.522)

── Fold 4/5 ──────────────────────────────
  CA3  — AUC: 0.7840  AUPRC: 0.3557  Brier: 0.2454  Acc: 0.7760  F1: 0.4225  (best ep=362, thresh=0.614)

── Fold 5/5 ──────────────────────────────
  CA3  — AUC: 0.8024  AUPRC: 0.3037  Brier: 0.2545  Acc: 0.8022  F1: 0.4194  (best ep=387, thresh=0.665)

===========================================================================
CrossAttn3  —  5-Fold CV Summary
===========================================================================
  Fold      AUC-ROC      AUPRC      Brier   Accuracy         F1
  ----------------------------------------------------------
  1          0.7046     0.2737     0.2926     0.4372     0.2797
  2          0.7946     0.3616     0.2622     0.8197     0.4407
  3          0.7975     0.4067     0.2680     0.6230     0.3301
  4          0.7840     0.3557     0.2454     0.7760     0.4225
  5          0.8024     0.3037     0.2545     0.8022     0.4194
  ──────────────────────────────────────────────────────────
  Mean       0.7766     0.3403     0.2646     0.6916     0.3785
  ±Std       0.0365     0.0466     0.0160     0.1451     0.0626
  [M3/raw] Evaluating on test set (med_epoch=413, thresh=0.614) ...

=================================================================
CrossAttn3 Test Evaluation  (scale_clin=True, scale_aec=none, threshold=0.614)
=================================================================
CrossAttn3 — training final model for 413 epochs on full CV set …
  [CrossAttn3] Model weights saved → 연구코드/results/0605/stage0_1e-05_epoch500/model_3\raw128\raw\M3_raw_weights.pt

CrossAttn3 — Test Set (Overall):
  AUC: 0.7705  AUPRC: 0.2507  Brier: 0.2732  Acc: 0.7118  F1: 0.3265

CrossAttn3 — Test Set (By Sex):
  [M] n=82  AUC: 0.7146  AUPRC: 0.2873  Brier: 0.3142  Acc: 0.6220  F1: 0.3922
              precision    recall  f1-score   support

      Normal       0.93      0.59      0.73        69
  Sarcopenia       0.26      0.77      0.39        13

    accuracy                           0.62        82
   macro avg       0.60      0.68      0.56        82
weighted avg       0.83      0.62      0.67        82

  [F] n=147  AUC: 0.7761  AUPRC: 0.2206  Brier: 0.2504  Acc: 0.7619  F1: 0.2553
              precision    recall  f1-score   support

      Normal       0.95      0.78      0.86       136
  Sarcopenia       0.17      0.55      0.26        11

    accuracy                           0.76       147
   macro avg       0.56      0.66      0.56       147
weighted avg       0.90      0.76      0.81       147


───────────────────────────────────────────────────────
Test Set — Bootstrap CI
───────────────────────────────────────────────────────

  Bootstrap 95% CI — CrossAttn3  (n_boot=2000)
  Metric         Estimate   95% CI Lower   95% CI Upper
  ----------------------------------------------------
  AUC-ROC          0.7705         0.6860         0.8539
  AUPRC            0.2507         0.1594         0.4322
  Brier            0.2732         0.2518         0.2938
  Accuracy         0.7118         0.6507         0.7729
  F1               0.3265         0.2069         0.4424
  [M3/raw] Saving figures ...

Saved (model 3 (raw)):
  연구코드/results/0605/stage0_1e-05_epoch500/model_3\raw128\raw/data_distribution.png
  연구코드/results/0605/stage0_1e-05_epoch500/model_3\raw128\raw/cv_roc_curves.png
  연구코드/results/0605/stage0_1e-05_epoch500/model_3\raw128\raw/cv_metric_distribution.png
  연구코드/results/0605/stage0_1e-05_epoch500/model_3\raw128\raw/training_curves.png
  연구코드/results/0605/stage0_1e-05_epoch500/model_3\raw128\raw/test_roc_curves.png
  연구코드/results/0605/stage0_1e-05_epoch500/model_3\raw128\raw/test_roc_by_sex.png
  연구코드/results/0605/stage0_1e-05_epoch500/model_3\raw128\raw/confusion_matrices.png
  연구코드/results/0605/stage0_1e-05_epoch500/model_3\raw128\raw/calibration.png
  연구코드/results/0605/stage0_1e-05_epoch500/model_3\raw128\raw/results.md
  [M3/raw] Plotting attention maps ...
  연구코드/results/0605/stage0_1e-05_epoch500/model_3\raw128\raw/attention_map_c2a.png
  연구코드/results/0605/stage0_1e-05_epoch500/model_3\raw128\raw/attention_heatmap_c2a.png
  연구코드/results/0605/stage0_1e-05_epoch500/model_3\raw128\raw/attention_map_a2c.png
  연구코드/results/0605/stage0_1e-05_epoch500/model_3\raw128\raw/attention_heatmap_a2c.png
  [M3/raw] Plotting Grad-CAM ...
  연구코드/results/0605/stage0_1e-05_epoch500/model_3\raw128\raw/cam_aec_mean.png
  연구코드/results/0605/stage0_1e-05_epoch500/model_3\raw128\raw/cam_aec_lines.png
  연구코드/results/0605/stage0_1e-05_epoch500/model_3\raw128\raw/cam_aec_heatmap.png
  [M3/raw] Done.

############################################################
  [M3 std_scaled]  (scale_clinic=True, scale_aec=column)
############################################################
  [M3/std_scaled] Cross-validating CrossAttn3 ...
=================================================================
5-Fold CV  [CrossAttn3 | scale_clin=True, scale_aec=column]
=================================================================

── Fold 1/5 ──────────────────────────────
  CA3  — AUC: 0.8331  AUPRC: 0.3960  Brier: 0.2675  Acc: 0.7377  F1: 0.4000  (best ep=491, thresh=0.604)

── Fold 2/5 ──────────────────────────────
  CA3  — AUC: 0.8206  AUPRC: 0.4863  Brier: 0.2418  Acc: 0.9071  F1: 0.5405  (best ep=437, thresh=0.677)

── Fold 3/5 ──────────────────────────────
  CA3  — AUC: 0.7802  AUPRC: 0.3679  Brier: 0.2830  Acc: 0.8361  F1: 0.4444  (best ep=360, thresh=0.711)

── Fold 4/5 ──────────────────────────────
  CA3  — AUC: 0.7677  AUPRC: 0.3509  Brier: 0.2622  Acc: 0.7650  F1: 0.3944  (best ep=495, thresh=0.613)

── Fold 5/5 ──────────────────────────────
  CA3  — AUC: 0.7695  AUPRC: 0.3606  Brier: 0.2647  Acc: 0.7802  F1: 0.3939  (best ep=447, thresh=0.637)

===========================================================================
CrossAttn3  —  5-Fold CV Summary
===========================================================================
  Fold      AUC-ROC      AUPRC      Brier   Accuracy         F1
  ----------------------------------------------------------
  1          0.8331     0.3960     0.2675     0.7377     0.4000
  2          0.8206     0.4863     0.2418     0.9071     0.5405
  3          0.7802     0.3679     0.2830     0.8361     0.4444
  4          0.7677     0.3509     0.2622     0.7650     0.3944
  5          0.7695     0.3606     0.2647     0.7802     0.3939
  ──────────────────────────────────────────────────────────
  Mean       0.7942     0.3923     0.2638     0.8052     0.4347
  ±Std       0.0273     0.0493     0.0132     0.0602     0.0562
  [M3/std_scaled] Evaluating on test set (med_epoch=447, thresh=0.637) ...

=================================================================
CrossAttn3 Test Evaluation  (scale_clin=True, scale_aec=column, threshold=0.637)
=================================================================
CrossAttn3 — training final model for 447 epochs on full CV set …
  [CrossAttn3] Model weights saved → 연구코드/results/0605/stage0_1e-05_epoch500/model_3\raw128\std_scaled\M3_std_scaled_weights.pt

CrossAttn3 — Test Set (Overall):
  AUC: 0.7382  AUPRC: 0.2212  Brier: 0.2842  Acc: 0.7031  F1: 0.2917

CrossAttn3 — Test Set (By Sex):
  [M] n=82  AUC: 0.6711  AUPRC: 0.2410  Brier: 0.2863  Acc: 0.6951  F1: 0.3590
              precision    recall  f1-score   support

      Normal       0.89      0.72      0.80        69
  Sarcopenia       0.27      0.54      0.36        13

    accuracy                           0.70        82
   macro avg       0.58      0.63      0.58        82
weighted avg       0.79      0.70      0.73        82

  [F] n=147  AUC: 0.8021  AUPRC: 0.2675  Brier: 0.2831  Acc: 0.7075  F1: 0.2456
              precision    recall  f1-score   support

      Normal       0.96      0.71      0.82       136
  Sarcopenia       0.15      0.64      0.25        11

    accuracy                           0.71       147
   macro avg       0.56      0.67      0.53       147
weighted avg       0.90      0.71      0.78       147


───────────────────────────────────────────────────────
Test Set — Bootstrap CI
───────────────────────────────────────────────────────

  Bootstrap 95% CI — CrossAttn3  (n_boot=2000)
  Metric         Estimate   95% CI Lower   95% CI Upper
  ----------------------------------------------------
  AUC-ROC          0.7382         0.6342         0.8344
  AUPRC            0.2212         0.1382         0.3706
  Brier            0.2842         0.2589         0.3080
  Accuracy         0.7031         0.6463         0.7642
  F1               0.2917         0.1707         0.4087
  [M3/std_scaled] Saving figures ...

Saved (model 3 (std_scaled)):
  연구코드/results/0605/stage0_1e-05_epoch500/model_3\raw128\std_scaled/data_distribution.png
  연구코드/results/0605/stage0_1e-05_epoch500/model_3\raw128\std_scaled/cv_roc_curves.png
  연구코드/results/0605/stage0_1e-05_epoch500/model_3\raw128\std_scaled/cv_metric_distribution.png
  연구코드/results/0605/stage0_1e-05_epoch500/model_3\raw128\std_scaled/training_curves.png
  연구코드/results/0605/stage0_1e-05_epoch500/model_3\raw128\std_scaled/test_roc_curves.png
  연구코드/results/0605/stage0_1e-05_epoch500/model_3\raw128\std_scaled/test_roc_by_sex.png
  연구코드/results/0605/stage0_1e-05_epoch500/model_3\raw128\std_scaled/confusion_matrices.png
  연구코드/results/0605/stage0_1e-05_epoch500/model_3\raw128\std_scaled/calibration.png
  연구코드/results/0605/stage0_1e-05_epoch500/model_3\raw128\std_scaled/results.md
  [M3/std_scaled] Plotting attention maps ...
  연구코드/results/0605/stage0_1e-05_epoch500/model_3\raw128\std_scaled/attention_map_c2a.png
  연구코드/results/0605/stage0_1e-05_epoch500/model_3\raw128\std_scaled/attention_heatmap_c2a.png
  연구코드/results/0605/stage0_1e-05_epoch500/model_3\raw128\std_scaled/attention_map_a2c.png
  연구코드/results/0605/stage0_1e-05_epoch500/model_3\raw128\std_scaled/attention_heatmap_a2c.png
  [M3/std_scaled] Plotting Grad-CAM ...
  연구코드/results/0605/stage0_1e-05_epoch500/model_3\raw128\std_scaled/cam_aec_mean.png
  연구코드/results/0605/stage0_1e-05_epoch500/model_3\raw128\std_scaled/cam_aec_lines.png
  연구코드/results/0605/stage0_1e-05_epoch500/model_3\raw128\std_scaled/cam_aec_heatmap.png
  [M3/std_scaled] Done.

############################################################
  [M3 norm]  (scale_clinic=True, scale_aec=none)
############################################################
  [M3/norm] Cross-validating CrossAttn3 ...
=================================================================
5-Fold CV  [CrossAttn3 | scale_clin=True, scale_aec=none]
=================================================================

── Fold 1/5 ──────────────────────────────
  CA3  — AUC: 0.8494  AUPRC: 0.4259  Brier: 0.2952  Acc: 0.6885  F1: 0.4000  (best ep=61, thresh=0.583)

── Fold 2/5 ──────────────────────────────
  CA3  — AUC: 0.8418  AUPRC: 0.4941  Brier: 0.2320  Acc: 0.7377  F1: 0.4000  (best ep=457, thresh=0.574)

── Fold 3/5 ──────────────────────────────
  CA3  — AUC: 0.7821  AUPRC: 0.2787  Brier: 0.2756  Acc: 0.5355  F1: 0.3089  (best ep=316, thresh=0.512)

── Fold 4/5 ──────────────────────────────
  CA3  — AUC: 0.7603  AUPRC: 0.3217  Brier: 0.2426  Acc: 0.7049  F1: 0.3721  (best ep=486, thresh=0.528)

── Fold 5/5 ──────────────────────────────
  CA3  — AUC: 0.7930  AUPRC: 0.4036  Brier: 0.2577  Acc: 0.8297  F1: 0.4746  (best ep=386, thresh=0.678)

===========================================================================
CrossAttn3  —  5-Fold CV Summary
===========================================================================
  Fold      AUC-ROC      AUPRC      Brier   Accuracy         F1
  ----------------------------------------------------------
  1          0.8494     0.4259     0.2952     0.6885     0.4000
  2          0.8418     0.4941     0.2320     0.7377     0.4000
  3          0.7821     0.2787     0.2756     0.5355     0.3089
  4          0.7603     0.3217     0.2426     0.7049     0.3721
  5          0.7930     0.4036     0.2577     0.8297     0.4746
  ──────────────────────────────────────────────────────────
  Mean       0.8053     0.3848     0.2606     0.6993     0.3911
  ±Std       0.0346     0.0765     0.0227     0.0953     0.0534
  [M3/norm] Evaluating on test set (med_epoch=386, thresh=0.574) ...

=================================================================
CrossAttn3 Test Evaluation  (scale_clin=True, scale_aec=none, threshold=0.574)
=================================================================
CrossAttn3 — training final model for 386 epochs on full CV set …
  [CrossAttn3] Model weights saved → 연구코드/results/0605/stage0_1e-05_epoch500/model_3\raw128\norm\M3_norm_weights.pt

CrossAttn3 — Test Set (Overall):
  AUC: 0.7482  AUPRC: 0.2681  Brier: 0.2806  Acc: 0.6681  F1: 0.3214

CrossAttn3 — Test Set (By Sex):
  [M] n=82  AUC: 0.6856  AUPRC: 0.2773  Brier: 0.2819  Acc: 0.6585  F1: 0.3636
              precision    recall  f1-score   support

      Normal       0.90      0.67      0.77        69
  Sarcopenia       0.26      0.62      0.36        13

    accuracy                           0.66        82
   macro avg       0.58      0.64      0.57        82
weighted avg       0.80      0.66      0.70        82

  [F] n=147  AUC: 0.8282  AUPRC: 0.3147  Brier: 0.2799  Acc: 0.6735  F1: 0.2941
              precision    recall  f1-score   support

      Normal       0.99      0.65      0.79       136
  Sarcopenia       0.18      0.91      0.29        11

    accuracy                           0.67       147
   macro avg       0.58      0.78      0.54       147
weighted avg       0.93      0.67      0.75       147


───────────────────────────────────────────────────────
Test Set — Bootstrap CI
───────────────────────────────────────────────────────

  Bootstrap 95% CI — CrossAttn3  (n_boot=2000)
  Metric         Estimate   95% CI Lower   95% CI Upper
  ----------------------------------------------------
  AUC-ROC          0.7482         0.6536         0.8382
  AUPRC            0.2681         0.1509         0.4425
  Brier            0.2806         0.2606         0.3002
  Accuracy         0.6681         0.6114         0.7293
  F1               0.3214         0.2075         0.4333
  [M3/norm] Saving figures ...

Saved (model 3 (norm)):
  연구코드/results/0605/stage0_1e-05_epoch500/model_3\raw128\norm/data_distribution.png
  연구코드/results/0605/stage0_1e-05_epoch500/model_3\raw128\norm/cv_roc_curves.png
  연구코드/results/0605/stage0_1e-05_epoch500/model_3\raw128\norm/cv_metric_distribution.png
  연구코드/results/0605/stage0_1e-05_epoch500/model_3\raw128\norm/training_curves.png
  연구코드/results/0605/stage0_1e-05_epoch500/model_3\raw128\norm/test_roc_curves.png
  연구코드/results/0605/stage0_1e-05_epoch500/model_3\raw128\norm/test_roc_by_sex.png
  연구코드/results/0605/stage0_1e-05_epoch500/model_3\raw128\norm/confusion_matrices.png
  연구코드/results/0605/stage0_1e-05_epoch500/model_3\raw128\norm/calibration.png
  연구코드/results/0605/stage0_1e-05_epoch500/model_3\raw128\norm/results.md
  [M3/norm] Plotting attention maps ...
  연구코드/results/0605/stage0_1e-05_epoch500/model_3\raw128\norm/attention_map_c2a.png
  연구코드/results/0605/stage0_1e-05_epoch500/model_3\raw128\norm/attention_heatmap_c2a.png
  연구코드/results/0605/stage0_1e-05_epoch500/model_3\raw128\norm/attention_map_a2c.png
  연구코드/results/0605/stage0_1e-05_epoch500/model_3\raw128\norm/attention_heatmap_a2c.png
  [M3/norm] Plotting Grad-CAM ...
  연구코드/results/0605/stage0_1e-05_epoch500/model_3\raw128\norm/cam_aec_mean.png
  연구코드/results/0605/stage0_1e-05_epoch500/model_3\raw128\norm/cam_aec_lines.png
  연구코드/results/0605/stage0_1e-05_epoch500/model_3\raw128\norm/cam_aec_heatmap.png
  [M3/norm] Done.

############################################################
  [M3 global_zscore]  (scale_clinic=True, scale_aec=global)
############################################################
  [M3/global_zscore] Cross-validating CrossAttn3 ...
=================================================================
5-Fold CV  [CrossAttn3 | scale_clin=True, scale_aec=global]
=================================================================

── Fold 1/5 ──────────────────────────────
  CA3  — AUC: 0.8012  AUPRC: 0.3396  Brier: 0.2819  Acc: 0.6339  F1: 0.3619  (best ep=456, thresh=0.543)

── Fold 2/5 ──────────────────────────────
  CA3  — AUC: 0.8264  AUPRC: 0.4448  Brier: 0.2486  Acc: 0.8361  F1: 0.4828  (best ep=373, thresh=0.638)

── Fold 3/5 ──────────────────────────────
  CA3  — AUC: 0.7853  AUPRC: 0.4398  Brier: 0.2787  Acc: 0.8525  F1: 0.4706  (best ep=260, thresh=0.704)

── Fold 4/5 ──────────────────────────────
  CA3  — AUC: 0.7596  AUPRC: 0.3384  Brier: 0.2465  Acc: 0.6120  F1: 0.3364  (best ep=450, thresh=0.516)

── Fold 5/5 ──────────────────────────────
  CA3  — AUC: 0.7798  AUPRC: 0.3457  Brier: 0.2506  Acc: 0.8352  F1: 0.4444  (best ep=477, thresh=0.671)

===========================================================================
CrossAttn3  —  5-Fold CV Summary
===========================================================================
  Fold      AUC-ROC      AUPRC      Brier   Accuracy         F1
  ----------------------------------------------------------
  1          0.8012     0.3396     0.2819     0.6339     0.3619
  2          0.8264     0.4448     0.2486     0.8361     0.4828
  3          0.7853     0.4398     0.2787     0.8525     0.4706
  4          0.7596     0.3384     0.2465     0.6120     0.3364
  5          0.7798     0.3457     0.2506     0.8352     0.4444
  ──────────────────────────────────────────────────────────
  Mean       0.7905     0.3817     0.2613     0.7539     0.4192
  ±Std       0.0223     0.0496     0.0156     0.1073     0.0591
  [M3/global_zscore] Evaluating on test set (med_epoch=450, thresh=0.638) ...

=================================================================
CrossAttn3 Test Evaluation  (scale_clin=True, scale_aec=global, threshold=0.638)
=================================================================
CrossAttn3 — training final model for 450 epochs on full CV set …
  [CrossAttn3] Model weights saved → 연구코드/results/0605/stage0_1e-05_epoch500/model_3\raw128\global_zscore\M3_global_zscore_weights.pt

CrossAttn3 — Test Set (Overall):
  AUC: 0.8006  AUPRC: 0.2996  Brier: 0.2655  Acc: 0.7817  F1: 0.3421

CrossAttn3 — Test Set (By Sex):
  [M] n=82  AUC: 0.7469  AUPRC: 0.3274  Brier: 0.3266  Acc: 0.6463  F1: 0.4082
              precision    recall  f1-score   support

      Normal       0.93      0.62      0.75        69
  Sarcopenia       0.28      0.77      0.41        13

    accuracy                           0.65        82
   macro avg       0.61      0.70      0.58        82
weighted avg       0.83      0.65      0.69        82

  [F] n=147  AUC: 0.8215  AUPRC: 0.3103  Brier: 0.2315  Acc: 0.8571  F1: 0.2222
              precision    recall  f1-score   support

      Normal       0.94      0.90      0.92       136
  Sarcopenia       0.19      0.27      0.22        11

    accuracy                           0.86       147
   macro avg       0.56      0.59      0.57       147
weighted avg       0.88      0.86      0.87       147


───────────────────────────────────────────────────────
Test Set — Bootstrap CI
───────────────────────────────────────────────────────

  Bootstrap 95% CI — CrossAttn3  (n_boot=2000)
  Metric         Estimate   95% CI Lower   95% CI Upper
  ----------------------------------------------------
  AUC-ROC          0.8006         0.7177         0.8815
  AUPRC            0.2996         0.1904         0.4979
  Brier            0.2655         0.2428         0.2857
  Accuracy         0.7817         0.7293         0.8341
  F1               0.3421         0.2105         0.4777
  [M3/global_zscore] Saving figures ...

Saved (model 3 (global_zscore)):
  연구코드/results/0605/stage0_1e-05_epoch500/model_3\raw128\global_zscore/data_distribution.png
  연구코드/results/0605/stage0_1e-05_epoch500/model_3\raw128\global_zscore/cv_roc_curves.png
  연구코드/results/0605/stage0_1e-05_epoch500/model_3\raw128\global_zscore/cv_metric_distribution.png
  연구코드/results/0605/stage0_1e-05_epoch500/model_3\raw128\global_zscore/training_curves.png
  연구코드/results/0605/stage0_1e-05_epoch500/model_3\raw128\global_zscore/test_roc_curves.png
  연구코드/results/0605/stage0_1e-05_epoch500/model_3\raw128\global_zscore/test_roc_by_sex.png
  연구코드/results/0605/stage0_1e-05_epoch500/model_3\raw128\global_zscore/confusion_matrices.png
  연구코드/results/0605/stage0_1e-05_epoch500/model_3\raw128\global_zscore/calibration.png
  연구코드/results/0605/stage0_1e-05_epoch500/model_3\raw128\global_zscore/results.md
  [M3/global_zscore] Plotting attention maps ...
  연구코드/results/0605/stage0_1e-05_epoch500/model_3\raw128\global_zscore/attention_map_c2a.png
  연구코드/results/0605/stage0_1e-05_epoch500/model_3\raw128\global_zscore/attention_heatmap_c2a.png
  연구코드/results/0605/stage0_1e-05_epoch500/model_3\raw128\global_zscore/attention_map_a2c.png
  연구코드/results/0605/stage0_1e-05_epoch500/model_3\raw128\global_zscore/attention_heatmap_a2c.png
  [M3/global_zscore] Plotting Grad-CAM ...
  연구코드/results/0605/stage0_1e-05_epoch500/model_3\raw128\global_zscore/cam_aec_mean.png
  연구코드/results/0605/stage0_1e-05_epoch500/model_3\raw128\global_zscore/cam_aec_lines.png
  연구코드/results/0605/stage0_1e-05_epoch500/model_3\raw128\global_zscore/cam_aec_heatmap.png
  [M3/global_zscore] Done.
