============================================================
  MODEL 2 — Clinic + AEC (aec128)  (4 AEC variants)
============================================================

############################################################
  [M2 raw]  (scale_clinic=True, scale_aec=none)
############################################################
  [M2/raw] Cross-validating CrossAttn ...
=======================================================
5-Fold CV  [CrossAttn | scale_clin=True, scale_aec=none]
=======================================================

── Fold 1/5 ──────────────────────────────
  CA   — AUC: 0.8436  AUPRC: 0.3968  Brier: 0.2416  Acc: 0.8033  F1: 0.4545  (best ep=24, thresh=0.638)

── Fold 2/5 ──────────────────────────────
  CA   — AUC: 0.8575  AUPRC: 0.5488  Brier: 0.2476  Acc: 0.7869  F1: 0.4507  (best ep=12, thresh=0.610)

── Fold 3/5 ──────────────────────────────
  CA   — AUC: 0.7943  AUPRC: 0.3329  Brier: 0.2566  Acc: 0.6612  F1: 0.3542  (best ep=11, thresh=0.543)

── Fold 4/5 ──────────────────────────────
  CA   — AUC: 0.7991  AUPRC: 0.3509  Brier: 0.2467  Acc: 0.7268  F1: 0.3902  (best ep=12, thresh=0.570)

── Fold 5/5 ──────────────────────────────
  CA   — AUC: 0.8195  AUPRC: 0.4073  Brier: 0.2354  Acc: 0.7473  F1: 0.4103  (best ep=18, thresh=0.627)

===========================================================================
CrossAttn  —  5-Fold CV Summary
===========================================================================
  Fold      AUC-ROC      AUPRC      Brier   Accuracy         F1
  ----------------------------------------------------------
  1          0.8436     0.3968     0.2416     0.8033     0.4545
  2          0.8575     0.5488     0.2476     0.7869     0.4507
  3          0.7943     0.3329     0.2566     0.6612     0.3542
  4          0.7991     0.3509     0.2467     0.7268     0.3902
  5          0.8195     0.4073     0.2354     0.7473     0.4103
  ──────────────────────────────────────────────────────────
  Mean       0.8228     0.4073     0.2456     0.7451     0.4120
  ±Std       0.0246     0.0760     0.0070     0.0500     0.0378
  [M2/raw] Evaluating on test set (med_epoch=12, thresh=0.610) ...

=======================================================
CrossAttn Test Evaluation  (scale_clin=True, scale_aec=none, threshold=0.610)
=======================================================
CrossAttn — training final model for 12 epochs on full CV set …
  [CrossAttn] Model weights saved → 연구코드/results/0605/stage1_0.0003_epoch500/model_2\raw128\raw\M2_raw_weights.pt

CrossAttn — Test Set (Overall):
  AUC: 0.8002  AUPRC: 0.2946  Brier: 0.2602  Acc: 0.7293  F1: 0.3800

CrossAttn — Test Set (By Sex):
  [M] n=82  AUC: 0.7213  AUPRC: 0.3379  Brier: 0.3067  Acc: 0.6585  F1: 0.4400
              precision    recall  f1-score   support

      Normal       0.96      0.62      0.75        69
  Sarcopenia       0.30      0.85      0.44        13

    accuracy                           0.66        82
   macro avg       0.63      0.73      0.60        82
weighted avg       0.85      0.66      0.70        82

  [F] n=147  AUC: 0.8443  AUPRC: 0.2874  Brier: 0.2342  Acc: 0.7687  F1: 0.3200
              precision    recall  f1-score   support

      Normal       0.97      0.77      0.86       136
  Sarcopenia       0.21      0.73      0.32        11

    accuracy                           0.77       147
   macro avg       0.59      0.75      0.59       147
weighted avg       0.91      0.77      0.82       147


───────────────────────────────────────────────────────
Test Set — Bootstrap CI
───────────────────────────────────────────────────────

  Bootstrap 95% CI — CrossAttn  (n_boot=2000)
  Metric         Estimate   95% CI Lower   95% CI Upper
  ----------------------------------------------------
  AUC-ROC          0.8002         0.7079         0.8778
  AUPRC            0.2946         0.1762         0.4578
  Brier            0.2602         0.2325         0.2860
  Accuracy         0.7293         0.6725         0.7860
  F1               0.3800         0.2553         0.4951
  [M2/raw] Saving figures ...

Saved (model 2 (raw)):
  연구코드/results/0605/stage1_0.0003_epoch500/model_2\raw128\raw/data_distribution.png
  연구코드/results/0605/stage1_0.0003_epoch500/model_2\raw128\raw/cv_roc_curves.png
  연구코드/results/0605/stage1_0.0003_epoch500/model_2\raw128\raw/cv_metric_distribution.png
  연구코드/results/0605/stage1_0.0003_epoch500/model_2\raw128\raw/training_curves.png
  연구코드/results/0605/stage1_0.0003_epoch500/model_2\raw128\raw/test_roc_curves.png
  연구코드/results/0605/stage1_0.0003_epoch500/model_2\raw128\raw/test_roc_by_sex.png
  연구코드/results/0605/stage1_0.0003_epoch500/model_2\raw128\raw/confusion_matrices.png
  연구코드/results/0605/stage1_0.0003_epoch500/model_2\raw128\raw/calibration.png
  연구코드/results/0605/stage1_0.0003_epoch500/model_2\raw128\raw/results.md
  [M2/raw] Plotting attention maps ...
  연구코드/results/0605/stage1_0.0003_epoch500/model_2\raw128\raw/attention_map_c2a.png
  연구코드/results/0605/stage1_0.0003_epoch500/model_2\raw128\raw/attention_heatmap_c2a.png
  연구코드/results/0605/stage1_0.0003_epoch500/model_2\raw128\raw/attention_map_a2c.png
  연구코드/results/0605/stage1_0.0003_epoch500/model_2\raw128\raw/attention_heatmap_a2c.png
  [M2/raw] Plotting Grad-CAM ...
  연구코드/results/0605/stage1_0.0003_epoch500/model_2\raw128\raw/cam_aec_mean.png
  연구코드/results/0605/stage1_0.0003_epoch500/model_2\raw128\raw/cam_aec_lines.png
  연구코드/results/0605/stage1_0.0003_epoch500/model_2\raw128\raw/cam_aec_heatmap.png
  [M2/raw] Done.

############################################################
  [M2 std_scaled]  (scale_clinic=True, scale_aec=column)
############################################################
  [M2/std_scaled] Cross-validating CrossAttn ...
=======================================================
5-Fold CV  [CrossAttn | scale_clin=True, scale_aec=column]
=======================================================

── Fold 1/5 ──────────────────────────────
  CA   — AUC: 0.8212  AUPRC: 0.3892  Brier: 0.2479  Acc: 0.6612  F1: 0.3673  (best ep=20, thresh=0.538)

── Fold 2/5 ──────────────────────────────
  CA   — AUC: 0.8787  AUPRC: 0.5779  Brier: 0.2137  Acc: 0.8087  F1: 0.4776  (best ep=14, thresh=0.598)

── Fold 3/5 ──────────────────────────────
  CA   — AUC: 0.7859  AUPRC: 0.3432  Brier: 0.2704  Acc: 0.6612  F1: 0.3404  (best ep=18, thresh=0.570)

── Fold 4/5 ──────────────────────────────
  CA   — AUC: 0.7920  AUPRC: 0.3623  Brier: 0.2291  Acc: 0.7978  F1: 0.4308  (best ep=21, thresh=0.625)

── Fold 5/5 ──────────────────────────────
  CA   — AUC: 0.8331  AUPRC: 0.4443  Brier: 0.2071  Acc: 0.8132  F1: 0.4848  (best ep=19, thresh=0.599)

===========================================================================
CrossAttn  —  5-Fold CV Summary
===========================================================================
  Fold      AUC-ROC      AUPRC      Brier   Accuracy         F1
  ----------------------------------------------------------
  1          0.8212     0.3892     0.2479     0.6612     0.3673
  2          0.8787     0.5779     0.2137     0.8087     0.4776
  3          0.7859     0.3432     0.2704     0.6612     0.3404
  4          0.7920     0.3623     0.2291     0.7978     0.4308
  5          0.8331     0.4443     0.2071     0.8132     0.4848
  ──────────────────────────────────────────────────────────
  Mean       0.8222     0.4234     0.2337     0.7484     0.4202
  ±Std       0.0333     0.0844     0.0231     0.0714     0.0579
  [M2/std_scaled] Evaluating on test set (med_epoch=19, thresh=0.598) ...

=======================================================
CrossAttn Test Evaluation  (scale_clin=True, scale_aec=column, threshold=0.598)
=======================================================
CrossAttn — training final model for 19 epochs on full CV set …
  [CrossAttn] Model weights saved → 연구코드/results/0605/stage1_0.0003_epoch500/model_2\raw128\std_scaled\M2_std_scaled_weights.pt

CrossAttn — Test Set (Overall):
  AUC: 0.8053  AUPRC: 0.2943  Brier: 0.2554  Acc: 0.7074  F1: 0.3619

CrossAttn — Test Set (By Sex):
  [M] n=82  AUC: 0.7157  AUPRC: 0.3305  Brier: 0.3089  Acc: 0.6220  F1: 0.4151
              precision    recall  f1-score   support

      Normal       0.95      0.58      0.72        69
  Sarcopenia       0.28      0.85      0.42        13

    accuracy                           0.62        82
   macro avg       0.61      0.71      0.57        82
weighted avg       0.84      0.62      0.67        82

  [F] n=147  AUC: 0.8503  AUPRC: 0.2848  Brier: 0.2255  Acc: 0.7551  F1: 0.3077
              precision    recall  f1-score   support

      Normal       0.97      0.76      0.85       136
  Sarcopenia       0.20      0.73      0.31        11

    accuracy                           0.76       147
   macro avg       0.58      0.74      0.58       147
weighted avg       0.91      0.76      0.81       147


───────────────────────────────────────────────────────
Test Set — Bootstrap CI
───────────────────────────────────────────────────────

  Bootstrap 95% CI — CrossAttn  (n_boot=2000)
  Metric         Estimate   95% CI Lower   95% CI Upper
  ----------------------------------------------------
  AUC-ROC          0.8053         0.7191         0.8794
  AUPRC            0.2943         0.1789         0.4587
  Brier            0.2554         0.2283         0.2804
  Accuracy         0.7074         0.6505         0.7686
  F1               0.3619         0.2391         0.4779
  [M2/std_scaled] Saving figures ...

Saved (model 2 (std_scaled)):
  연구코드/results/0605/stage1_0.0003_epoch500/model_2\raw128\std_scaled/data_distribution.png
  연구코드/results/0605/stage1_0.0003_epoch500/model_2\raw128\std_scaled/cv_roc_curves.png
  연구코드/results/0605/stage1_0.0003_epoch500/model_2\raw128\std_scaled/cv_metric_distribution.png
  연구코드/results/0605/stage1_0.0003_epoch500/model_2\raw128\std_scaled/training_curves.png
  연구코드/results/0605/stage1_0.0003_epoch500/model_2\raw128\std_scaled/test_roc_curves.png
  연구코드/results/0605/stage1_0.0003_epoch500/model_2\raw128\std_scaled/test_roc_by_sex.png
  연구코드/results/0605/stage1_0.0003_epoch500/model_2\raw128\std_scaled/confusion_matrices.png
  연구코드/results/0605/stage1_0.0003_epoch500/model_2\raw128\std_scaled/calibration.png
  연구코드/results/0605/stage1_0.0003_epoch500/model_2\raw128\std_scaled/results.md
  [M2/std_scaled] Plotting attention maps ...
  연구코드/results/0605/stage1_0.0003_epoch500/model_2\raw128\std_scaled/attention_map_c2a.png
  연구코드/results/0605/stage1_0.0003_epoch500/model_2\raw128\std_scaled/attention_heatmap_c2a.png
  연구코드/results/0605/stage1_0.0003_epoch500/model_2\raw128\std_scaled/attention_map_a2c.png
  연구코드/results/0605/stage1_0.0003_epoch500/model_2\raw128\std_scaled/attention_heatmap_a2c.png
  [M2/std_scaled] Plotting Grad-CAM ...
  연구코드/results/0605/stage1_0.0003_epoch500/model_2\raw128\std_scaled/cam_aec_mean.png
  연구코드/results/0605/stage1_0.0003_epoch500/model_2\raw128\std_scaled/cam_aec_lines.png
  연구코드/results/0605/stage1_0.0003_epoch500/model_2\raw128\std_scaled/cam_aec_heatmap.png
  [M2/std_scaled] Done.

############################################################
  [M2 norm]  (scale_clinic=True, scale_aec=none)
############################################################
  [M2/norm] Cross-validating CrossAttn ...
=======================================================
5-Fold CV  [CrossAttn | scale_clin=True, scale_aec=none]
=======================================================

── Fold 1/5 ──────────────────────────────
  CA   — AUC: 0.8187  AUPRC: 0.3761  Brier: 0.2558  Acc: 0.7705  F1: 0.4324  (best ep=33, thresh=0.632)

── Fold 2/5 ──────────────────────────────
  CA   — AUC: 0.8601  AUPRC: 0.5645  Brier: 0.2374  Acc: 0.8197  F1: 0.4923  (best ep=8, thresh=0.611)

── Fold 3/5 ──────────────────────────────
  CA   — AUC: 0.7782  AUPRC: 0.3159  Brier: 0.2570  Acc: 0.8197  F1: 0.4000  (best ep=19, thresh=0.716)

── Fold 4/5 ──────────────────────────────
  CA   — AUC: 0.7892  AUPRC: 0.3530  Brier: 0.2369  Acc: 0.7596  F1: 0.4054  (best ep=5, thresh=0.600)

── Fold 5/5 ──────────────────────────────
  CA   — AUC: 0.8130  AUPRC: 0.4354  Brier: 0.2492  Acc: 0.8626  F1: 0.5098  (best ep=6, thresh=0.670)

===========================================================================
CrossAttn  —  5-Fold CV Summary
===========================================================================
  Fold      AUC-ROC      AUPRC      Brier   Accuracy         F1
  ----------------------------------------------------------
  1          0.8187     0.3761     0.2558     0.7705     0.4324
  2          0.8601     0.5645     0.2374     0.8197     0.4923
  3          0.7782     0.3159     0.2570     0.8197     0.4000
  4          0.7892     0.3530     0.2369     0.7596     0.4054
  5          0.8130     0.4354     0.2492     0.8626     0.5098
  ──────────────────────────────────────────────────────────
  Mean       0.8118     0.4090     0.2473     0.8064     0.4480
  ±Std       0.0284     0.0869     0.0087     0.0374     0.0450
  [M2/norm] Evaluating on test set (med_epoch=8, thresh=0.632) ...

=======================================================
CrossAttn Test Evaluation  (scale_clin=True, scale_aec=none, threshold=0.632)
=======================================================
CrossAttn — training final model for 8 epochs on full CV set …
  [CrossAttn] Model weights saved → 연구코드/results/0605/stage1_0.0003_epoch500/model_2\raw128\norm\M2_norm_weights.pt

CrossAttn — Test Set (Overall):
  AUC: 0.8081  AUPRC: 0.3089  Brier: 0.3346  Acc: 0.6201  F1: 0.3459

CrossAttn — Test Set (By Sex):
  [M] n=82  AUC: 0.7191  AUPRC: 0.3076  Brier: 0.3805  Acc: 0.5854  F1: 0.4138
              precision    recall  f1-score   support

      Normal       0.97      0.52      0.68        69
  Sarcopenia       0.27      0.92      0.41        13

    accuracy                           0.59        82
   macro avg       0.62      0.72      0.55        82
weighted avg       0.86      0.59      0.64        82

  [F] n=147  AUC: 0.8443  AUPRC: 0.3582  Brier: 0.3090  Acc: 0.6395  F1: 0.2933
              precision    recall  f1-score   support

      Normal       1.00      0.61      0.76       136
  Sarcopenia       0.17      1.00      0.29        11

    accuracy                           0.64       147
   macro avg       0.59      0.81      0.53       147
weighted avg       0.94      0.64      0.72       147


───────────────────────────────────────────────────────
Test Set — Bootstrap CI
───────────────────────────────────────────────────────

  Bootstrap 95% CI — CrossAttn  (n_boot=2000)
  Metric         Estimate   95% CI Lower   95% CI Upper
  ----------------------------------------------------
  AUC-ROC          0.8081         0.7264         0.8780
  AUPRC            0.3089         0.1903         0.5061
  Brier            0.3346         0.3047         0.3627
  Accuracy         0.6201         0.5590         0.6857
  F1               0.3459         0.2362         0.4531
  [M2/norm] Saving figures ...

Saved (model 2 (norm)):
  연구코드/results/0605/stage1_0.0003_epoch500/model_2\raw128\norm/data_distribution.png
  연구코드/results/0605/stage1_0.0003_epoch500/model_2\raw128\norm/cv_roc_curves.png
  연구코드/results/0605/stage1_0.0003_epoch500/model_2\raw128\norm/cv_metric_distribution.png
  연구코드/results/0605/stage1_0.0003_epoch500/model_2\raw128\norm/training_curves.png
  연구코드/results/0605/stage1_0.0003_epoch500/model_2\raw128\norm/test_roc_curves.png
  연구코드/results/0605/stage1_0.0003_epoch500/model_2\raw128\norm/test_roc_by_sex.png
  연구코드/results/0605/stage1_0.0003_epoch500/model_2\raw128\norm/confusion_matrices.png
  연구코드/results/0605/stage1_0.0003_epoch500/model_2\raw128\norm/calibration.png
  연구코드/results/0605/stage1_0.0003_epoch500/model_2\raw128\norm/results.md
  [M2/norm] Plotting attention maps ...
  연구코드/results/0605/stage1_0.0003_epoch500/model_2\raw128\norm/attention_map_c2a.png
  연구코드/results/0605/stage1_0.0003_epoch500/model_2\raw128\norm/attention_heatmap_c2a.png
  연구코드/results/0605/stage1_0.0003_epoch500/model_2\raw128\norm/attention_map_a2c.png
  연구코드/results/0605/stage1_0.0003_epoch500/model_2\raw128\norm/attention_heatmap_a2c.png
  [M2/norm] Plotting Grad-CAM ...
  연구코드/results/0605/stage1_0.0003_epoch500/model_2\raw128\norm/cam_aec_mean.png
  연구코드/results/0605/stage1_0.0003_epoch500/model_2\raw128\norm/cam_aec_lines.png
  연구코드/results/0605/stage1_0.0003_epoch500/model_2\raw128\norm/cam_aec_heatmap.png
  [M2/norm] Done.

############################################################
  [M2 global_zscore]  (scale_clinic=True, scale_aec=global)
############################################################
  [M2/global_zscore] Cross-validating CrossAttn ...
=======================================================
5-Fold CV  [CrossAttn | scale_clin=True, scale_aec=global]
=======================================================

── Fold 1/5 ──────────────────────────────
  CA   — AUC: 0.8304  AUPRC: 0.3896  Brier: 0.2503  Acc: 0.6557  F1: 0.3762  (best ep=25, thresh=0.531)

── Fold 2/5 ──────────────────────────────
  CA   — AUC: 0.8431  AUPRC: 0.5090  Brier: 0.2144  Acc: 0.7814  F1: 0.4286  (best ep=19, thresh=0.550)

── Fold 3/5 ──────────────────────────────
  CA   — AUC: 0.7962  AUPRC: 0.3688  Brier: 0.2621  Acc: 0.6940  F1: 0.3636  (best ep=28, thresh=0.591)

── Fold 4/5 ──────────────────────────────
  CA   — AUC: 0.8010  AUPRC: 0.3534  Brier: 0.2484  Acc: 0.8251  F1: 0.4483  (best ep=9, thresh=0.659)

── Fold 5/5 ──────────────────────────────
  CA   — AUC: 0.8240  AUPRC: 0.4127  Brier: 0.2461  Acc: 0.7527  F1: 0.4156  (best ep=33, thresh=0.623)

===========================================================================
CrossAttn  —  5-Fold CV Summary
===========================================================================
  Fold      AUC-ROC      AUPRC      Brier   Accuracy         F1
  ----------------------------------------------------------
  1          0.8304     0.3896     0.2503     0.6557     0.3762
  2          0.8431     0.5090     0.2144     0.7814     0.4286
  3          0.7962     0.3688     0.2621     0.6940     0.3636
  4          0.8010     0.3534     0.2484     0.8251     0.4483
  5          0.8240     0.4127     0.2461     0.7527     0.4156
  ──────────────────────────────────────────────────────────
  Mean       0.8189     0.4067     0.2443     0.7418     0.4065
  ±Std       0.0178     0.0549     0.0159     0.0605     0.0318
  [M2/global_zscore] Evaluating on test set (med_epoch=25, thresh=0.591) ...

=======================================================
CrossAttn Test Evaluation  (scale_clin=True, scale_aec=global, threshold=0.591)
=======================================================
CrossAttn — training final model for 25 epochs on full CV set …
  [CrossAttn] Model weights saved → 연구코드/results/0605/stage1_0.0003_epoch500/model_2\raw128\global_zscore\M2_global_zscore_weights.pt

CrossAttn — Test Set (Overall):
  AUC: 0.7815  AUPRC: 0.2688  Brier: 0.2654  Acc: 0.6900  F1: 0.3486

CrossAttn — Test Set (By Sex):
  [M] n=82  AUC: 0.6957  AUPRC: 0.3117  Brier: 0.3113  Acc: 0.6463  F1: 0.4314
              precision    recall  f1-score   support

      Normal       0.95      0.61      0.74        69
  Sarcopenia       0.29      0.85      0.43        13

    accuracy                           0.65        82
   macro avg       0.62      0.73      0.59        82
weighted avg       0.85      0.65      0.69        82

  [F] n=147  AUC: 0.8275  AUPRC: 0.3100  Brier: 0.2399  Acc: 0.7143  F1: 0.2759
              precision    recall  f1-score   support

      Normal       0.97      0.71      0.82       136
  Sarcopenia       0.17      0.73      0.28        11

    accuracy                           0.71       147
   macro avg       0.57      0.72      0.55       147
weighted avg       0.91      0.71      0.78       147


───────────────────────────────────────────────────────
Test Set — Bootstrap CI
───────────────────────────────────────────────────────

  Bootstrap 95% CI — CrossAttn  (n_boot=2000)
  Metric         Estimate   95% CI Lower   95% CI Upper
  ----------------------------------------------------
  AUC-ROC          0.7815         0.6981         0.8573
  AUPRC            0.2688         0.1567         0.4299
  Brier            0.2654         0.2365         0.2935
  Accuracy         0.6900         0.6288         0.7511
  F1               0.3486         0.2281         0.4643
  [M2/global_zscore] Saving figures ...

Saved (model 2 (global_zscore)):
  연구코드/results/0605/stage1_0.0003_epoch500/model_2\raw128\global_zscore/data_distribution.png
  연구코드/results/0605/stage1_0.0003_epoch500/model_2\raw128\global_zscore/cv_roc_curves.png
  연구코드/results/0605/stage1_0.0003_epoch500/model_2\raw128\global_zscore/cv_metric_distribution.png
  연구코드/results/0605/stage1_0.0003_epoch500/model_2\raw128\global_zscore/training_curves.png
  연구코드/results/0605/stage1_0.0003_epoch500/model_2\raw128\global_zscore/test_roc_curves.png
  연구코드/results/0605/stage1_0.0003_epoch500/model_2\raw128\global_zscore/test_roc_by_sex.png
  연구코드/results/0605/stage1_0.0003_epoch500/model_2\raw128\global_zscore/confusion_matrices.png
  연구코드/results/0605/stage1_0.0003_epoch500/model_2\raw128\global_zscore/calibration.png
  연구코드/results/0605/stage1_0.0003_epoch500/model_2\raw128\global_zscore/results.md
  [M2/global_zscore] Plotting attention maps ...
  연구코드/results/0605/stage1_0.0003_epoch500/model_2\raw128\global_zscore/attention_map_c2a.png
  연구코드/results/0605/stage1_0.0003_epoch500/model_2\raw128\global_zscore/attention_heatmap_c2a.png
  연구코드/results/0605/stage1_0.0003_epoch500/model_2\raw128\global_zscore/attention_map_a2c.png
  연구코드/results/0605/stage1_0.0003_epoch500/model_2\raw128\global_zscore/attention_heatmap_a2c.png
  [M2/global_zscore] Plotting Grad-CAM ...
  연구코드/results/0605/stage1_0.0003_epoch500/model_2\raw128\global_zscore/cam_aec_mean.png
  연구코드/results/0605/stage1_0.0003_epoch500/model_2\raw128\global_zscore/cam_aec_lines.png
  연구코드/results/0605/stage1_0.0003_epoch500/model_2\raw128\global_zscore/cam_aec_heatmap.png
  [M2/global_zscore] Done.
