============================================================
  MODEL 2_2 — Clinic + AEC Unmatched (aec120)  (3 AEC variants)
============================================================

############################################################
  [M2_2 raw]  (scale_clinic=True, scale_aec=none)
############################################################
  [M2_2/raw] Cross-validating CrossAttn ...
=======================================================
5-Fold CV  [CrossAttn | scale_aec=none]
=======================================================

── Fold 1/5 ──────────────────────────────
  CA   — AUC: 0.7834  AUPRC: 0.2995  Brier: 0.2803  Acc: 0.7650  F1: 0.3944  (best ep=162, thresh=0.625)

── Fold 2/5 ──────────────────────────────
  CA   — AUC: 0.7487  AUPRC: 0.2931  Brier: 0.2457  Acc: 0.7432  F1: 0.3380  (best ep=358, thresh=0.595)

── Fold 3/5 ──────────────────────────────
  CA   — AUC: 0.7522  AUPRC: 0.2338  Brier: 0.2774  Acc: 0.6557  F1: 0.3368  (best ep=437, thresh=0.562)

── Fold 4/5 ──────────────────────────────
  CA   — AUC: 0.6788  AUPRC: 0.2008  Brier: 0.2479  Acc: 0.5355  F1: 0.2735  (best ep=429, thresh=0.457)

── Fold 5/5 ──────────────────────────────
  CA   — AUC: 0.7895  AUPRC: 0.3340  Brier: 0.2568  Acc: 0.6868  F1: 0.3736  (best ep=446, thresh=0.568)

===========================================================================
CrossAttn  —  5-Fold CV Summary
===========================================================================
  Fold      AUC-ROC      AUPRC      Brier   Accuracy         F1
  ----------------------------------------------------------
  1          0.7834     0.2995     0.2803     0.7650     0.3944
  2          0.7487     0.2931     0.2457     0.7432     0.3380
  3          0.7522     0.2338     0.2774     0.6557     0.3368
  4          0.6788     0.2008     0.2479     0.5355     0.2735
  5          0.7895     0.3340     0.2568     0.6868     0.3736
  ──────────────────────────────────────────────────────────
  Mean       0.7505     0.2722     0.2616     0.6773     0.3433
  ±Std       0.0394     0.0481     0.0146     0.0809     0.0412
  [M2_2/raw] Evaluating on test set (med_epoch=429, thresh=0.568) ...

=======================================================
CrossAttn Test Evaluation  [scale_aec=none | threshold=0.568]
=======================================================
CrossAttn — training final model for 429 epochs on full CV set …
  [CrossAttn] weights → 연구코드/results/0612_120/model_2_2\raw\M2_2_raw_weights.pt

CrossAttn — Test Set (Overall):  AUC: 0.7945  AUPRC: 0.2983  Brier: 0.2655  Acc: 0.6594  F1: 0.3607

CrossAttn — Test Set (By Sex):
  [M] n=82  AUC: 0.7414  AUPRC: 0.3542  Brier: 0.3014  Acc: 0.5976  F1: 0.4000
              precision    recall  f1-score   support

      Normal       0.95      0.55      0.70        69
  Sarcopenia       0.26      0.85      0.40        13

    accuracy                           0.60        82
   macro avg       0.61      0.70      0.55        82
weighted avg       0.84      0.60      0.65        82

  [F] n=147  AUC: 0.8162  AUPRC: 0.3021  Brier: 0.2455  Acc: 0.6939  F1: 0.3284
              precision    recall  f1-score   support

      Normal       1.00      0.67      0.80       136
  Sarcopenia       0.20      1.00      0.33        11

    accuracy                           0.69       147
   macro avg       0.60      0.83      0.57       147
weighted avg       0.94      0.69      0.77       147


───────────────────────────────────────────────────────
Test Set — Bootstrap CI
───────────────────────────────────────────────────────

  Bootstrap 95% CI — CrossAttn  (n_boot=2000)
  Metric         Estimate   95% CI Lower   95% CI Upper
  ----------------------------------------------------
  AUC-ROC          0.7945         0.7165         0.8617
  AUPRC            0.2983         0.1722         0.4742
  Brier            0.2655         0.2390         0.2917
  Accuracy         0.6594         0.5983         0.7249
  F1               0.3607         0.2430         0.4733
  [M2_2/raw] Saving figures ...

Saved (model 2_2 (raw, unmatched)):
  연구코드/results/0612_120/model_2_2\raw/data_distribution.png
  연구코드/results/0612_120/model_2_2\raw/cv_roc_curves.png
  연구코드/results/0612_120/model_2_2\raw/cv_metric_distribution.png
  연구코드/results/0612_120/model_2_2\raw/training_curves.png
  연구코드/results/0612_120/model_2_2\raw/test_roc_curves.png
  연구코드/results/0612_120/model_2_2\raw/test_roc_by_sex.png
  연구코드/results/0612_120/model_2_2\raw/confusion_matrices.png
  연구코드/results/0612_120/model_2_2\raw/calibration.png
  연구코드/results/0612_120/model_2_2\raw/results.md
  [M2_2/raw] Plotting attention maps ...
  연구코드/results/0612_120/model_2_2\raw/attention_map_c2a.png
  연구코드/results/0612_120/model_2_2\raw/attention_heatmap_c2a.png
  연구코드/results/0612_120/model_2_2\raw/attention_map_a2c.png
  연구코드/results/0612_120/model_2_2\raw/attention_heatmap_a2c.png
  [M2_2/raw] Plotting Grad-CAM ...
  연구코드/results/0612_120/model_2_2\raw/cam_aec_mean.png
  연구코드/results/0612_120/model_2_2\raw/cam_aec_lines.png
  연구코드/results/0612_120/model_2_2\raw/cam_aec_heatmap.png
  [M2_2/raw] Done.

############################################################
  [M2_2 norm]  (scale_clinic=True, scale_aec=none)
############################################################
  [M2_2/norm] Cross-validating CrossAttn ...
=======================================================
5-Fold CV  [CrossAttn | scale_aec=none]
=======================================================

── Fold 1/5 ──────────────────────────────
  CA   — AUC: 0.7773  AUPRC: 0.3098  Brier: 0.2819  Acc: 0.8087  F1: 0.4444  (best ep=59, thresh=0.606)

── Fold 2/5 ──────────────────────────────
  CA   — AUC: 0.8610  AUPRC: 0.4882  Brier: 0.2468  Acc: 0.8251  F1: 0.5000  (best ep=164, thresh=0.607)

── Fold 3/5 ──────────────────────────────
  CA   — AUC: 0.7468  AUPRC: 0.2315  Brier: 0.2693  Acc: 0.6667  F1: 0.3146  (best ep=380, thresh=0.587)

── Fold 4/5 ──────────────────────────────
  CA   — AUC: 0.7664  AUPRC: 0.3403  Brier: 0.2388  Acc: 0.7377  F1: 0.3684  (best ep=407, thresh=0.579)

── Fold 5/5 ──────────────────────────────
  CA   — AUC: 0.8243  AUPRC: 0.3677  Brier: 0.2514  Acc: 0.8187  F1: 0.4923  (best ep=171, thresh=0.626)

===========================================================================
CrossAttn  —  5-Fold CV Summary
===========================================================================
  Fold      AUC-ROC      AUPRC      Brier   Accuracy         F1
  ----------------------------------------------------------
  1          0.7773     0.3098     0.2819     0.8087     0.4444
  2          0.8610     0.4882     0.2468     0.8251     0.5000
  3          0.7468     0.2315     0.2693     0.6667     0.3146
  4          0.7664     0.3403     0.2388     0.7377     0.3684
  5          0.8243     0.3677     0.2514     0.8187     0.4923
  ──────────────────────────────────────────────────────────
  Mean       0.7952     0.3475     0.2577     0.7714     0.4240
  ±Std       0.0417     0.0838     0.0157     0.0610     0.0720
  [M2_2/norm] Evaluating on test set (med_epoch=171, thresh=0.606) ...

=======================================================
CrossAttn Test Evaluation  [scale_aec=none | threshold=0.606]
=======================================================
CrossAttn — training final model for 171 epochs on full CV set …
  [CrossAttn] weights → 연구코드/results/0612_120/model_2_2\norm\M2_2_norm_weights.pt

CrossAttn — Test Set (Overall):  AUC: 0.8437  AUPRC: 0.3489  Brier: 0.2573  Acc: 0.6900  F1: 0.3717

CrossAttn — Test Set (By Sex):
  [M] n=82  AUC: 0.7659  AUPRC: 0.3537  Brier: 0.2920  Acc: 0.6098  F1: 0.4074
              precision    recall  f1-score   support

      Normal       0.95      0.57      0.71        69
  Sarcopenia       0.27      0.85      0.41        13

    accuracy                           0.61        82
   macro avg       0.61      0.71      0.56        82
weighted avg       0.84      0.61      0.66        82

  [F] n=147  AUC: 0.8803  AUPRC: 0.4692  Brier: 0.2380  Acc: 0.7347  F1: 0.3390
              precision    recall  f1-score   support

      Normal       0.99      0.72      0.83       136
  Sarcopenia       0.21      0.91      0.34        11

    accuracy                           0.73       147
   macro avg       0.60      0.81      0.59       147
weighted avg       0.93      0.73      0.80       147


───────────────────────────────────────────────────────
Test Set — Bootstrap CI
───────────────────────────────────────────────────────

  Bootstrap 95% CI — CrossAttn  (n_boot=2000)
  Metric         Estimate   95% CI Lower   95% CI Upper
  ----------------------------------------------------
  AUC-ROC          0.8437         0.7664         0.9078
  AUPRC            0.3489         0.2210         0.5500
  Brier            0.2573         0.2310         0.2825
  Accuracy         0.6900         0.6288         0.7511
  F1               0.3717         0.2499         0.4865
  [M2_2/norm] Saving figures ...

Saved (model 2_2 (norm, unmatched)):
  연구코드/results/0612_120/model_2_2\norm/data_distribution.png
  연구코드/results/0612_120/model_2_2\norm/cv_roc_curves.png
  연구코드/results/0612_120/model_2_2\norm/cv_metric_distribution.png
  연구코드/results/0612_120/model_2_2\norm/training_curves.png
  연구코드/results/0612_120/model_2_2\norm/test_roc_curves.png
  연구코드/results/0612_120/model_2_2\norm/test_roc_by_sex.png
  연구코드/results/0612_120/model_2_2\norm/confusion_matrices.png
  연구코드/results/0612_120/model_2_2\norm/calibration.png
  연구코드/results/0612_120/model_2_2\norm/results.md
  [M2_2/norm] Plotting attention maps ...
  연구코드/results/0612_120/model_2_2\norm/attention_map_c2a.png
  연구코드/results/0612_120/model_2_2\norm/attention_heatmap_c2a.png
  연구코드/results/0612_120/model_2_2\norm/attention_map_a2c.png
  연구코드/results/0612_120/model_2_2\norm/attention_heatmap_a2c.png
  [M2_2/norm] Plotting Grad-CAM ...
  연구코드/results/0612_120/model_2_2\norm/cam_aec_mean.png
  연구코드/results/0612_120/model_2_2\norm/cam_aec_lines.png
  연구코드/results/0612_120/model_2_2\norm/cam_aec_heatmap.png
  [M2_2/norm] Done.

############################################################
  [M2_2 global_zscore]  (scale_clinic=True, scale_aec=global)
############################################################
  [M2_2/global_zscore] Cross-validating CrossAttn ...
=======================================================
5-Fold CV  [CrossAttn | scale_aec=global]
=======================================================

── Fold 1/5 ──────────────────────────────
  CA   — AUC: 0.7561  AUPRC: 0.2421  Brier: 0.2624  Acc: 0.4973  F1: 0.3030  (best ep=278, thresh=0.433)

── Fold 2/5 ──────────────────────────────
  CA   — AUC: 0.7503  AUPRC: 0.3678  Brier: 0.2384  Acc: 0.7432  F1: 0.3380  (best ep=483, thresh=0.593)

── Fold 3/5 ──────────────────────────────
  CA   — AUC: 0.7882  AUPRC: 0.2966  Brier: 0.2832  Acc: 0.6503  F1: 0.3469  (best ep=228, thresh=0.579)

── Fold 4/5 ──────────────────────────────
  CA   — AUC: 0.7628  AUPRC: 0.3083  Brier: 0.2345  Acc: 0.6776  F1: 0.3516  (best ep=479, thresh=0.515)

── Fold 5/5 ──────────────────────────────
  CA   — AUC: 0.8085  AUPRC: 0.4166  Brier: 0.2433  Acc: 0.6868  F1: 0.3736  (best ep=465, thresh=0.550)

===========================================================================
CrossAttn  —  5-Fold CV Summary
===========================================================================
  Fold      AUC-ROC      AUPRC      Brier   Accuracy         F1
  ----------------------------------------------------------
  1          0.7561     0.2421     0.2624     0.4973     0.3030
  2          0.7503     0.3678     0.2384     0.7432     0.3380
  3          0.7882     0.2966     0.2832     0.6503     0.3469
  4          0.7628     0.3083     0.2345     0.6776     0.3516
  5          0.8085     0.4166     0.2433     0.6868     0.3736
  ──────────────────────────────────────────────────────────
  Mean       0.7732     0.3263     0.2523     0.6510     0.3427
  ±Std       0.0219     0.0603     0.0182     0.0826     0.0230
  [M2_2/global_zscore] Evaluating on test set (med_epoch=465, thresh=0.550) ...

=======================================================
CrossAttn Test Evaluation  [scale_aec=global | threshold=0.550]
=======================================================
CrossAttn — training final model for 465 epochs on full CV set …
  [CrossAttn] weights → 연구코드/results/0612_120/model_2_2\global_zscore\M2_2_global_zscore_weights.pt

CrossAttn — Test Set (Overall):  AUC: 0.8098  AUPRC: 0.3235  Brier: 0.2612  Acc: 0.6419  F1: 0.3387

CrossAttn — Test Set (By Sex):
  [M] n=82  AUC: 0.7525  AUPRC: 0.3744  Brier: 0.2910  Acc: 0.5854  F1: 0.3929
              precision    recall  f1-score   support

      Normal       0.95      0.54      0.69        69
  Sarcopenia       0.26      0.85      0.39        13

    accuracy                           0.59        82
   macro avg       0.60      0.69      0.54        82
weighted avg       0.84      0.59      0.64        82

  [F] n=147  AUC: 0.8389  AUPRC: 0.3497  Brier: 0.2445  Acc: 0.6735  F1: 0.2941
              precision    recall  f1-score   support

      Normal       0.99      0.65      0.79       136
  Sarcopenia       0.18      0.91      0.29        11

    accuracy                           0.67       147
   macro avg       0.58      0.78      0.54       147
weighted avg       0.93      0.67      0.75       147


───────────────────────────────────────────────────────
Test Set — Bootstrap CI
───────────────────────────────────────────────────────

  Bootstrap 95% CI — CrossAttn  (n_boot=2000)
  Metric         Estimate   95% CI Lower   95% CI Upper
  ----------------------------------------------------
  AUC-ROC          0.8098         0.7273         0.8780
  AUPRC            0.3235         0.1910         0.5002
  Brier            0.2612         0.2343         0.2870
  Accuracy         0.6419         0.5808         0.7031
  F1               0.3387         0.2261         0.4516
  [M2_2/global_zscore] Saving figures ...

Saved (model 2_2 (global_zscore, unmatched)):
  연구코드/results/0612_120/model_2_2\global_zscore/data_distribution.png
  연구코드/results/0612_120/model_2_2\global_zscore/cv_roc_curves.png
  연구코드/results/0612_120/model_2_2\global_zscore/cv_metric_distribution.png
  연구코드/results/0612_120/model_2_2\global_zscore/training_curves.png
  연구코드/results/0612_120/model_2_2\global_zscore/test_roc_curves.png
  연구코드/results/0612_120/model_2_2\global_zscore/test_roc_by_sex.png
  연구코드/results/0612_120/model_2_2\global_zscore/confusion_matrices.png
  연구코드/results/0612_120/model_2_2\global_zscore/calibration.png
  연구코드/results/0612_120/model_2_2\global_zscore/results.md
  [M2_2/global_zscore] Plotting attention maps ...
  연구코드/results/0612_120/model_2_2\global_zscore/attention_map_c2a.png
  연구코드/results/0612_120/model_2_2\global_zscore/attention_heatmap_c2a.png
  연구코드/results/0612_120/model_2_2\global_zscore/attention_map_a2c.png
  연구코드/results/0612_120/model_2_2\global_zscore/attention_heatmap_a2c.png
  [M2_2/global_zscore] Plotting Grad-CAM ...
  연구코드/results/0612_120/model_2_2\global_zscore/cam_aec_mean.png
  연구코드/results/0612_120/model_2_2\global_zscore/cam_aec_lines.png
  연구코드/results/0612_120/model_2_2\global_zscore/cam_aec_heatmap.png
  [M2_2/global_zscore] Done.
