============================================================
  MODEL 2 — Clinic + AEC (aec128)  (3 AEC variants)
============================================================

############################################################
  [M2 raw]  (scale_clinic=True, scale_aec=none)
############################################################
  [M2/raw] Cross-validating CrossAttn ...
=======================================================
5-Fold CV  [CrossAttn | scale_aec=none]
=======================================================

── Fold 1/5 ──────────────────────────────
  Cros — AUC: 0.8227  AUPRC: 0.3787  Brier: 0.2624  Acc: 0.7432  F1: 0.4051  (best ep=395, thresh=0.626)

── Fold 2/5 ──────────────────────────────
  Cros — AUC: 0.8665  AUPRC: 0.5549  Brier: 0.2187  Acc: 0.8525  F1: 0.5091  (best ep=231, thresh=0.629)

── Fold 3/5 ──────────────────────────────
  Cros — AUC: 0.7847  AUPRC: 0.3394  Brier: 0.2751  Acc: 0.6667  F1: 0.3441  (best ep=286, thresh=0.585)

── Fold 4/5 ──────────────────────────────
  Cros — AUC: 0.7872  AUPRC: 0.3595  Brier: 0.2289  Acc: 0.6175  F1: 0.3396  (best ep=423, thresh=0.477)

── Fold 5/5 ──────────────────────────────
  Cros — AUC: 0.8237  AUPRC: 0.3868  Brier: 0.2461  Acc: 0.8022  F1: 0.4706  (best ep=298, thresh=0.625)

===========================================================================
CrossAttn  —  5-Fold CV Summary
===========================================================================
  Fold      AUC-ROC      AUPRC      Brier   Accuracy         F1
  ----------------------------------------------------------
  1          0.8227     0.3787     0.2624     0.7432     0.4051
  2          0.8665     0.5549     0.2187     0.8525     0.5091
  3          0.7847     0.3394     0.2751     0.6667     0.3441
  4          0.7872     0.3595     0.2289     0.6175     0.3396
  5          0.8237     0.3868     0.2461     0.8022     0.4706
  ──────────────────────────────────────────────────────────
  Mean       0.8170     0.4038     0.2462     0.7364     0.4137
  ±Std       0.0299     0.0773     0.0208     0.0858     0.0674
  [M2/raw] Evaluating on test set (med_epoch=298, thresh=0.625) ...
CrossAttn — training final model for 298 epochs on full CV set …
  [CrossAttn] weights → C:\Users\jhjun\OneDrive\Desktop\대학원\results/0612_late_fusion/model_2\raw\M2_raw_weights.pt

CrossAttn — Test Set (Overall):  AUC: 0.7980  AUPRC: 0.2828  Brier: 0.2672  Acc: 0.7162  F1: 0.3434

CrossAttn — Test Set (By Sex):
  [M] n=82  AUC: 0.7202  AUPRC: 0.3270  Brier: 0.3172  Acc: 0.6707  F1: 0.4255
              precision    recall  f1-score   support

      Normal       0.94      0.65      0.77        69
  Sarcopenia       0.29      0.77      0.43        13

    accuracy                           0.67        82
   macro avg       0.62      0.71      0.60        82
weighted avg       0.84      0.67      0.71        82

  [F] n=147  AUC: 0.8235  AUPRC: 0.3034  Brier: 0.2393  Acc: 0.7415  F1: 0.2692
              precision    recall  f1-score   support

      Normal       0.96      0.75      0.84       136
  Sarcopenia       0.17      0.64      0.27        11

    accuracy                           0.74       147
   macro avg       0.57      0.69      0.56       147
weighted avg       0.90      0.74      0.80       147


───────────────────────────────────────────────────────
Test Set — Bootstrap CI
───────────────────────────────────────────────────────

  Bootstrap 95% CI — CrossAttn  (n_boot=2000)
  Metric         Estimate   95% CI Lower   95% CI Upper
  ----------------------------------------------------
  AUC-ROC          0.7980         0.7186         0.8689
  AUPRC            0.2828         0.1680         0.4437
  Brier            0.2672         0.2397         0.2925
  Accuracy         0.7162         0.6594         0.7773
  F1               0.3434         0.2222         0.4598
  [M2/raw] Saving figures ...

Saved (model 2 (raw)):
  C:\Users\jhjun\OneDrive\Desktop\대학원\results/0612_late_fusion/model_2\raw/data_distribution.png
  C:\Users\jhjun\OneDrive\Desktop\대학원\results/0612_late_fusion/model_2\raw/cv_roc_curves.png
  C:\Users\jhjun\OneDrive\Desktop\대학원\results/0612_late_fusion/model_2\raw/cv_metric_distribution.png
  C:\Users\jhjun\OneDrive\Desktop\대학원\results/0612_late_fusion/model_2\raw/training_curves.png
  C:\Users\jhjun\OneDrive\Desktop\대학원\results/0612_late_fusion/model_2\raw/test_roc_curves.png
  C:\Users\jhjun\OneDrive\Desktop\대학원\results/0612_late_fusion/model_2\raw/test_roc_by_sex.png
  C:\Users\jhjun\OneDrive\Desktop\대학원\results/0612_late_fusion/model_2\raw/confusion_matrices.png
  C:\Users\jhjun\OneDrive\Desktop\대학원\results/0612_late_fusion/model_2\raw/calibration.png
  C:\Users\jhjun\OneDrive\Desktop\대학원\results/0612_late_fusion/model_2\raw/results.md
  [M2/raw] Plotting attention maps ...
  C:\Users\jhjun\OneDrive\Desktop\대학원\results/0612_late_fusion/model_2\raw/attention_map_c2a.png
  C:\Users\jhjun\OneDrive\Desktop\대학원\results/0612_late_fusion/model_2\raw/attention_heatmap_c2a.png
  C:\Users\jhjun\OneDrive\Desktop\대학원\results/0612_late_fusion/model_2\raw/attention_map_a2c.png
  C:\Users\jhjun\OneDrive\Desktop\대학원\results/0612_late_fusion/model_2\raw/attention_heatmap_a2c.png
  [M2/raw] Plotting Grad-CAM ...
  C:\Users\jhjun\OneDrive\Desktop\대학원\results/0612_late_fusion/model_2\raw/cam_aec_mean.png
  C:\Users\jhjun\OneDrive\Desktop\대학원\results/0612_late_fusion/model_2\raw/cam_aec_lines.png
  C:\Users\jhjun\OneDrive\Desktop\대학원\results/0612_late_fusion/model_2\raw/cam_aec_heatmap.png
  [M2/raw] Done.

############################################################
  [M2 norm]  (scale_clinic=True, scale_aec=none)
############################################################
  [M2/norm] Cross-validating CrossAttn ...
=======================================================
5-Fold CV  [CrossAttn | scale_aec=none]
=======================================================

── Fold 1/5 ──────────────────────────────
  Cros — AUC: 0.8233  AUPRC: 0.3971  Brier: 0.2711  Acc: 0.7541  F1: 0.4156  (best ep=128, thresh=0.618)

── Fold 2/5 ──────────────────────────────
  Cros — AUC: 0.8241  AUPRC: 0.4270  Brier: 0.2068  Acc: 0.8525  F1: 0.5091  (best ep=413, thresh=0.625)

── Fold 3/5 ──────────────────────────────
  Cros — AUC: 0.7628  AUPRC: 0.2554  Brier: 0.2826  Acc: 0.6995  F1: 0.3529  (best ep=95, thresh=0.647)

── Fold 4/5 ──────────────────────────────
  Cros — AUC: 0.7831  AUPRC: 0.3365  Brier: 0.2329  Acc: 0.7268  F1: 0.3902  (best ep=161, thresh=0.554)

── Fold 5/5 ──────────────────────────────
  Cros — AUC: 0.8292  AUPRC: 0.4225  Brier: 0.2416  Acc: 0.8132  F1: 0.4688  (best ep=112, thresh=0.648)

===========================================================================
CrossAttn  —  5-Fold CV Summary
===========================================================================
  Fold      AUC-ROC      AUPRC      Brier   Accuracy         F1
  ----------------------------------------------------------
  1          0.8233     0.3971     0.2711     0.7541     0.4156
  2          0.8241     0.4270     0.2068     0.8525     0.5091
  3          0.7628     0.2554     0.2826     0.6995     0.3529
  4          0.7831     0.3365     0.2329     0.7268     0.3902
  5          0.8292     0.4225     0.2416     0.8132     0.4688
  ──────────────────────────────────────────────────────────
  Mean       0.8045     0.3677     0.2470     0.7692     0.4273
  ±Std       0.0266     0.0648     0.0272     0.0561     0.0556
  [M2/norm] Evaluating on test set (med_epoch=128, thresh=0.625) ...
CrossAttn — training final model for 128 epochs on full CV set …
  [CrossAttn] weights → C:\Users\jhjun\OneDrive\Desktop\대학원\results/0612_late_fusion/model_2\norm\M2_norm_weights.pt

CrossAttn — Test Set (Overall):  AUC: 0.8118  AUPRC: 0.3599  Brier: 0.2581  Acc: 0.6943  F1: 0.3519

CrossAttn — Test Set (By Sex):
  [M] n=82  AUC: 0.7246  AUPRC: 0.3792  Brier: 0.3099  Acc: 0.5976  F1: 0.3774
              precision    recall  f1-score   support

      Normal       0.93      0.57      0.70        69
  Sarcopenia       0.25      0.77      0.38        13

    accuracy                           0.60        82
   macro avg       0.59      0.67      0.54        82
weighted avg       0.82      0.60      0.65        82

  [F] n=147  AUC: 0.8576  AUPRC: 0.3593  Brier: 0.2293  Acc: 0.7483  F1: 0.3273
              precision    recall  f1-score   support

      Normal       0.98      0.74      0.85       136
  Sarcopenia       0.20      0.82      0.33        11

    accuracy                           0.75       147
   macro avg       0.59      0.78      0.59       147
weighted avg       0.92      0.75      0.81       147


───────────────────────────────────────────────────────
Test Set — Bootstrap CI
───────────────────────────────────────────────────────

  Bootstrap 95% CI — CrossAttn  (n_boot=2000)
  Metric         Estimate   95% CI Lower   95% CI Upper
  ----------------------------------------------------
  AUC-ROC          0.8118         0.7413         0.8771
  AUPRC            0.3599         0.2106         0.5411
  Brier            0.2581         0.2308         0.2843
  Accuracy         0.6943         0.6376         0.7555
  F1               0.3519         0.2268         0.4685
  [M2/norm] Saving figures ...

Saved (model 2 (norm)):
  C:\Users\jhjun\OneDrive\Desktop\대학원\results/0612_late_fusion/model_2\norm/data_distribution.png
  C:\Users\jhjun\OneDrive\Desktop\대학원\results/0612_late_fusion/model_2\norm/cv_roc_curves.png
  C:\Users\jhjun\OneDrive\Desktop\대학원\results/0612_late_fusion/model_2\norm/cv_metric_distribution.png
  C:\Users\jhjun\OneDrive\Desktop\대학원\results/0612_late_fusion/model_2\norm/training_curves.png
  C:\Users\jhjun\OneDrive\Desktop\대학원\results/0612_late_fusion/model_2\norm/test_roc_curves.png
  C:\Users\jhjun\OneDrive\Desktop\대학원\results/0612_late_fusion/model_2\norm/test_roc_by_sex.png
  C:\Users\jhjun\OneDrive\Desktop\대학원\results/0612_late_fusion/model_2\norm/confusion_matrices.png
  C:\Users\jhjun\OneDrive\Desktop\대학원\results/0612_late_fusion/model_2\norm/calibration.png
  C:\Users\jhjun\OneDrive\Desktop\대학원\results/0612_late_fusion/model_2\norm/results.md
  [M2/norm] Plotting attention maps ...
  C:\Users\jhjun\OneDrive\Desktop\대학원\results/0612_late_fusion/model_2\norm/attention_map_c2a.png
  C:\Users\jhjun\OneDrive\Desktop\대학원\results/0612_late_fusion/model_2\norm/attention_heatmap_c2a.png
  C:\Users\jhjun\OneDrive\Desktop\대학원\results/0612_late_fusion/model_2\norm/attention_map_a2c.png
  C:\Users\jhjun\OneDrive\Desktop\대학원\results/0612_late_fusion/model_2\norm/attention_heatmap_a2c.png
  [M2/norm] Plotting Grad-CAM ...
  C:\Users\jhjun\OneDrive\Desktop\대학원\results/0612_late_fusion/model_2\norm/cam_aec_mean.png
  C:\Users\jhjun\OneDrive\Desktop\대학원\results/0612_late_fusion/model_2\norm/cam_aec_lines.png
  C:\Users\jhjun\OneDrive\Desktop\대학원\results/0612_late_fusion/model_2\norm/cam_aec_heatmap.png
  [M2/norm] Done.

############################################################
  [M2 global_zscore]  (scale_clinic=True, scale_aec=global)
############################################################
  [M2/global_zscore] Cross-validating CrossAttn ...
=======================================================
5-Fold CV  [CrossAttn | scale_aec=global]
=======================================================

── Fold 1/5 ──────────────────────────────
  Cros — AUC: 0.8322  AUPRC: 0.3750  Brier: 0.2612  Acc: 0.6831  F1: 0.3958  (best ep=225, thresh=0.590)

── Fold 2/5 ──────────────────────────────
  Cros — AUC: 0.8418  AUPRC: 0.5376  Brier: 0.2337  Acc: 0.8907  F1: 0.5652  (best ep=219, thresh=0.661)

── Fold 3/5 ──────────────────────────────
  Cros — AUC: 0.7863  AUPRC: 0.3352  Brier: 0.2727  Acc: 0.6776  F1: 0.3516  (best ep=106, thresh=0.581)

── Fold 4/5 ──────────────────────────────
  Cros — AUC: 0.7888  AUPRC: 0.3428  Brier: 0.2221  Acc: 0.7322  F1: 0.4096  (best ep=259, thresh=0.551)

── Fold 5/5 ──────────────────────────────
  Cros — AUC: 0.8218  AUPRC: 0.4313  Brier: 0.2500  Acc: 0.7857  F1: 0.4348  (best ep=132, thresh=0.646)

===========================================================================
CrossAttn  —  5-Fold CV Summary
===========================================================================
  Fold      AUC-ROC      AUPRC      Brier   Accuracy         F1
  ----------------------------------------------------------
  1          0.8322     0.3750     0.2612     0.6831     0.3958
  2          0.8418     0.5376     0.2337     0.8907     0.5652
  3          0.7863     0.3352     0.2727     0.6776     0.3516
  4          0.7888     0.3428     0.2221     0.7322     0.4096
  5          0.8218     0.4313     0.2500     0.7857     0.4348
  ──────────────────────────────────────────────────────────
  Mean       0.8142     0.4044     0.2479     0.7539     0.4314
  ±Std       0.0227     0.0747     0.0182     0.0788     0.0721
  [M2/global_zscore] Evaluating on test set (med_epoch=219, thresh=0.590) ...
CrossAttn — training final model for 219 epochs on full CV set …
  [CrossAttn] weights → C:\Users\jhjun\OneDrive\Desktop\대학원\results/0612_late_fusion/model_2\global_zscore\M2_global_zscore_weights.pt

CrossAttn — Test Set (Overall):  AUC: 0.7894  AUPRC: 0.2837  Brier: 0.2751  Acc: 0.6812  F1: 0.3423

CrossAttn — Test Set (By Sex):
  [M] n=82  AUC: 0.7168  AUPRC: 0.3296  Brier: 0.2985  Acc: 0.6585  F1: 0.4167
              precision    recall  f1-score   support

      Normal       0.94      0.64      0.76        69
  Sarcopenia       0.29      0.77      0.42        13

    accuracy                           0.66        82
   macro avg       0.61      0.70      0.59        82
weighted avg       0.83      0.66      0.70        82

  [F] n=147  AUC: 0.8275  AUPRC: 0.3236  Brier: 0.2620  Acc: 0.6939  F1: 0.2857
              precision    recall  f1-score   support

      Normal       0.98      0.68      0.81       136
  Sarcopenia       0.17      0.82      0.29        11

    accuracy                           0.69       147
   macro avg       0.58      0.75      0.55       147
weighted avg       0.92      0.69      0.77       147


───────────────────────────────────────────────────────
Test Set — Bootstrap CI
───────────────────────────────────────────────────────

  Bootstrap 95% CI — CrossAttn  (n_boot=2000)
  Metric         Estimate   95% CI Lower   95% CI Upper
  ----------------------------------------------------
  AUC-ROC          0.7894         0.7076         0.8666
  AUPRC            0.2837         0.1678         0.4481
  Brier            0.2751         0.2495         0.2988
  Accuracy         0.6812         0.6201         0.7424
  F1               0.3423         0.2222         0.4567
  [M2/global_zscore] Saving figures ...

Saved (model 2 (global_zscore)):
  C:\Users\jhjun\OneDrive\Desktop\대학원\results/0612_late_fusion/model_2\global_zscore/data_distribution.png
  C:\Users\jhjun\OneDrive\Desktop\대학원\results/0612_late_fusion/model_2\global_zscore/cv_roc_curves.png
  C:\Users\jhjun\OneDrive\Desktop\대학원\results/0612_late_fusion/model_2\global_zscore/cv_metric_distribution.png
  C:\Users\jhjun\OneDrive\Desktop\대학원\results/0612_late_fusion/model_2\global_zscore/training_curves.png
  C:\Users\jhjun\OneDrive\Desktop\대학원\results/0612_late_fusion/model_2\global_zscore/test_roc_curves.png
  C:\Users\jhjun\OneDrive\Desktop\대학원\results/0612_late_fusion/model_2\global_zscore/test_roc_by_sex.png
  C:\Users\jhjun\OneDrive\Desktop\대학원\results/0612_late_fusion/model_2\global_zscore/confusion_matrices.png
  C:\Users\jhjun\OneDrive\Desktop\대학원\results/0612_late_fusion/model_2\global_zscore/calibration.png
  C:\Users\jhjun\OneDrive\Desktop\대학원\results/0612_late_fusion/model_2\global_zscore/results.md
  [M2/global_zscore] Plotting attention maps ...
  C:\Users\jhjun\OneDrive\Desktop\대학원\results/0612_late_fusion/model_2\global_zscore/attention_map_c2a.png
  C:\Users\jhjun\OneDrive\Desktop\대학원\results/0612_late_fusion/model_2\global_zscore/attention_heatmap_c2a.png
  C:\Users\jhjun\OneDrive\Desktop\대학원\results/0612_late_fusion/model_2\global_zscore/attention_map_a2c.png
  C:\Users\jhjun\OneDrive\Desktop\대학원\results/0612_late_fusion/model_2\global_zscore/attention_heatmap_a2c.png
  [M2/global_zscore] Plotting Grad-CAM ...
  C:\Users\jhjun\OneDrive\Desktop\대학원\results/0612_late_fusion/model_2\global_zscore/cam_aec_mean.png
  C:\Users\jhjun\OneDrive\Desktop\대학원\results/0612_late_fusion/model_2\global_zscore/cam_aec_lines.png
  C:\Users\jhjun\OneDrive\Desktop\대학원\results/0612_late_fusion/model_2\global_zscore/cam_aec_heatmap.png
  [M2/global_zscore] Done.
