============================================================
  MODEL 2_2 — Clinic + AEC Unmatched (aec103)  (4 AEC variants)
============================================================

############################################################
  [M2_2 raw]  (scale_clinic=True, scale_aec=none)
############################################################
  [M2_2/raw] Cross-validating CrossAttn ...
=======================================================
5-Fold CV  [CrossAttn | scale_clin=True, scale_aec=none]
=======================================================

── Fold 1/5 ──────────────────────────────
  CA   — AUC: 0.8273  AUPRC: 0.3084  Brier: 0.2718  Acc: 0.6831  F1: 0.3958  (best ep=161, thresh=0.559)

── Fold 2/5 ──────────────────────────────
  CA   — AUC: 0.8081  AUPRC: 0.4171  Brier: 0.2487  Acc: 0.7158  F1: 0.3810  (best ep=162, thresh=0.558)

── Fold 3/5 ──────────────────────────────
  CA   — AUC: 0.7770  AUPRC: 0.2605  Brier: 0.2790  Acc: 0.6667  F1: 0.3579  (best ep=315, thresh=0.577)

── Fold 4/5 ──────────────────────────────
  CA   — AUC: 0.7484  AUPRC: 0.3161  Brier: 0.2365  Acc: 0.7650  F1: 0.3768  (best ep=466, thresh=0.606)

── Fold 5/5 ──────────────────────────────
  CA   — AUC: 0.7630  AUPRC: 0.3915  Brier: 0.2462  Acc: 0.7582  F1: 0.3714  (best ep=420, thresh=0.658)

===========================================================================
CrossAttn  —  5-Fold CV Summary
===========================================================================
  Fold      AUC-ROC      AUPRC      Brier   Accuracy         F1
  ----------------------------------------------------------
  1          0.8273     0.3084     0.2718     0.6831     0.3958
  2          0.8081     0.4171     0.2487     0.7158     0.3810
  3          0.7770     0.2605     0.2790     0.6667     0.3579
  4          0.7484     0.3161     0.2365     0.7650     0.3768
  5          0.7630     0.3915     0.2462     0.7582     0.3714
  ──────────────────────────────────────────────────────────
  Mean       0.7847     0.3387     0.2564     0.7178     0.3766
  ±Std       0.0290     0.0574     0.0162     0.0392     0.0124
  [M2_2/raw] Evaluating on test set (med_epoch=315, thresh=0.577) ...

=======================================================
CrossAttn Test Evaluation  (scale_clin=True, scale_aec=none, threshold=0.577)
=======================================================
CrossAttn — training final model for 315 epochs on full CV set …
  [CrossAttn] Model weights saved → 연구코드/results/0605/stage5_1e-05_epoch500/model_2_2\crop80\raw\M2_2_raw_weights.pt

CrossAttn — Test Set (Overall):
  AUC: 0.7898  AUPRC: 0.2966  Brier: 0.2625  Acc: 0.6812  F1: 0.3540

CrossAttn — Test Set (By Sex):
  [M] n=82  AUC: 0.7213  AUPRC: 0.3053  Brier: 0.3049  Acc: 0.6341  F1: 0.4231
              precision    recall  f1-score   support

      Normal       0.95      0.59      0.73        69
  Sarcopenia       0.28      0.85      0.42        13

    accuracy                           0.63        82
   macro avg       0.62      0.72      0.58        82
weighted avg       0.85      0.63      0.68        82

  [F] n=147  AUC: 0.8115  AUPRC: 0.3424  Brier: 0.2388  Acc: 0.7075  F1: 0.2951
              precision    recall  f1-score   support

      Normal       0.98      0.70      0.82       136
  Sarcopenia       0.18      0.82      0.30        11

    accuracy                           0.71       147
   macro avg       0.58      0.76      0.56       147
weighted avg       0.92      0.71      0.78       147


───────────────────────────────────────────────────────
Test Set — Bootstrap CI
───────────────────────────────────────────────────────

  Bootstrap 95% CI — CrossAttn  (n_boot=2000)
  Metric         Estimate   95% CI Lower   95% CI Upper
  ----------------------------------------------------
  AUC-ROC          0.7898         0.7086         0.8637
  AUPRC            0.2966         0.1756         0.4896
  Brier            0.2625         0.2369         0.2868
  Accuracy         0.6812         0.6201         0.7425
  F1               0.3540         0.2373         0.4678
  [M2_2/raw] Saving figures ...

Saved (model 2_2 (raw, unmatched)):
  연구코드/results/0605/stage5_1e-05_epoch500/model_2_2\crop80\raw/data_distribution.png
  연구코드/results/0605/stage5_1e-05_epoch500/model_2_2\crop80\raw/cv_roc_curves.png
  연구코드/results/0605/stage5_1e-05_epoch500/model_2_2\crop80\raw/cv_metric_distribution.png
  연구코드/results/0605/stage5_1e-05_epoch500/model_2_2\crop80\raw/training_curves.png
  연구코드/results/0605/stage5_1e-05_epoch500/model_2_2\crop80\raw/test_roc_curves.png
  연구코드/results/0605/stage5_1e-05_epoch500/model_2_2\crop80\raw/test_roc_by_sex.png
  연구코드/results/0605/stage5_1e-05_epoch500/model_2_2\crop80\raw/confusion_matrices.png
  연구코드/results/0605/stage5_1e-05_epoch500/model_2_2\crop80\raw/calibration.png
  연구코드/results/0605/stage5_1e-05_epoch500/model_2_2\crop80\raw/results.md
  [M2_2/raw] Plotting attention maps ...
  연구코드/results/0605/stage5_1e-05_epoch500/model_2_2\crop80\raw/attention_map_c2a.png
  연구코드/results/0605/stage5_1e-05_epoch500/model_2_2\crop80\raw/attention_heatmap_c2a.png
  연구코드/results/0605/stage5_1e-05_epoch500/model_2_2\crop80\raw/attention_map_a2c.png
  연구코드/results/0605/stage5_1e-05_epoch500/model_2_2\crop80\raw/attention_heatmap_a2c.png
  [M2_2/raw] Plotting Grad-CAM ...
  연구코드/results/0605/stage5_1e-05_epoch500/model_2_2\crop80\raw/cam_aec_mean.png
  연구코드/results/0605/stage5_1e-05_epoch500/model_2_2\crop80\raw/cam_aec_lines.png
  연구코드/results/0605/stage5_1e-05_epoch500/model_2_2\crop80\raw/cam_aec_heatmap.png
  [M2_2/raw] Done.

############################################################
  [M2_2 std_scaled]  (scale_clinic=True, scale_aec=column)
############################################################
  [M2_2/std_scaled] Cross-validating CrossAttn ...
=======================================================
5-Fold CV  [CrossAttn | scale_clin=True, scale_aec=column]
=======================================================

── Fold 1/5 ──────────────────────────────
  CA   — AUC: 0.8199  AUPRC: 0.3135  Brier: 0.2608  Acc: 0.6776  F1: 0.3789  (best ep=262, thresh=0.569)

── Fold 2/5 ──────────────────────────────
  CA   — AUC: 0.8331  AUPRC: 0.4651  Brier: 0.2239  Acc: 0.7432  F1: 0.4198  (best ep=313, thresh=0.535)

── Fold 3/5 ──────────────────────────────
  CA   — AUC: 0.7689  AUPRC: 0.2553  Brier: 0.2772  Acc: 0.6612  F1: 0.3261  (best ep=494, thresh=0.586)

── Fold 4/5 ──────────────────────────────
  CA   — AUC: 0.7551  AUPRC: 0.3078  Brier: 0.2329  Acc: 0.6393  F1: 0.3400  (best ep=437, thresh=0.460)

── Fold 5/5 ──────────────────────────────
  CA   — AUC: 0.7707  AUPRC: 0.2967  Brier: 0.2424  Acc: 0.6319  F1: 0.3495  (best ep=246, thresh=0.441)

===========================================================================
CrossAttn  —  5-Fold CV Summary
===========================================================================
  Fold      AUC-ROC      AUPRC      Brier   Accuracy         F1
  ----------------------------------------------------------
  1          0.8199     0.3135     0.2608     0.6776     0.3789
  2          0.8331     0.4651     0.2239     0.7432     0.4198
  3          0.7689     0.2553     0.2772     0.6612     0.3261
  4          0.7551     0.3078     0.2329     0.6393     0.3400
  5          0.7707     0.2967     0.2424     0.6319     0.3495
  ──────────────────────────────────────────────────────────
  Mean       0.7896     0.3277     0.2474     0.6706     0.3629
  ±Std       0.0309     0.0717     0.0193     0.0397     0.0333
  [M2_2/std_scaled] Evaluating on test set (med_epoch=313, thresh=0.535) ...

=======================================================
CrossAttn Test Evaluation  (scale_clin=True, scale_aec=column, threshold=0.535)
=======================================================
CrossAttn — training final model for 313 epochs on full CV set …
  [CrossAttn] Model weights saved → 연구코드/results/0605/stage5_1e-05_epoch500/model_2_2\crop80\std_scaled\M2_2_std_scaled_weights.pt

CrossAttn — Test Set (Overall):
  AUC: 0.7951  AUPRC: 0.3353  Brier: 0.2668  Acc: 0.6245  F1: 0.3175

CrossAttn — Test Set (By Sex):
  [M] n=82  AUC: 0.7637  AUPRC: 0.3876  Brier: 0.2929  Acc: 0.5976  F1: 0.4000
              precision    recall  f1-score   support

      Normal       0.95      0.55      0.70        69
  Sarcopenia       0.26      0.85      0.40        13

    accuracy                           0.60        82
   macro avg       0.61      0.70      0.55        82
weighted avg       0.84      0.60      0.65        82

  [F] n=147  AUC: 0.7928  AUPRC: 0.3677  Brier: 0.2522  Acc: 0.6395  F1: 0.2535
              precision    recall  f1-score   support

      Normal       0.98      0.62      0.76       136
  Sarcopenia       0.15      0.82      0.25        11

    accuracy                           0.64       147
   macro avg       0.56      0.72      0.51       147
weighted avg       0.92      0.64      0.72       147


───────────────────────────────────────────────────────
Test Set — Bootstrap CI
───────────────────────────────────────────────────────

  Bootstrap 95% CI — CrossAttn  (n_boot=2000)
  Metric         Estimate   95% CI Lower   95% CI Upper
  ----------------------------------------------------
  AUC-ROC          0.7951         0.6978         0.8747
  AUPRC            0.3353         0.1990         0.5226
  Brier            0.2668         0.2397         0.2938
  Accuracy         0.6245         0.5590         0.6900
  F1               0.3175         0.2097         0.4252
  [M2_2/std_scaled] Saving figures ...

Saved (model 2_2 (std_scaled, unmatched)):
  연구코드/results/0605/stage5_1e-05_epoch500/model_2_2\crop80\std_scaled/data_distribution.png
  연구코드/results/0605/stage5_1e-05_epoch500/model_2_2\crop80\std_scaled/cv_roc_curves.png
  연구코드/results/0605/stage5_1e-05_epoch500/model_2_2\crop80\std_scaled/cv_metric_distribution.png
  연구코드/results/0605/stage5_1e-05_epoch500/model_2_2\crop80\std_scaled/training_curves.png
  연구코드/results/0605/stage5_1e-05_epoch500/model_2_2\crop80\std_scaled/test_roc_curves.png
  연구코드/results/0605/stage5_1e-05_epoch500/model_2_2\crop80\std_scaled/test_roc_by_sex.png
  연구코드/results/0605/stage5_1e-05_epoch500/model_2_2\crop80\std_scaled/confusion_matrices.png
  연구코드/results/0605/stage5_1e-05_epoch500/model_2_2\crop80\std_scaled/calibration.png
  연구코드/results/0605/stage5_1e-05_epoch500/model_2_2\crop80\std_scaled/results.md
  [M2_2/std_scaled] Plotting attention maps ...
  연구코드/results/0605/stage5_1e-05_epoch500/model_2_2\crop80\std_scaled/attention_map_c2a.png
  연구코드/results/0605/stage5_1e-05_epoch500/model_2_2\crop80\std_scaled/attention_heatmap_c2a.png
  연구코드/results/0605/stage5_1e-05_epoch500/model_2_2\crop80\std_scaled/attention_map_a2c.png
  연구코드/results/0605/stage5_1e-05_epoch500/model_2_2\crop80\std_scaled/attention_heatmap_a2c.png
  [M2_2/std_scaled] Plotting Grad-CAM ...
  연구코드/results/0605/stage5_1e-05_epoch500/model_2_2\crop80\std_scaled/cam_aec_mean.png
  연구코드/results/0605/stage5_1e-05_epoch500/model_2_2\crop80\std_scaled/cam_aec_lines.png
  연구코드/results/0605/stage5_1e-05_epoch500/model_2_2\crop80\std_scaled/cam_aec_heatmap.png
  [M2_2/std_scaled] Done.

############################################################
  [M2_2 norm]  (scale_clinic=True, scale_aec=none)
############################################################
  [M2_2/norm] Cross-validating CrossAttn ...
=======================================================
5-Fold CV  [CrossAttn | scale_clin=True, scale_aec=none]
=======================================================

── Fold 1/5 ──────────────────────────────
  CA   — AUC: 0.8147  AUPRC: 0.3783  Brier: 0.2531  Acc: 0.7268  F1: 0.4048  (best ep=387, thresh=0.569)

── Fold 2/5 ──────────────────────────────
  CA   — AUC: 0.8543  AUPRC: 0.5310  Brier: 0.2261  Acc: 0.7486  F1: 0.4250  (best ep=321, thresh=0.551)

── Fold 3/5 ──────────────────────────────
  CA   — AUC: 0.7657  AUPRC: 0.2888  Brier: 0.2692  Acc: 0.6940  F1: 0.3488  (best ep=211, thresh=0.595)

── Fold 4/5 ──────────────────────────────
  CA   — AUC: 0.7651  AUPRC: 0.3316  Brier: 0.2421  Acc: 0.7377  F1: 0.3846  (best ep=249, thresh=0.566)

── Fold 5/5 ──────────────────────────────
  CA   — AUC: 0.8134  AUPRC: 0.4222  Brier: 0.2429  Acc: 0.7747  F1: 0.4384  (best ep=255, thresh=0.622)

===========================================================================
CrossAttn  —  5-Fold CV Summary
===========================================================================
  Fold      AUC-ROC      AUPRC      Brier   Accuracy         F1
  ----------------------------------------------------------
  1          0.8147     0.3783     0.2531     0.7268     0.4048
  2          0.8543     0.5310     0.2261     0.7486     0.4250
  3          0.7657     0.2888     0.2692     0.6940     0.3488
  4          0.7651     0.3316     0.2421     0.7377     0.3846
  5          0.8134     0.4222     0.2429     0.7747     0.4384
  ──────────────────────────────────────────────────────────
  Mean       0.8026     0.3904     0.2467     0.7364     0.4003
  ±Std       0.0338     0.0833     0.0142     0.0265     0.0315
  [M2_2/norm] Evaluating on test set (med_epoch=255, thresh=0.569) ...

=======================================================
CrossAttn Test Evaluation  (scale_clin=True, scale_aec=none, threshold=0.569)
=======================================================
CrossAttn — training final model for 255 epochs on full CV set …
  [CrossAttn] Model weights saved → 연구코드/results/0605/stage5_1e-05_epoch500/model_2_2\crop80\norm\M2_2_norm_weights.pt

CrossAttn — Test Set (Overall):
  AUC: 0.8230  AUPRC: 0.3126  Brier: 0.2615  Acc: 0.6725  F1: 0.3697

CrossAttn — Test Set (By Sex):
  [M] n=82  AUC: 0.7425  AUPRC: 0.3210  Brier: 0.3122  Acc: 0.6098  F1: 0.4286
              precision    recall  f1-score   support

      Normal       0.97      0.55      0.70        69
  Sarcopenia       0.28      0.92      0.43        13

    accuracy                           0.61        82
   macro avg       0.63      0.74      0.57        82
weighted avg       0.86      0.61      0.66        82

  [F] n=147  AUC: 0.8529  AUPRC: 0.4357  Brier: 0.2333  Acc: 0.7075  F1: 0.3175
              precision    recall  f1-score   support

      Normal       0.99      0.69      0.81       136
  Sarcopenia       0.19      0.91      0.32        11

    accuracy                           0.71       147
   macro avg       0.59      0.80      0.57       147
weighted avg       0.93      0.71      0.78       147


───────────────────────────────────────────────────────
Test Set — Bootstrap CI
───────────────────────────────────────────────────────

  Bootstrap 95% CI — CrossAttn  (n_boot=2000)
  Metric         Estimate   95% CI Lower   95% CI Upper
  ----------------------------------------------------
  AUC-ROC          0.8230         0.7438         0.8886
  AUPRC            0.3126         0.1955         0.5093
  Brier            0.2615         0.2352         0.2872
  Accuracy         0.6725         0.6112         0.7380
  F1               0.3697         0.2549         0.4793
  [M2_2/norm] Saving figures ...

Saved (model 2_2 (norm, unmatched)):
  연구코드/results/0605/stage5_1e-05_epoch500/model_2_2\crop80\norm/data_distribution.png
  연구코드/results/0605/stage5_1e-05_epoch500/model_2_2\crop80\norm/cv_roc_curves.png
  연구코드/results/0605/stage5_1e-05_epoch500/model_2_2\crop80\norm/cv_metric_distribution.png
  연구코드/results/0605/stage5_1e-05_epoch500/model_2_2\crop80\norm/training_curves.png
  연구코드/results/0605/stage5_1e-05_epoch500/model_2_2\crop80\norm/test_roc_curves.png
  연구코드/results/0605/stage5_1e-05_epoch500/model_2_2\crop80\norm/test_roc_by_sex.png
  연구코드/results/0605/stage5_1e-05_epoch500/model_2_2\crop80\norm/confusion_matrices.png
  연구코드/results/0605/stage5_1e-05_epoch500/model_2_2\crop80\norm/calibration.png
  연구코드/results/0605/stage5_1e-05_epoch500/model_2_2\crop80\norm/results.md
  [M2_2/norm] Plotting attention maps ...
  연구코드/results/0605/stage5_1e-05_epoch500/model_2_2\crop80\norm/attention_map_c2a.png
  연구코드/results/0605/stage5_1e-05_epoch500/model_2_2\crop80\norm/attention_heatmap_c2a.png
  연구코드/results/0605/stage5_1e-05_epoch500/model_2_2\crop80\norm/attention_map_a2c.png
  연구코드/results/0605/stage5_1e-05_epoch500/model_2_2\crop80\norm/attention_heatmap_a2c.png
  [M2_2/norm] Plotting Grad-CAM ...
  연구코드/results/0605/stage5_1e-05_epoch500/model_2_2\crop80\norm/cam_aec_mean.png
  연구코드/results/0605/stage5_1e-05_epoch500/model_2_2\crop80\norm/cam_aec_lines.png
  연구코드/results/0605/stage5_1e-05_epoch500/model_2_2\crop80\norm/cam_aec_heatmap.png
  [M2_2/norm] Done.

############################################################
  [M2_2 global_zscore]  (scale_clinic=True, scale_aec=global)
############################################################
  [M2_2/global_zscore] Cross-validating CrossAttn ...
=======================================================
5-Fold CV  [CrossAttn | scale_clin=True, scale_aec=global]
=======================================================

── Fold 1/5 ──────────────────────────────
  CA   — AUC: 0.7960  AUPRC: 0.3395  Brier: 0.2720  Acc: 0.6175  F1: 0.3519  (best ep=93, thresh=0.554)

── Fold 2/5 ──────────────────────────────
  CA   — AUC: 0.8222  AUPRC: 0.3762  Brier: 0.2508  Acc: 0.7486  F1: 0.4250  (best ep=133, thresh=0.570)

── Fold 3/5 ──────────────────────────────
  CA   — AUC: 0.7795  AUPRC: 0.2798  Brier: 0.2755  Acc: 0.6667  F1: 0.3441  (best ep=408, thresh=0.563)

── Fold 4/5 ──────────────────────────────
  CA   — AUC: 0.7481  AUPRC: 0.3117  Brier: 0.2371  Acc: 0.6339  F1: 0.3232  (best ep=341, thresh=0.503)

── Fold 5/5 ──────────────────────────────
  CA   — AUC: 0.7678  AUPRC: 0.3398  Brier: 0.2414  Acc: 0.6374  F1: 0.3400  (best ep=298, thresh=0.491)

===========================================================================
CrossAttn  —  5-Fold CV Summary
===========================================================================
  Fold      AUC-ROC      AUPRC      Brier   Accuracy         F1
  ----------------------------------------------------------
  1          0.7960     0.3395     0.2720     0.6175     0.3519
  2          0.8222     0.3762     0.2508     0.7486     0.4250
  3          0.7795     0.2798     0.2755     0.6667     0.3441
  4          0.7481     0.3117     0.2371     0.6339     0.3232
  5          0.7678     0.3398     0.2414     0.6374     0.3400
  ──────────────────────────────────────────────────────────
  Mean       0.7827     0.3294     0.2554     0.6608     0.3568
  ±Std       0.0252     0.0322     0.0157     0.0467     0.0353
  [M2_2/global_zscore] Evaluating on test set (med_epoch=298, thresh=0.554) ...

=======================================================
CrossAttn Test Evaluation  (scale_clin=True, scale_aec=global, threshold=0.554)
=======================================================
CrossAttn — training final model for 298 epochs on full CV set …
  [CrossAttn] Model weights saved → 연구코드/results/0605/stage5_1e-05_epoch500/model_2_2\crop80\global_zscore\M2_2_global_zscore_weights.pt

CrossAttn — Test Set (Overall):
  AUC: 0.8041  AUPRC: 0.3407  Brier: 0.2682  Acc: 0.6332  F1: 0.3333

CrossAttn — Test Set (By Sex):
  [M] n=82  AUC: 0.7503  AUPRC: 0.3794  Brier: 0.2777  Acc: 0.6220  F1: 0.4151
              precision    recall  f1-score   support

      Normal       0.95      0.58      0.72        69
  Sarcopenia       0.28      0.85      0.42        13

    accuracy                           0.62        82
   macro avg       0.61      0.71      0.57        82
weighted avg       0.84      0.62      0.67        82

  [F] n=147  AUC: 0.8376  AUPRC: 0.3679  Brier: 0.2629  Acc: 0.6395  F1: 0.2740
              precision    recall  f1-score   support

      Normal       0.99      0.62      0.76       136
  Sarcopenia       0.16      0.91      0.27        11

    accuracy                           0.64       147
   macro avg       0.57      0.76      0.52       147
weighted avg       0.93      0.64      0.72       147


───────────────────────────────────────────────────────
Test Set — Bootstrap CI
───────────────────────────────────────────────────────

  Bootstrap 95% CI — CrossAttn  (n_boot=2000)
  Metric         Estimate   95% CI Lower   95% CI Upper
  ----------------------------------------------------
  AUC-ROC          0.8041         0.7163         0.8795
  AUPRC            0.3407         0.1993         0.5282
  Brier            0.2682         0.2420         0.2931
  Accuracy         0.6332         0.5721         0.6944
  F1               0.3333         0.2222         0.4429
  [M2_2/global_zscore] Saving figures ...

Saved (model 2_2 (global_zscore, unmatched)):
  연구코드/results/0605/stage5_1e-05_epoch500/model_2_2\crop80\global_zscore/data_distribution.png
  연구코드/results/0605/stage5_1e-05_epoch500/model_2_2\crop80\global_zscore/cv_roc_curves.png
  연구코드/results/0605/stage5_1e-05_epoch500/model_2_2\crop80\global_zscore/cv_metric_distribution.png
  연구코드/results/0605/stage5_1e-05_epoch500/model_2_2\crop80\global_zscore/training_curves.png
  연구코드/results/0605/stage5_1e-05_epoch500/model_2_2\crop80\global_zscore/test_roc_curves.png
  연구코드/results/0605/stage5_1e-05_epoch500/model_2_2\crop80\global_zscore/test_roc_by_sex.png
  연구코드/results/0605/stage5_1e-05_epoch500/model_2_2\crop80\global_zscore/confusion_matrices.png
  연구코드/results/0605/stage5_1e-05_epoch500/model_2_2\crop80\global_zscore/calibration.png
  연구코드/results/0605/stage5_1e-05_epoch500/model_2_2\crop80\global_zscore/results.md
  [M2_2/global_zscore] Plotting attention maps ...
  연구코드/results/0605/stage5_1e-05_epoch500/model_2_2\crop80\global_zscore/attention_map_c2a.png
  연구코드/results/0605/stage5_1e-05_epoch500/model_2_2\crop80\global_zscore/attention_heatmap_c2a.png
  연구코드/results/0605/stage5_1e-05_epoch500/model_2_2\crop80\global_zscore/attention_map_a2c.png
  연구코드/results/0605/stage5_1e-05_epoch500/model_2_2\crop80\global_zscore/attention_heatmap_a2c.png
  [M2_2/global_zscore] Plotting Grad-CAM ...
  연구코드/results/0605/stage5_1e-05_epoch500/model_2_2\crop80\global_zscore/cam_aec_mean.png
  연구코드/results/0605/stage5_1e-05_epoch500/model_2_2\crop80\global_zscore/cam_aec_lines.png
  연구코드/results/0605/stage5_1e-05_epoch500/model_2_2\crop80\global_zscore/cam_aec_heatmap.png
  [M2_2/global_zscore] Done.
