============================================================
  MODEL 2_2 — Clinic + AEC Unmatched (aec103)  (4 AEC variants)
============================================================

############################################################
  [M2_2 raw]  (scale_clinic=True, scale_aec=none)
############################################################
  [M2_2/raw] Cross-validating CrossAttn ...
=======================================================
5-Fold CV  [CrossAttn | scale_clin=True, scale_aec=none]
=======================================================

── Fold 1/5 ──────────────────────────────
  CA   — AUC: 0.7709  AUPRC: 0.2664  Brier: 0.2838  Acc: 0.6885  F1: 0.3448  (best ep=172, thresh=0.610)

── Fold 2/5 ──────────────────────────────
  CA   — AUC: 0.7397  AUPRC: 0.3305  Brier: 0.2613  Acc: 0.7104  F1: 0.3457  (best ep=368, thresh=0.585)

── Fold 3/5 ──────────────────────────────
  CA   — AUC: 0.7442  AUPRC: 0.3181  Brier: 0.2796  Acc: 0.7650  F1: 0.3582  (best ep=477, thresh=0.666)

── Fold 4/5 ──────────────────────────────
  CA   — AUC: 0.7802  AUPRC: 0.3274  Brier: 0.2463  Acc: 0.7104  F1: 0.3765  (best ep=421, thresh=0.573)

── Fold 5/5 ──────────────────────────────
  CA   — AUC: 0.7636  AUPRC: 0.2782  Brier: 0.2733  Acc: 0.7802  F1: 0.4118  (best ep=418, thresh=0.624)

===========================================================================
CrossAttn  —  5-Fold CV Summary
===========================================================================
  Fold      AUC-ROC      AUPRC      Brier   Accuracy         F1
  ----------------------------------------------------------
  1          0.7709     0.2664     0.2838     0.6885     0.3448
  2          0.7397     0.3305     0.2613     0.7104     0.3457
  3          0.7442     0.3181     0.2796     0.7650     0.3582
  4          0.7802     0.3274     0.2463     0.7104     0.3765
  5          0.7636     0.2782     0.2733     0.7802     0.4118
  ──────────────────────────────────────────────────────────
  Mean       0.7597     0.3041     0.2689     0.7309     0.3674
  ±Std       0.0155     0.0265     0.0136     0.0353     0.0250
  [M2_2/raw] Evaluating on test set (med_epoch=418, thresh=0.610) ...

=======================================================
CrossAttn Test Evaluation  (scale_clin=True, scale_aec=none, threshold=0.610)
=======================================================
CrossAttn — training final model for 418 epochs on full CV set …
  [CrossAttn] Model weights saved → 연구코드/results/0605/stage3_1e-05_epoch500/model_2_2\crop80\raw\M2_2_raw_weights.pt

CrossAttn — Test Set (Overall):
  AUC: 0.7929  AUPRC: 0.3139  Brier: 0.2709  Acc: 0.6681  F1: 0.3559

CrossAttn — Test Set (By Sex):
  [M] n=82  AUC: 0.7369  AUPRC: 0.3514  Brier: 0.2802  Acc: 0.6463  F1: 0.4314
              precision    recall  f1-score   support

      Normal       0.95      0.61      0.74        69
  Sarcopenia       0.29      0.85      0.43        13

    accuracy                           0.65        82
   macro avg       0.62      0.73      0.59        82
weighted avg       0.85      0.65      0.69        82

  [F] n=147  AUC: 0.8316  AUPRC: 0.3214  Brier: 0.2658  Acc: 0.6803  F1: 0.2985
              precision    recall  f1-score   support

      Normal       0.99      0.66      0.79       136
  Sarcopenia       0.18      0.91      0.30        11

    accuracy                           0.68       147
   macro avg       0.58      0.79      0.55       147
weighted avg       0.93      0.68      0.76       147


───────────────────────────────────────────────────────
Test Set — Bootstrap CI
───────────────────────────────────────────────────────

  Bootstrap 95% CI — CrossAttn  (n_boot=2000)
  Metric         Estimate   95% CI Lower   95% CI Upper
  ----------------------------------------------------
  AUC-ROC          0.7929         0.6996         0.8690
  AUPRC            0.3139         0.1796         0.4944
  Brier            0.2709         0.2438         0.2967
  Accuracy         0.6681         0.6070         0.7293
  F1               0.3559         0.2406         0.4715
  [M2_2/raw] Saving figures ...

Saved (model 2_2 (raw, unmatched)):
  연구코드/results/0605/stage3_1e-05_epoch500/model_2_2\crop80\raw/data_distribution.png
  연구코드/results/0605/stage3_1e-05_epoch500/model_2_2\crop80\raw/cv_roc_curves.png
  연구코드/results/0605/stage3_1e-05_epoch500/model_2_2\crop80\raw/cv_metric_distribution.png
  연구코드/results/0605/stage3_1e-05_epoch500/model_2_2\crop80\raw/training_curves.png
  연구코드/results/0605/stage3_1e-05_epoch500/model_2_2\crop80\raw/test_roc_curves.png
  연구코드/results/0605/stage3_1e-05_epoch500/model_2_2\crop80\raw/test_roc_by_sex.png
  연구코드/results/0605/stage3_1e-05_epoch500/model_2_2\crop80\raw/confusion_matrices.png
  연구코드/results/0605/stage3_1e-05_epoch500/model_2_2\crop80\raw/calibration.png
  연구코드/results/0605/stage3_1e-05_epoch500/model_2_2\crop80\raw/results.md
  [M2_2/raw] Plotting attention maps ...
  연구코드/results/0605/stage3_1e-05_epoch500/model_2_2\crop80\raw/attention_map_c2a.png
  연구코드/results/0605/stage3_1e-05_epoch500/model_2_2\crop80\raw/attention_heatmap_c2a.png
  연구코드/results/0605/stage3_1e-05_epoch500/model_2_2\crop80\raw/attention_map_a2c.png
  연구코드/results/0605/stage3_1e-05_epoch500/model_2_2\crop80\raw/attention_heatmap_a2c.png
  [M2_2/raw] Plotting Grad-CAM ...
  연구코드/results/0605/stage3_1e-05_epoch500/model_2_2\crop80\raw/cam_aec_mean.png
  연구코드/results/0605/stage3_1e-05_epoch500/model_2_2\crop80\raw/cam_aec_lines.png
  연구코드/results/0605/stage3_1e-05_epoch500/model_2_2\crop80\raw/cam_aec_heatmap.png
  [M2_2/raw] Done.

############################################################
  [M2_2 std_scaled]  (scale_clinic=True, scale_aec=column)
############################################################
  [M2_2/std_scaled] Cross-validating CrossAttn ...
=======================================================
5-Fold CV  [CrossAttn | scale_clin=True, scale_aec=column]
=======================================================

── Fold 1/5 ──────────────────────────────
  CA   — AUC: 0.7847  AUPRC: 0.2811  Brier: 0.2760  Acc: 0.7486  F1: 0.3947  (best ep=326, thresh=0.638)

── Fold 2/5 ──────────────────────────────
  CA   — AUC: 0.7975  AUPRC: 0.4179  Brier: 0.2723  Acc: 0.6885  F1: 0.3596  (best ep=431, thresh=0.573)

── Fold 3/5 ──────────────────────────────
  CA   — AUC: 0.7725  AUPRC: 0.2618  Brier: 0.2823  Acc: 0.6995  F1: 0.3529  (best ep=475, thresh=0.631)

── Fold 4/5 ──────────────────────────────
  CA   — AUC: 0.7474  AUPRC: 0.3051  Brier: 0.2517  Acc: 0.6284  F1: 0.3333  (best ep=492, thresh=0.504)

── Fold 5/5 ──────────────────────────────
  CA   — AUC: 0.7449  AUPRC: 0.2891  Brier: 0.2879  Acc: 0.6978  F1: 0.3529  (best ep=417, thresh=0.581)

===========================================================================
CrossAttn  —  5-Fold CV Summary
===========================================================================
  Fold      AUC-ROC      AUPRC      Brier   Accuracy         F1
  ----------------------------------------------------------
  1          0.7847     0.2811     0.2760     0.7486     0.3947
  2          0.7975     0.4179     0.2723     0.6885     0.3596
  3          0.7725     0.2618     0.2823     0.6995     0.3529
  4          0.7474     0.3051     0.2517     0.6284     0.3333
  5          0.7449     0.2891     0.2879     0.6978     0.3529
  ──────────────────────────────────────────────────────────
  Mean       0.7694     0.3110     0.2740     0.6926     0.3587
  ±Std       0.0206     0.0553     0.0124     0.0383     0.0200
  [M2_2/std_scaled] Evaluating on test set (med_epoch=431, thresh=0.581) ...

=======================================================
CrossAttn Test Evaluation  (scale_clin=True, scale_aec=column, threshold=0.581)
=======================================================
CrossAttn — training final model for 431 epochs on full CV set …
  [CrossAttn] Model weights saved → 연구코드/results/0605/stage3_1e-05_epoch500/model_2_2\crop80\std_scaled\M2_2_std_scaled_weights.pt

CrossAttn — Test Set (Overall):
  AUC: 0.7795  AUPRC: 0.3121  Brier: 0.2711  Acc: 0.6419  F1: 0.3167

CrossAttn — Test Set (By Sex):
  [M] n=82  AUC: 0.7492  AUPRC: 0.3662  Brier: 0.2854  Acc: 0.6341  F1: 0.4231
              precision    recall  f1-score   support

      Normal       0.95      0.59      0.73        69
  Sarcopenia       0.28      0.85      0.42        13

    accuracy                           0.63        82
   macro avg       0.62      0.72      0.58        82
weighted avg       0.85      0.63      0.68        82

  [F] n=147  AUC: 0.7814  AUPRC: 0.3177  Brier: 0.2632  Acc: 0.6463  F1: 0.2353
              precision    recall  f1-score   support

      Normal       0.97      0.64      0.77       136
  Sarcopenia       0.14      0.73      0.24        11

    accuracy                           0.65       147
   macro avg       0.55      0.68      0.50       147
weighted avg       0.90      0.65      0.73       147


───────────────────────────────────────────────────────
Test Set — Bootstrap CI
───────────────────────────────────────────────────────

  Bootstrap 95% CI — CrossAttn  (n_boot=2000)
  Metric         Estimate   95% CI Lower   95% CI Upper
  ----------------------------------------------------
  AUC-ROC          0.7795         0.6940         0.8548
  AUPRC            0.3121         0.1752         0.4943
  Brier            0.2711         0.2478         0.2935
  Accuracy         0.6419         0.5808         0.7074
  F1               0.3167         0.2087         0.4259
  [M2_2/std_scaled] Saving figures ...

Saved (model 2_2 (std_scaled, unmatched)):
  연구코드/results/0605/stage3_1e-05_epoch500/model_2_2\crop80\std_scaled/data_distribution.png
  연구코드/results/0605/stage3_1e-05_epoch500/model_2_2\crop80\std_scaled/cv_roc_curves.png
  연구코드/results/0605/stage3_1e-05_epoch500/model_2_2\crop80\std_scaled/cv_metric_distribution.png
  연구코드/results/0605/stage3_1e-05_epoch500/model_2_2\crop80\std_scaled/training_curves.png
  연구코드/results/0605/stage3_1e-05_epoch500/model_2_2\crop80\std_scaled/test_roc_curves.png
  연구코드/results/0605/stage3_1e-05_epoch500/model_2_2\crop80\std_scaled/test_roc_by_sex.png
  연구코드/results/0605/stage3_1e-05_epoch500/model_2_2\crop80\std_scaled/confusion_matrices.png
  연구코드/results/0605/stage3_1e-05_epoch500/model_2_2\crop80\std_scaled/calibration.png
  연구코드/results/0605/stage3_1e-05_epoch500/model_2_2\crop80\std_scaled/results.md
  [M2_2/std_scaled] Plotting attention maps ...
  연구코드/results/0605/stage3_1e-05_epoch500/model_2_2\crop80\std_scaled/attention_map_c2a.png
  연구코드/results/0605/stage3_1e-05_epoch500/model_2_2\crop80\std_scaled/attention_heatmap_c2a.png
  연구코드/results/0605/stage3_1e-05_epoch500/model_2_2\crop80\std_scaled/attention_map_a2c.png
  연구코드/results/0605/stage3_1e-05_epoch500/model_2_2\crop80\std_scaled/attention_heatmap_a2c.png
  [M2_2/std_scaled] Plotting Grad-CAM ...
  연구코드/results/0605/stage3_1e-05_epoch500/model_2_2\crop80\std_scaled/cam_aec_mean.png
  연구코드/results/0605/stage3_1e-05_epoch500/model_2_2\crop80\std_scaled/cam_aec_lines.png
  연구코드/results/0605/stage3_1e-05_epoch500/model_2_2\crop80\std_scaled/cam_aec_heatmap.png
  [M2_2/std_scaled] Done.

############################################################
  [M2_2 norm]  (scale_clinic=True, scale_aec=none)
############################################################
  [M2_2/norm] Cross-validating CrossAttn ...
=======================================================
5-Fold CV  [CrossAttn | scale_clin=True, scale_aec=none]
=======================================================

── Fold 1/5 ──────────────────────────────
  CA   — AUC: 0.8025  AUPRC: 0.3673  Brier: 0.2493  Acc: 0.7869  F1: 0.4348  (best ep=408, thresh=0.638)

── Fold 2/5 ──────────────────────────────
  CA   — AUC: 0.8556  AUPRC: 0.5211  Brier: 0.2343  Acc: 0.7814  F1: 0.4595  (best ep=437, thresh=0.574)

── Fold 3/5 ──────────────────────────────
  CA   — AUC: 0.7539  AUPRC: 0.2630  Brier: 0.2786  Acc: 0.7541  F1: 0.3662  (best ep=492, thresh=0.620)

── Fold 4/5 ──────────────────────────────
  CA   — AUC: 0.7776  AUPRC: 0.3201  Brier: 0.2325  Acc: 0.7486  F1: 0.3947  (best ep=488, thresh=0.570)

── Fold 5/5 ──────────────────────────────
  CA   — AUC: 0.7911  AUPRC: 0.4212  Brier: 0.2513  Acc: 0.7857  F1: 0.4348  (best ep=414, thresh=0.626)

===========================================================================
CrossAttn  —  5-Fold CV Summary
===========================================================================
  Fold      AUC-ROC      AUPRC      Brier   Accuracy         F1
  ----------------------------------------------------------
  1          0.8025     0.3673     0.2493     0.7869     0.4348
  2          0.8556     0.5211     0.2343     0.7814     0.4595
  3          0.7539     0.2630     0.2786     0.7541     0.3662
  4          0.7776     0.3201     0.2325     0.7486     0.3947
  5          0.7911     0.4212     0.2513     0.7857     0.4348
  ──────────────────────────────────────────────────────────
  Mean       0.7961     0.3785     0.2492     0.7714     0.4180
  ±Std       0.0339     0.0884     0.0166     0.0165     0.0332
  [M2_2/norm] Evaluating on test set (med_epoch=437, thresh=0.620) ...

=======================================================
CrossAttn Test Evaluation  (scale_clin=True, scale_aec=none, threshold=0.620)
=======================================================
CrossAttn — training final model for 437 epochs on full CV set …
  [CrossAttn] Model weights saved → 연구코드/results/0605/stage3_1e-05_epoch500/model_2_2\crop80\norm\M2_2_norm_weights.pt

CrossAttn — Test Set (Overall):
  AUC: 0.8325  AUPRC: 0.3568  Brier: 0.2581  Acc: 0.7424  F1: 0.4158

CrossAttn — Test Set (By Sex):
  [M] n=82  AUC: 0.7614  AUPRC: 0.3899  Brier: 0.3086  Acc: 0.6463  F1: 0.4528
              precision    recall  f1-score   support

      Normal       0.98      0.59      0.74        69
  Sarcopenia       0.30      0.92      0.45        13

    accuracy                           0.65        82
   macro avg       0.64      0.76      0.60        82
weighted avg       0.87      0.65      0.69        82

  [F] n=147  AUC: 0.8663  AUPRC: 0.4612  Brier: 0.2299  Acc: 0.7959  F1: 0.3750
              precision    recall  f1-score   support

      Normal       0.98      0.79      0.88       136
  Sarcopenia       0.24      0.82      0.38        11

    accuracy                           0.80       147
   macro avg       0.61      0.81      0.63       147
weighted avg       0.93      0.80      0.84       147


───────────────────────────────────────────────────────
Test Set — Bootstrap CI
───────────────────────────────────────────────────────

  Bootstrap 95% CI — CrossAttn  (n_boot=2000)
  Metric         Estimate   95% CI Lower   95% CI Upper
  ----------------------------------------------------
  AUC-ROC          0.8325         0.7568         0.8952
  AUPRC            0.3568         0.2106         0.5511
  Brier            0.2581         0.2314         0.2836
  Accuracy         0.7424         0.6856         0.7991
  F1               0.4158         0.2857         0.5334
  [M2_2/norm] Saving figures ...

Saved (model 2_2 (norm, unmatched)):
  연구코드/results/0605/stage3_1e-05_epoch500/model_2_2\crop80\norm/data_distribution.png
  연구코드/results/0605/stage3_1e-05_epoch500/model_2_2\crop80\norm/cv_roc_curves.png
  연구코드/results/0605/stage3_1e-05_epoch500/model_2_2\crop80\norm/cv_metric_distribution.png
  연구코드/results/0605/stage3_1e-05_epoch500/model_2_2\crop80\norm/training_curves.png
  연구코드/results/0605/stage3_1e-05_epoch500/model_2_2\crop80\norm/test_roc_curves.png
  연구코드/results/0605/stage3_1e-05_epoch500/model_2_2\crop80\norm/test_roc_by_sex.png
  연구코드/results/0605/stage3_1e-05_epoch500/model_2_2\crop80\norm/confusion_matrices.png
  연구코드/results/0605/stage3_1e-05_epoch500/model_2_2\crop80\norm/calibration.png
  연구코드/results/0605/stage3_1e-05_epoch500/model_2_2\crop80\norm/results.md
  [M2_2/norm] Plotting attention maps ...
  연구코드/results/0605/stage3_1e-05_epoch500/model_2_2\crop80\norm/attention_map_c2a.png
  연구코드/results/0605/stage3_1e-05_epoch500/model_2_2\crop80\norm/attention_heatmap_c2a.png
  연구코드/results/0605/stage3_1e-05_epoch500/model_2_2\crop80\norm/attention_map_a2c.png
  연구코드/results/0605/stage3_1e-05_epoch500/model_2_2\crop80\norm/attention_heatmap_a2c.png
  [M2_2/norm] Plotting Grad-CAM ...
  연구코드/results/0605/stage3_1e-05_epoch500/model_2_2\crop80\norm/cam_aec_mean.png
  연구코드/results/0605/stage3_1e-05_epoch500/model_2_2\crop80\norm/cam_aec_lines.png
  연구코드/results/0605/stage3_1e-05_epoch500/model_2_2\crop80\norm/cam_aec_heatmap.png
  [M2_2/norm] Done.

############################################################
  [M2_2 global_zscore]  (scale_clinic=True, scale_aec=global)
############################################################
  [M2_2/global_zscore] Cross-validating CrossAttn ...
=======================================================
5-Fold CV  [CrossAttn | scale_clin=True, scale_aec=global]
=======================================================

── Fold 1/5 ──────────────────────────────
  CA   — AUC: 0.7727  AUPRC: 0.2984  Brier: 0.2713  Acc: 0.6284  F1: 0.3462  (best ep=400, thresh=0.560)

── Fold 2/5 ──────────────────────────────
  CA   — AUC: 0.7670  AUPRC: 0.3532  Brier: 0.2447  Acc: 0.7978  F1: 0.3934  (best ep=367, thresh=0.656)

── Fold 3/5 ──────────────────────────────
  CA   — AUC: 0.7410  AUPRC: 0.2414  Brier: 0.2908  Acc: 0.6667  F1: 0.3146  (best ep=491, thresh=0.597)

── Fold 4/5 ──────────────────────────────
  CA   — AUC: 0.7571  AUPRC: 0.3255  Brier: 0.2438  Acc: 0.6831  F1: 0.3409  (best ep=497, thresh=0.542)

── Fold 5/5 ──────────────────────────────
  CA   — AUC: 0.7604  AUPRC: 0.3136  Brier: 0.2566  Acc: 0.7033  F1: 0.3721  (best ep=428, thresh=0.556)

===========================================================================
CrossAttn  —  5-Fold CV Summary
===========================================================================
  Fold      AUC-ROC      AUPRC      Brier   Accuracy         F1
  ----------------------------------------------------------
  1          0.7727     0.2984     0.2713     0.6284     0.3462
  2          0.7670     0.3532     0.2447     0.7978     0.3934
  3          0.7410     0.2414     0.2908     0.6667     0.3146
  4          0.7571     0.3255     0.2438     0.6831     0.3409
  5          0.7604     0.3136     0.2566     0.7033     0.3721
  ──────────────────────────────────────────────────────────
  Mean       0.7596     0.3064     0.2614     0.6959     0.3534
  ±Std       0.0108     0.0372     0.0178     0.0566     0.0271
  [M2_2/global_zscore] Evaluating on test set (med_epoch=428, thresh=0.560) ...

=======================================================
CrossAttn Test Evaluation  (scale_clin=True, scale_aec=global, threshold=0.560)
=======================================================
CrossAttn — training final model for 428 epochs on full CV set …
  [CrossAttn] Model weights saved → 연구코드/results/0605/stage3_1e-05_epoch500/model_2_2\crop80\global_zscore\M2_2_global_zscore_weights.pt

CrossAttn — Test Set (Overall):
  AUC: 0.7929  AUPRC: 0.2978  Brier: 0.2608  Acc: 0.6638  F1: 0.3636

CrossAttn — Test Set (By Sex):
  [M] n=82  AUC: 0.7269  AUPRC: 0.3435  Brier: 0.2912  Acc: 0.6098  F1: 0.4074
              precision    recall  f1-score   support

      Normal       0.95      0.57      0.71        69
  Sarcopenia       0.27      0.85      0.41        13

    accuracy                           0.61        82
   macro avg       0.61      0.71      0.56        82
weighted avg       0.84      0.61      0.66        82

  [F] n=147  AUC: 0.8262  AUPRC: 0.2934  Brier: 0.2438  Acc: 0.6939  F1: 0.3284
              precision    recall  f1-score   support

      Normal       1.00      0.67      0.80       136
  Sarcopenia       0.20      1.00      0.33        11

    accuracy                           0.69       147
   macro avg       0.60      0.83      0.57       147
weighted avg       0.94      0.69      0.77       147


───────────────────────────────────────────────────────
Test Set — Bootstrap CI
───────────────────────────────────────────────────────

  Bootstrap 95% CI — CrossAttn  (n_boot=2000)
  Metric         Estimate   95% CI Lower   95% CI Upper
  ----------------------------------------------------
  AUC-ROC          0.7929         0.7093         0.8667
  AUPRC            0.2978         0.1714         0.4759
  Brier            0.2608         0.2340         0.2861
  Accuracy         0.6638         0.6070         0.7249
  F1               0.3636         0.2459         0.4776
  [M2_2/global_zscore] Saving figures ...

Saved (model 2_2 (global_zscore, unmatched)):
  연구코드/results/0605/stage3_1e-05_epoch500/model_2_2\crop80\global_zscore/data_distribution.png
  연구코드/results/0605/stage3_1e-05_epoch500/model_2_2\crop80\global_zscore/cv_roc_curves.png
  연구코드/results/0605/stage3_1e-05_epoch500/model_2_2\crop80\global_zscore/cv_metric_distribution.png
  연구코드/results/0605/stage3_1e-05_epoch500/model_2_2\crop80\global_zscore/training_curves.png
  연구코드/results/0605/stage3_1e-05_epoch500/model_2_2\crop80\global_zscore/test_roc_curves.png
  연구코드/results/0605/stage3_1e-05_epoch500/model_2_2\crop80\global_zscore/test_roc_by_sex.png
  연구코드/results/0605/stage3_1e-05_epoch500/model_2_2\crop80\global_zscore/confusion_matrices.png
  연구코드/results/0605/stage3_1e-05_epoch500/model_2_2\crop80\global_zscore/calibration.png
  연구코드/results/0605/stage3_1e-05_epoch500/model_2_2\crop80\global_zscore/results.md
  [M2_2/global_zscore] Plotting attention maps ...
  연구코드/results/0605/stage3_1e-05_epoch500/model_2_2\crop80\global_zscore/attention_map_c2a.png
  연구코드/results/0605/stage3_1e-05_epoch500/model_2_2\crop80\global_zscore/attention_heatmap_c2a.png
  연구코드/results/0605/stage3_1e-05_epoch500/model_2_2\crop80\global_zscore/attention_map_a2c.png
  연구코드/results/0605/stage3_1e-05_epoch500/model_2_2\crop80\global_zscore/attention_heatmap_a2c.png
  [M2_2/global_zscore] Plotting Grad-CAM ...
  연구코드/results/0605/stage3_1e-05_epoch500/model_2_2\crop80\global_zscore/cam_aec_mean.png
  연구코드/results/0605/stage3_1e-05_epoch500/model_2_2\crop80\global_zscore/cam_aec_lines.png
  연구코드/results/0605/stage3_1e-05_epoch500/model_2_2\crop80\global_zscore/cam_aec_heatmap.png
  [M2_2/global_zscore] Done.
