============================================================
  MODEL 2 — Clinic + AEC (aec128)  (3 AEC variants)
============================================================

############################################################
  [M2 raw]  (scale_clinic=True, scale_aec=none)
############################################################
  [M2/raw] Cross-validating CrossAttn ...
=======================================================
5-Fold CV  [CrossAttn | scale_aec=none]
=======================================================

── Fold 1/5 ──────────────────────────────
  CA   — AUC: 0.8132  AUPRC: 0.3648  Brier: 0.2650  Acc: 0.7541  F1: 0.4000  (best ep=405, thresh=0.646)

── Fold 2/5 ──────────────────────────────
  CA   — AUC: 0.8450  AUPRC: 0.4738  Brier: 0.2269  Acc: 0.8852  F1: 0.5333  (best ep=454, thresh=0.667)

── Fold 3/5 ──────────────────────────────
  CA   — AUC: 0.7824  AUPRC: 0.3333  Brier: 0.2762  Acc: 0.7541  F1: 0.3836  (best ep=376, thresh=0.645)

── Fold 4/5 ──────────────────────────────
  CA   — AUC: 0.7712  AUPRC: 0.3418  Brier: 0.2376  Acc: 0.7377  F1: 0.3846  (best ep=431, thresh=0.554)

── Fold 5/5 ──────────────────────────────
  CA   — AUC: 0.8108  AUPRC: 0.3374  Brier: 0.2506  Acc: 0.7857  F1: 0.4348  (best ep=476, thresh=0.629)

===========================================================================
CrossAttn  —  5-Fold CV Summary
===========================================================================
  Fold      AUC-ROC      AUPRC      Brier   Accuracy         F1
  ----------------------------------------------------------
  1          0.8132     0.3648     0.2650     0.7541     0.4000
  2          0.8450     0.4738     0.2269     0.8852     0.5333
  3          0.7824     0.3333     0.2762     0.7541     0.3836
  4          0.7712     0.3418     0.2376     0.7377     0.3846
  5          0.8108     0.3374     0.2506     0.7857     0.4348
  ──────────────────────────────────────────────────────────
  Mean       0.8045     0.3702     0.2513     0.7834     0.4273
  ±Std       0.0259     0.0529     0.0178     0.0533     0.0562
  [M2/raw] Evaluating on test set (med_epoch=431, thresh=0.645) ...

=======================================================
CrossAttn Test Evaluation  [scale_aec=none | threshold=0.645]
=======================================================
CrossAttn — training final model for 431 epochs on full CV set …
  [CrossAttn] weights → 연구코드/results/0612_128_aug/model_2\raw\M2_raw_weights.pt

CrossAttn — Test Set (Overall):  AUC: 0.7780  AUPRC: 0.2655  Brier: 0.2621  Acc: 0.7598  F1: 0.3678

CrossAttn — Test Set (By Sex):
  [M] n=82  AUC: 0.6945  AUPRC: 0.3092  Brier: 0.3066  Acc: 0.7073  F1: 0.4545
              precision    recall  f1-score   support

      Normal       0.94      0.70      0.80        69
  Sarcopenia       0.32      0.77      0.45        13

    accuracy                           0.71        82
   macro avg       0.63      0.73      0.63        82
weighted avg       0.84      0.71      0.75        82

  [F] n=147  AUC: 0.8048  AUPRC: 0.2446  Brier: 0.2373  Acc: 0.7891  F1: 0.2791
              precision    recall  f1-score   support

      Normal       0.96      0.81      0.88       136
  Sarcopenia       0.19      0.55      0.28        11

    accuracy                           0.79       147
   macro avg       0.57      0.68      0.58       147
weighted avg       0.90      0.79      0.83       147


───────────────────────────────────────────────────────
Test Set — Bootstrap CI
───────────────────────────────────────────────────────

  Bootstrap 95% CI — CrossAttn  (n_boot=2000)
  Metric         Estimate   95% CI Lower   95% CI Upper
  ----------------------------------------------------
  AUC-ROC          0.7780         0.6923         0.8558
  AUPRC            0.2655         0.1555         0.4229
  Brier            0.2621         0.2351         0.2876
  Accuracy         0.7598         0.7031         0.8166
  F1               0.3678         0.2381         0.4941
  [M2/raw] Saving figures ...

Saved (model 2 (raw)):
  연구코드/results/0612_128_aug/model_2\raw/data_distribution.png
  연구코드/results/0612_128_aug/model_2\raw/cv_roc_curves.png
  연구코드/results/0612_128_aug/model_2\raw/cv_metric_distribution.png
  연구코드/results/0612_128_aug/model_2\raw/training_curves.png
  연구코드/results/0612_128_aug/model_2\raw/test_roc_curves.png
  연구코드/results/0612_128_aug/model_2\raw/test_roc_by_sex.png
  연구코드/results/0612_128_aug/model_2\raw/confusion_matrices.png
  연구코드/results/0612_128_aug/model_2\raw/calibration.png
  연구코드/results/0612_128_aug/model_2\raw/results.md
  [M2/raw] Plotting attention maps ...
  연구코드/results/0612_128_aug/model_2\raw/attention_map_c2a.png
  연구코드/results/0612_128_aug/model_2\raw/attention_heatmap_c2a.png
  연구코드/results/0612_128_aug/model_2\raw/attention_map_a2c.png
  연구코드/results/0612_128_aug/model_2\raw/attention_heatmap_a2c.png
  [M2/raw] Plotting Grad-CAM ...
  연구코드/results/0612_128_aug/model_2\raw/cam_aec_mean.png
  연구코드/results/0612_128_aug/model_2\raw/cam_aec_lines.png
  연구코드/results/0612_128_aug/model_2\raw/cam_aec_heatmap.png
  [M2/raw] Done.

############################################################
  [M2 norm]  (scale_clinic=True, scale_aec=none)
############################################################
  [M2/norm] Cross-validating CrossAttn ...
=======================================================
5-Fold CV  [CrossAttn | scale_aec=none]
=======================================================

── Fold 1/5 ──────────────────────────────
  CA   — AUC: 0.8285  AUPRC: 0.3889  Brier: 0.2520  Acc: 0.8525  F1: 0.5091  (best ep=273, thresh=0.691)

── Fold 2/5 ──────────────────────────────
  CA   — AUC: 0.8527  AUPRC: 0.4991  Brier: 0.2033  Acc: 0.8579  F1: 0.5357  (best ep=161, thresh=0.604)

── Fold 3/5 ──────────────────────────────
  CA   — AUC: 0.7619  AUPRC: 0.2541  Brier: 0.2725  Acc: 0.7322  F1: 0.3636  (best ep=309, thresh=0.674)

── Fold 4/5 ──────────────────────────────
  CA   — AUC: 0.7901  AUPRC: 0.3411  Brier: 0.2387  Acc: 0.6393  F1: 0.3529  (best ep=207, thresh=0.484)

── Fold 5/5 ──────────────────────────────
  CA   — AUC: 0.8111  AUPRC: 0.4240  Brier: 0.2413  Acc: 0.8077  F1: 0.4615  (best ep=139, thresh=0.646)

===========================================================================
CrossAttn  —  5-Fold CV Summary
===========================================================================
  Fold      AUC-ROC      AUPRC      Brier   Accuracy         F1
  ----------------------------------------------------------
  1          0.8285     0.3889     0.2520     0.8525     0.5091
  2          0.8527     0.4991     0.2033     0.8579     0.5357
  3          0.7619     0.2541     0.2725     0.7322     0.3636
  4          0.7901     0.3411     0.2387     0.6393     0.3529
  5          0.8111     0.4240     0.2413     0.8077     0.4615
  ──────────────────────────────────────────────────────────
  Mean       0.8089     0.3815     0.2416     0.7779     0.4446
  ±Std       0.0312     0.0819     0.0225     0.0826     0.0744
  [M2/norm] Evaluating on test set (med_epoch=207, thresh=0.646) ...

=======================================================
CrossAttn Test Evaluation  [scale_aec=none | threshold=0.646]
=======================================================
CrossAttn — training final model for 207 epochs on full CV set …
  [CrossAttn] weights → 연구코드/results/0612_128_aug/model_2\norm\M2_norm_weights.pt

CrossAttn — Test Set (Overall):  AUC: 0.8022  AUPRC: 0.3459  Brier: 0.2661  Acc: 0.7511  F1: 0.3448

CrossAttn — Test Set (By Sex):
  [M] n=82  AUC: 0.7280  AUPRC: 0.3841  Brier: 0.2977  Acc: 0.6585  F1: 0.3913
              precision    recall  f1-score   support

      Normal       0.92      0.65      0.76        69
  Sarcopenia       0.27      0.69      0.39        13

    accuracy                           0.66        82
   macro avg       0.60      0.67      0.58        82
weighted avg       0.82      0.66      0.70        82

  [F] n=147  AUC: 0.8409  AUPRC: 0.3469  Brier: 0.2484  Acc: 0.8027  F1: 0.2927
              precision    recall  f1-score   support

      Normal       0.96      0.82      0.89       136
  Sarcopenia       0.20      0.55      0.29        11

    accuracy                           0.80       147
   macro avg       0.58      0.68      0.59       147
weighted avg       0.90      0.80      0.84       147


───────────────────────────────────────────────────────
Test Set — Bootstrap CI
───────────────────────────────────────────────────────

  Bootstrap 95% CI — CrossAttn  (n_boot=2000)
  Metric         Estimate   95% CI Lower   95% CI Upper
  ----------------------------------------------------
  AUC-ROC          0.8022         0.7184         0.8732
  AUPRC            0.3459         0.1947         0.5269
  Brier            0.2661         0.2442         0.2868
  Accuracy         0.7511         0.6943         0.8035
  F1               0.3448         0.2133         0.4652
  [M2/norm] Saving figures ...

Saved (model 2 (norm)):
  연구코드/results/0612_128_aug/model_2\norm/data_distribution.png
  연구코드/results/0612_128_aug/model_2\norm/cv_roc_curves.png
  연구코드/results/0612_128_aug/model_2\norm/cv_metric_distribution.png
  연구코드/results/0612_128_aug/model_2\norm/training_curves.png
  연구코드/results/0612_128_aug/model_2\norm/test_roc_curves.png
  연구코드/results/0612_128_aug/model_2\norm/test_roc_by_sex.png
  연구코드/results/0612_128_aug/model_2\norm/confusion_matrices.png
  연구코드/results/0612_128_aug/model_2\norm/calibration.png
  연구코드/results/0612_128_aug/model_2\norm/results.md
  [M2/norm] Plotting attention maps ...
  연구코드/results/0612_128_aug/model_2\norm/attention_map_c2a.png
  연구코드/results/0612_128_aug/model_2\norm/attention_heatmap_c2a.png
  연구코드/results/0612_128_aug/model_2\norm/attention_map_a2c.png
  연구코드/results/0612_128_aug/model_2\norm/attention_heatmap_a2c.png
  [M2/norm] Plotting Grad-CAM ...
  연구코드/results/0612_128_aug/model_2\norm/cam_aec_mean.png
  연구코드/results/0612_128_aug/model_2\norm/cam_aec_lines.png
  연구코드/results/0612_128_aug/model_2\norm/cam_aec_heatmap.png
  [M2/norm] Done.

############################################################
  [M2 global_zscore]  (scale_clinic=True, scale_aec=global)
############################################################
  [M2/global_zscore] Cross-validating CrossAttn ...
=======================================================
5-Fold CV  [CrossAttn | scale_aec=global]
=======================================================

── Fold 1/5 ──────────────────────────────
  CA   — AUC: 0.8267  AUPRC: 0.3619  Brier: 0.2612  Acc: 0.7978  F1: 0.4638  (best ep=333, thresh=0.653)

── Fold 2/5 ──────────────────────────────
  CA   — AUC: 0.8479  AUPRC: 0.5434  Brier: 0.2246  Acc: 0.8415  F1: 0.4912  (best ep=392, thresh=0.638)

── Fold 3/5 ──────────────────────────────
  CA   — AUC: 0.8023  AUPRC: 0.3716  Brier: 0.2729  Acc: 0.6940  F1: 0.3636  (best ep=127, thresh=0.591)

── Fold 4/5 ──────────────────────────────
  CA   — AUC: 0.7892  AUPRC: 0.3735  Brier: 0.2339  Acc: 0.6995  F1: 0.3678  (best ep=229, thresh=0.559)

── Fold 5/5 ──────────────────────────────
  CA   — AUC: 0.8011  AUPRC: 0.4077  Brier: 0.2401  Acc: 0.7418  F1: 0.4051  (best ep=498, thresh=0.575)

===========================================================================
CrossAttn  —  5-Fold CV Summary
===========================================================================
  Fold      AUC-ROC      AUPRC      Brier   Accuracy         F1
  ----------------------------------------------------------
  1          0.8267     0.3619     0.2612     0.7978     0.4638
  2          0.8479     0.5434     0.2246     0.8415     0.4912
  3          0.8023     0.3716     0.2729     0.6940     0.3636
  4          0.7892     0.3735     0.2339     0.6995     0.3678
  5          0.8011     0.4077     0.2401     0.7418     0.4051
  ──────────────────────────────────────────────────────────
  Mean       0.8134     0.4116     0.2465     0.7549     0.4183
  ±Std       0.0211     0.0677     0.0178     0.0571     0.0512
  [M2/global_zscore] Evaluating on test set (med_epoch=333, thresh=0.591) ...

=======================================================
CrossAttn Test Evaluation  [scale_aec=global | threshold=0.591]
=======================================================
CrossAttn — training final model for 333 epochs on full CV set …
  [CrossAttn] weights → 연구코드/results/0612_128_aug/model_2\global_zscore\M2_global_zscore_weights.pt

CrossAttn — Test Set (Overall):  AUC: 0.7994  AUPRC: 0.2924  Brier: 0.2523  Acc: 0.7249  F1: 0.3762

CrossAttn — Test Set (By Sex):
  [M] n=82  AUC: 0.7246  AUPRC: 0.3357  Brier: 0.3083  Acc: 0.6220  F1: 0.4151
              precision    recall  f1-score   support

      Normal       0.95      0.58      0.72        69
  Sarcopenia       0.28      0.85      0.42        13

    accuracy                           0.62        82
   macro avg       0.61      0.71      0.57        82
weighted avg       0.84      0.62      0.67        82

  [F] n=147  AUC: 0.8142  AUPRC: 0.2701  Brier: 0.2211  Acc: 0.7823  F1: 0.3333
              precision    recall  f1-score   support

      Normal       0.97      0.79      0.87       136
  Sarcopenia       0.22      0.73      0.33        11

    accuracy                           0.78       147
   macro avg       0.59      0.76      0.60       147
weighted avg       0.92      0.78      0.83       147


───────────────────────────────────────────────────────
Test Set — Bootstrap CI
───────────────────────────────────────────────────────

  Bootstrap 95% CI — CrossAttn  (n_boot=2000)
  Metric         Estimate   95% CI Lower   95% CI Upper
  ----------------------------------------------------
  AUC-ROC          0.7994         0.7159         0.8714
  AUPRC            0.2924         0.1736         0.4672
  Brier            0.2523         0.2254         0.2764
  Accuracy         0.7249         0.6681         0.7818
  F1               0.3762         0.2524         0.4952
  [M2/global_zscore] Saving figures ...

Saved (model 2 (global_zscore)):
  연구코드/results/0612_128_aug/model_2\global_zscore/data_distribution.png
  연구코드/results/0612_128_aug/model_2\global_zscore/cv_roc_curves.png
  연구코드/results/0612_128_aug/model_2\global_zscore/cv_metric_distribution.png
  연구코드/results/0612_128_aug/model_2\global_zscore/training_curves.png
  연구코드/results/0612_128_aug/model_2\global_zscore/test_roc_curves.png
  연구코드/results/0612_128_aug/model_2\global_zscore/test_roc_by_sex.png
  연구코드/results/0612_128_aug/model_2\global_zscore/confusion_matrices.png
  연구코드/results/0612_128_aug/model_2\global_zscore/calibration.png
  연구코드/results/0612_128_aug/model_2\global_zscore/results.md
  [M2/global_zscore] Plotting attention maps ...
  연구코드/results/0612_128_aug/model_2\global_zscore/attention_map_c2a.png
  연구코드/results/0612_128_aug/model_2\global_zscore/attention_heatmap_c2a.png
  연구코드/results/0612_128_aug/model_2\global_zscore/attention_map_a2c.png
  연구코드/results/0612_128_aug/model_2\global_zscore/attention_heatmap_a2c.png
  [M2/global_zscore] Plotting Grad-CAM ...
  연구코드/results/0612_128_aug/model_2\global_zscore/cam_aec_mean.png
  연구코드/results/0612_128_aug/model_2\global_zscore/cam_aec_lines.png
  연구코드/results/0612_128_aug/model_2\global_zscore/cam_aec_heatmap.png
  [M2/global_zscore] Done.
