============================================================
  MODEL 3 — Clinic + Scanner + AEC  (8 cases)
============================================================

############################################################
  [M3] CASE : no_scale  (scale_clinic=False, scale_aec=False, scale_scan=False)
############################################################
=================================================================
5-Fold CV  [CrossAttn3 | scale_clin=False, scale_aec=False, scale_scan=False]
=================================================================

── Fold 1/5 ──────────────────────────────
  LR   — AUC: 0.6350  AUPRC: 0.2601  Brier: 0.1896  Acc: 0.7548  F1: 0.2609
  CA3  — AUC: 0.7986  AUPRC: 0.3567  Brier: 0.1268  Acc: 0.8269  F1: 0.3793  (best ep=15)

── Fold 2/5 ──────────────────────────────
  LR   — AUC: 0.7452  AUPRC: 0.2260  Brier: 0.1925  Acc: 0.7404  F1: 0.3864
  CA3  — AUC: 0.8021  AUPRC: 0.3632  Brier: 0.1994  Acc: 0.5962  F1: 0.3115  (best ep=37)

── Fold 3/5 ──────────────────────────────
  LR   — AUC: 0.7058  AUPRC: 0.2919  Brier: 0.1691  Acc: 0.7885  F1: 0.2667
  CA3  — AUC: 0.8195  AUPRC: 0.4050  Brier: 0.1189  Acc: 0.8221  F1: 0.4127  (best ep=128)

── Fold 4/5 ──────────────────────────────
  LR   — AUC: 0.5431  AUPRC: 0.1507  Brier: 0.2444  Acc: 0.6587  F1: 0.2022
  CA3  — AUC: 0.7727  AUPRC: 0.2650  Brier: 0.2901  Acc: 0.5337  F1: 0.3022  (best ep=42)

── Fold 5/5 ──────────────────────────────
  LR   — AUC: 0.7177  AUPRC: 0.2781  Brier: 0.1782  Acc: 0.7391  F1: 0.3077
  CA3  — AUC: 0.8025  AUPRC: 0.3577  Brier: 0.2365  Acc: 0.6570  F1: 0.3364  (best ep=49)

===========================================================================
LR  —  5-Fold CV Summary
===========================================================================
  Fold      AUC-ROC      AUPRC      Brier   Accuracy         F1
  ----------------------------------------------------------
  1          0.6350     0.2601     0.1896     0.7548     0.2609
  2          0.7452     0.2260     0.1925     0.7404     0.3864
  3          0.7058     0.2919     0.1691     0.7885     0.2667
  4          0.5431     0.1507     0.2444     0.6587     0.2022
  5          0.7177     0.2781     0.1782     0.7391     0.3077
  ──────────────────────────────────────────────────────────
  Mean       0.6694     0.2414     0.1948     0.7363     0.2848
  ±Std       0.0728     0.0504     0.0262     0.0427     0.0609

===========================================================================
CrossAttn3  —  5-Fold CV Summary
===========================================================================
  Fold      AUC-ROC      AUPRC      Brier   Accuracy         F1
  ----------------------------------------------------------
  1          0.7986     0.3567     0.1268     0.8269     0.3793
  2          0.8021     0.3632     0.1994     0.5962     0.3115
  3          0.8195     0.4050     0.1189     0.8221     0.4127
  4          0.7727     0.2650     0.2901     0.5337     0.3022
  5          0.8025     0.3577     0.2365     0.6570     0.3364
  ──────────────────────────────────────────────────────────
  Mean       0.7991     0.3496     0.1944     0.6872     0.3484
  ±Std       0.0150     0.0459     0.0651     0.1187     0.0418

=================================================================
  Statistical Comparison: [LR]  vs  [CrossAttn3]
  Paired t-test + Wilcoxon signed-rank  (n=5 folds)
  Δ Mean = CrossAttn3 − LR  (양수 → CrossAttn3가 우세)
=================================================================
  Metric          Mean1    Mean2    Δ Mean   t-stat      t p-val      W p-val     
  -----------------------------------------------------------------------
  AUC-ROC        0.6694   0.7991   +0.1297   -4.241     1.32e-02     6.25e-02    *
  AUPRC          0.2414   0.3496   +0.1082  -11.244     3.56e-04     6.25e-02  ***
  Brier          0.1948   0.1944   -0.0004    0.017     9.88e-01     1.00e+00     
  Accuracy       0.7363   0.6872   -0.0491    1.135     3.20e-01     3.12e-01     
  F1             0.2848   0.3484   +0.0637   -1.603     1.84e-01     1.88e-01     
  ───────────────────────────────────────────────────────────────────────
  *** p<0.001  ** p<0.01  * p<0.05  † p<0.10
  주의: n=5 folds — 검정력이 낮으므로 방향성(Δ) 참고 병행 권장

=================================================================
CrossAttn3 Test Evaluation  (scale_clin=False, scale_aec=False, scale_scan=False)
=================================================================

Logistic Regression — Test Set (Overall):
  AUC: 0.6713  AUPRC: 0.1958  Brier: 0.1956  Acc: 0.7154  F1: 0.2745

Logistic Regression — Test Set (By Sex):
  [M] n=98  AUC: 0.6707  AUPRC: 0.2723  Brier: 0.2233  Acc: 0.6939  F1: 0.3750
              precision    recall  f1-score   support

      Normal       0.89      0.72      0.80        82
  Sarcopenia       0.28      0.56      0.38        16

    accuracy                           0.69        98
   macro avg       0.59      0.64      0.59        98
weighted avg       0.79      0.69      0.73        98

  [F] n=162  AUC: 0.6539  AUPRC: 0.1399  Brier: 0.1788  Acc: 0.7284  F1: 0.1852
              precision    recall  f1-score   support

      Normal       0.94      0.75      0.84       150
  Sarcopenia       0.12      0.42      0.19        12

    accuracy                           0.73       162
   macro avg       0.53      0.58      0.51       162
weighted avg       0.88      0.73      0.79       162

CrossAttn3 — training final model for 42 epochs on full CV set …

CrossAttn3 — Test Set (Overall):
  AUC: 0.7542  AUPRC: 0.2410  Brier: 0.1717  Acc: 0.7423  F1: 0.2947

CrossAttn3 — Test Set (By Sex):
  [M] n=98  AUC: 0.6890  AUPRC: 0.2373  Brier: 0.2437  Acc: 0.6327  F1: 0.3571
              precision    recall  f1-score   support

      Normal       0.90      0.63      0.74        82
  Sarcopenia       0.25      0.62      0.36        16

    accuracy                           0.63        98
   macro avg       0.57      0.63      0.55        98
weighted avg       0.79      0.63      0.68        98

  [F] n=162  AUC: 0.7428  AUPRC: 0.2432  Brier: 0.1281  Acc: 0.8086  F1: 0.2051
              precision    recall  f1-score   support

      Normal       0.94      0.85      0.89       150
  Sarcopenia       0.15      0.33      0.21        12

    accuracy                           0.81       162
   macro avg       0.54      0.59      0.55       162
weighted avg       0.88      0.81      0.84       162


Saved (model 3):
  연구코드/results/0515/model_3\no_scale/data_distribution.png
  연구코드/results/0515/model_3\no_scale/cv_roc_curves.png
  연구코드/results/0515/model_3\no_scale/cv_metric_distribution.png
  연구코드/results/0515/model_3\no_scale/training_curves.png
  연구코드/results/0515/model_3\no_scale/test_roc_curves.png
  연구코드/results/0515/model_3\no_scale/test_roc_by_sex.png
  연구코드/results/0515/model_3\no_scale/confusion_matrices.png
  연구코드/results/0515/model_3\no_scale/calibration.png
  연구코드/results/0515/model_3\no_scale/results.md

############################################################
  [M3] CASE : scale_clinic  (scale_clinic=True, scale_aec=False, scale_scan=False)
############################################################
=================================================================
5-Fold CV  [CrossAttn3 | scale_clin=True, scale_aec=False, scale_scan=False]
=================================================================

── Fold 1/5 ──────────────────────────────
  LR   — AUC: 0.5805  AUPRC: 0.2240  Brier: 0.2033  Acc: 0.7115  F1: 0.1892
  CA3  — AUC: 0.8270  AUPRC: 0.4795  Brier: 0.1275  Acc: 0.8125  F1: 0.4507  (best ep=53)

── Fold 2/5 ──────────────────────────────
  LR   — AUC: 0.6348  AUPRC: 0.1538  Brier: 0.2089  Acc: 0.7308  F1: 0.2432
  CA3  — AUC: 0.8714  AUPRC: 0.5464  Brier: 0.1520  Acc: 0.7644  F1: 0.4096  (best ep=21)

── Fold 3/5 ──────────────────────────────
  LR   — AUC: 0.6470  AUPRC: 0.1761  Brier: 0.1900  Acc: 0.7596  F1: 0.2647
  CA3  — AUC: 0.8270  AUPRC: 0.4512  Brier: 0.1478  Acc: 0.7981  F1: 0.4324  (best ep=28)

── Fold 4/5 ──────────────────────────────
  LR   — AUC: 0.5318  AUPRC: 0.2144  Brier: 0.2647  Acc: 0.6394  F1: 0.2105
  CA3  — AUC: 0.7441  AUPRC: 0.3702  Brier: 0.1576  Acc: 0.7596  F1: 0.3590  (best ep=35)

── Fold 5/5 ──────────────────────────────
  LR   — AUC: 0.6826  AUPRC: 0.2378  Brier: 0.1818  Acc: 0.7729  F1: 0.3733
  CA3  — AUC: 0.8639  AUPRC: 0.4059  Brier: 0.2201  Acc: 0.6715  F1: 0.3704  (best ep=2)

===========================================================================
LR  —  5-Fold CV Summary
===========================================================================
  Fold      AUC-ROC      AUPRC      Brier   Accuracy         F1
  ----------------------------------------------------------
  1          0.5805     0.2240     0.2033     0.7115     0.1892
  2          0.6348     0.1538     0.2089     0.7308     0.2432
  3          0.6470     0.1761     0.1900     0.7596     0.2647
  4          0.5318     0.2144     0.2647     0.6394     0.2105
  5          0.6826     0.2378     0.1818     0.7729     0.3733
  ──────────────────────────────────────────────────────────
  Mean       0.6153     0.2012     0.2097     0.7229     0.2562
  ±Std       0.0531     0.0314     0.0291     0.0469     0.0641

===========================================================================
CrossAttn3  —  5-Fold CV Summary
===========================================================================
  Fold      AUC-ROC      AUPRC      Brier   Accuracy         F1
  ----------------------------------------------------------
  1          0.8270     0.4795     0.1275     0.8125     0.4507
  2          0.8714     0.5464     0.1520     0.7644     0.4096
  3          0.8270     0.4512     0.1478     0.7981     0.4324
  4          0.7441     0.3702     0.1576     0.7596     0.3590
  5          0.8639     0.4059     0.2201     0.6715     0.3704
  ──────────────────────────────────────────────────────────
  Mean       0.8267     0.4506     0.1610     0.7612     0.4044
  ±Std       0.0452     0.0608     0.0313     0.0491     0.0352

=================================================================
  Statistical Comparison: [LR]  vs  [CrossAttn3]
  Paired t-test + Wilcoxon signed-rank  (n=5 folds)
  Δ Mean = CrossAttn3 − LR  (양수 → CrossAttn3가 우세)
=================================================================
  Metric          Mean1    Mean2    Δ Mean   t-stat      t p-val      W p-val     
  -----------------------------------------------------------------------
  AUC-ROC        0.6153   0.8267   +0.2114  -15.410     1.03e-04     6.25e-02  ***
  AUPRC          0.2012   0.4506   +0.2494   -5.830     4.31e-03     6.25e-02   **
  Brier          0.2097   0.1610   -0.0488    2.006     1.15e-01     1.25e-01     
  Accuracy       0.7229   0.7612   +0.0384   -0.988     3.79e-01     4.38e-01     
  F1             0.2562   0.4044   +0.1482   -3.474     2.55e-02     1.25e-01    *
  ───────────────────────────────────────────────────────────────────────
  *** p<0.001  ** p<0.01  * p<0.05  † p<0.10
  주의: n=5 folds — 검정력이 낮으므로 방향성(Δ) 참고 병행 권장

=================================================================
CrossAttn3 Test Evaluation  (scale_clin=True, scale_aec=False, scale_scan=False)
=================================================================

Logistic Regression — Test Set (Overall):
  AUC: 0.5770  AUPRC: 0.1384  Brier: 0.2157  Acc: 0.6769  F1: 0.1923

Logistic Regression — Test Set (By Sex):
  [M] n=98  AUC: 0.5648  AUPRC: 0.1948  Brier: 0.2582  Acc: 0.6224  F1: 0.2449
              precision    recall  f1-score   support

      Normal       0.85      0.67      0.75        82
  Sarcopenia       0.18      0.38      0.24        16

    accuracy                           0.62        98
   macro avg       0.51      0.52      0.50        98
weighted avg       0.74      0.62      0.67        98

  [F] n=162  AUC: 0.5706  AUPRC: 0.1175  Brier: 0.1900  Acc: 0.7099  F1: 0.1455
              precision    recall  f1-score   support

      Normal       0.93      0.74      0.83       150
  Sarcopenia       0.09      0.33      0.15        12

    accuracy                           0.71       162
   macro avg       0.51      0.54      0.49       162
weighted avg       0.87      0.71      0.77       162

CrossAttn3 — training final model for 28 epochs on full CV set …

CrossAttn3 — Test Set (Overall):
  AUC: 0.7577  AUPRC: 0.2326  Brier: 0.2184  Acc: 0.7346  F1: 0.3894

CrossAttn3 — Test Set (By Sex):
  [M] n=98  AUC: 0.6898  AUPRC: 0.2475  Brier: 0.3322  Acc: 0.5816  F1: 0.4225
              precision    recall  f1-score   support

      Normal       0.98      0.51      0.67        82
  Sarcopenia       0.27      0.94      0.42        16

    accuracy                           0.58        98
   macro avg       0.62      0.72      0.55        98
weighted avg       0.86      0.58      0.63        98

  [F] n=162  AUC: 0.7228  AUPRC: 0.2131  Brier: 0.1497  Acc: 0.8272  F1: 0.3333
              precision    recall  f1-score   support

      Normal       0.96      0.85      0.90       150
  Sarcopenia       0.23      0.58      0.33        12

    accuracy                           0.83       162
   macro avg       0.60      0.72      0.62       162
weighted avg       0.91      0.83      0.86       162


Saved (model 3):
  연구코드/results/0515/model_3\scale_clinic/data_distribution.png
  연구코드/results/0515/model_3\scale_clinic/cv_roc_curves.png
  연구코드/results/0515/model_3\scale_clinic/cv_metric_distribution.png
  연구코드/results/0515/model_3\scale_clinic/training_curves.png
  연구코드/results/0515/model_3\scale_clinic/test_roc_curves.png
  연구코드/results/0515/model_3\scale_clinic/test_roc_by_sex.png
  연구코드/results/0515/model_3\scale_clinic/confusion_matrices.png
  연구코드/results/0515/model_3\scale_clinic/calibration.png
  연구코드/results/0515/model_3\scale_clinic/results.md

############################################################
  [M3] CASE : scale_aec  (scale_clinic=False, scale_aec=True, scale_scan=False)
############################################################
=================================================================
5-Fold CV  [CrossAttn3 | scale_clin=False, scale_aec=True, scale_scan=False]
=================================================================

── Fold 1/5 ──────────────────────────────
  LR   — AUC: 0.7260  AUPRC: 0.2774  Brier: 0.1690  Acc: 0.7644  F1: 0.3636
  CA3  — AUC: 0.8230  AUPRC: 0.4558  Brier: 0.1129  Acc: 0.8413  F1: 0.5075  (best ep=145)

── Fold 2/5 ──────────────────────────────
  LR   — AUC: 0.8407  AUPRC: 0.3619  Brier: 0.1895  Acc: 0.7115  F1: 0.3750
  CA3  — AUC: 0.8169  AUPRC: 0.4964  Brier: 0.1288  Acc: 0.8606  F1: 0.5085  (best ep=23)

── Fold 3/5 ──────────────────────────────
  LR   — AUC: 0.7553  AUPRC: 0.3548  Brier: 0.1613  Acc: 0.7596  F1: 0.3243
  CA3  — AUC: 0.8148  AUPRC: 0.4225  Brier: 0.1473  Acc: 0.7740  F1: 0.4051  (best ep=84)

── Fold 4/5 ──────────────────────────────
  LR   — AUC: 0.7295  AUPRC: 0.2469  Brier: 0.1978  Acc: 0.7019  F1: 0.3404
  CA3  — AUC: 0.7871  AUPRC: 0.3329  Brier: 0.3134  Acc: 0.4471  F1: 0.2675  (best ep=23)

── Fold 5/5 ──────────────────────────────
  LR   — AUC: 0.8032  AUPRC: 0.3189  Brier: 0.1709  Acc: 0.7391  F1: 0.3571
  CA3  — AUC: 0.8597  AUPRC: 0.3677  Brier: 0.1711  Acc: 0.7150  F1: 0.4040  (best ep=54)

===========================================================================
LR  —  5-Fold CV Summary
===========================================================================
  Fold      AUC-ROC      AUPRC      Brier   Accuracy         F1
  ----------------------------------------------------------
  1          0.7260     0.2774     0.1690     0.7644     0.3636
  2          0.8407     0.3619     0.1895     0.7115     0.3750
  3          0.7553     0.3548     0.1613     0.7596     0.3243
  4          0.7295     0.2469     0.1978     0.7019     0.3404
  5          0.8032     0.3189     0.1709     0.7391     0.3571
  ──────────────────────────────────────────────────────────
  Mean       0.7709     0.3120     0.1777     0.7353     0.3521
  ±Std       0.0445     0.0443     0.0137     0.0250     0.0178

===========================================================================
CrossAttn3  —  5-Fold CV Summary
===========================================================================
  Fold      AUC-ROC      AUPRC      Brier   Accuracy         F1
  ----------------------------------------------------------
  1          0.8230     0.4558     0.1129     0.8413     0.5075
  2          0.8169     0.4964     0.1288     0.8606     0.5085
  3          0.8148     0.4225     0.1473     0.7740     0.4051
  4          0.7871     0.3329     0.3134     0.4471     0.2675
  5          0.8597     0.3677     0.1711     0.7150     0.4040
  ──────────────────────────────────────────────────────────
  Mean       0.8203     0.4150     0.1747     0.7276     0.4185
  ±Std       0.0233     0.0589     0.0720     0.1494     0.0885

=================================================================
  Statistical Comparison: [LR]  vs  [CrossAttn3]
  Paired t-test + Wilcoxon signed-rank  (n=5 folds)
  Δ Mean = CrossAttn3 − LR  (양수 → CrossAttn3가 우세)
=================================================================
  Metric          Mean1    Mean2    Δ Mean   t-stat      t p-val      W p-val     
  -----------------------------------------------------------------------
  AUC-ROC        0.7709   0.8203   +0.0494   -2.494     6.72e-02     1.25e-01    †
  AUPRC          0.3120   0.4150   +0.1031   -4.364     1.20e-02     6.25e-02    *
  Brier          0.1777   0.1747   -0.0030    0.093     9.30e-01     8.12e-01     
  Accuracy       0.7353   0.7276   -0.0077    0.113     9.16e-01     1.00e+00     
  F1             0.3521   0.4185   +0.0664   -1.701     1.64e-01     1.88e-01     
  ───────────────────────────────────────────────────────────────────────
  *** p<0.001  ** p<0.01  * p<0.05  † p<0.10
  주의: n=5 folds — 검정력이 낮으므로 방향성(Δ) 참고 병행 권장

=================================================================
CrossAttn3 Test Evaluation  (scale_clin=False, scale_aec=True, scale_scan=False)
=================================================================

Logistic Regression — Test Set (Overall):
  AUC: 0.7608  AUPRC: 0.2516  Brier: 0.1888  Acc: 0.7115  F1: 0.3119

Logistic Regression — Test Set (By Sex):
  [M] n=98  AUC: 0.7470  AUPRC: 0.3155  Brier: 0.2487  Acc: 0.6122  F1: 0.3871
              precision    recall  f1-score   support

      Normal       0.92      0.59      0.72        82
  Sarcopenia       0.26      0.75      0.39        16

    accuracy                           0.61        98
   macro avg       0.59      0.67      0.55        98
weighted avg       0.81      0.61      0.66        98

  [F] n=162  AUC: 0.7117  AUPRC: 0.1606  Brier: 0.1525  Acc: 0.7716  F1: 0.2128
              precision    recall  f1-score   support

      Normal       0.94      0.80      0.87       150
  Sarcopenia       0.14      0.42      0.21        12

    accuracy                           0.77       162
   macro avg       0.54      0.61      0.54       162
weighted avg       0.89      0.77      0.82       162

CrossAttn3 — training final model for 54 epochs on full CV set …

CrossAttn3 — Test Set (Overall):
  AUC: 0.7606  AUPRC: 0.2351  Brier: 0.2005  Acc: 0.6846  F1: 0.3387

CrossAttn3 — Test Set (By Sex):
  [M] n=98  AUC: 0.6791  AUPRC: 0.2436  Brier: 0.2822  Acc: 0.5918  F1: 0.3939
              precision    recall  f1-score   support

      Normal       0.94      0.55      0.69        82
  Sarcopenia       0.26      0.81      0.39        16

    accuracy                           0.59        98
   macro avg       0.60      0.68      0.54        98
weighted avg       0.83      0.59      0.64        98

  [F] n=162  AUC: 0.7583  AUPRC: 0.2948  Brier: 0.1511  Acc: 0.7407  F1: 0.2759
              precision    recall  f1-score   support

      Normal       0.97      0.75      0.84       150
  Sarcopenia       0.17      0.67      0.28        12

    accuracy                           0.74       162
   macro avg       0.57      0.71      0.56       162
weighted avg       0.91      0.74      0.80       162


Saved (model 3):
  연구코드/results/0515/model_3\scale_aec/data_distribution.png
  연구코드/results/0515/model_3\scale_aec/cv_roc_curves.png
  연구코드/results/0515/model_3\scale_aec/cv_metric_distribution.png
  연구코드/results/0515/model_3\scale_aec/training_curves.png
  연구코드/results/0515/model_3\scale_aec/test_roc_curves.png
  연구코드/results/0515/model_3\scale_aec/test_roc_by_sex.png
  연구코드/results/0515/model_3\scale_aec/confusion_matrices.png
  연구코드/results/0515/model_3\scale_aec/calibration.png
  연구코드/results/0515/model_3\scale_aec/results.md

############################################################
  [M3] CASE : scale_scan  (scale_clinic=False, scale_aec=False, scale_scan=True)
############################################################
=================================================================
5-Fold CV  [CrossAttn3 | scale_clin=False, scale_aec=False, scale_scan=True]
=================================================================

── Fold 1/5 ──────────────────────────────
  LR   — AUC: 0.5819  AUPRC: 0.2390  Brier: 0.2085  Acc: 0.7260  F1: 0.2192
  CA3  — AUC: 0.7800  AUPRC: 0.3763  Brier: 0.1551  Acc: 0.8029  F1: 0.3881  (best ep=61)

── Fold 2/5 ──────────────────────────────
  LR   — AUC: 0.6451  AUPRC: 0.1585  Brier: 0.2033  Acc: 0.7356  F1: 0.2466
  CA3  — AUC: 0.8296  AUPRC: 0.4562  Brier: 0.2372  Acc: 0.5673  F1: 0.3077  (best ep=14)

── Fold 3/5 ──────────────────────────────
  LR   — AUC: 0.6740  AUPRC: 0.2577  Brier: 0.1771  Acc: 0.7692  F1: 0.2727
  CA3  — AUC: 0.8115  AUPRC: 0.3921  Brier: 0.1639  Acc: 0.7548  F1: 0.3544  (best ep=151)

── Fold 4/5 ──────────────────────────────
  LR   — AUC: 0.5450  AUPRC: 0.1599  Brier: 0.2394  Acc: 0.6635  F1: 0.2045
  CA3  — AUC: 0.7709  AUPRC: 0.3106  Brier: 0.1907  Acc: 0.6971  F1: 0.3368  (best ep=23)

── Fold 5/5 ──────────────────────────────
  LR   — AUC: 0.7022  AUPRC: 0.2443  Brier: 0.1816  Acc: 0.7729  F1: 0.3380
  CA3  — AUC: 0.8410  AUPRC: 0.3548  Brier: 0.1997  Acc: 0.6425  F1: 0.3273  (best ep=23)

===========================================================================
LR  —  5-Fold CV Summary
===========================================================================
  Fold      AUC-ROC      AUPRC      Brier   Accuracy         F1
  ----------------------------------------------------------
  1          0.5819     0.2390     0.2085     0.7260     0.2192
  2          0.6451     0.1585     0.2033     0.7356     0.2466
  3          0.6740     0.2577     0.1771     0.7692     0.2727
  4          0.5450     0.1599     0.2394     0.6635     0.2045
  5          0.7022     0.2443     0.1816     0.7729     0.3380
  ──────────────────────────────────────────────────────────
  Mean       0.6297     0.2119     0.2020     0.7334     0.2562
  ±Std       0.0582     0.0435     0.0223     0.0395     0.0471

===========================================================================
CrossAttn3  —  5-Fold CV Summary
===========================================================================
  Fold      AUC-ROC      AUPRC      Brier   Accuracy         F1
  ----------------------------------------------------------
  1          0.7800     0.3763     0.1551     0.8029     0.3881
  2          0.8296     0.4562     0.2372     0.5673     0.3077
  3          0.8115     0.3921     0.1639     0.7548     0.3544
  4          0.7709     0.3106     0.1907     0.6971     0.3368
  5          0.8410     0.3548     0.1997     0.6425     0.3273
  ──────────────────────────────────────────────────────────
  Mean       0.8066     0.3780     0.1893     0.6929     0.3429
  ±Std       0.0273     0.0477     0.0291     0.0828     0.0272

=================================================================
  Statistical Comparison: [LR]  vs  [CrossAttn3]
  Paired t-test + Wilcoxon signed-rank  (n=5 folds)
  Δ Mean = CrossAttn3 − LR  (양수 → CrossAttn3가 우세)
=================================================================
  Metric          Mean1    Mean2    Δ Mean   t-stat      t p-val      W p-val     
  -----------------------------------------------------------------------
  AUC-ROC        0.6297   0.8066   +0.1770  -10.296     5.02e-04     6.25e-02  ***
  AUPRC          0.2119   0.3780   +0.1661   -4.955     7.73e-03     6.25e-02   **
  Brier          0.2020   0.1893   -0.0127    0.727     5.08e-01     6.25e-01     
  Accuracy       0.7334   0.6929   -0.0405    0.860     4.38e-01     6.25e-01     
  F1             0.2562   0.3429   +0.0866   -2.811     4.83e-02     1.25e-01    *
  ───────────────────────────────────────────────────────────────────────
  *** p<0.001  ** p<0.01  * p<0.05  † p<0.10
  주의: n=5 folds — 검정력이 낮으므로 방향성(Δ) 참고 병행 권장

=================================================================
CrossAttn3 Test Evaluation  (scale_clin=False, scale_aec=False, scale_scan=True)
=================================================================

Logistic Regression — Test Set (Overall):
  AUC: 0.6236  AUPRC: 0.1591  Brier: 0.2019  Acc: 0.6846  F1: 0.2264

Logistic Regression — Test Set (By Sex):
  [M] n=98  AUC: 0.6288  AUPRC: 0.2323  Brier: 0.2234  Acc: 0.6633  F1: 0.3265
              precision    recall  f1-score   support

      Normal       0.88      0.70      0.78        82
  Sarcopenia       0.24      0.50      0.33        16

    accuracy                           0.66        98
   macro avg       0.56      0.60      0.55        98
weighted avg       0.77      0.66      0.70        98

  [F] n=162  AUC: 0.6117  AUPRC: 0.1199  Brier: 0.1889  Acc: 0.6975  F1: 0.1404
              precision    recall  f1-score   support

      Normal       0.93      0.73      0.82       150
  Sarcopenia       0.09      0.33      0.14        12

    accuracy                           0.70       162
   macro avg       0.51      0.53      0.48       162
weighted avg       0.87      0.70      0.77       162

CrossAttn3 — training final model for 23 epochs on full CV set …

CrossAttn3 — Test Set (Overall):
  AUC: 0.7492  AUPRC: 0.2158  Brier: 0.1785  Acc: 0.7500  F1: 0.3299

CrossAttn3 — Test Set (By Sex):
  [M] n=98  AUC: 0.6723  AUPRC: 0.2293  Brier: 0.2430  Acc: 0.5918  F1: 0.3750
              precision    recall  f1-score   support

      Normal       0.92      0.56      0.70        82
  Sarcopenia       0.25      0.75      0.38        16

    accuracy                           0.59        98
   macro avg       0.58      0.66      0.54        98
weighted avg       0.81      0.59      0.64        98

  [F] n=162  AUC: 0.7139  AUPRC: 0.1889  Brier: 0.1395  Acc: 0.8457  F1: 0.2424
              precision    recall  f1-score   support

      Normal       0.94      0.89      0.91       150
  Sarcopenia       0.19      0.33      0.24        12

    accuracy                           0.85       162
   macro avg       0.57      0.61      0.58       162
weighted avg       0.89      0.85      0.86       162


Saved (model 3):
  연구코드/results/0515/model_3\scale_scan/data_distribution.png
  연구코드/results/0515/model_3\scale_scan/cv_roc_curves.png
  연구코드/results/0515/model_3\scale_scan/cv_metric_distribution.png
  연구코드/results/0515/model_3\scale_scan/training_curves.png
  연구코드/results/0515/model_3\scale_scan/test_roc_curves.png
  연구코드/results/0515/model_3\scale_scan/test_roc_by_sex.png
  연구코드/results/0515/model_3\scale_scan/confusion_matrices.png
  연구코드/results/0515/model_3\scale_scan/calibration.png
  연구코드/results/0515/model_3\scale_scan/results.md

############################################################
  [M3] CASE : scale_clinic_aec  (scale_clinic=True, scale_aec=True, scale_scan=False)
############################################################
=================================================================
5-Fold CV  [CrossAttn3 | scale_clin=True, scale_aec=True, scale_scan=False]
=================================================================

── Fold 1/5 ──────────────────────────────
  LR   — AUC: 0.7192  AUPRC: 0.2735  Brier: 0.1696  Acc: 0.7596  F1: 0.3590
  CA3  — AUC: 0.8059  AUPRC: 0.4094  Brier: 0.2096  Acc: 0.6827  F1: 0.3774  (best ep=20)

── Fold 2/5 ──────────────────────────────
  LR   — AUC: 0.8428  AUPRC: 0.3645  Brier: 0.1893  Acc: 0.7115  F1: 0.3750
  CA3  — AUC: 0.8961  AUPRC: 0.6136  Brier: 0.1542  Acc: 0.7596  F1: 0.4318  (best ep=17)

── Fold 3/5 ──────────────────────────────
  LR   — AUC: 0.7608  AUPRC: 0.3589  Brier: 0.1603  Acc: 0.7644  F1: 0.3288
  CA3  — AUC: 0.8134  AUPRC: 0.4522  Brier: 0.1091  Acc: 0.8413  F1: 0.4407  (best ep=18)

── Fold 4/5 ──────────────────────────────
  LR   — AUC: 0.7340  AUPRC: 0.2553  Brier: 0.1971  Acc: 0.6875  F1: 0.3434
  CA3  — AUC: 0.7523  AUPRC: 0.2997  Brier: 0.2362  Acc: 0.6442  F1: 0.3273  (best ep=4)

── Fold 5/5 ──────────────────────────────
  LR   — AUC: 0.7968  AUPRC: 0.2901  Brier: 0.1750  Acc: 0.7343  F1: 0.3529
  CA3  — AUC: 0.8457  AUPRC: 0.3176  Brier: 0.0972  Acc: 0.8744  F1: 0.1875  (best ep=4)

===========================================================================
LR  —  5-Fold CV Summary
===========================================================================
  Fold      AUC-ROC      AUPRC      Brier   Accuracy         F1
  ----------------------------------------------------------
  1          0.7192     0.2735     0.1696     0.7596     0.3590
  2          0.8428     0.3645     0.1893     0.7115     0.3750
  3          0.7608     0.3589     0.1603     0.7644     0.3288
  4          0.7340     0.2553     0.1971     0.6875     0.3434
  5          0.7968     0.2901     0.1750     0.7343     0.3529
  ──────────────────────────────────────────────────────────
  Mean       0.7707     0.3085     0.1783     0.7315     0.3518
  ±Std       0.0447     0.0449     0.0133     0.0290     0.0154

===========================================================================
CrossAttn3  —  5-Fold CV Summary
===========================================================================
  Fold      AUC-ROC      AUPRC      Brier   Accuracy         F1
  ----------------------------------------------------------
  1          0.8059     0.4094     0.2096     0.6827     0.3774
  2          0.8961     0.6136     0.1542     0.7596     0.4318
  3          0.8134     0.4522     0.1091     0.8413     0.4407
  4          0.7523     0.2997     0.2362     0.6442     0.3273
  5          0.8457     0.3176     0.0972     0.8744     0.1875
  ──────────────────────────────────────────────────────────
  Mean       0.8227     0.4185     0.1613     0.7605     0.3529
  ±Std       0.0474     0.1128     0.0545     0.0884     0.0922

=================================================================
  Statistical Comparison: [LR]  vs  [CrossAttn3]
  Paired t-test + Wilcoxon signed-rank  (n=5 folds)
  Δ Mean = CrossAttn3 − LR  (양수 → CrossAttn3가 우세)
=================================================================
  Metric          Mean1    Mean2    Δ Mean   t-stat      t p-val      W p-val     
  -----------------------------------------------------------------------
  AUC-ROC        0.7707   0.8227   +0.0520   -4.795     8.68e-03     6.25e-02   **
  AUPRC          0.3085   0.4185   +0.1100   -2.776     5.00e-02     6.25e-02    †
  Brier          0.1783   0.1613   -0.0170    0.706     5.19e-01     6.25e-01     
  Accuracy       0.7315   0.7605   +0.0290   -0.731     5.05e-01     4.38e-01     
  F1             0.3518   0.3529   +0.0011   -0.024     9.82e-01     8.12e-01     
  ───────────────────────────────────────────────────────────────────────
  *** p<0.001  ** p<0.01  * p<0.05  † p<0.10
  주의: n=5 folds — 검정력이 낮으므로 방향성(Δ) 참고 병행 권장

=================================================================
CrossAttn3 Test Evaluation  (scale_clin=True, scale_aec=True, scale_scan=False)
=================================================================

Logistic Regression — Test Set (Overall):
  AUC: 0.7597  AUPRC: 0.2572  Brier: 0.1880  Acc: 0.7154  F1: 0.3148

Logistic Regression — Test Set (By Sex):
  [M] n=98  AUC: 0.7492  AUPRC: 0.3290  Brier: 0.2491  Acc: 0.6122  F1: 0.3871
              precision    recall  f1-score   support

      Normal       0.92      0.59      0.72        82
  Sarcopenia       0.26      0.75      0.39        16

    accuracy                           0.61        98
   macro avg       0.59      0.67      0.55        98
weighted avg       0.81      0.61      0.66        98

  [F] n=162  AUC: 0.7111  AUPRC: 0.1608  Brier: 0.1510  Acc: 0.7778  F1: 0.2174
              precision    recall  f1-score   support

      Normal       0.95      0.81      0.87       150
  Sarcopenia       0.15      0.42      0.22        12

    accuracy                           0.78       162
   macro avg       0.55      0.61      0.54       162
weighted avg       0.89      0.78      0.82       162

CrossAttn3 — training final model for 17 epochs on full CV set …

CrossAttn3 — Test Set (Overall):
  AUC: 0.7503  AUPRC: 0.2393  Brier: 0.1588  Acc: 0.7885  F1: 0.3373

CrossAttn3 — Test Set (By Sex):
  [M] n=98  AUC: 0.6768  AUPRC: 0.2337  Brier: 0.2394  Acc: 0.6429  F1: 0.3636
              precision    recall  f1-score   support

      Normal       0.90      0.65      0.75        82
  Sarcopenia       0.26      0.62      0.36        16

    accuracy                           0.64        98
   macro avg       0.58      0.64      0.56        98
weighted avg       0.79      0.64      0.69        98

  [F] n=162  AUC: 0.7478  AUPRC: 0.2978  Brier: 0.1101  Acc: 0.8765  F1: 0.2857
              precision    recall  f1-score   support

      Normal       0.95      0.92      0.93       150
  Sarcopenia       0.25      0.33      0.29        12

    accuracy                           0.88       162
   macro avg       0.60      0.63      0.61       162
weighted avg       0.89      0.88      0.88       162


Saved (model 3):
  연구코드/results/0515/model_3\scale_clinic_aec/data_distribution.png
  연구코드/results/0515/model_3\scale_clinic_aec/cv_roc_curves.png
  연구코드/results/0515/model_3\scale_clinic_aec/cv_metric_distribution.png
  연구코드/results/0515/model_3\scale_clinic_aec/training_curves.png
  연구코드/results/0515/model_3\scale_clinic_aec/test_roc_curves.png
  연구코드/results/0515/model_3\scale_clinic_aec/test_roc_by_sex.png
  연구코드/results/0515/model_3\scale_clinic_aec/confusion_matrices.png
  연구코드/results/0515/model_3\scale_clinic_aec/calibration.png
  연구코드/results/0515/model_3\scale_clinic_aec/results.md

############################################################
  [M3] CASE : scale_clinic_scan  (scale_clinic=True, scale_aec=False, scale_scan=True)
############################################################
=================================================================
5-Fold CV  [CrossAttn3 | scale_clin=True, scale_aec=False, scale_scan=True]
=================================================================

── Fold 1/5 ──────────────────────────────
  LR   — AUC: 0.5920  AUPRC: 0.2248  Brier: 0.2001  Acc: 0.7115  F1: 0.1892
  CA3  — AUC: 0.8118  AUPRC: 0.3479  Brier: 0.2142  Acc: 0.6971  F1: 0.3762  (best ep=2)

── Fold 2/5 ──────────────────────────────
  LR   — AUC: 0.6926  AUPRC: 0.1910  Brier: 0.1836  Acc: 0.7740  F1: 0.3380
  CA3  — AUC: 0.8823  AUPRC: 0.4864  Brier: 0.1380  Acc: 0.7837  F1: 0.4578  (best ep=8)

── Fold 3/5 ──────────────────────────────
  LR   — AUC: 0.6219  AUPRC: 0.1698  Brier: 0.1967  Acc: 0.7500  F1: 0.2121
  CA3  — AUC: 0.8188  AUPRC: 0.4586  Brier: 0.1606  Acc: 0.7837  F1: 0.4156  (best ep=43)

── Fold 4/5 ──────────────────────────────
  LR   — AUC: 0.4987  AUPRC: 0.1905  Brier: 0.2558  Acc: 0.6731  F1: 0.1707
  CA3  — AUC: 0.7511  AUPRC: 0.3668  Brier: 0.1682  Acc: 0.7692  F1: 0.3684  (best ep=21)

── Fold 5/5 ──────────────────────────────
  LR   — AUC: 0.6671  AUPRC: 0.2267  Brier: 0.1795  Acc: 0.7681  F1: 0.3514
  CA3  — AUC: 0.8278  AUPRC: 0.4300  Brier: 0.1783  Acc: 0.7198  F1: 0.3830  (best ep=6)

===========================================================================
LR  —  5-Fold CV Summary
===========================================================================
  Fold      AUC-ROC      AUPRC      Brier   Accuracy         F1
  ----------------------------------------------------------
  1          0.5920     0.2248     0.2001     0.7115     0.1892
  2          0.6926     0.1910     0.1836     0.7740     0.3380
  3          0.6219     0.1698     0.1967     0.7500     0.2121
  4          0.4987     0.1905     0.2558     0.6731     0.1707
  5          0.6671     0.2267     0.1795     0.7681     0.3514
  ──────────────────────────────────────────────────────────
  Mean       0.6144     0.2006     0.2031     0.7354     0.2523
  ±Std       0.0676     0.0220     0.0274     0.0380     0.0767

===========================================================================
CrossAttn3  —  5-Fold CV Summary
===========================================================================
  Fold      AUC-ROC      AUPRC      Brier   Accuracy         F1
  ----------------------------------------------------------
  1          0.8118     0.3479     0.2142     0.6971     0.3762
  2          0.8823     0.4864     0.1380     0.7837     0.4578
  3          0.8188     0.4586     0.1606     0.7837     0.4156
  4          0.7511     0.3668     0.1682     0.7692     0.3684
  5          0.8278     0.4300     0.1783     0.7198     0.3830
  ──────────────────────────────────────────────────────────
  Mean       0.8183     0.4179     0.1718     0.7507     0.4002
  ±Std       0.0418     0.0529     0.0250     0.0356     0.0330

=================================================================
  Statistical Comparison: [LR]  vs  [CrossAttn3]
  Paired t-test + Wilcoxon signed-rank  (n=5 folds)
  Δ Mean = CrossAttn3 − LR  (양수 → CrossAttn3가 우세)
=================================================================
  Metric          Mean1    Mean2    Δ Mean   t-stat      t p-val      W p-val     
  -----------------------------------------------------------------------
  AUC-ROC        0.6144   0.8183   +0.2039  -13.268     1.86e-04     6.25e-02  ***
  AUPRC          0.2006   0.4179   +0.2174   -6.557     2.80e-03     6.25e-02   **
  Brier          0.2031   0.1718   -0.0313    1.754     1.54e-01     1.88e-01     
  Accuracy       0.7354   0.7507   +0.0153   -0.630     5.63e-01     8.12e-01     
  F1             0.2523   0.4002   +0.1479   -4.521     1.06e-02     6.25e-02    *
  ───────────────────────────────────────────────────────────────────────
  *** p<0.001  ** p<0.01  * p<0.05  † p<0.10
  주의: n=5 folds — 검정력이 낮으므로 방향성(Δ) 참고 병행 권장

=================================================================
CrossAttn3 Test Evaluation  (scale_clin=True, scale_aec=False, scale_scan=True)
=================================================================

Logistic Regression — Test Set (Overall):
  AUC: 0.5914  AUPRC: 0.1471  Brier: 0.1951  Acc: 0.7500  F1: 0.2529

Logistic Regression — Test Set (By Sex):
  [M] n=98  AUC: 0.5831  AUPRC: 0.1982  Brier: 0.2341  Acc: 0.6735  F1: 0.3333
              precision    recall  f1-score   support

      Normal       0.88      0.71      0.78        82
  Sarcopenia       0.25      0.50      0.33        16

    accuracy                           0.67        98
   macro avg       0.56      0.60      0.56        98
weighted avg       0.78      0.67      0.71        98

  [F] n=162  AUC: 0.5494  AUPRC: 0.1105  Brier: 0.1716  Acc: 0.7963  F1: 0.1538
              precision    recall  f1-score   support

      Normal       0.93      0.84      0.88       150
  Sarcopenia       0.11      0.25      0.15        12

    accuracy                           0.80       162
   macro avg       0.52      0.54      0.52       162
weighted avg       0.87      0.80      0.83       162

CrossAttn3 — training final model for 8 epochs on full CV set …

CrossAttn3 — Test Set (Overall):
  AUC: 0.7606  AUPRC: 0.2505  Brier: 0.1634  Acc: 0.7885  F1: 0.3678

CrossAttn3 — Test Set (By Sex):
  [M] n=98  AUC: 0.7081  AUPRC: 0.2704  Brier: 0.2427  Acc: 0.6122  F1: 0.3871
              precision    recall  f1-score   support

      Normal       0.92      0.59      0.72        82
  Sarcopenia       0.26      0.75      0.39        16

    accuracy                           0.61        98
   macro avg       0.59      0.67      0.55        98
weighted avg       0.81      0.61      0.66        98

  [F] n=162  AUC: 0.7278  AUPRC: 0.2633  Brier: 0.1155  Acc: 0.8951  F1: 0.3200
              precision    recall  f1-score   support

      Normal       0.95      0.94      0.94       150
  Sarcopenia       0.31      0.33      0.32        12

    accuracy                           0.90       162
   macro avg       0.63      0.64      0.63       162
weighted avg       0.90      0.90      0.90       162


Saved (model 3):
  연구코드/results/0515/model_3\scale_clinic_scan/data_distribution.png
  연구코드/results/0515/model_3\scale_clinic_scan/cv_roc_curves.png
  연구코드/results/0515/model_3\scale_clinic_scan/cv_metric_distribution.png
  연구코드/results/0515/model_3\scale_clinic_scan/training_curves.png
  연구코드/results/0515/model_3\scale_clinic_scan/test_roc_curves.png
  연구코드/results/0515/model_3\scale_clinic_scan/test_roc_by_sex.png
  연구코드/results/0515/model_3\scale_clinic_scan/confusion_matrices.png
  연구코드/results/0515/model_3\scale_clinic_scan/calibration.png
  연구코드/results/0515/model_3\scale_clinic_scan/results.md

############################################################
  [M3] CASE : scale_aec_scan  (scale_clinic=False, scale_aec=True, scale_scan=True)
############################################################
=================================================================
5-Fold CV  [CrossAttn3 | scale_clin=False, scale_aec=True, scale_scan=True]
=================================================================

── Fold 1/5 ──────────────────────────────
  LR   — AUC: 0.7184  AUPRC: 0.2737  Brier: 0.1704  Acc: 0.7596  F1: 0.3590
  CA3  — AUC: 0.7692  AUPRC: 0.3989  Brier: 0.1427  Acc: 0.7788  F1: 0.3030  (best ep=115)

── Fold 2/5 ──────────────────────────────
  LR   — AUC: 0.8449  AUPRC: 0.3689  Brier: 0.1889  Acc: 0.7115  F1: 0.3750
  CA3  — AUC: 0.8085  AUPRC: 0.4659  Brier: 0.1708  Acc: 0.7452  F1: 0.4045  (best ep=50)

── Fold 3/5 ──────────────────────────────
  LR   — AUC: 0.7572  AUPRC: 0.3563  Brier: 0.1605  Acc: 0.7596  F1: 0.3243
  CA3  — AUC: 0.7946  AUPRC: 0.4153  Brier: 0.1009  Acc: 0.8750  F1: 0.4583  (best ep=62)

── Fold 4/5 ──────────────────────────────
  LR   — AUC: 0.7311  AUPRC: 0.2494  Brier: 0.1976  Acc: 0.6971  F1: 0.3368
  CA3  — AUC: 0.7109  AUPRC: 0.2989  Brier: 0.2171  Acc: 0.6346  F1: 0.2549  (best ep=30)

── Fold 5/5 ──────────────────────────────
  LR   — AUC: 0.7934  AUPRC: 0.2841  Brier: 0.1762  Acc: 0.7295  F1: 0.3488
  CA3  — AUC: 0.8408  AUPRC: 0.3028  Brier: 0.1778  Acc: 0.7536  F1: 0.4000  (best ep=19)

===========================================================================
LR  —  5-Fold CV Summary
===========================================================================
  Fold      AUC-ROC      AUPRC      Brier   Accuracy         F1
  ----------------------------------------------------------
  1          0.7184     0.2737     0.1704     0.7596     0.3590
  2          0.8449     0.3689     0.1889     0.7115     0.3750
  3          0.7572     0.3563     0.1605     0.7596     0.3243
  4          0.7311     0.2494     0.1976     0.6971     0.3368
  5          0.7934     0.2841     0.1762     0.7295     0.3488
  ──────────────────────────────────────────────────────────
  Mean       0.7690     0.3065     0.1787     0.7315     0.3488
  ±Std       0.0458     0.0474     0.0132     0.0252     0.0175

===========================================================================
CrossAttn3  —  5-Fold CV Summary
===========================================================================
  Fold      AUC-ROC      AUPRC      Brier   Accuracy         F1
  ----------------------------------------------------------
  1          0.7692     0.3989     0.1427     0.7788     0.3030
  2          0.8085     0.4659     0.1708     0.7452     0.4045
  3          0.7946     0.4153     0.1009     0.8750     0.4583
  4          0.7109     0.2989     0.2171     0.6346     0.2549
  5          0.8408     0.3028     0.1778     0.7536     0.4000
  ──────────────────────────────────────────────────────────
  Mean       0.7848     0.3764     0.1618     0.7575     0.3642
  ±Std       0.0436     0.0655     0.0386     0.0768     0.0741

=================================================================
  Statistical Comparison: [LR]  vs  [CrossAttn3]
  Paired t-test + Wilcoxon signed-rank  (n=5 folds)
  Δ Mean = CrossAttn3 − LR  (양수 → CrossAttn3가 우세)
=================================================================
  Metric          Mean1    Mean2    Δ Mean   t-stat      t p-val      W p-val     
  -----------------------------------------------------------------------
  AUC-ROC        0.7690   0.7848   +0.0158   -0.862     4.38e-01     3.12e-01     
  AUPRC          0.3065   0.3764   +0.0699   -3.749     2.00e-02     6.25e-02    *
  Brier          0.1787   0.1618   -0.0169    1.257     2.77e-01     4.38e-01     
  Accuracy       0.7315   0.7575   +0.0260   -0.921     4.09e-01     4.38e-01     
  F1             0.3488   0.3642   +0.0154   -0.396     7.12e-01     1.00e+00     
  ───────────────────────────────────────────────────────────────────────
  *** p<0.001  ** p<0.01  * p<0.05  † p<0.10
  주의: n=5 folds — 검정력이 낮으므로 방향성(Δ) 참고 병행 권장

=================================================================
CrossAttn3 Test Evaluation  (scale_clin=False, scale_aec=True, scale_scan=True)
=================================================================

Logistic Regression — Test Set (Overall):
  AUC: 0.7603  AUPRC: 0.2597  Brier: 0.1883  Acc: 0.7115  F1: 0.3119

Logistic Regression — Test Set (By Sex):
  [M] n=98  AUC: 0.7508  AUPRC: 0.3299  Brier: 0.2478  Acc: 0.6122  F1: 0.3871
              precision    recall  f1-score   support

      Normal       0.92      0.59      0.72        82
  Sarcopenia       0.26      0.75      0.39        16

    accuracy                           0.61        98
   macro avg       0.59      0.67      0.55        98
weighted avg       0.81      0.61      0.66        98

  [F] n=162  AUC: 0.7111  AUPRC: 0.1610  Brier: 0.1523  Acc: 0.7716  F1: 0.2128
              precision    recall  f1-score   support

      Normal       0.94      0.80      0.87       150
  Sarcopenia       0.14      0.42      0.21        12

    accuracy                           0.77       162
   macro avg       0.54      0.61      0.54       162
weighted avg       0.89      0.77      0.82       162

CrossAttn3 — training final model for 50 epochs on full CV set …

CrossAttn3 — Test Set (Overall):
  AUC: 0.7040  AUPRC: 0.2031  Brier: 0.1556  Acc: 0.7885  F1: 0.2857

CrossAttn3 — Test Set (By Sex):
  [M] n=98  AUC: 0.6319  AUPRC: 0.2116  Brier: 0.2383  Acc: 0.6224  F1: 0.3019
              precision    recall  f1-score   support

      Normal       0.87      0.65      0.74        82
  Sarcopenia       0.22      0.50      0.30        16

    accuracy                           0.62        98
   macro avg       0.54      0.57      0.52        98
weighted avg       0.76      0.62      0.67        98

  [F] n=162  AUC: 0.6767  AUPRC: 0.2376  Brier: 0.1055  Acc: 0.8889  F1: 0.2500
              precision    recall  f1-score   support

      Normal       0.94      0.94      0.94       150
  Sarcopenia       0.25      0.25      0.25        12

    accuracy                           0.89       162
   macro avg       0.59      0.59      0.59       162
weighted avg       0.89      0.89      0.89       162


Saved (model 3):
  연구코드/results/0515/model_3\scale_aec_scan/data_distribution.png
  연구코드/results/0515/model_3\scale_aec_scan/cv_roc_curves.png
  연구코드/results/0515/model_3\scale_aec_scan/cv_metric_distribution.png
  연구코드/results/0515/model_3\scale_aec_scan/training_curves.png
  연구코드/results/0515/model_3\scale_aec_scan/test_roc_curves.png
  연구코드/results/0515/model_3\scale_aec_scan/test_roc_by_sex.png
  연구코드/results/0515/model_3\scale_aec_scan/confusion_matrices.png
  연구코드/results/0515/model_3\scale_aec_scan/calibration.png
  연구코드/results/0515/model_3\scale_aec_scan/results.md

############################################################
  [M3] CASE : scale_all  (scale_clinic=True, scale_aec=True, scale_scan=True)
############################################################
=================================================================
5-Fold CV  [CrossAttn3 | scale_clin=True, scale_aec=True, scale_scan=True]
=================================================================

── Fold 1/5 ──────────────────────────────
  LR   — AUC: 0.7187  AUPRC: 0.2731  Brier: 0.1699  Acc: 0.7596  F1: 0.3590
  CA3  — AUC: 0.8223  AUPRC: 0.3670  Brier: 0.1410  Acc: 0.7933  F1: 0.4110  (best ep=29)

── Fold 2/5 ──────────────────────────────
  LR   — AUC: 0.8425  AUPRC: 0.3649  Brier: 0.1892  Acc: 0.7115  F1: 0.3750
  CA3  — AUC: 0.8999  AUPRC: 0.5538  Brier: 0.1529  Acc: 0.7933  F1: 0.4691  (best ep=6)

── Fold 3/5 ──────────────────────────────
  LR   — AUC: 0.7584  AUPRC: 0.3353  Brier: 0.1613  Acc: 0.7596  F1: 0.3243
  CA3  — AUC: 0.8150  AUPRC: 0.4247  Brier: 0.1244  Acc: 0.8558  F1: 0.5000  (best ep=13)

── Fold 4/5 ──────────────────────────────
  LR   — AUC: 0.7314  AUPRC: 0.2507  Brier: 0.1974  Acc: 0.7019  F1: 0.3542
  CA3  — AUC: 0.7469  AUPRC: 0.3758  Brier: 0.2221  Acc: 0.6442  F1: 0.3019  (best ep=5)

── Fold 5/5 ──────────────────────────────
  LR   — AUC: 0.7939  AUPRC: 0.2862  Brier: 0.1764  Acc: 0.7246  F1: 0.3448
  CA3  — AUC: 0.7870  AUPRC: 0.3152  Brier: 0.2054  Acc: 0.6329  F1: 0.3091  (best ep=19)

===========================================================================
LR  —  5-Fold CV Summary
===========================================================================
  Fold      AUC-ROC      AUPRC      Brier   Accuracy         F1
  ----------------------------------------------------------
  1          0.7187     0.2731     0.1699     0.7596     0.3590
  2          0.8425     0.3649     0.1892     0.7115     0.3750
  3          0.7584     0.3353     0.1613     0.7596     0.3243
  4          0.7314     0.2507     0.1974     0.7019     0.3542
  5          0.7939     0.2862     0.1764     0.7246     0.3448
  ──────────────────────────────────────────────────────────
  Mean       0.7690     0.3020     0.1788     0.7315     0.3515
  ±Std       0.0449     0.0419     0.0130     0.0241     0.0167

===========================================================================
CrossAttn3  —  5-Fold CV Summary
===========================================================================
  Fold      AUC-ROC      AUPRC      Brier   Accuracy         F1
  ----------------------------------------------------------
  1          0.8223     0.3670     0.1410     0.7933     0.4110
  2          0.8999     0.5538     0.1529     0.7933     0.4691
  3          0.8150     0.4247     0.1244     0.8558     0.5000
  4          0.7469     0.3758     0.2221     0.6442     0.3019
  5          0.7870     0.3152     0.2054     0.6329     0.3091
  ──────────────────────────────────────────────────────────
  Mean       0.8142     0.4073     0.1691     0.7439     0.3982
  ±Std       0.0504     0.0811     0.0379     0.0891     0.0810

=================================================================
  Statistical Comparison: [LR]  vs  [CrossAttn3]
  Paired t-test + Wilcoxon signed-rank  (n=5 folds)
  Δ Mean = CrossAttn3 − LR  (양수 → CrossAttn3가 우세)
=================================================================
  Metric          Mean1    Mean2    Δ Mean   t-stat      t p-val      W p-val     
  -----------------------------------------------------------------------
  AUC-ROC        0.7690   0.8142   +0.0453   -2.371     7.68e-02     1.25e-01    †
  AUPRC          0.3020   0.4073   +0.1053   -4.039     1.56e-02     6.25e-02    *
  Brier          0.1788   0.1691   -0.0097    0.646     5.54e-01     4.38e-01     
  Accuracy       0.7315   0.7439   +0.0124   -0.331     7.57e-01     8.12e-01     
  F1             0.3515   0.3982   +0.0468   -1.110     3.29e-01     4.38e-01     
  ───────────────────────────────────────────────────────────────────────
  *** p<0.001  ** p<0.01  * p<0.05  † p<0.10
  주의: n=5 folds — 검정력이 낮으므로 방향성(Δ) 참고 병행 권장

=================================================================
CrossAttn3 Test Evaluation  (scale_clin=True, scale_aec=True, scale_scan=True)
=================================================================

Logistic Regression — Test Set (Overall):
  AUC: 0.7599  AUPRC: 0.2574  Brier: 0.1884  Acc: 0.7115  F1: 0.3119

Logistic Regression — Test Set (By Sex):
  [M] n=98  AUC: 0.7477  AUPRC: 0.3256  Brier: 0.2496  Acc: 0.6122  F1: 0.3871
              precision    recall  f1-score   support

      Normal       0.92      0.59      0.72        82
  Sarcopenia       0.26      0.75      0.39        16

    accuracy                           0.61        98
   macro avg       0.59      0.67      0.55        98
weighted avg       0.81      0.61      0.66        98

  [F] n=162  AUC: 0.7111  AUPRC: 0.1610  Brier: 0.1514  Acc: 0.7716  F1: 0.2128
              precision    recall  f1-score   support

      Normal       0.94      0.80      0.87       150
  Sarcopenia       0.14      0.42      0.21        12

    accuracy                           0.77       162
   macro avg       0.54      0.61      0.54       162
weighted avg       0.89      0.77      0.82       162

CrossAttn3 — training final model for 13 epochs on full CV set …

CrossAttn3 — Test Set (Overall):
  AUC: 0.7263  AUPRC: 0.2262  Brier: 0.1654  Acc: 0.7654  F1: 0.2651

CrossAttn3 — Test Set (By Sex):
  [M] n=98  AUC: 0.6715  AUPRC: 0.2476  Brier: 0.2534  Acc: 0.5918  F1: 0.3103
              precision    recall  f1-score   support

      Normal       0.88      0.60      0.71        82
  Sarcopenia       0.21      0.56      0.31        16

    accuracy                           0.59        98
   macro avg       0.54      0.58      0.51        98
weighted avg       0.77      0.59      0.64        98

  [F] n=162  AUC: 0.6928  AUPRC: 0.2359  Brier: 0.1122  Acc: 0.8704  F1: 0.1600
              precision    recall  f1-score   support

      Normal       0.93      0.93      0.93       150
  Sarcopenia       0.15      0.17      0.16        12

    accuracy                           0.87       162
   macro avg       0.54      0.55      0.54       162
weighted avg       0.88      0.87      0.87       162


Saved (model 3):
  연구코드/results/0515/model_3\scale_all/data_distribution.png
  연구코드/results/0515/model_3\scale_all/cv_roc_curves.png
  연구코드/results/0515/model_3\scale_all/cv_metric_distribution.png
  연구코드/results/0515/model_3\scale_all/training_curves.png
  연구코드/results/0515/model_3\scale_all/test_roc_curves.png
  연구코드/results/0515/model_3\scale_all/test_roc_by_sex.png
  연구코드/results/0515/model_3\scale_all/confusion_matrices.png
  연구코드/results/0515/model_3\scale_all/calibration.png
  연구코드/results/0515/model_3\scale_all/results.md
