============================================================
  MODEL 2 — Clinic + AEC (aec128)  (5 AEC variants)
============================================================

############################################################
  [M2 len128]  (scale_clinic=True, scale_aec=True)
############################################################
  [M2/len128] Cross-validating CrossAttn ...
=======================================================
5-Fold CV  [CrossAttn | scale_clin=True, scale_aec=True]
=======================================================

── Fold 1/5 ──────────────────────────────
  CA   — AUC: 0.8202  AUPRC: 0.3912  Brier: 0.1324  Acc: 0.7541  F1: 0.4156  (best ep=10, thresh=0.396)

── Fold 2/5 ──────────────────────────────
  CA   — AUC: 0.8655  AUPRC: 0.5743  Brier: 0.2193  Acc: 0.8962  F1: 0.5957  (best ep=4, thresh=0.693)

── Fold 3/5 ──────────────────────────────
  CA   — AUC: 0.7699  AUPRC: 0.3574  Brier: 0.2328  Acc: 0.7596  F1: 0.3714  (best ep=4, thresh=0.685)

── Fold 4/5 ──────────────────────────────
  CA   — AUC: 0.7994  AUPRC: 0.3266  Brier: 0.1607  Acc: 0.6831  F1: 0.3696  (best ep=3, thresh=0.370)

── Fold 5/5 ──────────────────────────────
  CA   — AUC: 0.8189  AUPRC: 0.3870  Brier: 0.1666  Acc: 0.7418  F1: 0.4051  (best ep=2, thresh=0.469)

===========================================================================
CrossAttn  —  5-Fold CV Summary
===========================================================================
  Fold      AUC-ROC      AUPRC      Brier   Accuracy         F1
  ----------------------------------------------------------
  1          0.8202     0.3912     0.1324     0.7541     0.4156
  2          0.8655     0.5743     0.2193     0.8962     0.5957
  3          0.7699     0.3574     0.2328     0.7596     0.3714
  4          0.7994     0.3266     0.1607     0.6831     0.3696
  5          0.8189     0.3870     0.1666     0.7418     0.4051
  ──────────────────────────────────────────────────────────
  Mean       0.8148     0.4073     0.1824     0.7669     0.4315
  ±Std       0.0312     0.0867     0.0377     0.0701     0.0841
  [M2/len128] Evaluating on test set (med_epoch=4, thresh=0.469) ...

=======================================================
CrossAttn Test Evaluation  (scale_clin=True, scale_aec=True, threshold=0.469)
=======================================================
CrossAttn — training final model for 4 epochs on full CV set …

CrossAttn — Test Set (Overall):
  AUC: 0.7974  AUPRC: 0.3049  Brier: 0.1501  Acc: 0.7380  F1: 0.3478

CrossAttn — Test Set (By Sex):
  [M] n=82  AUC: 0.7179  AUPRC: 0.3397  Brier: 0.2037  Acc: 0.6585  F1: 0.4167
              precision    recall  f1-score   support

      Normal       0.94      0.64      0.76        69
  Sarcopenia       0.29      0.77      0.42        13

    accuracy                           0.66        82
   macro avg       0.61      0.70      0.59        82
weighted avg       0.83      0.66      0.70        82

  [F] n=147  AUC: 0.8476  AUPRC: 0.3314  Brier: 0.1202  Acc: 0.7823  F1: 0.2727
              precision    recall  f1-score   support

      Normal       0.96      0.80      0.87       136
  Sarcopenia       0.18      0.55      0.27        11

    accuracy                           0.78       147
   macro avg       0.57      0.67      0.57       147
weighted avg       0.90      0.78      0.83       147


───────────────────────────────────────────────────────
Test Set — Bootstrap CI
───────────────────────────────────────────────────────

  Bootstrap 95% CI — CrossAttn  (n_boot=2000)
  Metric         Estimate   95% CI Lower   95% CI Upper
  ----------------------------------------------------
  AUC-ROC          0.7974         0.7017         0.8772
  AUPRC            0.3049         0.1823         0.4791
  Brier            0.1501         0.1274         0.1726
  Accuracy         0.7380         0.6812         0.7905
  F1               0.3478         0.2222         0.4731
  [M2/len128] Saving figures ...

Saved (model 2 (len128)):
  연구코드/results/0529/liver_pubis/model_2\len128/data_distribution.png
  연구코드/results/0529/liver_pubis/model_2\len128/cv_roc_curves.png
  연구코드/results/0529/liver_pubis/model_2\len128/cv_metric_distribution.png
  연구코드/results/0529/liver_pubis/model_2\len128/training_curves.png
  연구코드/results/0529/liver_pubis/model_2\len128/test_roc_curves.png
  연구코드/results/0529/liver_pubis/model_2\len128/test_roc_by_sex.png
  연구코드/results/0529/liver_pubis/model_2\len128/confusion_matrices.png
  연구코드/results/0529/liver_pubis/model_2\len128/calibration.png
  연구코드/results/0529/liver_pubis/model_2\len128/results.md
  [M2/len128] Plotting attention maps ...
  연구코드/results/0529/liver_pubis/model_2\len128/attention_map_c2a.png
  연구코드/results/0529/liver_pubis/model_2\len128/attention_heatmap_c2a.png
  연구코드/results/0529/liver_pubis/model_2\len128/attention_map_a2c.png
  연구코드/results/0529/liver_pubis/model_2\len128/attention_heatmap_a2c.png
  [M2/len128] Plotting Grad-CAM ...
  연구코드/results/0529/liver_pubis/model_2\len128/cam_aec_mean.png
  연구코드/results/0529/liver_pubis/model_2\len128/cam_aec_lines.png
  연구코드/results/0529/liver_pubis/model_2\len128/cam_aec_heatmap.png
  [M2/len128] Done.

############################################################
  [M2 norm]  (scale_clinic=True, scale_aec=True)
############################################################
  [M2/norm] Cross-validating CrossAttn ...
=======================================================
5-Fold CV  [CrossAttn | scale_clin=True, scale_aec=True]
=======================================================

── Fold 1/5 ──────────────────────────────
  CA   — AUC: 0.8221  AUPRC: 0.3596  Brier: 0.1121  Acc: 0.6940  F1: 0.3778  (best ep=3, thresh=0.230)

── Fold 2/5 ──────────────────────────────
  CA   — AUC: 0.8546  AUPRC: 0.5049  Brier: 0.1913  Acc: 0.8907  F1: 0.6000  (best ep=7, thresh=0.706)

── Fold 3/5 ──────────────────────────────
  CA   — AUC: 0.7760  AUPRC: 0.3797  Brier: 0.2178  Acc: 0.7650  F1: 0.3768  (best ep=18, thresh=0.707)

── Fold 4/5 ──────────────────────────────
  CA   — AUC: 0.7920  AUPRC: 0.3793  Brier: 0.1129  Acc: 0.7486  F1: 0.4103  (best ep=75, thresh=0.326)

── Fold 5/5 ──────────────────────────────
  CA   — AUC: 0.8172  AUPRC: 0.4419  Brier: 0.1298  Acc: 0.7802  F1: 0.4444  (best ep=12, thresh=0.480)

===========================================================================
CrossAttn  —  5-Fold CV Summary
===========================================================================
  Fold      AUC-ROC      AUPRC      Brier   Accuracy         F1
  ----------------------------------------------------------
  1          0.8221     0.3596     0.1121     0.6940     0.3778
  2          0.8546     0.5049     0.1913     0.8907     0.6000
  3          0.7760     0.3797     0.2178     0.7650     0.3768
  4          0.7920     0.3793     0.1129     0.7486     0.4103
  5          0.8172     0.4419     0.1298     0.7802     0.4444
  ──────────────────────────────────────────────────────────
  Mean       0.8124     0.4131     0.1528     0.7757     0.4419
  ±Std       0.0270     0.0536     0.0436     0.0645     0.0829
  [M2/norm] Evaluating on test set (med_epoch=12, thresh=0.480) ...

=======================================================
CrossAttn Test Evaluation  (scale_clin=True, scale_aec=True, threshold=0.480)
=======================================================
CrossAttn — training final model for 12 epochs on full CV set …

CrossAttn — Test Set (Overall):
  AUC: 0.8118  AUPRC: 0.2994  Brier: 0.1985  Acc: 0.6681  F1: 0.3770

CrossAttn — Test Set (By Sex):
  [M] n=82  AUC: 0.7046  AUPRC: 0.3192  Brier: 0.2537  Acc: 0.6585  F1: 0.4615
              precision    recall  f1-score   support

      Normal       0.98      0.61      0.75        69
  Sarcopenia       0.31      0.92      0.46        13

    accuracy                           0.66        82
   macro avg       0.64      0.77      0.61        82
weighted avg       0.87      0.66      0.70        82

  [F] n=147  AUC: 0.8583  AUPRC: 0.3796  Brier: 0.1677  Acc: 0.6735  F1: 0.3143
              precision    recall  f1-score   support

      Normal       1.00      0.65      0.79       136
  Sarcopenia       0.19      1.00      0.31        11

    accuracy                           0.67       147
   macro avg       0.59      0.82      0.55       147
weighted avg       0.94      0.67      0.75       147


───────────────────────────────────────────────────────
Test Set — Bootstrap CI
───────────────────────────────────────────────────────

  Bootstrap 95% CI — CrossAttn  (n_boot=2000)
  Metric         Estimate   95% CI Lower   95% CI Upper
  ----------------------------------------------------
  AUC-ROC          0.8118         0.7353         0.8783
  AUPRC            0.2994         0.1767         0.4761
  Brier            0.1985         0.1678         0.2287
  Accuracy         0.6681         0.6070         0.7294
  F1               0.3770         0.2615         0.4898
  [M2/norm] Saving figures ...

Saved (model 2 (norm)):
  연구코드/results/0529/liver_pubis/model_2\norm/data_distribution.png
  연구코드/results/0529/liver_pubis/model_2\norm/cv_roc_curves.png
  연구코드/results/0529/liver_pubis/model_2\norm/cv_metric_distribution.png
  연구코드/results/0529/liver_pubis/model_2\norm/training_curves.png
  연구코드/results/0529/liver_pubis/model_2\norm/test_roc_curves.png
  연구코드/results/0529/liver_pubis/model_2\norm/test_roc_by_sex.png
  연구코드/results/0529/liver_pubis/model_2\norm/confusion_matrices.png
  연구코드/results/0529/liver_pubis/model_2\norm/calibration.png
  연구코드/results/0529/liver_pubis/model_2\norm/results.md
  [M2/norm] Plotting attention maps ...
  연구코드/results/0529/liver_pubis/model_2\norm/attention_map_c2a.png
  연구코드/results/0529/liver_pubis/model_2\norm/attention_heatmap_c2a.png
  연구코드/results/0529/liver_pubis/model_2\norm/attention_map_a2c.png
  연구코드/results/0529/liver_pubis/model_2\norm/attention_heatmap_a2c.png
  [M2/norm] Plotting Grad-CAM ...
  연구코드/results/0529/liver_pubis/model_2\norm/cam_aec_mean.png
  연구코드/results/0529/liver_pubis/model_2\norm/cam_aec_lines.png
  연구코드/results/0529/liver_pubis/model_2\norm/cam_aec_heatmap.png
  [M2/norm] Done.

############################################################
  [M2 crop80]  (scale_clinic=True, scale_aec=True)
############################################################
  [M2/crop80] Cross-validating CrossAttn ...
=======================================================
5-Fold CV  [CrossAttn | scale_clin=True, scale_aec=True]
=======================================================

── Fold 1/5 ──────────────────────────────
  CA   — AUC: 0.8328  AUPRC: 0.3856  Brier: 0.2408  Acc: 0.7104  F1: 0.3908  (best ep=7, thresh=0.612)

── Fold 2/5 ──────────────────────────────
  CA   — AUC: 0.8492  AUPRC: 0.4062  Brier: 0.1318  Acc: 0.7760  F1: 0.4384  (best ep=82, thresh=0.415)

── Fold 3/5 ──────────────────────────────
  CA   — AUC: 0.7879  AUPRC: 0.3169  Brier: 0.2055  Acc: 0.8087  F1: 0.4262  (best ep=49, thresh=0.716)

── Fold 4/5 ──────────────────────────────
  CA   — AUC: 0.8071  AUPRC: 0.3103  Brier: 0.1234  Acc: 0.7596  F1: 0.4211  (best ep=72, thresh=0.358)

── Fold 5/5 ──────────────────────────────
  CA   — AUC: 0.8276  AUPRC: 0.4171  Brier: 0.1771  Acc: 0.8516  F1: 0.5263  (best ep=9, thresh=0.682)

===========================================================================
CrossAttn  —  5-Fold CV Summary
===========================================================================
  Fold      AUC-ROC      AUPRC      Brier   Accuracy         F1
  ----------------------------------------------------------
  1          0.8328     0.3856     0.2408     0.7104     0.3908
  2          0.8492     0.4062     0.1318     0.7760     0.4384
  3          0.7879     0.3169     0.2055     0.8087     0.4262
  4          0.8071     0.3103     0.1234     0.7596     0.4211
  5          0.8276     0.4171     0.1771     0.8516     0.5263
  ──────────────────────────────────────────────────────────
  Mean       0.8209     0.3672     0.1757     0.7813     0.4406
  ±Std       0.0213     0.0450     0.0443     0.0474     0.0457
  [M2/crop80] Evaluating on test set (med_epoch=49, thresh=0.612) ...

=======================================================
CrossAttn Test Evaluation  (scale_clin=True, scale_aec=True, threshold=0.612)
=======================================================
CrossAttn — training final model for 49 epochs on full CV set …

CrossAttn — Test Set (Overall):
  AUC: 0.8041  AUPRC: 0.3638  Brier: 0.2134  Acc: 0.7380  F1: 0.3750

CrossAttn — Test Set (By Sex):
  [M] n=82  AUC: 0.7258  AUPRC: 0.3727  Brier: 0.3096  Acc: 0.5976  F1: 0.4000
              precision    recall  f1-score   support

      Normal       0.95      0.55      0.70        69
  Sarcopenia       0.26      0.85      0.40        13

    accuracy                           0.60        82
   macro avg       0.61      0.70      0.55        82
weighted avg       0.84      0.60      0.65        82

  [F] n=147  AUC: 0.8656  AUPRC: 0.3976  Brier: 0.1597  Acc: 0.8163  F1: 0.3415
              precision    recall  f1-score   support

      Normal       0.97      0.83      0.89       136
  Sarcopenia       0.23      0.64      0.34        11

    accuracy                           0.82       147
   macro avg       0.60      0.73      0.62       147
weighted avg       0.91      0.82      0.85       147


───────────────────────────────────────────────────────
Test Set — Bootstrap CI
───────────────────────────────────────────────────────

  Bootstrap 95% CI — CrossAttn  (n_boot=2000)
  Metric         Estimate   95% CI Lower   95% CI Upper
  ----------------------------------------------------
  AUC-ROC          0.8041         0.7097         0.8909
  AUPRC            0.3638         0.2067         0.5550
  Brier            0.2134         0.1761         0.2497
  Accuracy         0.7380         0.6856         0.7948
  F1               0.3750         0.2500         0.4950
  [M2/crop80] Saving figures ...

Saved (model 2 (crop80)):
  연구코드/results/0529/liver_pubis/model_2\crop80/data_distribution.png
  연구코드/results/0529/liver_pubis/model_2\crop80/cv_roc_curves.png
  연구코드/results/0529/liver_pubis/model_2\crop80/cv_metric_distribution.png
  연구코드/results/0529/liver_pubis/model_2\crop80/training_curves.png
  연구코드/results/0529/liver_pubis/model_2\crop80/test_roc_curves.png
  연구코드/results/0529/liver_pubis/model_2\crop80/test_roc_by_sex.png
  연구코드/results/0529/liver_pubis/model_2\crop80/confusion_matrices.png
  연구코드/results/0529/liver_pubis/model_2\crop80/calibration.png
  연구코드/results/0529/liver_pubis/model_2\crop80/results.md
  [M2/crop80] Plotting attention maps ...
  연구코드/results/0529/liver_pubis/model_2\crop80/attention_map_c2a.png
  연구코드/results/0529/liver_pubis/model_2\crop80/attention_heatmap_c2a.png
  연구코드/results/0529/liver_pubis/model_2\crop80/attention_map_a2c.png
  연구코드/results/0529/liver_pubis/model_2\crop80/attention_heatmap_a2c.png
  [M2/crop80] Plotting Grad-CAM ...
  연구코드/results/0529/liver_pubis/model_2\crop80/cam_aec_mean.png
  연구코드/results/0529/liver_pubis/model_2\crop80/cam_aec_lines.png
  연구코드/results/0529/liver_pubis/model_2\crop80/cam_aec_heatmap.png
  [M2/crop80] Done.

############################################################
  [M2 crop60]  (scale_clinic=True, scale_aec=True)
############################################################
  [M2/crop60] Cross-validating CrossAttn ...
=======================================================
5-Fold CV  [CrossAttn | scale_clin=True, scale_aec=True]
=======================================================

── Fold 1/5 ──────────────────────────────
  CA   — AUC: 0.8325  AUPRC: 0.3784  Brier: 0.2105  Acc: 0.7322  F1: 0.4096  (best ep=6, thresh=0.541)

── Fold 2/5 ──────────────────────────────
  CA   — AUC: 0.8521  AUPRC: 0.5617  Brier: 0.1655  Acc: 0.9071  F1: 0.6222  (best ep=12, thresh=0.698)

── Fold 3/5 ──────────────────────────────
  CA   — AUC: 0.7734  AUPRC: 0.2795  Brier: 0.2194  Acc: 0.6011  F1: 0.3178  (best ep=6, thresh=0.406)

── Fold 4/5 ──────────────────────────────
  CA   — AUC: 0.8013  AUPRC: 0.3613  Brier: 0.2029  Acc: 0.6393  F1: 0.3529  (best ep=18, thresh=0.374)

── Fold 5/5 ──────────────────────────────
  CA   — AUC: 0.8295  AUPRC: 0.4350  Brier: 0.1593  Acc: 0.7747  F1: 0.4384  (best ep=12, thresh=0.492)

===========================================================================
CrossAttn  —  5-Fold CV Summary
===========================================================================
  Fold      AUC-ROC      AUPRC      Brier   Accuracy         F1
  ----------------------------------------------------------
  1          0.8325     0.3784     0.2105     0.7322     0.4096
  2          0.8521     0.5617     0.1655     0.9071     0.6222
  3          0.7734     0.2795     0.2194     0.6011     0.3178
  4          0.8013     0.3613     0.2029     0.6393     0.3529
  5          0.8295     0.4350     0.1593     0.7747     0.4384
  ──────────────────────────────────────────────────────────
  Mean       0.8178     0.4032     0.1915     0.7309     0.4282
  ±Std       0.0274     0.0936     0.0244     0.1079     0.1058
  [M2/crop60] Evaluating on test set (med_epoch=12, thresh=0.492) ...

=======================================================
CrossAttn Test Evaluation  (scale_clin=True, scale_aec=True, threshold=0.492)
=======================================================
CrossAttn — training final model for 12 epochs on full CV set …

CrossAttn — Test Set (Overall):
  AUC: 0.8132  AUPRC: 0.3230  Brier: 0.2308  Acc: 0.6419  F1: 0.3492

CrossAttn — Test Set (By Sex):
  [M] n=82  AUC: 0.7191  AUPRC: 0.3436  Brier: 0.2952  Acc: 0.5976  F1: 0.4000
              precision    recall  f1-score   support

      Normal       0.95      0.55      0.70        69
  Sarcopenia       0.26      0.85      0.40        13

    accuracy                           0.60        82
   macro avg       0.61      0.70      0.55        82
weighted avg       0.84      0.60      0.65        82

  [F] n=147  AUC: 0.8422  AUPRC: 0.3572  Brier: 0.1950  Acc: 0.6667  F1: 0.3099
              precision    recall  f1-score   support

      Normal       1.00      0.64      0.78       136
  Sarcopenia       0.18      1.00      0.31        11

    accuracy                           0.67       147
   macro avg       0.59      0.82      0.55       147
weighted avg       0.94      0.67      0.75       147


───────────────────────────────────────────────────────
Test Set — Bootstrap CI
───────────────────────────────────────────────────────

  Bootstrap 95% CI — CrossAttn  (n_boot=2000)
  Metric         Estimate   95% CI Lower   95% CI Upper
  ----------------------------------------------------
  AUC-ROC          0.8132         0.7331         0.8855
  AUPRC            0.3230         0.1941         0.5090
  Brier            0.2308         0.1930         0.2666
  Accuracy         0.6419         0.5807         0.7074
  F1               0.3492         0.2342         0.4606
  [M2/crop60] Saving figures ...

Saved (model 2 (crop60)):
  연구코드/results/0529/liver_pubis/model_2\crop60/data_distribution.png
  연구코드/results/0529/liver_pubis/model_2\crop60/cv_roc_curves.png
  연구코드/results/0529/liver_pubis/model_2\crop60/cv_metric_distribution.png
  연구코드/results/0529/liver_pubis/model_2\crop60/training_curves.png
  연구코드/results/0529/liver_pubis/model_2\crop60/test_roc_curves.png
  연구코드/results/0529/liver_pubis/model_2\crop60/test_roc_by_sex.png
  연구코드/results/0529/liver_pubis/model_2\crop60/confusion_matrices.png
  연구코드/results/0529/liver_pubis/model_2\crop60/calibration.png
  연구코드/results/0529/liver_pubis/model_2\crop60/results.md
  [M2/crop60] Plotting attention maps ...
  연구코드/results/0529/liver_pubis/model_2\crop60/attention_map_c2a.png
  연구코드/results/0529/liver_pubis/model_2\crop60/attention_heatmap_c2a.png
  연구코드/results/0529/liver_pubis/model_2\crop60/attention_map_a2c.png
  연구코드/results/0529/liver_pubis/model_2\crop60/attention_heatmap_a2c.png
  [M2/crop60] Plotting Grad-CAM ...
  연구코드/results/0529/liver_pubis/model_2\crop60/cam_aec_mean.png
  연구코드/results/0529/liver_pubis/model_2\crop60/cam_aec_lines.png
  연구코드/results/0529/liver_pubis/model_2\crop60/cam_aec_heatmap.png
  [M2/crop60] Done.

############################################################
  [M2 excl_extreme]  (scale_clinic=True, scale_aec=True)
############################################################
  [M2/excl_extreme] Cross-validating CrossAttn ...
=======================================================
5-Fold CV  [CrossAttn | scale_clin=True, scale_aec=True]
=======================================================

── Fold 1/5 ──────────────────────────────
  CA   — AUC: 0.8068  AUPRC: 0.3972  Brier: 0.1836  Acc: 0.7818  F1: 0.4194  (best ep=6, thresh=0.617)

── Fold 2/5 ──────────────────────────────
  CA   — AUC: 0.8410  AUPRC: 0.4784  Brier: 0.2435  Acc: 0.7515  F1: 0.3881  (best ep=1, thresh=0.627)

── Fold 3/5 ──────────────────────────────
  CA   — AUC: 0.9265  AUPRC: 0.5774  Brier: 0.1232  Acc: 0.8598  F1: 0.5490  (best ep=19, thresh=0.526)

── Fold 4/5 ──────────────────────────────
  CA   — AUC: 0.6981  AUPRC: 0.2951  Brier: 0.1946  Acc: 0.5915  F1: 0.2947  (best ep=16, thresh=0.246)

── Fold 5/5 ──────────────────────────────
  CA   — AUC: 0.8459  AUPRC: 0.3591  Brier: 0.1789  Acc: 0.6585  F1: 0.3636  (best ep=3, thresh=0.393)

===========================================================================
CrossAttn  —  5-Fold CV Summary
===========================================================================
  Fold      AUC-ROC      AUPRC      Brier   Accuracy         F1
  ----------------------------------------------------------
  1          0.8068     0.3972     0.1836     0.7818     0.4194
  2          0.8410     0.4784     0.2435     0.7515     0.3881
  3          0.9265     0.5774     0.1232     0.8598     0.5490
  4          0.6981     0.2951     0.1946     0.5915     0.2947
  5          0.8459     0.3591     0.1789     0.6585     0.3636
  ──────────────────────────────────────────────────────────
  Mean       0.8237     0.4215     0.1847     0.7286     0.4030
  ±Std       0.0741     0.0980     0.0384     0.0941     0.0838
  [M2/excl_extreme] Evaluating on test set (med_epoch=6, thresh=0.526) ...

=======================================================
CrossAttn Test Evaluation  (scale_clin=True, scale_aec=True, threshold=0.526)
=======================================================
CrossAttn — training final model for 6 epochs on full CV set …

CrossAttn — Test Set (Overall):
  AUC: 0.7923  AUPRC: 0.2954  Brier: 0.1924  Acc: 0.7073  F1: 0.3478

CrossAttn — Test Set (By Sex):
  [M] n=72  AUC: 0.7210  AUPRC: 0.3573  Brier: 0.2408  Acc: 0.6944  F1: 0.4500
              precision    recall  f1-score   support

      Normal       0.91      0.69      0.79        59
  Sarcopenia       0.33      0.69      0.45        13

    accuracy                           0.69        72
   macro avg       0.62      0.69      0.62        72
weighted avg       0.81      0.69      0.73        72

  [F] n=133  AUC: 0.8217  AUPRC: 0.2945  Brier: 0.1663  Acc: 0.7143  F1: 0.2692
              precision    recall  f1-score   support

      Normal       0.98      0.71      0.82       124
  Sarcopenia       0.16      0.78      0.27         9

    accuracy                           0.71       133
   macro avg       0.57      0.74      0.55       133
weighted avg       0.92      0.71      0.78       133


───────────────────────────────────────────────────────
Test Set — Bootstrap CI
───────────────────────────────────────────────────────

  Bootstrap 95% CI — CrossAttn  (n_boot=2000)
  Metric         Estimate   95% CI Lower   95% CI Upper
  ----------------------------------------------------
  AUC-ROC          0.7923         0.7034         0.8697
  AUPRC            0.2954         0.1708         0.4765
  Brier            0.1924         0.1573         0.2287
  Accuracy         0.7073         0.6390         0.7707
  F1               0.3478         0.2222         0.4706
  [M2/excl_extreme] Saving figures ...

Saved (model 2 (excl_extreme)):
  연구코드/results/0529/liver_pubis/model_2\excl_extreme/data_distribution.png
  연구코드/results/0529/liver_pubis/model_2\excl_extreme/cv_roc_curves.png
  연구코드/results/0529/liver_pubis/model_2\excl_extreme/cv_metric_distribution.png
  연구코드/results/0529/liver_pubis/model_2\excl_extreme/training_curves.png
  연구코드/results/0529/liver_pubis/model_2\excl_extreme/test_roc_curves.png
  연구코드/results/0529/liver_pubis/model_2\excl_extreme/test_roc_by_sex.png
  연구코드/results/0529/liver_pubis/model_2\excl_extreme/confusion_matrices.png
  연구코드/results/0529/liver_pubis/model_2\excl_extreme/calibration.png
  연구코드/results/0529/liver_pubis/model_2\excl_extreme/results.md
  [M2/excl_extreme] Plotting attention maps ...
  연구코드/results/0529/liver_pubis/model_2\excl_extreme/attention_map_c2a.png
  연구코드/results/0529/liver_pubis/model_2\excl_extreme/attention_heatmap_c2a.png
  연구코드/results/0529/liver_pubis/model_2\excl_extreme/attention_map_a2c.png
  연구코드/results/0529/liver_pubis/model_2\excl_extreme/attention_heatmap_a2c.png
  [M2/excl_extreme] Plotting Grad-CAM ...
  연구코드/results/0529/liver_pubis/model_2\excl_extreme/cam_aec_mean.png
  연구코드/results/0529/liver_pubis/model_2\excl_extreme/cam_aec_lines.png
  연구코드/results/0529/liver_pubis/model_2\excl_extreme/cam_aec_heatmap.png
  [M2/excl_extreme] Done.
