============================================================
  MODEL 2_2 — Clinic + AEC Unmatched (aec128)  (4 AEC variants)
============================================================

############################################################
  [M2_2 raw]  (scale_clinic=True, scale_aec=none)
############################################################
  [M2_2/raw] Cross-validating CrossAttn ...
=======================================================
5-Fold CV  [CrossAttn | scale_clin=True, scale_aec=none]
=======================================================

── Fold 1/5 ──────────────────────────────
  CA   — AUC: 0.7745  AUPRC: 0.2761  Brier: 0.2706  Acc: 0.5738  F1: 0.3276  (best ep=312, thresh=0.512)

── Fold 2/5 ──────────────────────────────
  CA   — AUC: 0.7410  AUPRC: 0.3465  Brier: 0.2605  Acc: 0.7432  F1: 0.3562  (best ep=368, thresh=0.617)

── Fold 3/5 ──────────────────────────────
  CA   — AUC: 0.7545  AUPRC: 0.2639  Brier: 0.2797  Acc: 0.7377  F1: 0.3514  (best ep=472, thresh=0.623)

── Fold 4/5 ──────────────────────────────
  CA   — AUC: 0.7683  AUPRC: 0.3228  Brier: 0.2471  Acc: 0.6776  F1: 0.3516  (best ep=492, thresh=0.563)

── Fold 5/5 ──────────────────────────────
  CA   — AUC: 0.7720  AUPRC: 0.2637  Brier: 0.2703  Acc: 0.6429  F1: 0.3434  (best ep=467, thresh=0.557)

===========================================================================
CrossAttn  —  5-Fold CV Summary
===========================================================================
  Fold      AUC-ROC      AUPRC      Brier   Accuracy         F1
  ----------------------------------------------------------
  1          0.7745     0.2761     0.2706     0.5738     0.3276
  2          0.7410     0.3465     0.2605     0.7432     0.3562
  3          0.7545     0.2639     0.2797     0.7377     0.3514
  4          0.7683     0.3228     0.2471     0.6776     0.3516
  5          0.7720     0.2637     0.2703     0.6429     0.3434
  ──────────────────────────────────────────────────────────
  Mean       0.7621     0.2946     0.2656     0.6750     0.3460
  ±Std       0.0126     0.0339     0.0111     0.0630     0.0101
  [M2_2/raw] Evaluating on test set (med_epoch=467, thresh=0.563) ...

=======================================================
CrossAttn Test Evaluation  (scale_clin=True, scale_aec=none, threshold=0.563)
=======================================================
CrossAttn — training final model for 467 epochs on full CV set …
  [CrossAttn] Model weights saved → 연구코드/results/0605/stage3_1e-05_epoch500/model_2_2\raw128\raw\M2_2_raw_weights.pt

CrossAttn — Test Set (Overall):
  AUC: 0.7770  AUPRC: 0.2836  Brier: 0.2689  Acc: 0.6245  F1: 0.3281

CrossAttn — Test Set (By Sex):
  [M] n=82  AUC: 0.7313  AUPRC: 0.3113  Brier: 0.2829  Acc: 0.5976  F1: 0.4000
              precision    recall  f1-score   support

      Normal       0.95      0.55      0.70        69
  Sarcopenia       0.26      0.85      0.40        13

    accuracy                           0.60        82
   macro avg       0.61      0.70      0.55        82
weighted avg       0.84      0.60      0.65        82

  [F] n=147  AUC: 0.7948  AUPRC: 0.2983  Brier: 0.2611  Acc: 0.6395  F1: 0.2740
              precision    recall  f1-score   support

      Normal       0.99      0.62      0.76       136
  Sarcopenia       0.16      0.91      0.27        11

    accuracy                           0.64       147
   macro avg       0.57      0.76      0.52       147
weighted avg       0.93      0.64      0.72       147


───────────────────────────────────────────────────────
Test Set — Bootstrap CI
───────────────────────────────────────────────────────

  Bootstrap 95% CI — CrossAttn  (n_boot=2000)
  Metric         Estimate   95% CI Lower   95% CI Upper
  ----------------------------------------------------
  AUC-ROC          0.7770         0.6861         0.8525
  AUPRC            0.2836         0.1660         0.4717
  Brier            0.2689         0.2417         0.2951
  Accuracy         0.6245         0.5633         0.6900
  F1               0.3281         0.2185         0.4386
  [M2_2/raw] Saving figures ...

Saved (model 2_2 (raw, unmatched)):
  연구코드/results/0605/stage3_1e-05_epoch500/model_2_2\raw128\raw/data_distribution.png
  연구코드/results/0605/stage3_1e-05_epoch500/model_2_2\raw128\raw/cv_roc_curves.png
  연구코드/results/0605/stage3_1e-05_epoch500/model_2_2\raw128\raw/cv_metric_distribution.png
  연구코드/results/0605/stage3_1e-05_epoch500/model_2_2\raw128\raw/training_curves.png
  연구코드/results/0605/stage3_1e-05_epoch500/model_2_2\raw128\raw/test_roc_curves.png
  연구코드/results/0605/stage3_1e-05_epoch500/model_2_2\raw128\raw/test_roc_by_sex.png
  연구코드/results/0605/stage3_1e-05_epoch500/model_2_2\raw128\raw/confusion_matrices.png
  연구코드/results/0605/stage3_1e-05_epoch500/model_2_2\raw128\raw/calibration.png
  연구코드/results/0605/stage3_1e-05_epoch500/model_2_2\raw128\raw/results.md
  [M2_2/raw] Plotting attention maps ...
  연구코드/results/0605/stage3_1e-05_epoch500/model_2_2\raw128\raw/attention_map_c2a.png
  연구코드/results/0605/stage3_1e-05_epoch500/model_2_2\raw128\raw/attention_heatmap_c2a.png
  연구코드/results/0605/stage3_1e-05_epoch500/model_2_2\raw128\raw/attention_map_a2c.png
  연구코드/results/0605/stage3_1e-05_epoch500/model_2_2\raw128\raw/attention_heatmap_a2c.png
  [M2_2/raw] Plotting Grad-CAM ...
  연구코드/results/0605/stage3_1e-05_epoch500/model_2_2\raw128\raw/cam_aec_mean.png
  연구코드/results/0605/stage3_1e-05_epoch500/model_2_2\raw128\raw/cam_aec_lines.png
  연구코드/results/0605/stage3_1e-05_epoch500/model_2_2\raw128\raw/cam_aec_heatmap.png
  [M2_2/raw] Done.

############################################################
  [M2_2 std_scaled]  (scale_clinic=True, scale_aec=column)
############################################################
  [M2_2/std_scaled] Cross-validating CrossAttn ...
=======================================================
5-Fold CV  [CrossAttn | scale_clin=True, scale_aec=column]
=======================================================

── Fold 1/5 ──────────────────────────────
  CA   — AUC: 0.7957  AUPRC: 0.2694  Brier: 0.2804  Acc: 0.7377  F1: 0.4000  (best ep=381, thresh=0.615)

── Fold 2/5 ──────────────────────────────
  CA   — AUC: 0.8184  AUPRC: 0.3923  Brier: 0.2437  Acc: 0.8087  F1: 0.4776  (best ep=268, thresh=0.624)

── Fold 3/5 ──────────────────────────────
  CA   — AUC: 0.7551  AUPRC: 0.2507  Brier: 0.2930  Acc: 0.8361  F1: 0.4231  (best ep=306, thresh=0.721)

── Fold 4/5 ──────────────────────────────
  CA   — AUC: 0.7413  AUPRC: 0.3115  Brier: 0.2514  Acc: 0.6831  F1: 0.3256  (best ep=394, thresh=0.575)

── Fold 5/5 ──────────────────────────────
  CA   — AUC: 0.7820  AUPRC: 0.2943  Brier: 0.2586  Acc: 0.7363  F1: 0.3846  (best ep=497, thresh=0.598)

===========================================================================
CrossAttn  —  5-Fold CV Summary
===========================================================================
  Fold      AUC-ROC      AUPRC      Brier   Accuracy         F1
  ----------------------------------------------------------
  1          0.7957     0.2694     0.2804     0.7377     0.4000
  2          0.8184     0.3923     0.2437     0.8087     0.4776
  3          0.7551     0.2507     0.2930     0.8361     0.4231
  4          0.7413     0.3115     0.2514     0.6831     0.3256
  5          0.7820     0.2943     0.2586     0.7363     0.3846
  ──────────────────────────────────────────────────────────
  Mean       0.7785     0.3037     0.2654     0.7604     0.4022
  ±Std       0.0277     0.0489     0.0184     0.0550     0.0496
  [M2_2/std_scaled] Evaluating on test set (med_epoch=381, thresh=0.615) ...

=======================================================
CrossAttn Test Evaluation  (scale_clin=True, scale_aec=column, threshold=0.615)
=======================================================
CrossAttn — training final model for 381 epochs on full CV set …
  [CrossAttn] Model weights saved → 연구코드/results/0605/stage3_1e-05_epoch500/model_2_2\raw128\std_scaled\M2_2_std_scaled_weights.pt

CrossAttn — Test Set (Overall):
  AUC: 0.7703  AUPRC: 0.2969  Brier: 0.2716  Acc: 0.7118  F1: 0.3400

CrossAttn — Test Set (By Sex):
  [M] n=82  AUC: 0.7246  AUPRC: 0.3495  Brier: 0.2805  Acc: 0.6707  F1: 0.4255
              precision    recall  f1-score   support

      Normal       0.94      0.65      0.77        69
  Sarcopenia       0.29      0.77      0.43        13

    accuracy                           0.67        82
   macro avg       0.62      0.71      0.60        82
weighted avg       0.84      0.67      0.71        82

  [F] n=147  AUC: 0.7941  AUPRC: 0.3420  Brier: 0.2666  Acc: 0.7347  F1: 0.2642
              precision    recall  f1-score   support

      Normal       0.96      0.74      0.84       136
  Sarcopenia       0.17      0.64      0.26        11

    accuracy                           0.73       147
   macro avg       0.56      0.69      0.55       147
weighted avg       0.90      0.73      0.80       147


───────────────────────────────────────────────────────
Test Set — Bootstrap CI
───────────────────────────────────────────────────────

  Bootstrap 95% CI — CrossAttn  (n_boot=2000)
  Metric         Estimate   95% CI Lower   95% CI Upper
  ----------------------------------------------------
  AUC-ROC          0.7703         0.6761         0.8526
  AUPRC            0.2969         0.1687         0.4798
  Brier            0.2716         0.2474         0.2946
  Accuracy         0.7118         0.6507         0.7686
  F1               0.3400         0.2222         0.4565
  [M2_2/std_scaled] Saving figures ...

Saved (model 2_2 (std_scaled, unmatched)):
  연구코드/results/0605/stage3_1e-05_epoch500/model_2_2\raw128\std_scaled/data_distribution.png
  연구코드/results/0605/stage3_1e-05_epoch500/model_2_2\raw128\std_scaled/cv_roc_curves.png
  연구코드/results/0605/stage3_1e-05_epoch500/model_2_2\raw128\std_scaled/cv_metric_distribution.png
  연구코드/results/0605/stage3_1e-05_epoch500/model_2_2\raw128\std_scaled/training_curves.png
  연구코드/results/0605/stage3_1e-05_epoch500/model_2_2\raw128\std_scaled/test_roc_curves.png
  연구코드/results/0605/stage3_1e-05_epoch500/model_2_2\raw128\std_scaled/test_roc_by_sex.png
  연구코드/results/0605/stage3_1e-05_epoch500/model_2_2\raw128\std_scaled/confusion_matrices.png
  연구코드/results/0605/stage3_1e-05_epoch500/model_2_2\raw128\std_scaled/calibration.png
  연구코드/results/0605/stage3_1e-05_epoch500/model_2_2\raw128\std_scaled/results.md
  [M2_2/std_scaled] Plotting attention maps ...
  연구코드/results/0605/stage3_1e-05_epoch500/model_2_2\raw128\std_scaled/attention_map_c2a.png
  연구코드/results/0605/stage3_1e-05_epoch500/model_2_2\raw128\std_scaled/attention_heatmap_c2a.png
  연구코드/results/0605/stage3_1e-05_epoch500/model_2_2\raw128\std_scaled/attention_map_a2c.png
  연구코드/results/0605/stage3_1e-05_epoch500/model_2_2\raw128\std_scaled/attention_heatmap_a2c.png
  [M2_2/std_scaled] Plotting Grad-CAM ...
  연구코드/results/0605/stage3_1e-05_epoch500/model_2_2\raw128\std_scaled/cam_aec_mean.png
  연구코드/results/0605/stage3_1e-05_epoch500/model_2_2\raw128\std_scaled/cam_aec_lines.png
  연구코드/results/0605/stage3_1e-05_epoch500/model_2_2\raw128\std_scaled/cam_aec_heatmap.png
  [M2_2/std_scaled] Done.

############################################################
  [M2_2 norm]  (scale_clinic=True, scale_aec=none)
############################################################
  [M2_2/norm] Cross-validating CrossAttn ...
=======================================================
5-Fold CV  [CrossAttn | scale_clin=True, scale_aec=none]
=======================================================

── Fold 1/5 ──────────────────────────────
  CA   — AUC: 0.8095  AUPRC: 0.3346  Brier: 0.2733  Acc: 0.7814  F1: 0.4118  (best ep=146, thresh=0.630)

── Fold 2/5 ──────────────────────────────
  CA   — AUC: 0.8575  AUPRC: 0.5418  Brier: 0.2383  Acc: 0.7486  F1: 0.4250  (best ep=284, thresh=0.553)

── Fold 3/5 ──────────────────────────────
  CA   — AUC: 0.7526  AUPRC: 0.2312  Brier: 0.2802  Acc: 0.6940  F1: 0.3333  (best ep=423, thresh=0.628)

── Fold 4/5 ──────────────────────────────
  CA   — AUC: 0.7734  AUPRC: 0.3312  Brier: 0.2368  Acc: 0.6776  F1: 0.3516  (best ep=499, thresh=0.536)

── Fold 5/5 ──────────────────────────────
  CA   — AUC: 0.8250  AUPRC: 0.3699  Brier: 0.2482  Acc: 0.8077  F1: 0.4776  (best ep=492, thresh=0.629)

===========================================================================
CrossAttn  —  5-Fold CV Summary
===========================================================================
  Fold      AUC-ROC      AUPRC      Brier   Accuracy         F1
  ----------------------------------------------------------
  1          0.8095     0.3346     0.2733     0.7814     0.4118
  2          0.8575     0.5418     0.2383     0.7486     0.4250
  3          0.7526     0.2312     0.2802     0.6940     0.3333
  4          0.7734     0.3312     0.2368     0.6776     0.3516
  5          0.8250     0.3699     0.2482     0.8077     0.4776
  ──────────────────────────────────────────────────────────
  Mean       0.8036     0.3617     0.2554     0.7419     0.3999
  ±Std       0.0372     0.1012     0.0180     0.0497     0.0521
  [M2_2/norm] Evaluating on test set (med_epoch=423, thresh=0.628) ...

=======================================================
CrossAttn Test Evaluation  (scale_clin=True, scale_aec=none, threshold=0.628)
=======================================================
CrossAttn — training final model for 423 epochs on full CV set …
  [CrossAttn] Model weights saved → 연구코드/results/0605/stage3_1e-05_epoch500/model_2_2\raw128\norm\M2_2_norm_weights.pt

CrossAttn — Test Set (Overall):
  AUC: 0.8380  AUPRC: 0.3518  Brier: 0.2575  Acc: 0.7380  F1: 0.3878

CrossAttn — Test Set (By Sex):
  [M] n=82  AUC: 0.7715  AUPRC: 0.3411  Brier: 0.2916  Acc: 0.6829  F1: 0.4583
              precision    recall  f1-score   support

      Normal       0.96      0.65      0.78        69
  Sarcopenia       0.31      0.85      0.46        13

    accuracy                           0.68        82
   macro avg       0.64      0.75      0.62        82
weighted avg       0.86      0.68      0.73        82

  [F] n=147  AUC: 0.8683  AUPRC: 0.4463  Brier: 0.2385  Acc: 0.7687  F1: 0.3200
              precision    recall  f1-score   support

      Normal       0.97      0.77      0.86       136
  Sarcopenia       0.21      0.73      0.32        11

    accuracy                           0.77       147
   macro avg       0.59      0.75      0.59       147
weighted avg       0.91      0.77      0.82       147


───────────────────────────────────────────────────────
Test Set — Bootstrap CI
───────────────────────────────────────────────────────

  Bootstrap 95% CI — CrossAttn  (n_boot=2000)
  Metric         Estimate   95% CI Lower   95% CI Upper
  ----------------------------------------------------
  AUC-ROC          0.8380         0.7643         0.9003
  AUPRC            0.3518         0.2168         0.5561
  Brier            0.2575         0.2317         0.2823
  Accuracy         0.7380         0.6812         0.7948
  F1               0.3878         0.2637         0.5102
  [M2_2/norm] Saving figures ...

Saved (model 2_2 (norm, unmatched)):
  연구코드/results/0605/stage3_1e-05_epoch500/model_2_2\raw128\norm/data_distribution.png
  연구코드/results/0605/stage3_1e-05_epoch500/model_2_2\raw128\norm/cv_roc_curves.png
  연구코드/results/0605/stage3_1e-05_epoch500/model_2_2\raw128\norm/cv_metric_distribution.png
  연구코드/results/0605/stage3_1e-05_epoch500/model_2_2\raw128\norm/training_curves.png
  연구코드/results/0605/stage3_1e-05_epoch500/model_2_2\raw128\norm/test_roc_curves.png
  연구코드/results/0605/stage3_1e-05_epoch500/model_2_2\raw128\norm/test_roc_by_sex.png
  연구코드/results/0605/stage3_1e-05_epoch500/model_2_2\raw128\norm/confusion_matrices.png
  연구코드/results/0605/stage3_1e-05_epoch500/model_2_2\raw128\norm/calibration.png
  연구코드/results/0605/stage3_1e-05_epoch500/model_2_2\raw128\norm/results.md
  [M2_2/norm] Plotting attention maps ...
  연구코드/results/0605/stage3_1e-05_epoch500/model_2_2\raw128\norm/attention_map_c2a.png
  연구코드/results/0605/stage3_1e-05_epoch500/model_2_2\raw128\norm/attention_heatmap_c2a.png
  연구코드/results/0605/stage3_1e-05_epoch500/model_2_2\raw128\norm/attention_map_a2c.png
  연구코드/results/0605/stage3_1e-05_epoch500/model_2_2\raw128\norm/attention_heatmap_a2c.png
  [M2_2/norm] Plotting Grad-CAM ...
  연구코드/results/0605/stage3_1e-05_epoch500/model_2_2\raw128\norm/cam_aec_mean.png
  연구코드/results/0605/stage3_1e-05_epoch500/model_2_2\raw128\norm/cam_aec_lines.png
  연구코드/results/0605/stage3_1e-05_epoch500/model_2_2\raw128\norm/cam_aec_heatmap.png
  [M2_2/norm] Done.

############################################################
  [M2_2 global_zscore]  (scale_clinic=True, scale_aec=global)
############################################################
  [M2_2/global_zscore] Cross-validating CrossAttn ...
=======================================================
5-Fold CV  [CrossAttn | scale_clin=True, scale_aec=global]
=======================================================

── Fold 1/5 ──────────────────────────────
  CA   — AUC: 0.8138  AUPRC: 0.2978  Brier: 0.2858  Acc: 0.7650  F1: 0.4267  (best ep=128, thresh=0.605)

── Fold 2/5 ──────────────────────────────
  CA   — AUC: 0.7317  AUPRC: 0.3382  Brier: 0.2499  Acc: 0.6885  F1: 0.3133  (best ep=337, thresh=0.564)

── Fold 3/5 ──────────────────────────────
  CA   — AUC: 0.7522  AUPRC: 0.2729  Brier: 0.2918  Acc: 0.7104  F1: 0.3291  (best ep=387, thresh=0.612)

── Fold 4/5 ──────────────────────────────
  CA   — AUC: 0.7741  AUPRC: 0.3355  Brier: 0.2451  Acc: 0.7049  F1: 0.3721  (best ep=451, thresh=0.556)

── Fold 5/5 ──────────────────────────────
  CA   — AUC: 0.7701  AUPRC: 0.3488  Brier: 0.2625  Acc: 0.7857  F1: 0.4179  (best ep=491, thresh=0.641)

===========================================================================
CrossAttn  —  5-Fold CV Summary
===========================================================================
  Fold      AUC-ROC      AUPRC      Brier   Accuracy         F1
  ----------------------------------------------------------
  1          0.8138     0.2978     0.2858     0.7650     0.4267
  2          0.7317     0.3382     0.2499     0.6885     0.3133
  3          0.7522     0.2729     0.2918     0.7104     0.3291
  4          0.7741     0.3355     0.2451     0.7049     0.3721
  5          0.7701     0.3488     0.2625     0.7857     0.4179
  ──────────────────────────────────────────────────────────
  Mean       0.7684     0.3186     0.2670     0.7309     0.3718
  ±Std       0.0272     0.0286     0.0188     0.0376     0.0456
  [M2_2/global_zscore] Evaluating on test set (med_epoch=387, thresh=0.605) ...

=======================================================
CrossAttn Test Evaluation  (scale_clin=True, scale_aec=global, threshold=0.605)
=======================================================
CrossAttn — training final model for 387 epochs on full CV set …
  [CrossAttn] Model weights saved → 연구코드/results/0605/stage3_1e-05_epoch500/model_2_2\raw128\global_zscore\M2_2_global_zscore_weights.pt

CrossAttn — Test Set (Overall):
  AUC: 0.7947  AUPRC: 0.3003  Brier: 0.2714  Acc: 0.6725  F1: 0.3590

CrossAttn — Test Set (By Sex):
  [M] n=82  AUC: 0.7179  AUPRC: 0.3025  Brier: 0.2831  Acc: 0.6463  F1: 0.4314
              precision    recall  f1-score   support

      Normal       0.95      0.61      0.74        69
  Sarcopenia       0.29      0.85      0.43        13

    accuracy                           0.65        82
   macro avg       0.62      0.73      0.59        82
weighted avg       0.85      0.65      0.69        82

  [F] n=147  AUC: 0.8536  AUPRC: 0.3708  Brier: 0.2648  Acc: 0.6871  F1: 0.3030
              precision    recall  f1-score   support

      Normal       0.99      0.67      0.80       136
  Sarcopenia       0.18      0.91      0.30        11

    accuracy                           0.69       147
   macro avg       0.59      0.79      0.55       147
weighted avg       0.93      0.69      0.76       147


───────────────────────────────────────────────────────
Test Set — Bootstrap CI
───────────────────────────────────────────────────────

  Bootstrap 95% CI — CrossAttn  (n_boot=2000)
  Metric         Estimate   95% CI Lower   95% CI Upper
  ----------------------------------------------------
  AUC-ROC          0.7947         0.7039         0.8687
  AUPRC            0.3003         0.1787         0.4950
  Brier            0.2714         0.2442         0.2979
  Accuracy         0.6725         0.6114         0.7380
  F1               0.3590         0.2430         0.4724
  [M2_2/global_zscore] Saving figures ...

Saved (model 2_2 (global_zscore, unmatched)):
  연구코드/results/0605/stage3_1e-05_epoch500/model_2_2\raw128\global_zscore/data_distribution.png
  연구코드/results/0605/stage3_1e-05_epoch500/model_2_2\raw128\global_zscore/cv_roc_curves.png
  연구코드/results/0605/stage3_1e-05_epoch500/model_2_2\raw128\global_zscore/cv_metric_distribution.png
  연구코드/results/0605/stage3_1e-05_epoch500/model_2_2\raw128\global_zscore/training_curves.png
  연구코드/results/0605/stage3_1e-05_epoch500/model_2_2\raw128\global_zscore/test_roc_curves.png
  연구코드/results/0605/stage3_1e-05_epoch500/model_2_2\raw128\global_zscore/test_roc_by_sex.png
  연구코드/results/0605/stage3_1e-05_epoch500/model_2_2\raw128\global_zscore/confusion_matrices.png
  연구코드/results/0605/stage3_1e-05_epoch500/model_2_2\raw128\global_zscore/calibration.png
  연구코드/results/0605/stage3_1e-05_epoch500/model_2_2\raw128\global_zscore/results.md
  [M2_2/global_zscore] Plotting attention maps ...
  연구코드/results/0605/stage3_1e-05_epoch500/model_2_2\raw128\global_zscore/attention_map_c2a.png
  연구코드/results/0605/stage3_1e-05_epoch500/model_2_2\raw128\global_zscore/attention_heatmap_c2a.png
  연구코드/results/0605/stage3_1e-05_epoch500/model_2_2\raw128\global_zscore/attention_map_a2c.png
  연구코드/results/0605/stage3_1e-05_epoch500/model_2_2\raw128\global_zscore/attention_heatmap_a2c.png
  [M2_2/global_zscore] Plotting Grad-CAM ...
  연구코드/results/0605/stage3_1e-05_epoch500/model_2_2\raw128\global_zscore/cam_aec_mean.png
  연구코드/results/0605/stage3_1e-05_epoch500/model_2_2\raw128\global_zscore/cam_aec_lines.png
  연구코드/results/0605/stage3_1e-05_epoch500/model_2_2\raw128\global_zscore/cam_aec_heatmap.png
  [M2_2/global_zscore] Done.
