============================================================
  MODEL 2 — Clinic + AEC (aec128)  (5 AEC variants)
============================================================

############################################################
  [M2 len128]  (scale_clinic=True, scale_aec=True)
############################################################
  [M2/len128] Cross-validating CrossAttn ...
=======================================================
5-Fold CV  [CrossAttn | scale_clin=True, scale_aec=True]
=======================================================

── Fold 1/5 ──────────────────────────────
  CA   — AUC: 0.8212  AUPRC: 0.3972  Brier: 0.2114  Acc: 0.7377  F1: 0.4146  (best ep=9, thresh=0.572)

── Fold 2/5 ──────────────────────────────
  CA   — AUC: 0.8646  AUPRC: 0.5452  Brier: 0.0836  Acc: 0.8306  F1: 0.5231  (best ep=96, thresh=0.311)

── Fold 3/5 ──────────────────────────────
  CA   — AUC: 0.7815  AUPRC: 0.2894  Brier: 0.1966  Acc: 0.7705  F1: 0.4167  (best ep=31, thresh=0.577)

── Fold 4/5 ──────────────────────────────
  CA   — AUC: 0.8119  AUPRC: 0.3383  Brier: 0.1394  Acc: 0.7978  F1: 0.4478  (best ep=45, thresh=0.441)

── Fold 5/5 ──────────────────────────────
  CA   — AUC: 0.8269  AUPRC: 0.4559  Brier: 0.1696  Acc: 0.8352  F1: 0.5000  (best ep=8, thresh=0.613)

===========================================================================
CrossAttn  —  5-Fold CV Summary
===========================================================================
  Fold      AUC-ROC      AUPRC      Brier   Accuracy         F1
  ----------------------------------------------------------
  1          0.8212     0.3972     0.2114     0.7377     0.4146
  2          0.8646     0.5452     0.0836     0.8306     0.5231
  3          0.7815     0.2894     0.1966     0.7705     0.4167
  4          0.8119     0.3383     0.1394     0.7978     0.4478
  5          0.8269     0.4559     0.1696     0.8352     0.5000
  ──────────────────────────────────────────────────────────
  Mean       0.8212     0.4052     0.1601     0.7944     0.4604
  ±Std       0.0268     0.0896     0.0455     0.0368     0.0440
  [M2/len128] Evaluating on test set (med_epoch=31, thresh=0.572) ...

=======================================================
CrossAttn Test Evaluation  (scale_clin=True, scale_aec=True, threshold=0.572)
=======================================================
CrossAttn — training final model for 31 epochs on full CV set …

CrossAttn — Test Set (Overall):
  AUC: 0.8008  AUPRC: 0.3148  Brier: 0.1452  Acc: 0.7948  F1: 0.3380

CrossAttn — Test Set (By Sex):
  [M] n=82  AUC: 0.7035  AUPRC: 0.2630  Brier: 0.2073  Acc: 0.6707  F1: 0.3721
              precision    recall  f1-score   support

      Normal       0.90      0.68      0.78        69
  Sarcopenia       0.27      0.62      0.37        13

    accuracy                           0.67        82
   macro avg       0.59      0.65      0.57        82
weighted avg       0.80      0.67      0.71        82

  [F] n=147  AUC: 0.8416  AUPRC: 0.4008  Brier: 0.1106  Acc: 0.8639  F1: 0.2857
              precision    recall  f1-score   support

      Normal       0.95      0.90      0.92       136
  Sarcopenia       0.24      0.36      0.29        11

    accuracy                           0.86       147
   macro avg       0.59      0.63      0.61       147
weighted avg       0.89      0.86      0.88       147


───────────────────────────────────────────────────────
Test Set — Bootstrap CI
───────────────────────────────────────────────────────

  Bootstrap 95% CI — CrossAttn  (n_boot=2000)
  Metric         Estimate   95% CI Lower   95% CI Upper
  ----------------------------------------------------
  AUC-ROC          0.8008         0.7069         0.8773
  AUPRC            0.3148         0.1862         0.4984
  Brier            0.1452         0.1199         0.1710
  Accuracy         0.7948         0.7424         0.8472
  F1               0.3380         0.1972         0.4737
  [M2/len128] Saving figures ...

Saved (model 2 (len128)):
  연구코드/results/0529/liver_pubis_64/model_2\len128/data_distribution.png
  연구코드/results/0529/liver_pubis_64/model_2\len128/cv_roc_curves.png
  연구코드/results/0529/liver_pubis_64/model_2\len128/cv_metric_distribution.png
  연구코드/results/0529/liver_pubis_64/model_2\len128/training_curves.png
  연구코드/results/0529/liver_pubis_64/model_2\len128/test_roc_curves.png
  연구코드/results/0529/liver_pubis_64/model_2\len128/test_roc_by_sex.png
  연구코드/results/0529/liver_pubis_64/model_2\len128/confusion_matrices.png
  연구코드/results/0529/liver_pubis_64/model_2\len128/calibration.png
  연구코드/results/0529/liver_pubis_64/model_2\len128/results.md
  [M2/len128] Plotting attention maps ...
  연구코드/results/0529/liver_pubis_64/model_2\len128/attention_map_c2a.png
  연구코드/results/0529/liver_pubis_64/model_2\len128/attention_heatmap_c2a.png
  연구코드/results/0529/liver_pubis_64/model_2\len128/attention_map_a2c.png
  연구코드/results/0529/liver_pubis_64/model_2\len128/attention_heatmap_a2c.png
  [M2/len128] Plotting Grad-CAM ...
  연구코드/results/0529/liver_pubis_64/model_2\len128/cam_aec_mean.png
  연구코드/results/0529/liver_pubis_64/model_2\len128/cam_aec_lines.png
  연구코드/results/0529/liver_pubis_64/model_2\len128/cam_aec_heatmap.png
  [M2/len128] Done.

############################################################
  [M2 norm]  (scale_clinic=True, scale_aec=True)
############################################################
  [M2/norm] Cross-validating CrossAttn ...
=======================================================
5-Fold CV  [CrossAttn | scale_clin=True, scale_aec=True]
=======================================================

── Fold 1/5 ──────────────────────────────
  CA   — AUC: 0.8190  AUPRC: 0.3165  Brier: 0.1417  Acc: 0.7650  F1: 0.4110  (best ep=18, thresh=0.422)

── Fold 2/5 ──────────────────────────────
  CA   — AUC: 0.8440  AUPRC: 0.5220  Brier: 0.1419  Acc: 0.8798  F1: 0.5600  (best ep=6, thresh=0.581)

── Fold 3/5 ──────────────────────────────
  CA   — AUC: 0.7837  AUPRC: 0.3465  Brier: 0.2297  Acc: 0.8306  F1: 0.4364  (best ep=49, thresh=0.751)

── Fold 4/5 ──────────────────────────────
  CA   — AUC: 0.7991  AUPRC: 0.3556  Brier: 0.1710  Acc: 0.6448  F1: 0.3564  (best ep=3, thresh=0.394)

── Fold 5/5 ──────────────────────────────
  CA   — AUC: 0.8189  AUPRC: 0.4277  Brier: 0.1912  Acc: 0.8352  F1: 0.4643  (best ep=2, thresh=0.687)

===========================================================================
CrossAttn  —  5-Fold CV Summary
===========================================================================
  Fold      AUC-ROC      AUPRC      Brier   Accuracy         F1
  ----------------------------------------------------------
  1          0.8190     0.3165     0.1417     0.7650     0.4110
  2          0.8440     0.5220     0.1419     0.8798     0.5600
  3          0.7837     0.3465     0.2297     0.8306     0.4364
  4          0.7991     0.3556     0.1710     0.6448     0.3564
  5          0.8189     0.4277     0.1912     0.8352     0.4643
  ──────────────────────────────────────────────────────────
  Mean       0.8129     0.3937     0.1751     0.7911     0.4456
  ±Std       0.0204     0.0738     0.0331     0.0818     0.0673
  [M2/norm] Evaluating on test set (med_epoch=6, thresh=0.581) ...

=======================================================
CrossAttn Test Evaluation  (scale_clin=True, scale_aec=True, threshold=0.581)
=======================================================
CrossAttn — training final model for 6 epochs on full CV set …

CrossAttn — Test Set (Overall):
  AUC: 0.8173  AUPRC: 0.2855  Brier: 0.1398  Acc: 0.8210  F1: 0.3492

CrossAttn — Test Set (By Sex):
  [M] n=82  AUC: 0.7146  AUPRC: 0.2868  Brier: 0.2080  Acc: 0.6951  F1: 0.3590
              precision    recall  f1-score   support

      Normal       0.89      0.72      0.80        69
  Sarcopenia       0.27      0.54      0.36        13

    accuracy                           0.70        82
   macro avg       0.58      0.63      0.58        82
weighted avg       0.79      0.70      0.73        82

  [F] n=147  AUC: 0.8717  AUPRC: 0.4620  Brier: 0.1018  Acc: 0.8912  F1: 0.3333
              precision    recall  f1-score   support

      Normal       0.95      0.93      0.94       136
  Sarcopenia       0.31      0.36      0.33        11

    accuracy                           0.89       147
   macro avg       0.63      0.65      0.64       147
weighted avg       0.90      0.89      0.90       147


───────────────────────────────────────────────────────
Test Set — Bootstrap CI
───────────────────────────────────────────────────────

  Bootstrap 95% CI — CrossAttn  (n_boot=2000)
  Metric         Estimate   95% CI Lower   95% CI Upper
  ----------------------------------------------------
  AUC-ROC          0.8173         0.7442         0.8805
  AUPRC            0.2855         0.1794         0.4700
  Brier            0.1398         0.1170         0.1633
  Accuracy         0.8210         0.7686         0.8690
  F1               0.3492         0.1967         0.4912
  [M2/norm] Saving figures ...

Saved (model 2 (norm)):
  연구코드/results/0529/liver_pubis_64/model_2\norm/data_distribution.png
  연구코드/results/0529/liver_pubis_64/model_2\norm/cv_roc_curves.png
  연구코드/results/0529/liver_pubis_64/model_2\norm/cv_metric_distribution.png
  연구코드/results/0529/liver_pubis_64/model_2\norm/training_curves.png
  연구코드/results/0529/liver_pubis_64/model_2\norm/test_roc_curves.png
  연구코드/results/0529/liver_pubis_64/model_2\norm/test_roc_by_sex.png
  연구코드/results/0529/liver_pubis_64/model_2\norm/confusion_matrices.png
  연구코드/results/0529/liver_pubis_64/model_2\norm/calibration.png
  연구코드/results/0529/liver_pubis_64/model_2\norm/results.md
  [M2/norm] Plotting attention maps ...
  연구코드/results/0529/liver_pubis_64/model_2\norm/attention_map_c2a.png
  연구코드/results/0529/liver_pubis_64/model_2\norm/attention_heatmap_c2a.png
  연구코드/results/0529/liver_pubis_64/model_2\norm/attention_map_a2c.png
  연구코드/results/0529/liver_pubis_64/model_2\norm/attention_heatmap_a2c.png
  [M2/norm] Plotting Grad-CAM ...
  연구코드/results/0529/liver_pubis_64/model_2\norm/cam_aec_mean.png
  연구코드/results/0529/liver_pubis_64/model_2\norm/cam_aec_lines.png
  연구코드/results/0529/liver_pubis_64/model_2\norm/cam_aec_heatmap.png
  [M2/norm] Done.

############################################################
  [M2 crop80]  (scale_clinic=True, scale_aec=True)
############################################################
  [M2/crop80] Cross-validating CrossAttn ...
=======================================================
5-Fold CV  [CrossAttn | scale_clin=True, scale_aec=True]
=======================================================

── Fold 1/5 ──────────────────────────────
  CA   — AUC: 0.8445  AUPRC: 0.3990  Brier: 0.1954  Acc: 0.7104  F1: 0.4045  (best ep=5, thresh=0.551)

── Fold 2/5 ──────────────────────────────
  CA   — AUC: 0.8460  AUPRC: 0.5378  Brier: 0.1834  Acc: 0.8579  F1: 0.5185  (best ep=7, thresh=0.679)

── Fold 3/5 ──────────────────────────────
  CA   — AUC: 0.7654  AUPRC: 0.2994  Brier: 0.2029  Acc: 0.6393  F1: 0.3265  (best ep=7, thresh=0.341)

── Fold 4/5 ──────────────────────────────
  CA   — AUC: 0.7888  AUPRC: 0.3005  Brier: 0.1500  Acc: 0.6885  F1: 0.3736  (best ep=3, thresh=0.376)

── Fold 5/5 ──────────────────────────────
  CA   — AUC: 0.8218  AUPRC: 0.4020  Brier: 0.1615  Acc: 0.7198  F1: 0.3855  (best ep=5, thresh=0.433)

===========================================================================
CrossAttn  —  5-Fold CV Summary
===========================================================================
  Fold      AUC-ROC      AUPRC      Brier   Accuracy         F1
  ----------------------------------------------------------
  1          0.8445     0.3990     0.1954     0.7104     0.4045
  2          0.8460     0.5378     0.1834     0.8579     0.5185
  3          0.7654     0.2994     0.2029     0.6393     0.3265
  4          0.7888     0.3005     0.1500     0.6885     0.3736
  5          0.8218     0.4020     0.1615     0.7198     0.3855
  ──────────────────────────────────────────────────────────
  Mean       0.8133     0.3877     0.1787     0.7232     0.4017
  ±Std       0.0316     0.0875     0.0200     0.0729     0.0638
  [M2/crop80] Evaluating on test set (med_epoch=5, thresh=0.433) ...

=======================================================
CrossAttn Test Evaluation  (scale_clin=True, scale_aec=True, threshold=0.433)
=======================================================
CrossAttn — training final model for 5 epochs on full CV set …

CrossAttn — Test Set (Overall):
  AUC: 0.7994  AUPRC: 0.2915  Brier: 0.1677  Acc: 0.6812  F1: 0.3540

CrossAttn — Test Set (By Sex):
  [M] n=82  AUC: 0.7168  AUPRC: 0.3110  Brier: 0.2198  Acc: 0.6341  F1: 0.4231
              precision    recall  f1-score   support

      Normal       0.95      0.59      0.73        69
  Sarcopenia       0.28      0.85      0.42        13

    accuracy                           0.63        82
   macro avg       0.62      0.72      0.58        82
weighted avg       0.85      0.63      0.68        82

  [F] n=147  AUC: 0.8449  AUPRC: 0.3348  Brier: 0.1387  Acc: 0.7075  F1: 0.2951
              precision    recall  f1-score   support

      Normal       0.98      0.70      0.82       136
  Sarcopenia       0.18      0.82      0.30        11

    accuracy                           0.71       147
   macro avg       0.58      0.76      0.56       147
weighted avg       0.92      0.71      0.78       147


───────────────────────────────────────────────────────
Test Set — Bootstrap CI
───────────────────────────────────────────────────────

  Bootstrap 95% CI — CrossAttn  (n_boot=2000)
  Metric         Estimate   95% CI Lower   95% CI Upper
  ----------------------------------------------------
  AUC-ROC          0.7994         0.7100         0.8767
  AUPRC            0.2915         0.1782         0.4892
  Brier            0.1677         0.1425         0.1915
  Accuracy         0.6812         0.6201         0.7424
  F1               0.3540         0.2393         0.4660
  [M2/crop80] Saving figures ...

Saved (model 2 (crop80)):
  연구코드/results/0529/liver_pubis_64/model_2\crop80/data_distribution.png
  연구코드/results/0529/liver_pubis_64/model_2\crop80/cv_roc_curves.png
  연구코드/results/0529/liver_pubis_64/model_2\crop80/cv_metric_distribution.png
  연구코드/results/0529/liver_pubis_64/model_2\crop80/training_curves.png
  연구코드/results/0529/liver_pubis_64/model_2\crop80/test_roc_curves.png
  연구코드/results/0529/liver_pubis_64/model_2\crop80/test_roc_by_sex.png
  연구코드/results/0529/liver_pubis_64/model_2\crop80/confusion_matrices.png
  연구코드/results/0529/liver_pubis_64/model_2\crop80/calibration.png
  연구코드/results/0529/liver_pubis_64/model_2\crop80/results.md
  [M2/crop80] Plotting attention maps ...
  연구코드/results/0529/liver_pubis_64/model_2\crop80/attention_map_c2a.png
  연구코드/results/0529/liver_pubis_64/model_2\crop80/attention_heatmap_c2a.png
  연구코드/results/0529/liver_pubis_64/model_2\crop80/attention_map_a2c.png
  연구코드/results/0529/liver_pubis_64/model_2\crop80/attention_heatmap_a2c.png
  [M2/crop80] Plotting Grad-CAM ...
  연구코드/results/0529/liver_pubis_64/model_2\crop80/cam_aec_mean.png
  연구코드/results/0529/liver_pubis_64/model_2\crop80/cam_aec_lines.png
  연구코드/results/0529/liver_pubis_64/model_2\crop80/cam_aec_heatmap.png
  [M2/crop80] Done.

############################################################
  [M2 crop60]  (scale_clinic=True, scale_aec=True)
############################################################
  [M2/crop60] Cross-validating CrossAttn ...
=======================================================
5-Fold CV  [CrossAttn | scale_clin=True, scale_aec=True]
=======================================================

── Fold 1/5 ──────────────────────────────
  CA   — AUC: 0.8390  AUPRC: 0.3906  Brier: 0.1782  Acc: 0.7814  F1: 0.4444  (best ep=24, thresh=0.540)

── Fold 2/5 ──────────────────────────────
  CA   — AUC: 0.8549  AUPRC: 0.5269  Brier: 0.2213  Acc: 0.8689  F1: 0.5556  (best ep=10, thresh=0.795)

── Fold 3/5 ──────────────────────────────
  CA   — AUC: 0.7831  AUPRC: 0.3667  Brier: 0.2044  Acc: 0.6831  F1: 0.3409  (best ep=6, thresh=0.504)

── Fold 4/5 ──────────────────────────────
  CA   — AUC: 0.8139  AUPRC: 0.4075  Brier: 0.1288  Acc: 0.8087  F1: 0.4444  (best ep=89, thresh=0.327)

── Fold 5/5 ──────────────────────────────
  CA   — AUC: 0.8056  AUPRC: 0.2851  Brier: 0.1809  Acc: 0.7692  F1: 0.4167  (best ep=5, thresh=0.544)

===========================================================================
CrossAttn  —  5-Fold CV Summary
===========================================================================
  Fold      AUC-ROC      AUPRC      Brier   Accuracy         F1
  ----------------------------------------------------------
  1          0.8390     0.3906     0.1782     0.7814     0.4444
  2          0.8549     0.5269     0.2213     0.8689     0.5556
  3          0.7831     0.3667     0.2044     0.6831     0.3409
  4          0.8139     0.4075     0.1288     0.8087     0.4444
  5          0.8056     0.2851     0.1809     0.7692     0.4167
  ──────────────────────────────────────────────────────────
  Mean       0.8193     0.3954     0.1827     0.7823     0.4404
  ±Std       0.0252     0.0780     0.0313     0.0604     0.0689
  [M2/crop60] Evaluating on test set (med_epoch=10, thresh=0.540) ...

=======================================================
CrossAttn Test Evaluation  (scale_clin=True, scale_aec=True, threshold=0.540)
=======================================================
CrossAttn — training final model for 10 epochs on full CV set …

CrossAttn — Test Set (Overall):
  AUC: 0.8150  AUPRC: 0.2798  Brier: 0.1644  Acc: 0.7860  F1: 0.4368

CrossAttn — Test Set (By Sex):
  [M] n=82  AUC: 0.7079  AUPRC: 0.2560  Brier: 0.2300  Acc: 0.7195  F1: 0.4889
              precision    recall  f1-score   support

      Normal       0.96      0.70      0.81        69
  Sarcopenia       0.34      0.85      0.49        13

    accuracy                           0.72        82
   macro avg       0.65      0.77      0.65        82
weighted avg       0.86      0.72      0.76        82

  [F] n=147  AUC: 0.8656  AUPRC: 0.3815  Brier: 0.1278  Acc: 0.8231  F1: 0.3810
              precision    recall  f1-score   support

      Normal       0.97      0.83      0.90       136
  Sarcopenia       0.26      0.73      0.38        11

    accuracy                           0.82       147
   macro avg       0.62      0.78      0.64       147
weighted avg       0.92      0.82      0.86       147


───────────────────────────────────────────────────────
Test Set — Bootstrap CI
───────────────────────────────────────────────────────

  Bootstrap 95% CI — CrossAttn  (n_boot=2000)
  Metric         Estimate   95% CI Lower   95% CI Upper
  ----------------------------------------------------
  AUC-ROC          0.8150         0.7313         0.8849
  AUPRC            0.2798         0.1814         0.4551
  Brier            0.1644         0.1361         0.1918
  Accuracy         0.7860         0.7336         0.8384
  F1               0.4368         0.3014         0.5664
  [M2/crop60] Saving figures ...

Saved (model 2 (crop60)):
  연구코드/results/0529/liver_pubis_64/model_2\crop60/data_distribution.png
  연구코드/results/0529/liver_pubis_64/model_2\crop60/cv_roc_curves.png
  연구코드/results/0529/liver_pubis_64/model_2\crop60/cv_metric_distribution.png
  연구코드/results/0529/liver_pubis_64/model_2\crop60/training_curves.png
  연구코드/results/0529/liver_pubis_64/model_2\crop60/test_roc_curves.png
  연구코드/results/0529/liver_pubis_64/model_2\crop60/test_roc_by_sex.png
  연구코드/results/0529/liver_pubis_64/model_2\crop60/confusion_matrices.png
  연구코드/results/0529/liver_pubis_64/model_2\crop60/calibration.png
  연구코드/results/0529/liver_pubis_64/model_2\crop60/results.md
  [M2/crop60] Plotting attention maps ...
  연구코드/results/0529/liver_pubis_64/model_2\crop60/attention_map_c2a.png
  연구코드/results/0529/liver_pubis_64/model_2\crop60/attention_heatmap_c2a.png
  연구코드/results/0529/liver_pubis_64/model_2\crop60/attention_map_a2c.png
  연구코드/results/0529/liver_pubis_64/model_2\crop60/attention_heatmap_a2c.png
  [M2/crop60] Plotting Grad-CAM ...
  연구코드/results/0529/liver_pubis_64/model_2\crop60/cam_aec_mean.png
  연구코드/results/0529/liver_pubis_64/model_2\crop60/cam_aec_lines.png
  연구코드/results/0529/liver_pubis_64/model_2\crop60/cam_aec_heatmap.png
  [M2/crop60] Done.

############################################################
  [M2 excl_extreme]  (scale_clinic=True, scale_aec=True)
############################################################
  [M2/excl_extreme] Cross-validating CrossAttn ...
=======================================================
5-Fold CV  [CrossAttn | scale_clin=True, scale_aec=True]
=======================================================

── Fold 1/5 ──────────────────────────────
  CA   — AUC: 0.8080  AUPRC: 0.3141  Brier: 0.1501  Acc: 0.7455  F1: 0.4000  (best ep=3, thresh=0.437)

── Fold 2/5 ──────────────────────────────
  CA   — AUC: 0.8188  AUPRC: 0.4645  Brier: 0.2389  Acc: 0.8364  F1: 0.4706  (best ep=2, thresh=0.748)

── Fold 3/5 ──────────────────────────────
  CA   — AUC: 0.9160  AUPRC: 0.5675  Brier: 0.1367  Acc: 0.7683  F1: 0.4571  (best ep=2, thresh=0.397)

── Fold 4/5 ──────────────────────────────
  CA   — AUC: 0.7179  AUPRC: 0.2849  Brier: 0.1925  Acc: 0.7012  F1: 0.3288  (best ep=46, thresh=0.372)

── Fold 5/5 ──────────────────────────────
  CA   — AUC: 0.8387  AUPRC: 0.3066  Brier: 0.1654  Acc: 0.7012  F1: 0.3951  (best ep=6, thresh=0.357)

===========================================================================
CrossAttn  —  5-Fold CV Summary
===========================================================================
  Fold      AUC-ROC      AUPRC      Brier   Accuracy         F1
  ----------------------------------------------------------
  1          0.8080     0.3141     0.1501     0.7455     0.4000
  2          0.8188     0.4645     0.2389     0.8364     0.4706
  3          0.9160     0.5675     0.1367     0.7683     0.4571
  4          0.7179     0.2849     0.1925     0.7012     0.3288
  5          0.8387     0.3066     0.1654     0.7012     0.3951
  ──────────────────────────────────────────────────────────
  Mean       0.8199     0.3875     0.1767     0.7505     0.4103
  ±Std       0.0634     0.1102     0.0362     0.0501     0.0506
  [M2/excl_extreme] Evaluating on test set (med_epoch=3, thresh=0.397) ...

=======================================================
CrossAttn Test Evaluation  (scale_clin=True, scale_aec=True, threshold=0.397)
=======================================================
CrossAttn — training final model for 3 epochs on full CV set …

CrossAttn — Test Set (Overall):
  AUC: 0.7737  AUPRC: 0.2800  Brier: 0.2381  Acc: 0.5366  F1: 0.3066

CrossAttn — Test Set (By Sex):
  [M] n=72  AUC: 0.7106  AUPRC: 0.3534  Brier: 0.2517  Acc: 0.5972  F1: 0.4528
              precision    recall  f1-score   support

      Normal       0.97      0.53      0.68        59
  Sarcopenia       0.30      0.92      0.45        13

    accuracy                           0.60        72
   macro avg       0.63      0.72      0.57        72
weighted avg       0.85      0.60      0.64        72

  [F] n=133  AUC: 0.8271  AUPRC: 0.3072  Brier: 0.2307  Acc: 0.5038  F1: 0.2143
              precision    recall  f1-score   support

      Normal       1.00      0.47      0.64       124
  Sarcopenia       0.12      1.00      0.21         9

    accuracy                           0.50       133
   macro avg       0.56      0.73      0.43       133
weighted avg       0.94      0.50      0.61       133


───────────────────────────────────────────────────────
Test Set — Bootstrap CI
───────────────────────────────────────────────────────

  Bootstrap 95% CI — CrossAttn  (n_boot=2000)
  Metric         Estimate   95% CI Lower   95% CI Upper
  ----------------------------------------------------
  AUC-ROC          0.7737         0.6777         0.8582
  AUPRC            0.2800         0.1573         0.4611
  Brier            0.2381         0.2065         0.2716
  Accuracy         0.5366         0.4683         0.6049
  F1               0.3066         0.2016         0.4058
  [M2/excl_extreme] Saving figures ...

Saved (model 2 (excl_extreme)):
  연구코드/results/0529/liver_pubis_64/model_2\excl_extreme/data_distribution.png
  연구코드/results/0529/liver_pubis_64/model_2\excl_extreme/cv_roc_curves.png
  연구코드/results/0529/liver_pubis_64/model_2\excl_extreme/cv_metric_distribution.png
  연구코드/results/0529/liver_pubis_64/model_2\excl_extreme/training_curves.png
  연구코드/results/0529/liver_pubis_64/model_2\excl_extreme/test_roc_curves.png
  연구코드/results/0529/liver_pubis_64/model_2\excl_extreme/test_roc_by_sex.png
  연구코드/results/0529/liver_pubis_64/model_2\excl_extreme/confusion_matrices.png
  연구코드/results/0529/liver_pubis_64/model_2\excl_extreme/calibration.png
  연구코드/results/0529/liver_pubis_64/model_2\excl_extreme/results.md
  [M2/excl_extreme] Plotting attention maps ...
  연구코드/results/0529/liver_pubis_64/model_2\excl_extreme/attention_map_c2a.png
  연구코드/results/0529/liver_pubis_64/model_2\excl_extreme/attention_heatmap_c2a.png
  연구코드/results/0529/liver_pubis_64/model_2\excl_extreme/attention_map_a2c.png
  연구코드/results/0529/liver_pubis_64/model_2\excl_extreme/attention_heatmap_a2c.png
  [M2/excl_extreme] Plotting Grad-CAM ...
  연구코드/results/0529/liver_pubis_64/model_2\excl_extreme/cam_aec_mean.png
  연구코드/results/0529/liver_pubis_64/model_2\excl_extreme/cam_aec_lines.png
  연구코드/results/0529/liver_pubis_64/model_2\excl_extreme/cam_aec_heatmap.png
  [M2/excl_extreme] Done.
