============================================================
  MODEL 3 — Clinic + Scanner + AEC (aec103)  (4 AEC variants)
============================================================

############################################################
  [M3 raw]  (scale_clinic=True, scale_aec=none)
############################################################
  [M3/raw] Cross-validating CrossAttn3 ...
=================================================================
5-Fold CV  [CrossAttn3 | scale_clin=True, scale_aec=none]
=================================================================

── Fold 1/5 ──────────────────────────────
  CA3  — AUC: 0.8359  AUPRC: 0.3593  Brier: 0.2544  Acc: 0.7814  F1: 0.4737  (best ep=225, thresh=0.612)

── Fold 2/5 ──────────────────────────────
  CA3  — AUC: 0.8309  AUPRC: 0.4900  Brier: 0.2047  Acc: 0.7705  F1: 0.4167  (best ep=268, thresh=0.554)

── Fold 3/5 ──────────────────────────────
  CA3  — AUC: 0.7904  AUPRC: 0.3539  Brier: 0.2750  Acc: 0.8415  F1: 0.4528  (best ep=108, thresh=0.711)

── Fold 4/5 ──────────────────────────────
  CA3  — AUC: 0.7940  AUPRC: 0.3570  Brier: 0.2310  Acc: 0.7432  F1: 0.3896  (best ep=95, thresh=0.586)

── Fold 5/5 ──────────────────────────────
  CA3  — AUC: 0.7872  AUPRC: 0.3275  Brier: 0.2405  Acc: 0.8022  F1: 0.4194  (best ep=113, thresh=0.665)

===========================================================================
CrossAttn3  —  5-Fold CV Summary
===========================================================================
  Fold      AUC-ROC      AUPRC      Brier   Accuracy         F1
  ----------------------------------------------------------
  1          0.8359     0.3593     0.2544     0.7814     0.4737
  2          0.8309     0.4900     0.2047     0.7705     0.4167
  3          0.7904     0.3539     0.2750     0.8415     0.4528
  4          0.7940     0.3570     0.2310     0.7432     0.3896
  5          0.7872     0.3275     0.2405     0.8022     0.4194
  ──────────────────────────────────────────────────────────
  Mean       0.8077     0.3775     0.2411     0.7878     0.4304
  ±Std       0.0212     0.0574     0.0235     0.0329     0.0295
  [M3/raw] Evaluating on test set (med_epoch=113, thresh=0.612) ...

=================================================================
CrossAttn3 Test Evaluation  (scale_clin=True, scale_aec=none, threshold=0.612)
=================================================================
CrossAttn3 — training final model for 113 epochs on full CV set …
  [CrossAttn3] Model weights saved → 연구코드/results/0605/stage1_1e-05_epoch500/model_3\crop80\raw\M3_raw_weights.pt

CrossAttn3 — Test Set (Overall):
  AUC: 0.7852  AUPRC: 0.2859  Brier: 0.2659  Acc: 0.7249  F1: 0.3636

CrossAttn3 — Test Set (By Sex):
  [M] n=82  AUC: 0.7213  AUPRC: 0.3353  Brier: 0.2883  Acc: 0.6829  F1: 0.4348
              precision    recall  f1-score   support

      Normal       0.94      0.67      0.78        69
  Sarcopenia       0.30      0.77      0.43        13

    accuracy                           0.68        82
   macro avg       0.62      0.72      0.61        82
weighted avg       0.84      0.68      0.72        82

  [F] n=147  AUC: 0.8282  AUPRC: 0.2836  Brier: 0.2533  Acc: 0.7483  F1: 0.3019
              precision    recall  f1-score   support

      Normal       0.97      0.75      0.85       136
  Sarcopenia       0.19      0.73      0.30        11

    accuracy                           0.75       147
   macro avg       0.58      0.74      0.57       147
weighted avg       0.91      0.75      0.81       147


───────────────────────────────────────────────────────
Test Set — Bootstrap CI
───────────────────────────────────────────────────────

  Bootstrap 95% CI — CrossAttn3  (n_boot=2000)
  Metric         Estimate   95% CI Lower   95% CI Upper
  ----------------------------------------------------
  AUC-ROC          0.7852         0.6969         0.8660
  AUPRC            0.2859         0.1707         0.4583
  Brier            0.2659         0.2388         0.2908
  Accuracy         0.7249         0.6681         0.7860
  F1               0.3636         0.2391         0.4828
  [M3/raw] Saving figures ...

Saved (model 3 (raw)):
  연구코드/results/0605/stage1_1e-05_epoch500/model_3\crop80\raw/data_distribution.png
  연구코드/results/0605/stage1_1e-05_epoch500/model_3\crop80\raw/cv_roc_curves.png
  연구코드/results/0605/stage1_1e-05_epoch500/model_3\crop80\raw/cv_metric_distribution.png
  연구코드/results/0605/stage1_1e-05_epoch500/model_3\crop80\raw/training_curves.png
  연구코드/results/0605/stage1_1e-05_epoch500/model_3\crop80\raw/test_roc_curves.png
  연구코드/results/0605/stage1_1e-05_epoch500/model_3\crop80\raw/test_roc_by_sex.png
  연구코드/results/0605/stage1_1e-05_epoch500/model_3\crop80\raw/confusion_matrices.png
  연구코드/results/0605/stage1_1e-05_epoch500/model_3\crop80\raw/calibration.png
  연구코드/results/0605/stage1_1e-05_epoch500/model_3\crop80\raw/results.md
  [M3/raw] Plotting attention maps ...
  연구코드/results/0605/stage1_1e-05_epoch500/model_3\crop80\raw/attention_map_c2a.png
  연구코드/results/0605/stage1_1e-05_epoch500/model_3\crop80\raw/attention_heatmap_c2a.png
  연구코드/results/0605/stage1_1e-05_epoch500/model_3\crop80\raw/attention_map_a2c.png
  연구코드/results/0605/stage1_1e-05_epoch500/model_3\crop80\raw/attention_heatmap_a2c.png
  [M3/raw] Plotting Grad-CAM ...
  연구코드/results/0605/stage1_1e-05_epoch500/model_3\crop80\raw/cam_aec_mean.png
  연구코드/results/0605/stage1_1e-05_epoch500/model_3\crop80\raw/cam_aec_lines.png
  연구코드/results/0605/stage1_1e-05_epoch500/model_3\crop80\raw/cam_aec_heatmap.png
  [M3/raw] Done.

############################################################
  [M3 std_scaled]  (scale_clinic=True, scale_aec=column)
############################################################
  [M3/std_scaled] Cross-validating CrossAttn3 ...
=================================================================
5-Fold CV  [CrossAttn3 | scale_clin=True, scale_aec=column]
=================================================================

── Fold 1/5 ──────────────────────────────
  CA3  — AUC: 0.8460  AUPRC: 0.4378  Brier: 0.2447  Acc: 0.8251  F1: 0.5152  (best ep=222, thresh=0.647)

── Fold 2/5 ──────────────────────────────
  CA3  — AUC: 0.8556  AUPRC: 0.5081  Brier: 0.2206  Acc: 0.8142  F1: 0.4688  (best ep=126, thresh=0.605)

── Fold 3/5 ──────────────────────────────
  CA3  — AUC: 0.7628  AUPRC: 0.2887  Brier: 0.2600  Acc: 0.8415  F1: 0.4314  (best ep=422, thresh=0.774)

── Fold 4/5 ──────────────────────────────
  CA3  — AUC: 0.7731  AUPRC: 0.3267  Brier: 0.2543  Acc: 0.7760  F1: 0.3881  (best ep=74, thresh=0.648)

── Fold 5/5 ──────────────────────────────
  CA3  — AUC: 0.8043  AUPRC: 0.3815  Brier: 0.2367  Acc: 0.7253  F1: 0.3902  (best ep=181, thresh=0.583)

===========================================================================
CrossAttn3  —  5-Fold CV Summary
===========================================================================
  Fold      AUC-ROC      AUPRC      Brier   Accuracy         F1
  ----------------------------------------------------------
  1          0.8460     0.4378     0.2447     0.8251     0.5152
  2          0.8556     0.5081     0.2206     0.8142     0.4688
  3          0.7628     0.2887     0.2600     0.8415     0.4314
  4          0.7731     0.3267     0.2543     0.7760     0.3881
  5          0.8043     0.3815     0.2367     0.7253     0.3902
  ──────────────────────────────────────────────────────────
  Mean       0.8084     0.3886     0.2432     0.7964     0.4387
  ±Std       0.0374     0.0782     0.0139     0.0416     0.0484
  [M3/std_scaled] Evaluating on test set (med_epoch=181, thresh=0.647) ...

=================================================================
CrossAttn3 Test Evaluation  (scale_clin=True, scale_aec=column, threshold=0.647)
=================================================================
CrossAttn3 — training final model for 181 epochs on full CV set …
  [CrossAttn3] Model weights saved → 연구코드/results/0605/stage1_1e-05_epoch500/model_3\crop80\std_scaled\M3_std_scaled_weights.pt

CrossAttn3 — Test Set (Overall):
  AUC: 0.7868  AUPRC: 0.2657  Brier: 0.2595  Acc: 0.7773  F1: 0.4000

CrossAttn3 — Test Set (By Sex):
  [M] n=82  AUC: 0.6912  AUPRC: 0.2845  Brier: 0.2993  Acc: 0.6829  F1: 0.3810
              precision    recall  f1-score   support

      Normal       0.91      0.70      0.79        69
  Sarcopenia       0.28      0.62      0.38        13

    accuracy                           0.68        82
   macro avg       0.59      0.66      0.58        82
weighted avg       0.81      0.68      0.72        82

  [F] n=147  AUC: 0.8543  AUPRC: 0.2988  Brier: 0.2373  Acc: 0.8299  F1: 0.4186
              precision    recall  f1-score   support

      Normal       0.98      0.83      0.90       136
  Sarcopenia       0.28      0.82      0.42        11

    accuracy                           0.83       147
   macro avg       0.63      0.82      0.66       147
weighted avg       0.93      0.83      0.86       147


───────────────────────────────────────────────────────
Test Set — Bootstrap CI
───────────────────────────────────────────────────────

  Bootstrap 95% CI — CrossAttn3  (n_boot=2000)
  Metric         Estimate   95% CI Lower   95% CI Upper
  ----------------------------------------------------
  AUC-ROC          0.7868         0.6914         0.8682
  AUPRC            0.2657         0.1704         0.4434
  Brier            0.2595         0.2302         0.2871
  Accuracy         0.7773         0.7249         0.8297
  F1               0.4000         0.2632         0.5306
  [M3/std_scaled] Saving figures ...

Saved (model 3 (std_scaled)):
  연구코드/results/0605/stage1_1e-05_epoch500/model_3\crop80\std_scaled/data_distribution.png
  연구코드/results/0605/stage1_1e-05_epoch500/model_3\crop80\std_scaled/cv_roc_curves.png
  연구코드/results/0605/stage1_1e-05_epoch500/model_3\crop80\std_scaled/cv_metric_distribution.png
  연구코드/results/0605/stage1_1e-05_epoch500/model_3\crop80\std_scaled/training_curves.png
  연구코드/results/0605/stage1_1e-05_epoch500/model_3\crop80\std_scaled/test_roc_curves.png
  연구코드/results/0605/stage1_1e-05_epoch500/model_3\crop80\std_scaled/test_roc_by_sex.png
  연구코드/results/0605/stage1_1e-05_epoch500/model_3\crop80\std_scaled/confusion_matrices.png
  연구코드/results/0605/stage1_1e-05_epoch500/model_3\crop80\std_scaled/calibration.png
  연구코드/results/0605/stage1_1e-05_epoch500/model_3\crop80\std_scaled/results.md
  [M3/std_scaled] Plotting attention maps ...
  연구코드/results/0605/stage1_1e-05_epoch500/model_3\crop80\std_scaled/attention_map_c2a.png
  연구코드/results/0605/stage1_1e-05_epoch500/model_3\crop80\std_scaled/attention_heatmap_c2a.png
  연구코드/results/0605/stage1_1e-05_epoch500/model_3\crop80\std_scaled/attention_map_a2c.png
  연구코드/results/0605/stage1_1e-05_epoch500/model_3\crop80\std_scaled/attention_heatmap_a2c.png
  [M3/std_scaled] Plotting Grad-CAM ...
  연구코드/results/0605/stage1_1e-05_epoch500/model_3\crop80\std_scaled/cam_aec_mean.png
  연구코드/results/0605/stage1_1e-05_epoch500/model_3\crop80\std_scaled/cam_aec_lines.png
  연구코드/results/0605/stage1_1e-05_epoch500/model_3\crop80\std_scaled/cam_aec_heatmap.png
  [M3/std_scaled] Done.

############################################################
  [M3 norm]  (scale_clinic=True, scale_aec=none)
############################################################
  [M3/norm] Cross-validating CrossAttn3 ...
=================================================================
5-Fold CV  [CrossAttn3 | scale_clin=True, scale_aec=none]
=================================================================

── Fold 1/5 ──────────────────────────────
  CA3  — AUC: 0.8448  AUPRC: 0.3963  Brier: 0.2420  Acc: 0.8306  F1: 0.5079  (best ep=245, thresh=0.706)

── Fold 2/5 ──────────────────────────────
  CA3  — AUC: 0.8517  AUPRC: 0.4161  Brier: 0.2011  Acc: 0.8033  F1: 0.4545  (best ep=124, thresh=0.576)

── Fold 3/5 ──────────────────────────────
  CA3  — AUC: 0.8001  AUPRC: 0.3509  Brier: 0.2715  Acc: 0.6557  F1: 0.3368  (best ep=82, thresh=0.552)

── Fold 4/5 ──────────────────────────────
  CA3  — AUC: 0.7805  AUPRC: 0.3312  Brier: 0.2169  Acc: 0.7760  F1: 0.4225  (best ep=472, thresh=0.584)

── Fold 5/5 ──────────────────────────────
  CA3  — AUC: 0.7950  AUPRC: 0.4264  Brier: 0.2755  Acc: 0.7198  F1: 0.3704  (best ep=48, thresh=0.599)

===========================================================================
CrossAttn3  —  5-Fold CV Summary
===========================================================================
  Fold      AUC-ROC      AUPRC      Brier   Accuracy         F1
  ----------------------------------------------------------
  1          0.8448     0.3963     0.2420     0.8306     0.5079
  2          0.8517     0.4161     0.2011     0.8033     0.4545
  3          0.8001     0.3509     0.2715     0.6557     0.3368
  4          0.7805     0.3312     0.2169     0.7760     0.4225
  5          0.7950     0.4264     0.2755     0.7198     0.3704
  ──────────────────────────────────────────────────────────
  Mean       0.8144     0.3842     0.2414     0.7571     0.4184
  ±Std       0.0285     0.0370     0.0293     0.0625     0.0605
  [M3/norm] Evaluating on test set (med_epoch=124, thresh=0.584) ...

=================================================================
CrossAttn3 Test Evaluation  (scale_clin=True, scale_aec=none, threshold=0.584)
=================================================================
CrossAttn3 — training final model for 124 epochs on full CV set …
  [CrossAttn3] Model weights saved → 연구코드/results/0605/stage1_1e-05_epoch500/model_3\crop80\norm\M3_norm_weights.pt

CrossAttn3 — Test Set (Overall):
  AUC: 0.8378  AUPRC: 0.3088  Brier: 0.2508  Acc: 0.6769  F1: 0.3729

CrossAttn3 — Test Set (By Sex):
  [M] n=82  AUC: 0.7347  AUPRC: 0.2809  Brier: 0.3082  Acc: 0.6098  F1: 0.4286
              precision    recall  f1-score   support

      Normal       0.97      0.55      0.70        69
  Sarcopenia       0.28      0.92      0.43        13

    accuracy                           0.61        82
   macro avg       0.63      0.74      0.57        82
weighted avg       0.86      0.61      0.66        82

  [F] n=147  AUC: 0.8844  AUPRC: 0.4132  Brier: 0.2188  Acc: 0.7143  F1: 0.3226
              precision    recall  f1-score   support

      Normal       0.99      0.70      0.82       136
  Sarcopenia       0.20      0.91      0.32        11

    accuracy                           0.71       147
   macro avg       0.59      0.80      0.57       147
weighted avg       0.93      0.71      0.78       147


───────────────────────────────────────────────────────
Test Set — Bootstrap CI
───────────────────────────────────────────────────────

  Bootstrap 95% CI — CrossAttn3  (n_boot=2000)
  Metric         Estimate   95% CI Lower   95% CI Upper
  ----------------------------------------------------
  AUC-ROC          0.8378         0.7695         0.8974
  AUPRC            0.3088         0.1998         0.4998
  Brier            0.2508         0.2241         0.2756
  Accuracy         0.6769         0.6157         0.7380
  F1               0.3729         0.2560         0.4849
  [M3/norm] Saving figures ...

Saved (model 3 (norm)):
  연구코드/results/0605/stage1_1e-05_epoch500/model_3\crop80\norm/data_distribution.png
  연구코드/results/0605/stage1_1e-05_epoch500/model_3\crop80\norm/cv_roc_curves.png
  연구코드/results/0605/stage1_1e-05_epoch500/model_3\crop80\norm/cv_metric_distribution.png
  연구코드/results/0605/stage1_1e-05_epoch500/model_3\crop80\norm/training_curves.png
  연구코드/results/0605/stage1_1e-05_epoch500/model_3\crop80\norm/test_roc_curves.png
  연구코드/results/0605/stage1_1e-05_epoch500/model_3\crop80\norm/test_roc_by_sex.png
  연구코드/results/0605/stage1_1e-05_epoch500/model_3\crop80\norm/confusion_matrices.png
  연구코드/results/0605/stage1_1e-05_epoch500/model_3\crop80\norm/calibration.png
  연구코드/results/0605/stage1_1e-05_epoch500/model_3\crop80\norm/results.md
  [M3/norm] Plotting attention maps ...
  연구코드/results/0605/stage1_1e-05_epoch500/model_3\crop80\norm/attention_map_c2a.png
  연구코드/results/0605/stage1_1e-05_epoch500/model_3\crop80\norm/attention_heatmap_c2a.png
  연구코드/results/0605/stage1_1e-05_epoch500/model_3\crop80\norm/attention_map_a2c.png
  연구코드/results/0605/stage1_1e-05_epoch500/model_3\crop80\norm/attention_heatmap_a2c.png
  [M3/norm] Plotting Grad-CAM ...
  연구코드/results/0605/stage1_1e-05_epoch500/model_3\crop80\norm/cam_aec_mean.png
  연구코드/results/0605/stage1_1e-05_epoch500/model_3\crop80\norm/cam_aec_lines.png
  연구코드/results/0605/stage1_1e-05_epoch500/model_3\crop80\norm/cam_aec_heatmap.png
  [M3/norm] Done.

############################################################
  [M3 global_zscore]  (scale_clinic=True, scale_aec=global)
############################################################
  [M3/global_zscore] Cross-validating CrossAttn3 ...
=================================================================
5-Fold CV  [CrossAttn3 | scale_clin=True, scale_aec=global]
=================================================================

── Fold 1/5 ──────────────────────────────
  CA3  — AUC: 0.8307  AUPRC: 0.3846  Brier: 0.2420  Acc: 0.7049  F1: 0.4000  (best ep=403, thresh=0.544)

── Fold 2/5 ──────────────────────────────
  CA3  — AUC: 0.8598  AUPRC: 0.5185  Brier: 0.2204  Acc: 0.7814  F1: 0.4286  (best ep=128, thresh=0.583)

── Fold 3/5 ──────────────────────────────
  CA3  — AUC: 0.8026  AUPRC: 0.3771  Brier: 0.2247  Acc: 0.8415  F1: 0.4727  (best ep=2, thresh=0.498)

── Fold 4/5 ──────────────────────────────
  CA3  — AUC: 0.7924  AUPRC: 0.3405  Brier: 0.2406  Acc: 0.6230  F1: 0.3429  (best ep=79, thresh=0.508)

── Fold 5/5 ──────────────────────────────
  CA3  — AUC: 0.7917  AUPRC: 0.3848  Brier: 0.2321  Acc: 0.6978  F1: 0.3678  (best ep=359, thresh=0.561)

===========================================================================
CrossAttn3  —  5-Fold CV Summary
===========================================================================
  Fold      AUC-ROC      AUPRC      Brier   Accuracy         F1
  ----------------------------------------------------------
  1          0.8307     0.3846     0.2420     0.7049     0.4000
  2          0.8598     0.5185     0.2204     0.7814     0.4286
  3          0.8026     0.3771     0.2247     0.8415     0.4727
  4          0.7924     0.3405     0.2406     0.6230     0.3429
  5          0.7917     0.3848     0.2321     0.6978     0.3678
  ──────────────────────────────────────────────────────────
  Mean       0.8154     0.4011     0.2319     0.7297     0.4024
  ±Std       0.0263     0.0610     0.0085     0.0751     0.0456
  [M3/global_zscore] Evaluating on test set (med_epoch=128, thresh=0.544) ...

=================================================================
CrossAttn3 Test Evaluation  (scale_clin=True, scale_aec=global, threshold=0.544)
=================================================================
CrossAttn3 — training final model for 128 epochs on full CV set …
  [CrossAttn3] Model weights saved → 연구코드/results/0605/stage1_1e-05_epoch500/model_3\crop80\global_zscore\M3_global_zscore_weights.pt

CrossAttn3 — Test Set (Overall):
  AUC: 0.7996  AUPRC: 0.2517  Brier: 0.2587  Acc: 0.6463  F1: 0.3415

CrossAttn3 — Test Set (By Sex):
  [M] n=82  AUC: 0.7068  AUPRC: 0.2620  Brier: 0.2840  Acc: 0.6341  F1: 0.4231
              precision    recall  f1-score   support

      Normal       0.95      0.59      0.73        69
  Sarcopenia       0.28      0.85      0.42        13

    accuracy                           0.63        82
   macro avg       0.62      0.72      0.58        82
weighted avg       0.85      0.63      0.68        82

  [F] n=147  AUC: 0.8570  AUPRC: 0.2764  Brier: 0.2446  Acc: 0.6531  F1: 0.2817
              precision    recall  f1-score   support

      Normal       0.99      0.63      0.77       136
  Sarcopenia       0.17      0.91      0.28        11

    accuracy                           0.65       147
   macro avg       0.58      0.77      0.53       147
weighted avg       0.93      0.65      0.73       147


───────────────────────────────────────────────────────
Test Set — Bootstrap CI
───────────────────────────────────────────────────────

  Bootstrap 95% CI — CrossAttn3  (n_boot=2000)
  Metric         Estimate   95% CI Lower   95% CI Upper
  ----------------------------------------------------
  AUC-ROC          0.7996         0.7054         0.8774
  AUPRC            0.2517         0.1671         0.3996
  Brier            0.2587         0.2318         0.2838
  Accuracy         0.6463         0.5852         0.7074
  F1               0.3415         0.2264         0.4496
  [M3/global_zscore] Saving figures ...

Saved (model 3 (global_zscore)):
  연구코드/results/0605/stage1_1e-05_epoch500/model_3\crop80\global_zscore/data_distribution.png
  연구코드/results/0605/stage1_1e-05_epoch500/model_3\crop80\global_zscore/cv_roc_curves.png
  연구코드/results/0605/stage1_1e-05_epoch500/model_3\crop80\global_zscore/cv_metric_distribution.png
  연구코드/results/0605/stage1_1e-05_epoch500/model_3\crop80\global_zscore/training_curves.png
  연구코드/results/0605/stage1_1e-05_epoch500/model_3\crop80\global_zscore/test_roc_curves.png
  연구코드/results/0605/stage1_1e-05_epoch500/model_3\crop80\global_zscore/test_roc_by_sex.png
  연구코드/results/0605/stage1_1e-05_epoch500/model_3\crop80\global_zscore/confusion_matrices.png
  연구코드/results/0605/stage1_1e-05_epoch500/model_3\crop80\global_zscore/calibration.png
  연구코드/results/0605/stage1_1e-05_epoch500/model_3\crop80\global_zscore/results.md
  [M3/global_zscore] Plotting attention maps ...
  연구코드/results/0605/stage1_1e-05_epoch500/model_3\crop80\global_zscore/attention_map_c2a.png
  연구코드/results/0605/stage1_1e-05_epoch500/model_3\crop80\global_zscore/attention_heatmap_c2a.png
  연구코드/results/0605/stage1_1e-05_epoch500/model_3\crop80\global_zscore/attention_map_a2c.png
  연구코드/results/0605/stage1_1e-05_epoch500/model_3\crop80\global_zscore/attention_heatmap_a2c.png
  [M3/global_zscore] Plotting Grad-CAM ...
  연구코드/results/0605/stage1_1e-05_epoch500/model_3\crop80\global_zscore/cam_aec_mean.png
  연구코드/results/0605/stage1_1e-05_epoch500/model_3\crop80\global_zscore/cam_aec_lines.png
  연구코드/results/0605/stage1_1e-05_epoch500/model_3\crop80\global_zscore/cam_aec_heatmap.png
  [M3/global_zscore] Done.
