============================================================
  MODEL 2 — Clinic + AEC (aec256, FocalLoss)  (5 AEC variants × 1 case)
============================================================

############################################################
  [M2 norm] CASE : scale_clinic  (scale_clinic=True, loss=focal)
############################################################
  [M2/focal/norm/scale_clinic] Cross-validating CrossAttn ...
=======================================================
5-Fold CV  [CrossAttn | scale_clin=True, scale_aec=False]
=======================================================

── Fold 1/5 ──────────────────────────────
  CA   — AUC: 0.8699  AUPRC: 0.5086  Brier: 0.1909  Acc: 0.7581  F1: 0.4444  (best ep=3, thresh=0.492)

── Fold 2/5 ──────────────────────────────
  CA   — AUC: 0.8148  AUPRC: 0.4421  Brier: 0.1960  Acc: 0.8118  F1: 0.4776  (best ep=9, thresh=0.535)

── Fold 3/5 ──────────────────────────────
  CA   — AUC: 0.8196  AUPRC: 0.3577  Brier: 0.2302  Acc: 0.7903  F1: 0.4179  (best ep=4, thresh=0.599)

── Fold 4/5 ──────────────────────────────
  CA   — AUC: 0.8012  AUPRC: 0.3461  Brier: 0.2492  Acc: 0.7849  F1: 0.4444  (best ep=1, thresh=0.593)

── Fold 5/5 ──────────────────────────────
  CA   — AUC: 0.7492  AUPRC: 0.2713  Brier: 0.1765  Acc: 0.6703  F1: 0.3441  (best ep=9, thresh=0.438)

===========================================================================
CrossAttn  —  5-Fold CV Summary
===========================================================================
  Fold      AUC-ROC      AUPRC      Brier   Accuracy         F1
  ----------------------------------------------------------
  1          0.8699     0.5086     0.1909     0.7581     0.4444
  2          0.8148     0.4421     0.1960     0.8118     0.4776
  3          0.8196     0.3577     0.2302     0.7903     0.4179
  4          0.8012     0.3461     0.2492     0.7849     0.4444
  5          0.7492     0.2713     0.1765     0.6703     0.3441
  ──────────────────────────────────────────────────────────
  Mean       0.8109     0.3851     0.2086     0.7631     0.4257
  ±Std       0.0386     0.0821     0.0269     0.0495     0.0450
  [M2/focal/norm/scale_clinic] Evaluating on test set (med_epoch=4, thresh=0.535) ...

=======================================================
CrossAttn Test Evaluation  (scale_clin=True, scale_aec=False, threshold=0.535)
=======================================================
CrossAttn — training final model for 4 epochs on full CV set …

CrossAttn — Test Set (Overall):
  AUC: 0.8267  AUPRC: 0.4512  Brier: 0.1993  Acc: 0.7082  F1: 0.3585

CrossAttn — Test Set (By Sex):
  [M] n=85  AUC: 0.8129  AUPRC: 0.5507  Brier: 0.2304  Acc: 0.6471  F1: 0.4444
              precision    recall  f1-score   support

      Normal       0.96      0.61      0.74        71
  Sarcopenia       0.30      0.86      0.44        14

    accuracy                           0.65        85
   macro avg       0.63      0.73      0.59        85
weighted avg       0.85      0.65      0.69        85

  [F] n=148  AUC: 0.8096  AUPRC: 0.3382  Brier: 0.1815  Acc: 0.7432  F1: 0.2692
              precision    recall  f1-score   support

      Normal       0.96      0.75      0.84       137
  Sarcopenia       0.17      0.64      0.27        11

    accuracy                           0.74       148
   macro avg       0.57      0.69      0.56       148
weighted avg       0.90      0.74      0.80       148


───────────────────────────────────────────────────────
Test Set — Bootstrap CI
───────────────────────────────────────────────────────

  Bootstrap 95% CI — CrossAttn  (n_boot=2000)
  Metric         Estimate   95% CI Lower   95% CI Upper
  ----------------------------------------------------
  AUC-ROC          0.8267         0.7447         0.8998
  AUPRC            0.4512         0.2670         0.6394
  Brier            0.1993         0.1839         0.2154
  Accuracy         0.7082         0.6481         0.7639
  F1               0.3585         0.2430         0.4779
  [M2/focal/norm/scale_clinic] Saving figures ...

Saved (model 2 (norm, focal)):
  연구코드/results/ok+missing/model_2\focal\aec256\norm/data_distribution.png
  연구코드/results/ok+missing/model_2\focal\aec256\norm/cv_roc_curves.png
  연구코드/results/ok+missing/model_2\focal\aec256\norm/cv_metric_distribution.png
  연구코드/results/ok+missing/model_2\focal\aec256\norm/training_curves.png
  연구코드/results/ok+missing/model_2\focal\aec256\norm/test_roc_curves.png
  연구코드/results/ok+missing/model_2\focal\aec256\norm/test_roc_by_sex.png
  연구코드/results/ok+missing/model_2\focal\aec256\norm/confusion_matrices.png
  연구코드/results/ok+missing/model_2\focal\aec256\norm/calibration.png
  연구코드/results/ok+missing/model_2\focal\aec256\norm/results.md
  [M2/focal/norm/scale_clinic] Plotting attention maps ...
  연구코드/results/ok+missing/model_2\focal\aec256\norm/attention_map_c2a.png
  연구코드/results/ok+missing/model_2\focal\aec256\norm/attention_heatmap.png
  [M2/focal/norm/scale_clinic] Done.

############################################################
  [M2 excl_extreme] CASE : scale_clinic  (scale_clinic=True, loss=focal)
############################################################
  [M2/focal/excl_extreme/scale_clinic] Cross-validating CrossAttn ...
=======================================================
5-Fold CV  [CrossAttn | scale_clin=True, scale_aec=False]
=======================================================

── Fold 1/5 ──────────────────────────────
  CA   — AUC: 0.8443  AUPRC: 0.3613  Brier: 0.1858  Acc: 0.8084  F1: 0.4667  (best ep=2, thresh=0.479)

── Fold 2/5 ──────────────────────────────
  CA   — AUC: 0.8961  AUPRC: 0.4405  Brier: 0.1931  Acc: 0.8623  F1: 0.5490  (best ep=12, thresh=0.569)

── Fold 3/5 ──────────────────────────────
  CA   — AUC: 0.7976  AUPRC: 0.3717  Brier: 0.1959  Acc: 0.7605  F1: 0.4118  (best ep=13, thresh=0.579)

── Fold 4/5 ──────────────────────────────
  CA   — AUC: 0.7169  AUPRC: 0.2485  Brier: 0.2074  Acc: 0.8323  F1: 0.3913  (best ep=25, thresh=0.666)

── Fold 5/5 ──────────────────────────────
  CA   — AUC: 0.8988  AUPRC: 0.5101  Brier: 0.2307  Acc: 0.7725  F1: 0.4571  (best ep=1, thresh=0.533)

===========================================================================
CrossAttn  —  5-Fold CV Summary
===========================================================================
  Fold      AUC-ROC      AUPRC      Brier   Accuracy         F1
  ----------------------------------------------------------
  1          0.8443     0.3613     0.1858     0.8084     0.4667
  2          0.8961     0.4405     0.1931     0.8623     0.5490
  3          0.7976     0.3717     0.1959     0.7605     0.4118
  4          0.7169     0.2485     0.2074     0.8323     0.3913
  5          0.8988     0.5101     0.2307     0.7725     0.4571
  ──────────────────────────────────────────────────────────
  Mean       0.8307     0.3864     0.2026     0.8072     0.4552
  ±Std       0.0680     0.0873     0.0157     0.0376     0.0546
  [M2/focal/excl_extreme/scale_clinic] Evaluating on test set (med_epoch=12, thresh=0.569) ...

=======================================================
CrossAttn Test Evaluation  (scale_clin=True, scale_aec=False, threshold=0.569)
=======================================================
CrossAttn — training final model for 12 epochs on full CV set …

CrossAttn — Test Set (Overall):
  AUC: 0.8223  AUPRC: 0.3828  Brier: 0.2003  Acc: 0.7608  F1: 0.3902

CrossAttn — Test Set (By Sex):
  [M] n=71  AUC: 0.8182  AUPRC: 0.4902  Brier: 0.2113  Acc: 0.7183  F1: 0.4737
              precision    recall  f1-score   support

      Normal       0.95      0.70      0.81        60
  Sarcopenia       0.33      0.82      0.47        11

    accuracy                           0.72        71
   macro avg       0.64      0.76      0.64        71
weighted avg       0.86      0.72      0.76        71

  [F] n=138  AUC: 0.8089  AUPRC: 0.2872  Brier: 0.1947  Acc: 0.7826  F1: 0.3182
              precision    recall  f1-score   support

      Normal       0.96      0.80      0.87       127
  Sarcopenia       0.21      0.64      0.32        11

    accuracy                           0.78       138
   macro avg       0.59      0.72      0.59       138
weighted avg       0.90      0.78      0.83       138


───────────────────────────────────────────────────────
Test Set — Bootstrap CI
───────────────────────────────────────────────────────

  Bootstrap 95% CI — CrossAttn  (n_boot=2000)
  Metric         Estimate   95% CI Lower   95% CI Upper
  ----------------------------------------------------
  AUC-ROC          0.8223         0.7378         0.8931
  AUPRC            0.3828         0.2136         0.5731
  Brier            0.2003         0.1838         0.2185
  Accuracy         0.7608         0.7033         0.8182
  F1               0.3902         0.2531         0.5205
  [M2/focal/excl_extreme/scale_clinic] Saving figures ...

Saved (model 2 (excl_extreme, focal)):
  연구코드/results/ok+missing/model_2\focal\aec256\excl_extreme/data_distribution.png
  연구코드/results/ok+missing/model_2\focal\aec256\excl_extreme/cv_roc_curves.png
  연구코드/results/ok+missing/model_2\focal\aec256\excl_extreme/cv_metric_distribution.png
  연구코드/results/ok+missing/model_2\focal\aec256\excl_extreme/training_curves.png
  연구코드/results/ok+missing/model_2\focal\aec256\excl_extreme/test_roc_curves.png
  연구코드/results/ok+missing/model_2\focal\aec256\excl_extreme/test_roc_by_sex.png
  연구코드/results/ok+missing/model_2\focal\aec256\excl_extreme/confusion_matrices.png
  연구코드/results/ok+missing/model_2\focal\aec256\excl_extreme/calibration.png
  연구코드/results/ok+missing/model_2\focal\aec256\excl_extreme/results.md
  [M2/focal/excl_extreme/scale_clinic] Plotting attention maps ...
  연구코드/results/ok+missing/model_2\focal\aec256\excl_extreme/attention_map_c2a.png
  연구코드/results/ok+missing/model_2\focal\aec256\excl_extreme/attention_heatmap.png
  [M2/focal/excl_extreme/scale_clinic] Done.

############################################################
  [M2 len128] CASE : scale_clinic  (scale_clinic=True, loss=focal)
############################################################
  [M2/focal/len128/scale_clinic] Cross-validating CrossAttn ...
=======================================================
5-Fold CV  [CrossAttn | scale_clin=True, scale_aec=False]
=======================================================

── Fold 1/5 ──────────────────────────────
  CA   — AUC: 0.8539  AUPRC: 0.4964  Brier: 0.1662  Acc: 0.6075  F1: 0.3540  (best ep=13, thresh=0.374)

── Fold 2/5 ──────────────────────────────
  CA   — AUC: 0.8491  AUPRC: 0.3850  Brier: 0.1377  Acc: 0.7688  F1: 0.4557  (best ep=41, thresh=0.429)

── Fold 3/5 ──────────────────────────────
  CA   — AUC: 0.7937  AUPRC: 0.3173  Brier: 0.1787  Acc: 0.7527  F1: 0.3947  (best ep=6, thresh=0.504)

── Fold 4/5 ──────────────────────────────
  CA   — AUC: 0.8151  AUPRC: 0.3974  Brier: 0.2255  Acc: 0.8817  F1: 0.5600  (best ep=1, thresh=0.580)

── Fold 5/5 ──────────────────────────────
  CA   — AUC: 0.7984  AUPRC: 0.3079  Brier: 0.2000  Acc: 0.8108  F1: 0.4444  (best ep=40, thresh=0.602)

===========================================================================
CrossAttn  —  5-Fold CV Summary
===========================================================================
  Fold      AUC-ROC      AUPRC      Brier   Accuracy         F1
  ----------------------------------------------------------
  1          0.8539     0.4964     0.1662     0.6075     0.3540
  2          0.8491     0.3850     0.1377     0.7688     0.4557
  3          0.7937     0.3173     0.1787     0.7527     0.3947
  4          0.8151     0.3974     0.2255     0.8817     0.5600
  5          0.7984     0.3079     0.2000     0.8108     0.4444
  ──────────────────────────────────────────────────────────
  Mean       0.8220     0.3808     0.1816     0.7643     0.4418
  ±Std       0.0251     0.0678     0.0298     0.0902     0.0694
  [M2/focal/len128/scale_clinic] Evaluating on test set (med_epoch=13, thresh=0.504) ...

=======================================================
CrossAttn Test Evaluation  (scale_clin=True, scale_aec=False, threshold=0.504)
=======================================================
CrossAttn — training final model for 13 epochs on full CV set …

CrossAttn — Test Set (Overall):
  AUC: 0.8069  AUPRC: 0.4020  Brier: 0.2183  Acc: 0.6223  F1: 0.3333

CrossAttn — Test Set (By Sex):
  [M] n=85  AUC: 0.7988  AUPRC: 0.5135  Brier: 0.2135  Acc: 0.6471  F1: 0.4444
              precision    recall  f1-score   support

      Normal       0.96      0.61      0.74        71
  Sarcopenia       0.30      0.86      0.44        14

    accuracy                           0.65        85
   macro avg       0.63      0.73      0.59        85
weighted avg       0.85      0.65      0.69        85

  [F] n=148  AUC: 0.8056  AUPRC: 0.2924  Brier: 0.2211  Acc: 0.6081  F1: 0.2564
              precision    recall  f1-score   support

      Normal       0.99      0.58      0.73       137
  Sarcopenia       0.15      0.91      0.26        11

    accuracy                           0.61       148
   macro avg       0.57      0.75      0.50       148
weighted avg       0.93      0.61      0.70       148


───────────────────────────────────────────────────────
Test Set — Bootstrap CI
───────────────────────────────────────────────────────

  Bootstrap 95% CI — CrossAttn  (n_boot=2000)
  Metric         Estimate   95% CI Lower   95% CI Upper
  ----------------------------------------------------
  AUC-ROC          0.8069         0.7125         0.8907
  AUPRC            0.4020         0.2357         0.5963
  Brier            0.2183         0.2030         0.2340
  Accuracy         0.6223         0.5622         0.6824
  F1               0.3333         0.2314         0.4387
  [M2/focal/len128/scale_clinic] Saving figures ...

Saved (model 2 (len128, focal)):
  연구코드/results/ok+missing/model_2\focal\aec256\len128/data_distribution.png
  연구코드/results/ok+missing/model_2\focal\aec256\len128/cv_roc_curves.png
  연구코드/results/ok+missing/model_2\focal\aec256\len128/cv_metric_distribution.png
  연구코드/results/ok+missing/model_2\focal\aec256\len128/training_curves.png
  연구코드/results/ok+missing/model_2\focal\aec256\len128/test_roc_curves.png
  연구코드/results/ok+missing/model_2\focal\aec256\len128/test_roc_by_sex.png
  연구코드/results/ok+missing/model_2\focal\aec256\len128/confusion_matrices.png
  연구코드/results/ok+missing/model_2\focal\aec256\len128/calibration.png
  연구코드/results/ok+missing/model_2\focal\aec256\len128/results.md
  [M2/focal/len128/scale_clinic] Plotting attention maps ...
  연구코드/results/ok+missing/model_2\focal\aec256\len128/attention_map_c2a.png
  연구코드/results/ok+missing/model_2\focal\aec256\len128/attention_heatmap.png
  [M2/focal/len128/scale_clinic] Done.

############################################################
  [M2 crop80] CASE : scale_clinic  (scale_clinic=True, loss=focal)
############################################################
  [M2/focal/crop80/scale_clinic] Cross-validating CrossAttn ...
=======================================================
5-Fold CV  [CrossAttn | scale_clin=True, scale_aec=False]
=======================================================

── Fold 1/5 ──────────────────────────────
  CA   — AUC: 0.8437  AUPRC: 0.5364  Brier: 0.2031  Acc: 0.8280  F1: 0.4667  (best ep=9, thresh=0.583)

── Fold 2/5 ──────────────────────────────
  CA   — AUC: 0.8467  AUPRC: 0.4583  Brier: 0.2312  Acc: 0.8172  F1: 0.4848  (best ep=10, thresh=0.619)

── Fold 3/5 ──────────────────────────────
  CA   — AUC: 0.8060  AUPRC: 0.3462  Brier: 0.2155  Acc: 0.6828  F1: 0.3789  (best ep=9, thresh=0.518)

── Fold 4/5 ──────────────────────────────
  CA   — AUC: 0.7940  AUPRC: 0.3186  Brier: 0.2182  Acc: 0.8011  F1: 0.4478  (best ep=1, thresh=0.530)

── Fold 5/5 ──────────────────────────────
  CA   — AUC: 0.7971  AUPRC: 0.3950  Brier: 0.1685  Acc: 0.6811  F1: 0.3656  (best ep=61, thresh=0.507)

===========================================================================
CrossAttn  —  5-Fold CV Summary
===========================================================================
  Fold      AUC-ROC      AUPRC      Brier   Accuracy         F1
  ----------------------------------------------------------
  1          0.8437     0.5364     0.2031     0.8280     0.4667
  2          0.8467     0.4583     0.2312     0.8172     0.4848
  3          0.8060     0.3462     0.2155     0.6828     0.3789
  4          0.7940     0.3186     0.2182     0.8011     0.4478
  5          0.7971     0.3950     0.1685     0.6811     0.3656
  ──────────────────────────────────────────────────────────
  Mean       0.8175     0.4109     0.2073     0.7620     0.4288
  ±Std       0.0230     0.0787     0.0214     0.0659     0.0478
  [M2/focal/crop80/scale_clinic] Evaluating on test set (med_epoch=9, thresh=0.530) ...

=======================================================
CrossAttn Test Evaluation  (scale_clin=True, scale_aec=False, threshold=0.530)
=======================================================
CrossAttn — training final model for 9 epochs on full CV set …

CrossAttn — Test Set (Overall):
  AUC: 0.8013  AUPRC: 0.4345  Brier: 0.2016  Acc: 0.7167  F1: 0.3400

CrossAttn — Test Set (By Sex):
  [M] n=85  AUC: 0.8119  AUPRC: 0.5437  Brier: 0.2124  Acc: 0.6471  F1: 0.4231
              precision    recall  f1-score   support

      Normal       0.94      0.62      0.75        71
  Sarcopenia       0.29      0.79      0.42        14

    accuracy                           0.65        85
   macro avg       0.61      0.70      0.58        85
weighted avg       0.83      0.65      0.69        85

  [F] n=148  AUC: 0.7618  AUPRC: 0.3270  Brier: 0.1954  Acc: 0.7568  F1: 0.2500
              precision    recall  f1-score   support

      Normal       0.95      0.77      0.85       137
  Sarcopenia       0.16      0.55      0.25        11

    accuracy                           0.76       148
   macro avg       0.56      0.66      0.55       148
weighted avg       0.90      0.76      0.81       148


───────────────────────────────────────────────────────
Test Set — Bootstrap CI
───────────────────────────────────────────────────────

  Bootstrap 95% CI — CrossAttn  (n_boot=2000)
  Metric         Estimate   95% CI Lower   95% CI Upper
  ----------------------------------------------------
  AUC-ROC          0.8013         0.7046         0.8904
  AUPRC            0.4345         0.2537         0.6388
  Brier            0.2016         0.1882         0.2151
  Accuracy         0.7167         0.6567         0.7768
  F1               0.3400         0.2200         0.4577
  [M2/focal/crop80/scale_clinic] Saving figures ...

Saved (model 2 (crop80, focal)):
  연구코드/results/ok+missing/model_2\focal\aec256\crop80/data_distribution.png
  연구코드/results/ok+missing/model_2\focal\aec256\crop80/cv_roc_curves.png
  연구코드/results/ok+missing/model_2\focal\aec256\crop80/cv_metric_distribution.png
  연구코드/results/ok+missing/model_2\focal\aec256\crop80/training_curves.png
  연구코드/results/ok+missing/model_2\focal\aec256\crop80/test_roc_curves.png
  연구코드/results/ok+missing/model_2\focal\aec256\crop80/test_roc_by_sex.png
  연구코드/results/ok+missing/model_2\focal\aec256\crop80/confusion_matrices.png
  연구코드/results/ok+missing/model_2\focal\aec256\crop80/calibration.png
  연구코드/results/ok+missing/model_2\focal\aec256\crop80/results.md
  [M2/focal/crop80/scale_clinic] Plotting attention maps ...
  연구코드/results/ok+missing/model_2\focal\aec256\crop80/attention_map_c2a.png
  연구코드/results/ok+missing/model_2\focal\aec256\crop80/attention_heatmap.png
  [M2/focal/crop80/scale_clinic] Done.

############################################################
  [M2 crop60] CASE : scale_clinic  (scale_clinic=True, loss=focal)
############################################################
  [M2/focal/crop60/scale_clinic] Cross-validating CrossAttn ...
=======================================================
5-Fold CV  [CrossAttn | scale_clin=True, scale_aec=False]
=======================================================

── Fold 1/5 ──────────────────────────────
  CA   — AUC: 0.8542  AUPRC: 0.5190  Brier: 0.1811  Acc: 0.8226  F1: 0.4762  (best ep=17, thresh=0.512)

── Fold 2/5 ──────────────────────────────
  CA   — AUC: 0.8536  AUPRC: 0.4966  Brier: 0.1993  Acc: 0.7312  F1: 0.4186  (best ep=5, thresh=0.489)

── Fold 3/5 ──────────────────────────────
  CA   — AUC: 0.7952  AUPRC: 0.3510  Brier: 0.2028  Acc: 0.6828  F1: 0.3789  (best ep=29, thresh=0.488)

── Fold 4/5 ──────────────────────────────
  CA   — AUC: 0.8003  AUPRC: 0.3165  Brier: 0.2058  Acc: 0.7957  F1: 0.4412  (best ep=3, thresh=0.520)

── Fold 5/5 ──────────────────────────────
  CA   — AUC: 0.7888  AUPRC: 0.4073  Brier: 0.1464  Acc: 0.7459  F1: 0.3896  (best ep=98, thresh=0.500)

===========================================================================
CrossAttn  —  5-Fold CV Summary
===========================================================================
  Fold      AUC-ROC      AUPRC      Brier   Accuracy         F1
  ----------------------------------------------------------
  1          0.8542     0.5190     0.1811     0.8226     0.4762
  2          0.8536     0.4966     0.1993     0.7312     0.4186
  3          0.7952     0.3510     0.2028     0.6828     0.3789
  4          0.8003     0.3165     0.2058     0.7957     0.4412
  5          0.7888     0.4073     0.1464     0.7459     0.3896
  ──────────────────────────────────────────────────────────
  Mean       0.8184     0.4181     0.1871     0.7556     0.4209
  ±Std       0.0292     0.0791     0.0221     0.0492     0.0352
  [M2/focal/crop60/scale_clinic] Evaluating on test set (med_epoch=17, thresh=0.500) ...

=======================================================
CrossAttn Test Evaluation  (scale_clin=True, scale_aec=False, threshold=0.500)
=======================================================
CrossAttn — training final model for 17 epochs on full CV set …

CrossAttn — Test Set (Overall):
  AUC: 0.8162  AUPRC: 0.4138  Brier: 0.1932  Acc: 0.6867  F1: 0.3540

CrossAttn — Test Set (By Sex):
  [M] n=85  AUC: 0.8209  AUPRC: 0.5476  Brier: 0.2298  Acc: 0.5765  F1: 0.4000
              precision    recall  f1-score   support

      Normal       0.95      0.52      0.67        71
  Sarcopenia       0.26      0.86      0.40        14

    accuracy                           0.58        85
   macro avg       0.60      0.69      0.54        85
weighted avg       0.84      0.58      0.63        85

  [F] n=148  AUC: 0.7983  AUPRC: 0.2998  Brier: 0.1722  Acc: 0.7500  F1: 0.3019
              precision    recall  f1-score   support

      Normal       0.97      0.75      0.85       137
  Sarcopenia       0.19      0.73      0.30        11

    accuracy                           0.75       148
   macro avg       0.58      0.74      0.57       148
weighted avg       0.91      0.75      0.81       148


───────────────────────────────────────────────────────
Test Set — Bootstrap CI
───────────────────────────────────────────────────────

  Bootstrap 95% CI — CrossAttn  (n_boot=2000)
  Metric         Estimate   95% CI Lower   95% CI Upper
  ----------------------------------------------------
  AUC-ROC          0.8162         0.7248         0.8987
  AUPRC            0.4138         0.2496         0.6128
  Brier            0.1932         0.1756         0.2109
  Accuracy         0.6867         0.6266         0.7468
  F1               0.3540         0.2449         0.4727
  [M2/focal/crop60/scale_clinic] Saving figures ...

Saved (model 2 (crop60, focal)):
  연구코드/results/ok+missing/model_2\focal\aec256\crop60/data_distribution.png
  연구코드/results/ok+missing/model_2\focal\aec256\crop60/cv_roc_curves.png
  연구코드/results/ok+missing/model_2\focal\aec256\crop60/cv_metric_distribution.png
  연구코드/results/ok+missing/model_2\focal\aec256\crop60/training_curves.png
  연구코드/results/ok+missing/model_2\focal\aec256\crop60/test_roc_curves.png
  연구코드/results/ok+missing/model_2\focal\aec256\crop60/test_roc_by_sex.png
  연구코드/results/ok+missing/model_2\focal\aec256\crop60/confusion_matrices.png
  연구코드/results/ok+missing/model_2\focal\aec256\crop60/calibration.png
  연구코드/results/ok+missing/model_2\focal\aec256\crop60/results.md
  [M2/focal/crop60/scale_clinic] Plotting attention maps ...
  연구코드/results/ok+missing/model_2\focal\aec256\crop60/attention_map_c2a.png
  연구코드/results/ok+missing/model_2\focal\aec256\crop60/attention_heatmap.png
  [M2/focal/crop60/scale_clinic] Done.
