============================================================
  MODEL 2_2 — Clinic + AEC Unmatched (aec256, BCEWithLogitsLoss)  (5 AEC variants × 1 case)
============================================================

############################################################
  [M2_2 norm] CASE : scale_clinic  (scale_clinic=True, loss=bce)
############################################################
  [M2_2/bce/norm/scale_clinic] Cross-validating CrossAttn ...
=======================================================
5-Fold CV  [CrossAttn | scale_clin=True, scale_aec=False]
=======================================================

── Fold 1/5 ──────────────────────────────
  CA   — AUC: 0.8474  AUPRC: 0.5274  Brier: 0.1017  Acc: 0.8478  F1: 0.5532  (best ep=74, thresh=0.263)

── Fold 2/5 ──────────────────────────────
  CA   — AUC: 0.7900  AUPRC: 0.3943  Brier: 0.1798  Acc: 0.6667  F1: 0.3947  (best ep=8, thresh=0.303)

── Fold 3/5 ──────────────────────────────
  CA   — AUC: 0.8564  AUPRC: 0.4853  Brier: 0.1799  Acc: 0.8102  F1: 0.5000  (best ep=6, thresh=0.649)

── Fold 4/5 ──────────────────────────────
  CA   — AUC: 0.8445  AUPRC: 0.5514  Brier: 0.2286  Acc: 0.8394  F1: 0.5417  (best ep=35, thresh=0.761)

── Fold 5/5 ──────────────────────────────
  CA   — AUC: 0.8368  AUPRC: 0.3787  Brier: 0.1562  Acc: 0.8102  F1: 0.4800  (best ep=74, thresh=0.547)

===========================================================================
CrossAttn  —  5-Fold CV Summary
===========================================================================
  Fold      AUC-ROC      AUPRC      Brier   Accuracy         F1
  ----------------------------------------------------------
  1          0.8474     0.5274     0.1017     0.8478     0.5532
  2          0.7900     0.3943     0.1798     0.6667     0.3947
  3          0.8564     0.4853     0.1799     0.8102     0.5000
  4          0.8445     0.5514     0.2286     0.8394     0.5417
  5          0.8368     0.3787     0.1562     0.8102     0.4800
  ──────────────────────────────────────────────────────────
  Mean       0.8350     0.4674     0.1692     0.7949     0.4939
  ±Std       0.0234     0.0696     0.0412     0.0659     0.0563
  [M2_2/bce/norm/scale_clinic] Evaluating on test set (med_epoch=35, thresh=0.547) ...

=======================================================
CrossAttn Test Evaluation  (scale_clin=True, scale_aec=False, threshold=0.547)
=======================================================
CrossAttn — training final model for 35 epochs on full CV set …

CrossAttn — Test Set (Overall):
  AUC: 0.7931  AUPRC: 0.4422  Brier: 0.1567  Acc: 0.7442  F1: 0.3714

CrossAttn — Test Set (By Sex):
  [M] n=71  AUC: 0.8606  AUPRC: 0.6003  Brier: 0.1876  Acc: 0.7042  F1: 0.4615
              precision    recall  f1-score   support

      Normal       0.95      0.68      0.80        60
  Sarcopenia       0.32      0.82      0.46        11

    accuracy                           0.70        71
   macro avg       0.64      0.75      0.63        71
weighted avg       0.86      0.70      0.74        71

  [F] n=101  AUC: 0.7319  AUPRC: 0.2790  Brier: 0.1350  Acc: 0.7723  F1: 0.2581
              precision    recall  f1-score   support

      Normal       0.93      0.81      0.87        91
  Sarcopenia       0.19      0.40      0.26        10

    accuracy                           0.77       101
   macro avg       0.56      0.61      0.56       101
weighted avg       0.85      0.77      0.81       101


───────────────────────────────────────────────────────
Test Set — Bootstrap CI
───────────────────────────────────────────────────────

  Bootstrap 95% CI — CrossAttn  (n_boot=2000)
  Metric         Estimate   95% CI Lower   95% CI Upper
  ----------------------------------------------------
  AUC-ROC          0.7931         0.6781         0.8878
  AUPRC            0.4422         0.2443         0.6472
  Brier            0.1567         0.1229         0.1926
  Accuracy         0.7442         0.6744         0.8081
  F1               0.3714         0.2154         0.5075
  [M2_2/bce/norm/scale_clinic] Saving figures ...

Saved (model 2_2 (norm, unmatched, bce)):
  연구코드/results/ok/model_2_2\bce\aec256\norm/data_distribution.png
  연구코드/results/ok/model_2_2\bce\aec256\norm/cv_roc_curves.png
  연구코드/results/ok/model_2_2\bce\aec256\norm/cv_metric_distribution.png
  연구코드/results/ok/model_2_2\bce\aec256\norm/training_curves.png
  연구코드/results/ok/model_2_2\bce\aec256\norm/test_roc_curves.png
  연구코드/results/ok/model_2_2\bce\aec256\norm/test_roc_by_sex.png
  연구코드/results/ok/model_2_2\bce\aec256\norm/confusion_matrices.png
  연구코드/results/ok/model_2_2\bce\aec256\norm/calibration.png
  연구코드/results/ok/model_2_2\bce\aec256\norm/results.md
  [M2_2/bce/norm/scale_clinic] Plotting attention maps ...
  연구코드/results/ok/model_2_2\bce\aec256\norm/attention_map_c2a.png
  연구코드/results/ok/model_2_2\bce\aec256\norm/attention_heatmap.png
  [M2_2/bce/norm/scale_clinic] Done.

############################################################
  [M2_2 excl_extreme] CASE : scale_clinic  (scale_clinic=True, loss=bce)
############################################################
  [M2_2/bce/excl_extreme/scale_clinic] Cross-validating CrossAttn ...
=======================================================
5-Fold CV  [CrossAttn | scale_clin=True, scale_aec=False]
=======================================================

── Fold 1/5 ──────────────────────────────
  CA   — AUC: 0.7908  AUPRC: 0.3415  Brier: 0.2231  Acc: 0.8145  F1: 0.4889  (best ep=6, thresh=0.707)

── Fold 2/5 ──────────────────────────────
  CA   — AUC: 0.8495  AUPRC: 0.5186  Brier: 0.1793  Acc: 0.6774  F1: 0.4286  (best ep=16, thresh=0.372)

── Fold 3/5 ──────────────────────────────
  CA   — AUC: 0.8235  AUPRC: 0.3883  Brier: 0.2172  Acc: 0.7886  F1: 0.4800  (best ep=2, thresh=0.633)

── Fold 4/5 ──────────────────────────────
  CA   — AUC: 0.8512  AUPRC: 0.4654  Brier: 0.2003  Acc: 0.7886  F1: 0.4800  (best ep=9, thresh=0.657)

── Fold 5/5 ──────────────────────────────
  CA   — AUC: 0.7444  AUPRC: 0.2821  Brier: 0.2690  Acc: 0.7154  F1: 0.3860  (best ep=6, thresh=0.650)

===========================================================================
CrossAttn  —  5-Fold CV Summary
===========================================================================
  Fold      AUC-ROC      AUPRC      Brier   Accuracy         F1
  ----------------------------------------------------------
  1          0.7908     0.3415     0.2231     0.8145     0.4889
  2          0.8495     0.5186     0.1793     0.6774     0.4286
  3          0.8235     0.3883     0.2172     0.7886     0.4800
  4          0.8512     0.4654     0.2003     0.7886     0.4800
  5          0.7444     0.2821     0.2690     0.7154     0.3860
  ──────────────────────────────────────────────────────────
  Mean       0.8119     0.3992     0.2178     0.7569     0.4527
  ±Std       0.0402     0.0846     0.0298     0.0517     0.0396
  [M2_2/bce/excl_extreme/scale_clinic] Evaluating on test set (med_epoch=6, thresh=0.650) ...

=======================================================
CrossAttn Test Evaluation  (scale_clin=True, scale_aec=False, threshold=0.650)
=======================================================
CrossAttn — training final model for 6 epochs on full CV set …

CrossAttn — Test Set (Overall):
  AUC: 0.8546  AUPRC: 0.4350  Brier: 0.1935  Acc: 0.7922  F1: 0.4483

CrossAttn — Test Set (By Sex):
  [M] n=63  AUC: 0.8773  AUPRC: 0.5569  Brier: 0.2201  Acc: 0.7619  F1: 0.4828
              precision    recall  f1-score   support

      Normal       0.98      0.75      0.85        55
  Sarcopenia       0.33      0.88      0.48         8

    accuracy                           0.76        63
   macro avg       0.65      0.81      0.66        63
weighted avg       0.89      0.76      0.80        63

  [F] n=91  AUC: 0.8268  AUPRC: 0.3095  Brier: 0.1751  Acc: 0.8132  F1: 0.4138
              precision    recall  f1-score   support

      Normal       0.97      0.82      0.89        83
  Sarcopenia       0.29      0.75      0.41         8

    accuracy                           0.81        91
   macro avg       0.63      0.78      0.65        91
weighted avg       0.91      0.81      0.85        91


───────────────────────────────────────────────────────
Test Set — Bootstrap CI
───────────────────────────────────────────────────────

  Bootstrap 95% CI — CrossAttn  (n_boot=2000)
  Metric         Estimate   95% CI Lower   95% CI Upper
  ----------------------------------------------------
  AUC-ROC          0.8546         0.7505         0.9333
  AUPRC            0.4350         0.2286         0.6550
  Brier            0.1935         0.1598         0.2307
  Accuracy         0.7922         0.7208         0.8571
  F1               0.4483         0.2711         0.5926
  [M2_2/bce/excl_extreme/scale_clinic] Saving figures ...

Saved (model 2_2 (excl_extreme, unmatched, bce)):
  연구코드/results/ok/model_2_2\bce\aec256\excl_extreme/data_distribution.png
  연구코드/results/ok/model_2_2\bce\aec256\excl_extreme/cv_roc_curves.png
  연구코드/results/ok/model_2_2\bce\aec256\excl_extreme/cv_metric_distribution.png
  연구코드/results/ok/model_2_2\bce\aec256\excl_extreme/training_curves.png
  연구코드/results/ok/model_2_2\bce\aec256\excl_extreme/test_roc_curves.png
  연구코드/results/ok/model_2_2\bce\aec256\excl_extreme/test_roc_by_sex.png
  연구코드/results/ok/model_2_2\bce\aec256\excl_extreme/confusion_matrices.png
  연구코드/results/ok/model_2_2\bce\aec256\excl_extreme/calibration.png
  연구코드/results/ok/model_2_2\bce\aec256\excl_extreme/results.md
  [M2_2/bce/excl_extreme/scale_clinic] Plotting attention maps ...
  연구코드/results/ok/model_2_2\bce\aec256\excl_extreme/attention_map_c2a.png
  연구코드/results/ok/model_2_2\bce\aec256\excl_extreme/attention_heatmap.png
  [M2_2/bce/excl_extreme/scale_clinic] Done.

############################################################
  [M2_2 len128] CASE : scale_clinic  (scale_clinic=True, loss=bce)
############################################################
  [M2_2/bce/len128/scale_clinic] Cross-validating CrossAttn ...
=======================================================
5-Fold CV  [CrossAttn | scale_clin=True, scale_aec=False]
=======================================================

── Fold 1/5 ──────────────────────────────
  CA   — AUC: 0.7832  AUPRC: 0.3396  Brier: 0.1381  Acc: 0.6449  F1: 0.3951  (best ep=21, thresh=0.267)

── Fold 2/5 ──────────────────────────────
  CA   — AUC: 0.7910  AUPRC: 0.4042  Brier: 0.1710  Acc: 0.7174  F1: 0.4179  (best ep=12, thresh=0.419)

── Fold 3/5 ──────────────────────────────
  CA   — AUC: 0.8404  AUPRC: 0.4378  Brier: 0.1061  Acc: 0.8394  F1: 0.5417  (best ep=99, thresh=0.389)

── Fold 4/5 ──────────────────────────────
  CA   — AUC: 0.8001  AUPRC: 0.3828  Brier: 0.2319  Acc: 0.7153  F1: 0.4179  (best ep=10, thresh=0.623)

── Fold 5/5 ──────────────────────────────
  CA   — AUC: 0.8456  AUPRC: 0.3534  Brier: 0.2321  Acc: 0.7956  F1: 0.5000  (best ep=18, thresh=0.695)

===========================================================================
CrossAttn  —  5-Fold CV Summary
===========================================================================
  Fold      AUC-ROC      AUPRC      Brier   Accuracy         F1
  ----------------------------------------------------------
  1          0.7832     0.3396     0.1381     0.6449     0.3951
  2          0.7910     0.4042     0.1710     0.7174     0.4179
  3          0.8404     0.4378     0.1061     0.8394     0.5417
  4          0.8001     0.3828     0.2319     0.7153     0.4179
  5          0.8456     0.3534     0.2321     0.7956     0.5000
  ──────────────────────────────────────────────────────────
  Mean       0.8120     0.3835     0.1758     0.7425     0.4545
  ±Std       0.0259     0.0352     0.0503     0.0680     0.0564
  [M2_2/bce/len128/scale_clinic] Evaluating on test set (med_epoch=18, thresh=0.419) ...

=======================================================
CrossAttn Test Evaluation  (scale_clin=True, scale_aec=False, threshold=0.419)
=======================================================
CrossAttn — training final model for 18 epochs on full CV set …

CrossAttn — Test Set (Overall):
  AUC: 0.7887  AUPRC: 0.3915  Brier: 0.1946  Acc: 0.6686  F1: 0.3736

CrossAttn — Test Set (By Sex):
  [M] n=71  AUC: 0.8242  AUPRC: 0.5567  Brier: 0.2527  Acc: 0.5493  F1: 0.3846
              precision    recall  f1-score   support

      Normal       0.97      0.48      0.64        60
  Sarcopenia       0.24      0.91      0.38        11

    accuracy                           0.55        71
   macro avg       0.61      0.70      0.51        71
weighted avg       0.85      0.55      0.60        71

  [F] n=101  AUC: 0.7648  AUPRC: 0.2498  Brier: 0.1537  Acc: 0.7525  F1: 0.3590
              precision    recall  f1-score   support

      Normal       0.96      0.76      0.85        91
  Sarcopenia       0.24      0.70      0.36        10

    accuracy                           0.75       101
   macro avg       0.60      0.73      0.60       101
weighted avg       0.89      0.75      0.80       101


───────────────────────────────────────────────────────
Test Set — Bootstrap CI
───────────────────────────────────────────────────────

  Bootstrap 95% CI — CrossAttn  (n_boot=2000)
  Metric         Estimate   95% CI Lower   95% CI Upper
  ----------------------------------------------------
  AUC-ROC          0.7887         0.6709         0.8868
  AUPRC            0.3915         0.2063         0.5895
  Brier            0.1946         0.1566         0.2357
  Accuracy         0.6686         0.5930         0.7384
  F1               0.3736         0.2353         0.5000
  [M2_2/bce/len128/scale_clinic] Saving figures ...

Saved (model 2_2 (len128, unmatched, bce)):
  연구코드/results/ok/model_2_2\bce\aec256\len128/data_distribution.png
  연구코드/results/ok/model_2_2\bce\aec256\len128/cv_roc_curves.png
  연구코드/results/ok/model_2_2\bce\aec256\len128/cv_metric_distribution.png
  연구코드/results/ok/model_2_2\bce\aec256\len128/training_curves.png
  연구코드/results/ok/model_2_2\bce\aec256\len128/test_roc_curves.png
  연구코드/results/ok/model_2_2\bce\aec256\len128/test_roc_by_sex.png
  연구코드/results/ok/model_2_2\bce\aec256\len128/confusion_matrices.png
  연구코드/results/ok/model_2_2\bce\aec256\len128/calibration.png
  연구코드/results/ok/model_2_2\bce\aec256\len128/results.md
  [M2_2/bce/len128/scale_clinic] Plotting attention maps ...
  연구코드/results/ok/model_2_2\bce\aec256\len128/attention_map_c2a.png
  연구코드/results/ok/model_2_2\bce\aec256\len128/attention_heatmap.png
  [M2_2/bce/len128/scale_clinic] Done.

############################################################
  [M2_2 crop80] CASE : scale_clinic  (scale_clinic=True, loss=bce)
############################################################
  [M2_2/bce/crop80/scale_clinic] Cross-validating CrossAttn ...
=======================================================
5-Fold CV  [CrossAttn | scale_clin=True, scale_aec=False]
=======================================================

── Fold 1/5 ──────────────────────────────
  CA   — AUC: 0.7462  AUPRC: 0.3576  Brier: 0.1642  Acc: 0.6884  F1: 0.3768  (best ep=12, thresh=0.340)

── Fold 2/5 ──────────────────────────────
  CA   — AUC: 0.8002  AUPRC: 0.4217  Brier: 0.1947  Acc: 0.6884  F1: 0.4110  (best ep=11, thresh=0.475)

── Fold 3/5 ──────────────────────────────
  CA   — AUC: 0.8037  AUPRC: 0.3504  Brier: 0.1974  Acc: 0.6861  F1: 0.4110  (best ep=7, thresh=0.449)

── Fold 4/5 ──────────────────────────────
  CA   — AUC: 0.8332  AUPRC: 0.4843  Brier: 0.1801  Acc: 0.9124  F1: 0.6667  (best ep=57, thresh=0.688)

── Fold 5/5 ──────────────────────────────
  CA   — AUC: 0.8332  AUPRC: 0.3162  Brier: 0.2178  Acc: 0.6788  F1: 0.4054  (best ep=4, thresh=0.512)

===========================================================================
CrossAttn  —  5-Fold CV Summary
===========================================================================
  Fold      AUC-ROC      AUPRC      Brier   Accuracy         F1
  ----------------------------------------------------------
  1          0.7462     0.3576     0.1642     0.6884     0.3768
  2          0.8002     0.4217     0.1947     0.6884     0.4110
  3          0.8037     0.3504     0.1974     0.6861     0.4110
  4          0.8332     0.4843     0.1801     0.9124     0.6667
  5          0.8332     0.3162     0.2178     0.6788     0.4054
  ──────────────────────────────────────────────────────────
  Mean       0.8033     0.3861     0.1908     0.7308     0.4542
  ±Std       0.0318     0.0598     0.0180     0.0909     0.1070
  [M2_2/bce/crop80/scale_clinic] Evaluating on test set (med_epoch=11, thresh=0.475) ...

=======================================================
CrossAttn Test Evaluation  (scale_clin=True, scale_aec=False, threshold=0.475)
=======================================================
CrossAttn — training final model for 11 epochs on full CV set …

CrossAttn — Test Set (Overall):
  AUC: 0.8051  AUPRC: 0.3982  Brier: 0.1821  Acc: 0.7151  F1: 0.4096

CrossAttn — Test Set (By Sex):
  [M] n=71  AUC: 0.8136  AUPRC: 0.5076  Brier: 0.2314  Acc: 0.5915  F1: 0.4082
              precision    recall  f1-score   support

      Normal       0.97      0.53      0.69        60
  Sarcopenia       0.26      0.91      0.41        11

    accuracy                           0.59        71
   macro avg       0.62      0.72      0.55        71
weighted avg       0.86      0.59      0.64        71

  [F] n=101  AUC: 0.7945  AUPRC: 0.2941  Brier: 0.1475  Acc: 0.8020  F1: 0.4118
              precision    recall  f1-score   support

      Normal       0.96      0.81      0.88        91
  Sarcopenia       0.29      0.70      0.41        10

    accuracy                           0.80       101
   macro avg       0.63      0.76      0.65       101
weighted avg       0.89      0.80      0.83       101


───────────────────────────────────────────────────────
Test Set — Bootstrap CI
───────────────────────────────────────────────────────

  Bootstrap 95% CI — CrossAttn  (n_boot=2000)
  Metric         Estimate   95% CI Lower   95% CI Upper
  ----------------------------------------------------
  AUC-ROC          0.8051         0.6848         0.9031
  AUPRC            0.3982         0.2251         0.6092
  Brier            0.1821         0.1479         0.2186
  Accuracy         0.7151         0.6453         0.7849
  F1               0.4096         0.2692         0.5429
  [M2_2/bce/crop80/scale_clinic] Saving figures ...

Saved (model 2_2 (crop80, unmatched, bce)):
  연구코드/results/ok/model_2_2\bce\aec256\crop80/data_distribution.png
  연구코드/results/ok/model_2_2\bce\aec256\crop80/cv_roc_curves.png
  연구코드/results/ok/model_2_2\bce\aec256\crop80/cv_metric_distribution.png
  연구코드/results/ok/model_2_2\bce\aec256\crop80/training_curves.png
  연구코드/results/ok/model_2_2\bce\aec256\crop80/test_roc_curves.png
  연구코드/results/ok/model_2_2\bce\aec256\crop80/test_roc_by_sex.png
  연구코드/results/ok/model_2_2\bce\aec256\crop80/confusion_matrices.png
  연구코드/results/ok/model_2_2\bce\aec256\crop80/calibration.png
  연구코드/results/ok/model_2_2\bce\aec256\crop80/results.md
  [M2_2/bce/crop80/scale_clinic] Plotting attention maps ...
  연구코드/results/ok/model_2_2\bce\aec256\crop80/attention_map_c2a.png
  연구코드/results/ok/model_2_2\bce\aec256\crop80/attention_heatmap.png
  [M2_2/bce/crop80/scale_clinic] Done.

############################################################
  [M2_2 crop60] CASE : scale_clinic  (scale_clinic=True, loss=bce)
############################################################
  [M2_2/bce/crop60/scale_clinic] Cross-validating CrossAttn ...
=======================================================
5-Fold CV  [CrossAttn | scale_clin=True, scale_aec=False]
=======================================================

── Fold 1/5 ──────────────────────────────
  CA   — AUC: 0.7783  AUPRC: 0.3681  Brier: 0.1515  Acc: 0.6739  F1: 0.3662  (best ep=20, thresh=0.345)

── Fold 2/5 ──────────────────────────────
  CA   — AUC: 0.8196  AUPRC: 0.4016  Brier: 0.1906  Acc: 0.6812  F1: 0.4211  (best ep=52, thresh=0.477)

── Fold 3/5 ──────────────────────────────
  CA   — AUC: 0.8409  AUPRC: 0.4122  Brier: 0.1193  Acc: 0.7226  F1: 0.4242  (best ep=6, thresh=0.346)

── Fold 4/5 ──────────────────────────────
  CA   — AUC: 0.8249  AUPRC: 0.4003  Brier: 0.2477  Acc: 0.7518  F1: 0.4688  (best ep=60, thresh=0.672)

── Fold 5/5 ──────────────────────────────
  CA   — AUC: 0.8600  AUPRC: 0.5852  Brier: 0.1717  Acc: 0.7518  F1: 0.4516  (best ep=80, thresh=0.472)

===========================================================================
CrossAttn  —  5-Fold CV Summary
===========================================================================
  Fold      AUC-ROC      AUPRC      Brier   Accuracy         F1
  ----------------------------------------------------------
  1          0.7783     0.3681     0.1515     0.6739     0.3662
  2          0.8196     0.4016     0.1906     0.6812     0.4211
  3          0.8409     0.4122     0.1193     0.7226     0.4242
  4          0.8249     0.4003     0.2477     0.7518     0.4688
  5          0.8600     0.5852     0.1717     0.7518     0.4516
  ──────────────────────────────────────────────────────────
  Mean       0.8248     0.4335     0.1761     0.7163     0.4264
  ±Std       0.0272     0.0773     0.0429     0.0335     0.0349
  [M2_2/bce/crop60/scale_clinic] Evaluating on test set (med_epoch=52, thresh=0.472) ...

=======================================================
CrossAttn Test Evaluation  (scale_clin=True, scale_aec=False, threshold=0.472)
=======================================================
CrossAttn — training final model for 52 epochs on full CV set …

CrossAttn — Test Set (Overall):
  AUC: 0.8098  AUPRC: 0.4034  Brier: 0.1933  Acc: 0.7442  F1: 0.4500

CrossAttn — Test Set (By Sex):
  [M] n=71  AUC: 0.7955  AUPRC: 0.5163  Brier: 0.2482  Acc: 0.6761  F1: 0.4390
              precision    recall  f1-score   support

      Normal       0.95      0.65      0.77        60
  Sarcopenia       0.30      0.82      0.44        11

    accuracy                           0.68        71
   macro avg       0.63      0.73      0.61        71
weighted avg       0.85      0.68      0.72        71

  [F] n=101  AUC: 0.8264  AUPRC: 0.3219  Brier: 0.1547  Acc: 0.7921  F1: 0.4615
              precision    recall  f1-score   support

      Normal       0.99      0.78      0.87        91
  Sarcopenia       0.31      0.90      0.46        10

    accuracy                           0.79       101
   macro avg       0.65      0.84      0.67       101
weighted avg       0.92      0.79      0.83       101


───────────────────────────────────────────────────────
Test Set — Bootstrap CI
───────────────────────────────────────────────────────

  Bootstrap 95% CI — CrossAttn  (n_boot=2000)
  Metric         Estimate   95% CI Lower   95% CI Upper
  ----------------------------------------------------
  AUC-ROC          0.8098         0.6875         0.9054
  AUPRC            0.4034         0.2319         0.6208
  Brier            0.1933         0.1506         0.2392
  Accuracy         0.7442         0.6744         0.8081
  F1               0.4500         0.3077         0.5814
  [M2_2/bce/crop60/scale_clinic] Saving figures ...

Saved (model 2_2 (crop60, unmatched, bce)):
  연구코드/results/ok/model_2_2\bce\aec256\crop60/data_distribution.png
  연구코드/results/ok/model_2_2\bce\aec256\crop60/cv_roc_curves.png
  연구코드/results/ok/model_2_2\bce\aec256\crop60/cv_metric_distribution.png
  연구코드/results/ok/model_2_2\bce\aec256\crop60/training_curves.png
  연구코드/results/ok/model_2_2\bce\aec256\crop60/test_roc_curves.png
  연구코드/results/ok/model_2_2\bce\aec256\crop60/test_roc_by_sex.png
  연구코드/results/ok/model_2_2\bce\aec256\crop60/confusion_matrices.png
  연구코드/results/ok/model_2_2\bce\aec256\crop60/calibration.png
  연구코드/results/ok/model_2_2\bce\aec256\crop60/results.md
  [M2_2/bce/crop60/scale_clinic] Plotting attention maps ...
  연구코드/results/ok/model_2_2\bce\aec256\crop60/attention_map_c2a.png
  연구코드/results/ok/model_2_2\bce\aec256\crop60/attention_heatmap.png
  [M2_2/bce/crop60/scale_clinic] Done.
