============================================================
  MODEL 2_2 — Clinic + AEC Unmatched (aec103)  (4 AEC variants)
============================================================

############################################################
  [M2_2 raw]  (scale_clinic=True, scale_aec=none)
############################################################
  [M2_2/raw] Cross-validating CrossAttn ...
=======================================================
5-Fold CV  [CrossAttn | scale_clin=True, scale_aec=none]
=======================================================

── Fold 1/5 ──────────────────────────────
  CA   — AUC: 0.7794  AUPRC: 0.2977  Brier: 0.2778  Acc: 0.5410  F1: 0.3115  (best ep=203, thresh=0.505)

── Fold 2/5 ──────────────────────────────
  CA   — AUC: 0.7455  AUPRC: 0.2937  Brier: 0.2441  Acc: 0.6721  F1: 0.3182  (best ep=358, thresh=0.543)

── Fold 3/5 ──────────────────────────────
  CA   — AUC: 0.7503  AUPRC: 0.2355  Brier: 0.2782  Acc: 0.6448  F1: 0.3299  (best ep=391, thresh=0.560)

── Fold 4/5 ──────────────────────────────
  CA   — AUC: 0.6810  AUPRC: 0.2028  Brier: 0.2472  Acc: 0.5355  F1: 0.2735  (best ep=490, thresh=0.459)

── Fold 5/5 ──────────────────────────────
  CA   — AUC: 0.7846  AUPRC: 0.3345  Brier: 0.2569  Acc: 0.6868  F1: 0.3736  (best ep=495, thresh=0.569)

===========================================================================
CrossAttn  —  5-Fold CV Summary
===========================================================================
  Fold      AUC-ROC      AUPRC      Brier   Accuracy         F1
  ----------------------------------------------------------
  1          0.7794     0.2977     0.2778     0.5410     0.3115
  2          0.7455     0.2937     0.2441     0.6721     0.3182
  3          0.7503     0.2355     0.2782     0.6448     0.3299
  4          0.6810     0.2028     0.2472     0.5355     0.2735
  5          0.7846     0.3345     0.2569     0.6868     0.3736
  ──────────────────────────────────────────────────────────
  Mean       0.7482     0.2728     0.2608     0.6161     0.3213
  ±Std       0.0370     0.0472     0.0146     0.0650     0.0323
  [M2_2/raw] Evaluating on test set (med_epoch=391, thresh=0.543) ...

=======================================================
CrossAttn Test Evaluation  (scale_clin=True, scale_aec=none, threshold=0.543)
=======================================================
CrossAttn — training final model for 391 epochs on full CV set …
  [CrossAttn] Model weights saved → 연구코드/results/0605_2/stage0_1e-05_epoch500/model_2_2\crop80\raw\M2_2_raw_weights.pt

CrossAttn — Test Set (Overall):
  AUC: 0.7963  AUPRC: 0.3005  Brier: 0.2642  Acc: 0.6376  F1: 0.3465

CrossAttn — Test Set (By Sex):
  [M] n=82  AUC: 0.7402  AUPRC: 0.3500  Brier: 0.3010  Acc: 0.5854  F1: 0.3929
              precision    recall  f1-score   support

      Normal       0.95      0.54      0.69        69
  Sarcopenia       0.26      0.85      0.39        13

    accuracy                           0.59        82
   macro avg       0.60      0.69      0.54        82
weighted avg       0.84      0.59      0.64        82

  [F] n=147  AUC: 0.8195  AUPRC: 0.3025  Brier: 0.2437  Acc: 0.6667  F1: 0.3099
              precision    recall  f1-score   support

      Normal       1.00      0.64      0.78       136
  Sarcopenia       0.18      1.00      0.31        11

    accuracy                           0.67       147
   macro avg       0.59      0.82      0.55       147
weighted avg       0.94      0.67      0.75       147


───────────────────────────────────────────────────────
Test Set — Bootstrap CI
───────────────────────────────────────────────────────

  Bootstrap 95% CI — CrossAttn  (n_boot=2000)
  Metric         Estimate   95% CI Lower   95% CI Upper
  ----------------------------------------------------
  AUC-ROC          0.7963         0.7179         0.8647
  AUPRC            0.3005         0.1750         0.4778
  Brier            0.2642         0.2381         0.2892
  Accuracy         0.6376         0.5764         0.6987
  F1               0.3465         0.2314         0.4561
  [M2_2/raw] Saving figures ...

Saved (model 2_2 (raw, unmatched)):
  연구코드/results/0605_2/stage0_1e-05_epoch500/model_2_2\crop80\raw/data_distribution.png
  연구코드/results/0605_2/stage0_1e-05_epoch500/model_2_2\crop80\raw/cv_roc_curves.png
  연구코드/results/0605_2/stage0_1e-05_epoch500/model_2_2\crop80\raw/cv_metric_distribution.png
  연구코드/results/0605_2/stage0_1e-05_epoch500/model_2_2\crop80\raw/training_curves.png
  연구코드/results/0605_2/stage0_1e-05_epoch500/model_2_2\crop80\raw/test_roc_curves.png
  연구코드/results/0605_2/stage0_1e-05_epoch500/model_2_2\crop80\raw/test_roc_by_sex.png
  연구코드/results/0605_2/stage0_1e-05_epoch500/model_2_2\crop80\raw/confusion_matrices.png
  연구코드/results/0605_2/stage0_1e-05_epoch500/model_2_2\crop80\raw/calibration.png
  연구코드/results/0605_2/stage0_1e-05_epoch500/model_2_2\crop80\raw/results.md
  [M2_2/raw] Plotting attention maps ...
  연구코드/results/0605_2/stage0_1e-05_epoch500/model_2_2\crop80\raw/attention_map_c2a.png
  연구코드/results/0605_2/stage0_1e-05_epoch500/model_2_2\crop80\raw/attention_heatmap_c2a.png
  연구코드/results/0605_2/stage0_1e-05_epoch500/model_2_2\crop80\raw/attention_map_a2c.png
  연구코드/results/0605_2/stage0_1e-05_epoch500/model_2_2\crop80\raw/attention_heatmap_a2c.png
  [M2_2/raw] Plotting Grad-CAM ...
  연구코드/results/0605_2/stage0_1e-05_epoch500/model_2_2\crop80\raw/cam_aec_mean.png
  연구코드/results/0605_2/stage0_1e-05_epoch500/model_2_2\crop80\raw/cam_aec_lines.png
  연구코드/results/0605_2/stage0_1e-05_epoch500/model_2_2\crop80\raw/cam_aec_heatmap.png
  [M2_2/raw] Done.

############################################################
  [M2_2 std_scaled]  (scale_clinic=True, scale_aec=column)
############################################################
  [M2_2/std_scaled] Cross-validating CrossAttn ...
=======================================================
5-Fold CV  [CrossAttn | scale_clin=True, scale_aec=column]
=======================================================

── Fold 1/5 ──────────────────────────────
  CA   — AUC: 0.7656  AUPRC: 0.2751  Brier: 0.2700  Acc: 0.6175  F1: 0.3269  (best ep=215, thresh=0.550)

── Fold 2/5 ──────────────────────────────
  CA   — AUC: 0.8427  AUPRC: 0.4443  Brier: 0.2418  Acc: 0.7268  F1: 0.4048  (best ep=462, thresh=0.575)

── Fold 3/5 ──────────────────────────────
  CA   — AUC: 0.7478  AUPRC: 0.2781  Brier: 0.2824  Acc: 0.8197  F1: 0.4000  (best ep=407, thresh=0.729)

── Fold 4/5 ──────────────────────────────
  CA   — AUC: 0.7622  AUPRC: 0.3326  Brier: 0.2341  Acc: 0.8251  F1: 0.4286  (best ep=230, thresh=0.678)

── Fold 5/5 ──────────────────────────────
  CA   — AUC: 0.7640  AUPRC: 0.3263  Brier: 0.2446  Acc: 0.6319  F1: 0.3366  (best ep=391, thresh=0.471)

===========================================================================
CrossAttn  —  5-Fold CV Summary
===========================================================================
  Fold      AUC-ROC      AUPRC      Brier   Accuracy         F1
  ----------------------------------------------------------
  1          0.7656     0.2751     0.2700     0.6175     0.3269
  2          0.8427     0.4443     0.2418     0.7268     0.4048
  3          0.7478     0.2781     0.2824     0.8197     0.4000
  4          0.7622     0.3326     0.2341     0.8251     0.4286
  5          0.7640     0.3263     0.2446     0.6319     0.3366
  ──────────────────────────────────────────────────────────
  Mean       0.7765     0.3313     0.2546     0.7242     0.3794
  ±Std       0.0337     0.0613     0.0184     0.0886     0.0402
  [M2_2/std_scaled] Evaluating on test set (med_epoch=391, thresh=0.575) ...

=======================================================
CrossAttn Test Evaluation  (scale_clin=True, scale_aec=column, threshold=0.575)
=======================================================
CrossAttn — training final model for 391 epochs on full CV set …
  [CrossAttn] Model weights saved → 연구코드/results/0605_2/stage0_1e-05_epoch500/model_2_2\crop80\std_scaled\M2_2_std_scaled_weights.pt

CrossAttn — Test Set (Overall):
  AUC: 0.7654  AUPRC: 0.2952  Brier: 0.2611  Acc: 0.6856  F1: 0.3333

CrossAttn — Test Set (By Sex):
  [M] n=82  AUC: 0.7347  AUPRC: 0.3468  Brier: 0.2983  Acc: 0.6220  F1: 0.4151
              precision    recall  f1-score   support

      Normal       0.95      0.58      0.72        69
  Sarcopenia       0.28      0.85      0.42        13

    accuracy                           0.62        82
   macro avg       0.61      0.71      0.57        82
weighted avg       0.84      0.62      0.67        82

  [F] n=147  AUC: 0.7547  AUPRC: 0.2841  Brier: 0.2403  Acc: 0.7211  F1: 0.2545
              precision    recall  f1-score   support

      Normal       0.96      0.73      0.83       136
  Sarcopenia       0.16      0.64      0.25        11

    accuracy                           0.72       147
   macro avg       0.56      0.68      0.54       147
weighted avg       0.90      0.72      0.79       147


───────────────────────────────────────────────────────
Test Set — Bootstrap CI
───────────────────────────────────────────────────────

  Bootstrap 95% CI — CrossAttn  (n_boot=2000)
  Metric         Estimate   95% CI Lower   95% CI Upper
  ----------------------------------------------------
  AUC-ROC          0.7654         0.6780         0.8491
  AUPRC            0.2952         0.1634         0.4826
  Brier            0.2611         0.2347         0.2870
  Accuracy         0.6856         0.6245         0.7467
  F1               0.3333         0.2173         0.4500
  [M2_2/std_scaled] Saving figures ...

Saved (model 2_2 (std_scaled, unmatched)):
  연구코드/results/0605_2/stage0_1e-05_epoch500/model_2_2\crop80\std_scaled/data_distribution.png
  연구코드/results/0605_2/stage0_1e-05_epoch500/model_2_2\crop80\std_scaled/cv_roc_curves.png
  연구코드/results/0605_2/stage0_1e-05_epoch500/model_2_2\crop80\std_scaled/cv_metric_distribution.png
  연구코드/results/0605_2/stage0_1e-05_epoch500/model_2_2\crop80\std_scaled/training_curves.png
  연구코드/results/0605_2/stage0_1e-05_epoch500/model_2_2\crop80\std_scaled/test_roc_curves.png
  연구코드/results/0605_2/stage0_1e-05_epoch500/model_2_2\crop80\std_scaled/test_roc_by_sex.png
  연구코드/results/0605_2/stage0_1e-05_epoch500/model_2_2\crop80\std_scaled/confusion_matrices.png
  연구코드/results/0605_2/stage0_1e-05_epoch500/model_2_2\crop80\std_scaled/calibration.png
  연구코드/results/0605_2/stage0_1e-05_epoch500/model_2_2\crop80\std_scaled/results.md
  [M2_2/std_scaled] Plotting attention maps ...
  연구코드/results/0605_2/stage0_1e-05_epoch500/model_2_2\crop80\std_scaled/attention_map_c2a.png
  연구코드/results/0605_2/stage0_1e-05_epoch500/model_2_2\crop80\std_scaled/attention_heatmap_c2a.png
  연구코드/results/0605_2/stage0_1e-05_epoch500/model_2_2\crop80\std_scaled/attention_map_a2c.png
  연구코드/results/0605_2/stage0_1e-05_epoch500/model_2_2\crop80\std_scaled/attention_heatmap_a2c.png
  [M2_2/std_scaled] Plotting Grad-CAM ...
  연구코드/results/0605_2/stage0_1e-05_epoch500/model_2_2\crop80\std_scaled/cam_aec_mean.png
  연구코드/results/0605_2/stage0_1e-05_epoch500/model_2_2\crop80\std_scaled/cam_aec_lines.png
  연구코드/results/0605_2/stage0_1e-05_epoch500/model_2_2\crop80\std_scaled/cam_aec_heatmap.png
  [M2_2/std_scaled] Done.

############################################################
  [M2_2 norm]  (scale_clinic=True, scale_aec=none)
############################################################
  [M2_2/norm] Cross-validating CrossAttn ...
=======================================================
5-Fold CV  [CrossAttn | scale_clin=True, scale_aec=none]
=======================================================

── Fold 1/5 ──────────────────────────────
  CA   — AUC: 0.8034  AUPRC: 0.3734  Brier: 0.2473  Acc: 0.8251  F1: 0.4483  (best ep=474, thresh=0.691)

── Fold 2/5 ──────────────────────────────
  CA   — AUC: 0.8633  AUPRC: 0.5224  Brier: 0.2451  Acc: 0.7541  F1: 0.4304  (best ep=129, thresh=0.561)

── Fold 3/5 ──────────────────────────────
  CA   — AUC: 0.7503  AUPRC: 0.2954  Brier: 0.2673  Acc: 0.6612  F1: 0.3261  (best ep=399, thresh=0.584)

── Fold 4/5 ──────────────────────────────
  CA   — AUC: 0.7859  AUPRC: 0.3128  Brier: 0.2503  Acc: 0.6011  F1: 0.3303  (best ep=159, thresh=0.492)

── Fold 5/5 ──────────────────────────────
  CA   — AUC: 0.8221  AUPRC: 0.3687  Brier: 0.2885  Acc: 0.8407  F1: 0.4912  (best ep=49, thresh=0.599)

===========================================================================
CrossAttn  —  5-Fold CV Summary
===========================================================================
  Fold      AUC-ROC      AUPRC      Brier   Accuracy         F1
  ----------------------------------------------------------
  1          0.8034     0.3734     0.2473     0.8251     0.4483
  2          0.8633     0.5224     0.2451     0.7541     0.4304
  3          0.7503     0.2954     0.2673     0.6612     0.3261
  4          0.7859     0.3128     0.2503     0.6011     0.3303
  5          0.8221     0.3687     0.2885     0.8407     0.4912
  ──────────────────────────────────────────────────────────
  Mean       0.8050     0.3746     0.2597     0.7364     0.4052
  ±Std       0.0375     0.0800     0.0164     0.0928     0.0660
  [M2_2/norm] Evaluating on test set (med_epoch=159, thresh=0.584) ...

=======================================================
CrossAttn Test Evaluation  (scale_clin=True, scale_aec=none, threshold=0.584)
=======================================================
CrossAttn — training final model for 159 epochs on full CV set …
  [CrossAttn] Model weights saved → 연구코드/results/0605_2/stage0_1e-05_epoch500/model_2_2\crop80\norm\M2_2_norm_weights.pt

CrossAttn — Test Set (Overall):
  AUC: 0.7963  AUPRC: 0.3421  Brier: 0.2653  Acc: 0.6769  F1: 0.3509

CrossAttn — Test Set (By Sex):
  [M] n=82  AUC: 0.7291  AUPRC: 0.3506  Brier: 0.2804  Acc: 0.6341  F1: 0.4000
              precision    recall  f1-score   support

      Normal       0.93      0.61      0.74        69
  Sarcopenia       0.27      0.77      0.40        13

    accuracy                           0.63        82
   macro avg       0.60      0.69      0.57        82
weighted avg       0.83      0.63      0.68        82

  [F] n=147  AUC: 0.8516  AUPRC: 0.4377  Brier: 0.2570  Acc: 0.7007  F1: 0.3125
              precision    recall  f1-score   support

      Normal       0.99      0.68      0.81       136
  Sarcopenia       0.19      0.91      0.31        11

    accuracy                           0.70       147
   macro avg       0.59      0.80      0.56       147
weighted avg       0.93      0.70      0.77       147


───────────────────────────────────────────────────────
Test Set — Bootstrap CI
───────────────────────────────────────────────────────

  Bootstrap 95% CI — CrossAttn  (n_boot=2000)
  Metric         Estimate   95% CI Lower   95% CI Upper
  ----------------------------------------------------
  AUC-ROC          0.7963         0.7084         0.8685
  AUPRC            0.3421         0.1928         0.5357
  Brier            0.2653         0.2426         0.2873
  Accuracy         0.6769         0.6157         0.7380
  F1               0.3509         0.2330         0.4616
  [M2_2/norm] Saving figures ...

Saved (model 2_2 (norm, unmatched)):
  연구코드/results/0605_2/stage0_1e-05_epoch500/model_2_2\crop80\norm/data_distribution.png
  연구코드/results/0605_2/stage0_1e-05_epoch500/model_2_2\crop80\norm/cv_roc_curves.png
  연구코드/results/0605_2/stage0_1e-05_epoch500/model_2_2\crop80\norm/cv_metric_distribution.png
  연구코드/results/0605_2/stage0_1e-05_epoch500/model_2_2\crop80\norm/training_curves.png
  연구코드/results/0605_2/stage0_1e-05_epoch500/model_2_2\crop80\norm/test_roc_curves.png
  연구코드/results/0605_2/stage0_1e-05_epoch500/model_2_2\crop80\norm/test_roc_by_sex.png
  연구코드/results/0605_2/stage0_1e-05_epoch500/model_2_2\crop80\norm/confusion_matrices.png
  연구코드/results/0605_2/stage0_1e-05_epoch500/model_2_2\crop80\norm/calibration.png
  연구코드/results/0605_2/stage0_1e-05_epoch500/model_2_2\crop80\norm/results.md
  [M2_2/norm] Plotting attention maps ...
  연구코드/results/0605_2/stage0_1e-05_epoch500/model_2_2\crop80\norm/attention_map_c2a.png
  연구코드/results/0605_2/stage0_1e-05_epoch500/model_2_2\crop80\norm/attention_heatmap_c2a.png
  연구코드/results/0605_2/stage0_1e-05_epoch500/model_2_2\crop80\norm/attention_map_a2c.png
  연구코드/results/0605_2/stage0_1e-05_epoch500/model_2_2\crop80\norm/attention_heatmap_a2c.png
  [M2_2/norm] Plotting Grad-CAM ...
  연구코드/results/0605_2/stage0_1e-05_epoch500/model_2_2\crop80\norm/cam_aec_mean.png
  연구코드/results/0605_2/stage0_1e-05_epoch500/model_2_2\crop80\norm/cam_aec_lines.png
  연구코드/results/0605_2/stage0_1e-05_epoch500/model_2_2\crop80\norm/cam_aec_heatmap.png
  [M2_2/norm] Done.

############################################################
  [M2_2 global_zscore]  (scale_clinic=True, scale_aec=global)
############################################################
  [M2_2/global_zscore] Cross-validating CrossAttn ...
=======================================================
5-Fold CV  [CrossAttn | scale_clin=True, scale_aec=global]
=======================================================

── Fold 1/5 ──────────────────────────────
  CA   — AUC: 0.7742  AUPRC: 0.2619  Brier: 0.2679  Acc: 0.5738  F1: 0.3276  (best ep=471, thresh=0.488)

── Fold 2/5 ──────────────────────────────
  CA   — AUC: 0.7705  AUPRC: 0.3395  Brier: 0.2319  Acc: 0.7158  F1: 0.3500  (best ep=454, thresh=0.543)

── Fold 3/5 ──────────────────────────────
  CA   — AUC: 0.7715  AUPRC: 0.2763  Brier: 0.2730  Acc: 0.7049  F1: 0.3571  (best ep=284, thresh=0.614)

── Fold 4/5 ──────────────────────────────
  CA   — AUC: 0.7583  AUPRC: 0.3259  Brier: 0.2265  Acc: 0.6776  F1: 0.3656  (best ep=420, thresh=0.488)

── Fold 5/5 ──────────────────────────────
  CA   — AUC: 0.7759  AUPRC: 0.3204  Brier: 0.2516  Acc: 0.7308  F1: 0.3951  (best ep=288, thresh=0.591)

===========================================================================
CrossAttn  —  5-Fold CV Summary
===========================================================================
  Fold      AUC-ROC      AUPRC      Brier   Accuracy         F1
  ----------------------------------------------------------
  1          0.7742     0.2619     0.2679     0.5738     0.3276
  2          0.7705     0.3395     0.2319     0.7158     0.3500
  3          0.7715     0.2763     0.2730     0.7049     0.3571
  4          0.7583     0.3259     0.2265     0.6776     0.3656
  5          0.7759     0.3204     0.2516     0.7308     0.3951
  ──────────────────────────────────────────────────────────
  Mean       0.7701     0.3048     0.2502     0.6806     0.3591
  ±Std       0.0062     0.0301     0.0186     0.0562     0.0220
  [M2_2/global_zscore] Evaluating on test set (med_epoch=420, thresh=0.543) ...

=======================================================
CrossAttn Test Evaluation  (scale_clin=True, scale_aec=global, threshold=0.543)
=======================================================
CrossAttn — training final model for 420 epochs on full CV set …
  [CrossAttn] Model weights saved → 연구코드/results/0605_2/stage0_1e-05_epoch500/model_2_2\crop80\global_zscore\M2_2_global_zscore_weights.pt

CrossAttn — Test Set (Overall):
  AUC: 0.8014  AUPRC: 0.3212  Brier: 0.2674  Acc: 0.6332  F1: 0.3333

CrossAttn — Test Set (By Sex):
  [M] n=82  AUC: 0.7414  AUPRC: 0.3552  Brier: 0.2919  Acc: 0.6098  F1: 0.4074
              precision    recall  f1-score   support

      Normal       0.95      0.57      0.71        69
  Sarcopenia       0.27      0.85      0.41        13

    accuracy                           0.61        82
   macro avg       0.61      0.71      0.56        82
weighted avg       0.84      0.61      0.66        82

  [F] n=147  AUC: 0.8295  AUPRC: 0.3302  Brier: 0.2538  Acc: 0.6463  F1: 0.2778
              precision    recall  f1-score   support

      Normal       0.99      0.62      0.77       136
  Sarcopenia       0.16      0.91      0.28        11

    accuracy                           0.65       147
   macro avg       0.58      0.77      0.52       147
weighted avg       0.93      0.65      0.73       147


───────────────────────────────────────────────────────
Test Set — Bootstrap CI
───────────────────────────────────────────────────────

  Bootstrap 95% CI — CrossAttn  (n_boot=2000)
  Metric         Estimate   95% CI Lower   95% CI Upper
  ----------------------------------------------------
  AUC-ROC          0.8014         0.7162         0.8711
  AUPRC            0.3212         0.1839         0.5031
  Brier            0.2674         0.2412         0.2937
  Accuracy         0.6332         0.5721         0.6943
  F1               0.3333         0.2203         0.4462
  [M2_2/global_zscore] Saving figures ...

Saved (model 2_2 (global_zscore, unmatched)):
  연구코드/results/0605_2/stage0_1e-05_epoch500/model_2_2\crop80\global_zscore/data_distribution.png
  연구코드/results/0605_2/stage0_1e-05_epoch500/model_2_2\crop80\global_zscore/cv_roc_curves.png
  연구코드/results/0605_2/stage0_1e-05_epoch500/model_2_2\crop80\global_zscore/cv_metric_distribution.png
  연구코드/results/0605_2/stage0_1e-05_epoch500/model_2_2\crop80\global_zscore/training_curves.png
  연구코드/results/0605_2/stage0_1e-05_epoch500/model_2_2\crop80\global_zscore/test_roc_curves.png
  연구코드/results/0605_2/stage0_1e-05_epoch500/model_2_2\crop80\global_zscore/test_roc_by_sex.png
  연구코드/results/0605_2/stage0_1e-05_epoch500/model_2_2\crop80\global_zscore/confusion_matrices.png
  연구코드/results/0605_2/stage0_1e-05_epoch500/model_2_2\crop80\global_zscore/calibration.png
  연구코드/results/0605_2/stage0_1e-05_epoch500/model_2_2\crop80\global_zscore/results.md
  [M2_2/global_zscore] Plotting attention maps ...
  연구코드/results/0605_2/stage0_1e-05_epoch500/model_2_2\crop80\global_zscore/attention_map_c2a.png
  연구코드/results/0605_2/stage0_1e-05_epoch500/model_2_2\crop80\global_zscore/attention_heatmap_c2a.png
  연구코드/results/0605_2/stage0_1e-05_epoch500/model_2_2\crop80\global_zscore/attention_map_a2c.png
  연구코드/results/0605_2/stage0_1e-05_epoch500/model_2_2\crop80\global_zscore/attention_heatmap_a2c.png
  [M2_2/global_zscore] Plotting Grad-CAM ...
  연구코드/results/0605_2/stage0_1e-05_epoch500/model_2_2\crop80\global_zscore/cam_aec_mean.png
  연구코드/results/0605_2/stage0_1e-05_epoch500/model_2_2\crop80\global_zscore/cam_aec_lines.png
  연구코드/results/0605_2/stage0_1e-05_epoch500/model_2_2\crop80\global_zscore/cam_aec_heatmap.png
  [M2_2/global_zscore] Done.
