============================================================
  MODEL 2 — Clinic + AEC (aec128)  (5 AEC variants)
============================================================

############################################################
  [M2 norm]  (scale_clinic=True, scale_aec=True)
############################################################
  [M2/norm] Cross-validating CrossAttn ...
=======================================================
5-Fold CV  [CrossAttn | scale_clin=True, scale_aec=True]
=======================================================

── Fold 1/5 ──────────────────────────────
  CA   — AUC: 0.8060  AUPRC: 0.3398  Brier: 0.1678  Acc: 0.7366  F1: 0.3951  (best ep=3, thresh=0.478)

── Fold 2/5 ──────────────────────────────
  CA   — AUC: 0.8099  AUPRC: 0.4002  Brier: 0.1604  Acc: 0.6452  F1: 0.3654  (best ep=7, thresh=0.260)

── Fold 3/5 ──────────────────────────────
  CA   — AUC: 0.8262  AUPRC: 0.4013  Brier: 0.1828  Acc: 0.7258  F1: 0.4000  (best ep=43, thresh=0.516)

── Fold 4/5 ──────────────────────────────
  CA   — AUC: 0.8449  AUPRC: 0.4008  Brier: 0.1779  Acc: 0.6828  F1: 0.3918  (best ep=3, thresh=0.419)

── Fold 5/5 ──────────────────────────────
  CA   — AUC: 0.7929  AUPRC: 0.3876  Brier: 0.1813  Acc: 0.8280  F1: 0.4483  (best ep=68, thresh=0.707)

===========================================================================
CrossAttn  —  5-Fold CV Summary
===========================================================================
  Fold      AUC-ROC      AUPRC      Brier   Accuracy         F1
  ----------------------------------------------------------
  1          0.8060     0.3398     0.1678     0.7366     0.3951
  2          0.8099     0.4002     0.1604     0.6452     0.3654
  3          0.8262     0.4013     0.1828     0.7258     0.4000
  4          0.8449     0.4008     0.1779     0.6828     0.3918
  5          0.7929     0.3876     0.1813     0.8280     0.4483
  ──────────────────────────────────────────────────────────
  Mean       0.8160     0.3859     0.1740     0.7237     0.4001
  ±Std       0.0179     0.0236     0.0086     0.0615     0.0269
  [M2/norm] Evaluating on test set (med_epoch=7, thresh=0.478) ...

=======================================================
CrossAttn Test Evaluation  (scale_clin=True, scale_aec=True, threshold=0.478)
=======================================================
CrossAttn — training final model for 7 epochs on full CV set …

CrossAttn — Test Set (Overall):
  AUC: 0.8258  AUPRC: 0.4338  Brier: 0.1923  Acc: 0.6395  F1: 0.3115

CrossAttn — Test Set (By Sex):
  [M] n=85  AUC: 0.8229  AUPRC: 0.5482  Brier: 0.2113  Acc: 0.6706  F1: 0.4615
              precision    recall  f1-score   support

      Normal       0.96      0.63      0.76        71
  Sarcopenia       0.32      0.86      0.46        14

    accuracy                           0.67        85
   macro avg       0.64      0.75      0.61        85
weighted avg       0.85      0.67      0.71        85

  [F] n=148  AUC: 0.7850  AUPRC: 0.2976  Brier: 0.1814  Acc: 0.6216  F1: 0.2000
              precision    recall  f1-score   support

      Normal       0.96      0.62      0.75       137
  Sarcopenia       0.12      0.64      0.20        11

    accuracy                           0.62       148
   macro avg       0.54      0.63      0.48       148
weighted avg       0.89      0.62      0.71       148


───────────────────────────────────────────────────────
Test Set — Bootstrap CI
───────────────────────────────────────────────────────

  Bootstrap 95% CI — CrossAttn  (n_boot=2000)
  Metric         Estimate   95% CI Lower   95% CI Upper
  ----------------------------------------------------
  AUC-ROC          0.8258         0.7434         0.9025
  AUPRC            0.4338         0.2598         0.6332
  Brier            0.1923         0.1654         0.2208
  Accuracy         0.6395         0.5751         0.6996
  F1               0.3115         0.2069         0.4242
  [M2/norm] Saving figures ...

Saved (model 2 (norm)):
  연구코드/results/0529/liver_pubis/model_2\aec128\norm/data_distribution.png
  연구코드/results/0529/liver_pubis/model_2\aec128\norm/cv_roc_curves.png
  연구코드/results/0529/liver_pubis/model_2\aec128\norm/cv_metric_distribution.png
  연구코드/results/0529/liver_pubis/model_2\aec128\norm/training_curves.png
  연구코드/results/0529/liver_pubis/model_2\aec128\norm/test_roc_curves.png
  연구코드/results/0529/liver_pubis/model_2\aec128\norm/test_roc_by_sex.png
  연구코드/results/0529/liver_pubis/model_2\aec128\norm/confusion_matrices.png
  연구코드/results/0529/liver_pubis/model_2\aec128\norm/calibration.png
  연구코드/results/0529/liver_pubis/model_2\aec128\norm/results.md
  [M2/norm] Plotting attention maps ...
  연구코드/results/0529/liver_pubis/model_2\aec128\norm/attention_map_c2a.png
  연구코드/results/0529/liver_pubis/model_2\aec128\norm/attention_heatmap_c2a.png
  연구코드/results/0529/liver_pubis/model_2\aec128\norm/attention_map_a2c.png
  연구코드/results/0529/liver_pubis/model_2\aec128\norm/attention_heatmap_a2c.png
  [M2/norm] Done.

############################################################
  [M2 excl_extreme]  (scale_clinic=True, scale_aec=True)
############################################################
  [M2/excl_extreme] Cross-validating CrossAttn ...
=======================================================
5-Fold CV  [CrossAttn | scale_clin=True, scale_aec=True]
=======================================================

── Fold 1/5 ──────────────────────────────
  CA   — AUC: 0.7819  AUPRC: 0.3325  Brier: 0.1644  Acc: 0.7381  F1: 0.4054  (best ep=115, thresh=0.266)

── Fold 2/5 ──────────────────────────────
  CA   — AUC: 0.7922  AUPRC: 0.4045  Brier: 0.1032  Acc: 0.7485  F1: 0.3824  (best ep=4, thresh=0.283)

── Fold 3/5 ──────────────────────────────
  CA   — AUC: 0.8824  AUPRC: 0.4752  Brier: 0.1234  Acc: 0.6647  F1: 0.3778  (best ep=10, thresh=0.206)

── Fold 4/5 ──────────────────────────────
  CA   — AUC: 0.8624  AUPRC: 0.3620  Brier: 0.1545  Acc: 0.7305  F1: 0.4156  (best ep=11, thresh=0.368)

── Fold 5/5 ──────────────────────────────
  CA   — AUC: 0.8506  AUPRC: 0.5062  Brier: 0.1592  Acc: 0.7665  F1: 0.4348  (best ep=4, thresh=0.550)

===========================================================================
CrossAttn  —  5-Fold CV Summary
===========================================================================
  Fold      AUC-ROC      AUPRC      Brier   Accuracy         F1
  ----------------------------------------------------------
  1          0.7819     0.3325     0.1644     0.7381     0.4054
  2          0.7922     0.4045     0.1032     0.7485     0.3824
  3          0.8824     0.4752     0.1234     0.6647     0.3778
  4          0.8624     0.3620     0.1545     0.7305     0.4156
  5          0.8506     0.5062     0.1592     0.7665     0.4348
  ──────────────────────────────────────────────────────────
  Mean       0.8339     0.4161     0.1410     0.7297     0.4032
  ±Std       0.0397     0.0658     0.0237     0.0347     0.0211
  [M2/excl_extreme] Evaluating on test set (med_epoch=10, thresh=0.283) ...

=======================================================
CrossAttn Test Evaluation  (scale_clin=True, scale_aec=True, threshold=0.283)
=======================================================
CrossAttn — training final model for 10 epochs on full CV set …

CrossAttn — Test Set (Overall):
  AUC: 0.8211  AUPRC: 0.4092  Brier: 0.1584  Acc: 0.5933  F1: 0.2975

CrossAttn — Test Set (By Sex):
  [M] n=72  AUC: 0.8510  AUPRC: 0.5381  Brier: 0.1729  Acc: 0.6528  F1: 0.4186
              precision    recall  f1-score   support

      Normal       0.95      0.62      0.75        61
  Sarcopenia       0.28      0.82      0.42        11

    accuracy                           0.65        72
   macro avg       0.62      0.72      0.59        72
weighted avg       0.85      0.65      0.70        72

  [F] n=137  AUC: 0.7807  AUPRC: 0.2786  Brier: 0.1508  Acc: 0.5620  F1: 0.2308
              precision    recall  f1-score   support

      Normal       0.97      0.54      0.69       126
  Sarcopenia       0.13      0.82      0.23        11

    accuracy                           0.56       137
   macro avg       0.55      0.68      0.46       137
weighted avg       0.90      0.56      0.66       137


───────────────────────────────────────────────────────
Test Set — Bootstrap CI
───────────────────────────────────────────────────────

  Bootstrap 95% CI — CrossAttn  (n_boot=2000)
  Metric         Estimate   95% CI Lower   95% CI Upper
  ----------------------------------------------------
  AUC-ROC          0.8211         0.7285         0.8984
  AUPRC            0.4092         0.2265         0.6106
  Brier            0.1584         0.1342         0.1849
  Accuracy         0.5933         0.5263         0.6555
  F1               0.2975         0.1896         0.3968
  [M2/excl_extreme] Saving figures ...

Saved (model 2 (excl_extreme)):
  연구코드/results/0529/liver_pubis/model_2\aec128\excl_extreme/data_distribution.png
  연구코드/results/0529/liver_pubis/model_2\aec128\excl_extreme/cv_roc_curves.png
  연구코드/results/0529/liver_pubis/model_2\aec128\excl_extreme/cv_metric_distribution.png
  연구코드/results/0529/liver_pubis/model_2\aec128\excl_extreme/training_curves.png
  연구코드/results/0529/liver_pubis/model_2\aec128\excl_extreme/test_roc_curves.png
  연구코드/results/0529/liver_pubis/model_2\aec128\excl_extreme/test_roc_by_sex.png
  연구코드/results/0529/liver_pubis/model_2\aec128\excl_extreme/confusion_matrices.png
  연구코드/results/0529/liver_pubis/model_2\aec128\excl_extreme/calibration.png
  연구코드/results/0529/liver_pubis/model_2\aec128\excl_extreme/results.md
  [M2/excl_extreme] Plotting attention maps ...
  연구코드/results/0529/liver_pubis/model_2\aec128\excl_extreme/attention_map_c2a.png
  연구코드/results/0529/liver_pubis/model_2\aec128\excl_extreme/attention_heatmap_c2a.png
  연구코드/results/0529/liver_pubis/model_2\aec128\excl_extreme/attention_map_a2c.png
  연구코드/results/0529/liver_pubis/model_2\aec128\excl_extreme/attention_heatmap_a2c.png
  [M2/excl_extreme] Done.

############################################################
  [M2 len128]  (scale_clinic=True, scale_aec=True)
############################################################
  [M2/len128] Cross-validating CrossAttn ...
=======================================================
5-Fold CV  [CrossAttn | scale_clin=True, scale_aec=True]
=======================================================

── Fold 1/5 ──────────────────────────────
  CA   — AUC: 0.8310  AUPRC: 0.3772  Brier: 0.1210  Acc: 0.7527  F1: 0.4250  (best ep=3, thresh=0.389)

── Fold 2/5 ──────────────────────────────
  CA   — AUC: 0.8048  AUPRC: 0.4086  Brier: 0.2308  Acc: 0.7366  F1: 0.3951  (best ep=7, thresh=0.698)

── Fold 3/5 ──────────────────────────────
  CA   — AUC: 0.8145  AUPRC: 0.3642  Brier: 0.1544  Acc: 0.6935  F1: 0.3871  (best ep=4, thresh=0.376)

── Fold 4/5 ──────────────────────────────
  CA   — AUC: 0.9060  AUPRC: 0.5292  Brier: 0.1786  Acc: 0.8656  F1: 0.5763  (best ep=26, thresh=0.674)

── Fold 5/5 ──────────────────────────────
  CA   — AUC: 0.7702  AUPRC: 0.3419  Brier: 0.1479  Acc: 0.7204  F1: 0.3810  (best ep=32, thresh=0.435)

===========================================================================
CrossAttn  —  5-Fold CV Summary
===========================================================================
  Fold      AUC-ROC      AUPRC      Brier   Accuracy         F1
  ----------------------------------------------------------
  1          0.8310     0.3772     0.1210     0.7527     0.4250
  2          0.8048     0.4086     0.2308     0.7366     0.3951
  3          0.8145     0.3642     0.1544     0.6935     0.3871
  4          0.9060     0.5292     0.1786     0.8656     0.5763
  5          0.7702     0.3419     0.1479     0.7204     0.3810
  ──────────────────────────────────────────────────────────
  Mean       0.8253     0.4042     0.1666     0.7538     0.4329
  ±Std       0.0450     0.0661     0.0370     0.0592     0.0733
  [M2/len128] Evaluating on test set (med_epoch=7, thresh=0.435) ...

=======================================================
CrossAttn Test Evaluation  (scale_clin=True, scale_aec=True, threshold=0.435)
=======================================================
CrossAttn — training final model for 7 epochs on full CV set …

CrossAttn — Test Set (Overall):
  AUC: 0.8200  AUPRC: 0.4028  Brier: 0.2088  Acc: 0.6309  F1: 0.3175

CrossAttn — Test Set (By Sex):
  [M] n=85  AUC: 0.8119  AUPRC: 0.4999  Brier: 0.2544  Acc: 0.5882  F1: 0.4068
              precision    recall  f1-score   support

      Normal       0.95      0.54      0.68        71
  Sarcopenia       0.27      0.86      0.41        14

    accuracy                           0.59        85
   macro avg       0.61      0.70      0.55        85
weighted avg       0.84      0.59      0.64        85

  [F] n=148  AUC: 0.7969  AUPRC: 0.2939  Brier: 0.1827  Acc: 0.6554  F1: 0.2388
              precision    recall  f1-score   support

      Normal       0.97      0.65      0.78       137
  Sarcopenia       0.14      0.73      0.24        11

    accuracy                           0.66       148
   macro avg       0.56      0.69      0.51       148
weighted avg       0.91      0.66      0.74       148


───────────────────────────────────────────────────────
Test Set — Bootstrap CI
───────────────────────────────────────────────────────

  Bootstrap 95% CI — CrossAttn  (n_boot=2000)
  Metric         Estimate   95% CI Lower   95% CI Upper
  ----------------------------------------------------
  AUC-ROC          0.8200         0.7360         0.8942
  AUPRC            0.4028         0.2404         0.5948
  Brier            0.2088         0.1793         0.2394
  Accuracy         0.6309         0.5708         0.6910
  F1               0.3175         0.2154         0.4253
  [M2/len128] Saving figures ...

Saved (model 2 (len128)):
  연구코드/results/0529/liver_pubis/model_2\aec128\len128/data_distribution.png
  연구코드/results/0529/liver_pubis/model_2\aec128\len128/cv_roc_curves.png
  연구코드/results/0529/liver_pubis/model_2\aec128\len128/cv_metric_distribution.png
  연구코드/results/0529/liver_pubis/model_2\aec128\len128/training_curves.png
  연구코드/results/0529/liver_pubis/model_2\aec128\len128/test_roc_curves.png
  연구코드/results/0529/liver_pubis/model_2\aec128\len128/test_roc_by_sex.png
  연구코드/results/0529/liver_pubis/model_2\aec128\len128/confusion_matrices.png
  연구코드/results/0529/liver_pubis/model_2\aec128\len128/calibration.png
  연구코드/results/0529/liver_pubis/model_2\aec128\len128/results.md
  [M2/len128] Plotting attention maps ...
  연구코드/results/0529/liver_pubis/model_2\aec128\len128/attention_map_c2a.png
  연구코드/results/0529/liver_pubis/model_2\aec128\len128/attention_heatmap_c2a.png
  연구코드/results/0529/liver_pubis/model_2\aec128\len128/attention_map_a2c.png
  연구코드/results/0529/liver_pubis/model_2\aec128\len128/attention_heatmap_a2c.png
  [M2/len128] Done.

############################################################
  [M2 crop80]  (scale_clinic=True, scale_aec=True)
############################################################
  [M2/crop80] Cross-validating CrossAttn ...
=======================================================
5-Fold CV  [CrossAttn | scale_clin=True, scale_aec=True]
=======================================================

── Fold 1/5 ──────────────────────────────
  CA   — AUC: 0.8193  AUPRC: 0.3407  Brier: 0.1287  Acc: 0.7849  F1: 0.4595  (best ep=2, thresh=0.394)

── Fold 2/5 ──────────────────────────────
  CA   — AUC: 0.8069  AUPRC: 0.4180  Brier: 0.1973  Acc: 0.7527  F1: 0.3947  (best ep=7, thresh=0.629)

── Fold 3/5 ──────────────────────────────
  CA   — AUC: 0.8114  AUPRC: 0.4372  Brier: 0.1899  Acc: 0.7957  F1: 0.4571  (best ep=60, thresh=0.674)

── Fold 4/5 ──────────────────────────────
  CA   — AUC: 0.8925  AUPRC: 0.4501  Brier: 0.2411  Acc: 0.7527  F1: 0.4524  (best ep=11, thresh=0.669)

── Fold 5/5 ──────────────────────────────
  CA   — AUC: 0.7743  AUPRC: 0.3353  Brier: 0.1613  Acc: 0.7742  F1: 0.4167  (best ep=13, thresh=0.508)

===========================================================================
CrossAttn  —  5-Fold CV Summary
===========================================================================
  Fold      AUC-ROC      AUPRC      Brier   Accuracy         F1
  ----------------------------------------------------------
  1          0.8193     0.3407     0.1287     0.7849     0.4595
  2          0.8069     0.4180     0.1973     0.7527     0.3947
  3          0.8114     0.4372     0.1899     0.7957     0.4571
  4          0.8925     0.4501     0.2411     0.7527     0.4524
  5          0.7743     0.3353     0.1613     0.7742     0.4167
  ──────────────────────────────────────────────────────────
  Mean       0.8209     0.3962     0.1837     0.7720     0.4361
  ±Std       0.0389     0.0487     0.0375     0.0172     0.0259
  [M2/crop80] Evaluating on test set (med_epoch=11, thresh=0.629) ...

=======================================================
CrossAttn Test Evaluation  (scale_clin=True, scale_aec=True, threshold=0.629)
=======================================================
CrossAttn — training final model for 11 epochs on full CV set …

CrossAttn — Test Set (Overall):
  AUC: 0.8085  AUPRC: 0.3953  Brier: 0.1675  Acc: 0.7854  F1: 0.3421

CrossAttn — Test Set (By Sex):
  [M] n=85  AUC: 0.7827  AUPRC: 0.4617  Brier: 0.2172  Acc: 0.6941  F1: 0.3810
              precision    recall  f1-score   support

      Normal       0.89      0.72      0.80        71
  Sarcopenia       0.29      0.57      0.38        14

    accuracy                           0.69        85
   macro avg       0.59      0.64      0.59        85
weighted avg       0.79      0.69      0.73        85

  [F] n=148  AUC: 0.7996  AUPRC: 0.3379  Brier: 0.1391  Acc: 0.8378  F1: 0.2941
              precision    recall  f1-score   support

      Normal       0.95      0.87      0.91       137
  Sarcopenia       0.22      0.45      0.29        11

    accuracy                           0.84       148
   macro avg       0.58      0.66      0.60       148
weighted avg       0.90      0.84      0.86       148


───────────────────────────────────────────────────────
Test Set — Bootstrap CI
───────────────────────────────────────────────────────

  Bootstrap 95% CI — CrossAttn  (n_boot=2000)
  Metric         Estimate   95% CI Lower   95% CI Upper
  ----------------------------------------------------
  AUC-ROC          0.8085         0.7214         0.8871
  AUPRC            0.3953         0.2339         0.5914
  Brier            0.1675         0.1417         0.1935
  Accuracy         0.7854         0.7339         0.8369
  F1               0.3421         0.2000         0.4737
  [M2/crop80] Saving figures ...

Saved (model 2 (crop80)):
  연구코드/results/0529/liver_pubis/model_2\aec128\crop80/data_distribution.png
  연구코드/results/0529/liver_pubis/model_2\aec128\crop80/cv_roc_curves.png
  연구코드/results/0529/liver_pubis/model_2\aec128\crop80/cv_metric_distribution.png
  연구코드/results/0529/liver_pubis/model_2\aec128\crop80/training_curves.png
  연구코드/results/0529/liver_pubis/model_2\aec128\crop80/test_roc_curves.png
  연구코드/results/0529/liver_pubis/model_2\aec128\crop80/test_roc_by_sex.png
  연구코드/results/0529/liver_pubis/model_2\aec128\crop80/confusion_matrices.png
  연구코드/results/0529/liver_pubis/model_2\aec128\crop80/calibration.png
  연구코드/results/0529/liver_pubis/model_2\aec128\crop80/results.md
  [M2/crop80] Plotting attention maps ...
  연구코드/results/0529/liver_pubis/model_2\aec128\crop80/attention_map_c2a.png
  연구코드/results/0529/liver_pubis/model_2\aec128\crop80/attention_heatmap_c2a.png
  연구코드/results/0529/liver_pubis/model_2\aec128\crop80/attention_map_a2c.png
  연구코드/results/0529/liver_pubis/model_2\aec128\crop80/attention_heatmap_a2c.png
  [M2/crop80] Done.

############################################################
  [M2 crop60]  (scale_clinic=True, scale_aec=True)
############################################################
  [M2/crop60] Cross-validating CrossAttn ...
=======================================================
5-Fold CV  [CrossAttn | scale_clin=True, scale_aec=True]
=======================================================

── Fold 1/5 ──────────────────────────────
  CA   — AUC: 0.8373  AUPRC: 0.3779  Brier: 0.1235  Acc: 0.7688  F1: 0.4416  (best ep=9, thresh=0.270)

── Fold 2/5 ──────────────────────────────
  CA   — AUC: 0.8223  AUPRC: 0.4556  Brier: 0.1925  Acc: 0.7097  F1: 0.3721  (best ep=11, thresh=0.475)

── Fold 3/5 ──────────────────────────────
  CA   — AUC: 0.8133  AUPRC: 0.4003  Brier: 0.2058  Acc: 0.7419  F1: 0.4000  (best ep=13, thresh=0.631)

── Fold 4/5 ──────────────────────────────
  CA   — AUC: 0.8985  AUPRC: 0.4558  Brier: 0.1897  Acc: 0.8226  F1: 0.5217  (best ep=18, thresh=0.684)

── Fold 5/5 ──────────────────────────────
  CA   — AUC: 0.7608  AUPRC: 0.2917  Brier: 0.2145  Acc: 0.7581  F1: 0.4000  (best ep=6, thresh=0.607)

===========================================================================
CrossAttn  —  5-Fold CV Summary
===========================================================================
  Fold      AUC-ROC      AUPRC      Brier   Accuracy         F1
  ----------------------------------------------------------
  1          0.8373     0.3779     0.1235     0.7688     0.4416
  2          0.8223     0.4556     0.1925     0.7097     0.3721
  3          0.8133     0.4003     0.2058     0.7419     0.4000
  4          0.8985     0.4558     0.1897     0.8226     0.5217
  5          0.7608     0.2917     0.2145     0.7581     0.4000
  ──────────────────────────────────────────────────────────
  Mean       0.8264     0.3963     0.1852     0.7602     0.4271
  ±Std       0.0443     0.0606     0.0321     0.0370     0.0523
  [M2/crop60] Evaluating on test set (med_epoch=11, thresh=0.607) ...

=======================================================
CrossAttn Test Evaluation  (scale_clin=True, scale_aec=True, threshold=0.607)
=======================================================
CrossAttn — training final model for 11 epochs on full CV set …

CrossAttn — Test Set (Overall):
  AUC: 0.7935  AUPRC: 0.3055  Brier: 0.1525  Acc: 0.8155  F1: 0.4110

CrossAttn — Test Set (By Sex):
  [M] n=85  AUC: 0.7696  AUPRC: 0.3248  Brier: 0.1859  Acc: 0.7647  F1: 0.4737
              precision    recall  f1-score   support

      Normal       0.92      0.79      0.85        71
  Sarcopenia       0.38      0.64      0.47        14

    accuracy                           0.76        85
   macro avg       0.65      0.72      0.66        85
weighted avg       0.83      0.76      0.79        85

  [F] n=148  AUC: 0.7784  AUPRC: 0.3554  Brier: 0.1334  Acc: 0.8446  F1: 0.3429
              precision    recall  f1-score   support

      Normal       0.96      0.87      0.91       137
  Sarcopenia       0.25      0.55      0.34        11

    accuracy                           0.84       148
   macro avg       0.60      0.71      0.63       148
weighted avg       0.91      0.84      0.87       148


───────────────────────────────────────────────────────
Test Set — Bootstrap CI
───────────────────────────────────────────────────────

  Bootstrap 95% CI — CrossAttn  (n_boot=2000)
  Metric         Estimate   95% CI Lower   95% CI Upper
  ----------------------------------------------------
  AUC-ROC          0.7935         0.7002         0.8786
  AUPRC            0.3055         0.1945         0.4982
  Brier            0.1525         0.1270         0.1771
  Accuracy         0.8155         0.7682         0.8670
  F1               0.4110         0.2687         0.5480
  [M2/crop60] Saving figures ...

Saved (model 2 (crop60)):
  연구코드/results/0529/liver_pubis/model_2\aec128\crop60/data_distribution.png
  연구코드/results/0529/liver_pubis/model_2\aec128\crop60/cv_roc_curves.png
  연구코드/results/0529/liver_pubis/model_2\aec128\crop60/cv_metric_distribution.png
  연구코드/results/0529/liver_pubis/model_2\aec128\crop60/training_curves.png
  연구코드/results/0529/liver_pubis/model_2\aec128\crop60/test_roc_curves.png
  연구코드/results/0529/liver_pubis/model_2\aec128\crop60/test_roc_by_sex.png
  연구코드/results/0529/liver_pubis/model_2\aec128\crop60/confusion_matrices.png
  연구코드/results/0529/liver_pubis/model_2\aec128\crop60/calibration.png
  연구코드/results/0529/liver_pubis/model_2\aec128\crop60/results.md
  [M2/crop60] Plotting attention maps ...
  연구코드/results/0529/liver_pubis/model_2\aec128\crop60/attention_map_c2a.png
  연구코드/results/0529/liver_pubis/model_2\aec128\crop60/attention_heatmap_c2a.png
  연구코드/results/0529/liver_pubis/model_2\aec128\crop60/attention_map_a2c.png
  연구코드/results/0529/liver_pubis/model_2\aec128\crop60/attention_heatmap_a2c.png
  [M2/crop60] Done.
