============================================================
  MODEL 2 — Clinic + AEC (aec128)  (5 AEC variants)
============================================================

############################################################
  [M2 len128]  (scale_clinic=True, scale_aec=True)
############################################################
  [M2/len128] Cross-validating CrossAttn ...
=======================================================
5-Fold CV  [CrossAttn | scale_clin=True, scale_aec=True]
=======================================================

── Fold 1/5 ──────────────────────────────
  CA   — AUC: 0.8362  AUPRC: 0.4282  Brier: 0.1758  Acc: 0.8087  F1: 0.4776  (best ep=53, thresh=0.652)

── Fold 2/5 ──────────────────────────────
  CA   — AUC: 0.8572  AUPRC: 0.5368  Brier: 0.2088  Acc: 0.8743  F1: 0.5490  (best ep=4, thresh=0.690)

── Fold 3/5 ──────────────────────────────
  CA   — AUC: 0.7859  AUPRC: 0.3113  Brier: 0.2015  Acc: 0.7978  F1: 0.4308  (best ep=38, thresh=0.695)

── Fold 4/5 ──────────────────────────────
  CA   — AUC: 0.8033  AUPRC: 0.3882  Brier: 0.2250  Acc: 0.7650  F1: 0.4267  (best ep=17, thresh=0.653)

── Fold 5/5 ──────────────────────────────
  CA   — AUC: 0.8247  AUPRC: 0.4596  Brier: 0.1626  Acc: 0.7637  F1: 0.4267  (best ep=8, thresh=0.539)

===========================================================================
CrossAttn  —  5-Fold CV Summary
===========================================================================
  Fold      AUC-ROC      AUPRC      Brier   Accuracy         F1
  ----------------------------------------------------------
  1          0.8362     0.4282     0.1758     0.8087     0.4776
  2          0.8572     0.5368     0.2088     0.8743     0.5490
  3          0.7859     0.3113     0.2015     0.7978     0.4308
  4          0.8033     0.3882     0.2250     0.7650     0.4267
  5          0.8247     0.4596     0.1626     0.7637     0.4267
  ──────────────────────────────────────────────────────────
  Mean       0.8215     0.4248     0.1947     0.8019     0.4621
  ±Std       0.0249     0.0748     0.0226     0.0403     0.0475
  [M2/len128] Evaluating on test set (med_epoch=17, thresh=0.653) ...

=======================================================
CrossAttn Test Evaluation  (scale_clin=True, scale_aec=True, threshold=0.653)
=======================================================
CrossAttn — training final model for 17 epochs on full CV set …

CrossAttn — Test Set (Overall):
  AUC: 0.7913  AUPRC: 0.3367  Brier: 0.1847  Acc: 0.7904  F1: 0.3684

CrossAttn — Test Set (By Sex):
  [M] n=82  AUC: 0.7101  AUPRC: 0.3595  Brier: 0.2768  Acc: 0.6341  F1: 0.4000
              precision    recall  f1-score   support

      Normal       0.93      0.61      0.74        69
  Sarcopenia       0.27      0.77      0.40        13

    accuracy                           0.63        82
   macro avg       0.60      0.69      0.57        82
weighted avg       0.83      0.63      0.68        82

  [F] n=147  AUC: 0.8362  AUPRC: 0.3850  Brier: 0.1334  Acc: 0.8776  F1: 0.3077
              precision    recall  f1-score   support

      Normal       0.95      0.92      0.93       136
  Sarcopenia       0.27      0.36      0.31        11

    accuracy                           0.88       147
   macro avg       0.61      0.64      0.62       147
weighted avg       0.90      0.88      0.89       147


───────────────────────────────────────────────────────
Test Set — Bootstrap CI
───────────────────────────────────────────────────────

  Bootstrap 95% CI — CrossAttn  (n_boot=2000)
  Metric         Estimate   95% CI Lower   95% CI Upper
  ----------------------------------------------------
  AUC-ROC          0.7913         0.7037         0.8686
  AUPRC            0.3367         0.1963         0.5250
  Brier            0.1847         0.1540         0.2138
  Accuracy         0.7904         0.7380         0.8428
  F1               0.3684         0.2353         0.5063
  [M2/len128] Saving figures ...

Saved (model 2 (len128)):
  연구코드/results/0529/liver_pubis_32/model_2\len128/data_distribution.png
  연구코드/results/0529/liver_pubis_32/model_2\len128/cv_roc_curves.png
  연구코드/results/0529/liver_pubis_32/model_2\len128/cv_metric_distribution.png
  연구코드/results/0529/liver_pubis_32/model_2\len128/training_curves.png
  연구코드/results/0529/liver_pubis_32/model_2\len128/test_roc_curves.png
  연구코드/results/0529/liver_pubis_32/model_2\len128/test_roc_by_sex.png
  연구코드/results/0529/liver_pubis_32/model_2\len128/confusion_matrices.png
  연구코드/results/0529/liver_pubis_32/model_2\len128/calibration.png
  연구코드/results/0529/liver_pubis_32/model_2\len128/results.md
  [M2/len128] Plotting attention maps ...
  연구코드/results/0529/liver_pubis_32/model_2\len128/attention_map_c2a.png
  연구코드/results/0529/liver_pubis_32/model_2\len128/attention_heatmap_c2a.png
  연구코드/results/0529/liver_pubis_32/model_2\len128/attention_map_a2c.png
  연구코드/results/0529/liver_pubis_32/model_2\len128/attention_heatmap_a2c.png
  [M2/len128] Plotting Grad-CAM ...
  연구코드/results/0529/liver_pubis_32/model_2\len128/cam_aec_mean.png
  연구코드/results/0529/liver_pubis_32/model_2\len128/cam_aec_lines.png
  연구코드/results/0529/liver_pubis_32/model_2\len128/cam_aec_heatmap.png
  [M2/len128] Done.

############################################################
  [M2 norm]  (scale_clinic=True, scale_aec=True)
############################################################
  [M2/norm] Cross-validating CrossAttn ...
=======================================================
5-Fold CV  [CrossAttn | scale_clin=True, scale_aec=True]
=======================================================

── Fold 1/5 ──────────────────────────────
  CA   — AUC: 0.8187  AUPRC: 0.3788  Brier: 0.1819  Acc: 0.7322  F1: 0.3951  (best ep=1, thresh=0.508)

── Fold 2/5 ──────────────────────────────
  CA   — AUC: 0.8466  AUPRC: 0.5223  Brier: 0.2379  Acc: 0.8306  F1: 0.5079  (best ep=1, thresh=0.659)

── Fold 3/5 ──────────────────────────────
  CA   — AUC: 0.7895  AUPRC: 0.2789  Brier: 0.1689  Acc: 0.6667  F1: 0.3579  (best ep=81, thresh=0.290)

── Fold 4/5 ──────────────────────────────
  CA   — AUC: 0.7953  AUPRC: 0.3577  Brier: 0.3157  Acc: 0.7322  F1: 0.3951  (best ep=3, thresh=0.753)

── Fold 5/5 ──────────────────────────────
  CA   — AUC: 0.8108  AUPRC: 0.4634  Brier: 0.2071  Acc: 0.8077  F1: 0.4615  (best ep=8, thresh=0.650)

===========================================================================
CrossAttn  —  5-Fold CV Summary
===========================================================================
  Fold      AUC-ROC      AUPRC      Brier   Accuracy         F1
  ----------------------------------------------------------
  1          0.8187     0.3788     0.1819     0.7322     0.3951
  2          0.8466     0.5223     0.2379     0.8306     0.5079
  3          0.7895     0.2789     0.1689     0.6667     0.3579
  4          0.7953     0.3577     0.3157     0.7322     0.3951
  5          0.8108     0.4634     0.2071     0.8077     0.4615
  ──────────────────────────────────────────────────────────
  Mean       0.8122     0.4002     0.2223     0.7539     0.4235
  ±Std       0.0202     0.0847     0.0523     0.0589     0.0538
  [M2/norm] Evaluating on test set (med_epoch=3, thresh=0.650) ...

=======================================================
CrossAttn Test Evaluation  (scale_clin=True, scale_aec=True, threshold=0.650)
=======================================================
CrossAttn — training final model for 3 epochs on full CV set …

CrossAttn — Test Set (Overall):
  AUC: 0.8435  AUPRC: 0.3433  Brier: 0.1397  Acc: 0.8472  F1: 0.3396

CrossAttn — Test Set (By Sex):
  [M] n=82  AUC: 0.7391  AUPRC: 0.3433  Brier: 0.2154  Acc: 0.7195  F1: 0.3784
              precision    recall  f1-score   support

      Normal       0.90      0.75      0.82        69
  Sarcopenia       0.29      0.54      0.38        13

    accuracy                           0.72        82
   macro avg       0.59      0.65      0.60        82
weighted avg       0.80      0.72      0.75        82

  [F] n=147  AUC: 0.8937  AUPRC: 0.4751  Brier: 0.0975  Acc: 0.9184  F1: 0.2500
              precision    recall  f1-score   support

      Normal       0.94      0.98      0.96       136
  Sarcopenia       0.40      0.18      0.25        11

    accuracy                           0.92       147
   macro avg       0.67      0.58      0.60       147
weighted avg       0.90      0.92      0.90       147


───────────────────────────────────────────────────────
Test Set — Bootstrap CI
───────────────────────────────────────────────────────

  Bootstrap 95% CI — CrossAttn  (n_boot=2000)
  Metric         Estimate   95% CI Lower   95% CI Upper
  ----------------------------------------------------
  AUC-ROC          0.8435         0.7770         0.9007
  AUPRC            0.3433         0.2073         0.5282
  Brier            0.1397         0.1161         0.1622
  Accuracy         0.8472         0.8034         0.8908
  F1               0.3396         0.1702         0.4912
  [M2/norm] Saving figures ...

Saved (model 2 (norm)):
  연구코드/results/0529/liver_pubis_32/model_2\norm/data_distribution.png
  연구코드/results/0529/liver_pubis_32/model_2\norm/cv_roc_curves.png
  연구코드/results/0529/liver_pubis_32/model_2\norm/cv_metric_distribution.png
  연구코드/results/0529/liver_pubis_32/model_2\norm/training_curves.png
  연구코드/results/0529/liver_pubis_32/model_2\norm/test_roc_curves.png
  연구코드/results/0529/liver_pubis_32/model_2\norm/test_roc_by_sex.png
  연구코드/results/0529/liver_pubis_32/model_2\norm/confusion_matrices.png
  연구코드/results/0529/liver_pubis_32/model_2\norm/calibration.png
  연구코드/results/0529/liver_pubis_32/model_2\norm/results.md
  [M2/norm] Plotting attention maps ...
  연구코드/results/0529/liver_pubis_32/model_2\norm/attention_map_c2a.png
  연구코드/results/0529/liver_pubis_32/model_2\norm/attention_heatmap_c2a.png
  연구코드/results/0529/liver_pubis_32/model_2\norm/attention_map_a2c.png
  연구코드/results/0529/liver_pubis_32/model_2\norm/attention_heatmap_a2c.png
  [M2/norm] Plotting Grad-CAM ...
  연구코드/results/0529/liver_pubis_32/model_2\norm/cam_aec_mean.png
  연구코드/results/0529/liver_pubis_32/model_2\norm/cam_aec_lines.png
  연구코드/results/0529/liver_pubis_32/model_2\norm/cam_aec_heatmap.png
  [M2/norm] Done.

############################################################
  [M2 crop80]  (scale_clinic=True, scale_aec=True)
############################################################
  [M2/crop80] Cross-validating CrossAttn ...
=======================================================
5-Fold CV  [CrossAttn | scale_clin=True, scale_aec=True]
=======================================================

── Fold 1/5 ──────────────────────────────
  CA   — AUC: 0.8279  AUPRC: 0.4264  Brier: 0.1597  Acc: 0.7049  F1: 0.3864  (best ep=18, thresh=0.407)

── Fold 2/5 ──────────────────────────────
  CA   — AUC: 0.8453  AUPRC: 0.4802  Brier: 0.0992  Acc: 0.8415  F1: 0.5085  (best ep=3, thresh=0.400)

── Fold 3/5 ──────────────────────────────
  CA   — AUC: 0.7632  AUPRC: 0.3517  Brier: 0.2142  Acc: 0.8142  F1: 0.4333  (best ep=33, thresh=0.727)

── Fold 4/5 ──────────────────────────────
  CA   — AUC: 0.7936  AUPRC: 0.3405  Brier: 0.1788  Acc: 0.7104  F1: 0.3765  (best ep=3, thresh=0.466)

── Fold 5/5 ──────────────────────────────
  CA   — AUC: 0.8121  AUPRC: 0.3937  Brier: 0.1421  Acc: 0.7308  F1: 0.3951  (best ep=37, thresh=0.405)

===========================================================================
CrossAttn  —  5-Fold CV Summary
===========================================================================
  Fold      AUC-ROC      AUPRC      Brier   Accuracy         F1
  ----------------------------------------------------------
  1          0.8279     0.4264     0.1597     0.7049     0.3864
  2          0.8453     0.4802     0.0992     0.8415     0.5085
  3          0.7632     0.3517     0.2142     0.8142     0.4333
  4          0.7936     0.3405     0.1788     0.7104     0.3765
  5          0.8121     0.3937     0.1421     0.7308     0.3951
  ──────────────────────────────────────────────────────────
  Mean       0.8084     0.3985     0.1588     0.7604     0.4199
  ±Std       0.0284     0.0511     0.0382     0.0565     0.0483
  [M2/crop80] Evaluating on test set (med_epoch=18, thresh=0.407) ...

=======================================================
CrossAttn Test Evaluation  (scale_clin=True, scale_aec=True, threshold=0.407)
=======================================================
CrossAttn — training final model for 18 epochs on full CV set …

CrossAttn — Test Set (Overall):
  AUC: 0.7689  AUPRC: 0.2327  Brier: 0.2108  Acc: 0.6245  F1: 0.3281

CrossAttn — Test Set (By Sex):
  [M] n=82  AUC: 0.7023  AUPRC: 0.2664  Brier: 0.2540  Acc: 0.5610  F1: 0.3793
              precision    recall  f1-score   support

      Normal       0.95      0.51      0.66        69
  Sarcopenia       0.24      0.85      0.38        13

    accuracy                           0.56        82
   macro avg       0.60      0.68      0.52        82
weighted avg       0.83      0.56      0.62        82

  [F] n=147  AUC: 0.8041  AUPRC: 0.2267  Brier: 0.1867  Acc: 0.6599  F1: 0.2857
              precision    recall  f1-score   support

      Normal       0.99      0.64      0.78       136
  Sarcopenia       0.17      0.91      0.29        11

    accuracy                           0.66       147
   macro avg       0.58      0.77      0.53       147
weighted avg       0.93      0.66      0.74       147


───────────────────────────────────────────────────────
Test Set — Bootstrap CI
───────────────────────────────────────────────────────

  Bootstrap 95% CI — CrossAttn  (n_boot=2000)
  Metric         Estimate   95% CI Lower   95% CI Upper
  ----------------------------------------------------
  AUC-ROC          0.7689         0.6786         0.8516
  AUPRC            0.2327         0.1463         0.4018
  Brier            0.2108         0.1801         0.2409
  Accuracy         0.6245         0.5633         0.6900
  F1               0.3281         0.2202         0.4361
  [M2/crop80] Saving figures ...

Saved (model 2 (crop80)):
  연구코드/results/0529/liver_pubis_32/model_2\crop80/data_distribution.png
  연구코드/results/0529/liver_pubis_32/model_2\crop80/cv_roc_curves.png
  연구코드/results/0529/liver_pubis_32/model_2\crop80/cv_metric_distribution.png
  연구코드/results/0529/liver_pubis_32/model_2\crop80/training_curves.png
  연구코드/results/0529/liver_pubis_32/model_2\crop80/test_roc_curves.png
  연구코드/results/0529/liver_pubis_32/model_2\crop80/test_roc_by_sex.png
  연구코드/results/0529/liver_pubis_32/model_2\crop80/confusion_matrices.png
  연구코드/results/0529/liver_pubis_32/model_2\crop80/calibration.png
  연구코드/results/0529/liver_pubis_32/model_2\crop80/results.md
  [M2/crop80] Plotting attention maps ...
  연구코드/results/0529/liver_pubis_32/model_2\crop80/attention_map_c2a.png
  연구코드/results/0529/liver_pubis_32/model_2\crop80/attention_heatmap_c2a.png
  연구코드/results/0529/liver_pubis_32/model_2\crop80/attention_map_a2c.png
  연구코드/results/0529/liver_pubis_32/model_2\crop80/attention_heatmap_a2c.png
  [M2/crop80] Plotting Grad-CAM ...
  연구코드/results/0529/liver_pubis_32/model_2\crop80/cam_aec_mean.png
  연구코드/results/0529/liver_pubis_32/model_2\crop80/cam_aec_lines.png
  연구코드/results/0529/liver_pubis_32/model_2\crop80/cam_aec_heatmap.png
  [M2/crop80] Done.

############################################################
  [M2 crop60]  (scale_clinic=True, scale_aec=True)
############################################################
  [M2/crop60] Cross-validating CrossAttn ...
=======================================================
5-Fold CV  [CrossAttn | scale_clin=True, scale_aec=True]
=======================================================

── Fold 1/5 ──────────────────────────────
  CA   — AUC: 0.8426  AUPRC: 0.4196  Brier: 0.1776  Acc: 0.7596  F1: 0.4211  (best ep=21, thresh=0.542)

── Fold 2/5 ──────────────────────────────
  CA   — AUC: 0.8540  AUPRC: 0.5463  Brier: 0.1029  Acc: 0.7104  F1: 0.4045  (best ep=6, thresh=0.263)

── Fold 3/5 ──────────────────────────────
  CA   — AUC: 0.7802  AUPRC: 0.3382  Brier: 0.3191  Acc: 0.6885  F1: 0.3448  (best ep=3, thresh=0.759)

── Fold 4/5 ──────────────────────────────
  CA   — AUC: 0.7863  AUPRC: 0.3724  Brier: 0.1711  Acc: 0.7978  F1: 0.4308  (best ep=21, thresh=0.589)

── Fold 5/5 ──────────────────────────────
  CA   — AUC: 0.8189  AUPRC: 0.4158  Brier: 0.1774  Acc: 0.7747  F1: 0.4384  (best ep=15, thresh=0.576)

===========================================================================
CrossAttn  —  5-Fold CV Summary
===========================================================================
  Fold      AUC-ROC      AUPRC      Brier   Accuracy         F1
  ----------------------------------------------------------
  1          0.8426     0.4196     0.1776     0.7596     0.4211
  2          0.8540     0.5463     0.1029     0.7104     0.4045
  3          0.7802     0.3382     0.3191     0.6885     0.3448
  4          0.7863     0.3724     0.1711     0.7978     0.4308
  5          0.8189     0.4158     0.1774     0.7747     0.4384
  ──────────────────────────────────────────────────────────
  Mean       0.8164     0.4184     0.1896     0.7462     0.4079
  ±Std       0.0294     0.0706     0.0706     0.0407     0.0335
  [M2/crop60] Evaluating on test set (med_epoch=15, thresh=0.576) ...

=======================================================
CrossAttn Test Evaluation  (scale_clin=True, scale_aec=True, threshold=0.576)
=======================================================
CrossAttn — training final model for 15 epochs on full CV set …

CrossAttn — Test Set (Overall):
  AUC: 0.7933  AUPRC: 0.3147  Brier: 0.2389  Acc: 0.6725  F1: 0.3478

CrossAttn — Test Set (By Sex):
  [M] n=82  AUC: 0.7469  AUPRC: 0.3593  Brier: 0.2994  Acc: 0.6707  F1: 0.4706
              precision    recall  f1-score   support

      Normal       0.98      0.62      0.76        69
  Sarcopenia       0.32      0.92      0.47        13

    accuracy                           0.67        82
   macro avg       0.65      0.77      0.62        82
weighted avg       0.87      0.67      0.72        82

  [F] n=147  AUC: 0.7981  AUPRC: 0.3656  Brier: 0.2052  Acc: 0.6735  F1: 0.2500
              precision    recall  f1-score   support

      Normal       0.97      0.67      0.79       136
  Sarcopenia       0.15      0.73      0.25        11

    accuracy                           0.67       147
   macro avg       0.56      0.70      0.52       147
weighted avg       0.91      0.67      0.75       147


───────────────────────────────────────────────────────
Test Set — Bootstrap CI
───────────────────────────────────────────────────────

  Bootstrap 95% CI — CrossAttn  (n_boot=2000)
  Metric         Estimate   95% CI Lower   95% CI Upper
  ----------------------------------------------------
  AUC-ROC          0.7933         0.7079         0.8692
  AUPRC            0.3147         0.1894         0.5020
  Brier            0.2389         0.2054         0.2708
  Accuracy         0.6725         0.6114         0.7336
  F1               0.3478         0.2385         0.4587
  [M2/crop60] Saving figures ...

Saved (model 2 (crop60)):
  연구코드/results/0529/liver_pubis_32/model_2\crop60/data_distribution.png
  연구코드/results/0529/liver_pubis_32/model_2\crop60/cv_roc_curves.png
  연구코드/results/0529/liver_pubis_32/model_2\crop60/cv_metric_distribution.png
  연구코드/results/0529/liver_pubis_32/model_2\crop60/training_curves.png
  연구코드/results/0529/liver_pubis_32/model_2\crop60/test_roc_curves.png
  연구코드/results/0529/liver_pubis_32/model_2\crop60/test_roc_by_sex.png
  연구코드/results/0529/liver_pubis_32/model_2\crop60/confusion_matrices.png
  연구코드/results/0529/liver_pubis_32/model_2\crop60/calibration.png
  연구코드/results/0529/liver_pubis_32/model_2\crop60/results.md
  [M2/crop60] Plotting attention maps ...
  연구코드/results/0529/liver_pubis_32/model_2\crop60/attention_map_c2a.png
  연구코드/results/0529/liver_pubis_32/model_2\crop60/attention_heatmap_c2a.png
  연구코드/results/0529/liver_pubis_32/model_2\crop60/attention_map_a2c.png
  연구코드/results/0529/liver_pubis_32/model_2\crop60/attention_heatmap_a2c.png
  [M2/crop60] Plotting Grad-CAM ...
  연구코드/results/0529/liver_pubis_32/model_2\crop60/cam_aec_mean.png
  연구코드/results/0529/liver_pubis_32/model_2\crop60/cam_aec_lines.png
  연구코드/results/0529/liver_pubis_32/model_2\crop60/cam_aec_heatmap.png
  [M2/crop60] Done.

############################################################
  [M2 excl_extreme]  (scale_clinic=True, scale_aec=True)
############################################################
  [M2/excl_extreme] Cross-validating CrossAttn ...
=======================================================
5-Fold CV  [CrossAttn | scale_clin=True, scale_aec=True]
=======================================================

── Fold 1/5 ──────────────────────────────
  CA   — AUC: 0.8207  AUPRC: 0.4382  Brier: 0.2173  Acc: 0.8242  F1: 0.4528  (best ep=15, thresh=0.778)

── Fold 2/5 ──────────────────────────────
  CA   — AUC: 0.8289  AUPRC: 0.4663  Brier: 0.2201  Acc: 0.6788  F1: 0.3614  (best ep=1, thresh=0.515)

── Fold 3/5 ──────────────────────────────
  CA   — AUC: 0.9189  AUPRC: 0.5652  Brier: 0.1113  Acc: 0.7561  F1: 0.4444  (best ep=10, thresh=0.368)

── Fold 4/5 ──────────────────────────────
  CA   — AUC: 0.7411  AUPRC: 0.3446  Brier: 0.3232  Acc: 0.7927  F1: 0.3704  (best ep=2, thresh=0.825)

── Fold 5/5 ──────────────────────────────
  CA   — AUC: 0.8429  AUPRC: 0.3200  Brier: 0.1518  Acc: 0.6768  F1: 0.3765  (best ep=8, thresh=0.348)

===========================================================================
CrossAttn  —  5-Fold CV Summary
===========================================================================
  Fold      AUC-ROC      AUPRC      Brier   Accuracy         F1
  ----------------------------------------------------------
  1          0.8207     0.4382     0.2173     0.8242     0.4528
  2          0.8289     0.4663     0.2201     0.6788     0.3614
  3          0.9189     0.5652     0.1113     0.7561     0.4444
  4          0.7411     0.3446     0.3232     0.7927     0.3704
  5          0.8429     0.3200     0.1518     0.6768     0.3765
  ──────────────────────────────────────────────────────────
  Mean       0.8305     0.4268     0.2047     0.7457     0.4011
  ±Std       0.0567     0.0883     0.0720     0.0595     0.0392
  [M2/excl_extreme] Evaluating on test set (med_epoch=8, thresh=0.515) ...

=======================================================
CrossAttn Test Evaluation  (scale_clin=True, scale_aec=True, threshold=0.515)
=======================================================
CrossAttn — training final model for 8 epochs on full CV set …

CrossAttn — Test Set (Overall):
  AUC: 0.8095  AUPRC: 0.3140  Brier: 0.2065  Acc: 0.7073  F1: 0.3878

CrossAttn — Test Set (By Sex):
  [M] n=72  AUC: 0.7132  AUPRC: 0.3564  Brier: 0.2506  Acc: 0.6667  F1: 0.4783
              precision    recall  f1-score   support

      Normal       0.95      0.63      0.76        59
  Sarcopenia       0.33      0.85      0.48        13

    accuracy                           0.67        72
   macro avg       0.64      0.74      0.62        72
weighted avg       0.84      0.67      0.71        72

  [F] n=133  AUC: 0.8754  AUPRC: 0.3954  Brier: 0.1826  Acc: 0.7293  F1: 0.3077
              precision    recall  f1-score   support

      Normal       0.99      0.72      0.83       124
  Sarcopenia       0.19      0.89      0.31         9

    accuracy                           0.73       133
   macro avg       0.59      0.80      0.57       133
weighted avg       0.93      0.73      0.80       133


───────────────────────────────────────────────────────
Test Set — Bootstrap CI
───────────────────────────────────────────────────────

  Bootstrap 95% CI — CrossAttn  (n_boot=2000)
  Metric         Estimate   95% CI Lower   95% CI Upper
  ----------------------------------------------------
  AUC-ROC          0.8095         0.7202         0.8861
  AUPRC            0.3140         0.1821         0.4990
  Brier            0.2065         0.1730         0.2433
  Accuracy         0.7073         0.6439         0.7659
  F1               0.3878         0.2529         0.5049
  [M2/excl_extreme] Saving figures ...

Saved (model 2 (excl_extreme)):
  연구코드/results/0529/liver_pubis_32/model_2\excl_extreme/data_distribution.png
  연구코드/results/0529/liver_pubis_32/model_2\excl_extreme/cv_roc_curves.png
  연구코드/results/0529/liver_pubis_32/model_2\excl_extreme/cv_metric_distribution.png
  연구코드/results/0529/liver_pubis_32/model_2\excl_extreme/training_curves.png
  연구코드/results/0529/liver_pubis_32/model_2\excl_extreme/test_roc_curves.png
  연구코드/results/0529/liver_pubis_32/model_2\excl_extreme/test_roc_by_sex.png
  연구코드/results/0529/liver_pubis_32/model_2\excl_extreme/confusion_matrices.png
  연구코드/results/0529/liver_pubis_32/model_2\excl_extreme/calibration.png
  연구코드/results/0529/liver_pubis_32/model_2\excl_extreme/results.md
  [M2/excl_extreme] Plotting attention maps ...
  연구코드/results/0529/liver_pubis_32/model_2\excl_extreme/attention_map_c2a.png
  연구코드/results/0529/liver_pubis_32/model_2\excl_extreme/attention_heatmap_c2a.png
  연구코드/results/0529/liver_pubis_32/model_2\excl_extreme/attention_map_a2c.png
  연구코드/results/0529/liver_pubis_32/model_2\excl_extreme/attention_heatmap_a2c.png
  [M2/excl_extreme] Plotting Grad-CAM ...
  연구코드/results/0529/liver_pubis_32/model_2\excl_extreme/cam_aec_mean.png
  연구코드/results/0529/liver_pubis_32/model_2\excl_extreme/cam_aec_lines.png
  연구코드/results/0529/liver_pubis_32/model_2\excl_extreme/cam_aec_heatmap.png
  [M2/excl_extreme] Done.
