============================================================
  MODEL 2_2 — Clinic + AEC Unmatched (aec128)  (4 AEC variants)
============================================================

############################################################
  [M2_2 raw]  (scale_clinic=True, scale_aec=none)
############################################################
  [M2_2/raw] Cross-validating CrossAttn ...
=======================================================
5-Fold CV  [CrossAttn | scale_clin=True, scale_aec=none]
=======================================================

── Fold 1/5 ──────────────────────────────
  CA   — AUC: 0.8098  AUPRC: 0.3079  Brier: 0.2719  Acc: 0.6120  F1: 0.3604  (best ep=9, thresh=0.530)

── Fold 2/5 ──────────────────────────────
  CA   — AUC: 0.8363  AUPRC: 0.4240  Brier: 0.2297  Acc: 0.7486  F1: 0.4103  (best ep=15, thresh=0.579)

── Fold 3/5 ──────────────────────────────
  CA   — AUC: 0.7818  AUPRC: 0.2860  Brier: 0.2534  Acc: 0.6339  F1: 0.3366  (best ep=87, thresh=0.492)

── Fold 4/5 ──────────────────────────────
  CA   — AUC: 0.7747  AUPRC: 0.3386  Brier: 0.2353  Acc: 0.7760  F1: 0.4058  (best ep=13, thresh=0.619)

── Fold 5/5 ──────────────────────────────
  CA   — AUC: 0.7946  AUPRC: 0.3754  Brier: 0.2380  Acc: 0.6813  F1: 0.3696  (best ep=13, thresh=0.532)

===========================================================================
CrossAttn  —  5-Fold CV Summary
===========================================================================
  Fold      AUC-ROC      AUPRC      Brier   Accuracy         F1
  ----------------------------------------------------------
  1          0.8098     0.3079     0.2719     0.6120     0.3604
  2          0.8363     0.4240     0.2297     0.7486     0.4103
  3          0.7818     0.2860     0.2534     0.6339     0.3366
  4          0.7747     0.3386     0.2353     0.7760     0.4058
  5          0.7946     0.3754     0.2380     0.6813     0.3696
  ──────────────────────────────────────────────────────────
  Mean       0.7995     0.3464     0.2456     0.6904     0.3765
  ±Std       0.0220     0.0491     0.0153     0.0635     0.0279
  [M2_2/raw] Evaluating on test set (med_epoch=13, thresh=0.532) ...

=======================================================
CrossAttn Test Evaluation  (scale_clin=True, scale_aec=none, threshold=0.532)
=======================================================
CrossAttn — training final model for 13 epochs on full CV set …
  [CrossAttn] Model weights saved → 연구코드/results/0605/stage1_0.0003_epoch500/model_2_2\raw128\raw\M2_2_raw_weights.pt

CrossAttn — Test Set (Overall):
  AUC: 0.8069  AUPRC: 0.3412  Brier: 0.2844  Acc: 0.5721  F1: 0.3099

CrossAttn — Test Set (By Sex):
  [M] n=82  AUC: 0.7324  AUPRC: 0.3519  Brier: 0.3211  Acc: 0.5366  F1: 0.3667
              precision    recall  f1-score   support

      Normal       0.94      0.48      0.63        69
  Sarcopenia       0.23      0.85      0.37        13

    accuracy                           0.54        82
   macro avg       0.59      0.66      0.50        82
weighted avg       0.83      0.54      0.59        82

  [F] n=147  AUC: 0.8429  AUPRC: 0.3902  Brier: 0.2638  Acc: 0.5918  F1: 0.2683
              precision    recall  f1-score   support

      Normal       1.00      0.56      0.72       136
  Sarcopenia       0.15      1.00      0.27        11

    accuracy                           0.59       147
   macro avg       0.58      0.78      0.49       147
weighted avg       0.94      0.59      0.68       147


───────────────────────────────────────────────────────
Test Set — Bootstrap CI
───────────────────────────────────────────────────────

  Bootstrap 95% CI — CrossAttn  (n_boot=2000)
  Metric         Estimate   95% CI Lower   95% CI Upper
  ----------------------------------------------------
  AUC-ROC          0.8069         0.7163         0.8814
  AUPRC            0.3412         0.1969         0.5288
  Brier            0.2844         0.2562         0.3113
  Accuracy         0.5721         0.5066         0.6376
  F1               0.3099         0.2069         0.4156
  [M2_2/raw] Saving figures ...

Saved (model 2_2 (raw, unmatched)):
  연구코드/results/0605/stage1_0.0003_epoch500/model_2_2\raw128\raw/data_distribution.png
  연구코드/results/0605/stage1_0.0003_epoch500/model_2_2\raw128\raw/cv_roc_curves.png
  연구코드/results/0605/stage1_0.0003_epoch500/model_2_2\raw128\raw/cv_metric_distribution.png
  연구코드/results/0605/stage1_0.0003_epoch500/model_2_2\raw128\raw/training_curves.png
  연구코드/results/0605/stage1_0.0003_epoch500/model_2_2\raw128\raw/test_roc_curves.png
  연구코드/results/0605/stage1_0.0003_epoch500/model_2_2\raw128\raw/test_roc_by_sex.png
  연구코드/results/0605/stage1_0.0003_epoch500/model_2_2\raw128\raw/confusion_matrices.png
  연구코드/results/0605/stage1_0.0003_epoch500/model_2_2\raw128\raw/calibration.png
  연구코드/results/0605/stage1_0.0003_epoch500/model_2_2\raw128\raw/results.md
  [M2_2/raw] Plotting attention maps ...
  연구코드/results/0605/stage1_0.0003_epoch500/model_2_2\raw128\raw/attention_map_c2a.png
  연구코드/results/0605/stage1_0.0003_epoch500/model_2_2\raw128\raw/attention_heatmap_c2a.png
  연구코드/results/0605/stage1_0.0003_epoch500/model_2_2\raw128\raw/attention_map_a2c.png
  연구코드/results/0605/stage1_0.0003_epoch500/model_2_2\raw128\raw/attention_heatmap_a2c.png
  [M2_2/raw] Plotting Grad-CAM ...
  연구코드/results/0605/stage1_0.0003_epoch500/model_2_2\raw128\raw/cam_aec_mean.png
  연구코드/results/0605/stage1_0.0003_epoch500/model_2_2\raw128\raw/cam_aec_lines.png
  연구코드/results/0605/stage1_0.0003_epoch500/model_2_2\raw128\raw/cam_aec_heatmap.png
  [M2_2/raw] Done.

############################################################
  [M2_2 std_scaled]  (scale_clinic=True, scale_aec=column)
############################################################
  [M2_2/std_scaled] Cross-validating CrossAttn ...
=======================================================
5-Fold CV  [CrossAttn | scale_clin=True, scale_aec=column]
=======================================================

── Fold 1/5 ──────────────────────────────
  CA   — AUC: 0.8322  AUPRC: 0.3294  Brier: 0.2369  Acc: 0.7158  F1: 0.4091  (best ep=9, thresh=0.561)

── Fold 2/5 ──────────────────────────────
  CA   — AUC: 0.8370  AUPRC: 0.4864  Brier: 0.2429  Acc: 0.7486  F1: 0.4103  (best ep=17, thresh=0.587)

── Fold 3/5 ──────────────────────────────
  CA   — AUC: 0.8020  AUPRC: 0.4104  Brier: 0.2139  Acc: 0.6995  F1: 0.3820  (best ep=258, thresh=0.543)

── Fold 4/5 ──────────────────────────────
  CA   — AUC: 0.7757  AUPRC: 0.3153  Brier: 0.2187  Acc: 0.6448  F1: 0.3434  (best ep=50, thresh=0.458)

── Fold 5/5 ──────────────────────────────
  CA   — AUC: 0.8098  AUPRC: 0.4018  Brier: 0.2679  Acc: 0.7582  F1: 0.4211  (best ep=12, thresh=0.630)

===========================================================================
CrossAttn  —  5-Fold CV Summary
===========================================================================
  Fold      AUC-ROC      AUPRC      Brier   Accuracy         F1
  ----------------------------------------------------------
  1          0.8322     0.3294     0.2369     0.7158     0.4091
  2          0.8370     0.4864     0.2429     0.7486     0.4103
  3          0.8020     0.4104     0.2139     0.6995     0.3820
  4          0.7757     0.3153     0.2187     0.6448     0.3434
  5          0.8098     0.4018     0.2679     0.7582     0.4211
  ──────────────────────────────────────────────────────────
  Mean       0.8113     0.3887     0.2361     0.7134     0.3932
  ±Std       0.0222     0.0618     0.0193     0.0404     0.0280
  [M2_2/std_scaled] Evaluating on test set (med_epoch=17, thresh=0.561) ...

=======================================================
CrossAttn Test Evaluation  (scale_clin=True, scale_aec=column, threshold=0.561)
=======================================================
CrossAttn — training final model for 17 epochs on full CV set …
  [CrossAttn] Model weights saved → 연구코드/results/0605/stage1_0.0003_epoch500/model_2_2\raw128\std_scaled\M2_2_std_scaled_weights.pt

CrossAttn — Test Set (Overall):
  AUC: 0.7937  AUPRC: 0.3179  Brier: 0.2663  Acc: 0.6288  F1: 0.3200

CrossAttn — Test Set (By Sex):
  [M] n=82  AUC: 0.7469  AUPRC: 0.3646  Brier: 0.2974  Acc: 0.6098  F1: 0.4074
              precision    recall  f1-score   support

      Normal       0.95      0.57      0.71        69
  Sarcopenia       0.27      0.85      0.41        13

    accuracy                           0.61        82
   macro avg       0.61      0.71      0.56        82
weighted avg       0.84      0.61      0.66        82

  [F] n=147  AUC: 0.7901  AUPRC: 0.3479  Brier: 0.2489  Acc: 0.6395  F1: 0.2535
              precision    recall  f1-score   support

      Normal       0.98      0.62      0.76       136
  Sarcopenia       0.15      0.82      0.25        11

    accuracy                           0.64       147
   macro avg       0.56      0.72      0.51       147
weighted avg       0.92      0.64      0.72       147


───────────────────────────────────────────────────────
Test Set — Bootstrap CI
───────────────────────────────────────────────────────

  Bootstrap 95% CI — CrossAttn  (n_boot=2000)
  Metric         Estimate   95% CI Lower   95% CI Upper
  ----------------------------------------------------
  AUC-ROC          0.7937         0.7066         0.8698
  AUPRC            0.3179         0.1875         0.5084
  Brier            0.2663         0.2394         0.2919
  Accuracy         0.6288         0.5633         0.6900
  F1               0.3200         0.2105         0.4320
  [M2_2/std_scaled] Saving figures ...

Saved (model 2_2 (std_scaled, unmatched)):
  연구코드/results/0605/stage1_0.0003_epoch500/model_2_2\raw128\std_scaled/data_distribution.png
  연구코드/results/0605/stage1_0.0003_epoch500/model_2_2\raw128\std_scaled/cv_roc_curves.png
  연구코드/results/0605/stage1_0.0003_epoch500/model_2_2\raw128\std_scaled/cv_metric_distribution.png
  연구코드/results/0605/stage1_0.0003_epoch500/model_2_2\raw128\std_scaled/training_curves.png
  연구코드/results/0605/stage1_0.0003_epoch500/model_2_2\raw128\std_scaled/test_roc_curves.png
  연구코드/results/0605/stage1_0.0003_epoch500/model_2_2\raw128\std_scaled/test_roc_by_sex.png
  연구코드/results/0605/stage1_0.0003_epoch500/model_2_2\raw128\std_scaled/confusion_matrices.png
  연구코드/results/0605/stage1_0.0003_epoch500/model_2_2\raw128\std_scaled/calibration.png
  연구코드/results/0605/stage1_0.0003_epoch500/model_2_2\raw128\std_scaled/results.md
  [M2_2/std_scaled] Plotting attention maps ...
  연구코드/results/0605/stage1_0.0003_epoch500/model_2_2\raw128\std_scaled/attention_map_c2a.png
  연구코드/results/0605/stage1_0.0003_epoch500/model_2_2\raw128\std_scaled/attention_heatmap_c2a.png
  연구코드/results/0605/stage1_0.0003_epoch500/model_2_2\raw128\std_scaled/attention_map_a2c.png
  연구코드/results/0605/stage1_0.0003_epoch500/model_2_2\raw128\std_scaled/attention_heatmap_a2c.png
  [M2_2/std_scaled] Plotting Grad-CAM ...
  연구코드/results/0605/stage1_0.0003_epoch500/model_2_2\raw128\std_scaled/cam_aec_mean.png
  연구코드/results/0605/stage1_0.0003_epoch500/model_2_2\raw128\std_scaled/cam_aec_lines.png
  연구코드/results/0605/stage1_0.0003_epoch500/model_2_2\raw128\std_scaled/cam_aec_heatmap.png
  [M2_2/std_scaled] Done.

############################################################
  [M2_2 norm]  (scale_clinic=True, scale_aec=none)
############################################################
  [M2_2/norm] Cross-validating CrossAttn ...
=======================================================
5-Fold CV  [CrossAttn | scale_clin=True, scale_aec=none]
=======================================================

── Fold 1/5 ──────────────────────────────
  CA   — AUC: 0.8074  AUPRC: 0.3560  Brier: 0.2900  Acc: 0.7705  F1: 0.4167  (best ep=9, thresh=0.685)

── Fold 2/5 ──────────────────────────────
  CA   — AUC: 0.8694  AUPRC: 0.5387  Brier: 0.2261  Acc: 0.8579  F1: 0.5357  (best ep=11, thresh=0.645)

── Fold 3/5 ──────────────────────────────
  CA   — AUC: 0.7667  AUPRC: 0.2441  Brier: 0.2983  Acc: 0.6066  F1: 0.3208  (best ep=6, thresh=0.563)

── Fold 4/5 ──────────────────────────────
  CA   — AUC: 0.7863  AUPRC: 0.3337  Brier: 0.2860  Acc: 0.7377  F1: 0.4000  (best ep=7, thresh=0.626)

── Fold 5/5 ──────────────────────────────
  CA   — AUC: 0.8066  AUPRC: 0.3760  Brier: 0.2390  Acc: 0.7527  F1: 0.4156  (best ep=10, thresh=0.602)

===========================================================================
CrossAttn  —  5-Fold CV Summary
===========================================================================
  Fold      AUC-ROC      AUPRC      Brier   Accuracy         F1
  ----------------------------------------------------------
  1          0.8074     0.3560     0.2900     0.7705     0.4167
  2          0.8694     0.5387     0.2261     0.8579     0.5357
  3          0.7667     0.2441     0.2983     0.6066     0.3208
  4          0.7863     0.3337     0.2860     0.7377     0.4000
  5          0.8066     0.3760     0.2390     0.7527     0.4156
  ──────────────────────────────────────────────────────────
  Mean       0.8073     0.3697     0.2679     0.7451     0.4177
  ±Std       0.0345     0.0958     0.0294     0.0808     0.0688
  [M2_2/norm] Evaluating on test set (med_epoch=9, thresh=0.626) ...

=======================================================
CrossAttn Test Evaluation  (scale_clin=True, scale_aec=none, threshold=0.626)
=======================================================
CrossAttn — training final model for 9 epochs on full CV set …
  [CrossAttn] Model weights saved → 연구코드/results/0605/stage1_0.0003_epoch500/model_2_2\raw128\norm\M2_2_norm_weights.pt

CrossAttn — Test Set (Overall):
  AUC: 0.8272  AUPRC: 0.3313  Brier: 0.3067  Acc: 0.6376  F1: 0.3566

CrossAttn — Test Set (By Sex):
  [M] n=82  AUC: 0.7414  AUPRC: 0.3201  Brier: 0.3498  Acc: 0.5854  F1: 0.4138
              precision    recall  f1-score   support

      Normal       0.97      0.52      0.68        69
  Sarcopenia       0.27      0.92      0.41        13

    accuracy                           0.59        82
   macro avg       0.62      0.72      0.55        82
weighted avg       0.86      0.59      0.64        82

  [F] n=147  AUC: 0.8630  AUPRC: 0.4156  Brier: 0.2827  Acc: 0.6667  F1: 0.3099
              precision    recall  f1-score   support

      Normal       1.00      0.64      0.78       136
  Sarcopenia       0.18      1.00      0.31        11

    accuracy                           0.67       147
   macro avg       0.59      0.82      0.55       147
weighted avg       0.94      0.67      0.75       147


───────────────────────────────────────────────────────
Test Set — Bootstrap CI
───────────────────────────────────────────────────────

  Bootstrap 95% CI — CrossAttn  (n_boot=2000)
  Metric         Estimate   95% CI Lower   95% CI Upper
  ----------------------------------------------------
  AUC-ROC          0.8272         0.7459         0.8943
  AUPRC            0.3313         0.2044         0.5316
  Brier            0.3067         0.2768         0.3349
  Accuracy         0.6376         0.5764         0.7031
  F1               0.3566         0.2459         0.4651
  [M2_2/norm] Saving figures ...

Saved (model 2_2 (norm, unmatched)):
  연구코드/results/0605/stage1_0.0003_epoch500/model_2_2\raw128\norm/data_distribution.png
  연구코드/results/0605/stage1_0.0003_epoch500/model_2_2\raw128\norm/cv_roc_curves.png
  연구코드/results/0605/stage1_0.0003_epoch500/model_2_2\raw128\norm/cv_metric_distribution.png
  연구코드/results/0605/stage1_0.0003_epoch500/model_2_2\raw128\norm/training_curves.png
  연구코드/results/0605/stage1_0.0003_epoch500/model_2_2\raw128\norm/test_roc_curves.png
  연구코드/results/0605/stage1_0.0003_epoch500/model_2_2\raw128\norm/test_roc_by_sex.png
  연구코드/results/0605/stage1_0.0003_epoch500/model_2_2\raw128\norm/confusion_matrices.png
  연구코드/results/0605/stage1_0.0003_epoch500/model_2_2\raw128\norm/calibration.png
  연구코드/results/0605/stage1_0.0003_epoch500/model_2_2\raw128\norm/results.md
  [M2_2/norm] Plotting attention maps ...
  연구코드/results/0605/stage1_0.0003_epoch500/model_2_2\raw128\norm/attention_map_c2a.png
  연구코드/results/0605/stage1_0.0003_epoch500/model_2_2\raw128\norm/attention_heatmap_c2a.png
  연구코드/results/0605/stage1_0.0003_epoch500/model_2_2\raw128\norm/attention_map_a2c.png
  연구코드/results/0605/stage1_0.0003_epoch500/model_2_2\raw128\norm/attention_heatmap_a2c.png
  [M2_2/norm] Plotting Grad-CAM ...
  연구코드/results/0605/stage1_0.0003_epoch500/model_2_2\raw128\norm/cam_aec_mean.png
  연구코드/results/0605/stage1_0.0003_epoch500/model_2_2\raw128\norm/cam_aec_lines.png
  연구코드/results/0605/stage1_0.0003_epoch500/model_2_2\raw128\norm/cam_aec_heatmap.png
  [M2_2/norm] Done.

############################################################
  [M2_2 global_zscore]  (scale_clinic=True, scale_aec=global)
############################################################
  [M2_2/global_zscore] Cross-validating CrossAttn ...
=======================================================
5-Fold CV  [CrossAttn | scale_clin=True, scale_aec=global]
=======================================================

── Fold 1/5 ──────────────────────────────
  CA   — AUC: 0.8095  AUPRC: 0.3149  Brier: 0.2848  Acc: 0.5519  F1: 0.3279  (best ep=4, thresh=0.547)

── Fold 2/5 ──────────────────────────────
  CA   — AUC: 0.8058  AUPRC: 0.3934  Brier: 0.2524  Acc: 0.8033  F1: 0.4194  (best ep=14, thresh=0.662)

── Fold 3/5 ──────────────────────────────
  CA   — AUC: 0.7853  AUPRC: 0.2902  Brier: 0.2642  Acc: 0.6120  F1: 0.3238  (best ep=22, thresh=0.497)

── Fold 4/5 ──────────────────────────────
  CA   — AUC: 0.7718  AUPRC: 0.3248  Brier: 0.2082  Acc: 0.7213  F1: 0.3704  (best ep=14, thresh=0.512)

── Fold 5/5 ──────────────────────────────
  CA   — AUC: 0.7904  AUPRC: 0.3841  Brier: 0.2425  Acc: 0.7418  F1: 0.4051  (best ep=20, thresh=0.583)

===========================================================================
CrossAttn  —  5-Fold CV Summary
===========================================================================
  Fold      AUC-ROC      AUPRC      Brier   Accuracy         F1
  ----------------------------------------------------------
  1          0.8095     0.3149     0.2848     0.5519     0.3279
  2          0.8058     0.3934     0.2524     0.8033     0.4194
  3          0.7853     0.2902     0.2642     0.6120     0.3238
  4          0.7718     0.3248     0.2082     0.7213     0.3704
  5          0.7904     0.3841     0.2425     0.7418     0.4051
  ──────────────────────────────────────────────────────────
  Mean       0.7926     0.3415     0.2504     0.6861     0.3693
  ±Std       0.0138     0.0403     0.0254     0.0912     0.0389
  [M2_2/global_zscore] Evaluating on test set (med_epoch=14, thresh=0.547) ...

=======================================================
CrossAttn Test Evaluation  (scale_clin=True, scale_aec=global, threshold=0.547)
=======================================================
CrossAttn — training final model for 14 epochs on full CV set …
  [CrossAttn] Model weights saved → 연구코드/results/0605/stage1_0.0003_epoch500/model_2_2\raw128\global_zscore\M2_2_global_zscore_weights.pt

CrossAttn — Test Set (Overall):
  AUC: 0.7927  AUPRC: 0.3023  Brier: 0.2518  Acc: 0.6769  F1: 0.3393

CrossAttn — Test Set (By Sex):
  [M] n=82  AUC: 0.7235  AUPRC: 0.3391  Brier: 0.2978  Acc: 0.6098  F1: 0.4074
              precision    recall  f1-score   support

      Normal       0.95      0.57      0.71        69
  Sarcopenia       0.27      0.85      0.41        13

    accuracy                           0.61        82
   macro avg       0.61      0.71      0.56        82
weighted avg       0.84      0.61      0.66        82

  [F] n=147  AUC: 0.8075  AUPRC: 0.3585  Brier: 0.2261  Acc: 0.7143  F1: 0.2759
              precision    recall  f1-score   support

      Normal       0.97      0.71      0.82       136
  Sarcopenia       0.17      0.73      0.28        11

    accuracy                           0.71       147
   macro avg       0.57      0.72      0.55       147
weighted avg       0.91      0.71      0.78       147


───────────────────────────────────────────────────────
Test Set — Bootstrap CI
───────────────────────────────────────────────────────

  Bootstrap 95% CI — CrossAttn  (n_boot=2000)
  Metric         Estimate   95% CI Lower   95% CI Upper
  ----------------------------------------------------
  AUC-ROC          0.7927         0.7044         0.8695
  AUPRC            0.3023         0.1741         0.4787
  Brier            0.2518         0.2254         0.2770
  Accuracy         0.6769         0.6157         0.7380
  F1               0.3393         0.2243         0.4538
  [M2_2/global_zscore] Saving figures ...

Saved (model 2_2 (global_zscore, unmatched)):
  연구코드/results/0605/stage1_0.0003_epoch500/model_2_2\raw128\global_zscore/data_distribution.png
  연구코드/results/0605/stage1_0.0003_epoch500/model_2_2\raw128\global_zscore/cv_roc_curves.png
  연구코드/results/0605/stage1_0.0003_epoch500/model_2_2\raw128\global_zscore/cv_metric_distribution.png
  연구코드/results/0605/stage1_0.0003_epoch500/model_2_2\raw128\global_zscore/training_curves.png
  연구코드/results/0605/stage1_0.0003_epoch500/model_2_2\raw128\global_zscore/test_roc_curves.png
  연구코드/results/0605/stage1_0.0003_epoch500/model_2_2\raw128\global_zscore/test_roc_by_sex.png
  연구코드/results/0605/stage1_0.0003_epoch500/model_2_2\raw128\global_zscore/confusion_matrices.png
  연구코드/results/0605/stage1_0.0003_epoch500/model_2_2\raw128\global_zscore/calibration.png
  연구코드/results/0605/stage1_0.0003_epoch500/model_2_2\raw128\global_zscore/results.md
  [M2_2/global_zscore] Plotting attention maps ...
  연구코드/results/0605/stage1_0.0003_epoch500/model_2_2\raw128\global_zscore/attention_map_c2a.png
  연구코드/results/0605/stage1_0.0003_epoch500/model_2_2\raw128\global_zscore/attention_heatmap_c2a.png
  연구코드/results/0605/stage1_0.0003_epoch500/model_2_2\raw128\global_zscore/attention_map_a2c.png
  연구코드/results/0605/stage1_0.0003_epoch500/model_2_2\raw128\global_zscore/attention_heatmap_a2c.png
  [M2_2/global_zscore] Plotting Grad-CAM ...
  연구코드/results/0605/stage1_0.0003_epoch500/model_2_2\raw128\global_zscore/cam_aec_mean.png
  연구코드/results/0605/stage1_0.0003_epoch500/model_2_2\raw128\global_zscore/cam_aec_lines.png
  연구코드/results/0605/stage1_0.0003_epoch500/model_2_2\raw128\global_zscore/cam_aec_heatmap.png
  [M2_2/global_zscore] Done.
