============================================================
  MODEL 3 — Clinic + Scanner + AEC (aec128)  (3 AEC variants)
============================================================

############################################################
  [M3 raw]  (scale_clinic=True, scale_aec=none)
############################################################
  [M3/raw] Cross-validating CrossAttn3 ...
=================================================================
5-Fold CV  [CrossAttn3 | scale_clin=True, scale_aec=none]
=================================================================

── Fold 1/5 ──────────────────────────────
  CA3  — AUC: 0.7926  AUPRC: 0.3247  Brier: 0.2698  Acc: 0.6885  F1: 0.3736  (best ep=389, thresh=0.617)

── Fold 2/5 ──────────────────────────────
  CA3  — AUC: 0.8206  AUPRC: 0.4403  Brier: 0.2413  Acc: 0.6995  F1: 0.3678  (best ep=440, thresh=0.542)

── Fold 3/5 ──────────────────────────────
  CA3  — AUC: 0.7904  AUPRC: 0.3926  Brier: 0.2746  Acc: 0.8306  F1: 0.4561  (best ep=235, thresh=0.721)

── Fold 4/5 ──────────────────────────────
  CA3  — AUC: 0.7725  AUPRC: 0.3357  Brier: 0.2298  Acc: 0.6831  F1: 0.3556  (best ep=428, thresh=0.535)

── Fold 5/5 ──────────────────────────────
  CA3  — AUC: 0.8114  AUPRC: 0.3994  Brier: 0.2427  Acc: 0.8297  F1: 0.4746  (best ep=310, thresh=0.660)

===========================================================================
CrossAttn3  —  5-Fold CV Summary
===========================================================================
  Fold      AUC-ROC      AUPRC      Brier   Accuracy         F1
  ----------------------------------------------------------
  1          0.7926     0.3247     0.2698     0.6885     0.3736
  2          0.8206     0.4403     0.2413     0.6995     0.3678
  3          0.7904     0.3926     0.2746     0.8306     0.4561
  4          0.7725     0.3357     0.2298     0.6831     0.3556
  5          0.8114     0.3994     0.2427     0.8297     0.4746
  ──────────────────────────────────────────────────────────
  Mean       0.7975     0.3785     0.2516     0.7463     0.4055
  ±Std       0.0169     0.0429     0.0174     0.0687     0.0495
  [M3/raw] Evaluating on test set (med_epoch=389, thresh=0.617) ...

=================================================================
CrossAttn3 Test Evaluation  (scale_clin=True, scale_aec=none, threshold=0.617)
=================================================================
CrossAttn3 — training final model for 389 epochs on full CV set …
  [CrossAttn3] Model weights saved → 연구코드/results/0612/model_3\raw\M3_raw_weights.pt

CrossAttn3 — Test Set (Overall):
  AUC: 0.7896  AUPRC: 0.2690  Brier: 0.2643  Acc: 0.7467  F1: 0.3830

CrossAttn3 — Test Set (By Sex):
  [M] n=82  AUC: 0.7168  AUPRC: 0.2899  Brier: 0.2820  Acc: 0.7195  F1: 0.4651
              precision    recall  f1-score   support

      Normal       0.94      0.71      0.81        69
  Sarcopenia       0.33      0.77      0.47        13

    accuracy                           0.72        82
   macro avg       0.64      0.74      0.64        82
weighted avg       0.85      0.72      0.76        82

  [F] n=147  AUC: 0.8436  AUPRC: 0.3219  Brier: 0.2544  Acc: 0.7619  F1: 0.3137
              precision    recall  f1-score   support

      Normal       0.97      0.76      0.86       136
  Sarcopenia       0.20      0.73      0.31        11

    accuracy                           0.76       147
   macro avg       0.59      0.75      0.58       147
weighted avg       0.91      0.76      0.82       147


───────────────────────────────────────────────────────
Test Set — Bootstrap CI
───────────────────────────────────────────────────────

  Bootstrap 95% CI — CrossAttn3  (n_boot=2000)
  Metric         Estimate   95% CI Lower   95% CI Upper
  ----------------------------------------------------
  AUC-ROC          0.7896         0.6963         0.8735
  AUPRC            0.2690         0.1763         0.4520
  Brier            0.2643         0.2382         0.2882
  Accuracy         0.7467         0.6900         0.8035
  F1               0.3830         0.2564         0.5091
  [M3/raw] Saving figures ...

Saved (model 3 (raw)):
  연구코드/results/0612/model_3\raw/data_distribution.png
  연구코드/results/0612/model_3\raw/cv_roc_curves.png
  연구코드/results/0612/model_3\raw/cv_metric_distribution.png
  연구코드/results/0612/model_3\raw/training_curves.png
  연구코드/results/0612/model_3\raw/test_roc_curves.png
  연구코드/results/0612/model_3\raw/test_roc_by_sex.png
  연구코드/results/0612/model_3\raw/confusion_matrices.png
  연구코드/results/0612/model_3\raw/calibration.png
  연구코드/results/0612/model_3\raw/results.md
  [M3/raw] Plotting attention maps ...
  연구코드/results/0612/model_3\raw/attention_map_c2a.png
  연구코드/results/0612/model_3\raw/attention_heatmap_c2a.png
  연구코드/results/0612/model_3\raw/attention_map_a2c.png
  연구코드/results/0612/model_3\raw/attention_heatmap_a2c.png
  [M3/raw] Plotting Grad-CAM ...
  연구코드/results/0612/model_3\raw/cam_aec_mean.png
  연구코드/results/0612/model_3\raw/cam_aec_lines.png
  연구코드/results/0612/model_3\raw/cam_aec_heatmap.png
  [M3/raw] Done.

############################################################
  [M3 norm]  (scale_clinic=True, scale_aec=none)
############################################################
  [M3/norm] Cross-validating CrossAttn3 ...
=================================================================
5-Fold CV  [CrossAttn3 | scale_clin=True, scale_aec=none]
=================================================================

── Fold 1/5 ──────────────────────────────
  CA3  — AUC: 0.8239  AUPRC: 0.4559  Brier: 0.2978  Acc: 0.6393  F1: 0.3529  (best ep=58, thresh=0.573)

── Fold 2/5 ──────────────────────────────
  CA3  — AUC: 0.8245  AUPRC: 0.4654  Brier: 0.2256  Acc: 0.6940  F1: 0.3778  (best ep=433, thresh=0.501)

── Fold 3/5 ──────────────────────────────
  CA3  — AUC: 0.7686  AUPRC: 0.3251  Brier: 0.2918  Acc: 0.7486  F1: 0.3611  (best ep=151, thresh=0.644)

── Fold 4/5 ──────────────────────────────
  CA3  — AUC: 0.7644  AUPRC: 0.3114  Brier: 0.2267  Acc: 0.6557  F1: 0.3505  (best ep=383, thresh=0.482)

── Fold 5/5 ──────────────────────────────
  CA3  — AUC: 0.7917  AUPRC: 0.4141  Brier: 0.2437  Acc: 0.8187  F1: 0.4590  (best ep=241, thresh=0.670)

===========================================================================
CrossAttn3  —  5-Fold CV Summary
===========================================================================
  Fold      AUC-ROC      AUPRC      Brier   Accuracy         F1
  ----------------------------------------------------------
  1          0.8239     0.4559     0.2978     0.6393     0.3529
  2          0.8245     0.4654     0.2256     0.6940     0.3778
  3          0.7686     0.3251     0.2918     0.7486     0.3611
  4          0.7644     0.3114     0.2267     0.6557     0.3505
  5          0.7917     0.4141     0.2437     0.8187     0.4590
  ──────────────────────────────────────────────────────────
  Mean       0.7946     0.3944     0.2571     0.7113     0.3803
  ±Std       0.0259     0.0647     0.0315     0.0656     0.0405
  [M3/norm] Evaluating on test set (med_epoch=241, thresh=0.573) ...

=================================================================
CrossAttn3 Test Evaluation  (scale_clin=True, scale_aec=none, threshold=0.573)
=================================================================
CrossAttn3 — training final model for 241 epochs on full CV set …
  [CrossAttn3] Model weights saved → 연구코드/results/0612/model_3\norm\M3_norm_weights.pt

CrossAttn3 — Test Set (Overall):
  AUC: 0.8382  AUPRC: 0.3496  Brier: 0.2629  Acc: 0.6769  F1: 0.3833

CrossAttn3 — Test Set (By Sex):
  [M] n=82  AUC: 0.7414  AUPRC: 0.3098  Brier: 0.3129  Acc: 0.6220  F1: 0.4364
              precision    recall  f1-score   support

      Normal       0.97      0.57      0.72        69
  Sarcopenia       0.29      0.92      0.44        13

    accuracy                           0.62        82
   macro avg       0.63      0.74      0.58        82
weighted avg       0.87      0.62      0.67        82

  [F] n=147  AUC: 0.8904  AUPRC: 0.4400  Brier: 0.2350  Acc: 0.7075  F1: 0.3385
              precision    recall  f1-score   support

      Normal       1.00      0.68      0.81       136
  Sarcopenia       0.20      1.00      0.34        11

    accuracy                           0.71       147
   macro avg       0.60      0.84      0.58       147
weighted avg       0.94      0.71      0.78       147


───────────────────────────────────────────────────────
Test Set — Bootstrap CI
───────────────────────────────────────────────────────

  Bootstrap 95% CI — CrossAttn3  (n_boot=2000)
  Metric         Estimate   95% CI Lower   95% CI Upper
  ----------------------------------------------------
  AUC-ROC          0.8382         0.7698         0.8985
  AUPRC            0.3496         0.2133         0.5350
  Brier            0.2629         0.2388         0.2851
  Accuracy         0.6769         0.6157         0.7380
  F1               0.3833         0.2653         0.4885
  [M3/norm] Saving figures ...

Saved (model 3 (norm)):
  연구코드/results/0612/model_3\norm/data_distribution.png
  연구코드/results/0612/model_3\norm/cv_roc_curves.png
  연구코드/results/0612/model_3\norm/cv_metric_distribution.png
  연구코드/results/0612/model_3\norm/training_curves.png
  연구코드/results/0612/model_3\norm/test_roc_curves.png
  연구코드/results/0612/model_3\norm/test_roc_by_sex.png
  연구코드/results/0612/model_3\norm/confusion_matrices.png
  연구코드/results/0612/model_3\norm/calibration.png
  연구코드/results/0612/model_3\norm/results.md
  [M3/norm] Plotting attention maps ...
  연구코드/results/0612/model_3\norm/attention_map_c2a.png
  연구코드/results/0612/model_3\norm/attention_heatmap_c2a.png
  연구코드/results/0612/model_3\norm/attention_map_a2c.png
  연구코드/results/0612/model_3\norm/attention_heatmap_a2c.png
  [M3/norm] Plotting Grad-CAM ...
  연구코드/results/0612/model_3\norm/cam_aec_mean.png
  연구코드/results/0612/model_3\norm/cam_aec_lines.png
  연구코드/results/0612/model_3\norm/cam_aec_heatmap.png
  [M3/norm] Done.

############################################################
  [M3 global_zscore]  (scale_clinic=True, scale_aec=global)
############################################################
  [M3/global_zscore] Cross-validating CrossAttn3 ...
=================================================================
5-Fold CV  [CrossAttn3 | scale_clin=True, scale_aec=global]
=================================================================

── Fold 1/5 ──────────────────────────────
  CA3  — AUC: 0.7785  AUPRC: 0.2979  Brier: 0.2690  Acc: 0.5082  F1: 0.3077  (best ep=489, thresh=0.480)

── Fold 2/5 ──────────────────────────────
  CA3  — AUC: 0.8383  AUPRC: 0.4331  Brier: 0.2210  Acc: 0.8415  F1: 0.5085  (best ep=461, thresh=0.610)

── Fold 3/5 ──────────────────────────────
  CA3  — AUC: 0.7715  AUPRC: 0.3546  Brier: 0.2785  Acc: 0.6557  F1: 0.3368  (best ep=457, thresh=0.559)

── Fold 4/5 ──────────────────────────────
  CA3  — AUC: 0.7869  AUPRC: 0.3749  Brier: 0.2267  Acc: 0.6995  F1: 0.3678  (best ep=329, thresh=0.533)

── Fold 5/5 ──────────────────────────────
  CA3  — AUC: 0.7727  AUPRC: 0.3483  Brier: 0.2513  Acc: 0.7033  F1: 0.3571  (best ep=452, thresh=0.557)

===========================================================================
CrossAttn3  —  5-Fold CV Summary
===========================================================================
  Fold      AUC-ROC      AUPRC      Brier   Accuracy         F1
  ----------------------------------------------------------
  1          0.7785     0.2979     0.2690     0.5082     0.3077
  2          0.8383     0.4331     0.2210     0.8415     0.5085
  3          0.7715     0.3546     0.2785     0.6557     0.3368
  4          0.7869     0.3749     0.2267     0.6995     0.3678
  5          0.7727     0.3483     0.2513     0.7033     0.3571
  ──────────────────────────────────────────────────────────
  Mean       0.7896     0.3618     0.2493     0.6816     0.3756
  ±Std       0.0249     0.0438     0.0226     0.1069     0.0695
  [M3/global_zscore] Evaluating on test set (med_epoch=457, thresh=0.557) ...

=================================================================
CrossAttn3 Test Evaluation  (scale_clin=True, scale_aec=global, threshold=0.557)
=================================================================
CrossAttn3 — training final model for 457 epochs on full CV set …
  [CrossAttn3] Model weights saved → 연구코드/results/0612/model_3\global_zscore\M3_global_zscore_weights.pt

CrossAttn3 — Test Set (Overall):
  AUC: 0.7797  AUPRC: 0.2652  Brier: 0.2568  Acc: 0.6943  F1: 0.3396

CrossAttn3 — Test Set (By Sex):
  [M] n=82  AUC: 0.7113  AUPRC: 0.2845  Brier: 0.3057  Acc: 0.6098  F1: 0.3846
              precision    recall  f1-score   support

      Normal       0.93      0.58      0.71        69
  Sarcopenia       0.26      0.77      0.38        13

    accuracy                           0.61        82
   macro avg       0.59      0.67      0.55        82
weighted avg       0.82      0.61      0.66        82

  [F] n=147  AUC: 0.8088  AUPRC: 0.3206  Brier: 0.2295  Acc: 0.7415  F1: 0.2963
              precision    recall  f1-score   support

      Normal       0.97      0.74      0.84       136
  Sarcopenia       0.19      0.73      0.30        11

    accuracy                           0.74       147
   macro avg       0.58      0.73      0.57       147
weighted avg       0.91      0.74      0.80       147


───────────────────────────────────────────────────────
Test Set — Bootstrap CI
───────────────────────────────────────────────────────

  Bootstrap 95% CI — CrossAttn3  (n_boot=2000)
  Metric         Estimate   95% CI Lower   95% CI Upper
  ----------------------------------------------------
  AUC-ROC          0.7797         0.6862         0.8665
  AUPRC            0.2652         0.1750         0.4396
  Brier            0.2568         0.2315         0.2813
  Accuracy         0.6943         0.6376         0.7555
  F1               0.3396         0.2245         0.4553
  [M3/global_zscore] Saving figures ...

Saved (model 3 (global_zscore)):
  연구코드/results/0612/model_3\global_zscore/data_distribution.png
  연구코드/results/0612/model_3\global_zscore/cv_roc_curves.png
  연구코드/results/0612/model_3\global_zscore/cv_metric_distribution.png
  연구코드/results/0612/model_3\global_zscore/training_curves.png
  연구코드/results/0612/model_3\global_zscore/test_roc_curves.png
  연구코드/results/0612/model_3\global_zscore/test_roc_by_sex.png
  연구코드/results/0612/model_3\global_zscore/confusion_matrices.png
  연구코드/results/0612/model_3\global_zscore/calibration.png
  연구코드/results/0612/model_3\global_zscore/results.md
  [M3/global_zscore] Plotting attention maps ...
  연구코드/results/0612/model_3\global_zscore/attention_map_c2a.png
  연구코드/results/0612/model_3\global_zscore/attention_heatmap_c2a.png
  연구코드/results/0612/model_3\global_zscore/attention_map_a2c.png
  연구코드/results/0612/model_3\global_zscore/attention_heatmap_a2c.png
  [M3/global_zscore] Plotting Grad-CAM ...
  연구코드/results/0612/model_3\global_zscore/cam_aec_mean.png
  연구코드/results/0612/model_3\global_zscore/cam_aec_lines.png
  연구코드/results/0612/model_3\global_zscore/cam_aec_heatmap.png
  [M3/global_zscore] Done.
