============================================================
  MODEL 2 — Clinic + AEC (aec103)  (4 AEC variants)
============================================================

############################################################
  [M2 raw]  (scale_clinic=True, scale_aec=none)
############################################################
  [M2/raw] Cross-validating CrossAttn ...
=======================================================
5-Fold CV  [CrossAttn | scale_clin=True, scale_aec=none]
=======================================================

── Fold 1/5 ──────────────────────────────
  CA   — AUC: 0.8454  AUPRC: 0.3975  Brier: 0.2380  Acc: 0.6831  F1: 0.3830  (best ep=24, thresh=0.548)

── Fold 2/5 ──────────────────────────────
  CA   — AUC: 0.8575  AUPRC: 0.5518  Brier: 0.2474  Acc: 0.7760  F1: 0.4384  (best ep=12, thresh=0.604)

── Fold 3/5 ──────────────────────────────
  CA   — AUC: 0.7956  AUPRC: 0.3385  Brier: 0.2572  Acc: 0.6557  F1: 0.3505  (best ep=11, thresh=0.545)

── Fold 4/5 ──────────────────────────────
  CA   — AUC: 0.7969  AUPRC: 0.3467  Brier: 0.2527  Acc: 0.6448  F1: 0.3564  (best ep=12, thresh=0.548)

── Fold 5/5 ──────────────────────────────
  CA   — AUC: 0.8127  AUPRC: 0.3897  Brier: 0.2374  Acc: 0.7582  F1: 0.4211  (best ep=18, thresh=0.631)

===========================================================================
CrossAttn  —  5-Fold CV Summary
===========================================================================
  Fold      AUC-ROC      AUPRC      Brier   Accuracy         F1
  ----------------------------------------------------------
  1          0.8454     0.3975     0.2380     0.6831     0.3830
  2          0.8575     0.5518     0.2474     0.7760     0.4384
  3          0.7956     0.3385     0.2572     0.6557     0.3505
  4          0.7969     0.3467     0.2527     0.6448     0.3564
  5          0.8127     0.3897     0.2374     0.7582     0.4211
  ──────────────────────────────────────────────────────────
  Mean       0.8216     0.4048     0.2466     0.7036     0.3899
  ±Std       0.0254     0.0770     0.0079     0.0536     0.0347
  [M2/raw] Evaluating on test set (med_epoch=12, thresh=0.548) ...

=======================================================
CrossAttn Test Evaluation  (scale_clin=True, scale_aec=none, threshold=0.548)
=======================================================
CrossAttn — training final model for 12 epochs on full CV set …
  [CrossAttn] Model weights saved → 연구코드/results/0605/stage1_0.0003_epoch500/model_2\crop80\raw\M2_raw_weights.pt

CrossAttn — Test Set (Overall):
  AUC: 0.8051  AUPRC: 0.3011  Brier: 0.2603  Acc: 0.6681  F1: 0.3667

CrossAttn — Test Set (By Sex):
  [M] n=82  AUC: 0.7224  AUPRC: 0.3389  Brier: 0.3092  Acc: 0.5854  F1: 0.3929
              precision    recall  f1-score   support

      Normal       0.95      0.54      0.69        69
  Sarcopenia       0.26      0.85      0.39        13

    accuracy                           0.59        82
   macro avg       0.60      0.69      0.54        82
weighted avg       0.84      0.59      0.64        82

  [F] n=147  AUC: 0.8496  AUPRC: 0.2959  Brier: 0.2331  Acc: 0.7143  F1: 0.3438
              precision    recall  f1-score   support

      Normal       1.00      0.69      0.82       136
  Sarcopenia       0.21      1.00      0.34        11

    accuracy                           0.71       147
   macro avg       0.60      0.85      0.58       147
weighted avg       0.94      0.71      0.78       147


───────────────────────────────────────────────────────
Test Set — Bootstrap CI
───────────────────────────────────────────────────────

  Bootstrap 95% CI — CrossAttn  (n_boot=2000)
  Metric         Estimate   95% CI Lower   95% CI Upper
  ----------------------------------------------------
  AUC-ROC          0.8051         0.7127         0.8824
  AUPRC            0.3011         0.1832         0.4693
  Brier            0.2603         0.2326         0.2858
  Accuracy         0.6681         0.6070         0.7336
  F1               0.3667         0.2500         0.4786
  [M2/raw] Saving figures ...

Saved (model 2 (raw)):
  연구코드/results/0605/stage1_0.0003_epoch500/model_2\crop80\raw/data_distribution.png
  연구코드/results/0605/stage1_0.0003_epoch500/model_2\crop80\raw/cv_roc_curves.png
  연구코드/results/0605/stage1_0.0003_epoch500/model_2\crop80\raw/cv_metric_distribution.png
  연구코드/results/0605/stage1_0.0003_epoch500/model_2\crop80\raw/training_curves.png
  연구코드/results/0605/stage1_0.0003_epoch500/model_2\crop80\raw/test_roc_curves.png
  연구코드/results/0605/stage1_0.0003_epoch500/model_2\crop80\raw/test_roc_by_sex.png
  연구코드/results/0605/stage1_0.0003_epoch500/model_2\crop80\raw/confusion_matrices.png
  연구코드/results/0605/stage1_0.0003_epoch500/model_2\crop80\raw/calibration.png
  연구코드/results/0605/stage1_0.0003_epoch500/model_2\crop80\raw/results.md
  [M2/raw] Plotting attention maps ...
  연구코드/results/0605/stage1_0.0003_epoch500/model_2\crop80\raw/attention_map_c2a.png
  연구코드/results/0605/stage1_0.0003_epoch500/model_2\crop80\raw/attention_heatmap_c2a.png
  연구코드/results/0605/stage1_0.0003_epoch500/model_2\crop80\raw/attention_map_a2c.png
  연구코드/results/0605/stage1_0.0003_epoch500/model_2\crop80\raw/attention_heatmap_a2c.png
  [M2/raw] Plotting Grad-CAM ...
  연구코드/results/0605/stage1_0.0003_epoch500/model_2\crop80\raw/cam_aec_mean.png
  연구코드/results/0605/stage1_0.0003_epoch500/model_2\crop80\raw/cam_aec_lines.png
  연구코드/results/0605/stage1_0.0003_epoch500/model_2\crop80\raw/cam_aec_heatmap.png
  [M2/raw] Done.

############################################################
  [M2 std_scaled]  (scale_clinic=True, scale_aec=column)
############################################################
  [M2/std_scaled] Cross-validating CrossAttn ...
=======================================================
5-Fold CV  [CrossAttn | scale_clin=True, scale_aec=column]
=======================================================

── Fold 1/5 ──────────────────────────────
  CA   — AUC: 0.8199  AUPRC: 0.3836  Brier: 0.2490  Acc: 0.7268  F1: 0.3902  (best ep=20, thresh=0.614)

── Fold 2/5 ──────────────────────────────
  CA   — AUC: 0.8790  AUPRC: 0.5662  Brier: 0.2352  Acc: 0.8634  F1: 0.5614  (best ep=11, thresh=0.628)

── Fold 3/5 ──────────────────────────────
  CA   — AUC: 0.7879  AUPRC: 0.3368  Brier: 0.3001  Acc: 0.7104  F1: 0.3614  (best ep=11, thresh=0.651)

── Fold 4/5 ──────────────────────────────
  CA   — AUC: 0.7859  AUPRC: 0.3107  Brier: 0.2540  Acc: 0.6612  F1: 0.3542  (best ep=8, thresh=0.549)

── Fold 5/5 ──────────────────────────────
  CA   — AUC: 0.8376  AUPRC: 0.4392  Brier: 0.2088  Acc: 0.8132  F1: 0.4848  (best ep=19, thresh=0.591)

===========================================================================
CrossAttn  —  5-Fold CV Summary
===========================================================================
  Fold      AUC-ROC      AUPRC      Brier   Accuracy         F1
  ----------------------------------------------------------
  1          0.8199     0.3836     0.2490     0.7268     0.3902
  2          0.8790     0.5662     0.2352     0.8634     0.5614
  3          0.7879     0.3368     0.3001     0.7104     0.3614
  4          0.7859     0.3107     0.2540     0.6612     0.3542
  5          0.8376     0.4392     0.2088     0.8132     0.4848
  ──────────────────────────────────────────────────────────
  Mean       0.8221     0.4073     0.2494     0.7550     0.4304
  ±Std       0.0345     0.0907     0.0298     0.0731     0.0804
  [M2/std_scaled] Evaluating on test set (med_epoch=11, thresh=0.614) ...

=======================================================
CrossAttn Test Evaluation  (scale_clin=True, scale_aec=column, threshold=0.614)
=======================================================
CrossAttn — training final model for 11 epochs on full CV set …
  [CrossAttn] Model weights saved → 연구코드/results/0605/stage1_0.0003_epoch500/model_2\crop80\std_scaled\M2_std_scaled_weights.pt

CrossAttn — Test Set (Overall):
  AUC: 0.7945  AUPRC: 0.2877  Brier: 0.2828  Acc: 0.6681  F1: 0.3333

CrossAttn — Test Set (By Sex):
  [M] n=82  AUC: 0.7324  AUPRC: 0.3459  Brier: 0.3155  Acc: 0.6220  F1: 0.4151
              precision    recall  f1-score   support

      Normal       0.95      0.58      0.72        69
  Sarcopenia       0.28      0.85      0.42        13

    accuracy                           0.62        82
   macro avg       0.61      0.71      0.57        82
weighted avg       0.84      0.62      0.67        82

  [F] n=147  AUC: 0.8195  AUPRC: 0.2924  Brier: 0.2645  Acc: 0.6939  F1: 0.2623
              precision    recall  f1-score   support

      Normal       0.97      0.69      0.81       136
  Sarcopenia       0.16      0.73      0.26        11

    accuracy                           0.69       147
   macro avg       0.56      0.71      0.53       147
weighted avg       0.91      0.69      0.77       147


───────────────────────────────────────────────────────
Test Set — Bootstrap CI
───────────────────────────────────────────────────────

  Bootstrap 95% CI — CrossAttn  (n_boot=2000)
  Metric         Estimate   95% CI Lower   95% CI Upper
  ----------------------------------------------------
  AUC-ROC          0.7945         0.7120         0.8695
  AUPRC            0.2877         0.1686         0.4577
  Brier            0.2828         0.2553         0.3091
  Accuracy         0.6681         0.6070         0.7293
  F1               0.3333         0.2222         0.4444
  [M2/std_scaled] Saving figures ...

Saved (model 2 (std_scaled)):
  연구코드/results/0605/stage1_0.0003_epoch500/model_2\crop80\std_scaled/data_distribution.png
  연구코드/results/0605/stage1_0.0003_epoch500/model_2\crop80\std_scaled/cv_roc_curves.png
  연구코드/results/0605/stage1_0.0003_epoch500/model_2\crop80\std_scaled/cv_metric_distribution.png
  연구코드/results/0605/stage1_0.0003_epoch500/model_2\crop80\std_scaled/training_curves.png
  연구코드/results/0605/stage1_0.0003_epoch500/model_2\crop80\std_scaled/test_roc_curves.png
  연구코드/results/0605/stage1_0.0003_epoch500/model_2\crop80\std_scaled/test_roc_by_sex.png
  연구코드/results/0605/stage1_0.0003_epoch500/model_2\crop80\std_scaled/confusion_matrices.png
  연구코드/results/0605/stage1_0.0003_epoch500/model_2\crop80\std_scaled/calibration.png
  연구코드/results/0605/stage1_0.0003_epoch500/model_2\crop80\std_scaled/results.md
  [M2/std_scaled] Plotting attention maps ...
  연구코드/results/0605/stage1_0.0003_epoch500/model_2\crop80\std_scaled/attention_map_c2a.png
  연구코드/results/0605/stage1_0.0003_epoch500/model_2\crop80\std_scaled/attention_heatmap_c2a.png
  연구코드/results/0605/stage1_0.0003_epoch500/model_2\crop80\std_scaled/attention_map_a2c.png
  연구코드/results/0605/stage1_0.0003_epoch500/model_2\crop80\std_scaled/attention_heatmap_a2c.png
  [M2/std_scaled] Plotting Grad-CAM ...
  연구코드/results/0605/stage1_0.0003_epoch500/model_2\crop80\std_scaled/cam_aec_mean.png
  연구코드/results/0605/stage1_0.0003_epoch500/model_2\crop80\std_scaled/cam_aec_lines.png
  연구코드/results/0605/stage1_0.0003_epoch500/model_2\crop80\std_scaled/cam_aec_heatmap.png
  [M2/std_scaled] Done.

############################################################
  [M2 norm]  (scale_clinic=True, scale_aec=none)
############################################################
  [M2/norm] Cross-validating CrossAttn ...
=======================================================
5-Fold CV  [CrossAttn | scale_clin=True, scale_aec=none]
=======================================================

── Fold 1/5 ──────────────────────────────
  CA   — AUC: 0.8334  AUPRC: 0.3967  Brier: 0.2678  Acc: 0.8033  F1: 0.4706  (best ep=8, thresh=0.663)

── Fold 2/5 ──────────────────────────────
  CA   — AUC: 0.8578  AUPRC: 0.5099  Brier: 0.2241  Acc: 0.8033  F1: 0.4706  (best ep=9, thresh=0.591)

── Fold 3/5 ──────────────────────────────
  CA   — AUC: 0.7731  AUPRC: 0.2979  Brier: 0.2329  Acc: 0.7541  F1: 0.3662  (best ep=15, thresh=0.621)

── Fold 4/5 ──────────────────────────────
  CA   — AUC: 0.7782  AUPRC: 0.3364  Brier: 0.2415  Acc: 0.6940  F1: 0.3778  (best ep=55, thresh=0.529)

── Fold 5/5 ──────────────────────────────
  CA   — AUC: 0.8314  AUPRC: 0.4001  Brier: 0.2405  Acc: 0.8022  F1: 0.4706  (best ep=7, thresh=0.610)

===========================================================================
CrossAttn  —  5-Fold CV Summary
===========================================================================
  Fold      AUC-ROC      AUPRC      Brier   Accuracy         F1
  ----------------------------------------------------------
  1          0.8334     0.3967     0.2678     0.8033     0.4706
  2          0.8578     0.5099     0.2241     0.8033     0.4706
  3          0.7731     0.2979     0.2329     0.7541     0.3662
  4          0.7782     0.3364     0.2415     0.6940     0.3778
  5          0.8314     0.4001     0.2405     0.8022     0.4706
  ──────────────────────────────────────────────────────────
  Mean       0.8148     0.3882     0.2414     0.7714     0.4311
  ±Std       0.0333     0.0719     0.0146     0.0431     0.0484
  [M2/norm] Evaluating on test set (med_epoch=9, thresh=0.610) ...

=======================================================
CrossAttn Test Evaluation  (scale_clin=True, scale_aec=none, threshold=0.610)
=======================================================
CrossAttn — training final model for 9 epochs on full CV set …
  [CrossAttn] Model weights saved → 연구코드/results/0605/stage1_0.0003_epoch500/model_2\crop80\norm\M2_norm_weights.pt

CrossAttn — Test Set (Overall):
  AUC: 0.8236  AUPRC: 0.3108  Brier: 0.2975  Acc: 0.6376  F1: 0.3566

CrossAttn — Test Set (By Sex):
  [M] n=82  AUC: 0.7369  AUPRC: 0.3386  Brier: 0.3230  Acc: 0.6220  F1: 0.4364
              precision    recall  f1-score   support

      Normal       0.97      0.57      0.72        69
  Sarcopenia       0.29      0.92      0.44        13

    accuracy                           0.62        82
   macro avg       0.63      0.74      0.58        82
weighted avg       0.87      0.62      0.67        82

  [F] n=147  AUC: 0.8663  AUPRC: 0.3837  Brier: 0.2834  Acc: 0.6463  F1: 0.2973
              precision    recall  f1-score   support

      Normal       1.00      0.62      0.76       136
  Sarcopenia       0.17      1.00      0.30        11

    accuracy                           0.65       147
   macro avg       0.59      0.81      0.53       147
weighted avg       0.94      0.65      0.73       147


───────────────────────────────────────────────────────
Test Set — Bootstrap CI
───────────────────────────────────────────────────────

  Bootstrap 95% CI — CrossAttn  (n_boot=2000)
  Metric         Estimate   95% CI Lower   95% CI Upper
  ----------------------------------------------------
  AUC-ROC          0.8236         0.7452         0.8866
  AUPRC            0.3108         0.1901         0.4811
  Brier            0.2975         0.2689         0.3247
  Accuracy         0.6376         0.5763         0.7031
  F1               0.3566         0.2477         0.4658
  [M2/norm] Saving figures ...

Saved (model 2 (norm)):
  연구코드/results/0605/stage1_0.0003_epoch500/model_2\crop80\norm/data_distribution.png
  연구코드/results/0605/stage1_0.0003_epoch500/model_2\crop80\norm/cv_roc_curves.png
  연구코드/results/0605/stage1_0.0003_epoch500/model_2\crop80\norm/cv_metric_distribution.png
  연구코드/results/0605/stage1_0.0003_epoch500/model_2\crop80\norm/training_curves.png
  연구코드/results/0605/stage1_0.0003_epoch500/model_2\crop80\norm/test_roc_curves.png
  연구코드/results/0605/stage1_0.0003_epoch500/model_2\crop80\norm/test_roc_by_sex.png
  연구코드/results/0605/stage1_0.0003_epoch500/model_2\crop80\norm/confusion_matrices.png
  연구코드/results/0605/stage1_0.0003_epoch500/model_2\crop80\norm/calibration.png
  연구코드/results/0605/stage1_0.0003_epoch500/model_2\crop80\norm/results.md
  [M2/norm] Plotting attention maps ...
  연구코드/results/0605/stage1_0.0003_epoch500/model_2\crop80\norm/attention_map_c2a.png
  연구코드/results/0605/stage1_0.0003_epoch500/model_2\crop80\norm/attention_heatmap_c2a.png
  연구코드/results/0605/stage1_0.0003_epoch500/model_2\crop80\norm/attention_map_a2c.png
  연구코드/results/0605/stage1_0.0003_epoch500/model_2\crop80\norm/attention_heatmap_a2c.png
  [M2/norm] Plotting Grad-CAM ...
  연구코드/results/0605/stage1_0.0003_epoch500/model_2\crop80\norm/cam_aec_mean.png
  연구코드/results/0605/stage1_0.0003_epoch500/model_2\crop80\norm/cam_aec_lines.png
  연구코드/results/0605/stage1_0.0003_epoch500/model_2\crop80\norm/cam_aec_heatmap.png
  [M2/norm] Done.

############################################################
  [M2 global_zscore]  (scale_clinic=True, scale_aec=global)
############################################################
  [M2/global_zscore] Cross-validating CrossAttn ...
=======================================================
5-Fold CV  [CrossAttn | scale_clin=True, scale_aec=global]
=======================================================

── Fold 1/5 ──────────────────────────────
  CA   — AUC: 0.8276  AUPRC: 0.3638  Brier: 0.2294  Acc: 0.6339  F1: 0.3619  (best ep=189, thresh=0.447)

── Fold 2/5 ──────────────────────────────
  CA   — AUC: 0.8331  AUPRC: 0.4637  Brier: 0.2277  Acc: 0.8634  F1: 0.5098  (best ep=18, thresh=0.694)

── Fold 3/5 ──────────────────────────────
  CA   — AUC: 0.7904  AUPRC: 0.3563  Brier: 0.2724  Acc: 0.6066  F1: 0.3208  (best ep=18, thresh=0.524)

── Fold 4/5 ──────────────────────────────
  CA   — AUC: 0.7911  AUPRC: 0.3151  Brier: 0.2264  Acc: 0.6066  F1: 0.3333  (best ep=14, thresh=0.467)

── Fold 5/5 ──────────────────────────────
  CA   — AUC: 0.8114  AUPRC: 0.3337  Brier: 0.2521  Acc: 0.7363  F1: 0.4000  (best ep=14, thresh=0.611)

===========================================================================
CrossAttn  —  5-Fold CV Summary
===========================================================================
  Fold      AUC-ROC      AUPRC      Brier   Accuracy         F1
  ----------------------------------------------------------
  1          0.8276     0.3638     0.2294     0.6339     0.3619
  2          0.8331     0.4637     0.2277     0.8634     0.5098
  3          0.7904     0.3563     0.2724     0.6066     0.3208
  4          0.7911     0.3151     0.2264     0.6066     0.3333
  5          0.8114     0.3337     0.2521     0.7363     0.4000
  ──────────────────────────────────────────────────────────
  Mean       0.8107     0.3665     0.2416     0.6893     0.3852
  ±Std       0.0178     0.0515     0.0181     0.0993     0.0680
  [M2/global_zscore] Evaluating on test set (med_epoch=18, thresh=0.524) ...

=======================================================
CrossAttn Test Evaluation  (scale_clin=True, scale_aec=global, threshold=0.524)
=======================================================
CrossAttn — training final model for 18 epochs on full CV set …
  [CrossAttn] Model weights saved → 연구코드/results/0605/stage1_0.0003_epoch500/model_2\crop80\global_zscore\M2_global_zscore_weights.pt

CrossAttn — Test Set (Overall):
  AUC: 0.7909  AUPRC: 0.2773  Brier: 0.2606  Acc: 0.6332  F1: 0.3333

CrossAttn — Test Set (By Sex):
  [M] n=82  AUC: 0.7168  AUPRC: 0.3234  Brier: 0.2989  Acc: 0.5732  F1: 0.3860
              precision    recall  f1-score   support

      Normal       0.95      0.52      0.67        69
  Sarcopenia       0.25      0.85      0.39        13

    accuracy                           0.57        82
   macro avg       0.60      0.68      0.53        82
weighted avg       0.84      0.57      0.63        82

  [F] n=147  AUC: 0.8202  AUPRC: 0.2762  Brier: 0.2393  Acc: 0.6667  F1: 0.2899
              precision    recall  f1-score   support

      Normal       0.99      0.65      0.78       136
  Sarcopenia       0.17      0.91      0.29        11

    accuracy                           0.67       147
   macro avg       0.58      0.78      0.54       147
weighted avg       0.93      0.67      0.75       147


───────────────────────────────────────────────────────
Test Set — Bootstrap CI
───────────────────────────────────────────────────────

  Bootstrap 95% CI — CrossAttn  (n_boot=2000)
  Metric         Estimate   95% CI Lower   95% CI Upper
  ----------------------------------------------------
  AUC-ROC          0.7909         0.7120         0.8657
  AUPRC            0.2773         0.1654         0.4395
  Brier            0.2606         0.2330         0.2868
  Accuracy         0.6332         0.5721         0.6987
  F1               0.3333         0.2222         0.4427
  [M2/global_zscore] Saving figures ...

Saved (model 2 (global_zscore)):
  연구코드/results/0605/stage1_0.0003_epoch500/model_2\crop80\global_zscore/data_distribution.png
  연구코드/results/0605/stage1_0.0003_epoch500/model_2\crop80\global_zscore/cv_roc_curves.png
  연구코드/results/0605/stage1_0.0003_epoch500/model_2\crop80\global_zscore/cv_metric_distribution.png
  연구코드/results/0605/stage1_0.0003_epoch500/model_2\crop80\global_zscore/training_curves.png
  연구코드/results/0605/stage1_0.0003_epoch500/model_2\crop80\global_zscore/test_roc_curves.png
  연구코드/results/0605/stage1_0.0003_epoch500/model_2\crop80\global_zscore/test_roc_by_sex.png
  연구코드/results/0605/stage1_0.0003_epoch500/model_2\crop80\global_zscore/confusion_matrices.png
  연구코드/results/0605/stage1_0.0003_epoch500/model_2\crop80\global_zscore/calibration.png
  연구코드/results/0605/stage1_0.0003_epoch500/model_2\crop80\global_zscore/results.md
  [M2/global_zscore] Plotting attention maps ...
  연구코드/results/0605/stage1_0.0003_epoch500/model_2\crop80\global_zscore/attention_map_c2a.png
  연구코드/results/0605/stage1_0.0003_epoch500/model_2\crop80\global_zscore/attention_heatmap_c2a.png
  연구코드/results/0605/stage1_0.0003_epoch500/model_2\crop80\global_zscore/attention_map_a2c.png
  연구코드/results/0605/stage1_0.0003_epoch500/model_2\crop80\global_zscore/attention_heatmap_a2c.png
  [M2/global_zscore] Plotting Grad-CAM ...
  연구코드/results/0605/stage1_0.0003_epoch500/model_2\crop80\global_zscore/cam_aec_mean.png
  연구코드/results/0605/stage1_0.0003_epoch500/model_2\crop80\global_zscore/cam_aec_lines.png
  연구코드/results/0605/stage1_0.0003_epoch500/model_2\crop80\global_zscore/cam_aec_heatmap.png
  [M2/global_zscore] Done.
