============================================================
  MODEL 2_2 — Clinic + AEC Unmatched (aec128)  (5 AEC variants)
============================================================

############################################################
  [M2_2 len128]  (scale_clinic=True, scale_aec=True)
############################################################
  [M2_2/len128] Cross-validating CrossAttn ...
=======================================================
5-Fold CV  [CrossAttn | scale_clin=True, scale_aec=True]
=======================================================

── Fold 1/5 ──────────────────────────────
  CA   — AUC: 0.8282  AUPRC: 0.3465  Brier: 0.1859  Acc: 0.6503  F1: 0.3725  (best ep=46, thresh=0.415)

── Fold 2/5 ──────────────────────────────
  CA   — AUC: 0.8450  AUPRC: 0.4966  Brier: 0.2067  Acc: 0.8033  F1: 0.4545  (best ep=3, thresh=0.672)

── Fold 3/5 ──────────────────────────────
  CA   — AUC: 0.7914  AUPRC: 0.3525  Brier: 0.1690  Acc: 0.7869  F1: 0.4179  (best ep=12, thresh=0.581)

── Fold 4/5 ──────────────────────────────
  CA   — AUC: 0.7718  AUPRC: 0.3093  Brier: 0.1234  Acc: 0.7213  F1: 0.3704  (best ep=4, thresh=0.317)

── Fold 5/5 ──────────────────────────────
  CA   — AUC: 0.8247  AUPRC: 0.5108  Brier: 0.1438  Acc: 0.6813  F1: 0.3556  (best ep=46, thresh=0.263)

===========================================================================
CrossAttn  —  5-Fold CV Summary
===========================================================================
  Fold      AUC-ROC      AUPRC      Brier   Accuracy         F1
  ----------------------------------------------------------
  1          0.8282     0.3465     0.1859     0.6503     0.3725
  2          0.8450     0.4966     0.2067     0.8033     0.4545
  3          0.7914     0.3525     0.1690     0.7869     0.4179
  4          0.7718     0.3093     0.1234     0.7213     0.3704
  5          0.8247     0.5108     0.1438     0.6813     0.3556
  ──────────────────────────────────────────────────────────
  Mean       0.8122     0.4031     0.1658     0.7286     0.3942
  ±Std       0.0266     0.0836     0.0296     0.0590     0.0367
  [M2_2/len128] Evaluating on test set (med_epoch=12, thresh=0.415) ...

=======================================================
CrossAttn Test Evaluation  (scale_clin=True, scale_aec=True, threshold=0.415)
=======================================================
CrossAttn — training final model for 12 epochs on full CV set …

CrossAttn — Test Set (Overall):
  AUC: 0.7984  AUPRC: 0.3187  Brier: 0.2178  Acc: 0.6157  F1: 0.3231

CrossAttn — Test Set (By Sex):
  [M] n=82  AUC: 0.7336  AUPRC: 0.3287  Brier: 0.2675  Acc: 0.6098  F1: 0.4074
              precision    recall  f1-score   support

      Normal       0.95      0.57      0.71        69
  Sarcopenia       0.27      0.85      0.41        13

    accuracy                           0.61        82
   macro avg       0.61      0.71      0.56        82
weighted avg       0.84      0.61      0.66        82

  [F] n=147  AUC: 0.8195  AUPRC: 0.3454  Brier: 0.1901  Acc: 0.6190  F1: 0.2632
              precision    recall  f1-score   support

      Normal       0.99      0.60      0.74       136
  Sarcopenia       0.15      0.91      0.26        11

    accuracy                           0.62       147
   macro avg       0.57      0.75      0.50       147
weighted avg       0.93      0.62      0.71       147


───────────────────────────────────────────────────────
Test Set — Bootstrap CI
───────────────────────────────────────────────────────

  Bootstrap 95% CI — CrossAttn  (n_boot=2000)
  Metric         Estimate   95% CI Lower   95% CI Upper
  ----------------------------------------------------
  AUC-ROC          0.7984         0.7067         0.8755
  AUPRC            0.3187         0.1973         0.5225
  Brier            0.2178         0.1855         0.2504
  Accuracy         0.6157         0.5502         0.6812
  F1               0.3231         0.2137         0.4265
  [M2_2/len128] Saving figures ...

Saved (model 2_2 (len128, unmatched)):
  연구코드/results/0529/liver_pubis_64/model_2_2\len128/data_distribution.png
  연구코드/results/0529/liver_pubis_64/model_2_2\len128/cv_roc_curves.png
  연구코드/results/0529/liver_pubis_64/model_2_2\len128/cv_metric_distribution.png
  연구코드/results/0529/liver_pubis_64/model_2_2\len128/training_curves.png
  연구코드/results/0529/liver_pubis_64/model_2_2\len128/test_roc_curves.png
  연구코드/results/0529/liver_pubis_64/model_2_2\len128/test_roc_by_sex.png
  연구코드/results/0529/liver_pubis_64/model_2_2\len128/confusion_matrices.png
  연구코드/results/0529/liver_pubis_64/model_2_2\len128/calibration.png
  연구코드/results/0529/liver_pubis_64/model_2_2\len128/results.md
  [M2_2/len128] Plotting attention maps ...
  연구코드/results/0529/liver_pubis_64/model_2_2\len128/attention_map_c2a.png
  연구코드/results/0529/liver_pubis_64/model_2_2\len128/attention_heatmap_c2a.png
  연구코드/results/0529/liver_pubis_64/model_2_2\len128/attention_map_a2c.png
  연구코드/results/0529/liver_pubis_64/model_2_2\len128/attention_heatmap_a2c.png
  [M2_2/len128] Plotting Grad-CAM ...
  연구코드/results/0529/liver_pubis_64/model_2_2\len128/cam_aec_mean.png
  연구코드/results/0529/liver_pubis_64/model_2_2\len128/cam_aec_lines.png
  연구코드/results/0529/liver_pubis_64/model_2_2\len128/cam_aec_heatmap.png
  [M2_2/len128] Done.

############################################################
  [M2_2 norm]  (scale_clinic=True, scale_aec=True)
############################################################
  [M2_2/norm] Cross-validating CrossAttn ...
=======================================================
5-Fold CV  [CrossAttn | scale_clin=True, scale_aec=True]
=======================================================

── Fold 1/5 ──────────────────────────────
  CA   — AUC: 0.8209  AUPRC: 0.3557  Brier: 0.2109  Acc: 0.6831  F1: 0.3958  (best ep=1, thresh=0.501)

── Fold 2/5 ──────────────────────────────
  CA   — AUC: 0.8421  AUPRC: 0.4848  Brier: 0.1259  Acc: 0.7760  F1: 0.4384  (best ep=5, thresh=0.411)

── Fold 3/5 ──────────────────────────────
  CA   — AUC: 0.7737  AUPRC: 0.2368  Brier: 0.1672  Acc: 0.5683  F1: 0.3130  (best ep=60, thresh=0.103)

── Fold 4/5 ──────────────────────────────
  CA   — AUC: 0.8013  AUPRC: 0.3778  Brier: 0.1659  Acc: 0.8033  F1: 0.4194  (best ep=46, thresh=0.587)

── Fold 5/5 ──────────────────────────────
  CA   — AUC: 0.8408  AUPRC: 0.5063  Brier: 0.2793  Acc: 0.8242  F1: 0.4839  (best ep=1, thresh=0.700)

===========================================================================
CrossAttn  —  5-Fold CV Summary
===========================================================================
  Fold      AUC-ROC      AUPRC      Brier   Accuracy         F1
  ----------------------------------------------------------
  1          0.8209     0.3557     0.2109     0.6831     0.3958
  2          0.8421     0.4848     0.1259     0.7760     0.4384
  3          0.7737     0.2368     0.1672     0.5683     0.3130
  4          0.8013     0.3778     0.1659     0.8033     0.4194
  5          0.8408     0.5063     0.2793     0.8242     0.4839
  ──────────────────────────────────────────────────────────
  Mean       0.8158     0.3923     0.1898     0.7310     0.4101
  ±Std       0.0258     0.0973     0.0522     0.0945     0.0565
  [M2_2/norm] Evaluating on test set (med_epoch=5, thresh=0.501) ...

=======================================================
CrossAttn Test Evaluation  (scale_clin=True, scale_aec=True, threshold=0.501)
=======================================================
CrossAttn — training final model for 5 epochs on full CV set …

CrossAttn — Test Set (Overall):
  AUC: 0.8175  AUPRC: 0.3214  Brier: 0.2174  Acc: 0.6463  F1: 0.3415

CrossAttn — Test Set (By Sex):
  [M] n=82  AUC: 0.7324  AUPRC: 0.3565  Brier: 0.2869  Acc: 0.5732  F1: 0.3860
              precision    recall  f1-score   support

      Normal       0.95      0.52      0.67        69
  Sarcopenia       0.25      0.85      0.39        13

    accuracy                           0.57        82
   macro avg       0.60      0.68      0.53        82
weighted avg       0.84      0.57      0.63        82

  [F] n=147  AUC: 0.8797  AUPRC: 0.3718  Brier: 0.1786  Acc: 0.6871  F1: 0.3030
              precision    recall  f1-score   support

      Normal       0.99      0.67      0.80       136
  Sarcopenia       0.18      0.91      0.30        11

    accuracy                           0.69       147
   macro avg       0.59      0.79      0.55       147
weighted avg       0.93      0.69      0.76       147


───────────────────────────────────────────────────────
Test Set — Bootstrap CI
───────────────────────────────────────────────────────

  Bootstrap 95% CI — CrossAttn  (n_boot=2000)
  Metric         Estimate   95% CI Lower   95% CI Upper
  ----------------------------------------------------
  AUC-ROC          0.8175         0.7353         0.8879
  AUPRC            0.3214         0.1921         0.4993
  Brier            0.2174         0.1852         0.2474
  Accuracy         0.6463         0.5852         0.7074
  F1               0.3415         0.2222         0.4496
  [M2_2/norm] Saving figures ...

Saved (model 2_2 (norm, unmatched)):
  연구코드/results/0529/liver_pubis_64/model_2_2\norm/data_distribution.png
  연구코드/results/0529/liver_pubis_64/model_2_2\norm/cv_roc_curves.png
  연구코드/results/0529/liver_pubis_64/model_2_2\norm/cv_metric_distribution.png
  연구코드/results/0529/liver_pubis_64/model_2_2\norm/training_curves.png
  연구코드/results/0529/liver_pubis_64/model_2_2\norm/test_roc_curves.png
  연구코드/results/0529/liver_pubis_64/model_2_2\norm/test_roc_by_sex.png
  연구코드/results/0529/liver_pubis_64/model_2_2\norm/confusion_matrices.png
  연구코드/results/0529/liver_pubis_64/model_2_2\norm/calibration.png
  연구코드/results/0529/liver_pubis_64/model_2_2\norm/results.md
  [M2_2/norm] Plotting attention maps ...
  연구코드/results/0529/liver_pubis_64/model_2_2\norm/attention_map_c2a.png
  연구코드/results/0529/liver_pubis_64/model_2_2\norm/attention_heatmap_c2a.png
  연구코드/results/0529/liver_pubis_64/model_2_2\norm/attention_map_a2c.png
  연구코드/results/0529/liver_pubis_64/model_2_2\norm/attention_heatmap_a2c.png
  [M2_2/norm] Plotting Grad-CAM ...
  연구코드/results/0529/liver_pubis_64/model_2_2\norm/cam_aec_mean.png
  연구코드/results/0529/liver_pubis_64/model_2_2\norm/cam_aec_lines.png
  연구코드/results/0529/liver_pubis_64/model_2_2\norm/cam_aec_heatmap.png
  [M2_2/norm] Done.

############################################################
  [M2_2 crop80]  (scale_clinic=True, scale_aec=True)
############################################################
  [M2_2/crop80] Cross-validating CrossAttn ...
=======================================================
5-Fold CV  [CrossAttn | scale_clin=True, scale_aec=True]
=======================================================

── Fold 1/5 ──────────────────────────────
  CA   — AUC: 0.8285  AUPRC: 0.3136  Brier: 0.1665  Acc: 0.7760  F1: 0.4384  (best ep=4, thresh=0.537)

── Fold 2/5 ──────────────────────────────
  CA   — AUC: 0.8559  AUPRC: 0.5078  Brier: 0.2430  Acc: 0.8634  F1: 0.5283  (best ep=1, thresh=0.728)

── Fold 3/5 ──────────────────────────────
  CA   — AUC: 0.7946  AUPRC: 0.3377  Brier: 0.1899  Acc: 0.6339  F1: 0.3366  (best ep=28, thresh=0.448)

── Fold 4/5 ──────────────────────────────
  CA   — AUC: 0.7872  AUPRC: 0.3133  Brier: 0.2208  Acc: 0.6995  F1: 0.3956  (best ep=2, thresh=0.515)

── Fold 5/5 ──────────────────────────────
  CA   — AUC: 0.8053  AUPRC: 0.4328  Brier: 0.1453  Acc: 0.7857  F1: 0.4179  (best ep=1, thresh=0.400)

===========================================================================
CrossAttn  —  5-Fold CV Summary
===========================================================================
  Fold      AUC-ROC      AUPRC      Brier   Accuracy         F1
  ----------------------------------------------------------
  1          0.8285     0.3136     0.1665     0.7760     0.4384
  2          0.8559     0.5078     0.2430     0.8634     0.5283
  3          0.7946     0.3377     0.1899     0.6339     0.3366
  4          0.7872     0.3133     0.2208     0.6995     0.3956
  5          0.8053     0.4328     0.1453     0.7857     0.4179
  ──────────────────────────────────────────────────────────
  Mean       0.8143     0.3810     0.1931     0.7517     0.4234
  ±Std       0.0250     0.0772     0.0354     0.0785     0.0625
  [M2_2/crop80] Evaluating on test set (med_epoch=2, thresh=0.515) ...

=======================================================
CrossAttn Test Evaluation  (scale_clin=True, scale_aec=True, threshold=0.515)
=======================================================
CrossAttn — training final model for 2 epochs on full CV set …

CrossAttn — Test Set (Overall):
  AUC: 0.8126  AUPRC: 0.3176  Brier: 0.2007  Acc: 0.7162  F1: 0.3925

CrossAttn — Test Set (By Sex):
  [M] n=82  AUC: 0.7536  AUPRC: 0.4068  Brier: 0.2357  Acc: 0.6707  F1: 0.4490
              precision    recall  f1-score   support

      Normal       0.96      0.64      0.77        69
  Sarcopenia       0.31      0.85      0.45        13

    accuracy                           0.67        82
   macro avg       0.63      0.74      0.61        82
weighted avg       0.85      0.67      0.72        82

  [F] n=147  AUC: 0.8476  AUPRC: 0.2861  Brier: 0.1811  Acc: 0.7415  F1: 0.3448
              precision    recall  f1-score   support

      Normal       0.99      0.73      0.84       136
  Sarcopenia       0.21      0.91      0.34        11

    accuracy                           0.74       147
   macro avg       0.60      0.82      0.59       147
weighted avg       0.93      0.74      0.80       147


───────────────────────────────────────────────────────
Test Set — Bootstrap CI
───────────────────────────────────────────────────────

  Bootstrap 95% CI — CrossAttn  (n_boot=2000)
  Metric         Estimate   95% CI Lower   95% CI Upper
  ----------------------------------------------------
  AUC-ROC          0.8126         0.7318         0.8816
  AUPRC            0.3176         0.1959         0.5198
  Brier            0.2007         0.1745         0.2279
  Accuracy         0.7162         0.6550         0.7773
  F1               0.3925         0.2653         0.5049
  [M2_2/crop80] Saving figures ...

Saved (model 2_2 (crop80, unmatched)):
  연구코드/results/0529/liver_pubis_64/model_2_2\crop80/data_distribution.png
  연구코드/results/0529/liver_pubis_64/model_2_2\crop80/cv_roc_curves.png
  연구코드/results/0529/liver_pubis_64/model_2_2\crop80/cv_metric_distribution.png
  연구코드/results/0529/liver_pubis_64/model_2_2\crop80/training_curves.png
  연구코드/results/0529/liver_pubis_64/model_2_2\crop80/test_roc_curves.png
  연구코드/results/0529/liver_pubis_64/model_2_2\crop80/test_roc_by_sex.png
  연구코드/results/0529/liver_pubis_64/model_2_2\crop80/confusion_matrices.png
  연구코드/results/0529/liver_pubis_64/model_2_2\crop80/calibration.png
  연구코드/results/0529/liver_pubis_64/model_2_2\crop80/results.md
  [M2_2/crop80] Plotting attention maps ...
  연구코드/results/0529/liver_pubis_64/model_2_2\crop80/attention_map_c2a.png
  연구코드/results/0529/liver_pubis_64/model_2_2\crop80/attention_heatmap_c2a.png
  연구코드/results/0529/liver_pubis_64/model_2_2\crop80/attention_map_a2c.png
  연구코드/results/0529/liver_pubis_64/model_2_2\crop80/attention_heatmap_a2c.png
  [M2_2/crop80] Plotting Grad-CAM ...
  연구코드/results/0529/liver_pubis_64/model_2_2\crop80/cam_aec_mean.png
  연구코드/results/0529/liver_pubis_64/model_2_2\crop80/cam_aec_lines.png
  연구코드/results/0529/liver_pubis_64/model_2_2\crop80/cam_aec_heatmap.png
  [M2_2/crop80] Done.

############################################################
  [M2_2 crop60]  (scale_clinic=True, scale_aec=True)
############################################################
  [M2_2/crop60] Cross-validating CrossAttn ...
=======================================================
5-Fold CV  [CrossAttn | scale_clin=True, scale_aec=True]
=======================================================

── Fold 1/5 ──────────────────────────────
  CA   — AUC: 0.8316  AUPRC: 0.3115  Brier: 0.2109  Acc: 0.7432  F1: 0.4198  (best ep=81, thresh=0.621)

── Fold 2/5 ──────────────────────────────
  CA   — AUC: 0.8681  AUPRC: 0.4571  Brier: 0.2163  Acc: 0.7923  F1: 0.4722  (best ep=20, thresh=0.721)

── Fold 3/5 ──────────────────────────────
  CA   — AUC: 0.7985  AUPRC: 0.2774  Brier: 0.1680  Acc: 0.8033  F1: 0.4545  (best ep=116, thresh=0.570)

── Fold 4/5 ──────────────────────────────
  CA   — AUC: 0.7821  AUPRC: 0.3551  Brier: 0.1976  Acc: 0.7432  F1: 0.4051  (best ep=2, thresh=0.515)

── Fold 5/5 ──────────────────────────────
  CA   — AUC: 0.8027  AUPRC: 0.3598  Brier: 0.1466  Acc: 0.7198  F1: 0.3855  (best ep=11, thresh=0.357)

===========================================================================
CrossAttn  —  5-Fold CV Summary
===========================================================================
  Fold      AUC-ROC      AUPRC      Brier   Accuracy         F1
  ----------------------------------------------------------
  1          0.8316     0.3115     0.2109     0.7432     0.4198
  2          0.8681     0.4571     0.2163     0.7923     0.4722
  3          0.7985     0.2774     0.1680     0.8033     0.4545
  4          0.7821     0.3551     0.1976     0.7432     0.4051
  5          0.8027     0.3598     0.1466     0.7198     0.3855
  ──────────────────────────────────────────────────────────
  Mean       0.8166     0.3522     0.1879     0.7603     0.4274
  ±Std       0.0303     0.0605     0.0266     0.0319     0.0318
  [M2_2/crop60] Evaluating on test set (med_epoch=20, thresh=0.570) ...

=======================================================
CrossAttn Test Evaluation  (scale_clin=True, scale_aec=True, threshold=0.570)
=======================================================
CrossAttn — training final model for 20 epochs on full CV set …

CrossAttn — Test Set (Overall):
  AUC: 0.7943  AUPRC: 0.3247  Brier: 0.2133  Acc: 0.6943  F1: 0.3636

CrossAttn — Test Set (By Sex):
  [M] n=82  AUC: 0.7425  AUPRC: 0.3522  Brier: 0.2672  Acc: 0.6463  F1: 0.4314
              precision    recall  f1-score   support

      Normal       0.95      0.61      0.74        69
  Sarcopenia       0.29      0.85      0.43        13

    accuracy                           0.65        82
   macro avg       0.62      0.73      0.59        82
weighted avg       0.85      0.65      0.69        82

  [F] n=147  AUC: 0.7988  AUPRC: 0.2941  Brier: 0.1832  Acc: 0.7211  F1: 0.3051
              precision    recall  f1-score   support

      Normal       0.98      0.71      0.83       136
  Sarcopenia       0.19      0.82      0.31        11

    accuracy                           0.72       147
   macro avg       0.58      0.77      0.57       147
weighted avg       0.92      0.72      0.79       147


───────────────────────────────────────────────────────
Test Set — Bootstrap CI
───────────────────────────────────────────────────────

  Bootstrap 95% CI — CrossAttn  (n_boot=2000)
  Metric         Estimate   95% CI Lower   95% CI Upper
  ----------------------------------------------------
  AUC-ROC          0.7943         0.6855         0.8859
  AUPRC            0.3247         0.2015         0.5234
  Brier            0.2133         0.1802         0.2460
  Accuracy         0.6943         0.6332         0.7511
  F1               0.3636         0.2400         0.4787
  [M2_2/crop60] Saving figures ...

Saved (model 2_2 (crop60, unmatched)):
  연구코드/results/0529/liver_pubis_64/model_2_2\crop60/data_distribution.png
  연구코드/results/0529/liver_pubis_64/model_2_2\crop60/cv_roc_curves.png
  연구코드/results/0529/liver_pubis_64/model_2_2\crop60/cv_metric_distribution.png
  연구코드/results/0529/liver_pubis_64/model_2_2\crop60/training_curves.png
  연구코드/results/0529/liver_pubis_64/model_2_2\crop60/test_roc_curves.png
  연구코드/results/0529/liver_pubis_64/model_2_2\crop60/test_roc_by_sex.png
  연구코드/results/0529/liver_pubis_64/model_2_2\crop60/confusion_matrices.png
  연구코드/results/0529/liver_pubis_64/model_2_2\crop60/calibration.png
  연구코드/results/0529/liver_pubis_64/model_2_2\crop60/results.md
  [M2_2/crop60] Plotting attention maps ...
  연구코드/results/0529/liver_pubis_64/model_2_2\crop60/attention_map_c2a.png
  연구코드/results/0529/liver_pubis_64/model_2_2\crop60/attention_heatmap_c2a.png
  연구코드/results/0529/liver_pubis_64/model_2_2\crop60/attention_map_a2c.png
  연구코드/results/0529/liver_pubis_64/model_2_2\crop60/attention_heatmap_a2c.png
  [M2_2/crop60] Plotting Grad-CAM ...
  연구코드/results/0529/liver_pubis_64/model_2_2\crop60/cam_aec_mean.png
  연구코드/results/0529/liver_pubis_64/model_2_2\crop60/cam_aec_lines.png
  연구코드/results/0529/liver_pubis_64/model_2_2\crop60/cam_aec_heatmap.png
  [M2_2/crop60] Done.

############################################################
  [M2_2 excl_extreme]  (scale_clinic=True, scale_aec=True)
############################################################
  [M2_2/excl_extreme] Cross-validating CrossAttn ...
=======================================================
5-Fold CV  [CrossAttn | scale_clin=True, scale_aec=True]
=======================================================

── Fold 1/5 ──────────────────────────────
  CA   — AUC: 0.8621  AUPRC: 0.3963  Brier: 0.1966  Acc: 0.7636  F1: 0.4507  (best ep=26, thresh=0.632)

── Fold 2/5 ──────────────────────────────
  CA   — AUC: 0.7405  AUPRC: 0.3253  Brier: 0.1800  Acc: 0.8182  F1: 0.4444  (best ep=23, thresh=0.649)

── Fold 3/5 ──────────────────────────────
  CA   — AUC: 0.8784  AUPRC: 0.5224  Brier: 0.1459  Acc: 0.7439  F1: 0.4324  (best ep=2, thresh=0.399)

── Fold 4/5 ──────────────────────────────
  CA   — AUC: 0.7927  AUPRC: 0.2951  Brier: 0.1831  Acc: 0.8293  F1: 0.4400  (best ep=17, thresh=0.747)

── Fold 5/5 ──────────────────────────────
  CA   — AUC: 0.7530  AUPRC: 0.3840  Brier: 0.1373  Acc: 0.7500  F1: 0.3692  (best ep=16, thresh=0.460)

===========================================================================
CrossAttn  —  5-Fold CV Summary
===========================================================================
  Fold      AUC-ROC      AUPRC      Brier   Accuracy         F1
  ----------------------------------------------------------
  1          0.8621     0.3963     0.1966     0.7636     0.4507
  2          0.7405     0.3253     0.1800     0.8182     0.4444
  3          0.8784     0.5224     0.1459     0.7439     0.4324
  4          0.7927     0.2951     0.1831     0.8293     0.4400
  5          0.7530     0.3840     0.1373     0.7500     0.3692
  ──────────────────────────────────────────────────────────
  Mean       0.8053     0.3846     0.1686     0.7810     0.4274
  ±Std       0.0560     0.0783     0.0229     0.0356     0.0297
  [M2_2/excl_extreme] Evaluating on test set (med_epoch=17, thresh=0.632) ...

=======================================================
CrossAttn Test Evaluation  (scale_clin=True, scale_aec=True, threshold=0.632)
=======================================================
CrossAttn — training final model for 17 epochs on full CV set …

CrossAttn — Test Set (Overall):
  AUC: 0.7845  AUPRC: 0.3114  Brier: 0.1843  Acc: 0.7854  F1: 0.3714

CrossAttn — Test Set (By Sex):
  [M] n=77  AUC: 0.7091  AUPRC: 0.3418  Brier: 0.2438  Acc: 0.7013  F1: 0.4651
              precision    recall  f1-score   support

      Normal       0.94      0.69      0.79        64
  Sarcopenia       0.33      0.77      0.47        13

    accuracy                           0.70        77
   macro avg       0.63      0.73      0.63        77
weighted avg       0.83      0.70      0.74        77

  [F] n=128  AUC: 0.8203  AUPRC: 0.3193  Brier: 0.1485  Acc: 0.8359  F1: 0.2222
              precision    recall  f1-score   support

      Normal       0.94      0.88      0.91       118
  Sarcopenia       0.18      0.30      0.22        10

    accuracy                           0.84       128
   macro avg       0.56      0.59      0.57       128
weighted avg       0.88      0.84      0.85       128


───────────────────────────────────────────────────────
Test Set — Bootstrap CI
───────────────────────────────────────────────────────

  Bootstrap 95% CI — CrossAttn  (n_boot=2000)
  Metric         Estimate   95% CI Lower   95% CI Upper
  ----------------------------------------------------
  AUC-ROC          0.7845         0.6865         0.8648
  AUPRC            0.3114         0.1855         0.4834
  Brier            0.1843         0.1538         0.2199
  Accuracy         0.7854         0.7268         0.8390
  F1               0.3714         0.2143         0.5071
  [M2_2/excl_extreme] Saving figures ...

Saved (model 2_2 (excl_extreme, unmatched)):
  연구코드/results/0529/liver_pubis_64/model_2_2\excl_extreme/data_distribution.png
  연구코드/results/0529/liver_pubis_64/model_2_2\excl_extreme/cv_roc_curves.png
  연구코드/results/0529/liver_pubis_64/model_2_2\excl_extreme/cv_metric_distribution.png
  연구코드/results/0529/liver_pubis_64/model_2_2\excl_extreme/training_curves.png
  연구코드/results/0529/liver_pubis_64/model_2_2\excl_extreme/test_roc_curves.png
  연구코드/results/0529/liver_pubis_64/model_2_2\excl_extreme/test_roc_by_sex.png
  연구코드/results/0529/liver_pubis_64/model_2_2\excl_extreme/confusion_matrices.png
  연구코드/results/0529/liver_pubis_64/model_2_2\excl_extreme/calibration.png
  연구코드/results/0529/liver_pubis_64/model_2_2\excl_extreme/results.md
  [M2_2/excl_extreme] Plotting attention maps ...
  연구코드/results/0529/liver_pubis_64/model_2_2\excl_extreme/attention_map_c2a.png
  연구코드/results/0529/liver_pubis_64/model_2_2\excl_extreme/attention_heatmap_c2a.png
  연구코드/results/0529/liver_pubis_64/model_2_2\excl_extreme/attention_map_a2c.png
  연구코드/results/0529/liver_pubis_64/model_2_2\excl_extreme/attention_heatmap_a2c.png
  [M2_2/excl_extreme] Plotting Grad-CAM ...
  연구코드/results/0529/liver_pubis_64/model_2_2\excl_extreme/cam_aec_mean.png
  연구코드/results/0529/liver_pubis_64/model_2_2\excl_extreme/cam_aec_lines.png
  연구코드/results/0529/liver_pubis_64/model_2_2\excl_extreme/cam_aec_heatmap.png
  [M2_2/excl_extreme] Done.
