============================================================
  MODEL 2 — Clinic + AEC (aec128, BCEWithLogitsLoss)  (5 AEC variants × 1 case)
============================================================

############################################################
  [M2 norm] CASE : scale_clinic  (scale_clinic=True, loss=bce)
############################################################
  [M2/bce/norm/scale_clinic] Cross-validating CrossAttn ...
=======================================================
5-Fold CV  [CrossAttn | scale_clin=True, scale_aec=False]
=======================================================

── Fold 1/5 ──────────────────────────────
  CA   — AUC: 0.8536  AUPRC: 0.4773  Brier: 0.1603  Acc: 0.7312  F1: 0.4186  (best ep=3, thresh=0.433)

── Fold 2/5 ──────────────────────────────
  CA   — AUC: 0.8229  AUPRC: 0.3619  Brier: 0.1642  Acc: 0.8011  F1: 0.4638  (best ep=11, thresh=0.553)

── Fold 3/5 ──────────────────────────────
  CA   — AUC: 0.8214  AUPRC: 0.3526  Brier: 0.1636  Acc: 0.7419  F1: 0.4000  (best ep=6, thresh=0.495)

── Fold 4/5 ──────────────────────────────
  CA   — AUC: 0.7994  AUPRC: 0.3267  Brier: 0.2323  Acc: 0.8441  F1: 0.4912  (best ep=1, thresh=0.670)

── Fold 5/5 ──────────────────────────────
  CA   — AUC: 0.7600  AUPRC: 0.2785  Brier: 0.1854  Acc: 0.6054  F1: 0.3178  (best ep=4, thresh=0.345)

===========================================================================
CrossAttn  —  5-Fold CV Summary
===========================================================================
  Fold      AUC-ROC      AUPRC      Brier   Accuracy         F1
  ----------------------------------------------------------
  1          0.8536     0.4773     0.1603     0.7312     0.4186
  2          0.8229     0.3619     0.1642     0.8011     0.4638
  3          0.8214     0.3526     0.1636     0.7419     0.4000
  4          0.7994     0.3267     0.2323     0.8441     0.4912
  5          0.7600     0.2785     0.1854     0.6054     0.3178
  ──────────────────────────────────────────────────────────
  Mean       0.8115     0.3594     0.1812     0.7447     0.4183
  ±Std       0.0310     0.0657     0.0271     0.0808     0.0597
  [M2/bce/norm/scale_clinic] Evaluating on test set (med_epoch=4, thresh=0.495) ...

=======================================================
CrossAttn Test Evaluation  (scale_clin=True, scale_aec=False, threshold=0.495)
=======================================================
CrossAttn — training final model for 4 epochs on full CV set …

CrossAttn — Test Set (Overall):
  AUC: 0.8254  AUPRC: 0.4451  Brier: 0.1924  Acc: 0.6738  F1: 0.3333

CrossAttn — Test Set (By Sex):
  [M] n=85  AUC: 0.8149  AUPRC: 0.5257  Brier: 0.2340  Acc: 0.6118  F1: 0.4211
              precision    recall  f1-score   support

      Normal       0.95      0.56      0.71        71
  Sarcopenia       0.28      0.86      0.42        14

    accuracy                           0.61        85
   macro avg       0.62      0.71      0.56        85
weighted avg       0.84      0.61      0.66        85

  [F] n=148  AUC: 0.8016  AUPRC: 0.3436  Brier: 0.1685  Acc: 0.7095  F1: 0.2456
              precision    recall  f1-score   support

      Normal       0.96      0.72      0.82       137
  Sarcopenia       0.15      0.64      0.25        11

    accuracy                           0.71       148
   macro avg       0.56      0.68      0.53       148
weighted avg       0.90      0.71      0.78       148


───────────────────────────────────────────────────────
Test Set — Bootstrap CI
───────────────────────────────────────────────────────

  Bootstrap 95% CI — CrossAttn  (n_boot=2000)
  Metric         Estimate   95% CI Lower   95% CI Upper
  ----------------------------------------------------
  AUC-ROC          0.8254         0.7436         0.9018
  AUPRC            0.4451         0.2673         0.6316
  Brier            0.1924         0.1632         0.2238
  Accuracy         0.6738         0.6137         0.7339
  F1               0.3333         0.2222         0.4496
  [M2/bce/norm/scale_clinic] Saving figures ...

Saved (model 2 (norm, bce)):
  연구코드/results/ok+missing/model_2\bce\aec128\norm/data_distribution.png
  연구코드/results/ok+missing/model_2\bce\aec128\norm/cv_roc_curves.png
  연구코드/results/ok+missing/model_2\bce\aec128\norm/cv_metric_distribution.png
  연구코드/results/ok+missing/model_2\bce\aec128\norm/training_curves.png
  연구코드/results/ok+missing/model_2\bce\aec128\norm/test_roc_curves.png
  연구코드/results/ok+missing/model_2\bce\aec128\norm/test_roc_by_sex.png
  연구코드/results/ok+missing/model_2\bce\aec128\norm/confusion_matrices.png
  연구코드/results/ok+missing/model_2\bce\aec128\norm/calibration.png
  연구코드/results/ok+missing/model_2\bce\aec128\norm/results.md
  [M2/bce/norm/scale_clinic] Plotting attention maps ...
  연구코드/results/ok+missing/model_2\bce\aec128\norm/attention_map_c2a.png
  연구코드/results/ok+missing/model_2\bce\aec128\norm/attention_heatmap.png
  [M2/bce/norm/scale_clinic] Done.

############################################################
  [M2 excl_extreme] CASE : scale_clinic  (scale_clinic=True, loss=bce)
############################################################
  [M2/bce/excl_extreme/scale_clinic] Cross-validating CrossAttn ...
=======================================================
5-Fold CV  [CrossAttn | scale_clin=True, scale_aec=False]
=======================================================

── Fold 1/5 ──────────────────────────────
  CA   — AUC: 0.8545  AUPRC: 0.3833  Brier: 0.1925  Acc: 0.8623  F1: 0.5490  (best ep=3, thresh=0.708)

── Fold 2/5 ──────────────────────────────
  CA   — AUC: 0.9200  AUPRC: 0.5298  Brier: 0.1497  Acc: 0.7844  F1: 0.4857  (best ep=5, thresh=0.502)

── Fold 3/5 ──────────────────────────────
  CA   — AUC: 0.8212  AUPRC: 0.3956  Brier: 0.1805  Acc: 0.8204  F1: 0.4643  (best ep=13, thresh=0.700)

── Fold 4/5 ──────────────────────────────
  CA   — AUC: 0.7502  AUPRC: 0.2938  Brier: 0.2170  Acc: 0.6707  F1: 0.3210  (best ep=30, thresh=0.464)

── Fold 5/5 ──────────────────────────────
  CA   — AUC: 0.7849  AUPRC: 0.2982  Brier: 0.2061  Acc: 0.6647  F1: 0.3636  (best ep=3, thresh=0.442)

===========================================================================
CrossAttn  —  5-Fold CV Summary
===========================================================================
  Fold      AUC-ROC      AUPRC      Brier   Accuracy         F1
  ----------------------------------------------------------
  1          0.8545     0.3833     0.1925     0.8623     0.5490
  2          0.9200     0.5298     0.1497     0.7844     0.4857
  3          0.8212     0.3956     0.1805     0.8204     0.4643
  4          0.7502     0.2938     0.2170     0.6707     0.3210
  5          0.7849     0.2982     0.2061     0.6647     0.3636
  ──────────────────────────────────────────────────────────
  Mean       0.8261     0.3801     0.1891     0.7605     0.4367
  ±Std       0.0585     0.0858     0.0233     0.0797     0.0831
  [M2/bce/excl_extreme/scale_clinic] Evaluating on test set (med_epoch=5, thresh=0.502) ...

=======================================================
CrossAttn Test Evaluation  (scale_clin=True, scale_aec=False, threshold=0.502)
=======================================================
CrossAttn — training final model for 5 epochs on full CV set …

CrossAttn — Test Set (Overall):
  AUC: 0.8328  AUPRC: 0.4096  Brier: 0.1709  Acc: 0.7225  F1: 0.3696

CrossAttn — Test Set (By Sex):
  [M] n=71  AUC: 0.8303  AUPRC: 0.5084  Brier: 0.2187  Acc: 0.6479  F1: 0.4186
              precision    recall  f1-score   support

      Normal       0.95      0.62      0.75        60
  Sarcopenia       0.28      0.82      0.42        11

    accuracy                           0.65        71
   macro avg       0.61      0.72      0.58        71
weighted avg       0.85      0.65      0.70        71

  [F] n=138  AUC: 0.8089  AUPRC: 0.2988  Brier: 0.1463  Acc: 0.7609  F1: 0.3265
              precision    recall  f1-score   support

      Normal       0.97      0.76      0.85       127
  Sarcopenia       0.21      0.73      0.33        11

    accuracy                           0.76       138
   macro avg       0.59      0.75      0.59       138
weighted avg       0.91      0.76      0.81       138


───────────────────────────────────────────────────────
Test Set — Bootstrap CI
───────────────────────────────────────────────────────

  Bootstrap 95% CI — CrossAttn  (n_boot=2000)
  Metric         Estimate   95% CI Lower   95% CI Upper
  ----------------------------------------------------
  AUC-ROC          0.8328         0.7509         0.9033
  AUPRC            0.4096         0.2359         0.6152
  Brier            0.1709         0.1421         0.2015
  Accuracy         0.7225         0.6555         0.7799
  F1               0.3696         0.2353         0.4951
  [M2/bce/excl_extreme/scale_clinic] Saving figures ...

Saved (model 2 (excl_extreme, bce)):
  연구코드/results/ok+missing/model_2\bce\aec128\excl_extreme/data_distribution.png
  연구코드/results/ok+missing/model_2\bce\aec128\excl_extreme/cv_roc_curves.png
  연구코드/results/ok+missing/model_2\bce\aec128\excl_extreme/cv_metric_distribution.png
  연구코드/results/ok+missing/model_2\bce\aec128\excl_extreme/training_curves.png
  연구코드/results/ok+missing/model_2\bce\aec128\excl_extreme/test_roc_curves.png
  연구코드/results/ok+missing/model_2\bce\aec128\excl_extreme/test_roc_by_sex.png
  연구코드/results/ok+missing/model_2\bce\aec128\excl_extreme/confusion_matrices.png
  연구코드/results/ok+missing/model_2\bce\aec128\excl_extreme/calibration.png
  연구코드/results/ok+missing/model_2\bce\aec128\excl_extreme/results.md
  [M2/bce/excl_extreme/scale_clinic] Plotting attention maps ...
  연구코드/results/ok+missing/model_2\bce\aec128\excl_extreme/attention_map_c2a.png
  연구코드/results/ok+missing/model_2\bce\aec128\excl_extreme/attention_heatmap.png
  [M2/bce/excl_extreme/scale_clinic] Done.

############################################################
  [M2 len128] CASE : scale_clinic  (scale_clinic=True, loss=bce)
############################################################
  [M2/bce/len128/scale_clinic] Cross-validating CrossAttn ...
=======================================================
5-Fold CV  [CrossAttn | scale_clin=True, scale_aec=False]
=======================================================

── Fold 1/5 ──────────────────────────────
  CA   — AUC: 0.8633  AUPRC: 0.4100  Brier: 0.2115  Acc: 0.8333  F1: 0.5231  (best ep=3, thresh=0.686)

── Fold 2/5 ──────────────────────────────
  CA   — AUC: 0.8500  AUPRC: 0.3912  Brier: 0.1864  Acc: 0.7634  F1: 0.4500  (best ep=17, thresh=0.540)

── Fold 3/5 ──────────────────────────────
  CA   — AUC: 0.8057  AUPRC: 0.3343  Brier: 0.2006  Acc: 0.7366  F1: 0.4096  (best ep=8, thresh=0.558)

── Fold 4/5 ──────────────────────────────
  CA   — AUC: 0.7870  AUPRC: 0.3000  Brier: 0.2724  Acc: 0.7849  F1: 0.4286  (best ep=3, thresh=0.737)

── Fold 5/5 ──────────────────────────────
  CA   — AUC: 0.7942  AUPRC: 0.3956  Brier: 0.1527  Acc: 0.6541  F1: 0.3333  (best ep=31, thresh=0.389)

===========================================================================
CrossAttn  —  5-Fold CV Summary
===========================================================================
  Fold      AUC-ROC      AUPRC      Brier   Accuracy         F1
  ----------------------------------------------------------
  1          0.8633     0.4100     0.2115     0.8333     0.5231
  2          0.8500     0.3912     0.1864     0.7634     0.4500
  3          0.8057     0.3343     0.2006     0.7366     0.4096
  4          0.7870     0.3000     0.2724     0.7849     0.4286
  5          0.7942     0.3956     0.1527     0.6541     0.3333
  ──────────────────────────────────────────────────────────
  Mean       0.8201     0.3662     0.2047     0.7545     0.4289
  ±Std       0.0307     0.0420     0.0392     0.0594     0.0613
  [M2/bce/len128/scale_clinic] Evaluating on test set (med_epoch=8, thresh=0.558) ...

=======================================================
CrossAttn Test Evaluation  (scale_clin=True, scale_aec=False, threshold=0.558)
=======================================================
CrossAttn — training final model for 8 epochs on full CV set …

CrossAttn — Test Set (Overall):
  AUC: 0.8256  AUPRC: 0.4174  Brier: 0.2528  Acc: 0.6052  F1: 0.3030

CrossAttn — Test Set (By Sex):
  [M] n=85  AUC: 0.8209  AUPRC: 0.5228  Brier: 0.3065  Acc: 0.5529  F1: 0.3871
              precision    recall  f1-score   support

      Normal       0.95      0.49      0.65        71
  Sarcopenia       0.25      0.86      0.39        14

    accuracy                           0.55        85
   macro avg       0.60      0.68      0.52        85
weighted avg       0.83      0.55      0.61        85

  [F] n=148  AUC: 0.8049  AUPRC: 0.2776  Brier: 0.2219  Acc: 0.6351  F1: 0.2286
              precision    recall  f1-score   support

      Normal       0.97      0.63      0.76       137
  Sarcopenia       0.14      0.73      0.23        11

    accuracy                           0.64       148
   macro avg       0.55      0.68      0.49       148
weighted avg       0.90      0.64      0.72       148


───────────────────────────────────────────────────────
Test Set — Bootstrap CI
───────────────────────────────────────────────────────

  Bootstrap 95% CI — CrossAttn  (n_boot=2000)
  Metric         Estimate   95% CI Lower   95% CI Upper
  ----------------------------------------------------
  AUC-ROC          0.8256         0.7433         0.9017
  AUPRC            0.4174         0.2476         0.6181
  Brier            0.2528         0.2214         0.2849
  Accuracy         0.6052         0.5408         0.6695
  F1               0.3030         0.2047         0.4068
  [M2/bce/len128/scale_clinic] Saving figures ...

Saved (model 2 (len128, bce)):
  연구코드/results/ok+missing/model_2\bce\aec128\len128/data_distribution.png
  연구코드/results/ok+missing/model_2\bce\aec128\len128/cv_roc_curves.png
  연구코드/results/ok+missing/model_2\bce\aec128\len128/cv_metric_distribution.png
  연구코드/results/ok+missing/model_2\bce\aec128\len128/training_curves.png
  연구코드/results/ok+missing/model_2\bce\aec128\len128/test_roc_curves.png
  연구코드/results/ok+missing/model_2\bce\aec128\len128/test_roc_by_sex.png
  연구코드/results/ok+missing/model_2\bce\aec128\len128/confusion_matrices.png
  연구코드/results/ok+missing/model_2\bce\aec128\len128/calibration.png
  연구코드/results/ok+missing/model_2\bce\aec128\len128/results.md
  [M2/bce/len128/scale_clinic] Plotting attention maps ...
  연구코드/results/ok+missing/model_2\bce\aec128\len128/attention_map_c2a.png
  연구코드/results/ok+missing/model_2\bce\aec128\len128/attention_heatmap.png
  [M2/bce/len128/scale_clinic] Done.

############################################################
  [M2 crop80] CASE : scale_clinic  (scale_clinic=True, loss=bce)
############################################################
  [M2/bce/crop80/scale_clinic] Cross-validating CrossAttn ...
=======================================================
5-Fold CV  [CrossAttn | scale_clin=True, scale_aec=False]
=======================================================

── Fold 1/5 ──────────────────────────────
  CA   — AUC: 0.8524  AUPRC: 0.5126  Brier: 0.1431  Acc: 0.8280  F1: 0.4839  (best ep=11, thresh=0.577)

── Fold 2/5 ──────────────────────────────
  CA   — AUC: 0.8575  AUPRC: 0.4434  Brier: 0.1510  Acc: 0.7581  F1: 0.4304  (best ep=20, thresh=0.445)

── Fold 3/5 ──────────────────────────────
  CA   — AUC: 0.8145  AUPRC: 0.3992  Brier: 0.1997  Acc: 0.7151  F1: 0.3908  (best ep=17, thresh=0.539)

── Fold 4/5 ──────────────────────────────
  CA   — AUC: 0.8235  AUPRC: 0.3528  Brier: 0.2698  Acc: 0.7473  F1: 0.4051  (best ep=1, thresh=0.581)

── Fold 5/5 ──────────────────────────────
  CA   — AUC: 0.8240  AUPRC: 0.4799  Brier: 0.2298  Acc: 0.8108  F1: 0.4776  (best ep=37, thresh=0.742)

===========================================================================
CrossAttn  —  5-Fold CV Summary
===========================================================================
  Fold      AUC-ROC      AUPRC      Brier   Accuracy         F1
  ----------------------------------------------------------
  1          0.8524     0.5126     0.1431     0.8280     0.4839
  2          0.8575     0.4434     0.1510     0.7581     0.4304
  3          0.8145     0.3992     0.1997     0.7151     0.3908
  4          0.8235     0.3528     0.2698     0.7473     0.4051
  5          0.8240     0.4799     0.2298     0.8108     0.4776
  ──────────────────────────────────────────────────────────
  Mean       0.8344     0.4376     0.1987     0.7718     0.4375
  ±Std       0.0172     0.0568     0.0477     0.0417     0.0375
  [M2/bce/crop80/scale_clinic] Evaluating on test set (med_epoch=17, thresh=0.577) ...

=======================================================
CrossAttn Test Evaluation  (scale_clin=True, scale_aec=False, threshold=0.577)
=======================================================
CrossAttn — training final model for 17 epochs on full CV set …

CrossAttn — Test Set (Overall):
  AUC: 0.8067  AUPRC: 0.3789  Brier: 0.2020  Acc: 0.7253  F1: 0.3725

CrossAttn — Test Set (By Sex):
  [M] n=85  AUC: 0.8038  AUPRC: 0.4954  Brier: 0.2486  Acc: 0.6353  F1: 0.4151
              precision    recall  f1-score   support

      Normal       0.93      0.61      0.74        71
  Sarcopenia       0.28      0.79      0.42        14

    accuracy                           0.64        85
   macro avg       0.61      0.70      0.58        85
weighted avg       0.83      0.64      0.68        85

  [F] n=148  AUC: 0.7877  AUPRC: 0.2530  Brier: 0.1752  Acc: 0.7770  F1: 0.3265
              precision    recall  f1-score   support

      Normal       0.97      0.78      0.87       137
  Sarcopenia       0.21      0.73      0.33        11

    accuracy                           0.78       148
   macro avg       0.59      0.75      0.60       148
weighted avg       0.92      0.78      0.83       148


───────────────────────────────────────────────────────
Test Set — Bootstrap CI
───────────────────────────────────────────────────────

  Bootstrap 95% CI — CrossAttn  (n_boot=2000)
  Metric         Estimate   95% CI Lower   95% CI Upper
  ----------------------------------------------------
  AUC-ROC          0.8067         0.7191         0.8869
  AUPRC            0.3789         0.2203         0.5697
  Brier            0.2020         0.1705         0.2358
  Accuracy         0.7253         0.6652         0.7811
  F1               0.3725         0.2500         0.4909
  [M2/bce/crop80/scale_clinic] Saving figures ...

Saved (model 2 (crop80, bce)):
  연구코드/results/ok+missing/model_2\bce\aec128\crop80/data_distribution.png
  연구코드/results/ok+missing/model_2\bce\aec128\crop80/cv_roc_curves.png
  연구코드/results/ok+missing/model_2\bce\aec128\crop80/cv_metric_distribution.png
  연구코드/results/ok+missing/model_2\bce\aec128\crop80/training_curves.png
  연구코드/results/ok+missing/model_2\bce\aec128\crop80/test_roc_curves.png
  연구코드/results/ok+missing/model_2\bce\aec128\crop80/test_roc_by_sex.png
  연구코드/results/ok+missing/model_2\bce\aec128\crop80/confusion_matrices.png
  연구코드/results/ok+missing/model_2\bce\aec128\crop80/calibration.png
  연구코드/results/ok+missing/model_2\bce\aec128\crop80/results.md
  [M2/bce/crop80/scale_clinic] Plotting attention maps ...
  연구코드/results/ok+missing/model_2\bce\aec128\crop80/attention_map_c2a.png
  연구코드/results/ok+missing/model_2\bce\aec128\crop80/attention_heatmap.png
  [M2/bce/crop80/scale_clinic] Done.

############################################################
  [M2 crop60] CASE : scale_clinic  (scale_clinic=True, loss=bce)
############################################################
  [M2/bce/crop60/scale_clinic] Cross-validating CrossAttn ...
=======================================================
5-Fold CV  [CrossAttn | scale_clin=True, scale_aec=False]
=======================================================

── Fold 1/5 ──────────────────────────────
  CA   — AUC: 0.8533  AUPRC: 0.4809  Brier: 0.1468  Acc: 0.7097  F1: 0.4130  (best ep=3, thresh=0.370)

── Fold 2/5 ──────────────────────────────
  CA   — AUC: 0.8539  AUPRC: 0.4381  Brier: 0.1510  Acc: 0.7043  F1: 0.4086  (best ep=30, thresh=0.324)

── Fold 3/5 ──────────────────────────────
  CA   — AUC: 0.8127  AUPRC: 0.3808  Brier: 0.2053  Acc: 0.7742  F1: 0.4324  (best ep=79, thresh=0.606)

── Fold 4/5 ──────────────────────────────
  CA   — AUC: 0.8015  AUPRC: 0.3068  Brier: 0.1924  Acc: 0.8495  F1: 0.4815  (best ep=2, thresh=0.668)

── Fold 5/5 ──────────────────────────────
  CA   — AUC: 0.8072  AUPRC: 0.4113  Brier: 0.2074  Acc: 0.7351  F1: 0.3951  (best ep=38, thresh=0.574)

===========================================================================
CrossAttn  —  5-Fold CV Summary
===========================================================================
  Fold      AUC-ROC      AUPRC      Brier   Accuracy         F1
  ----------------------------------------------------------
  1          0.8533     0.4809     0.1468     0.7097     0.4130
  2          0.8539     0.4381     0.1510     0.7043     0.4086
  3          0.8127     0.3808     0.2053     0.7742     0.4324
  4          0.8015     0.3068     0.1924     0.8495     0.4815
  5          0.8072     0.4113     0.2074     0.7351     0.3951
  ──────────────────────────────────────────────────────────
  Mean       0.8257     0.4036     0.1806     0.7546     0.4261
  ±Std       0.0230     0.0585     0.0264     0.0535     0.0302
  [M2/bce/crop60/scale_clinic] Evaluating on test set (med_epoch=30, thresh=0.574) ...

=======================================================
CrossAttn Test Evaluation  (scale_clin=True, scale_aec=False, threshold=0.574)
=======================================================
CrossAttn — training final model for 30 epochs on full CV set …

CrossAttn — Test Set (Overall):
  AUC: 0.7808  AUPRC: 0.3826  Brier: 0.1892  Acc: 0.7511  F1: 0.3958

CrossAttn — Test Set (By Sex):
  [M] n=85  AUC: 0.8139  AUPRC: 0.5408  Brier: 0.2499  Acc: 0.6471  F1: 0.4444
              precision    recall  f1-score   support

      Normal       0.96      0.61      0.74        71
  Sarcopenia       0.30      0.86      0.44        14

    accuracy                           0.65        85
   macro avg       0.63      0.73      0.59        85
weighted avg       0.85      0.65      0.69        85

  [F] n=148  AUC: 0.7240  AUPRC: 0.2208  Brier: 0.1543  Acc: 0.8108  F1: 0.3333
              precision    recall  f1-score   support

      Normal       0.97      0.82      0.89       137
  Sarcopenia       0.23      0.64      0.33        11

    accuracy                           0.81       148
   macro avg       0.60      0.73      0.61       148
weighted avg       0.91      0.81      0.85       148


───────────────────────────────────────────────────────
Test Set — Bootstrap CI
───────────────────────────────────────────────────────

  Bootstrap 95% CI — CrossAttn  (n_boot=2000)
  Metric         Estimate   95% CI Lower   95% CI Upper
  ----------------------------------------------------
  AUC-ROC          0.7808         0.6706         0.8786
  AUPRC            0.3826         0.2271         0.5770
  Brier            0.1892         0.1586         0.2217
  Accuracy         0.7511         0.6953         0.8069
  F1               0.3958         0.2697         0.5209
  [M2/bce/crop60/scale_clinic] Saving figures ...

Saved (model 2 (crop60, bce)):
  연구코드/results/ok+missing/model_2\bce\aec128\crop60/data_distribution.png
  연구코드/results/ok+missing/model_2\bce\aec128\crop60/cv_roc_curves.png
  연구코드/results/ok+missing/model_2\bce\aec128\crop60/cv_metric_distribution.png
  연구코드/results/ok+missing/model_2\bce\aec128\crop60/training_curves.png
  연구코드/results/ok+missing/model_2\bce\aec128\crop60/test_roc_curves.png
  연구코드/results/ok+missing/model_2\bce\aec128\crop60/test_roc_by_sex.png
  연구코드/results/ok+missing/model_2\bce\aec128\crop60/confusion_matrices.png
  연구코드/results/ok+missing/model_2\bce\aec128\crop60/calibration.png
  연구코드/results/ok+missing/model_2\bce\aec128\crop60/results.md
  [M2/bce/crop60/scale_clinic] Plotting attention maps ...
  연구코드/results/ok+missing/model_2\bce\aec128\crop60/attention_map_c2a.png
  연구코드/results/ok+missing/model_2\bce\aec128\crop60/attention_heatmap.png
  [M2/bce/crop60/scale_clinic] Done.
