============================================================
  MODEL 2 — Clinic + AEC (aec103)  (4 AEC variants)
============================================================

############################################################
  [M2 raw]  (scale_clinic=True, scale_aec=none)
############################################################
  [M2/raw] Cross-validating CrossAttn ...
=======================================================
5-Fold CV  [CrossAttn | scale_clin=True, scale_aec=none]
=======================================================

── Fold 1/5 ──────────────────────────────
  CA   — AUC: 0.8052  AUPRC: 0.3589  Brier: 0.2627  Acc: 0.7432  F1: 0.4051  (best ep=446, thresh=0.622)

── Fold 2/5 ──────────────────────────────
  CA   — AUC: 0.8639  AUPRC: 0.5042  Brier: 0.2309  Acc: 0.7377  F1: 0.4146  (best ep=449, thresh=0.577)

── Fold 3/5 ──────────────────────────────
  CA   — AUC: 0.7888  AUPRC: 0.3384  Brier: 0.2750  Acc: 0.7049  F1: 0.3721  (best ep=492, thresh=0.604)

── Fold 4/5 ──────────────────────────────
  CA   — AUC: 0.7660  AUPRC: 0.3452  Brier: 0.2418  Acc: 0.7104  F1: 0.3614  (best ep=476, thresh=0.545)

── Fold 5/5 ──────────────────────────────
  CA   — AUC: 0.8092  AUPRC: 0.3487  Brier: 0.2542  Acc: 0.7912  F1: 0.4412  (best ep=390, thresh=0.627)

===========================================================================
CrossAttn  —  5-Fold CV Summary
===========================================================================
  Fold      AUC-ROC      AUPRC      Brier   Accuracy         F1
  ----------------------------------------------------------
  1          0.8052     0.3589     0.2627     0.7432     0.4051
  2          0.8639     0.5042     0.2309     0.7377     0.4146
  3          0.7888     0.3384     0.2750     0.7049     0.3721
  4          0.7660     0.3452     0.2418     0.7104     0.3614
  5          0.8092     0.3487     0.2542     0.7912     0.4412
  ──────────────────────────────────────────────────────────
  Mean       0.8066     0.3791     0.2529     0.7375     0.3989
  ±Std       0.0324     0.0629     0.0155     0.0307     0.0290
  [M2/raw] Evaluating on test set (med_epoch=449, thresh=0.604) ...

=======================================================
CrossAttn Test Evaluation  (scale_clin=True, scale_aec=none, threshold=0.604)
=======================================================
CrossAttn — training final model for 449 epochs on full CV set …
  [CrossAttn] Model weights saved → 연구코드/results/0605_2/stage0_1e-05_epoch500/model_2\crop80\raw\M2_raw_weights.pt

CrossAttn — Test Set (Overall):
  AUC: 0.7799  AUPRC: 0.2513  Brier: 0.2635  Acc: 0.7118  F1: 0.3529

CrossAttn — Test Set (By Sex):
  [M] n=82  AUC: 0.7079  AUPRC: 0.2806  Brier: 0.3047  Acc: 0.6829  F1: 0.4348
              precision    recall  f1-score   support

      Normal       0.94      0.67      0.78        69
  Sarcopenia       0.30      0.77      0.43        13

    accuracy                           0.68        82
   macro avg       0.62      0.72      0.61        82
weighted avg       0.84      0.68      0.72        82

  [F] n=147  AUC: 0.7968  AUPRC: 0.2936  Brier: 0.2405  Acc: 0.7279  F1: 0.2857
              precision    recall  f1-score   support

      Normal       0.97      0.73      0.83       136
  Sarcopenia       0.18      0.73      0.29        11

    accuracy                           0.73       147
   macro avg       0.57      0.73      0.56       147
weighted avg       0.91      0.73      0.79       147


───────────────────────────────────────────────────────
Test Set — Bootstrap CI
───────────────────────────────────────────────────────

  Bootstrap 95% CI — CrossAttn  (n_boot=2000)
  Metric         Estimate   95% CI Lower   95% CI Upper
  ----------------------------------------------------
  AUC-ROC          0.7799         0.6961         0.8567
  AUPRC            0.2513         0.1595         0.4208
  Brier            0.2635         0.2366         0.2887
  Accuracy         0.7118         0.6550         0.7686
  F1               0.3529         0.2307         0.4737
  [M2/raw] Saving figures ...

Saved (model 2 (raw)):
  연구코드/results/0605_2/stage0_1e-05_epoch500/model_2\crop80\raw/data_distribution.png
  연구코드/results/0605_2/stage0_1e-05_epoch500/model_2\crop80\raw/cv_roc_curves.png
  연구코드/results/0605_2/stage0_1e-05_epoch500/model_2\crop80\raw/cv_metric_distribution.png
  연구코드/results/0605_2/stage0_1e-05_epoch500/model_2\crop80\raw/training_curves.png
  연구코드/results/0605_2/stage0_1e-05_epoch500/model_2\crop80\raw/test_roc_curves.png
  연구코드/results/0605_2/stage0_1e-05_epoch500/model_2\crop80\raw/test_roc_by_sex.png
  연구코드/results/0605_2/stage0_1e-05_epoch500/model_2\crop80\raw/confusion_matrices.png
  연구코드/results/0605_2/stage0_1e-05_epoch500/model_2\crop80\raw/calibration.png
  연구코드/results/0605_2/stage0_1e-05_epoch500/model_2\crop80\raw/results.md
  [M2/raw] Plotting attention maps ...
  연구코드/results/0605_2/stage0_1e-05_epoch500/model_2\crop80\raw/attention_map_c2a.png
  연구코드/results/0605_2/stage0_1e-05_epoch500/model_2\crop80\raw/attention_heatmap_c2a.png
  연구코드/results/0605_2/stage0_1e-05_epoch500/model_2\crop80\raw/attention_map_a2c.png
  연구코드/results/0605_2/stage0_1e-05_epoch500/model_2\crop80\raw/attention_heatmap_a2c.png
  [M2/raw] Plotting Grad-CAM ...
  연구코드/results/0605_2/stage0_1e-05_epoch500/model_2\crop80\raw/cam_aec_mean.png
  연구코드/results/0605_2/stage0_1e-05_epoch500/model_2\crop80\raw/cam_aec_lines.png
  연구코드/results/0605_2/stage0_1e-05_epoch500/model_2\crop80\raw/cam_aec_heatmap.png
  [M2/raw] Done.

############################################################
  [M2 std_scaled]  (scale_clinic=True, scale_aec=column)
############################################################
  [M2/std_scaled] Cross-validating CrossAttn ...
=======================================================
5-Fold CV  [CrossAttn | scale_clin=True, scale_aec=column]
=======================================================

── Fold 1/5 ──────────────────────────────
  CA   — AUC: 0.8242  AUPRC: 0.3621  Brier: 0.2599  Acc: 0.6831  F1: 0.3830  (best ep=486, thresh=0.589)

── Fold 2/5 ──────────────────────────────
  CA   — AUC: 0.8732  AUPRC: 0.5740  Brier: 0.2237  Acc: 0.8306  F1: 0.5079  (best ep=447, thresh=0.623)

── Fold 3/5 ──────────────────────────────
  CA   — AUC: 0.7840  AUPRC: 0.2987  Brier: 0.2659  Acc: 0.7432  F1: 0.4051  (best ep=443, thresh=0.620)

── Fold 4/5 ──────────────────────────────
  CA   — AUC: 0.7795  AUPRC: 0.2953  Brier: 0.2601  Acc: 0.7541  F1: 0.4000  (best ep=113, thresh=0.604)

── Fold 5/5 ──────────────────────────────
  CA   — AUC: 0.8098  AUPRC: 0.3386  Brier: 0.2333  Acc: 0.7143  F1: 0.3659  (best ep=446, thresh=0.565)

===========================================================================
CrossAttn  —  5-Fold CV Summary
===========================================================================
  Fold      AUC-ROC      AUPRC      Brier   Accuracy         F1
  ----------------------------------------------------------
  1          0.8242     0.3621     0.2599     0.6831     0.3830
  2          0.8732     0.5740     0.2237     0.8306     0.5079
  3          0.7840     0.2987     0.2659     0.7432     0.4051
  4          0.7795     0.2953     0.2601     0.7541     0.4000
  5          0.8098     0.3386     0.2333     0.7143     0.3659
  ──────────────────────────────────────────────────────────
  Mean       0.8142     0.3737     0.2486     0.7450     0.4124
  ±Std       0.0338     0.1032     0.0168     0.0494     0.0497
  [M2/std_scaled] Evaluating on test set (med_epoch=446, thresh=0.604) ...

=======================================================
CrossAttn Test Evaluation  (scale_clin=True, scale_aec=column, threshold=0.604)
=======================================================
CrossAttn — training final model for 446 epochs on full CV set …
  [CrossAttn] Model weights saved → 연구코드/results/0605_2/stage0_1e-05_epoch500/model_2\crop80\std_scaled\M2_std_scaled_weights.pt

CrossAttn — Test Set (Overall):
  AUC: 0.7978  AUPRC: 0.3181  Brier: 0.2640  Acc: 0.7118  F1: 0.3529

CrossAttn — Test Set (By Sex):
  [M] n=82  AUC: 0.7135  AUPRC: 0.3780  Brier: 0.2993  Acc: 0.6098  F1: 0.3600
              precision    recall  f1-score   support

      Normal       0.91      0.59      0.72        69
  Sarcopenia       0.24      0.69      0.36        13

    accuracy                           0.61        82
   macro avg       0.58      0.64      0.54        82
weighted avg       0.81      0.61      0.66        82

  [F] n=147  AUC: 0.8583  AUPRC: 0.3576  Brier: 0.2444  Acc: 0.7687  F1: 0.3462
              precision    recall  f1-score   support

      Normal       0.98      0.76      0.86       136
  Sarcopenia       0.22      0.82      0.35        11

    accuracy                           0.77       147
   macro avg       0.60      0.79      0.60       147
weighted avg       0.92      0.77      0.82       147


───────────────────────────────────────────────────────
Test Set — Bootstrap CI
───────────────────────────────────────────────────────

  Bootstrap 95% CI — CrossAttn  (n_boot=2000)
  Metric         Estimate   95% CI Lower   95% CI Upper
  ----------------------------------------------------
  AUC-ROC          0.7978         0.7135         0.8683
  AUPRC            0.3181         0.1788         0.4830
  Brier            0.2640         0.2364         0.2902
  Accuracy         0.7118         0.6507         0.7686
  F1               0.3529         0.2299         0.4667
  [M2/std_scaled] Saving figures ...

Saved (model 2 (std_scaled)):
  연구코드/results/0605_2/stage0_1e-05_epoch500/model_2\crop80\std_scaled/data_distribution.png
  연구코드/results/0605_2/stage0_1e-05_epoch500/model_2\crop80\std_scaled/cv_roc_curves.png
  연구코드/results/0605_2/stage0_1e-05_epoch500/model_2\crop80\std_scaled/cv_metric_distribution.png
  연구코드/results/0605_2/stage0_1e-05_epoch500/model_2\crop80\std_scaled/training_curves.png
  연구코드/results/0605_2/stage0_1e-05_epoch500/model_2\crop80\std_scaled/test_roc_curves.png
  연구코드/results/0605_2/stage0_1e-05_epoch500/model_2\crop80\std_scaled/test_roc_by_sex.png
  연구코드/results/0605_2/stage0_1e-05_epoch500/model_2\crop80\std_scaled/confusion_matrices.png
  연구코드/results/0605_2/stage0_1e-05_epoch500/model_2\crop80\std_scaled/calibration.png
  연구코드/results/0605_2/stage0_1e-05_epoch500/model_2\crop80\std_scaled/results.md
  [M2/std_scaled] Plotting attention maps ...
  연구코드/results/0605_2/stage0_1e-05_epoch500/model_2\crop80\std_scaled/attention_map_c2a.png
  연구코드/results/0605_2/stage0_1e-05_epoch500/model_2\crop80\std_scaled/attention_heatmap_c2a.png
  연구코드/results/0605_2/stage0_1e-05_epoch500/model_2\crop80\std_scaled/attention_map_a2c.png
  연구코드/results/0605_2/stage0_1e-05_epoch500/model_2\crop80\std_scaled/attention_heatmap_a2c.png
  [M2/std_scaled] Plotting Grad-CAM ...
  연구코드/results/0605_2/stage0_1e-05_epoch500/model_2\crop80\std_scaled/cam_aec_mean.png
  연구코드/results/0605_2/stage0_1e-05_epoch500/model_2\crop80\std_scaled/cam_aec_lines.png
  연구코드/results/0605_2/stage0_1e-05_epoch500/model_2\crop80\std_scaled/cam_aec_heatmap.png
  [M2/std_scaled] Done.

############################################################
  [M2 norm]  (scale_clinic=True, scale_aec=none)
############################################################
  [M2/norm] Cross-validating CrossAttn ...
=======================================================
5-Fold CV  [CrossAttn | scale_clin=True, scale_aec=none]
=======================================================

── Fold 1/5 ──────────────────────────────
  CA   — AUC: 0.8212  AUPRC: 0.3490  Brier: 0.2736  Acc: 0.7814  F1: 0.4286  (best ep=122, thresh=0.644)

── Fold 2/5 ──────────────────────────────
  CA   — AUC: 0.8476  AUPRC: 0.5275  Brier: 0.2083  Acc: 0.7978  F1: 0.4638  (best ep=460, thresh=0.579)

── Fold 3/5 ──────────────────────────────
  CA   — AUC: 0.7712  AUPRC: 0.2623  Brier: 0.2699  Acc: 0.6721  F1: 0.3333  (best ep=202, thresh=0.580)

── Fold 4/5 ──────────────────────────────
  CA   — AUC: 0.7638  AUPRC: 0.3324  Brier: 0.2325  Acc: 0.6885  F1: 0.3596  (best ep=464, thresh=0.512)

── Fold 5/5 ──────────────────────────────
  CA   — AUC: 0.8143  AUPRC: 0.3844  Brier: 0.2550  Acc: 0.8187  F1: 0.4762  (best ep=148, thresh=0.643)

===========================================================================
CrossAttn  —  5-Fold CV Summary
===========================================================================
  Fold      AUC-ROC      AUPRC      Brier   Accuracy         F1
  ----------------------------------------------------------
  1          0.8212     0.3490     0.2736     0.7814     0.4286
  2          0.8476     0.5275     0.2083     0.7978     0.4638
  3          0.7712     0.2623     0.2699     0.6721     0.3333
  4          0.7638     0.3324     0.2325     0.6885     0.3596
  5          0.8143     0.3844     0.2550     0.8187     0.4762
  ──────────────────────────────────────────────────────────
  Mean       0.8036     0.3711     0.2478     0.7517     0.4123
  ±Std       0.0316     0.0877     0.0245     0.0597     0.0566
  [M2/norm] Evaluating on test set (med_epoch=202, thresh=0.580) ...

=======================================================
CrossAttn Test Evaluation  (scale_clin=True, scale_aec=none, threshold=0.580)
=======================================================
CrossAttn — training final model for 202 epochs on full CV set …
  [CrossAttn] Model weights saved → 연구코드/results/0605_2/stage0_1e-05_epoch500/model_2\crop80\norm\M2_norm_weights.pt

CrossAttn — Test Set (Overall):
  AUC: 0.8043  AUPRC: 0.2900  Brier: 0.2533  Acc: 0.6769  F1: 0.3509

CrossAttn — Test Set (By Sex):
  [M] n=82  AUC: 0.7168  AUPRC: 0.3129  Brier: 0.3076  Acc: 0.6098  F1: 0.4074
              precision    recall  f1-score   support

      Normal       0.95      0.57      0.71        69
  Sarcopenia       0.27      0.85      0.41        13

    accuracy                           0.61        82
   macro avg       0.61      0.71      0.56        82
weighted avg       0.84      0.61      0.66        82

  [F] n=147  AUC: 0.8396  AUPRC: 0.3377  Brier: 0.2229  Acc: 0.7143  F1: 0.3000
              precision    recall  f1-score   support

      Normal       0.98      0.71      0.82       136
  Sarcopenia       0.18      0.82      0.30        11

    accuracy                           0.71       147
   macro avg       0.58      0.76      0.56       147
weighted avg       0.92      0.71      0.78       147


───────────────────────────────────────────────────────
Test Set — Bootstrap CI
───────────────────────────────────────────────────────

  Bootstrap 95% CI — CrossAttn  (n_boot=2000)
  Metric         Estimate   95% CI Lower   95% CI Upper
  ----------------------------------------------------
  AUC-ROC          0.8043         0.7236         0.8729
  AUPRC            0.2900         0.1829         0.4772
  Brier            0.2533         0.2281         0.2771
  Accuracy         0.6769         0.6157         0.7380
  F1               0.3509         0.2340         0.4640
  [M2/norm] Saving figures ...

Saved (model 2 (norm)):
  연구코드/results/0605_2/stage0_1e-05_epoch500/model_2\crop80\norm/data_distribution.png
  연구코드/results/0605_2/stage0_1e-05_epoch500/model_2\crop80\norm/cv_roc_curves.png
  연구코드/results/0605_2/stage0_1e-05_epoch500/model_2\crop80\norm/cv_metric_distribution.png
  연구코드/results/0605_2/stage0_1e-05_epoch500/model_2\crop80\norm/training_curves.png
  연구코드/results/0605_2/stage0_1e-05_epoch500/model_2\crop80\norm/test_roc_curves.png
  연구코드/results/0605_2/stage0_1e-05_epoch500/model_2\crop80\norm/test_roc_by_sex.png
  연구코드/results/0605_2/stage0_1e-05_epoch500/model_2\crop80\norm/confusion_matrices.png
  연구코드/results/0605_2/stage0_1e-05_epoch500/model_2\crop80\norm/calibration.png
  연구코드/results/0605_2/stage0_1e-05_epoch500/model_2\crop80\norm/results.md
  [M2/norm] Plotting attention maps ...
  연구코드/results/0605_2/stage0_1e-05_epoch500/model_2\crop80\norm/attention_map_c2a.png
  연구코드/results/0605_2/stage0_1e-05_epoch500/model_2\crop80\norm/attention_heatmap_c2a.png
  연구코드/results/0605_2/stage0_1e-05_epoch500/model_2\crop80\norm/attention_map_a2c.png
  연구코드/results/0605_2/stage0_1e-05_epoch500/model_2\crop80\norm/attention_heatmap_a2c.png
  [M2/norm] Plotting Grad-CAM ...
  연구코드/results/0605_2/stage0_1e-05_epoch500/model_2\crop80\norm/cam_aec_mean.png
  연구코드/results/0605_2/stage0_1e-05_epoch500/model_2\crop80\norm/cam_aec_lines.png
  연구코드/results/0605_2/stage0_1e-05_epoch500/model_2\crop80\norm/cam_aec_heatmap.png
  [M2/norm] Done.

############################################################
  [M2 global_zscore]  (scale_clinic=True, scale_aec=global)
############################################################
  [M2/global_zscore] Cross-validating CrossAttn ...
=======================================================
5-Fold CV  [CrossAttn | scale_clin=True, scale_aec=global]
=======================================================

── Fold 1/5 ──────────────────────────────
  CA   — AUC: 0.8276  AUPRC: 0.3619  Brier: 0.2636  Acc: 0.6995  F1: 0.3820  (best ep=427, thresh=0.614)

── Fold 2/5 ──────────────────────────────
  CA   — AUC: 0.8379  AUPRC: 0.4807  Brier: 0.2293  Acc: 0.7104  F1: 0.3765  (best ep=422, thresh=0.559)

── Fold 3/5 ──────────────────────────────
  CA   — AUC: 0.7815  AUPRC: 0.3617  Brier: 0.2768  Acc: 0.7104  F1: 0.3614  (best ep=311, thresh=0.615)

── Fold 4/5 ──────────────────────────────
  CA   — AUC: 0.7933  AUPRC: 0.3331  Brier: 0.2489  Acc: 0.7377  F1: 0.3846  (best ep=142, thresh=0.583)

── Fold 5/5 ──────────────────────────────
  CA   — AUC: 0.8037  AUPRC: 0.4106  Brier: 0.2471  Acc: 0.7747  F1: 0.4384  (best ep=489, thresh=0.638)

===========================================================================
CrossAttn  —  5-Fold CV Summary
===========================================================================
  Fold      AUC-ROC      AUPRC      Brier   Accuracy         F1
  ----------------------------------------------------------
  1          0.8276     0.3619     0.2636     0.6995     0.3820
  2          0.8379     0.4807     0.2293     0.7104     0.3765
  3          0.7815     0.3617     0.2768     0.7104     0.3614
  4          0.7933     0.3331     0.2489     0.7377     0.3846
  5          0.8037     0.4106     0.2471     0.7747     0.4384
  ──────────────────────────────────────────────────────────
  Mean       0.8088     0.3896     0.2531     0.7265     0.3886
  ±Std       0.0211     0.0519     0.0161     0.0272     0.0262
  [M2/global_zscore] Evaluating on test set (med_epoch=422, thresh=0.614) ...

=======================================================
CrossAttn Test Evaluation  (scale_clin=True, scale_aec=global, threshold=0.614)
=======================================================
CrossAttn — training final model for 422 epochs on full CV set …
  [CrossAttn] Model weights saved → 연구코드/results/0605_2/stage0_1e-05_epoch500/model_2\crop80\global_zscore\M2_global_zscore_weights.pt

CrossAttn — Test Set (Overall):
  AUC: 0.7717  AUPRC: 0.2590  Brier: 0.2573  Acc: 0.7293  F1: 0.3404

CrossAttn — Test Set (By Sex):
  [M] n=82  AUC: 0.7023  AUPRC: 0.3147  Brier: 0.2914  Acc: 0.6707  F1: 0.4000
              precision    recall  f1-score   support

      Normal       0.92      0.67      0.77        69
  Sarcopenia       0.28      0.69      0.40        13

    accuracy                           0.67        82
   macro avg       0.60      0.68      0.59        82
weighted avg       0.82      0.67      0.71        82

  [F] n=147  AUC: 0.8068  AUPRC: 0.2582  Brier: 0.2383  Acc: 0.7619  F1: 0.2857
              precision    recall  f1-score   support

      Normal       0.96      0.77      0.86       136
  Sarcopenia       0.18      0.64      0.29        11

    accuracy                           0.76       147
   macro avg       0.57      0.70      0.57       147
weighted avg       0.91      0.76      0.81       147


───────────────────────────────────────────────────────
Test Set — Bootstrap CI
───────────────────────────────────────────────────────

  Bootstrap 95% CI — CrossAttn  (n_boot=2000)
  Metric         Estimate   95% CI Lower   95% CI Upper
  ----------------------------------------------------
  AUC-ROC          0.7717         0.6879         0.8464
  AUPRC            0.2590         0.1531         0.4162
  Brier            0.2573         0.2303         0.2834
  Accuracy         0.7293         0.6725         0.7860
  F1               0.3404         0.2117         0.4578
  [M2/global_zscore] Saving figures ...

Saved (model 2 (global_zscore)):
  연구코드/results/0605_2/stage0_1e-05_epoch500/model_2\crop80\global_zscore/data_distribution.png
  연구코드/results/0605_2/stage0_1e-05_epoch500/model_2\crop80\global_zscore/cv_roc_curves.png
  연구코드/results/0605_2/stage0_1e-05_epoch500/model_2\crop80\global_zscore/cv_metric_distribution.png
  연구코드/results/0605_2/stage0_1e-05_epoch500/model_2\crop80\global_zscore/training_curves.png
  연구코드/results/0605_2/stage0_1e-05_epoch500/model_2\crop80\global_zscore/test_roc_curves.png
  연구코드/results/0605_2/stage0_1e-05_epoch500/model_2\crop80\global_zscore/test_roc_by_sex.png
  연구코드/results/0605_2/stage0_1e-05_epoch500/model_2\crop80\global_zscore/confusion_matrices.png
  연구코드/results/0605_2/stage0_1e-05_epoch500/model_2\crop80\global_zscore/calibration.png
  연구코드/results/0605_2/stage0_1e-05_epoch500/model_2\crop80\global_zscore/results.md
  [M2/global_zscore] Plotting attention maps ...
  연구코드/results/0605_2/stage0_1e-05_epoch500/model_2\crop80\global_zscore/attention_map_c2a.png
  연구코드/results/0605_2/stage0_1e-05_epoch500/model_2\crop80\global_zscore/attention_heatmap_c2a.png
  연구코드/results/0605_2/stage0_1e-05_epoch500/model_2\crop80\global_zscore/attention_map_a2c.png
  연구코드/results/0605_2/stage0_1e-05_epoch500/model_2\crop80\global_zscore/attention_heatmap_a2c.png
  [M2/global_zscore] Plotting Grad-CAM ...
  연구코드/results/0605_2/stage0_1e-05_epoch500/model_2\crop80\global_zscore/cam_aec_mean.png
  연구코드/results/0605_2/stage0_1e-05_epoch500/model_2\crop80\global_zscore/cam_aec_lines.png
  연구코드/results/0605_2/stage0_1e-05_epoch500/model_2\crop80\global_zscore/cam_aec_heatmap.png
  [M2/global_zscore] Done.
