============================================================
  MODEL 2 — Clinic + AEC (aec128, FocalLoss)  (5 AEC variants × 1 case)
============================================================

############################################################
  [M2 norm] CASE : scale_clinic  (scale_clinic=True, loss=focal)
############################################################
  [M2/focal/norm/scale_clinic] Cross-validating CrossAttn ...
=======================================================
5-Fold CV  [CrossAttn | scale_clin=True, scale_aec=False]
=======================================================

── Fold 1/5 ──────────────────────────────
  CA   — AUC: 0.8017  AUPRC: 0.3137  Brier: 0.1127  Acc: 0.7971  F1: 0.4815  (best ep=129, thresh=0.159)

── Fold 2/5 ──────────────────────────────
  CA   — AUC: 0.8031  AUPRC: 0.4296  Brier: 0.2087  Acc: 0.8333  F1: 0.5306  (best ep=2, thresh=0.549)

── Fold 3/5 ──────────────────────────────
  CA   — AUC: 0.8497  AUPRC: 0.4812  Brier: 0.2028  Acc: 0.8540  F1: 0.5455  (best ep=6, thresh=0.579)

── Fold 4/5 ──────────────────────────────
  CA   — AUC: 0.8104  AUPRC: 0.5135  Brier: 0.1704  Acc: 0.7299  F1: 0.4127  (best ep=16, thresh=0.511)

── Fold 5/5 ──────────────────────────────
  CA   — AUC: 0.8368  AUPRC: 0.3226  Brier: 0.2213  Acc: 0.6861  F1: 0.4110  (best ep=5, thresh=0.506)

===========================================================================
CrossAttn  —  5-Fold CV Summary
===========================================================================
  Fold      AUC-ROC      AUPRC      Brier   Accuracy         F1
  ----------------------------------------------------------
  1          0.8017     0.3137     0.1127     0.7971     0.4815
  2          0.8031     0.4296     0.2087     0.8333     0.5306
  3          0.8497     0.4812     0.2028     0.8540     0.5455
  4          0.8104     0.5135     0.1704     0.7299     0.4127
  5          0.8368     0.3226     0.2213     0.6861     0.4110
  ──────────────────────────────────────────────────────────
  Mean       0.8203     0.4121     0.1832     0.7801     0.4762
  ±Std       0.0194     0.0813     0.0391     0.0631     0.0567
  [M2/focal/norm/scale_clinic] Evaluating on test set (med_epoch=6, thresh=0.511) ...

=======================================================
CrossAttn Test Evaluation  (scale_clin=True, scale_aec=False, threshold=0.511)
=======================================================
CrossAttn — training final model for 6 epochs on full CV set …

CrossAttn — Test Set (Overall):
  AUC: 0.8739  AUPRC: 0.5089  Brier: 0.2213  Acc: 0.6221  F1: 0.3810

CrossAttn — Test Set (By Sex):
  [M] n=71  AUC: 0.8682  AUPRC: 0.5861  Brier: 0.2363  Acc: 0.5775  F1: 0.4231
              precision    recall  f1-score   support

      Normal       1.00      0.50      0.67        60
  Sarcopenia       0.27      1.00      0.42        11

    accuracy                           0.58        71
   macro avg       0.63      0.75      0.54        71
weighted avg       0.89      0.58      0.63        71

  [F] n=101  AUC: 0.8703  AUPRC: 0.4572  Brier: 0.2108  Acc: 0.6535  F1: 0.3396
              precision    recall  f1-score   support

      Normal       0.98      0.63      0.77        91
  Sarcopenia       0.21      0.90      0.34        10

    accuracy                           0.65       101
   macro avg       0.60      0.76      0.55       101
weighted avg       0.91      0.65      0.72       101


───────────────────────────────────────────────────────
Test Set — Bootstrap CI
───────────────────────────────────────────────────────

  Bootstrap 95% CI — CrossAttn  (n_boot=2000)
  Metric         Estimate   95% CI Lower   95% CI Upper
  ----------------------------------------------------
  AUC-ROC          0.8739         0.7991         0.9358
  AUPRC            0.5089         0.3128         0.7135
  Brier            0.2213         0.2061         0.2357
  Accuracy         0.6221         0.5523         0.6919
  F1               0.3810         0.2574         0.4957
  [M2/focal/norm/scale_clinic] Saving figures ...

Saved (model 2 (norm, focal)):
  연구코드/results/ok/model_2\focal\aec128\norm/data_distribution.png
  연구코드/results/ok/model_2\focal\aec128\norm/cv_roc_curves.png
  연구코드/results/ok/model_2\focal\aec128\norm/cv_metric_distribution.png
  연구코드/results/ok/model_2\focal\aec128\norm/training_curves.png
  연구코드/results/ok/model_2\focal\aec128\norm/test_roc_curves.png
  연구코드/results/ok/model_2\focal\aec128\norm/test_roc_by_sex.png
  연구코드/results/ok/model_2\focal\aec128\norm/confusion_matrices.png
  연구코드/results/ok/model_2\focal\aec128\norm/calibration.png
  연구코드/results/ok/model_2\focal\aec128\norm/results.md
  [M2/focal/norm/scale_clinic] Plotting attention maps ...
  연구코드/results/ok/model_2\focal\aec128\norm/attention_map_c2a.png
  연구코드/results/ok/model_2\focal\aec128\norm/attention_heatmap.png
  [M2/focal/norm/scale_clinic] Done.

############################################################
  [M2 excl_extreme] CASE : scale_clinic  (scale_clinic=True, loss=focal)
############################################################
  [M2/focal/excl_extreme/scale_clinic] Cross-validating CrossAttn ...
=======================================================
5-Fold CV  [CrossAttn | scale_clin=True, scale_aec=False]
=======================================================

── Fold 1/5 ──────────────────────────────
  CA   — AUC: 0.8058  AUPRC: 0.4767  Brier: 0.1750  Acc: 0.7581  F1: 0.4444  (best ep=13, thresh=0.530)

── Fold 2/5 ──────────────────────────────
  CA   — AUC: 0.7442  AUPRC: 0.2243  Brier: 0.2461  Acc: 0.6048  F1: 0.3467  (best ep=3, thresh=0.493)

── Fold 3/5 ──────────────────────────────
  CA   — AUC: 0.8696  AUPRC: 0.4368  Brier: 0.1985  Acc: 0.7317  F1: 0.4407  (best ep=3, thresh=0.499)

── Fold 4/5 ──────────────────────────────
  CA   — AUC: 0.7837  AUPRC: 0.3258  Brier: 0.2461  Acc: 0.7073  F1: 0.4000  (best ep=2, thresh=0.527)

── Fold 5/5 ──────────────────────────────
  CA   — AUC: 0.7601  AUPRC: 0.2980  Brier: 0.1985  Acc: 0.6992  F1: 0.3509  (best ep=3, thresh=0.487)

===========================================================================
CrossAttn  —  5-Fold CV Summary
===========================================================================
  Fold      AUC-ROC      AUPRC      Brier   Accuracy         F1
  ----------------------------------------------------------
  1          0.8058     0.4767     0.1750     0.7581     0.4444
  2          0.7442     0.2243     0.2461     0.6048     0.3467
  3          0.8696     0.4368     0.1985     0.7317     0.4407
  4          0.7837     0.3258     0.2461     0.7073     0.4000
  5          0.7601     0.2980     0.1985     0.6992     0.3509
  ──────────────────────────────────────────────────────────
  Mean       0.7927     0.3523     0.2128     0.7002     0.3965
  ±Std       0.0438     0.0923     0.0285     0.0519     0.0420
  [M2/focal/excl_extreme/scale_clinic] Evaluating on test set (med_epoch=3, thresh=0.499) ...

=======================================================
CrossAttn Test Evaluation  (scale_clin=True, scale_aec=False, threshold=0.499)
=======================================================
CrossAttn — training final model for 3 epochs on full CV set …

CrossAttn — Test Set (Overall):
  AUC: 0.8854  AUPRC: 0.5782  Brier: 0.1842  Acc: 0.7013  F1: 0.4390

CrossAttn — Test Set (By Sex):
  [M] n=64  AUC: 0.8576  AUPRC: 0.5955  Brier: 0.1859  Acc: 0.7500  F1: 0.5000
              precision    recall  f1-score   support

      Normal       0.93      0.75      0.83        53
  Sarcopenia       0.38      0.73      0.50        11

    accuracy                           0.75        64
   macro avg       0.66      0.74      0.67        64
weighted avg       0.84      0.75      0.78        64

  [F] n=90  AUC: 0.9300  AUPRC: 0.6799  Brier: 0.1830  Acc: 0.6667  F1: 0.4000
              precision    recall  f1-score   support

      Normal       1.00      0.62      0.77        80
  Sarcopenia       0.25      1.00      0.40        10

    accuracy                           0.67        90
   macro avg       0.62      0.81      0.58        90
weighted avg       0.92      0.67      0.73        90


───────────────────────────────────────────────────────
Test Set — Bootstrap CI
───────────────────────────────────────────────────────

  Bootstrap 95% CI — CrossAttn  (n_boot=2000)
  Metric         Estimate   95% CI Lower   95% CI Upper
  ----------------------------------------------------
  AUC-ROC          0.8854         0.8086         0.9477
  AUPRC            0.5782         0.3750         0.7937
  Brier            0.1842         0.1663         0.2028
  Accuracy         0.7013         0.6234         0.7727
  F1               0.4390         0.2933         0.5679
  [M2/focal/excl_extreme/scale_clinic] Saving figures ...

Saved (model 2 (excl_extreme, focal)):
  연구코드/results/ok/model_2\focal\aec128\excl_extreme/data_distribution.png
  연구코드/results/ok/model_2\focal\aec128\excl_extreme/cv_roc_curves.png
  연구코드/results/ok/model_2\focal\aec128\excl_extreme/cv_metric_distribution.png
  연구코드/results/ok/model_2\focal\aec128\excl_extreme/training_curves.png
  연구코드/results/ok/model_2\focal\aec128\excl_extreme/test_roc_curves.png
  연구코드/results/ok/model_2\focal\aec128\excl_extreme/test_roc_by_sex.png
  연구코드/results/ok/model_2\focal\aec128\excl_extreme/confusion_matrices.png
  연구코드/results/ok/model_2\focal\aec128\excl_extreme/calibration.png
  연구코드/results/ok/model_2\focal\aec128\excl_extreme/results.md
  [M2/focal/excl_extreme/scale_clinic] Plotting attention maps ...
  연구코드/results/ok/model_2\focal\aec128\excl_extreme/attention_map_c2a.png
  연구코드/results/ok/model_2\focal\aec128\excl_extreme/attention_heatmap.png
  [M2/focal/excl_extreme/scale_clinic] Done.

############################################################
  [M2 len128] CASE : scale_clinic  (scale_clinic=True, loss=focal)
############################################################
  [M2/focal/len128/scale_clinic] Cross-validating CrossAttn ...
=======================================================
5-Fold CV  [CrossAttn | scale_clin=True, scale_aec=False]
=======================================================

── Fold 1/5 ──────────────────────────────
  CA   — AUC: 0.8109  AUPRC: 0.3399  Brier: 0.1494  Acc: 0.6884  F1: 0.4110  (best ep=69, thresh=0.370)

── Fold 2/5 ──────────────────────────────
  CA   — AUC: 0.8410  AUPRC: 0.4340  Brier: 0.1940  Acc: 0.7681  F1: 0.4839  (best ep=4, thresh=0.515)

── Fold 3/5 ──────────────────────────────
  CA   — AUC: 0.8244  AUPRC: 0.4727  Brier: 0.1590  Acc: 0.7153  F1: 0.4179  (best ep=46, thresh=0.458)

── Fold 4/5 ──────────────────────────────
  CA   — AUC: 0.7991  AUPRC: 0.3670  Brier: 0.1814  Acc: 0.6934  F1: 0.4000  (best ep=68, thresh=0.504)

── Fold 5/5 ──────────────────────────────
  CA   — AUC: 0.8445  AUPRC: 0.3349  Brier: 0.2016  Acc: 0.8175  F1: 0.4898  (best ep=10, thresh=0.578)

===========================================================================
CrossAttn  —  5-Fold CV Summary
===========================================================================
  Fold      AUC-ROC      AUPRC      Brier   Accuracy         F1
  ----------------------------------------------------------
  1          0.8109     0.3399     0.1494     0.6884     0.4110
  2          0.8410     0.4340     0.1940     0.7681     0.4839
  3          0.8244     0.4727     0.1590     0.7153     0.4179
  4          0.7991     0.3670     0.1814     0.6934     0.4000
  5          0.8445     0.3349     0.2016     0.8175     0.4898
  ──────────────────────────────────────────────────────────
  Mean       0.8240     0.3897     0.1771     0.7366     0.4405
  ±Std       0.0173     0.0545     0.0200     0.0494     0.0383
  [M2/focal/len128/scale_clinic] Evaluating on test set (med_epoch=46, thresh=0.504) ...

=======================================================
CrossAttn Test Evaluation  (scale_clin=True, scale_aec=False, threshold=0.504)
=======================================================
CrossAttn — training final model for 46 epochs on full CV set …

CrossAttn — Test Set (Overall):
  AUC: 0.7909  AUPRC: 0.3427  Brier: 0.1905  Acc: 0.7035  F1: 0.4000

CrossAttn — Test Set (By Sex):
  [M] n=71  AUC: 0.7348  AUPRC: 0.3350  Brier: 0.2396  Acc: 0.6197  F1: 0.4255
              precision    recall  f1-score   support

      Normal       0.97      0.57      0.72        60
  Sarcopenia       0.28      0.91      0.43        11

    accuracy                           0.62        71
   macro avg       0.62      0.74      0.57        71
weighted avg       0.86      0.62      0.67        71

  [F] n=101  AUC: 0.8121  AUPRC: 0.3777  Brier: 0.1560  Acc: 0.7624  F1: 0.3684
              precision    recall  f1-score   support

      Normal       0.96      0.77      0.85        91
  Sarcopenia       0.25      0.70      0.37        10

    accuracy                           0.76       101
   macro avg       0.60      0.73      0.61       101
weighted avg       0.89      0.76      0.81       101


───────────────────────────────────────────────────────
Test Set — Bootstrap CI
───────────────────────────────────────────────────────

  Bootstrap 95% CI — CrossAttn  (n_boot=2000)
  Metric         Estimate   95% CI Lower   95% CI Upper
  ----------------------------------------------------
  AUC-ROC          0.7909         0.7029         0.8676
  AUPRC            0.3427         0.1885         0.5323
  Brier            0.1905         0.1636         0.2180
  Accuracy         0.7035         0.6337         0.7733
  F1               0.4000         0.2564         0.5317
  [M2/focal/len128/scale_clinic] Saving figures ...

Saved (model 2 (len128, focal)):
  연구코드/results/ok/model_2\focal\aec128\len128/data_distribution.png
  연구코드/results/ok/model_2\focal\aec128\len128/cv_roc_curves.png
  연구코드/results/ok/model_2\focal\aec128\len128/cv_metric_distribution.png
  연구코드/results/ok/model_2\focal\aec128\len128/training_curves.png
  연구코드/results/ok/model_2\focal\aec128\len128/test_roc_curves.png
  연구코드/results/ok/model_2\focal\aec128\len128/test_roc_by_sex.png
  연구코드/results/ok/model_2\focal\aec128\len128/confusion_matrices.png
  연구코드/results/ok/model_2\focal\aec128\len128/calibration.png
  연구코드/results/ok/model_2\focal\aec128\len128/results.md
  [M2/focal/len128/scale_clinic] Plotting attention maps ...
  연구코드/results/ok/model_2\focal\aec128\len128/attention_map_c2a.png
  연구코드/results/ok/model_2\focal\aec128\len128/attention_heatmap.png
  [M2/focal/len128/scale_clinic] Done.

############################################################
  [M2 crop80] CASE : scale_clinic  (scale_clinic=True, loss=focal)
############################################################
  [M2/focal/crop80/scale_clinic] Cross-validating CrossAttn ...
=======================================================
5-Fold CV  [CrossAttn | scale_clin=True, scale_aec=False]
=======================================================

── Fold 1/5 ──────────────────────────────
  CA   — AUC: 0.7900  AUPRC: 0.3820  Brier: 0.1609  Acc: 0.7391  F1: 0.4375  (best ep=11, thresh=0.431)

── Fold 2/5 ──────────────────────────────
  CA   — AUC: 0.8260  AUPRC: 0.3980  Brier: 0.2122  Acc: 0.7391  F1: 0.4706  (best ep=7, thresh=0.519)

── Fold 3/5 ──────────────────────────────
  CA   — AUC: 0.8280  AUPRC: 0.4124  Brier: 0.1424  Acc: 0.7007  F1: 0.4058  (best ep=31, thresh=0.469)

── Fold 4/5 ──────────────────────────────
  CA   — AUC: 0.8094  AUPRC: 0.4440  Brier: 0.2090  Acc: 0.8394  F1: 0.5000  (best ep=8, thresh=0.603)

── Fold 5/5 ──────────────────────────────
  CA   — AUC: 0.8239  AUPRC: 0.3080  Brier: 0.1850  Acc: 0.7664  F1: 0.4483  (best ep=3, thresh=0.486)

===========================================================================
CrossAttn  —  5-Fold CV Summary
===========================================================================
  Fold      AUC-ROC      AUPRC      Brier   Accuracy         F1
  ----------------------------------------------------------
  1          0.7900     0.3820     0.1609     0.7391     0.4375
  2          0.8260     0.3980     0.2122     0.7391     0.4706
  3          0.8280     0.4124     0.1424     0.7007     0.4058
  4          0.8094     0.4440     0.2090     0.8394     0.5000
  5          0.8239     0.3080     0.1850     0.7664     0.4483
  ──────────────────────────────────────────────────────────
  Mean       0.8154     0.3889     0.1819     0.7570     0.4524
  ±Std       0.0143     0.0453     0.0271     0.0462     0.0316
  [M2/focal/crop80/scale_clinic] Evaluating on test set (med_epoch=8, thresh=0.486) ...

=======================================================
CrossAttn Test Evaluation  (scale_clin=True, scale_aec=False, threshold=0.486)
=======================================================
CrossAttn — training final model for 8 epochs on full CV set …

CrossAttn — Test Set (Overall):
  AUC: 0.8754  AUPRC: 0.5892  Brier: 0.2240  Acc: 0.5640  F1: 0.3478

CrossAttn — Test Set (By Sex):
  [M] n=71  AUC: 0.9136  AUPRC: 0.7194  Brier: 0.2409  Acc: 0.5070  F1: 0.3860
              precision    recall  f1-score   support

      Normal       1.00      0.42      0.59        60
  Sarcopenia       0.24      1.00      0.39        11

    accuracy                           0.51        71
   macro avg       0.62      0.71      0.49        71
weighted avg       0.88      0.51      0.56        71

  [F] n=101  AUC: 0.8560  AUPRC: 0.4908  Brier: 0.2121  Acc: 0.6040  F1: 0.3103
              precision    recall  f1-score   support

      Normal       0.98      0.57      0.72        91
  Sarcopenia       0.19      0.90      0.31        10

    accuracy                           0.60       101
   macro avg       0.58      0.74      0.52       101
weighted avg       0.90      0.60      0.68       101


───────────────────────────────────────────────────────
Test Set — Bootstrap CI
───────────────────────────────────────────────────────

  Bootstrap 95% CI — CrossAttn  (n_boot=2000)
  Metric         Estimate   95% CI Lower   95% CI Upper
  ----------------------------------------------------
  AUC-ROC          0.8754         0.7900         0.9408
  AUPRC            0.5892         0.3742         0.7982
  Brier            0.2240         0.2077         0.2399
  Accuracy         0.5640         0.4884         0.6395
  F1               0.3478         0.2342         0.4602
  [M2/focal/crop80/scale_clinic] Saving figures ...

Saved (model 2 (crop80, focal)):
  연구코드/results/ok/model_2\focal\aec128\crop80/data_distribution.png
  연구코드/results/ok/model_2\focal\aec128\crop80/cv_roc_curves.png
  연구코드/results/ok/model_2\focal\aec128\crop80/cv_metric_distribution.png
  연구코드/results/ok/model_2\focal\aec128\crop80/training_curves.png
  연구코드/results/ok/model_2\focal\aec128\crop80/test_roc_curves.png
  연구코드/results/ok/model_2\focal\aec128\crop80/test_roc_by_sex.png
  연구코드/results/ok/model_2\focal\aec128\crop80/confusion_matrices.png
  연구코드/results/ok/model_2\focal\aec128\crop80/calibration.png
  연구코드/results/ok/model_2\focal\aec128\crop80/results.md
  [M2/focal/crop80/scale_clinic] Plotting attention maps ...
  연구코드/results/ok/model_2\focal\aec128\crop80/attention_map_c2a.png
  연구코드/results/ok/model_2\focal\aec128\crop80/attention_heatmap.png
  [M2/focal/crop80/scale_clinic] Done.

############################################################
  [M2 crop60] CASE : scale_clinic  (scale_clinic=True, loss=focal)
############################################################
  [M2/focal/crop60/scale_clinic] Cross-validating CrossAttn ...
=======================================================
5-Fold CV  [CrossAttn | scale_clin=True, scale_aec=False]
=======================================================

── Fold 1/5 ──────────────────────────────
  CA   — AUC: 0.7910  AUPRC: 0.3762  Brier: 0.1375  Acc: 0.7754  F1: 0.4561  (best ep=54, thresh=0.424)

── Fold 2/5 ──────────────────────────────
  CA   — AUC: 0.8284  AUPRC: 0.3677  Brier: 0.1955  Acc: 0.7174  F1: 0.4507  (best ep=7, thresh=0.490)

── Fold 3/5 ──────────────────────────────
  CA   — AUC: 0.8192  AUPRC: 0.3627  Brier: 0.1646  Acc: 0.6569  F1: 0.3896  (best ep=17, thresh=0.455)

── Fold 4/5 ──────────────────────────────
  CA   — AUC: 0.7960  AUPRC: 0.4495  Brier: 0.2018  Acc: 0.6715  F1: 0.3836  (best ep=25, thresh=0.535)

── Fold 5/5 ──────────────────────────────
  CA   — AUC: 0.7965  AUPRC: 0.2760  Brier: 0.2137  Acc: 0.5547  F1: 0.3441  (best ep=7, thresh=0.456)

===========================================================================
CrossAttn  —  5-Fold CV Summary
===========================================================================
  Fold      AUC-ROC      AUPRC      Brier   Accuracy         F1
  ----------------------------------------------------------
  1          0.7910     0.3762     0.1375     0.7754     0.4561
  2          0.8284     0.3677     0.1955     0.7174     0.4507
  3          0.8192     0.3627     0.1646     0.6569     0.3896
  4          0.7960     0.4495     0.2018     0.6715     0.3836
  5          0.7965     0.2760     0.2137     0.5547     0.3441
  ──────────────────────────────────────────────────────────
  Mean       0.8062     0.3664     0.1826     0.6752     0.4048
  ±Std       0.0148     0.0551     0.0278     0.0730     0.0427
  [M2/focal/crop60/scale_clinic] Evaluating on test set (med_epoch=17, thresh=0.456) ...

=======================================================
CrossAttn Test Evaluation  (scale_clin=True, scale_aec=False, threshold=0.456)
=======================================================
CrossAttn — training final model for 17 epochs on full CV set …

CrossAttn — Test Set (Overall):
  AUC: 0.8764  AUPRC: 0.5913  Brier: 0.1884  Acc: 0.6163  F1: 0.3774

CrossAttn — Test Set (By Sex):
  [M] n=71  AUC: 0.8788  AUPRC: 0.7145  Brier: 0.2148  Acc: 0.5775  F1: 0.4231
              precision    recall  f1-score   support

      Normal       1.00      0.50      0.67        60
  Sarcopenia       0.27      1.00      0.42        11

    accuracy                           0.58        71
   macro avg       0.63      0.75      0.54        71
weighted avg       0.89      0.58      0.63        71

  [F] n=101  AUC: 0.8824  AUPRC: 0.5190  Brier: 0.1698  Acc: 0.6436  F1: 0.3333
              precision    recall  f1-score   support

      Normal       0.98      0.62      0.76        91
  Sarcopenia       0.20      0.90      0.33        10

    accuracy                           0.64       101
   macro avg       0.59      0.76      0.55       101
weighted avg       0.91      0.64      0.71       101


───────────────────────────────────────────────────────
Test Set — Bootstrap CI
───────────────────────────────────────────────────────

  Bootstrap 95% CI — CrossAttn  (n_boot=2000)
  Metric         Estimate   95% CI Lower   95% CI Upper
  ----------------------------------------------------
  AUC-ROC          0.8764         0.7949         0.9426
  AUPRC            0.5913         0.3815         0.7724
  Brier            0.1884         0.1712         0.2060
  Accuracy         0.6163         0.5407         0.6919
  F1               0.3774         0.2529         0.4912
  [M2/focal/crop60/scale_clinic] Saving figures ...

Saved (model 2 (crop60, focal)):
  연구코드/results/ok/model_2\focal\aec128\crop60/data_distribution.png
  연구코드/results/ok/model_2\focal\aec128\crop60/cv_roc_curves.png
  연구코드/results/ok/model_2\focal\aec128\crop60/cv_metric_distribution.png
  연구코드/results/ok/model_2\focal\aec128\crop60/training_curves.png
  연구코드/results/ok/model_2\focal\aec128\crop60/test_roc_curves.png
  연구코드/results/ok/model_2\focal\aec128\crop60/test_roc_by_sex.png
  연구코드/results/ok/model_2\focal\aec128\crop60/confusion_matrices.png
  연구코드/results/ok/model_2\focal\aec128\crop60/calibration.png
  연구코드/results/ok/model_2\focal\aec128\crop60/results.md
  [M2/focal/crop60/scale_clinic] Plotting attention maps ...
  연구코드/results/ok/model_2\focal\aec128\crop60/attention_map_c2a.png
  연구코드/results/ok/model_2\focal\aec128\crop60/attention_heatmap.png
  [M2/focal/crop60/scale_clinic] Done.
