============================================================
  MODEL 2_2 — Clinic + AEC Unmatched (aec128)  (5 AEC variants)
============================================================

############################################################
  [M2_2 len128]  (scale_clinic=True, scale_aec=True)
############################################################
  [M2_2/len128] Cross-validating CrossAttn ...
=======================================================
5-Fold CV  [CrossAttn | scale_clin=True, scale_aec=True]
=======================================================

── Fold 1/5 ──────────────────────────────
  CA   — AUC: 0.7992  AUPRC: 0.3528  Brier: 0.1228  Acc: 0.7246  F1: 0.4242  (best ep=154, thresh=0.096)

── Fold 2/5 ──────────────────────────────
  CA   — AUC: 0.8240  AUPRC: 0.4382  Brier: 0.1731  Acc: 0.7319  F1: 0.4478  (best ep=49, thresh=0.473)

── Fold 3/5 ──────────────────────────────
  CA   — AUC: 0.8197  AUPRC: 0.3811  Brier: 0.1441  Acc: 0.7518  F1: 0.4333  (best ep=52, thresh=0.477)

── Fold 4/5 ──────────────────────────────
  CA   — AUC: 0.8218  AUPRC: 0.5063  Brier: 0.1693  Acc: 0.8540  F1: 0.5238  (best ep=75, thresh=0.661)

── Fold 5/5 ──────────────────────────────
  CA   — AUC: 0.8357  AUPRC: 0.3236  Brier: 0.1910  Acc: 0.7372  F1: 0.4545  (best ep=9, thresh=0.480)

===========================================================================
CrossAttn  —  5-Fold CV Summary
===========================================================================
  Fold      AUC-ROC      AUPRC      Brier   Accuracy         F1
  ----------------------------------------------------------
  1          0.7992     0.3528     0.1228     0.7246     0.4242
  2          0.8240     0.4382     0.1731     0.7319     0.4478
  3          0.8197     0.3811     0.1441     0.7518     0.4333
  4          0.8218     0.5063     0.1693     0.8540     0.5238
  5          0.8357     0.3236     0.1910     0.7372     0.4545
  ──────────────────────────────────────────────────────────
  Mean       0.8201     0.4004     0.1600     0.7599     0.4567
  ±Std       0.0118     0.0651     0.0239     0.0479     0.0352
  [M2_2/len128] Evaluating on test set (med_epoch=52, thresh=0.477) ...

=======================================================
CrossAttn Test Evaluation  (scale_clin=True, scale_aec=True, threshold=0.477)
=======================================================
CrossAttn — training final model for 52 epochs on full CV set …

CrossAttn — Test Set (Overall):
  AUC: 0.8013  AUPRC: 0.4094  Brier: 0.1397  Acc: 0.7558  F1: 0.3824

CrossAttn — Test Set (By Sex):
  [M] n=71  AUC: 0.8333  AUPRC: 0.5944  Brier: 0.1621  Acc: 0.6901  F1: 0.4500
              precision    recall  f1-score   support

      Normal       0.95      0.67      0.78        60
  Sarcopenia       0.31      0.82      0.45        11

    accuracy                           0.69        71
   macro avg       0.63      0.74      0.62        71
weighted avg       0.85      0.69      0.73        71

  [F] n=101  AUC: 0.7934  AUPRC: 0.2637  Brier: 0.1239  Acc: 0.8020  F1: 0.2857
              precision    recall  f1-score   support

      Normal       0.93      0.85      0.89        91
  Sarcopenia       0.22      0.40      0.29        10

    accuracy                           0.80       101
   macro avg       0.57      0.62      0.59       101
weighted avg       0.86      0.80      0.83       101


───────────────────────────────────────────────────────
Test Set — Bootstrap CI
───────────────────────────────────────────────────────

  Bootstrap 95% CI — CrossAttn  (n_boot=2000)
  Metric         Estimate   95% CI Lower   95% CI Upper
  ----------------------------------------------------
  AUC-ROC          0.8013         0.6931         0.8955
  AUPRC            0.4094         0.2229         0.6181
  Brier            0.1397         0.1092         0.1721
  Accuracy         0.7558         0.6860         0.8198
  F1               0.3824         0.2222         0.5231
  [M2_2/len128] Saving figures ...

Saved (model 2_2 (len128, unmatched)):
  연구코드/results/0529/t12_pubis/model_2_2\aec128\len128/data_distribution.png
  연구코드/results/0529/t12_pubis/model_2_2\aec128\len128/cv_roc_curves.png
  연구코드/results/0529/t12_pubis/model_2_2\aec128\len128/cv_metric_distribution.png
  연구코드/results/0529/t12_pubis/model_2_2\aec128\len128/training_curves.png
  연구코드/results/0529/t12_pubis/model_2_2\aec128\len128/test_roc_curves.png
  연구코드/results/0529/t12_pubis/model_2_2\aec128\len128/test_roc_by_sex.png
  연구코드/results/0529/t12_pubis/model_2_2\aec128\len128/confusion_matrices.png
  연구코드/results/0529/t12_pubis/model_2_2\aec128\len128/calibration.png
  연구코드/results/0529/t12_pubis/model_2_2\aec128\len128/results.md
  [M2_2/len128] Plotting attention maps ...
  연구코드/results/0529/t12_pubis/model_2_2\aec128\len128/attention_map_c2a.png
  연구코드/results/0529/t12_pubis/model_2_2\aec128\len128/attention_heatmap_c2a.png
  연구코드/results/0529/t12_pubis/model_2_2\aec128\len128/attention_map_a2c.png
  연구코드/results/0529/t12_pubis/model_2_2\aec128\len128/attention_heatmap_a2c.png
  [M2_2/len128] Plotting Grad-CAM ...
  연구코드/results/0529/t12_pubis/model_2_2\aec128\len128/cam_aec_mean.png
  연구코드/results/0529/t12_pubis/model_2_2\aec128\len128/cam_aec_lines.png
  연구코드/results/0529/t12_pubis/model_2_2\aec128\len128/cam_aec_heatmap.png
  [M2_2/len128] Done.

############################################################
  [M2_2 norm]  (scale_clinic=True, scale_aec=True)
############################################################
  [M2_2/norm] Cross-validating CrossAttn ...
=======================================================
5-Fold CV  [CrossAttn | scale_clin=True, scale_aec=True]
=======================================================

── Fold 1/5 ──────────────────────────────
  CA   — AUC: 0.8342  AUPRC: 0.4178  Brier: 0.1114  Acc: 0.8333  F1: 0.5306  (best ep=11, thresh=0.382)

── Fold 2/5 ──────────────────────────────
  CA   — AUC: 0.7715  AUPRC: 0.3106  Brier: 0.1847  Acc: 0.7174  F1: 0.4179  (best ep=185, thresh=0.223)

── Fold 3/5 ──────────────────────────────
  CA   — AUC: 0.8590  AUPRC: 0.5126  Brier: 0.1840  Acc: 0.7591  F1: 0.4590  (best ep=14, thresh=0.597)

── Fold 4/5 ──────────────────────────────
  CA   — AUC: 0.8275  AUPRC: 0.3797  Brier: 0.1652  Acc: 0.7518  F1: 0.4333  (best ep=29, thresh=0.572)

── Fold 5/5 ──────────────────────────────
  CA   — AUC: 0.8239  AUPRC: 0.2895  Brier: 0.1576  Acc: 0.7080  F1: 0.4286  (best ep=18, thresh=0.344)

===========================================================================
CrossAttn  —  5-Fold CV Summary
===========================================================================
  Fold      AUC-ROC      AUPRC      Brier   Accuracy         F1
  ----------------------------------------------------------
  1          0.8342     0.4178     0.1114     0.8333     0.5306
  2          0.7715     0.3106     0.1847     0.7174     0.4179
  3          0.8590     0.5126     0.1840     0.7591     0.4590
  4          0.8275     0.3797     0.1652     0.7518     0.4333
  5          0.8239     0.2895     0.1576     0.7080     0.4286
  ──────────────────────────────────────────────────────────
  Mean       0.8232     0.3820     0.1606     0.7539     0.4539
  ±Std       0.0286     0.0800     0.0268     0.0442     0.0407
  [M2_2/norm] Evaluating on test set (med_epoch=18, thresh=0.382) ...

=======================================================
CrossAttn Test Evaluation  (scale_clin=True, scale_aec=True, threshold=0.382)
=======================================================
CrossAttn — training final model for 18 epochs on full CV set …

CrossAttn — Test Set (Overall):
  AUC: 0.8496  AUPRC: 0.5209  Brier: 0.1879  Acc: 0.6221  F1: 0.3689

CrossAttn — Test Set (By Sex):
  [M] n=71  AUC: 0.8894  AUPRC: 0.6649  Brier: 0.2437  Acc: 0.5211  F1: 0.3929
              precision    recall  f1-score   support

      Normal       1.00      0.43      0.60        60
  Sarcopenia       0.24      1.00      0.39        11

    accuracy                           0.52        71
   macro avg       0.62      0.72      0.50        71
weighted avg       0.88      0.52      0.57        71

  [F] n=101  AUC: 0.8242  AUPRC: 0.3567  Brier: 0.1487  Acc: 0.6931  F1: 0.3404
              precision    recall  f1-score   support

      Normal       0.97      0.68      0.80        91
  Sarcopenia       0.22      0.80      0.34        10

    accuracy                           0.69       101
   macro avg       0.59      0.74      0.57       101
weighted avg       0.89      0.69      0.75       101


───────────────────────────────────────────────────────
Test Set — Bootstrap CI
───────────────────────────────────────────────────────

  Bootstrap 95% CI — CrossAttn  (n_boot=2000)
  Metric         Estimate   95% CI Lower   95% CI Upper
  ----------------------------------------------------
  AUC-ROC          0.8496         0.7428         0.9346
  AUPRC            0.5209         0.3260         0.7236
  Brier            0.1879         0.1529         0.2245
  Accuracy         0.6221         0.5465         0.6919
  F1               0.3689         0.2418         0.4828
  [M2_2/norm] Saving figures ...

Saved (model 2_2 (norm, unmatched)):
  연구코드/results/0529/t12_pubis/model_2_2\aec128\norm/data_distribution.png
  연구코드/results/0529/t12_pubis/model_2_2\aec128\norm/cv_roc_curves.png
  연구코드/results/0529/t12_pubis/model_2_2\aec128\norm/cv_metric_distribution.png
  연구코드/results/0529/t12_pubis/model_2_2\aec128\norm/training_curves.png
  연구코드/results/0529/t12_pubis/model_2_2\aec128\norm/test_roc_curves.png
  연구코드/results/0529/t12_pubis/model_2_2\aec128\norm/test_roc_by_sex.png
  연구코드/results/0529/t12_pubis/model_2_2\aec128\norm/confusion_matrices.png
  연구코드/results/0529/t12_pubis/model_2_2\aec128\norm/calibration.png
  연구코드/results/0529/t12_pubis/model_2_2\aec128\norm/results.md
  [M2_2/norm] Plotting attention maps ...
  연구코드/results/0529/t12_pubis/model_2_2\aec128\norm/attention_map_c2a.png
  연구코드/results/0529/t12_pubis/model_2_2\aec128\norm/attention_heatmap_c2a.png
  연구코드/results/0529/t12_pubis/model_2_2\aec128\norm/attention_map_a2c.png
  연구코드/results/0529/t12_pubis/model_2_2\aec128\norm/attention_heatmap_a2c.png
  [M2_2/norm] Plotting Grad-CAM ...
  연구코드/results/0529/t12_pubis/model_2_2\aec128\norm/cam_aec_mean.png
  연구코드/results/0529/t12_pubis/model_2_2\aec128\norm/cam_aec_lines.png
  연구코드/results/0529/t12_pubis/model_2_2\aec128\norm/cam_aec_heatmap.png
  [M2_2/norm] Done.

############################################################
  [M2_2 crop80]  (scale_clinic=True, scale_aec=True)
############################################################
  [M2_2/crop80] Cross-validating CrossAttn ...
=======================================================
5-Fold CV  [CrossAttn | scale_clin=True, scale_aec=True]
=======================================================

── Fold 1/5 ──────────────────────────────
  CA   — AUC: 0.8051  AUPRC: 0.3384  Brier: 0.1492  Acc: 0.6087  F1: 0.3864  (best ep=37, thresh=0.211)

── Fold 2/5 ──────────────────────────────
  CA   — AUC: 0.8036  AUPRC: 0.4155  Brier: 0.1887  Acc: 0.7609  F1: 0.4407  (best ep=137, thresh=0.630)

── Fold 3/5 ──────────────────────────────
  CA   — AUC: 0.8595  AUPRC: 0.4135  Brier: 0.2142  Acc: 0.7226  F1: 0.4412  (best ep=6, thresh=0.609)

── Fold 4/5 ──────────────────────────────
  CA   — AUC: 0.8631  AUPRC: 0.5346  Brier: 0.2067  Acc: 0.8978  F1: 0.6500  (best ep=106, thresh=0.748)

── Fold 5/5 ──────────────────────────────
  CA   — AUC: 0.8543  AUPRC: 0.3533  Brier: 0.2262  Acc: 0.6934  F1: 0.4324  (best ep=4, thresh=0.522)

===========================================================================
CrossAttn  —  5-Fold CV Summary
===========================================================================
  Fold      AUC-ROC      AUPRC      Brier   Accuracy         F1
  ----------------------------------------------------------
  1          0.8051     0.3384     0.1492     0.6087     0.3864
  2          0.8036     0.4155     0.1887     0.7609     0.4407
  3          0.8595     0.4135     0.2142     0.7226     0.4412
  4          0.8631     0.5346     0.2067     0.8978     0.6500
  5          0.8543     0.3533     0.2262     0.6934     0.4324
  ──────────────────────────────────────────────────────────
  Mean       0.8371     0.4111     0.1970     0.7367     0.4701
  ±Std       0.0269     0.0692     0.0268     0.0949     0.0922
  [M2_2/crop80] Evaluating on test set (med_epoch=37, thresh=0.609) ...

=======================================================
CrossAttn Test Evaluation  (scale_clin=True, scale_aec=True, threshold=0.609)
=======================================================
CrossAttn — training final model for 37 epochs on full CV set …

CrossAttn — Test Set (Overall):
  AUC: 0.8155  AUPRC: 0.3587  Brier: 0.1997  Acc: 0.7616  F1: 0.4384

CrossAttn — Test Set (By Sex):
  [M] n=71  AUC: 0.8167  AUPRC: 0.4648  Brier: 0.2418  Acc: 0.7183  F1: 0.4737
              precision    recall  f1-score   support

      Normal       0.95      0.70      0.81        60
  Sarcopenia       0.33      0.82      0.47        11

    accuracy                           0.72        71
   macro avg       0.64      0.76      0.64        71
weighted avg       0.86      0.72      0.76        71

  [F] n=101  AUC: 0.8088  AUPRC: 0.2474  Brier: 0.1701  Acc: 0.7921  F1: 0.4000
              precision    recall  f1-score   support

      Normal       0.96      0.80      0.87        91
  Sarcopenia       0.28      0.70      0.40        10

    accuracy                           0.79       101
   macro avg       0.62      0.75      0.64       101
weighted avg       0.89      0.79      0.83       101


───────────────────────────────────────────────────────
Test Set — Bootstrap CI
───────────────────────────────────────────────────────

  Bootstrap 95% CI — CrossAttn  (n_boot=2000)
  Metric         Estimate   95% CI Lower   95% CI Upper
  ----------------------------------------------------
  AUC-ROC          0.8155         0.7286         0.8915
  AUPRC            0.3587         0.2004         0.5581
  Brier            0.1997         0.1621         0.2413
  Accuracy         0.7616         0.6977         0.8256
  F1               0.4384         0.2899         0.5753
  [M2_2/crop80] Saving figures ...

Saved (model 2_2 (crop80, unmatched)):
  연구코드/results/0529/t12_pubis/model_2_2\aec128\crop80/data_distribution.png
  연구코드/results/0529/t12_pubis/model_2_2\aec128\crop80/cv_roc_curves.png
  연구코드/results/0529/t12_pubis/model_2_2\aec128\crop80/cv_metric_distribution.png
  연구코드/results/0529/t12_pubis/model_2_2\aec128\crop80/training_curves.png
  연구코드/results/0529/t12_pubis/model_2_2\aec128\crop80/test_roc_curves.png
  연구코드/results/0529/t12_pubis/model_2_2\aec128\crop80/test_roc_by_sex.png
  연구코드/results/0529/t12_pubis/model_2_2\aec128\crop80/confusion_matrices.png
  연구코드/results/0529/t12_pubis/model_2_2\aec128\crop80/calibration.png
  연구코드/results/0529/t12_pubis/model_2_2\aec128\crop80/results.md
  [M2_2/crop80] Plotting attention maps ...
  연구코드/results/0529/t12_pubis/model_2_2\aec128\crop80/attention_map_c2a.png
  연구코드/results/0529/t12_pubis/model_2_2\aec128\crop80/attention_heatmap_c2a.png
  연구코드/results/0529/t12_pubis/model_2_2\aec128\crop80/attention_map_a2c.png
  연구코드/results/0529/t12_pubis/model_2_2\aec128\crop80/attention_heatmap_a2c.png
  [M2_2/crop80] Plotting Grad-CAM ...
  연구코드/results/0529/t12_pubis/model_2_2\aec128\crop80/cam_aec_mean.png
  연구코드/results/0529/t12_pubis/model_2_2\aec128\crop80/cam_aec_lines.png
  연구코드/results/0529/t12_pubis/model_2_2\aec128\crop80/cam_aec_heatmap.png
  [M2_2/crop80] Done.

############################################################
  [M2_2 crop60]  (scale_clinic=True, scale_aec=True)
############################################################
  [M2_2/crop60] Cross-validating CrossAttn ...
=======================================================
5-Fold CV  [CrossAttn | scale_clin=True, scale_aec=True]
=======================================================

── Fold 1/5 ──────────────────────────────
  CA   — AUC: 0.8342  AUPRC: 0.4413  Brier: 0.1352  Acc: 0.7681  F1: 0.4667  (best ep=108, thresh=0.361)

── Fold 2/5 ──────────────────────────────
  CA   — AUC: 0.8036  AUPRC: 0.4345  Brier: 0.1925  Acc: 0.6739  F1: 0.4156  (best ep=35, thresh=0.364)

── Fold 3/5 ──────────────────────────────
  CA   — AUC: 0.8342  AUPRC: 0.3884  Brier: 0.1602  Acc: 0.8029  F1: 0.4906  (best ep=42, thresh=0.581)

── Fold 4/5 ──────────────────────────────
  CA   — AUC: 0.8285  AUPRC: 0.5087  Brier: 0.1930  Acc: 0.7445  F1: 0.4444  (best ep=124, thresh=0.649)

── Fold 5/5 ──────────────────────────────
  CA   — AUC: 0.8425  AUPRC: 0.3527  Brier: 0.2307  Acc: 0.7299  F1: 0.4638  (best ep=5, thresh=0.532)

===========================================================================
CrossAttn  —  5-Fold CV Summary
===========================================================================
  Fold      AUC-ROC      AUPRC      Brier   Accuracy         F1
  ----------------------------------------------------------
  1          0.8342     0.4413     0.1352     0.7681     0.4667
  2          0.8036     0.4345     0.1925     0.6739     0.4156
  3          0.8342     0.3884     0.1602     0.8029     0.4906
  4          0.8285     0.5087     0.1930     0.7445     0.4444
  5          0.8425     0.3527     0.2307     0.7299     0.4638
  ──────────────────────────────────────────────────────────
  Mean       0.8286     0.4251     0.1823     0.7439     0.4562
  ±Std       0.0133     0.0528     0.0324     0.0428     0.0250
  [M2_2/crop60] Evaluating on test set (med_epoch=42, thresh=0.532) ...

=======================================================
CrossAttn Test Evaluation  (scale_clin=True, scale_aec=True, threshold=0.532)
=======================================================
CrossAttn — training final model for 42 epochs on full CV set …

CrossAttn — Test Set (Overall):
  AUC: 0.8187  AUPRC: 0.4115  Brier: 0.2304  Acc: 0.7093  F1: 0.4318

CrossAttn — Test Set (By Sex):
  [M] n=71  AUC: 0.8227  AUPRC: 0.5281  Brier: 0.2819  Acc: 0.6197  F1: 0.4255
              precision    recall  f1-score   support

      Normal       0.97      0.57      0.72        60
  Sarcopenia       0.28      0.91      0.43        11

    accuracy                           0.62        71
   macro avg       0.62      0.74      0.57        71
weighted avg       0.86      0.62      0.67        71

  [F] n=101  AUC: 0.8022  AUPRC: 0.2641  Brier: 0.1943  Acc: 0.7723  F1: 0.4390
              precision    recall  f1-score   support

      Normal       0.99      0.76      0.86        91
  Sarcopenia       0.29      0.90      0.44        10

    accuracy                           0.77       101
   macro avg       0.64      0.83      0.65       101
weighted avg       0.92      0.77      0.82       101


───────────────────────────────────────────────────────
Test Set — Bootstrap CI
───────────────────────────────────────────────────────

  Bootstrap 95% CI — CrossAttn  (n_boot=2000)
  Metric         Estimate   95% CI Lower   95% CI Upper
  ----------------------------------------------------
  AUC-ROC          0.8187         0.7078         0.9059
  AUPRC            0.4115         0.2359         0.6134
  Brier            0.2304         0.1899         0.2741
  Accuracy         0.7093         0.6394         0.7733
  F1               0.4318         0.2963         0.5582
  [M2_2/crop60] Saving figures ...

Saved (model 2_2 (crop60, unmatched)):
  연구코드/results/0529/t12_pubis/model_2_2\aec128\crop60/data_distribution.png
  연구코드/results/0529/t12_pubis/model_2_2\aec128\crop60/cv_roc_curves.png
  연구코드/results/0529/t12_pubis/model_2_2\aec128\crop60/cv_metric_distribution.png
  연구코드/results/0529/t12_pubis/model_2_2\aec128\crop60/training_curves.png
  연구코드/results/0529/t12_pubis/model_2_2\aec128\crop60/test_roc_curves.png
  연구코드/results/0529/t12_pubis/model_2_2\aec128\crop60/test_roc_by_sex.png
  연구코드/results/0529/t12_pubis/model_2_2\aec128\crop60/confusion_matrices.png
  연구코드/results/0529/t12_pubis/model_2_2\aec128\crop60/calibration.png
  연구코드/results/0529/t12_pubis/model_2_2\aec128\crop60/results.md
  [M2_2/crop60] Plotting attention maps ...
  연구코드/results/0529/t12_pubis/model_2_2\aec128\crop60/attention_map_c2a.png
  연구코드/results/0529/t12_pubis/model_2_2\aec128\crop60/attention_heatmap_c2a.png
  연구코드/results/0529/t12_pubis/model_2_2\aec128\crop60/attention_map_a2c.png
  연구코드/results/0529/t12_pubis/model_2_2\aec128\crop60/attention_heatmap_a2c.png
  [M2_2/crop60] Plotting Grad-CAM ...
  연구코드/results/0529/t12_pubis/model_2_2\aec128\crop60/cam_aec_mean.png
  연구코드/results/0529/t12_pubis/model_2_2\aec128\crop60/cam_aec_lines.png
  연구코드/results/0529/t12_pubis/model_2_2\aec128\crop60/cam_aec_heatmap.png
  [M2_2/crop60] Done.

############################################################
  [M2_2 excl_extreme]  (scale_clinic=True, scale_aec=True)
############################################################
  [M2_2/excl_extreme] Cross-validating CrossAttn ...
=======================================================
5-Fold CV  [CrossAttn | scale_clin=True, scale_aec=True]
=======================================================

── Fold 1/5 ──────────────────────────────
  CA   — AUC: 0.8024  AUPRC: 0.3420  Brier: 0.1872  Acc: 0.5565  F1: 0.3529  (best ep=74, thresh=0.094)

── Fold 2/5 ──────────────────────────────
  CA   — AUC: 0.8618  AUPRC: 0.6022  Brier: 0.1451  Acc: 0.8629  F1: 0.5854  (best ep=155, thresh=0.682)

── Fold 3/5 ──────────────────────────────
  CA   — AUC: 0.9080  AUPRC: 0.5380  Brier: 0.1046  Acc: 0.8211  F1: 0.5600  (best ep=161, thresh=0.403)

── Fold 4/5 ──────────────────────────────
  CA   — AUC: 0.8198  AUPRC: 0.4086  Brier: 0.2454  Acc: 0.8374  F1: 0.5000  (best ep=4, thresh=0.701)

── Fold 5/5 ──────────────────────────────
  CA   — AUC: 0.6926  AUPRC: 0.2901  Brier: 0.2556  Acc: 0.6911  F1: 0.3448  (best ep=10, thresh=0.642)

===========================================================================
CrossAttn  —  5-Fold CV Summary
===========================================================================
  Fold      AUC-ROC      AUPRC      Brier   Accuracy         F1
  ----------------------------------------------------------
  1          0.8024     0.3420     0.1872     0.5565     0.3529
  2          0.8618     0.6022     0.1451     0.8629     0.5854
  3          0.9080     0.5380     0.1046     0.8211     0.5600
  4          0.8198     0.4086     0.2454     0.8374     0.5000
  5          0.6926     0.2901     0.2556     0.6911     0.3448
  ──────────────────────────────────────────────────────────
  Mean       0.8169     0.4362     0.1876     0.7538     0.4686
  ±Std       0.0721     0.1174     0.0577     0.1152     0.1017
  [M2_2/excl_extreme] Evaluating on test set (med_epoch=74, thresh=0.642) ...

=======================================================
CrossAttn Test Evaluation  (scale_clin=True, scale_aec=True, threshold=0.642)
=======================================================
CrossAttn — training final model for 74 epochs on full CV set …

CrossAttn — Test Set (Overall):
  AUC: 0.8184  AUPRC: 0.3779  Brier: 0.1690  Acc: 0.8182  F1: 0.4167

CrossAttn — Test Set (By Sex):
  [M] n=63  AUC: 0.8477  AUPRC: 0.4764  Brier: 0.1933  Acc: 0.7937  F1: 0.4348
              precision    recall  f1-score   support

      Normal       0.94      0.82      0.87        55
  Sarcopenia       0.33      0.62      0.43         8

    accuracy                           0.79        63
   macro avg       0.64      0.72      0.65        63
weighted avg       0.86      0.79      0.82        63

  [F] n=91  AUC: 0.8022  AUPRC: 0.3233  Brier: 0.1522  Acc: 0.8352  F1: 0.4000
              precision    recall  f1-score   support

      Normal       0.95      0.87      0.90        82
  Sarcopenia       0.31      0.56      0.40         9

    accuracy                           0.84        91
   macro avg       0.63      0.71      0.65        91
weighted avg       0.88      0.84      0.85        91


───────────────────────────────────────────────────────
Test Set — Bootstrap CI
───────────────────────────────────────────────────────

  Bootstrap 95% CI — CrossAttn  (n_boot=2000)
  Metric         Estimate   95% CI Lower   95% CI Upper
  ----------------------------------------------------
  AUC-ROC          0.8184         0.7036         0.9126
  AUPRC            0.3779         0.2068         0.6230
  Brier            0.1690         0.1345         0.2067
  Accuracy         0.8182         0.7532         0.8766
  F1               0.4167         0.2222         0.5819
  [M2_2/excl_extreme] Saving figures ...

Saved (model 2_2 (excl_extreme, unmatched)):
  연구코드/results/0529/t12_pubis/model_2_2\aec128\excl_extreme/data_distribution.png
  연구코드/results/0529/t12_pubis/model_2_2\aec128\excl_extreme/cv_roc_curves.png
  연구코드/results/0529/t12_pubis/model_2_2\aec128\excl_extreme/cv_metric_distribution.png
  연구코드/results/0529/t12_pubis/model_2_2\aec128\excl_extreme/training_curves.png
  연구코드/results/0529/t12_pubis/model_2_2\aec128\excl_extreme/test_roc_curves.png
  연구코드/results/0529/t12_pubis/model_2_2\aec128\excl_extreme/test_roc_by_sex.png
  연구코드/results/0529/t12_pubis/model_2_2\aec128\excl_extreme/confusion_matrices.png
  연구코드/results/0529/t12_pubis/model_2_2\aec128\excl_extreme/calibration.png
  연구코드/results/0529/t12_pubis/model_2_2\aec128\excl_extreme/results.md
  [M2_2/excl_extreme] Plotting attention maps ...
  연구코드/results/0529/t12_pubis/model_2_2\aec128\excl_extreme/attention_map_c2a.png
  연구코드/results/0529/t12_pubis/model_2_2\aec128\excl_extreme/attention_heatmap_c2a.png
  연구코드/results/0529/t12_pubis/model_2_2\aec128\excl_extreme/attention_map_a2c.png
  연구코드/results/0529/t12_pubis/model_2_2\aec128\excl_extreme/attention_heatmap_a2c.png
  [M2_2/excl_extreme] Plotting Grad-CAM ...
  연구코드/results/0529/t12_pubis/model_2_2\aec128\excl_extreme/cam_aec_mean.png
  연구코드/results/0529/t12_pubis/model_2_2\aec128\excl_extreme/cam_aec_lines.png
  연구코드/results/0529/t12_pubis/model_2_2\aec128\excl_extreme/cam_aec_heatmap.png
  [M2_2/excl_extreme] Done.
