============================================================
  MODEL 5 — Clinic + AEC Hand-crafted Features (CrossAttn)  (3 AEC variants)
============================================================

############################################################
  [M5 raw]  (scale_mode=none)
############################################################
  [M5/raw] Cross-validating CrossAttn-Feat ...
=======================================================
5-Fold CV  [CrossAttn-Feat | scale_aec=column]
=======================================================

── Fold 1/5 ──────────────────────────────
  Cros — AUC: 0.8227  AUPRC: 0.3499  Brier: 0.2612  Acc: 0.6339  F1: 0.3619  (best ep=309, thresh=0.516)

── Fold 2/5 ──────────────────────────────
  Cros — AUC: 0.8646  AUPRC: 0.5626  Brier: 0.2501  Acc: 0.7760  F1: 0.4533  (best ep=100, thresh=0.593)

── Fold 3/5 ──────────────────────────────
  Cros — AUC: 0.7567  AUPRC: 0.3256  Brier: 0.2697  Acc: 0.6393  F1: 0.3265  (best ep=422, thresh=0.544)

── Fold 4/5 ──────────────────────────────
  Cros — AUC: 0.7798  AUPRC: 0.3860  Brier: 0.2330  Acc: 0.6175  F1: 0.3269  (best ep=384, thresh=0.464)

── Fold 5/5 ──────────────────────────────
  Cros — AUC: 0.8179  AUPRC: 0.4127  Brier: 0.2494  Acc: 0.7527  F1: 0.4156  (best ep=134, thresh=0.606)

===========================================================================
CrossAttn-Feat  —  5-Fold CV Summary
===========================================================================
  Fold      AUC-ROC      AUPRC      Brier   Accuracy         F1
  ----------------------------------------------------------
  1          0.8227     0.3499     0.2612     0.6339     0.3619
  2          0.8646     0.5626     0.2501     0.7760     0.4533
  3          0.7567     0.3256     0.2697     0.6393     0.3265
  4          0.7798     0.3860     0.2330     0.6175     0.3269
  5          0.8179     0.4127     0.2494     0.7527     0.4156
  ──────────────────────────────────────────────────────────
  Mean       0.8083     0.4074     0.2527     0.6839     0.3769
  ±Std       0.0372     0.0832     0.0124     0.0665     0.0502
  [M5/raw] Evaluating on test set (med_epoch=309, thresh=0.544) ...
CrossAttn-Feat — training final model for 309 epochs on full CV set …
  [CrossAttn-Feat] weights → C:\Users\jhjun\OneDrive\Desktop\대학원\results/0612_late_fusion/model_5\raw\M5_raw_weights.pt

CrossAttn-Feat — Test Set (Overall):  AUC: 0.8124  AUPRC: 0.3041  Brier: 0.2588  Acc: 0.6463  F1: 0.3520

CrossAttn-Feat — Test Set (By Sex):
  [M] n=82  AUC: 0.7280  AUPRC: 0.3319  Brier: 0.3096  Acc: 0.5854  F1: 0.3929
              precision    recall  f1-score   support

      Normal       0.95      0.54      0.69        69
  Sarcopenia       0.26      0.85      0.39        13

    accuracy                           0.59        82
   macro avg       0.60      0.69      0.54        82
weighted avg       0.84      0.59      0.64        82

  [F] n=147  AUC: 0.8322  AUPRC: 0.3335  Brier: 0.2304  Acc: 0.6803  F1: 0.3188
              precision    recall  f1-score   support

      Normal       1.00      0.65      0.79       136
  Sarcopenia       0.19      1.00      0.32        11

    accuracy                           0.68       147
   macro avg       0.59      0.83      0.55       147
weighted avg       0.94      0.68      0.76       147


───────────────────────────────────────────────────────
Test Set — Bootstrap CI
───────────────────────────────────────────────────────

  Bootstrap 95% CI — CrossAttn-Feat  (n_boot=2000)
  Metric         Estimate   95% CI Lower   95% CI Upper
  ----------------------------------------------------
  AUC-ROC          0.8124         0.7328         0.8822
  AUPRC            0.3041         0.1832         0.4764
  Brier            0.2588         0.2315         0.2839
  Accuracy         0.6463         0.5852         0.7074
  F1               0.3520         0.2376         0.4627
  [M5/raw] Saving figures ...

Saved (model 5 (raw)):
  C:\Users\jhjun\OneDrive\Desktop\대학원\results/0612_late_fusion/model_5\raw/data_distribution.png
  C:\Users\jhjun\OneDrive\Desktop\대학원\results/0612_late_fusion/model_5\raw/cv_roc_curves.png
  C:\Users\jhjun\OneDrive\Desktop\대학원\results/0612_late_fusion/model_5\raw/cv_metric_distribution.png
  C:\Users\jhjun\OneDrive\Desktop\대학원\results/0612_late_fusion/model_5\raw/training_curves.png
  C:\Users\jhjun\OneDrive\Desktop\대학원\results/0612_late_fusion/model_5\raw/test_roc_curves.png
  C:\Users\jhjun\OneDrive\Desktop\대학원\results/0612_late_fusion/model_5\raw/test_roc_by_sex.png
  C:\Users\jhjun\OneDrive\Desktop\대학원\results/0612_late_fusion/model_5\raw/confusion_matrices.png
  C:\Users\jhjun\OneDrive\Desktop\대학원\results/0612_late_fusion/model_5\raw/calibration.png
  C:\Users\jhjun\OneDrive\Desktop\대학원\results/0612_late_fusion/model_5\raw/results.md
  [M5/raw] Plotting attention maps ...
  C:\Users\jhjun\OneDrive\Desktop\대학원\results/0612_late_fusion/model_5\raw/attention_map_c2a.png
  C:\Users\jhjun\OneDrive\Desktop\대학원\results/0612_late_fusion/model_5\raw/attention_heatmap_c2a.png
  C:\Users\jhjun\OneDrive\Desktop\대학원\results/0612_late_fusion/model_5\raw/attention_map_a2c.png
  C:\Users\jhjun\OneDrive\Desktop\대학원\results/0612_late_fusion/model_5\raw/attention_heatmap_a2c.png
  [M5/raw] Done.

############################################################
  [M5 norm]  (scale_mode=none)
############################################################
  [M5/norm] Cross-validating CrossAttn-Feat ...
=======================================================
5-Fold CV  [CrossAttn-Feat | scale_aec=column]
=======================================================

── Fold 1/5 ──────────────────────────────
  Cros — AUC: 0.8153  AUPRC: 0.3439  Brier: 0.2515  Acc: 0.6885  F1: 0.3871  (best ep=408, thresh=0.559)

── Fold 2/5 ──────────────────────────────
  Cros — AUC: 0.8504  AUPRC: 0.5323  Brier: 0.2294  Acc: 0.8962  F1: 0.5957  (best ep=160, thresh=0.666)

── Fold 3/5 ──────────────────────────────
  Cros — AUC: 0.7657  AUPRC: 0.2786  Brier: 0.2749  Acc: 0.7104  F1: 0.3457  (best ep=417, thresh=0.641)

── Fold 4/5 ──────────────────────────────
  Cros — AUC: 0.7949  AUPRC: 0.3432  Brier: 0.2419  Acc: 0.8087  F1: 0.4615  (best ep=150, thresh=0.625)

── Fold 5/5 ──────────────────────────────
  Cros — AUC: 0.8237  AUPRC: 0.4187  Brier: 0.2468  Acc: 0.7418  F1: 0.4051  (best ep=119, thresh=0.614)

===========================================================================
CrossAttn-Feat  —  5-Fold CV Summary
===========================================================================
  Fold      AUC-ROC      AUPRC      Brier   Accuracy         F1
  ----------------------------------------------------------
  1          0.8153     0.3439     0.2515     0.6885     0.3871
  2          0.8504     0.5323     0.2294     0.8962     0.5957
  3          0.7657     0.2786     0.2749     0.7104     0.3457
  4          0.7949     0.3432     0.2419     0.8087     0.4615
  5          0.8237     0.4187     0.2468     0.7418     0.4051
  ──────────────────────────────────────────────────────────
  Mean       0.8100     0.3833     0.2489     0.7691     0.4390
  ±Std       0.0284     0.0867     0.0149     0.0754     0.0868
  [M5/norm] Evaluating on test set (med_epoch=160, thresh=0.625) ...
CrossAttn-Feat — training final model for 160 epochs on full CV set …
  [CrossAttn-Feat] weights → C:\Users\jhjun\OneDrive\Desktop\대학원\results/0612_late_fusion/model_5\norm\M5_norm_weights.pt

CrossAttn-Feat — Test Set (Overall):  AUC: 0.8173  AUPRC: 0.3304  Brier: 0.2624  Acc: 0.7074  F1: 0.3366

CrossAttn-Feat — Test Set (By Sex):
  [M] n=82  AUC: 0.7302  AUPRC: 0.3629  Brier: 0.3070  Acc: 0.6220  F1: 0.3922
              precision    recall  f1-score   support

      Normal       0.93      0.59      0.73        69
  Sarcopenia       0.26      0.77      0.39        13

    accuracy                           0.62        82
   macro avg       0.60      0.68      0.56        82
weighted avg       0.83      0.62      0.67        82

  [F] n=147  AUC: 0.8563  AUPRC: 0.4047  Brier: 0.2376  Acc: 0.7551  F1: 0.2800
              precision    recall  f1-score   support

      Normal       0.96      0.76      0.85       136
  Sarcopenia       0.18      0.64      0.28        11

    accuracy                           0.76       147
   macro avg       0.57      0.70      0.57       147
weighted avg       0.90      0.76      0.81       147


───────────────────────────────────────────────────────
Test Set — Bootstrap CI
───────────────────────────────────────────────────────

  Bootstrap 95% CI — CrossAttn-Feat  (n_boot=2000)
  Metric         Estimate   95% CI Lower   95% CI Upper
  ----------------------------------------------------
  AUC-ROC          0.8173         0.7368         0.8848
  AUPRC            0.3304         0.1942         0.5179
  Brier            0.2624         0.2362         0.2876
  Accuracy         0.7074         0.6463         0.7643
  F1               0.3366         0.2157         0.4490
  [M5/norm] Saving figures ...

Saved (model 5 (norm)):
  C:\Users\jhjun\OneDrive\Desktop\대학원\results/0612_late_fusion/model_5\norm/data_distribution.png
  C:\Users\jhjun\OneDrive\Desktop\대학원\results/0612_late_fusion/model_5\norm/cv_roc_curves.png
  C:\Users\jhjun\OneDrive\Desktop\대학원\results/0612_late_fusion/model_5\norm/cv_metric_distribution.png
  C:\Users\jhjun\OneDrive\Desktop\대학원\results/0612_late_fusion/model_5\norm/training_curves.png
  C:\Users\jhjun\OneDrive\Desktop\대학원\results/0612_late_fusion/model_5\norm/test_roc_curves.png
  C:\Users\jhjun\OneDrive\Desktop\대학원\results/0612_late_fusion/model_5\norm/test_roc_by_sex.png
  C:\Users\jhjun\OneDrive\Desktop\대학원\results/0612_late_fusion/model_5\norm/confusion_matrices.png
  C:\Users\jhjun\OneDrive\Desktop\대학원\results/0612_late_fusion/model_5\norm/calibration.png
  C:\Users\jhjun\OneDrive\Desktop\대학원\results/0612_late_fusion/model_5\norm/results.md
  [M5/norm] Plotting attention maps ...
  C:\Users\jhjun\OneDrive\Desktop\대학원\results/0612_late_fusion/model_5\norm/attention_map_c2a.png
  C:\Users\jhjun\OneDrive\Desktop\대학원\results/0612_late_fusion/model_5\norm/attention_heatmap_c2a.png
  C:\Users\jhjun\OneDrive\Desktop\대학원\results/0612_late_fusion/model_5\norm/attention_map_a2c.png
  C:\Users\jhjun\OneDrive\Desktop\대학원\results/0612_late_fusion/model_5\norm/attention_heatmap_a2c.png
  [M5/norm] Done.

############################################################
  [M5 global_zscore]  (scale_mode=global)
############################################################
  [M5/global_zscore] Cross-validating CrossAttn-Feat ...
=======================================================
5-Fold CV  [CrossAttn-Feat | scale_aec=column]
=======================================================

── Fold 1/5 ──────────────────────────────
  Cros — AUC: 0.8402  AUPRC: 0.4266  Brier: 0.2690  Acc: 0.7268  F1: 0.4186  (best ep=119, thresh=0.596)

── Fold 2/5 ──────────────────────────────
  Cros — AUC: 0.8585  AUPRC: 0.5148  Brier: 0.2208  Acc: 0.8251  F1: 0.5000  (best ep=165, thresh=0.622)

── Fold 3/5 ──────────────────────────────
  Cros — AUC: 0.7551  AUPRC: 0.2771  Brier: 0.2727  Acc: 0.5792  F1: 0.3063  (best ep=355, thresh=0.482)

── Fold 4/5 ──────────────────────────────
  Cros — AUC: 0.7770  AUPRC: 0.3367  Brier: 0.2367  Acc: 0.6557  F1: 0.3505  (best ep=169, thresh=0.475)

── Fold 5/5 ──────────────────────────────
  Cros — AUC: 0.8111  AUPRC: 0.3558  Brier: 0.2481  Acc: 0.7363  F1: 0.4000  (best ep=122, thresh=0.581)

===========================================================================
CrossAttn-Feat  —  5-Fold CV Summary
===========================================================================
  Fold      AUC-ROC      AUPRC      Brier   Accuracy         F1
  ----------------------------------------------------------
  1          0.8402     0.4266     0.2690     0.7268     0.4186
  2          0.8585     0.5148     0.2208     0.8251     0.5000
  3          0.7551     0.2771     0.2727     0.5792     0.3063
  4          0.7770     0.3367     0.2367     0.6557     0.3505
  5          0.8111     0.3558     0.2481     0.7363     0.4000
  ──────────────────────────────────────────────────────────
  Mean       0.8084     0.3822     0.2494     0.7046     0.3951
  ±Std       0.0383     0.0817     0.0195     0.0826     0.0655
  [M5/global_zscore] Evaluating on test set (med_epoch=165, thresh=0.581) ...
CrossAttn-Feat — training final model for 165 epochs on full CV set …
  [CrossAttn-Feat] weights → C:\Users\jhjun\OneDrive\Desktop\대학원\results/0612_late_fusion/model_5\global_zscore\M5_global_zscore_weights.pt

CrossAttn-Feat — Test Set (Overall):  AUC: 0.8144  AUPRC: 0.3103  Brier: 0.2599  Acc: 0.6769  F1: 0.3621

CrossAttn-Feat — Test Set (By Sex):
  [M] n=82  AUC: 0.7425  AUPRC: 0.3439  Brier: 0.3056  Acc: 0.6098  F1: 0.4074
              precision    recall  f1-score   support

      Normal       0.95      0.57      0.71        69
  Sarcopenia       0.27      0.85      0.41        13

    accuracy                           0.61        82
   macro avg       0.61      0.71      0.56        82
weighted avg       0.84      0.61      0.66        82

  [F] n=147  AUC: 0.8356  AUPRC: 0.3633  Brier: 0.2345  Acc: 0.7143  F1: 0.3226
              precision    recall  f1-score   support

      Normal       0.99      0.70      0.82       136
  Sarcopenia       0.20      0.91      0.32        11

    accuracy                           0.71       147
   macro avg       0.59      0.80      0.57       147
weighted avg       0.93      0.71      0.78       147


───────────────────────────────────────────────────────
Test Set — Bootstrap CI
───────────────────────────────────────────────────────

  Bootstrap 95% CI — CrossAttn-Feat  (n_boot=2000)
  Metric         Estimate   95% CI Lower   95% CI Upper
  ----------------------------------------------------
  AUC-ROC          0.8144         0.7382         0.8805
  AUPRC            0.3103         0.1868         0.4835
  Brier            0.2599         0.2341         0.2842
  Accuracy         0.6769         0.6157         0.7380
  F1               0.3621         0.2400         0.4755
  [M5/global_zscore] Saving figures ...

Saved (model 5 (global_zscore)):
  C:\Users\jhjun\OneDrive\Desktop\대학원\results/0612_late_fusion/model_5\global_zscore/data_distribution.png
  C:\Users\jhjun\OneDrive\Desktop\대학원\results/0612_late_fusion/model_5\global_zscore/cv_roc_curves.png
  C:\Users\jhjun\OneDrive\Desktop\대학원\results/0612_late_fusion/model_5\global_zscore/cv_metric_distribution.png
  C:\Users\jhjun\OneDrive\Desktop\대학원\results/0612_late_fusion/model_5\global_zscore/training_curves.png
  C:\Users\jhjun\OneDrive\Desktop\대학원\results/0612_late_fusion/model_5\global_zscore/test_roc_curves.png
  C:\Users\jhjun\OneDrive\Desktop\대학원\results/0612_late_fusion/model_5\global_zscore/test_roc_by_sex.png
  C:\Users\jhjun\OneDrive\Desktop\대학원\results/0612_late_fusion/model_5\global_zscore/confusion_matrices.png
  C:\Users\jhjun\OneDrive\Desktop\대학원\results/0612_late_fusion/model_5\global_zscore/calibration.png
  C:\Users\jhjun\OneDrive\Desktop\대학원\results/0612_late_fusion/model_5\global_zscore/results.md
  [M5/global_zscore] Plotting attention maps ...
  C:\Users\jhjun\OneDrive\Desktop\대학원\results/0612_late_fusion/model_5\global_zscore/attention_map_c2a.png
  C:\Users\jhjun\OneDrive\Desktop\대학원\results/0612_late_fusion/model_5\global_zscore/attention_heatmap_c2a.png
  C:\Users\jhjun\OneDrive\Desktop\대학원\results/0612_late_fusion/model_5\global_zscore/attention_map_a2c.png
  C:\Users\jhjun\OneDrive\Desktop\대학원\results/0612_late_fusion/model_5\global_zscore/attention_heatmap_a2c.png
  [M5/global_zscore] Done.
