============================================================
  MODEL 2_2 — Clinic + AEC Unmatched (aec128)  (5 AEC variants)
============================================================

############################################################
  [M2_2 len128]  (scale_clinic=True, scale_aec=True)
############################################################
  [M2_2/len128] Cross-validating CrossAttn ...
=======================================================
5-Fold CV  [CrossAttn | scale_clin=True, scale_aec=True]
=======================================================

── Fold 1/5 ──────────────────────────────
  CA   — AUC: 0.8282  AUPRC: 0.3108  Brier: 0.2090  Acc: 0.6940  F1: 0.3913  (best ep=24, thresh=0.545)

── Fold 2/5 ──────────────────────────────
  CA   — AUC: 0.8758  AUPRC: 0.4595  Brier: 0.1563  Acc: 0.7486  F1: 0.4390  (best ep=12, thresh=0.492)

── Fold 3/5 ──────────────────────────────
  CA   — AUC: 0.7888  AUPRC: 0.2985  Brier: 0.1942  Acc: 0.8087  F1: 0.4068  (best ep=24, thresh=0.699)

── Fold 4/5 ──────────────────────────────
  CA   — AUC: 0.7641  AUPRC: 0.2241  Brier: 0.1451  Acc: 0.6230  F1: 0.3301  (best ep=24, thresh=0.158)

── Fold 5/5 ──────────────────────────────
  CA   — AUC: 0.7914  AUPRC: 0.3762  Brier: 0.1666  Acc: 0.7143  F1: 0.3953  (best ep=9, thresh=0.393)

===========================================================================
CrossAttn  —  5-Fold CV Summary
===========================================================================
  Fold      AUC-ROC      AUPRC      Brier   Accuracy         F1
  ----------------------------------------------------------
  1          0.8282     0.3108     0.2090     0.6940     0.3913
  2          0.8758     0.4595     0.1563     0.7486     0.4390
  3          0.7888     0.2985     0.1942     0.8087     0.4068
  4          0.7641     0.2241     0.1451     0.6230     0.3301
  5          0.7914     0.3762     0.1666     0.7143     0.3953
  ──────────────────────────────────────────────────────────
  Mean       0.8097     0.3338     0.1742     0.7177     0.3925
  ±Std       0.0389     0.0793     0.0238     0.0613     0.0354
  [M2_2/len128] Evaluating on test set (med_epoch=24, thresh=0.492) ...

=======================================================
CrossAttn Test Evaluation  (scale_clin=True, scale_aec=True, threshold=0.492)
=======================================================
CrossAttn — training final model for 24 epochs on full CV set …

CrossAttn — Test Set (Overall):
  AUC: 0.7457  AUPRC: 0.3618  Brier: 0.1836  Acc: 0.7074  F1: 0.3093

CrossAttn — Test Set (By Sex):
  [M] n=82  AUC: 0.7246  AUPRC: 0.3875  Brier: 0.2336  Acc: 0.6585  F1: 0.4167
              precision    recall  f1-score   support

      Normal       0.94      0.64      0.76        69
  Sarcopenia       0.29      0.77      0.42        13

    accuracy                           0.66        82
   macro avg       0.61      0.70      0.59        82
weighted avg       0.83      0.66      0.70        82

  [F] n=147  AUC: 0.7259  AUPRC: 0.3360  Brier: 0.1557  Acc: 0.7347  F1: 0.2041
              precision    recall  f1-score   support

      Normal       0.94      0.76      0.84       136
  Sarcopenia       0.13      0.45      0.20        11

    accuracy                           0.73       147
   macro avg       0.54      0.61      0.52       147
weighted avg       0.88      0.73      0.79       147


───────────────────────────────────────────────────────
Test Set — Bootstrap CI
───────────────────────────────────────────────────────

  Bootstrap 95% CI — CrossAttn  (n_boot=2000)
  Metric         Estimate   95% CI Lower   95% CI Upper
  ----------------------------------------------------
  AUC-ROC          0.7457         0.6394         0.8441
  AUPRC            0.3618         0.2011         0.5583
  Brier            0.1836         0.1534         0.2140
  Accuracy         0.7074         0.6507         0.7686
  F1               0.3093         0.1927         0.4243
  [M2_2/len128] Saving figures ...

Saved (model 2_2 (len128, unmatched)):
  연구코드/results/0529/liver_pubis_32/model_2_2\len128/data_distribution.png
  연구코드/results/0529/liver_pubis_32/model_2_2\len128/cv_roc_curves.png
  연구코드/results/0529/liver_pubis_32/model_2_2\len128/cv_metric_distribution.png
  연구코드/results/0529/liver_pubis_32/model_2_2\len128/training_curves.png
  연구코드/results/0529/liver_pubis_32/model_2_2\len128/test_roc_curves.png
  연구코드/results/0529/liver_pubis_32/model_2_2\len128/test_roc_by_sex.png
  연구코드/results/0529/liver_pubis_32/model_2_2\len128/confusion_matrices.png
  연구코드/results/0529/liver_pubis_32/model_2_2\len128/calibration.png
  연구코드/results/0529/liver_pubis_32/model_2_2\len128/results.md
  [M2_2/len128] Plotting attention maps ...
  연구코드/results/0529/liver_pubis_32/model_2_2\len128/attention_map_c2a.png
  연구코드/results/0529/liver_pubis_32/model_2_2\len128/attention_heatmap_c2a.png
  연구코드/results/0529/liver_pubis_32/model_2_2\len128/attention_map_a2c.png
  연구코드/results/0529/liver_pubis_32/model_2_2\len128/attention_heatmap_a2c.png
  [M2_2/len128] Plotting Grad-CAM ...
  연구코드/results/0529/liver_pubis_32/model_2_2\len128/cam_aec_mean.png
  연구코드/results/0529/liver_pubis_32/model_2_2\len128/cam_aec_lines.png
  연구코드/results/0529/liver_pubis_32/model_2_2\len128/cam_aec_heatmap.png
  [M2_2/len128] Done.

############################################################
  [M2_2 norm]  (scale_clinic=True, scale_aec=True)
############################################################
  [M2_2/norm] Cross-validating CrossAttn ...
=======================================================
5-Fold CV  [CrossAttn | scale_clin=True, scale_aec=True]
=======================================================

── Fold 1/5 ──────────────────────────────
  CA   — AUC: 0.8150  AUPRC: 0.2849  Brier: 0.2448  Acc: 0.7158  F1: 0.4091  (best ep=2, thresh=0.639)

── Fold 2/5 ──────────────────────────────
  CA   — AUC: 0.8418  AUPRC: 0.4835  Brier: 0.1518  Acc: 0.8306  F1: 0.4918  (best ep=3, thresh=0.550)

── Fold 3/5 ──────────────────────────────
  CA   — AUC: 0.7635  AUPRC: 0.2568  Brier: 0.2903  Acc: 0.6995  F1: 0.3529  (best ep=16, thresh=0.705)

── Fold 4/5 ──────────────────────────────
  CA   — AUC: 0.8007  AUPRC: 0.3706  Brier: 0.1444  Acc: 0.7486  F1: 0.3947  (best ep=7, thresh=0.372)

── Fold 5/5 ──────────────────────────────
  CA   — AUC: 0.8356  AUPRC: 0.5037  Brier: 0.1281  Acc: 0.8132  F1: 0.4848  (best ep=2, thresh=0.453)

===========================================================================
CrossAttn  —  5-Fold CV Summary
===========================================================================
  Fold      AUC-ROC      AUPRC      Brier   Accuracy         F1
  ----------------------------------------------------------
  1          0.8150     0.2849     0.2448     0.7158     0.4091
  2          0.8418     0.4835     0.1518     0.8306     0.4918
  3          0.7635     0.2568     0.2903     0.6995     0.3529
  4          0.8007     0.3706     0.1444     0.7486     0.3947
  5          0.8356     0.5037     0.1281     0.8132     0.4848
  ──────────────────────────────────────────────────────────
  Mean       0.8113     0.3799     0.1919     0.7615     0.4267
  ±Std       0.0281     0.1003     0.0639     0.0520     0.0537
  [M2_2/norm] Evaluating on test set (med_epoch=3, thresh=0.550) ...

=======================================================
CrossAttn Test Evaluation  (scale_clin=True, scale_aec=True, threshold=0.550)
=======================================================
CrossAttn — training final model for 3 epochs on full CV set …

CrossAttn — Test Set (Overall):
  AUC: 0.8264  AUPRC: 0.3204  Brier: 0.1887  Acc: 0.7380  F1: 0.3750

CrossAttn — Test Set (By Sex):
  [M] n=82  AUC: 0.7324  AUPRC: 0.3091  Brier: 0.2521  Acc: 0.6585  F1: 0.3913
              precision    recall  f1-score   support

      Normal       0.92      0.65      0.76        69
  Sarcopenia       0.27      0.69      0.39        13

    accuracy                           0.66        82
   macro avg       0.60      0.67      0.58        82
weighted avg       0.82      0.66      0.70        82

  [F] n=147  AUC: 0.8924  AUPRC: 0.4700  Brier: 0.1533  Acc: 0.7823  F1: 0.3600
              precision    recall  f1-score   support

      Normal       0.98      0.78      0.87       136
  Sarcopenia       0.23      0.82      0.36        11

    accuracy                           0.78       147
   macro avg       0.61      0.80      0.61       147
weighted avg       0.93      0.78      0.83       147


───────────────────────────────────────────────────────
Test Set — Bootstrap CI
───────────────────────────────────────────────────────

  Bootstrap 95% CI — CrossAttn  (n_boot=2000)
  Metric         Estimate   95% CI Lower   95% CI Upper
  ----------------------------------------------------
  AUC-ROC          0.8264         0.7440         0.8914
  AUPRC            0.3204         0.2008         0.5166
  Brier            0.1887         0.1595         0.2180
  Accuracy         0.7380         0.6856         0.7948
  F1               0.3750         0.2465         0.4952
  [M2_2/norm] Saving figures ...

Saved (model 2_2 (norm, unmatched)):
  연구코드/results/0529/liver_pubis_32/model_2_2\norm/data_distribution.png
  연구코드/results/0529/liver_pubis_32/model_2_2\norm/cv_roc_curves.png
  연구코드/results/0529/liver_pubis_32/model_2_2\norm/cv_metric_distribution.png
  연구코드/results/0529/liver_pubis_32/model_2_2\norm/training_curves.png
  연구코드/results/0529/liver_pubis_32/model_2_2\norm/test_roc_curves.png
  연구코드/results/0529/liver_pubis_32/model_2_2\norm/test_roc_by_sex.png
  연구코드/results/0529/liver_pubis_32/model_2_2\norm/confusion_matrices.png
  연구코드/results/0529/liver_pubis_32/model_2_2\norm/calibration.png
  연구코드/results/0529/liver_pubis_32/model_2_2\norm/results.md
  [M2_2/norm] Plotting attention maps ...
  연구코드/results/0529/liver_pubis_32/model_2_2\norm/attention_map_c2a.png
  연구코드/results/0529/liver_pubis_32/model_2_2\norm/attention_heatmap_c2a.png
  연구코드/results/0529/liver_pubis_32/model_2_2\norm/attention_map_a2c.png
  연구코드/results/0529/liver_pubis_32/model_2_2\norm/attention_heatmap_a2c.png
  [M2_2/norm] Plotting Grad-CAM ...
  연구코드/results/0529/liver_pubis_32/model_2_2\norm/cam_aec_mean.png
  연구코드/results/0529/liver_pubis_32/model_2_2\norm/cam_aec_lines.png
  연구코드/results/0529/liver_pubis_32/model_2_2\norm/cam_aec_heatmap.png
  [M2_2/norm] Done.

############################################################
  [M2_2 crop80]  (scale_clinic=True, scale_aec=True)
############################################################
  [M2_2/crop80] Cross-validating CrossAttn ...
=======================================================
5-Fold CV  [CrossAttn | scale_clin=True, scale_aec=True]
=======================================================

── Fold 1/5 ──────────────────────────────
  CA   — AUC: 0.8193  AUPRC: 0.3477  Brier: 0.2130  Acc: 0.6885  F1: 0.3871  (best ep=10, thresh=0.518)

── Fold 2/5 ──────────────────────────────
  CA   — AUC: 0.8517  AUPRC: 0.4486  Brier: 0.1592  Acc: 0.8033  F1: 0.4857  (best ep=37, thresh=0.558)

── Fold 3/5 ──────────────────────────────
  CA   — AUC: 0.7847  AUPRC: 0.2668  Brier: 0.2416  Acc: 0.6721  F1: 0.3617  (best ep=18, thresh=0.595)

── Fold 4/5 ──────────────────────────────
  CA   — AUC: 0.7628  AUPRC: 0.3477  Brier: 0.1527  Acc: 0.6448  F1: 0.3299  (best ep=113, thresh=0.096)

── Fold 5/5 ──────────────────────────────
  CA   — AUC: 0.8092  AUPRC: 0.4650  Brier: 0.1749  Acc: 0.7033  F1: 0.3721  (best ep=3, thresh=0.469)

===========================================================================
CrossAttn  —  5-Fold CV Summary
===========================================================================
  Fold      AUC-ROC      AUPRC      Brier   Accuracy         F1
  ----------------------------------------------------------
  1          0.8193     0.3477     0.2130     0.6885     0.3871
  2          0.8517     0.4486     0.1592     0.8033     0.4857
  3          0.7847     0.2668     0.2416     0.6721     0.3617
  4          0.7628     0.3477     0.1527     0.6448     0.3299
  5          0.8092     0.4650     0.1749     0.7033     0.3721
  ──────────────────────────────────────────────────────────
  Mean       0.8055     0.3752     0.1883     0.7024     0.3873
  ±Std       0.0303     0.0731     0.0339     0.0540     0.0527
  [M2_2/crop80] Evaluating on test set (med_epoch=18, thresh=0.518) ...

=======================================================
CrossAttn Test Evaluation  (scale_clin=True, scale_aec=True, threshold=0.518)
=======================================================
CrossAttn — training final model for 18 epochs on full CV set …

CrossAttn — Test Set (Overall):
  AUC: 0.8039  AUPRC: 0.3706  Brier: 0.1968  Acc: 0.7074  F1: 0.3495

CrossAttn — Test Set (By Sex):
  [M] n=82  AUC: 0.7480  AUPRC: 0.3923  Brier: 0.2610  Acc: 0.6463  F1: 0.4082
              precision    recall  f1-score   support

      Normal       0.93      0.62      0.75        69
  Sarcopenia       0.28      0.77      0.41        13

    accuracy                           0.65        82
   macro avg       0.61      0.70      0.58        82
weighted avg       0.83      0.65      0.69        82

  [F] n=147  AUC: 0.8215  AUPRC: 0.3722  Brier: 0.1609  Acc: 0.7415  F1: 0.2963
              precision    recall  f1-score   support

      Normal       0.97      0.74      0.84       136
  Sarcopenia       0.19      0.73      0.30        11

    accuracy                           0.74       147
   macro avg       0.58      0.73      0.57       147
weighted avg       0.91      0.74      0.80       147


───────────────────────────────────────────────────────
Test Set — Bootstrap CI
───────────────────────────────────────────────────────

  Bootstrap 95% CI — CrossAttn  (n_boot=2000)
  Metric         Estimate   95% CI Lower   95% CI Upper
  ----------------------------------------------------
  AUC-ROC          0.8039         0.7098         0.8874
  AUPRC            0.3706         0.2200         0.5675
  Brier            0.1968         0.1657         0.2287
  Accuracy         0.7074         0.6507         0.7686
  F1               0.3495         0.2307         0.4615
  [M2_2/crop80] Saving figures ...

Saved (model 2_2 (crop80, unmatched)):
  연구코드/results/0529/liver_pubis_32/model_2_2\crop80/data_distribution.png
  연구코드/results/0529/liver_pubis_32/model_2_2\crop80/cv_roc_curves.png
  연구코드/results/0529/liver_pubis_32/model_2_2\crop80/cv_metric_distribution.png
  연구코드/results/0529/liver_pubis_32/model_2_2\crop80/training_curves.png
  연구코드/results/0529/liver_pubis_32/model_2_2\crop80/test_roc_curves.png
  연구코드/results/0529/liver_pubis_32/model_2_2\crop80/test_roc_by_sex.png
  연구코드/results/0529/liver_pubis_32/model_2_2\crop80/confusion_matrices.png
  연구코드/results/0529/liver_pubis_32/model_2_2\crop80/calibration.png
  연구코드/results/0529/liver_pubis_32/model_2_2\crop80/results.md
  [M2_2/crop80] Plotting attention maps ...
  연구코드/results/0529/liver_pubis_32/model_2_2\crop80/attention_map_c2a.png
  연구코드/results/0529/liver_pubis_32/model_2_2\crop80/attention_heatmap_c2a.png
  연구코드/results/0529/liver_pubis_32/model_2_2\crop80/attention_map_a2c.png
  연구코드/results/0529/liver_pubis_32/model_2_2\crop80/attention_heatmap_a2c.png
  [M2_2/crop80] Plotting Grad-CAM ...
  연구코드/results/0529/liver_pubis_32/model_2_2\crop80/cam_aec_mean.png
  연구코드/results/0529/liver_pubis_32/model_2_2\crop80/cam_aec_lines.png
  연구코드/results/0529/liver_pubis_32/model_2_2\crop80/cam_aec_heatmap.png
  [M2_2/crop80] Done.

############################################################
  [M2_2 crop60]  (scale_clinic=True, scale_aec=True)
############################################################
  [M2_2/crop60] Cross-validating CrossAttn ...
=======================================================
5-Fold CV  [CrossAttn | scale_clin=True, scale_aec=True]
=======================================================

── Fold 1/5 ──────────────────────────────
  CA   — AUC: 0.8377  AUPRC: 0.3550  Brier: 0.2054  Acc: 0.7049  F1: 0.4000  (best ep=5, thresh=0.538)

── Fold 2/5 ──────────────────────────────
  CA   — AUC: 0.8540  AUPRC: 0.3920  Brier: 0.1470  Acc: 0.8743  F1: 0.5660  (best ep=15, thresh=0.638)

── Fold 3/5 ──────────────────────────────
  CA   — AUC: 0.7908  AUPRC: 0.2550  Brier: 0.1729  Acc: 0.7650  F1: 0.4267  (best ep=128, thresh=0.508)

── Fold 4/5 ──────────────────────────────
  CA   — AUC: 0.7843  AUPRC: 0.3394  Brier: 0.2594  Acc: 0.7322  F1: 0.3797  (best ep=2, thresh=0.622)

── Fold 5/5 ──────────────────────────────
  CA   — AUC: 0.7933  AUPRC: 0.3965  Brier: 0.2542  Acc: 0.8462  F1: 0.4815  (best ep=12, thresh=0.791)

===========================================================================
CrossAttn  —  5-Fold CV Summary
===========================================================================
  Fold      AUC-ROC      AUPRC      Brier   Accuracy         F1
  ----------------------------------------------------------
  1          0.8377     0.3550     0.2054     0.7049     0.4000
  2          0.8540     0.3920     0.1470     0.8743     0.5660
  3          0.7908     0.2550     0.1729     0.7650     0.4267
  4          0.7843     0.3394     0.2594     0.7322     0.3797
  5          0.7933     0.3965     0.2542     0.8462     0.4815
  ──────────────────────────────────────────────────────────
  Mean       0.8120     0.3476     0.2078     0.7845     0.4508
  ±Std       0.0282     0.0511     0.0441     0.0653     0.0670
  [M2_2/crop60] Evaluating on test set (med_epoch=12, thresh=0.622) ...

=======================================================
CrossAttn Test Evaluation  (scale_clin=True, scale_aec=True, threshold=0.622)
=======================================================
CrossAttn — training final model for 12 epochs on full CV set …

CrossAttn — Test Set (Overall):
  AUC: 0.8213  AUPRC: 0.3396  Brier: 0.2167  Acc: 0.7162  F1: 0.3689

CrossAttn — Test Set (By Sex):
  [M] n=82  AUC: 0.7380  AUPRC: 0.3682  Brier: 0.2851  Acc: 0.6341  F1: 0.4231
              precision    recall  f1-score   support

      Normal       0.95      0.59      0.73        69
  Sarcopenia       0.28      0.85      0.42        13

    accuracy                           0.63        82
   macro avg       0.62      0.72      0.58        82
weighted avg       0.85      0.63      0.68        82

  [F] n=147  AUC: 0.8516  AUPRC: 0.3581  Brier: 0.1785  Acc: 0.7619  F1: 0.3137
              precision    recall  f1-score   support

      Normal       0.97      0.76      0.86       136
  Sarcopenia       0.20      0.73      0.31        11

    accuracy                           0.76       147
   macro avg       0.59      0.75      0.58       147
weighted avg       0.91      0.76      0.82       147


───────────────────────────────────────────────────────
Test Set — Bootstrap CI
───────────────────────────────────────────────────────

  Bootstrap 95% CI — CrossAttn  (n_boot=2000)
  Metric         Estimate   95% CI Lower   95% CI Upper
  ----------------------------------------------------
  AUC-ROC          0.8213         0.7412         0.8902
  AUPRC            0.3396         0.2048         0.5371
  Brier            0.2167         0.1846         0.2493
  Accuracy         0.7162         0.6594         0.7773
  F1               0.3689         0.2453         0.4894
  [M2_2/crop60] Saving figures ...

Saved (model 2_2 (crop60, unmatched)):
  연구코드/results/0529/liver_pubis_32/model_2_2\crop60/data_distribution.png
  연구코드/results/0529/liver_pubis_32/model_2_2\crop60/cv_roc_curves.png
  연구코드/results/0529/liver_pubis_32/model_2_2\crop60/cv_metric_distribution.png
  연구코드/results/0529/liver_pubis_32/model_2_2\crop60/training_curves.png
  연구코드/results/0529/liver_pubis_32/model_2_2\crop60/test_roc_curves.png
  연구코드/results/0529/liver_pubis_32/model_2_2\crop60/test_roc_by_sex.png
  연구코드/results/0529/liver_pubis_32/model_2_2\crop60/confusion_matrices.png
  연구코드/results/0529/liver_pubis_32/model_2_2\crop60/calibration.png
  연구코드/results/0529/liver_pubis_32/model_2_2\crop60/results.md
  [M2_2/crop60] Plotting attention maps ...
  연구코드/results/0529/liver_pubis_32/model_2_2\crop60/attention_map_c2a.png
  연구코드/results/0529/liver_pubis_32/model_2_2\crop60/attention_heatmap_c2a.png
  연구코드/results/0529/liver_pubis_32/model_2_2\crop60/attention_map_a2c.png
  연구코드/results/0529/liver_pubis_32/model_2_2\crop60/attention_heatmap_a2c.png
  [M2_2/crop60] Plotting Grad-CAM ...
  연구코드/results/0529/liver_pubis_32/model_2_2\crop60/cam_aec_mean.png
  연구코드/results/0529/liver_pubis_32/model_2_2\crop60/cam_aec_lines.png
  연구코드/results/0529/liver_pubis_32/model_2_2\crop60/cam_aec_heatmap.png
  [M2_2/crop60] Done.

############################################################
  [M2_2 excl_extreme]  (scale_clinic=True, scale_aec=True)
############################################################
  [M2_2/excl_extreme] Cross-validating CrossAttn ...
=======================================================
5-Fold CV  [CrossAttn | scale_clin=True, scale_aec=True]
=======================================================

── Fold 1/5 ──────────────────────────────
  CA   — AUC: 0.8458  AUPRC: 0.3086  Brier: 0.1740  Acc: 0.7091  F1: 0.4146  (best ep=2, thresh=0.437)

── Fold 2/5 ──────────────────────────────
  CA   — AUC: 0.7432  AUPRC: 0.2571  Brier: 0.1304  Acc: 0.8121  F1: 0.4151  (best ep=146, thresh=0.345)

── Fold 3/5 ──────────────────────────────
  CA   — AUC: 0.8848  AUPRC: 0.4793  Brier: 0.1605  Acc: 0.7317  F1: 0.4359  (best ep=1, thresh=0.420)

── Fold 4/5 ──────────────────────────────
  CA   — AUC: 0.8235  AUPRC: 0.2938  Brier: 0.1824  Acc: 0.6829  F1: 0.3810  (best ep=16, thresh=0.440)

── Fold 5/5 ──────────────────────────────
  CA   — AUC: 0.7597  AUPRC: 0.3221  Brier: 0.2097  Acc: 0.6463  F1: 0.3256  (best ep=14, thresh=0.417)

===========================================================================
CrossAttn  —  5-Fold CV Summary
===========================================================================
  Fold      AUC-ROC      AUPRC      Brier   Accuracy         F1
  ----------------------------------------------------------
  1          0.8458     0.3086     0.1740     0.7091     0.4146
  2          0.7432     0.2571     0.1304     0.8121     0.4151
  3          0.8848     0.4793     0.1605     0.7317     0.4359
  4          0.8235     0.2938     0.1824     0.6829     0.3810
  5          0.7597     0.3221     0.2097     0.6463     0.3256
  ──────────────────────────────────────────────────────────
  Mean       0.8114     0.3322     0.1714     0.7164     0.3944
  ±Std       0.0530     0.0767     0.0260     0.0556     0.0387
  [M2_2/excl_extreme] Evaluating on test set (med_epoch=14, thresh=0.420) ...

=======================================================
CrossAttn Test Evaluation  (scale_clin=True, scale_aec=True, threshold=0.420)
=======================================================
CrossAttn — training final model for 14 epochs on full CV set …

CrossAttn — Test Set (Overall):
  AUC: 0.8060  AUPRC: 0.3160  Brier: 0.1929  Acc: 0.6244  F1: 0.3419

CrossAttn — Test Set (By Sex):
  [M] n=77  AUC: 0.7476  AUPRC: 0.3543  Brier: 0.2268  Acc: 0.6234  F1: 0.4314
              precision    recall  f1-score   support

      Normal       0.95      0.58      0.72        64
  Sarcopenia       0.29      0.85      0.43        13

    accuracy                           0.62        77
   macro avg       0.62      0.71      0.57        77
weighted avg       0.84      0.62      0.67        77

  [F] n=128  AUC: 0.8339  AUPRC: 0.2988  Brier: 0.1725  Acc: 0.6250  F1: 0.2727
              precision    recall  f1-score   support

      Normal       0.99      0.60      0.75       118
  Sarcopenia       0.16      0.90      0.27        10

    accuracy                           0.62       128
   macro avg       0.57      0.75      0.51       128
weighted avg       0.92      0.62      0.71       128


───────────────────────────────────────────────────────
Test Set — Bootstrap CI
───────────────────────────────────────────────────────

  Bootstrap 95% CI — CrossAttn  (n_boot=2000)
  Metric         Estimate   95% CI Lower   95% CI Upper
  ----------------------------------------------------
  AUC-ROC          0.8060         0.7069         0.8833
  AUPRC            0.3160         0.1989         0.5112
  Brier            0.1929         0.1641         0.2238
  Accuracy         0.6244         0.5561         0.6878
  F1               0.3419         0.2330         0.4465
  [M2_2/excl_extreme] Saving figures ...

Saved (model 2_2 (excl_extreme, unmatched)):
  연구코드/results/0529/liver_pubis_32/model_2_2\excl_extreme/data_distribution.png
  연구코드/results/0529/liver_pubis_32/model_2_2\excl_extreme/cv_roc_curves.png
  연구코드/results/0529/liver_pubis_32/model_2_2\excl_extreme/cv_metric_distribution.png
  연구코드/results/0529/liver_pubis_32/model_2_2\excl_extreme/training_curves.png
  연구코드/results/0529/liver_pubis_32/model_2_2\excl_extreme/test_roc_curves.png
  연구코드/results/0529/liver_pubis_32/model_2_2\excl_extreme/test_roc_by_sex.png
  연구코드/results/0529/liver_pubis_32/model_2_2\excl_extreme/confusion_matrices.png
  연구코드/results/0529/liver_pubis_32/model_2_2\excl_extreme/calibration.png
  연구코드/results/0529/liver_pubis_32/model_2_2\excl_extreme/results.md
  [M2_2/excl_extreme] Plotting attention maps ...
  연구코드/results/0529/liver_pubis_32/model_2_2\excl_extreme/attention_map_c2a.png
  연구코드/results/0529/liver_pubis_32/model_2_2\excl_extreme/attention_heatmap_c2a.png
  연구코드/results/0529/liver_pubis_32/model_2_2\excl_extreme/attention_map_a2c.png
  연구코드/results/0529/liver_pubis_32/model_2_2\excl_extreme/attention_heatmap_a2c.png
  [M2_2/excl_extreme] Plotting Grad-CAM ...
  연구코드/results/0529/liver_pubis_32/model_2_2\excl_extreme/cam_aec_mean.png
  연구코드/results/0529/liver_pubis_32/model_2_2\excl_extreme/cam_aec_lines.png
  연구코드/results/0529/liver_pubis_32/model_2_2\excl_extreme/cam_aec_heatmap.png
  [M2_2/excl_extreme] Done.
