============================================================
  MODEL 2_2 — Clinic + AEC Unmatched (aec256, FocalLoss)  (5 AEC variants × 1 case)
============================================================

############################################################
  [M2_2 norm] CASE : scale_clinic  (scale_clinic=True, loss=focal)
############################################################
  [M2_2/focal/norm/scale_clinic] Cross-validating CrossAttn ...
=======================================================
5-Fold CV  [CrossAttn | scale_clin=True, scale_aec=False]
=======================================================

── Fold 1/5 ──────────────────────────────
  CA   — AUC: 0.8464  AUPRC: 0.4973  Brier: 0.1925  Acc: 0.6935  F1: 0.3871  (best ep=2, thresh=0.473)

── Fold 2/5 ──────────────────────────────
  CA   — AUC: 0.8386  AUPRC: 0.3713  Brier: 0.1549  Acc: 0.7419  F1: 0.4000  (best ep=24, thresh=0.454)

── Fold 3/5 ──────────────────────────────
  CA   — AUC: 0.8401  AUPRC: 0.3958  Brier: 0.1910  Acc: 0.6452  F1: 0.3774  (best ep=7, thresh=0.432)

── Fold 4/5 ──────────────────────────────
  CA   — AUC: 0.7744  AUPRC: 0.3535  Brier: 0.2186  Acc: 0.8118  F1: 0.4444  (best ep=1, thresh=0.570)

── Fold 5/5 ──────────────────────────────
  CA   — AUC: 0.7422  AUPRC: 0.3091  Brier: 0.1496  Acc: 0.7135  F1: 0.3614  (best ep=49, thresh=0.413)

===========================================================================
CrossAttn  —  5-Fold CV Summary
===========================================================================
  Fold      AUC-ROC      AUPRC      Brier   Accuracy         F1
  ----------------------------------------------------------
  1          0.8464     0.4973     0.1925     0.6935     0.3871
  2          0.8386     0.3713     0.1549     0.7419     0.4000
  3          0.8401     0.3958     0.1910     0.6452     0.3774
  4          0.7744     0.3535     0.2186     0.8118     0.4444
  5          0.7422     0.3091     0.1496     0.7135     0.3614
  ──────────────────────────────────────────────────────────
  Mean       0.8083     0.3854     0.1813     0.7212     0.3941
  ±Std       0.0422     0.0627     0.0257     0.0552     0.0282
  [M2_2/focal/norm/scale_clinic] Evaluating on test set (med_epoch=7, thresh=0.454) ...

=======================================================
CrossAttn Test Evaluation  (scale_clin=True, scale_aec=False, threshold=0.454)
=======================================================
CrossAttn — training final model for 7 epochs on full CV set …

CrossAttn — Test Set (Overall):
  AUC: 0.8213  AUPRC: 0.4058  Brier: 0.2166  Acc: 0.5579  F1: 0.2993

CrossAttn — Test Set (By Sex):
  [M] n=85  AUC: 0.8068  AUPRC: 0.4656  Brier: 0.2343  Acc: 0.5412  F1: 0.4000
              precision    recall  f1-score   support

      Normal       0.97      0.46      0.63        71
  Sarcopenia       0.25      0.93      0.40        14

    accuracy                           0.54        85
   macro avg       0.61      0.70      0.51        85
weighted avg       0.85      0.54      0.59        85

  [F] n=148  AUC: 0.8049  AUPRC: 0.3874  Brier: 0.2064  Acc: 0.5676  F1: 0.2195
              precision    recall  f1-score   support

      Normal       0.97      0.55      0.70       137
  Sarcopenia       0.13      0.82      0.22        11

    accuracy                           0.57       148
   macro avg       0.55      0.68      0.46       148
weighted avg       0.91      0.57      0.67       148


───────────────────────────────────────────────────────
Test Set — Bootstrap CI
───────────────────────────────────────────────────────

  Bootstrap 95% CI — CrossAttn  (n_boot=2000)
  Metric         Estimate   95% CI Lower   95% CI Upper
  ----------------------------------------------------
  AUC-ROC          0.8213         0.7371         0.8975
  AUPRC            0.4058         0.2401         0.5909
  Brier            0.2166         0.2023         0.2318
  Accuracy         0.5579         0.4936         0.6223
  F1               0.2993         0.2074         0.3971
  [M2_2/focal/norm/scale_clinic] Saving figures ...

Saved (model 2_2 (norm, unmatched, focal)):
  연구코드/results/ok+missing/model_2_2\focal\aec256\norm/data_distribution.png
  연구코드/results/ok+missing/model_2_2\focal\aec256\norm/cv_roc_curves.png
  연구코드/results/ok+missing/model_2_2\focal\aec256\norm/cv_metric_distribution.png
  연구코드/results/ok+missing/model_2_2\focal\aec256\norm/training_curves.png
  연구코드/results/ok+missing/model_2_2\focal\aec256\norm/test_roc_curves.png
  연구코드/results/ok+missing/model_2_2\focal\aec256\norm/test_roc_by_sex.png
  연구코드/results/ok+missing/model_2_2\focal\aec256\norm/confusion_matrices.png
  연구코드/results/ok+missing/model_2_2\focal\aec256\norm/calibration.png
  연구코드/results/ok+missing/model_2_2\focal\aec256\norm/results.md
  [M2_2/focal/norm/scale_clinic] Plotting attention maps ...
  연구코드/results/ok+missing/model_2_2\focal\aec256\norm/attention_map_c2a.png
  연구코드/results/ok+missing/model_2_2\focal\aec256\norm/attention_heatmap.png
  [M2_2/focal/norm/scale_clinic] Done.

############################################################
  [M2_2 excl_extreme] CASE : scale_clinic  (scale_clinic=True, loss=focal)
############################################################
  [M2_2/focal/excl_extreme/scale_clinic] Cross-validating CrossAttn ...
=======================================================
5-Fold CV  [CrossAttn | scale_clin=True, scale_aec=False]
=======================================================

── Fold 1/5 ──────────────────────────────
  CA   — AUC: 0.8965  AUPRC: 0.5480  Brier: 0.1980  Acc: 0.7605  F1: 0.4444  (best ep=10, thresh=0.536)

── Fold 2/5 ──────────────────────────────
  CA   — AUC: 0.7851  AUPRC: 0.2811  Brier: 0.2535  Acc: 0.7066  F1: 0.3797  (best ep=2, thresh=0.569)

── Fold 3/5 ──────────────────────────────
  CA   — AUC: 0.7949  AUPRC: 0.3359  Brier: 0.2113  Acc: 0.7425  F1: 0.4110  (best ep=1, thresh=0.503)

── Fold 4/5 ──────────────────────────────
  CA   — AUC: 0.8161  AUPRC: 0.4155  Brier: 0.0985  Acc: 0.8323  F1: 0.4615  (best ep=89, thresh=0.374)

── Fold 5/5 ──────────────────────────────
  CA   — AUC: 0.8684  AUPRC: 0.6747  Brier: 0.1315  Acc: 0.8443  F1: 0.5185  (best ep=20, thresh=0.529)

===========================================================================
CrossAttn  —  5-Fold CV Summary
===========================================================================
  Fold      AUC-ROC      AUPRC      Brier   Accuracy         F1
  ----------------------------------------------------------
  1          0.8965     0.5480     0.1980     0.7605     0.4444
  2          0.7851     0.2811     0.2535     0.7066     0.3797
  3          0.7949     0.3359     0.2113     0.7425     0.4110
  4          0.8161     0.4155     0.0985     0.8323     0.4615
  5          0.8684     0.6747     0.1315     0.8443     0.5185
  ──────────────────────────────────────────────────────────
  Mean       0.8322     0.4510     0.1786     0.7772     0.4430
  ±Std       0.0431     0.1434     0.0560     0.0529     0.0471
  [M2_2/focal/excl_extreme/scale_clinic] Evaluating on test set (med_epoch=10, thresh=0.529) ...

=======================================================
CrossAttn Test Evaluation  (scale_clin=True, scale_aec=False, threshold=0.529)
=======================================================
CrossAttn — training final model for 10 epochs on full CV set …

CrossAttn — Test Set (Overall):
  AUC: 0.8140  AUPRC: 0.3672  Brier: 0.1711  Acc: 0.7943  F1: 0.4416

CrossAttn — Test Set (By Sex):
  [M] n=80  AUC: 0.8169  AUPRC: 0.4314  Brier: 0.2029  Acc: 0.7250  F1: 0.4500
              precision    recall  f1-score   support

      Normal       0.96      0.71      0.82        69
  Sarcopenia       0.31      0.82      0.45        11

    accuracy                           0.72        80
   macro avg       0.64      0.76      0.63        80
weighted avg       0.87      0.72      0.77        80

  [F] n=129  AUC: 0.7935  AUPRC: 0.3620  Brier: 0.1513  Acc: 0.8372  F1: 0.4324
              precision    recall  f1-score   support

      Normal       0.97      0.85      0.90       118
  Sarcopenia       0.31      0.73      0.43        11

    accuracy                           0.84       129
   macro avg       0.64      0.79      0.67       129
weighted avg       0.91      0.84      0.86       129


───────────────────────────────────────────────────────
Test Set — Bootstrap CI
───────────────────────────────────────────────────────

  Bootstrap 95% CI — CrossAttn  (n_boot=2000)
  Metric         Estimate   95% CI Lower   95% CI Upper
  ----------------------------------------------------
  AUC-ROC          0.8140         0.7127         0.8998
  AUPRC            0.3672         0.2106         0.5701
  Brier            0.1711         0.1550         0.1883
  Accuracy         0.7943         0.7368         0.8469
  F1               0.4416         0.2909         0.5714
  [M2_2/focal/excl_extreme/scale_clinic] Saving figures ...

Saved (model 2_2 (excl_extreme, unmatched, focal)):
  연구코드/results/ok+missing/model_2_2\focal\aec256\excl_extreme/data_distribution.png
  연구코드/results/ok+missing/model_2_2\focal\aec256\excl_extreme/cv_roc_curves.png
  연구코드/results/ok+missing/model_2_2\focal\aec256\excl_extreme/cv_metric_distribution.png
  연구코드/results/ok+missing/model_2_2\focal\aec256\excl_extreme/training_curves.png
  연구코드/results/ok+missing/model_2_2\focal\aec256\excl_extreme/test_roc_curves.png
  연구코드/results/ok+missing/model_2_2\focal\aec256\excl_extreme/test_roc_by_sex.png
  연구코드/results/ok+missing/model_2_2\focal\aec256\excl_extreme/confusion_matrices.png
  연구코드/results/ok+missing/model_2_2\focal\aec256\excl_extreme/calibration.png
  연구코드/results/ok+missing/model_2_2\focal\aec256\excl_extreme/results.md
  [M2_2/focal/excl_extreme/scale_clinic] Plotting attention maps ...
  연구코드/results/ok+missing/model_2_2\focal\aec256\excl_extreme/attention_map_c2a.png
  연구코드/results/ok+missing/model_2_2\focal\aec256\excl_extreme/attention_heatmap.png
  [M2_2/focal/excl_extreme/scale_clinic] Done.

############################################################
  [M2_2 len128] CASE : scale_clinic  (scale_clinic=True, loss=focal)
############################################################
  [M2_2/focal/len128/scale_clinic] Cross-validating CrossAttn ...
=======================================================
5-Fold CV  [CrossAttn | scale_clin=True, scale_aec=False]
=======================================================

── Fold 1/5 ──────────────────────────────
  CA   — AUC: 0.8386  AUPRC: 0.4020  Brier: 0.1683  Acc: 0.6720  F1: 0.3838  (best ep=34, thresh=0.450)

── Fold 2/5 ──────────────────────────────
  CA   — AUC: 0.8476  AUPRC: 0.3857  Brier: 0.1619  Acc: 0.7957  F1: 0.4722  (best ep=16, thresh=0.508)

── Fold 3/5 ──────────────────────────────
  CA   — AUC: 0.8223  AUPRC: 0.4014  Brier: 0.1714  Acc: 0.7366  F1: 0.3951  (best ep=14, thresh=0.526)

── Fold 4/5 ──────────────────────────────
  CA   — AUC: 0.8172  AUPRC: 0.3172  Brier: 0.1819  Acc: 0.8065  F1: 0.4545  (best ep=4, thresh=0.519)

── Fold 5/5 ──────────────────────────────
  CA   — AUC: 0.7885  AUPRC: 0.2863  Brier: 0.1709  Acc: 0.7297  F1: 0.3750  (best ep=9, thresh=0.500)

===========================================================================
CrossAttn  —  5-Fold CV Summary
===========================================================================
  Fold      AUC-ROC      AUPRC      Brier   Accuracy         F1
  ----------------------------------------------------------
  1          0.8386     0.4020     0.1683     0.6720     0.3838
  2          0.8476     0.3857     0.1619     0.7957     0.4722
  3          0.8223     0.4014     0.1714     0.7366     0.3951
  4          0.8172     0.3172     0.1819     0.8065     0.4545
  5          0.7885     0.2863     0.1709     0.7297     0.3750
  ──────────────────────────────────────────────────────────
  Mean       0.8228     0.3585     0.1709     0.7481     0.4161
  ±Std       0.0203     0.0477     0.0065     0.0488     0.0395
  [M2_2/focal/len128/scale_clinic] Evaluating on test set (med_epoch=14, thresh=0.508) ...

=======================================================
CrossAttn Test Evaluation  (scale_clin=True, scale_aec=False, threshold=0.508)
=======================================================
CrossAttn — training final model for 14 epochs on full CV set …

CrossAttn — Test Set (Overall):
  AUC: 0.7863  AUPRC: 0.2929  Brier: 0.1851  Acc: 0.6738  F1: 0.3214

CrossAttn — Test Set (By Sex):
  [M] n=85  AUC: 0.7907  AUPRC: 0.3861  Brier: 0.1934  Acc: 0.6471  F1: 0.4000
              precision    recall  f1-score   support

      Normal       0.92      0.63      0.75        71
  Sarcopenia       0.28      0.71      0.40        14

    accuracy                           0.65        85
   macro avg       0.60      0.67      0.57        85
weighted avg       0.81      0.65      0.69        85

  [F] n=148  AUC: 0.7671  AUPRC: 0.2305  Brier: 0.1803  Acc: 0.6892  F1: 0.2581
              precision    recall  f1-score   support

      Normal       0.97      0.69      0.80       137
  Sarcopenia       0.16      0.73      0.26        11

    accuracy                           0.69       148
   macro avg       0.56      0.71      0.53       148
weighted avg       0.91      0.69      0.76       148


───────────────────────────────────────────────────────
Test Set — Bootstrap CI
───────────────────────────────────────────────────────

  Bootstrap 95% CI — CrossAttn  (n_boot=2000)
  Metric         Estimate   95% CI Lower   95% CI Upper
  ----------------------------------------------------
  AUC-ROC          0.7863         0.6937         0.8675
  AUPRC            0.2929         0.1793         0.4902
  Brier            0.1851         0.1686         0.2009
  Accuracy         0.6738         0.6137         0.7339
  F1               0.3214         0.2083         0.4370
  [M2_2/focal/len128/scale_clinic] Saving figures ...

Saved (model 2_2 (len128, unmatched, focal)):
  연구코드/results/ok+missing/model_2_2\focal\aec256\len128/data_distribution.png
  연구코드/results/ok+missing/model_2_2\focal\aec256\len128/cv_roc_curves.png
  연구코드/results/ok+missing/model_2_2\focal\aec256\len128/cv_metric_distribution.png
  연구코드/results/ok+missing/model_2_2\focal\aec256\len128/training_curves.png
  연구코드/results/ok+missing/model_2_2\focal\aec256\len128/test_roc_curves.png
  연구코드/results/ok+missing/model_2_2\focal\aec256\len128/test_roc_by_sex.png
  연구코드/results/ok+missing/model_2_2\focal\aec256\len128/confusion_matrices.png
  연구코드/results/ok+missing/model_2_2\focal\aec256\len128/calibration.png
  연구코드/results/ok+missing/model_2_2\focal\aec256\len128/results.md
  [M2_2/focal/len128/scale_clinic] Plotting attention maps ...
  연구코드/results/ok+missing/model_2_2\focal\aec256\len128/attention_map_c2a.png
  연구코드/results/ok+missing/model_2_2\focal\aec256\len128/attention_heatmap.png
  [M2_2/focal/len128/scale_clinic] Done.

############################################################
  [M2_2 crop80] CASE : scale_clinic  (scale_clinic=True, loss=focal)
############################################################
  [M2_2/focal/crop80/scale_clinic] Cross-validating CrossAttn ...
=======================================================
5-Fold CV  [CrossAttn | scale_clin=True, scale_aec=False]
=======================================================

── Fold 1/5 ──────────────────────────────
  CA   — AUC: 0.8491  AUPRC: 0.4876  Brier: 0.1211  Acc: 0.8118  F1: 0.4776  (best ep=49, thresh=0.504)

── Fold 2/5 ──────────────────────────────
  CA   — AUC: 0.8349  AUPRC: 0.4551  Brier: 0.1747  Acc: 0.7097  F1: 0.4000  (best ep=29, thresh=0.508)

── Fold 3/5 ──────────────────────────────
  CA   — AUC: 0.8111  AUPRC: 0.3184  Brier: 0.1976  Acc: 0.7581  F1: 0.4304  (best ep=11, thresh=0.526)

── Fold 4/5 ──────────────────────────────
  CA   — AUC: 0.8223  AUPRC: 0.3770  Brier: 0.1966  Acc: 0.7742  F1: 0.4167  (best ep=6, thresh=0.549)

── Fold 5/5 ──────────────────────────────
  CA   — AUC: 0.7670  AUPRC: 0.2515  Brier: 0.1531  Acc: 0.7459  F1: 0.4051  (best ep=29, thresh=0.458)

===========================================================================
CrossAttn  —  5-Fold CV Summary
===========================================================================
  Fold      AUC-ROC      AUPRC      Brier   Accuracy         F1
  ----------------------------------------------------------
  1          0.8491     0.4876     0.1211     0.8118     0.4776
  2          0.8349     0.4551     0.1747     0.7097     0.4000
  3          0.8111     0.3184     0.1976     0.7581     0.4304
  4          0.8223     0.3770     0.1966     0.7742     0.4167
  5          0.7670     0.2515     0.1531     0.7459     0.4051
  ──────────────────────────────────────────────────────────
  Mean       0.8169     0.3779     0.1686     0.7599     0.4259
  ±Std       0.0280     0.0866     0.0288     0.0335     0.0279
  [M2_2/focal/crop80/scale_clinic] Evaluating on test set (med_epoch=29, thresh=0.508) ...

=======================================================
CrossAttn Test Evaluation  (scale_clin=True, scale_aec=False, threshold=0.508)
=======================================================
CrossAttn — training final model for 29 epochs on full CV set …

CrossAttn — Test Set (Overall):
  AUC: 0.7708  AUPRC: 0.2990  Brier: 0.1901  Acc: 0.6738  F1: 0.3214

CrossAttn — Test Set (By Sex):
  [M] n=85  AUC: 0.7525  AUPRC: 0.3733  Brier: 0.2082  Acc: 0.6118  F1: 0.3774
              precision    recall  f1-score   support

      Normal       0.91      0.59      0.72        71
  Sarcopenia       0.26      0.71      0.38        14

    accuracy                           0.61        85
   macro avg       0.58      0.65      0.55        85
weighted avg       0.80      0.61      0.66        85

  [F] n=148  AUC: 0.7605  AUPRC: 0.2344  Brier: 0.1797  Acc: 0.7095  F1: 0.2712
              precision    recall  f1-score   support

      Normal       0.97      0.71      0.82       137
  Sarcopenia       0.17      0.73      0.27        11

    accuracy                           0.71       148
   macro avg       0.57      0.72      0.54       148
weighted avg       0.91      0.71      0.78       148


───────────────────────────────────────────────────────
Test Set — Bootstrap CI
───────────────────────────────────────────────────────

  Bootstrap 95% CI — CrossAttn  (n_boot=2000)
  Metric         Estimate   95% CI Lower   95% CI Upper
  ----------------------------------------------------
  AUC-ROC          0.7708         0.6677         0.8597
  AUPRC            0.2990         0.1712         0.4789
  Brier            0.1901         0.1727         0.2075
  Accuracy         0.6738         0.6137         0.7297
  F1               0.3214         0.2124         0.4348
  [M2_2/focal/crop80/scale_clinic] Saving figures ...

Saved (model 2_2 (crop80, unmatched, focal)):
  연구코드/results/ok+missing/model_2_2\focal\aec256\crop80/data_distribution.png
  연구코드/results/ok+missing/model_2_2\focal\aec256\crop80/cv_roc_curves.png
  연구코드/results/ok+missing/model_2_2\focal\aec256\crop80/cv_metric_distribution.png
  연구코드/results/ok+missing/model_2_2\focal\aec256\crop80/training_curves.png
  연구코드/results/ok+missing/model_2_2\focal\aec256\crop80/test_roc_curves.png
  연구코드/results/ok+missing/model_2_2\focal\aec256\crop80/test_roc_by_sex.png
  연구코드/results/ok+missing/model_2_2\focal\aec256\crop80/confusion_matrices.png
  연구코드/results/ok+missing/model_2_2\focal\aec256\crop80/calibration.png
  연구코드/results/ok+missing/model_2_2\focal\aec256\crop80/results.md
  [M2_2/focal/crop80/scale_clinic] Plotting attention maps ...
  연구코드/results/ok+missing/model_2_2\focal\aec256\crop80/attention_map_c2a.png
  연구코드/results/ok+missing/model_2_2\focal\aec256\crop80/attention_heatmap.png
  [M2_2/focal/crop80/scale_clinic] Done.

############################################################
  [M2_2 crop60] CASE : scale_clinic  (scale_clinic=True, loss=focal)
############################################################
  [M2_2/focal/crop60/scale_clinic] Cross-validating CrossAttn ...
=======================================================
5-Fold CV  [CrossAttn | scale_clin=True, scale_aec=False]
=======================================================

── Fold 1/5 ──────────────────────────────
  CA   — AUC: 0.8521  AUPRC: 0.5248  Brier: 0.1799  Acc: 0.7097  F1: 0.4130  (best ep=1, thresh=0.467)

── Fold 2/5 ──────────────────────────────
  CA   — AUC: 0.8187  AUPRC: 0.3885  Brier: 0.2107  Acc: 0.7796  F1: 0.4533  (best ep=5, thresh=0.563)

── Fold 3/5 ──────────────────────────────
  CA   — AUC: 0.8036  AUPRC: 0.3510  Brier: 0.1726  Acc: 0.7097  F1: 0.3864  (best ep=29, thresh=0.506)

── Fold 4/5 ──────────────────────────────
  CA   — AUC: 0.8205  AUPRC: 0.3906  Brier: 0.1693  Acc: 0.7043  F1: 0.3820  (best ep=3, thresh=0.460)

── Fold 5/5 ──────────────────────────────
  CA   — AUC: 0.7857  AUPRC: 0.3203  Brier: 0.2063  Acc: 0.7405  F1: 0.4000  (best ep=6, thresh=0.534)

===========================================================================
CrossAttn  —  5-Fold CV Summary
===========================================================================
  Fold      AUC-ROC      AUPRC      Brier   Accuracy         F1
  ----------------------------------------------------------
  1          0.8521     0.5248     0.1799     0.7097     0.4130
  2          0.8187     0.3885     0.2107     0.7796     0.4533
  3          0.8036     0.3510     0.1726     0.7097     0.3864
  4          0.8205     0.3906     0.1693     0.7043     0.3820
  5          0.7857     0.3203     0.2063     0.7405     0.4000
  ──────────────────────────────────────────────────────────
  Mean       0.8161     0.3950     0.1878     0.7288     0.4070
  ±Std       0.0219     0.0699     0.0173     0.0284     0.0256
  [M2_2/focal/crop60/scale_clinic] Evaluating on test set (med_epoch=5, thresh=0.506) ...

=======================================================
CrossAttn Test Evaluation  (scale_clin=True, scale_aec=False, threshold=0.506)
=======================================================
CrossAttn — training final model for 5 epochs on full CV set …

CrossAttn — Test Set (Overall):
  AUC: 0.7902  AUPRC: 0.3997  Brier: 0.1775  Acc: 0.7682  F1: 0.3571

CrossAttn — Test Set (By Sex):
  [M] n=85  AUC: 0.8461  AUPRC: 0.5348  Brier: 0.1960  Acc: 0.7294  F1: 0.4651
              precision    recall  f1-score   support

      Normal       0.93      0.73      0.82        71
  Sarcopenia       0.34      0.71      0.47        14

    accuracy                           0.73        85
   macro avg       0.64      0.72      0.64        85
weighted avg       0.83      0.73      0.76        85

  [F] n=148  AUC: 0.7034  AUPRC: 0.2260  Brier: 0.1669  Acc: 0.7905  F1: 0.2439
              precision    recall  f1-score   support

      Normal       0.95      0.82      0.88       137
  Sarcopenia       0.17      0.45      0.24        11

    accuracy                           0.79       148
   macro avg       0.56      0.64      0.56       148
weighted avg       0.89      0.79      0.83       148


───────────────────────────────────────────────────────
Test Set — Bootstrap CI
───────────────────────────────────────────────────────

  Bootstrap 95% CI — CrossAttn  (n_boot=2000)
  Metric         Estimate   95% CI Lower   95% CI Upper
  ----------------------------------------------------
  AUC-ROC          0.7902         0.6893         0.8775
  AUPRC            0.3997         0.2304         0.5758
  Brier            0.1775         0.1658         0.1894
  Accuracy         0.7682         0.7124         0.8240
  F1               0.3571         0.2222         0.4855
  [M2_2/focal/crop60/scale_clinic] Saving figures ...

Saved (model 2_2 (crop60, unmatched, focal)):
  연구코드/results/ok+missing/model_2_2\focal\aec256\crop60/data_distribution.png
  연구코드/results/ok+missing/model_2_2\focal\aec256\crop60/cv_roc_curves.png
  연구코드/results/ok+missing/model_2_2\focal\aec256\crop60/cv_metric_distribution.png
  연구코드/results/ok+missing/model_2_2\focal\aec256\crop60/training_curves.png
  연구코드/results/ok+missing/model_2_2\focal\aec256\crop60/test_roc_curves.png
  연구코드/results/ok+missing/model_2_2\focal\aec256\crop60/test_roc_by_sex.png
  연구코드/results/ok+missing/model_2_2\focal\aec256\crop60/confusion_matrices.png
  연구코드/results/ok+missing/model_2_2\focal\aec256\crop60/calibration.png
  연구코드/results/ok+missing/model_2_2\focal\aec256\crop60/results.md
  [M2_2/focal/crop60/scale_clinic] Plotting attention maps ...
  연구코드/results/ok+missing/model_2_2\focal\aec256\crop60/attention_map_c2a.png
  연구코드/results/ok+missing/model_2_2\focal\aec256\crop60/attention_heatmap.png
  [M2_2/focal/crop60/scale_clinic] Done.
