============================================================
  MODEL 1 — Clinic Only
============================================================
  [M1] Cross-validating LR ...
=======================================================
5-Fold Cross-Validation  [scale_X=True]
=======================================================

── Fold 1/5 ──────────────────────────────
  LR — AUC: 0.7852  AUPRC: 0.3071  Brier: 0.1524  Acc: 0.6344  F1: 0.3462  (thresh=0.323)

── Fold 2/5 ──────────────────────────────
  LR — AUC: 0.8253  AUPRC: 0.4085  Brier: 0.1817  Acc: 0.6022  F1: 0.3509  (thresh=0.325)

── Fold 3/5 ──────────────────────────────
  LR — AUC: 0.7913  AUPRC: 0.3465  Brier: 0.1884  Acc: 0.6828  F1: 0.3789  (thresh=0.433)

── Fold 4/5 ──────────────────────────────
  LR — AUC: 0.8837  AUPRC: 0.5483  Brier: 0.1852  Acc: 0.8656  F1: 0.5614  (thresh=0.646)

── Fold 5/5 ──────────────────────────────
  LR — AUC: 0.7595  AUPRC: 0.3551  Brier: 0.1926  Acc: 0.7581  F1: 0.4000  (thresh=0.532)

===========================================================================
LR  —  5-Fold CV Summary
===========================================================================
  Fold      AUC-ROC      AUPRC      Brier   Accuracy         F1
  ----------------------------------------------------------
  1          0.7852     0.3071     0.1524     0.6344     0.3462
  2          0.8253     0.4085     0.1817     0.6022     0.3509
  3          0.7913     0.3465     0.1884     0.6828     0.3789
  4          0.8837     0.5483     0.1852     0.8656     0.5614
  5          0.7595     0.3551     0.1926     0.7581     0.4000
  ──────────────────────────────────────────────────────────
  Mean       0.8090     0.3931     0.1800     0.7086     0.4075
  ±Std       0.0428     0.0841     0.0143     0.0944     0.0794
  [M1] Evaluating on test set (thresh=0.433) ...

=======================================================
Final Test Evaluation  (scale_X=True, threshold=0.433)
=======================================================

Logistic Regression — Test Set (Overall):
  AUC: 0.8127  AUPRC: 0.4105  Brier: 0.1869  Acc: 0.6481  F1: 0.3387

Logistic Regression — Test Set (By Sex):
  [M] n=85  AUC: 0.7716  AUPRC: 0.4681  Brier: 0.2433  Acc: 0.5529  F1: 0.4062
              precision    recall  f1-score   support

      Normal       0.97      0.48      0.64        71
  Sarcopenia       0.26      0.93      0.41        14

    accuracy                           0.55        85
   macro avg       0.62      0.70      0.52        85
weighted avg       0.85      0.55      0.60        85

  [F] n=148  AUC: 0.7963  AUPRC: 0.3909  Brier: 0.1546  Acc: 0.7027  F1: 0.2667
              precision    recall  f1-score   support

      Normal       0.97      0.70      0.81       137
  Sarcopenia       0.16      0.73      0.27        11

    accuracy                           0.70       148
   macro avg       0.57      0.71      0.54       148
weighted avg       0.91      0.70      0.77       148


───────────────────────────────────────────────────────
Test Set — Bootstrap CI
───────────────────────────────────────────────────────

  Bootstrap 95% CI — LR  (n_boot=2000)
  Metric         Estimate   95% CI Lower   95% CI Upper
  ----------------------------------------------------
  AUC-ROC          0.8127         0.7287         0.8883
  AUPRC            0.4105         0.2428         0.5883
  Brier            0.1869         0.1618         0.2127
  Accuracy         0.6481         0.5880         0.7082
  F1               0.3387         0.2376         0.4480
  [M1] Saving figures ...

Saved:
  연구코드/results/0529/liver_pubis/model_1/data_distribution.png
  연구코드/results/0529/liver_pubis/model_1/cv_roc_curves.png
  연구코드/results/0529/liver_pubis/model_1/cv_metric_distribution.png
  연구코드/results/0529/liver_pubis/model_1/confusion_matrices.png
  연구코드/results/0529/liver_pubis/model_1/test_roc_curves.png
  연구코드/results/0529/liver_pubis/model_1/test_roc_by_sex.png
  연구코드/results/0529/liver_pubis/model_1/calibration.png
  연구코드/results/0529/liver_pubis/model_1/results.md
  [M1] Done.
