============================================================
  MODEL 3 — Clinic + Scanner + AEC (aec128)  (4 AEC variants)
============================================================

############################################################
  [M3 raw]  (scale_clinic=True, scale_aec=none)
############################################################
  [M3/raw] Cross-validating CrossAttn3 ...
=================================================================
5-Fold CV  [CrossAttn3 | scale_clin=True, scale_aec=none]
=================================================================

── Fold 1/5 ──────────────────────────────
  CA3  — AUC: 0.8387  AUPRC: 0.3622  Brier: 0.2545  Acc: 0.7978  F1: 0.4932  (best ep=225, thresh=0.625)

── Fold 2/5 ──────────────────────────────
  CA3  — AUC: 0.8306  AUPRC: 0.4543  Brier: 0.2036  Acc: 0.8525  F1: 0.4906  (best ep=252, thresh=0.634)

── Fold 3/5 ──────────────────────────────
  CA3  — AUC: 0.7869  AUPRC: 0.3177  Brier: 0.2700  Acc: 0.6885  F1: 0.3448  (best ep=107, thresh=0.583)

── Fold 4/5 ──────────────────────────────
  CA3  — AUC: 0.7959  AUPRC: 0.3725  Brier: 0.2226  Acc: 0.8251  F1: 0.4483  (best ep=132, thresh=0.659)

── Fold 5/5 ──────────────────────────────
  CA3  — AUC: 0.7953  AUPRC: 0.3625  Brier: 0.2404  Acc: 0.8187  F1: 0.4407  (best ep=113, thresh=0.678)

===========================================================================
CrossAttn3  —  5-Fold CV Summary
===========================================================================
  Fold      AUC-ROC      AUPRC      Brier   Accuracy         F1
  ----------------------------------------------------------
  1          0.8387     0.3622     0.2545     0.7978     0.4932
  2          0.8306     0.4543     0.2036     0.8525     0.4906
  3          0.7869     0.3177     0.2700     0.6885     0.3448
  4          0.7959     0.3725     0.2226     0.8251     0.4483
  5          0.7953     0.3625     0.2404     0.8187     0.4407
  ──────────────────────────────────────────────────────────
  Mean       0.8095     0.3738     0.2382     0.7965     0.4435
  ±Std       0.0209     0.0445     0.0233     0.0568     0.0538
  [M3/raw] Evaluating on test set (med_epoch=132, thresh=0.634) ...

=================================================================
CrossAttn3 Test Evaluation  (scale_clin=True, scale_aec=none, threshold=0.634)
=================================================================
CrossAttn3 — training final model for 132 epochs on full CV set …
  [CrossAttn3] Model weights saved → 연구코드/results/0605/stage1_1e-05_epoch500/model_3\raw128\raw\M3_raw_weights.pt

CrossAttn3 — Test Set (Overall):
  AUC: 0.7921  AUPRC: 0.2884  Brier: 0.2632  Acc: 0.7729  F1: 0.3953

CrossAttn3 — Test Set (By Sex):
  [M] n=82  AUC: 0.7191  AUPRC: 0.3330  Brier: 0.2929  Acc: 0.7195  F1: 0.4651
              precision    recall  f1-score   support

      Normal       0.94      0.71      0.81        69
  Sarcopenia       0.33      0.77      0.47        13

    accuracy                           0.72        82
   macro avg       0.64      0.74      0.64        82
weighted avg       0.85      0.72      0.76        82

  [F] n=147  AUC: 0.8389  AUPRC: 0.2965  Brier: 0.2467  Acc: 0.8027  F1: 0.3256
              precision    recall  f1-score   support

      Normal       0.97      0.82      0.88       136
  Sarcopenia       0.22      0.64      0.33        11

    accuracy                           0.80       147
   macro avg       0.59      0.73      0.61       147
weighted avg       0.91      0.80      0.84       147


───────────────────────────────────────────────────────
Test Set — Bootstrap CI
───────────────────────────────────────────────────────

  Bootstrap 95% CI — CrossAttn3  (n_boot=2000)
  Metric         Estimate   95% CI Lower   95% CI Upper
  ----------------------------------------------------
  AUC-ROC          0.7921         0.7037         0.8723
  AUPRC            0.2884         0.1741         0.4585
  Brier            0.2632         0.2361         0.2890
  Accuracy         0.7729         0.7205         0.8254
  F1               0.3953         0.2653         0.5208
  [M3/raw] Saving figures ...

Saved (model 3 (raw)):
  연구코드/results/0605/stage1_1e-05_epoch500/model_3\raw128\raw/data_distribution.png
  연구코드/results/0605/stage1_1e-05_epoch500/model_3\raw128\raw/cv_roc_curves.png
  연구코드/results/0605/stage1_1e-05_epoch500/model_3\raw128\raw/cv_metric_distribution.png
  연구코드/results/0605/stage1_1e-05_epoch500/model_3\raw128\raw/training_curves.png
  연구코드/results/0605/stage1_1e-05_epoch500/model_3\raw128\raw/test_roc_curves.png
  연구코드/results/0605/stage1_1e-05_epoch500/model_3\raw128\raw/test_roc_by_sex.png
  연구코드/results/0605/stage1_1e-05_epoch500/model_3\raw128\raw/confusion_matrices.png
  연구코드/results/0605/stage1_1e-05_epoch500/model_3\raw128\raw/calibration.png
  연구코드/results/0605/stage1_1e-05_epoch500/model_3\raw128\raw/results.md
  [M3/raw] Plotting attention maps ...
  연구코드/results/0605/stage1_1e-05_epoch500/model_3\raw128\raw/attention_map_c2a.png
  연구코드/results/0605/stage1_1e-05_epoch500/model_3\raw128\raw/attention_heatmap_c2a.png
  연구코드/results/0605/stage1_1e-05_epoch500/model_3\raw128\raw/attention_map_a2c.png
  연구코드/results/0605/stage1_1e-05_epoch500/model_3\raw128\raw/attention_heatmap_a2c.png
  [M3/raw] Plotting Grad-CAM ...
  연구코드/results/0605/stage1_1e-05_epoch500/model_3\raw128\raw/cam_aec_mean.png
  연구코드/results/0605/stage1_1e-05_epoch500/model_3\raw128\raw/cam_aec_lines.png
  연구코드/results/0605/stage1_1e-05_epoch500/model_3\raw128\raw/cam_aec_heatmap.png
  [M3/raw] Done.

############################################################
  [M3 std_scaled]  (scale_clinic=True, scale_aec=column)
############################################################
  [M3/std_scaled] Cross-validating CrossAttn3 ...
=================================================================
5-Fold CV  [CrossAttn3 | scale_clin=True, scale_aec=column]
=================================================================

── Fold 1/5 ──────────────────────────────
  CA3  — AUC: 0.8350  AUPRC: 0.3880  Brier: 0.2671  Acc: 0.7158  F1: 0.4222  (best ep=164, thresh=0.605)

── Fold 2/5 ──────────────────────────────
  CA3  — AUC: 0.8556  AUPRC: 0.5349  Brier: 0.1993  Acc: 0.8197  F1: 0.4762  (best ep=375, thresh=0.607)

── Fold 3/5 ──────────────────────────────
  CA3  — AUC: 0.7949  AUPRC: 0.3753  Brier: 0.2738  Acc: 0.7978  F1: 0.4308  (best ep=105, thresh=0.662)

── Fold 4/5 ──────────────────────────────
  CA3  — AUC: 0.7850  AUPRC: 0.3611  Brier: 0.2292  Acc: 0.7814  F1: 0.4118  (best ep=103, thresh=0.627)

── Fold 5/5 ──────────────────────────────
  CA3  — AUC: 0.8134  AUPRC: 0.3978  Brier: 0.2337  Acc: 0.8407  F1: 0.4727  (best ep=154, thresh=0.686)

===========================================================================
CrossAttn3  —  5-Fold CV Summary
===========================================================================
  Fold      AUC-ROC      AUPRC      Brier   Accuracy         F1
  ----------------------------------------------------------
  1          0.8350     0.3880     0.2671     0.7158     0.4222
  2          0.8556     0.5349     0.1993     0.8197     0.4762
  3          0.7949     0.3753     0.2738     0.7978     0.4308
  4          0.7850     0.3611     0.2292     0.7814     0.4118
  5          0.8134     0.3978     0.2337     0.8407     0.4727
  ──────────────────────────────────────────────────────────
  Mean       0.8168     0.4114     0.2406     0.7911     0.4427
  ±Std       0.0258     0.0629     0.0271     0.0426     0.0266
  [M3/std_scaled] Evaluating on test set (med_epoch=154, thresh=0.627) ...

=================================================================
CrossAttn3 Test Evaluation  (scale_clin=True, scale_aec=column, threshold=0.627)
=================================================================
CrossAttn3 — training final model for 154 epochs on full CV set …
  [CrossAttn3] Model weights saved → 연구코드/results/0605/stage1_1e-05_epoch500/model_3\raw128\std_scaled\M3_std_scaled_weights.pt

CrossAttn3 — Test Set (Overall):
  AUC: 0.8075  AUPRC: 0.3034  Brier: 0.2481  Acc: 0.7686  F1: 0.4045

CrossAttn3 — Test Set (By Sex):
  [M] n=82  AUC: 0.7113  AUPRC: 0.3331  Brier: 0.3017  Acc: 0.6951  F1: 0.4444
              precision    recall  f1-score   support

      Normal       0.94      0.68      0.79        69
  Sarcopenia       0.31      0.77      0.44        13

    accuracy                           0.70        82
   macro avg       0.63      0.73      0.62        82
weighted avg       0.84      0.70      0.74        82

  [F] n=147  AUC: 0.8616  AUPRC: 0.3575  Brier: 0.2182  Acc: 0.8095  F1: 0.3636
              precision    recall  f1-score   support

      Normal       0.97      0.82      0.89       136
  Sarcopenia       0.24      0.73      0.36        11

    accuracy                           0.81       147
   macro avg       0.61      0.77      0.63       147
weighted avg       0.92      0.81      0.85       147


───────────────────────────────────────────────────────
Test Set — Bootstrap CI
───────────────────────────────────────────────────────

  Bootstrap 95% CI — CrossAttn3  (n_boot=2000)
  Metric         Estimate   95% CI Lower   95% CI Upper
  ----------------------------------------------------
  AUC-ROC          0.8075         0.7105         0.8834
  AUPRC            0.3034         0.1813         0.4777
  Brier            0.2481         0.2199         0.2752
  Accuracy         0.7686         0.7162         0.8210
  F1               0.4045         0.2750         0.5319
  [M3/std_scaled] Saving figures ...

Saved (model 3 (std_scaled)):
  연구코드/results/0605/stage1_1e-05_epoch500/model_3\raw128\std_scaled/data_distribution.png
  연구코드/results/0605/stage1_1e-05_epoch500/model_3\raw128\std_scaled/cv_roc_curves.png
  연구코드/results/0605/stage1_1e-05_epoch500/model_3\raw128\std_scaled/cv_metric_distribution.png
  연구코드/results/0605/stage1_1e-05_epoch500/model_3\raw128\std_scaled/training_curves.png
  연구코드/results/0605/stage1_1e-05_epoch500/model_3\raw128\std_scaled/test_roc_curves.png
  연구코드/results/0605/stage1_1e-05_epoch500/model_3\raw128\std_scaled/test_roc_by_sex.png
  연구코드/results/0605/stage1_1e-05_epoch500/model_3\raw128\std_scaled/confusion_matrices.png
  연구코드/results/0605/stage1_1e-05_epoch500/model_3\raw128\std_scaled/calibration.png
  연구코드/results/0605/stage1_1e-05_epoch500/model_3\raw128\std_scaled/results.md
  [M3/std_scaled] Plotting attention maps ...
  연구코드/results/0605/stage1_1e-05_epoch500/model_3\raw128\std_scaled/attention_map_c2a.png
  연구코드/results/0605/stage1_1e-05_epoch500/model_3\raw128\std_scaled/attention_heatmap_c2a.png
  연구코드/results/0605/stage1_1e-05_epoch500/model_3\raw128\std_scaled/attention_map_a2c.png
  연구코드/results/0605/stage1_1e-05_epoch500/model_3\raw128\std_scaled/attention_heatmap_a2c.png
  [M3/std_scaled] Plotting Grad-CAM ...
  연구코드/results/0605/stage1_1e-05_epoch500/model_3\raw128\std_scaled/cam_aec_mean.png
  연구코드/results/0605/stage1_1e-05_epoch500/model_3\raw128\std_scaled/cam_aec_lines.png
  연구코드/results/0605/stage1_1e-05_epoch500/model_3\raw128\std_scaled/cam_aec_heatmap.png
  [M3/std_scaled] Done.

############################################################
  [M3 norm]  (scale_clinic=True, scale_aec=none)
############################################################
  [M3/norm] Cross-validating CrossAttn3 ...
=================================================================
5-Fold CV  [CrossAttn3 | scale_clin=True, scale_aec=none]
=================================================================

── Fold 1/5 ──────────────────────────────
  CA3  — AUC: 0.8055  AUPRC: 0.3419  Brier: 0.2475  Acc: 0.7104  F1: 0.3908  (best ep=159, thresh=0.555)

── Fold 2/5 ──────────────────────────────
  CA3  — AUC: 0.8402  AUPRC: 0.4823  Brier: 0.2217  Acc: 0.7213  F1: 0.4000  (best ep=87, thresh=0.506)

── Fold 3/5 ──────────────────────────────
  CA3  — AUC: 0.7622  AUPRC: 0.2588  Brier: 0.2686  Acc: 0.7322  F1: 0.3636  (best ep=82, thresh=0.607)

── Fold 4/5 ──────────────────────────────
  CA3  — AUC: 0.7866  AUPRC: 0.3687  Brier: 0.2265  Acc: 0.6885  F1: 0.3596  (best ep=103, thresh=0.544)

── Fold 5/5 ──────────────────────────────
  CA3  — AUC: 0.7988  AUPRC: 0.4159  Brier: 0.2689  Acc: 0.8242  F1: 0.4667  (best ep=60, thresh=0.677)

===========================================================================
CrossAttn3  —  5-Fold CV Summary
===========================================================================
  Fold      AUC-ROC      AUPRC      Brier   Accuracy         F1
  ----------------------------------------------------------
  1          0.8055     0.3419     0.2475     0.7104     0.3908
  2          0.8402     0.4823     0.2217     0.7213     0.4000
  3          0.7622     0.2588     0.2686     0.7322     0.3636
  4          0.7866     0.3687     0.2265     0.6885     0.3596
  5          0.7988     0.4159     0.2689     0.8242     0.4667
  ──────────────────────────────────────────────────────────
  Mean       0.7987     0.3735     0.2466     0.7353     0.3961
  ±Std       0.0255     0.0746     0.0200     0.0467     0.0385
  [M3/norm] Evaluating on test set (med_epoch=87, thresh=0.555) ...

=================================================================
CrossAttn3 Test Evaluation  (scale_clin=True, scale_aec=none, threshold=0.555)
=================================================================
CrossAttn3 — training final model for 87 epochs on full CV set …
  [CrossAttn3] Model weights saved → 연구코드/results/0605/stage1_1e-05_epoch500/model_3\raw128\norm\M3_norm_weights.pt

CrossAttn3 — Test Set (Overall):
  AUC: 0.8087  AUPRC: 0.2814  Brier: 0.2519  Acc: 0.6419  F1: 0.3492

CrossAttn3 — Test Set (By Sex):
  [M] n=82  AUC: 0.7157  AUPRC: 0.2726  Brier: 0.2933  Acc: 0.5610  F1: 0.3793
              precision    recall  f1-score   support

      Normal       0.95      0.51      0.66        69
  Sarcopenia       0.24      0.85      0.38        13

    accuracy                           0.56        82
   macro avg       0.60      0.68      0.52        82
weighted avg       0.83      0.56      0.62        82

  [F] n=147  AUC: 0.8523  AUPRC: 0.3279  Brier: 0.2289  Acc: 0.6871  F1: 0.3235
              precision    recall  f1-score   support

      Normal       1.00      0.66      0.80       136
  Sarcopenia       0.19      1.00      0.32        11

    accuracy                           0.69       147
   macro avg       0.60      0.83      0.56       147
weighted avg       0.94      0.69      0.76       147


───────────────────────────────────────────────────────
Test Set — Bootstrap CI
───────────────────────────────────────────────────────

  Bootstrap 95% CI — CrossAttn3  (n_boot=2000)
  Metric         Estimate   95% CI Lower   95% CI Upper
  ----------------------------------------------------
  AUC-ROC          0.8087         0.7253         0.8807
  AUPRC            0.2814         0.1811         0.4650
  Brier            0.2519         0.2255         0.2765
  Accuracy         0.6419         0.5764         0.7074
  F1               0.3492         0.2342         0.4595
  [M3/norm] Saving figures ...

Saved (model 3 (norm)):
  연구코드/results/0605/stage1_1e-05_epoch500/model_3\raw128\norm/data_distribution.png
  연구코드/results/0605/stage1_1e-05_epoch500/model_3\raw128\norm/cv_roc_curves.png
  연구코드/results/0605/stage1_1e-05_epoch500/model_3\raw128\norm/cv_metric_distribution.png
  연구코드/results/0605/stage1_1e-05_epoch500/model_3\raw128\norm/training_curves.png
  연구코드/results/0605/stage1_1e-05_epoch500/model_3\raw128\norm/test_roc_curves.png
  연구코드/results/0605/stage1_1e-05_epoch500/model_3\raw128\norm/test_roc_by_sex.png
  연구코드/results/0605/stage1_1e-05_epoch500/model_3\raw128\norm/confusion_matrices.png
  연구코드/results/0605/stage1_1e-05_epoch500/model_3\raw128\norm/calibration.png
  연구코드/results/0605/stage1_1e-05_epoch500/model_3\raw128\norm/results.md
  [M3/norm] Plotting attention maps ...
  연구코드/results/0605/stage1_1e-05_epoch500/model_3\raw128\norm/attention_map_c2a.png
  연구코드/results/0605/stage1_1e-05_epoch500/model_3\raw128\norm/attention_heatmap_c2a.png
  연구코드/results/0605/stage1_1e-05_epoch500/model_3\raw128\norm/attention_map_a2c.png
  연구코드/results/0605/stage1_1e-05_epoch500/model_3\raw128\norm/attention_heatmap_a2c.png
  [M3/norm] Plotting Grad-CAM ...
  연구코드/results/0605/stage1_1e-05_epoch500/model_3\raw128\norm/cam_aec_mean.png
  연구코드/results/0605/stage1_1e-05_epoch500/model_3\raw128\norm/cam_aec_lines.png
  연구코드/results/0605/stage1_1e-05_epoch500/model_3\raw128\norm/cam_aec_heatmap.png
  [M3/norm] Done.

############################################################
  [M3 global_zscore]  (scale_clinic=True, scale_aec=global)
############################################################
  [M3/global_zscore] Cross-validating CrossAttn3 ...
=================================================================
5-Fold CV  [CrossAttn3 | scale_clin=True, scale_aec=global]
=================================================================

── Fold 1/5 ──────────────────────────────
  CA3  — AUC: 0.8466  AUPRC: 0.3895  Brier: 0.2600  Acc: 0.7541  F1: 0.4304  (best ep=102, thresh=0.628)

── Fold 2/5 ──────────────────────────────
  CA3  — AUC: 0.8508  AUPRC: 0.4572  Brier: 0.2143  Acc: 0.7541  F1: 0.4156  (best ep=205, thresh=0.550)

── Fold 3/5 ──────────────────────────────
  CA3  — AUC: 0.7895  AUPRC: 0.4191  Brier: 0.2737  Acc: 0.8634  F1: 0.4681  (best ep=114, thresh=0.781)

── Fold 4/5 ──────────────────────────────
  CA3  — AUC: 0.7892  AUPRC: 0.3060  Brier: 0.2252  Acc: 0.7377  F1: 0.3846  (best ep=115, thresh=0.565)

── Fold 5/5 ──────────────────────────────
  CA3  — AUC: 0.7992  AUPRC: 0.3782  Brier: 0.2202  Acc: 0.7418  F1: 0.4051  (best ep=170, thresh=0.578)

===========================================================================
CrossAttn3  —  5-Fold CV Summary
===========================================================================
  Fold      AUC-ROC      AUPRC      Brier   Accuracy         F1
  ----------------------------------------------------------
  1          0.8466     0.3895     0.2600     0.7541     0.4304
  2          0.8508     0.4572     0.2143     0.7541     0.4156
  3          0.7895     0.4191     0.2737     0.8634     0.4681
  4          0.7892     0.3060     0.2252     0.7377     0.3846
  5          0.7992     0.3782     0.2202     0.7418     0.4051
  ──────────────────────────────────────────────────────────
  Mean       0.8150     0.3900     0.2387     0.7702     0.4207
  ±Std       0.0277     0.0501     0.0236     0.0470     0.0280
  [M3/global_zscore] Evaluating on test set (med_epoch=115, thresh=0.578) ...

=================================================================
CrossAttn3 Test Evaluation  (scale_clin=True, scale_aec=global, threshold=0.578)
=================================================================
CrossAttn3 — training final model for 115 epochs on full CV set …
  [CrossAttn3] Model weights saved → 연구코드/results/0605/stage1_1e-05_epoch500/model_3\raw128\global_zscore\M3_global_zscore_weights.pt

CrossAttn3 — Test Set (Overall):
  AUC: 0.8000  AUPRC: 0.2660  Brier: 0.2661  Acc: 0.6856  F1: 0.3455

CrossAttn3 — Test Set (By Sex):
  [M] n=82  AUC: 0.7246  AUPRC: 0.2840  Brier: 0.3081  Acc: 0.6220  F1: 0.4151
              precision    recall  f1-score   support

      Normal       0.95      0.58      0.72        69
  Sarcopenia       0.28      0.85      0.42        13

    accuracy                           0.62        82
   macro avg       0.61      0.71      0.57        82
weighted avg       0.84      0.62      0.67        82

  [F] n=147  AUC: 0.8429  AUPRC: 0.2944  Brier: 0.2427  Acc: 0.7211  F1: 0.2807
              precision    recall  f1-score   support

      Normal       0.97      0.72      0.83       136
  Sarcopenia       0.17      0.73      0.28        11

    accuracy                           0.72       147
   macro avg       0.57      0.72      0.55       147
weighted avg       0.91      0.72      0.79       147


───────────────────────────────────────────────────────
Test Set — Bootstrap CI
───────────────────────────────────────────────────────

  Bootstrap 95% CI — CrossAttn3  (n_boot=2000)
  Metric         Estimate   95% CI Lower   95% CI Upper
  ----------------------------------------------------
  AUC-ROC          0.8000         0.7152         0.8776
  AUPRC            0.2660         0.1745         0.4385
  Brier            0.2661         0.2387         0.2915
  Accuracy         0.6856         0.6287         0.7467
  F1               0.3455         0.2301         0.4576
  [M3/global_zscore] Saving figures ...

Saved (model 3 (global_zscore)):
  연구코드/results/0605/stage1_1e-05_epoch500/model_3\raw128\global_zscore/data_distribution.png
  연구코드/results/0605/stage1_1e-05_epoch500/model_3\raw128\global_zscore/cv_roc_curves.png
  연구코드/results/0605/stage1_1e-05_epoch500/model_3\raw128\global_zscore/cv_metric_distribution.png
  연구코드/results/0605/stage1_1e-05_epoch500/model_3\raw128\global_zscore/training_curves.png
  연구코드/results/0605/stage1_1e-05_epoch500/model_3\raw128\global_zscore/test_roc_curves.png
  연구코드/results/0605/stage1_1e-05_epoch500/model_3\raw128\global_zscore/test_roc_by_sex.png
  연구코드/results/0605/stage1_1e-05_epoch500/model_3\raw128\global_zscore/confusion_matrices.png
  연구코드/results/0605/stage1_1e-05_epoch500/model_3\raw128\global_zscore/calibration.png
  연구코드/results/0605/stage1_1e-05_epoch500/model_3\raw128\global_zscore/results.md
  [M3/global_zscore] Plotting attention maps ...
  연구코드/results/0605/stage1_1e-05_epoch500/model_3\raw128\global_zscore/attention_map_c2a.png
  연구코드/results/0605/stage1_1e-05_epoch500/model_3\raw128\global_zscore/attention_heatmap_c2a.png
  연구코드/results/0605/stage1_1e-05_epoch500/model_3\raw128\global_zscore/attention_map_a2c.png
  연구코드/results/0605/stage1_1e-05_epoch500/model_3\raw128\global_zscore/attention_heatmap_a2c.png
  [M3/global_zscore] Plotting Grad-CAM ...
  연구코드/results/0605/stage1_1e-05_epoch500/model_3\raw128\global_zscore/cam_aec_mean.png
  연구코드/results/0605/stage1_1e-05_epoch500/model_3\raw128\global_zscore/cam_aec_lines.png
  연구코드/results/0605/stage1_1e-05_epoch500/model_3\raw128\global_zscore/cam_aec_heatmap.png
  [M3/global_zscore] Done.
