============================================================
  MODEL 3 — Clinic + Scanner + AEC (aec128)  (5 AEC variants)
============================================================

############################################################
  [M3 len128]  (scale_clinic=True, scale_aec=True)
############################################################
  [M3/len128] Cross-validating CrossAttn3 ...
=================================================================
5-Fold CV  [CrossAttn3 | scale_clin=True, scale_aec=True]
=================================================================

── Fold 1/5 ──────────────────────────────
  CA3  — AUC: 0.8466  AUPRC: 0.3774  Brier: 0.1783  Acc: 0.8142  F1: 0.4848  (best ep=5, thresh=0.598)

── Fold 2/5 ──────────────────────────────
  CA3  — AUC: 0.8482  AUPRC: 0.4650  Brier: 0.1523  Acc: 0.7705  F1: 0.4324  (best ep=3, thresh=0.509)

── Fold 3/5 ──────────────────────────────
  CA3  — AUC: 0.7875  AUPRC: 0.4520  Brier: 0.2167  Acc: 0.8689  F1: 0.4783  (best ep=3, thresh=0.788)

── Fold 4/5 ──────────────────────────────
  CA3  — AUC: 0.8097  AUPRC: 0.3885  Brier: 0.1379  Acc: 0.7923  F1: 0.4242  (best ep=56, thresh=0.474)

── Fold 5/5 ──────────────────────────────
  CA3  — AUC: 0.8211  AUPRC: 0.4107  Brier: 0.1723  Acc: 0.8242  F1: 0.4667  (best ep=7, thresh=0.626)

===========================================================================
CrossAttn3  —  5-Fold CV Summary
===========================================================================
  Fold      AUC-ROC      AUPRC      Brier   Accuracy         F1
  ----------------------------------------------------------
  1          0.8466     0.3774     0.1783     0.8142     0.4848
  2          0.8482     0.4650     0.1523     0.7705     0.4324
  3          0.7875     0.4520     0.2167     0.8689     0.4783
  4          0.8097     0.3885     0.1379     0.7923     0.4242
  5          0.8211     0.4107     0.1723     0.8242     0.4667
  ──────────────────────────────────────────────────────────
  Mean       0.8226     0.4187     0.1715     0.8140     0.4573
  ±Std       0.0229     0.0345     0.0268     0.0331     0.0245
  [M3/len128] Evaluating on test set (med_epoch=5, thresh=0.598) ...

=================================================================
CrossAttn3 Test Evaluation  (scale_clin=True, scale_aec=True, threshold=0.598)
=================================================================
CrossAttn3 — training final model for 5 epochs on full CV set …

CrossAttn3 — Test Set (Overall):
  AUC: 0.8028  AUPRC: 0.2952  Brier: 0.2237  Acc: 0.7293  F1: 0.3673

CrossAttn3 — Test Set (By Sex):
  [M] n=82  AUC: 0.7269  AUPRC: 0.3035  Brier: 0.2712  Acc: 0.6829  F1: 0.4348
              precision    recall  f1-score   support

      Normal       0.94      0.67      0.78        69
  Sarcopenia       0.30      0.77      0.43        13

    accuracy                           0.68        82
   macro avg       0.62      0.72      0.61        82
weighted avg       0.84      0.68      0.72        82

  [F] n=147  AUC: 0.8563  AUPRC: 0.3685  Brier: 0.1972  Acc: 0.7551  F1: 0.3077
              precision    recall  f1-score   support

      Normal       0.97      0.76      0.85       136
  Sarcopenia       0.20      0.73      0.31        11

    accuracy                           0.76       147
   macro avg       0.58      0.74      0.58       147
weighted avg       0.91      0.76      0.81       147


───────────────────────────────────────────────────────
Test Set — Bootstrap CI
───────────────────────────────────────────────────────

  Bootstrap 95% CI — CrossAttn3  (n_boot=2000)
  Metric         Estimate   95% CI Lower   95% CI Upper
  ----------------------------------------------------
  AUC-ROC          0.8028         0.7148         0.8811
  AUPRC            0.2952         0.1890         0.4905
  Brier            0.2237         0.1923         0.2525
  Accuracy         0.7293         0.6725         0.7860
  F1               0.3673         0.2444         0.4842
  [M3/len128] Saving figures ...

Saved (model 3 (len128)):
  연구코드/results/0529/liver_pubis_64/model_3\len128/data_distribution.png
  연구코드/results/0529/liver_pubis_64/model_3\len128/cv_roc_curves.png
  연구코드/results/0529/liver_pubis_64/model_3\len128/cv_metric_distribution.png
  연구코드/results/0529/liver_pubis_64/model_3\len128/training_curves.png
  연구코드/results/0529/liver_pubis_64/model_3\len128/test_roc_curves.png
  연구코드/results/0529/liver_pubis_64/model_3\len128/test_roc_by_sex.png
  연구코드/results/0529/liver_pubis_64/model_3\len128/confusion_matrices.png
  연구코드/results/0529/liver_pubis_64/model_3\len128/calibration.png
  연구코드/results/0529/liver_pubis_64/model_3\len128/results.md
  [M3/len128] Plotting attention maps ...
  연구코드/results/0529/liver_pubis_64/model_3\len128/attention_map_c2a.png
  연구코드/results/0529/liver_pubis_64/model_3\len128/attention_heatmap_c2a.png
  연구코드/results/0529/liver_pubis_64/model_3\len128/attention_map_a2c.png
  연구코드/results/0529/liver_pubis_64/model_3\len128/attention_heatmap_a2c.png
  [M3/len128] Plotting Grad-CAM ...
  연구코드/results/0529/liver_pubis_64/model_3\len128/cam_aec_mean.png
  연구코드/results/0529/liver_pubis_64/model_3\len128/cam_aec_lines.png
  연구코드/results/0529/liver_pubis_64/model_3\len128/cam_aec_heatmap.png
  [M3/len128] Done.

############################################################
  [M3 norm]  (scale_clinic=True, scale_aec=True)
############################################################
  [M3/norm] Cross-validating CrossAttn3 ...
=================================================================
5-Fold CV  [CrossAttn3 | scale_clin=True, scale_aec=True]
=================================================================

── Fold 1/5 ──────────────────────────────
  CA3  — AUC: 0.8561  AUPRC: 0.4168  Brier: 0.1360  Acc: 0.7760  F1: 0.4533  (best ep=23, thresh=0.368)

── Fold 2/5 ──────────────────────────────
  CA3  — AUC: 0.8312  AUPRC: 0.4575  Brier: 0.1032  Acc: 0.7760  F1: 0.4384  (best ep=4, thresh=0.285)

── Fold 3/5 ──────────────────────────────
  CA3  — AUC: 0.7837  AUPRC: 0.3667  Brier: 0.2235  Acc: 0.8033  F1: 0.4375  (best ep=22, thresh=0.770)

── Fold 4/5 ──────────────────────────────
  CA3  — AUC: 0.8151  AUPRC: 0.4174  Brier: 0.1348  Acc: 0.7596  F1: 0.4359  (best ep=53, thresh=0.314)

── Fold 5/5 ──────────────────────────────
  CA3  — AUC: 0.8192  AUPRC: 0.4425  Brier: 0.1541  Acc: 0.7473  F1: 0.4103  (best ep=3, thresh=0.475)

===========================================================================
CrossAttn3  —  5-Fold CV Summary
===========================================================================
  Fold      AUC-ROC      AUPRC      Brier   Accuracy         F1
  ----------------------------------------------------------
  1          0.8561     0.4168     0.1360     0.7760     0.4533
  2          0.8312     0.4575     0.1032     0.7760     0.4384
  3          0.7837     0.3667     0.2235     0.8033     0.4375
  4          0.8151     0.4174     0.1348     0.7596     0.4359
  5          0.8192     0.4425     0.1541     0.7473     0.4103
  ──────────────────────────────────────────────────────────
  Mean       0.8211     0.4202     0.1503     0.7724     0.4351
  ±Std       0.0235     0.0309     0.0401     0.0188     0.0139
  [M3/norm] Evaluating on test set (med_epoch=22, thresh=0.368) ...

=================================================================
CrossAttn3 Test Evaluation  (scale_clin=True, scale_aec=True, threshold=0.368)
=================================================================
CrossAttn3 — training final model for 22 epochs on full CV set …

CrossAttn3 — Test Set (Overall):
  AUC: 0.8301  AUPRC: 0.3806  Brier: 0.2432  Acc: 0.5022  F1: 0.2875

CrossAttn3 — Test Set (By Sex):
  [M] n=82  AUC: 0.7369  AUPRC: 0.3714  Brier: 0.3171  Acc: 0.5000  F1: 0.3692
              precision    recall  f1-score   support

      Normal       0.97      0.42      0.59        69
  Sarcopenia       0.23      0.92      0.37        13

    accuracy                           0.50        82
   macro avg       0.60      0.67      0.48        82
weighted avg       0.85      0.50      0.55        82

  [F] n=147  AUC: 0.8817  AUPRC: 0.4550  Brier: 0.2020  Acc: 0.5034  F1: 0.2316
              precision    recall  f1-score   support

      Normal       1.00      0.46      0.63       136
  Sarcopenia       0.13      1.00      0.23        11

    accuracy                           0.50       147
   macro avg       0.57      0.73      0.43       147
weighted avg       0.93      0.50      0.60       147


───────────────────────────────────────────────────────
Test Set — Bootstrap CI
───────────────────────────────────────────────────────

  Bootstrap 95% CI — CrossAttn3  (n_boot=2000)
  Metric         Estimate   95% CI Lower   95% CI Upper
  ----------------------------------------------------
  AUC-ROC          0.8301         0.7433         0.9029
  AUPRC            0.3806         0.2244         0.5724
  Brier            0.2432         0.2073         0.2762
  Accuracy         0.5022         0.4367         0.5677
  F1               0.2875         0.1939         0.3787
  [M3/norm] Saving figures ...

Saved (model 3 (norm)):
  연구코드/results/0529/liver_pubis_64/model_3\norm/data_distribution.png
  연구코드/results/0529/liver_pubis_64/model_3\norm/cv_roc_curves.png
  연구코드/results/0529/liver_pubis_64/model_3\norm/cv_metric_distribution.png
  연구코드/results/0529/liver_pubis_64/model_3\norm/training_curves.png
  연구코드/results/0529/liver_pubis_64/model_3\norm/test_roc_curves.png
  연구코드/results/0529/liver_pubis_64/model_3\norm/test_roc_by_sex.png
  연구코드/results/0529/liver_pubis_64/model_3\norm/confusion_matrices.png
  연구코드/results/0529/liver_pubis_64/model_3\norm/calibration.png
  연구코드/results/0529/liver_pubis_64/model_3\norm/results.md
  [M3/norm] Plotting attention maps ...
  연구코드/results/0529/liver_pubis_64/model_3\norm/attention_map_c2a.png
  연구코드/results/0529/liver_pubis_64/model_3\norm/attention_heatmap_c2a.png
  연구코드/results/0529/liver_pubis_64/model_3\norm/attention_map_a2c.png
  연구코드/results/0529/liver_pubis_64/model_3\norm/attention_heatmap_a2c.png
  [M3/norm] Plotting Grad-CAM ...
  연구코드/results/0529/liver_pubis_64/model_3\norm/cam_aec_mean.png
  연구코드/results/0529/liver_pubis_64/model_3\norm/cam_aec_lines.png
  연구코드/results/0529/liver_pubis_64/model_3\norm/cam_aec_heatmap.png
  [M3/norm] Done.

############################################################
  [M3 crop80]  (scale_clinic=True, scale_aec=True)
############################################################
  [M3/crop80] Cross-validating CrossAttn3 ...
=================================================================
5-Fold CV  [CrossAttn3 | scale_clin=True, scale_aec=True]
=================================================================

── Fold 1/5 ──────────────────────────────
  CA3  — AUC: 0.8460  AUPRC: 0.4239  Brier: 0.2219  Acc: 0.8142  F1: 0.5000  (best ep=5, thresh=0.669)

── Fold 2/5 ──────────────────────────────
  CA3  — AUC: 0.8421  AUPRC: 0.4904  Brier: 0.1379  Acc: 0.7432  F1: 0.4198  (best ep=27, thresh=0.343)

── Fold 3/5 ──────────────────────────────
  CA3  — AUC: 0.7702  AUPRC: 0.3480  Brier: 0.2481  Acc: 0.8415  F1: 0.4528  (best ep=15, thresh=0.832)

── Fold 4/5 ──────────────────────────────
  CA3  — AUC: 0.8196  AUPRC: 0.3948  Brier: 0.1458  Acc: 0.7650  F1: 0.4267  (best ep=43, thresh=0.300)

── Fold 5/5 ──────────────────────────────
  CA3  — AUC: 0.8224  AUPRC: 0.4126  Brier: 0.1973  Acc: 0.8077  F1: 0.4615  (best ep=4, thresh=0.682)

===========================================================================
CrossAttn3  —  5-Fold CV Summary
===========================================================================
  Fold      AUC-ROC      AUPRC      Brier   Accuracy         F1
  ----------------------------------------------------------
  1          0.8460     0.4239     0.2219     0.8142     0.5000
  2          0.8421     0.4904     0.1379     0.7432     0.4198
  3          0.7702     0.3480     0.2481     0.8415     0.4528
  4          0.8196     0.3948     0.1458     0.7650     0.4267
  5          0.8224     0.4126     0.1973     0.8077     0.4615
  ──────────────────────────────────────────────────────────
  Mean       0.8201     0.4139     0.1902     0.7943     0.4522
  ±Std       0.0270     0.0462     0.0427     0.0354     0.0286
  [M3/crop80] Evaluating on test set (med_epoch=15, thresh=0.669) ...

=================================================================
CrossAttn3 Test Evaluation  (scale_clin=True, scale_aec=True, threshold=0.669)
=================================================================
CrossAttn3 — training final model for 15 epochs on full CV set …

CrossAttn3 — Test Set (Overall):
  AUC: 0.7998  AUPRC: 0.2745  Brier: 0.1850  Acc: 0.7817  F1: 0.3590

CrossAttn3 — Test Set (By Sex):
  [M] n=82  AUC: 0.7168  AUPRC: 0.2736  Brier: 0.2577  Acc: 0.6951  F1: 0.4186
              precision    recall  f1-score   support

      Normal       0.92      0.70      0.79        69
  Sarcopenia       0.30      0.69      0.42        13

    accuracy                           0.70        82
   macro avg       0.61      0.69      0.61        82
weighted avg       0.82      0.70      0.73        82

  [F] n=147  AUC: 0.8469  AUPRC: 0.3746  Brier: 0.1445  Acc: 0.8299  F1: 0.2857
              precision    recall  f1-score   support

      Normal       0.95      0.86      0.90       136
  Sarcopenia       0.21      0.45      0.29        11

    accuracy                           0.83       147
   macro avg       0.58      0.66      0.59       147
weighted avg       0.90      0.83      0.86       147


───────────────────────────────────────────────────────
Test Set — Bootstrap CI
───────────────────────────────────────────────────────

  Bootstrap 95% CI — CrossAttn3  (n_boot=2000)
  Metric         Estimate   95% CI Lower   95% CI Upper
  ----------------------------------------------------
  AUC-ROC          0.7998         0.7059         0.8792
  AUPRC            0.2745         0.1739         0.4562
  Brier            0.1850         0.1522         0.2167
  Accuracy         0.7817         0.7293         0.8341
  F1               0.3590         0.2222         0.4895
  [M3/crop80] Saving figures ...

Saved (model 3 (crop80)):
  연구코드/results/0529/liver_pubis_64/model_3\crop80/data_distribution.png
  연구코드/results/0529/liver_pubis_64/model_3\crop80/cv_roc_curves.png
  연구코드/results/0529/liver_pubis_64/model_3\crop80/cv_metric_distribution.png
  연구코드/results/0529/liver_pubis_64/model_3\crop80/training_curves.png
  연구코드/results/0529/liver_pubis_64/model_3\crop80/test_roc_curves.png
  연구코드/results/0529/liver_pubis_64/model_3\crop80/test_roc_by_sex.png
  연구코드/results/0529/liver_pubis_64/model_3\crop80/confusion_matrices.png
  연구코드/results/0529/liver_pubis_64/model_3\crop80/calibration.png
  연구코드/results/0529/liver_pubis_64/model_3\crop80/results.md
  [M3/crop80] Plotting attention maps ...
  연구코드/results/0529/liver_pubis_64/model_3\crop80/attention_map_c2a.png
  연구코드/results/0529/liver_pubis_64/model_3\crop80/attention_heatmap_c2a.png
  연구코드/results/0529/liver_pubis_64/model_3\crop80/attention_map_a2c.png
  연구코드/results/0529/liver_pubis_64/model_3\crop80/attention_heatmap_a2c.png
  [M3/crop80] Plotting Grad-CAM ...
  연구코드/results/0529/liver_pubis_64/model_3\crop80/cam_aec_mean.png
  연구코드/results/0529/liver_pubis_64/model_3\crop80/cam_aec_lines.png
  연구코드/results/0529/liver_pubis_64/model_3\crop80/cam_aec_heatmap.png
  [M3/crop80] Done.

############################################################
  [M3 crop60]  (scale_clinic=True, scale_aec=True)
############################################################
  [M3/crop60] Cross-validating CrossAttn3 ...
=================================================================
5-Fold CV  [CrossAttn3 | scale_clin=True, scale_aec=True]
=================================================================

── Fold 1/5 ──────────────────────────────
  CA3  — AUC: 0.8236  AUPRC: 0.3226  Brier: 0.1547  Acc: 0.6831  F1: 0.3958  (best ep=4, thresh=0.316)

── Fold 2/5 ──────────────────────────────
  CA3  — AUC: 0.8411  AUPRC: 0.5515  Brier: 0.2229  Acc: 0.8579  F1: 0.5000  (best ep=4, thresh=0.760)

── Fold 3/5 ──────────────────────────────
  CA3  — AUC: 0.7917  AUPRC: 0.3563  Brier: 0.1941  Acc: 0.8033  F1: 0.4375  (best ep=31, thresh=0.694)

── Fold 4/5 ──────────────────────────────
  CA3  — AUC: 0.8245  AUPRC: 0.3855  Brier: 0.1157  Acc: 0.7486  F1: 0.4250  (best ep=55, thresh=0.242)

── Fold 5/5 ──────────────────────────────
  CA3  — AUC: 0.8240  AUPRC: 0.4107  Brier: 0.1729  Acc: 0.8516  F1: 0.4906  (best ep=10, thresh=0.725)

===========================================================================
CrossAttn3  —  5-Fold CV Summary
===========================================================================
  Fold      AUC-ROC      AUPRC      Brier   Accuracy         F1
  ----------------------------------------------------------
  1          0.8236     0.3226     0.1547     0.6831     0.3958
  2          0.8411     0.5515     0.2229     0.8579     0.5000
  3          0.7917     0.3563     0.1941     0.8033     0.4375
  4          0.8245     0.3855     0.1157     0.7486     0.4250
  5          0.8240     0.4107     0.1729     0.8516     0.4906
  ──────────────────────────────────────────────────────────
  Mean       0.8210     0.4053     0.1721     0.7889     0.4498
  ±Std       0.0161     0.0788     0.0362     0.0659     0.0397
  [M3/crop60] Evaluating on test set (med_epoch=10, thresh=0.694) ...

=================================================================
CrossAttn3 Test Evaluation  (scale_clin=True, scale_aec=True, threshold=0.694)
=================================================================
CrossAttn3 — training final model for 10 epochs on full CV set …

CrossAttn3 — Test Set (Overall):
  AUC: 0.8004  AUPRC: 0.2917  Brier: 0.2035  Acc: 0.7948  F1: 0.3733

CrossAttn3 — Test Set (By Sex):
  [M] n=82  AUC: 0.7135  AUPRC: 0.2865  Brier: 0.2753  Acc: 0.6707  F1: 0.3721
              precision    recall  f1-score   support

      Normal       0.90      0.68      0.78        69
  Sarcopenia       0.27      0.62      0.37        13

    accuracy                           0.67        82
   macro avg       0.59      0.65      0.57        82
weighted avg       0.80      0.67      0.71        82

  [F] n=147  AUC: 0.8630  AUPRC: 0.3747  Brier: 0.1635  Acc: 0.8639  F1: 0.3750
              precision    recall  f1-score   support

      Normal       0.96      0.89      0.92       136
  Sarcopenia       0.29      0.55      0.38        11

    accuracy                           0.86       147
   macro avg       0.62      0.72      0.65       147
weighted avg       0.91      0.86      0.88       147


───────────────────────────────────────────────────────
Test Set — Bootstrap CI
───────────────────────────────────────────────────────

  Bootstrap 95% CI — CrossAttn3  (n_boot=2000)
  Metric         Estimate   95% CI Lower   95% CI Upper
  ----------------------------------------------------
  AUC-ROC          0.8004         0.7036         0.8807
  AUPRC            0.2917         0.1827         0.4901
  Brier            0.2035         0.1689         0.2352
  Accuracy         0.7948         0.7424         0.8472
  F1               0.3733         0.2319         0.5107
  [M3/crop60] Saving figures ...

Saved (model 3 (crop60)):
  연구코드/results/0529/liver_pubis_64/model_3\crop60/data_distribution.png
  연구코드/results/0529/liver_pubis_64/model_3\crop60/cv_roc_curves.png
  연구코드/results/0529/liver_pubis_64/model_3\crop60/cv_metric_distribution.png
  연구코드/results/0529/liver_pubis_64/model_3\crop60/training_curves.png
  연구코드/results/0529/liver_pubis_64/model_3\crop60/test_roc_curves.png
  연구코드/results/0529/liver_pubis_64/model_3\crop60/test_roc_by_sex.png
  연구코드/results/0529/liver_pubis_64/model_3\crop60/confusion_matrices.png
  연구코드/results/0529/liver_pubis_64/model_3\crop60/calibration.png
  연구코드/results/0529/liver_pubis_64/model_3\crop60/results.md
  [M3/crop60] Plotting attention maps ...
  연구코드/results/0529/liver_pubis_64/model_3\crop60/attention_map_c2a.png
  연구코드/results/0529/liver_pubis_64/model_3\crop60/attention_heatmap_c2a.png
  연구코드/results/0529/liver_pubis_64/model_3\crop60/attention_map_a2c.png
  연구코드/results/0529/liver_pubis_64/model_3\crop60/attention_heatmap_a2c.png
  [M3/crop60] Plotting Grad-CAM ...
  연구코드/results/0529/liver_pubis_64/model_3\crop60/cam_aec_mean.png
  연구코드/results/0529/liver_pubis_64/model_3\crop60/cam_aec_lines.png
  연구코드/results/0529/liver_pubis_64/model_3\crop60/cam_aec_heatmap.png
  [M3/crop60] Done.

############################################################
  [M3 excl_extreme]  (scale_clinic=True, scale_aec=True)
############################################################
  [M3/excl_extreme] Cross-validating CrossAttn3 ...
=================================================================
5-Fold CV  [CrossAttn3 | scale_clin=True, scale_aec=True]
=================================================================

── Fold 1/5 ──────────────────────────────
  CA3  — AUC: 0.8466  AUPRC: 0.4850  Brier: 0.1469  Acc: 0.8606  F1: 0.5490  (best ep=2, thresh=0.502)

── Fold 2/5 ──────────────────────────────
  CA3  — AUC: 0.8146  AUPRC: 0.4436  Brier: 0.2020  Acc: 0.7212  F1: 0.3611  (best ep=3, thresh=0.555)

── Fold 3/5 ──────────────────────────────
  CA3  — AUC: 0.9075  AUPRC: 0.5391  Brier: 0.0991  Acc: 0.9146  F1: 0.6316  (best ep=25, thresh=0.576)

── Fold 4/5 ──────────────────────────────
  CA3  — AUC: 0.7196  AUPRC: 0.3344  Brier: 0.1883  Acc: 0.7988  F1: 0.3529  (best ep=2, thresh=0.663)

── Fold 5/5 ──────────────────────────────
  CA3  — AUC: 0.7770  AUPRC: 0.3382  Brier: 0.1487  Acc: 0.7805  F1: 0.4000  (best ep=4, thresh=0.427)

===========================================================================
CrossAttn3  —  5-Fold CV Summary
===========================================================================
  Fold      AUC-ROC      AUPRC      Brier   Accuracy         F1
  ----------------------------------------------------------
  1          0.8466     0.4850     0.1469     0.8606     0.5490
  2          0.8146     0.4436     0.2020     0.7212     0.3611
  3          0.9075     0.5391     0.0991     0.9146     0.6316
  4          0.7196     0.3344     0.1883     0.7988     0.3529
  5          0.7770     0.3382     0.1487     0.7805     0.4000
  ──────────────────────────────────────────────────────────
  Mean       0.8131     0.4281     0.1570     0.8151     0.4589
  ±Std       0.0634     0.0808     0.0361     0.0667     0.1115
  [M3/excl_extreme] Evaluating on test set (med_epoch=3, thresh=0.555) ...

=================================================================
CrossAttn3 Test Evaluation  (scale_clin=True, scale_aec=True, threshold=0.555)
=================================================================
CrossAttn3 — training final model for 3 epochs on full CV set …

CrossAttn3 — Test Set (Overall):
  AUC: 0.7851  AUPRC: 0.2805  Brier: 0.1682  Acc: 0.7805  F1: 0.3478

CrossAttn3 — Test Set (By Sex):
  [M] n=72  AUC: 0.7132  AUPRC: 0.3472  Brier: 0.2156  Acc: 0.6806  F1: 0.3429
              precision    recall  f1-score   support

      Normal       0.86      0.73      0.79        59
  Sarcopenia       0.27      0.46      0.34        13

    accuracy                           0.68        72
   macro avg       0.57      0.60      0.57        72
weighted avg       0.75      0.68      0.71        72

  [F] n=133  AUC: 0.8306  AUPRC: 0.3398  Brier: 0.1425  Acc: 0.8346  F1: 0.3529
              precision    recall  f1-score   support

      Normal       0.97      0.85      0.91       124
  Sarcopenia       0.24      0.67      0.35         9

    accuracy                           0.83       133
   macro avg       0.61      0.76      0.63       133
weighted avg       0.92      0.83      0.87       133


───────────────────────────────────────────────────────
Test Set — Bootstrap CI
───────────────────────────────────────────────────────

  Bootstrap 95% CI — CrossAttn3  (n_boot=2000)
  Metric         Estimate   95% CI Lower   95% CI Upper
  ----------------------------------------------------
  AUC-ROC          0.7851         0.6907         0.8635
  AUPRC            0.2805         0.1589         0.4617
  Brier            0.1682         0.1434         0.1933
  Accuracy         0.7805         0.7220         0.8390
  F1               0.3478         0.1923         0.4866
  [M3/excl_extreme] Saving figures ...

Saved (model 3 (excl_extreme)):
  연구코드/results/0529/liver_pubis_64/model_3\excl_extreme/data_distribution.png
  연구코드/results/0529/liver_pubis_64/model_3\excl_extreme/cv_roc_curves.png
  연구코드/results/0529/liver_pubis_64/model_3\excl_extreme/cv_metric_distribution.png
  연구코드/results/0529/liver_pubis_64/model_3\excl_extreme/training_curves.png
  연구코드/results/0529/liver_pubis_64/model_3\excl_extreme/test_roc_curves.png
  연구코드/results/0529/liver_pubis_64/model_3\excl_extreme/test_roc_by_sex.png
  연구코드/results/0529/liver_pubis_64/model_3\excl_extreme/confusion_matrices.png
  연구코드/results/0529/liver_pubis_64/model_3\excl_extreme/calibration.png
  연구코드/results/0529/liver_pubis_64/model_3\excl_extreme/results.md
  [M3/excl_extreme] Plotting attention maps ...
  연구코드/results/0529/liver_pubis_64/model_3\excl_extreme/attention_map_c2a.png
  연구코드/results/0529/liver_pubis_64/model_3\excl_extreme/attention_heatmap_c2a.png
  연구코드/results/0529/liver_pubis_64/model_3\excl_extreme/attention_map_a2c.png
  연구코드/results/0529/liver_pubis_64/model_3\excl_extreme/attention_heatmap_a2c.png
  [M3/excl_extreme] Plotting Grad-CAM ...
  연구코드/results/0529/liver_pubis_64/model_3\excl_extreme/cam_aec_mean.png
  연구코드/results/0529/liver_pubis_64/model_3\excl_extreme/cam_aec_lines.png
  연구코드/results/0529/liver_pubis_64/model_3\excl_extreme/cam_aec_heatmap.png
  [M3/excl_extreme] Done.
