============================================================
  MODEL 3 — Clinic + Scanner + AEC (aec103)  (4 AEC variants)
============================================================

############################################################
  [M3 raw]  (scale_clinic=True, scale_aec=none)
############################################################
  [M3/raw] Cross-validating CrossAttn3 ...
=================================================================
5-Fold CV  [CrossAttn3 | scale_clin=True, scale_aec=none]
=================================================================

── Fold 1/5 ──────────────────────────────
  CA3  — AUC: 0.7798  AUPRC: 0.3468  Brier: 0.2944  Acc: 0.6667  F1: 0.3579  (best ep=17, thresh=0.572)

── Fold 2/5 ──────────────────────────────
  CA3  — AUC: 0.8553  AUPRC: 0.4573  Brier: 0.2297  Acc: 0.8142  F1: 0.4516  (best ep=434, thresh=0.610)

── Fold 3/5 ──────────────────────────────
  CA3  — AUC: 0.7962  AUPRC: 0.3508  Brier: 0.2790  Acc: 0.6667  F1: 0.3441  (best ep=263, thresh=0.566)

── Fold 4/5 ──────────────────────────────
  CA3  — AUC: 0.7741  AUPRC: 0.3415  Brier: 0.2423  Acc: 0.6175  F1: 0.3269  (best ep=146, thresh=0.502)

── Fold 5/5 ──────────────────────────────
  CA3  — AUC: 0.8046  AUPRC: 0.3398  Brier: 0.2501  Acc: 0.8187  F1: 0.4407  (best ep=415, thresh=0.688)

===========================================================================
CrossAttn3  —  5-Fold CV Summary
===========================================================================
  Fold      AUC-ROC      AUPRC      Brier   Accuracy         F1
  ----------------------------------------------------------
  1          0.7798     0.3468     0.2944     0.6667     0.3579
  2          0.8553     0.4573     0.2297     0.8142     0.4516
  3          0.7962     0.3508     0.2790     0.6667     0.3441
  4          0.7741     0.3415     0.2423     0.6175     0.3269
  5          0.8046     0.3398     0.2501     0.8187     0.4407
  ──────────────────────────────────────────────────────────
  Mean       0.8020     0.3672     0.2591     0.7167     0.3842
  ±Std       0.0288     0.0452     0.0240     0.0834     0.0516
  [M3/raw] Evaluating on test set (med_epoch=263, thresh=0.572) ...

=================================================================
CrossAttn3 Test Evaluation  (scale_clin=True, scale_aec=none, threshold=0.572)
=================================================================
CrossAttn3 — training final model for 263 epochs on full CV set …
  [CrossAttn3] Model weights saved → 연구코드/results/0605/stage5_1e-05_epoch500/model_3\crop80\raw\M3_raw_weights.pt

CrossAttn3 — Test Set (Overall):
  AUC: 0.7856  AUPRC: 0.2728  Brier: 0.2648  Acc: 0.6725  F1: 0.3243

CrossAttn3 — Test Set (By Sex):
  [M] n=82  AUC: 0.7280  AUPRC: 0.2965  Brier: 0.3044  Acc: 0.5854  F1: 0.3704
              precision    recall  f1-score   support

      Normal       0.93      0.55      0.69        69
  Sarcopenia       0.24      0.77      0.37        13

    accuracy                           0.59        82
   macro avg       0.59      0.66      0.53        82
weighted avg       0.82      0.59      0.64        82

  [F] n=147  AUC: 0.7975  AUPRC: 0.2719  Brier: 0.2427  Acc: 0.7211  F1: 0.2807
              precision    recall  f1-score   support

      Normal       0.97      0.72      0.83       136
  Sarcopenia       0.17      0.73      0.28        11

    accuracy                           0.72       147
   macro avg       0.57      0.72      0.55       147
weighted avg       0.91      0.72      0.79       147


───────────────────────────────────────────────────────
Test Set — Bootstrap CI
───────────────────────────────────────────────────────

  Bootstrap 95% CI — CrossAttn3  (n_boot=2000)
  Metric         Estimate   95% CI Lower   95% CI Upper
  ----------------------------------------------------
  AUC-ROC          0.7856         0.6921         0.8720
  AUPRC            0.2728         0.1776         0.4546
  Brier            0.2648         0.2398         0.2884
  Accuracy         0.6725         0.6157         0.7336
  F1               0.3243         0.2135         0.4355
  [M3/raw] Saving figures ...

Saved (model 3 (raw)):
  연구코드/results/0605/stage5_1e-05_epoch500/model_3\crop80\raw/data_distribution.png
  연구코드/results/0605/stage5_1e-05_epoch500/model_3\crop80\raw/cv_roc_curves.png
  연구코드/results/0605/stage5_1e-05_epoch500/model_3\crop80\raw/cv_metric_distribution.png
  연구코드/results/0605/stage5_1e-05_epoch500/model_3\crop80\raw/training_curves.png
  연구코드/results/0605/stage5_1e-05_epoch500/model_3\crop80\raw/test_roc_curves.png
  연구코드/results/0605/stage5_1e-05_epoch500/model_3\crop80\raw/test_roc_by_sex.png
  연구코드/results/0605/stage5_1e-05_epoch500/model_3\crop80\raw/confusion_matrices.png
  연구코드/results/0605/stage5_1e-05_epoch500/model_3\crop80\raw/calibration.png
  연구코드/results/0605/stage5_1e-05_epoch500/model_3\crop80\raw/results.md
  [M3/raw] Plotting attention maps ...
  연구코드/results/0605/stage5_1e-05_epoch500/model_3\crop80\raw/attention_map_c2a.png
  연구코드/results/0605/stage5_1e-05_epoch500/model_3\crop80\raw/attention_heatmap_c2a.png
  연구코드/results/0605/stage5_1e-05_epoch500/model_3\crop80\raw/attention_map_a2c.png
  연구코드/results/0605/stage5_1e-05_epoch500/model_3\crop80\raw/attention_heatmap_a2c.png
  [M3/raw] Plotting Grad-CAM ...
  연구코드/results/0605/stage5_1e-05_epoch500/model_3\crop80\raw/cam_aec_mean.png
  연구코드/results/0605/stage5_1e-05_epoch500/model_3\crop80\raw/cam_aec_lines.png
  연구코드/results/0605/stage5_1e-05_epoch500/model_3\crop80\raw/cam_aec_heatmap.png
  [M3/raw] Done.

############################################################
  [M3 std_scaled]  (scale_clinic=True, scale_aec=column)
############################################################
  [M3/std_scaled] Cross-validating CrossAttn3 ...
=================================================================
5-Fold CV  [CrossAttn3 | scale_clin=True, scale_aec=column]
=================================================================

── Fold 1/5 ──────────────────────────────
  CA3  — AUC: 0.8101  AUPRC: 0.3421  Brier: 0.2682  Acc: 0.6940  F1: 0.3913  (best ep=443, thresh=0.591)

── Fold 2/5 ──────────────────────────────
  CA3  — AUC: 0.8466  AUPRC: 0.3868  Brier: 0.2355  Acc: 0.7814  F1: 0.4444  (best ep=220, thresh=0.586)

── Fold 3/5 ──────────────────────────────
  CA3  — AUC: 0.7737  AUPRC: 0.3286  Brier: 0.2779  Acc: 0.5956  F1: 0.3019  (best ep=406, thresh=0.546)

── Fold 4/5 ──────────────────────────────
  CA3  — AUC: 0.7699  AUPRC: 0.3397  Brier: 0.2370  Acc: 0.6831  F1: 0.3556  (best ep=375, thresh=0.516)

── Fold 5/5 ──────────────────────────────
  CA3  — AUC: 0.7982  AUPRC: 0.3903  Brier: 0.2430  Acc: 0.7088  F1: 0.3614  (best ep=456, thresh=0.561)

===========================================================================
CrossAttn3  —  5-Fold CV Summary
===========================================================================
  Fold      AUC-ROC      AUPRC      Brier   Accuracy         F1
  ----------------------------------------------------------
  1          0.8101     0.3421     0.2682     0.6940     0.3913
  2          0.8466     0.3868     0.2355     0.7814     0.4444
  3          0.7737     0.3286     0.2779     0.5956     0.3019
  4          0.7699     0.3397     0.2370     0.6831     0.3556
  5          0.7982     0.3903     0.2430     0.7088     0.3614
  ──────────────────────────────────────────────────────────
  Mean       0.7997     0.3575     0.2523     0.6926     0.3709
  ±Std       0.0278     0.0258     0.0174     0.0594     0.0467
  [M3/std_scaled] Evaluating on test set (med_epoch=406, thresh=0.561) ...

=================================================================
CrossAttn3 Test Evaluation  (scale_clin=True, scale_aec=column, threshold=0.561)
=================================================================
CrossAttn3 — training final model for 406 epochs on full CV set …
  [CrossAttn3] Model weights saved → 연구코드/results/0605/stage5_1e-05_epoch500/model_3\crop80\std_scaled\M3_std_scaled_weights.pt

CrossAttn3 — Test Set (Overall):
  AUC: 0.7917  AUPRC: 0.3131  Brier: 0.2685  Acc: 0.6725  F1: 0.3478

CrossAttn3 — Test Set (By Sex):
  [M] n=82  AUC: 0.7258  AUPRC: 0.3734  Brier: 0.2881  Acc: 0.6707  F1: 0.4255
              precision    recall  f1-score   support

      Normal       0.94      0.65      0.77        69
  Sarcopenia       0.29      0.77      0.43        13

    accuracy                           0.67        82
   macro avg       0.62      0.71      0.60        82
weighted avg       0.84      0.67      0.71        82

  [F] n=147  AUC: 0.8409  AUPRC: 0.3220  Brier: 0.2576  Acc: 0.6735  F1: 0.2941
              precision    recall  f1-score   support

      Normal       0.99      0.65      0.79       136
  Sarcopenia       0.18      0.91      0.29        11

    accuracy                           0.67       147
   macro avg       0.58      0.78      0.54       147
weighted avg       0.93      0.67      0.75       147


───────────────────────────────────────────────────────
Test Set — Bootstrap CI
───────────────────────────────────────────────────────

  Bootstrap 95% CI — CrossAttn3  (n_boot=2000)
  Metric         Estimate   95% CI Lower   95% CI Upper
  ----------------------------------------------------
  AUC-ROC          0.7917         0.7043         0.8707
  AUPRC            0.3131         0.1810         0.4923
  Brier            0.2685         0.2423         0.2936
  Accuracy         0.6725         0.6114         0.7336
  F1               0.3478         0.2342         0.4640
  [M3/std_scaled] Saving figures ...

Saved (model 3 (std_scaled)):
  연구코드/results/0605/stage5_1e-05_epoch500/model_3\crop80\std_scaled/data_distribution.png
  연구코드/results/0605/stage5_1e-05_epoch500/model_3\crop80\std_scaled/cv_roc_curves.png
  연구코드/results/0605/stage5_1e-05_epoch500/model_3\crop80\std_scaled/cv_metric_distribution.png
  연구코드/results/0605/stage5_1e-05_epoch500/model_3\crop80\std_scaled/training_curves.png
  연구코드/results/0605/stage5_1e-05_epoch500/model_3\crop80\std_scaled/test_roc_curves.png
  연구코드/results/0605/stage5_1e-05_epoch500/model_3\crop80\std_scaled/test_roc_by_sex.png
  연구코드/results/0605/stage5_1e-05_epoch500/model_3\crop80\std_scaled/confusion_matrices.png
  연구코드/results/0605/stage5_1e-05_epoch500/model_3\crop80\std_scaled/calibration.png
  연구코드/results/0605/stage5_1e-05_epoch500/model_3\crop80\std_scaled/results.md
  [M3/std_scaled] Plotting attention maps ...
  연구코드/results/0605/stage5_1e-05_epoch500/model_3\crop80\std_scaled/attention_map_c2a.png
  연구코드/results/0605/stage5_1e-05_epoch500/model_3\crop80\std_scaled/attention_heatmap_c2a.png
  연구코드/results/0605/stage5_1e-05_epoch500/model_3\crop80\std_scaled/attention_map_a2c.png
  연구코드/results/0605/stage5_1e-05_epoch500/model_3\crop80\std_scaled/attention_heatmap_a2c.png
  [M3/std_scaled] Plotting Grad-CAM ...
  연구코드/results/0605/stage5_1e-05_epoch500/model_3\crop80\std_scaled/cam_aec_mean.png
  연구코드/results/0605/stage5_1e-05_epoch500/model_3\crop80\std_scaled/cam_aec_lines.png
  연구코드/results/0605/stage5_1e-05_epoch500/model_3\crop80\std_scaled/cam_aec_heatmap.png
  [M3/std_scaled] Done.

############################################################
  [M3 norm]  (scale_clinic=True, scale_aec=none)
############################################################
  [M3/norm] Cross-validating CrossAttn3 ...
=================================================================
5-Fold CV  [CrossAttn3 | scale_clin=True, scale_aec=none]
=================================================================

── Fold 1/5 ──────────────────────────────
  CA3  — AUC: 0.8291  AUPRC: 0.4074  Brier: 0.2627  Acc: 0.7923  F1: 0.4571  (best ep=478, thresh=0.627)

── Fold 2/5 ──────────────────────────────
  CA3  — AUC: 0.8569  AUPRC: 0.5067  Brier: 0.2162  Acc: 0.8470  F1: 0.5000  (best ep=234, thresh=0.646)

── Fold 3/5 ──────────────────────────────
  CA3  — AUC: 0.7506  AUPRC: 0.3075  Brier: 0.2814  Acc: 0.6776  F1: 0.3218  (best ep=491, thresh=0.609)

── Fold 4/5 ──────────────────────────────
  CA3  — AUC: 0.7651  AUPRC: 0.3203  Brier: 0.2363  Acc: 0.6667  F1: 0.3579  (best ep=434, thresh=0.527)

── Fold 5/5 ──────────────────────────────
  CA3  — AUC: 0.8017  AUPRC: 0.3856  Brier: 0.2568  Acc: 0.7198  F1: 0.3855  (best ep=195, thresh=0.602)

===========================================================================
CrossAttn3  —  5-Fold CV Summary
===========================================================================
  Fold      AUC-ROC      AUPRC      Brier   Accuracy         F1
  ----------------------------------------------------------
  1          0.8291     0.4074     0.2627     0.7923     0.4571
  2          0.8569     0.5067     0.2162     0.8470     0.5000
  3          0.7506     0.3075     0.2814     0.6776     0.3218
  4          0.7651     0.3203     0.2363     0.6667     0.3579
  5          0.8017     0.3856     0.2568     0.7198     0.3855
  ──────────────────────────────────────────────────────────
  Mean       0.8007     0.3855     0.2507     0.7407     0.4045
  ±Std       0.0393     0.0714     0.0225     0.0691     0.0652
  [M3/norm] Evaluating on test set (med_epoch=434, thresh=0.609) ...

=================================================================
CrossAttn3 Test Evaluation  (scale_clin=True, scale_aec=none, threshold=0.609)
=================================================================
CrossAttn3 — training final model for 434 epochs on full CV set …
  [CrossAttn3] Model weights saved → 연구코드/results/0605/stage5_1e-05_epoch500/model_3\crop80\norm\M3_norm_weights.pt

CrossAttn3 — Test Set (Overall):
  AUC: 0.8006  AUPRC: 0.2856  Brier: 0.2545  Acc: 0.6943  F1: 0.3396

CrossAttn3 — Test Set (By Sex):
  [M] n=82  AUC: 0.7090  AUPRC: 0.2898  Brier: 0.3074  Acc: 0.5976  F1: 0.4000
              precision    recall  f1-score   support

      Normal       0.95      0.55      0.70        69
  Sarcopenia       0.26      0.85      0.40        13

    accuracy                           0.60        82
   macro avg       0.61      0.70      0.55        82
weighted avg       0.84      0.60      0.65        82

  [F] n=147  AUC: 0.8429  AUPRC: 0.3519  Brier: 0.2249  Acc: 0.7483  F1: 0.2745
              precision    recall  f1-score   support

      Normal       0.96      0.76      0.85       136
  Sarcopenia       0.17      0.64      0.27        11

    accuracy                           0.75       147
   macro avg       0.57      0.70      0.56       147
weighted avg       0.90      0.75      0.80       147


───────────────────────────────────────────────────────
Test Set — Bootstrap CI
───────────────────────────────────────────────────────

  Bootstrap 95% CI — CrossAttn3  (n_boot=2000)
  Metric         Estimate   95% CI Lower   95% CI Upper
  ----------------------------------------------------
  AUC-ROC          0.8006         0.7137         0.8712
  AUPRC            0.2856         0.1759         0.4780
  Brier            0.2545         0.2276         0.2793
  Accuracy         0.6943         0.6332         0.7555
  F1               0.3396         0.2197         0.4500
  [M3/norm] Saving figures ...

Saved (model 3 (norm)):
  연구코드/results/0605/stage5_1e-05_epoch500/model_3\crop80\norm/data_distribution.png
  연구코드/results/0605/stage5_1e-05_epoch500/model_3\crop80\norm/cv_roc_curves.png
  연구코드/results/0605/stage5_1e-05_epoch500/model_3\crop80\norm/cv_metric_distribution.png
  연구코드/results/0605/stage5_1e-05_epoch500/model_3\crop80\norm/training_curves.png
  연구코드/results/0605/stage5_1e-05_epoch500/model_3\crop80\norm/test_roc_curves.png
  연구코드/results/0605/stage5_1e-05_epoch500/model_3\crop80\norm/test_roc_by_sex.png
  연구코드/results/0605/stage5_1e-05_epoch500/model_3\crop80\norm/confusion_matrices.png
  연구코드/results/0605/stage5_1e-05_epoch500/model_3\crop80\norm/calibration.png
  연구코드/results/0605/stage5_1e-05_epoch500/model_3\crop80\norm/results.md
  [M3/norm] Plotting attention maps ...
  연구코드/results/0605/stage5_1e-05_epoch500/model_3\crop80\norm/attention_map_c2a.png
  연구코드/results/0605/stage5_1e-05_epoch500/model_3\crop80\norm/attention_heatmap_c2a.png
  연구코드/results/0605/stage5_1e-05_epoch500/model_3\crop80\norm/attention_map_a2c.png
  연구코드/results/0605/stage5_1e-05_epoch500/model_3\crop80\norm/attention_heatmap_a2c.png
  [M3/norm] Plotting Grad-CAM ...
  연구코드/results/0605/stage5_1e-05_epoch500/model_3\crop80\norm/cam_aec_mean.png
  연구코드/results/0605/stage5_1e-05_epoch500/model_3\crop80\norm/cam_aec_lines.png
  연구코드/results/0605/stage5_1e-05_epoch500/model_3\crop80\norm/cam_aec_heatmap.png
  [M3/norm] Done.

############################################################
  [M3 global_zscore]  (scale_clinic=True, scale_aec=global)
############################################################
  [M3/global_zscore] Cross-validating CrossAttn3 ...
=================================================================
5-Fold CV  [CrossAttn3 | scale_clin=True, scale_aec=global]
=================================================================

── Fold 1/5 ──────────────────────────────
  CA3  — AUC: 0.8028  AUPRC: 0.3247  Brier: 0.2737  Acc: 0.6557  F1: 0.3636  (best ep=440, thresh=0.561)

── Fold 2/5 ──────────────────────────────
  CA3  — AUC: 0.8662  AUPRC: 0.4995  Brier: 0.2153  Acc: 0.9016  F1: 0.5909  (best ep=333, thresh=0.654)

── Fold 3/5 ──────────────────────────────
  CA3  — AUC: 0.7510  AUPRC: 0.3358  Brier: 0.2790  Acc: 0.8579  F1: 0.4583  (best ep=251, thresh=0.742)

── Fold 4/5 ──────────────────────────────
  CA3  — AUC: 0.7831  AUPRC: 0.3498  Brier: 0.2235  Acc: 0.7268  F1: 0.3590  (best ep=475, thresh=0.545)

── Fold 5/5 ──────────────────────────────
  CA3  — AUC: 0.7895  AUPRC: 0.3702  Brier: 0.2495  Acc: 0.7143  F1: 0.3659  (best ep=500, thresh=0.603)

===========================================================================
CrossAttn3  —  5-Fold CV Summary
===========================================================================
  Fold      AUC-ROC      AUPRC      Brier   Accuracy         F1
  ----------------------------------------------------------
  1          0.8028     0.3247     0.2737     0.6557     0.3636
  2          0.8662     0.4995     0.2153     0.9016     0.5909
  3          0.7510     0.3358     0.2790     0.8579     0.4583
  4          0.7831     0.3498     0.2235     0.7268     0.3590
  5          0.7895     0.3702     0.2495     0.7143     0.3659
  ──────────────────────────────────────────────────────────
  Mean       0.7985     0.3760     0.2482     0.7713     0.4275
  ±Std       0.0379     0.0636     0.0257     0.0928     0.0897
  [M3/global_zscore] Evaluating on test set (med_epoch=440, thresh=0.603) ...

=================================================================
CrossAttn3 Test Evaluation  (scale_clin=True, scale_aec=global, threshold=0.603)
=================================================================
CrossAttn3 — training final model for 440 epochs on full CV set …
  [CrossAttn3] Model weights saved → 연구코드/results/0605/stage5_1e-05_epoch500/model_3\crop80\global_zscore\M3_global_zscore_weights.pt

CrossAttn3 — Test Set (Overall):
  AUC: 0.7780  AUPRC: 0.2508  Brier: 0.2621  Acc: 0.7205  F1: 0.3469

CrossAttn3 — Test Set (By Sex):
  [M] n=82  AUC: 0.7090  AUPRC: 0.2799  Brier: 0.2940  Acc: 0.6707  F1: 0.4255
              precision    recall  f1-score   support

      Normal       0.94      0.65      0.77        69
  Sarcopenia       0.29      0.77      0.43        13

    accuracy                           0.67        82
   macro avg       0.62      0.71      0.60        82
weighted avg       0.84      0.67      0.71        82

  [F] n=147  AUC: 0.8162  AUPRC: 0.2633  Brier: 0.2443  Acc: 0.7483  F1: 0.2745
              precision    recall  f1-score   support

      Normal       0.96      0.76      0.85       136
  Sarcopenia       0.17      0.64      0.27        11

    accuracy                           0.75       147
   macro avg       0.57      0.70      0.56       147
weighted avg       0.90      0.75      0.80       147


───────────────────────────────────────────────────────
Test Set — Bootstrap CI
───────────────────────────────────────────────────────

  Bootstrap 95% CI — CrossAttn3  (n_boot=2000)
  Metric         Estimate   95% CI Lower   95% CI Upper
  ----------------------------------------------------
  AUC-ROC          0.7780         0.6898         0.8593
  AUPRC            0.2508         0.1581         0.4225
  Brier            0.2621         0.2361         0.2872
  Accuracy         0.7205         0.6638         0.7817
  F1               0.3469         0.2273         0.4681
  [M3/global_zscore] Saving figures ...

Saved (model 3 (global_zscore)):
  연구코드/results/0605/stage5_1e-05_epoch500/model_3\crop80\global_zscore/data_distribution.png
  연구코드/results/0605/stage5_1e-05_epoch500/model_3\crop80\global_zscore/cv_roc_curves.png
  연구코드/results/0605/stage5_1e-05_epoch500/model_3\crop80\global_zscore/cv_metric_distribution.png
  연구코드/results/0605/stage5_1e-05_epoch500/model_3\crop80\global_zscore/training_curves.png
  연구코드/results/0605/stage5_1e-05_epoch500/model_3\crop80\global_zscore/test_roc_curves.png
  연구코드/results/0605/stage5_1e-05_epoch500/model_3\crop80\global_zscore/test_roc_by_sex.png
  연구코드/results/0605/stage5_1e-05_epoch500/model_3\crop80\global_zscore/confusion_matrices.png
  연구코드/results/0605/stage5_1e-05_epoch500/model_3\crop80\global_zscore/calibration.png
  연구코드/results/0605/stage5_1e-05_epoch500/model_3\crop80\global_zscore/results.md
  [M3/global_zscore] Plotting attention maps ...
  연구코드/results/0605/stage5_1e-05_epoch500/model_3\crop80\global_zscore/attention_map_c2a.png
  연구코드/results/0605/stage5_1e-05_epoch500/model_3\crop80\global_zscore/attention_heatmap_c2a.png
  연구코드/results/0605/stage5_1e-05_epoch500/model_3\crop80\global_zscore/attention_map_a2c.png
  연구코드/results/0605/stage5_1e-05_epoch500/model_3\crop80\global_zscore/attention_heatmap_a2c.png
  [M3/global_zscore] Plotting Grad-CAM ...
  연구코드/results/0605/stage5_1e-05_epoch500/model_3\crop80\global_zscore/cam_aec_mean.png
  연구코드/results/0605/stage5_1e-05_epoch500/model_3\crop80\global_zscore/cam_aec_lines.png
  연구코드/results/0605/stage5_1e-05_epoch500/model_3\crop80\global_zscore/cam_aec_heatmap.png
  [M3/global_zscore] Done.
