============================================================
  MODEL 2 — Clinic + AEC (aec256, FocalLoss)  (5 AEC variants × 1 case)
============================================================

############################################################
  [M2 len256] CASE : scale_clinic  (scale_clinic=True, loss=focal)
############################################################
  [M2/focal/len256/scale_clinic] Cross-validating CrossAttn ...
=======================================================
5-Fold CV  [CrossAttn | scale_clin=True, scale_aec=False]
=======================================================

── Fold 1/5 ──────────────────────────────
  CA   — AUC: 0.8235  AUPRC: 0.3733  Brier: 0.1312  Acc: 0.7391  F1: 0.4545  (best ep=88, thresh=0.364)

── Fold 2/5 ──────────────────────────────
  CA   — AUC: 0.8396  AUPRC: 0.4116  Brier: 0.1600  Acc: 0.7246  F1: 0.4571  (best ep=10, thresh=0.419)

── Fold 3/5 ──────────────────────────────
  CA   — AUC: 0.8187  AUPRC: 0.3885  Brier: 0.1363  Acc: 0.7810  F1: 0.4828  (best ep=68, thresh=0.481)

── Fold 4/5 ──────────────────────────────
  CA   — AUC: 0.8244  AUPRC: 0.5071  Brier: 0.2430  Acc: 0.6423  F1: 0.3797  (best ep=2, thresh=0.520)

── Fold 5/5 ──────────────────────────────
  CA   — AUC: 0.8104  AUPRC: 0.2870  Brier: 0.2268  Acc: 0.7372  F1: 0.4194  (best ep=11, thresh=0.585)

===========================================================================
CrossAttn  —  5-Fold CV Summary
===========================================================================
  Fold      AUC-ROC      AUPRC      Brier   Accuracy         F1
  ----------------------------------------------------------
  1          0.8235     0.3733     0.1312     0.7391     0.4545
  2          0.8396     0.4116     0.1600     0.7246     0.4571
  3          0.8187     0.3885     0.1363     0.7810     0.4828
  4          0.8244     0.5071     0.2430     0.6423     0.3797
  5          0.8104     0.2870     0.2268     0.7372     0.4194
  ──────────────────────────────────────────────────────────
  Mean       0.8233     0.3935     0.1795     0.7249     0.4387
  ±Std       0.0095     0.0707     0.0465     0.0454     0.0357
  [M2/focal/len256/scale_clinic] Evaluating on test set (med_epoch=11, thresh=0.481) ...

=======================================================
CrossAttn Test Evaluation  (scale_clin=True, scale_aec=False, threshold=0.481)
=======================================================
CrossAttn — training final model for 11 epochs on full CV set …

CrossAttn — Test Set (Overall):
  AUC: 0.8710  AUPRC: 0.5149  Brier: 0.1953  Acc: 0.6570  F1: 0.4040

CrossAttn — Test Set (By Sex):
  [M] n=71  AUC: 0.8697  AUPRC: 0.5966  Brier: 0.2215  Acc: 0.6056  F1: 0.4400
              precision    recall  f1-score   support

      Normal       1.00      0.53      0.70        60
  Sarcopenia       0.28      1.00      0.44        11

    accuracy                           0.61        71
   macro avg       0.64      0.77      0.57        71
weighted avg       0.89      0.61      0.66        71

  [F] n=101  AUC: 0.8747  AUPRC: 0.4371  Brier: 0.1769  Acc: 0.6931  F1: 0.3673
              precision    recall  f1-score   support

      Normal       0.98      0.67      0.80        91
  Sarcopenia       0.23      0.90      0.37        10

    accuracy                           0.69       101
   macro avg       0.61      0.79      0.58       101
weighted avg       0.91      0.69      0.75       101


───────────────────────────────────────────────────────
Test Set — Bootstrap CI
───────────────────────────────────────────────────────

  Bootstrap 95% CI — CrossAttn  (n_boot=2000)
  Metric         Estimate   95% CI Lower   95% CI Upper
  ----------------------------------------------------
  AUC-ROC          0.8710         0.8007         0.9319
  AUPRC            0.5149         0.3099         0.7214
  Brier            0.1953         0.1791         0.2114
  Accuracy         0.6570         0.5814         0.7267
  F1               0.4040         0.2750         0.5234
  [M2/focal/len256/scale_clinic] Saving figures ...

Saved (model 2 (len256, focal)):
  연구코드/results/ok/model_2\focal\aec256\len256/data_distribution.png
  연구코드/results/ok/model_2\focal\aec256\len256/cv_roc_curves.png
  연구코드/results/ok/model_2\focal\aec256\len256/cv_metric_distribution.png
  연구코드/results/ok/model_2\focal\aec256\len256/training_curves.png
  연구코드/results/ok/model_2\focal\aec256\len256/test_roc_curves.png
  연구코드/results/ok/model_2\focal\aec256\len256/test_roc_by_sex.png
  연구코드/results/ok/model_2\focal\aec256\len256/confusion_matrices.png
  연구코드/results/ok/model_2\focal\aec256\len256/calibration.png
  연구코드/results/ok/model_2\focal\aec256\len256/results.md
  [M2/focal/len256/scale_clinic] Plotting attention maps ...
  연구코드/results/ok/model_2\focal\aec256\len256/attention_map_c2a.png
  연구코드/results/ok/model_2\focal\aec256\len256/attention_heatmap.png
  [M2/focal/len256/scale_clinic] Done.

############################################################
  [M2 crop80] CASE : scale_clinic  (scale_clinic=True, loss=focal)
############################################################
  [M2/focal/crop80/scale_clinic] Cross-validating CrossAttn ...
=======================================================
5-Fold CV  [CrossAttn | scale_clin=True, scale_aec=False]
=======================================================

── Fold 1/5 ──────────────────────────────
  CA   — AUC: 0.7978  AUPRC: 0.3012  Brier: 0.1838  Acc: 0.7319  F1: 0.4308  (best ep=15, thresh=0.492)

── Fold 2/5 ──────────────────────────────
  CA   — AUC: 0.8177  AUPRC: 0.4287  Brier: 0.1884  Acc: 0.8188  F1: 0.5098  (best ep=5, thresh=0.570)

── Fold 3/5 ──────────────────────────────
  CA   — AUC: 0.8233  AUPRC: 0.3880  Brier: 0.1664  Acc: 0.7007  F1: 0.4225  (best ep=29, thresh=0.469)

── Fold 4/5 ──────────────────────────────
  CA   — AUC: 0.8084  AUPRC: 0.4441  Brier: 0.2083  Acc: 0.7299  F1: 0.4127  (best ep=5, thresh=0.514)

── Fold 5/5 ──────────────────────────────
  CA   — AUC: 0.8006  AUPRC: 0.3206  Brier: 0.2222  Acc: 0.7153  F1: 0.4179  (best ep=8, thresh=0.557)

===========================================================================
CrossAttn  —  5-Fold CV Summary
===========================================================================
  Fold      AUC-ROC      AUPRC      Brier   Accuracy         F1
  ----------------------------------------------------------
  1          0.7978     0.3012     0.1838     0.7319     0.4308
  2          0.8177     0.4287     0.1884     0.8188     0.5098
  3          0.8233     0.3880     0.1664     0.7007     0.4225
  4          0.8084     0.4441     0.2083     0.7299     0.4127
  5          0.8006     0.3206     0.2222     0.7153     0.4179
  ──────────────────────────────────────────────────────────
  Mean       0.8096     0.3765     0.1939     0.7393     0.4387
  ±Std       0.0098     0.0570     0.0195     0.0413     0.0360
  [M2/focal/crop80/scale_clinic] Evaluating on test set (med_epoch=8, thresh=0.514) ...

=======================================================
CrossAttn Test Evaluation  (scale_clin=True, scale_aec=False, threshold=0.514)
=======================================================
CrossAttn — training final model for 8 epochs on full CV set …

CrossAttn — Test Set (Overall):
  AUC: 0.8616  AUPRC: 0.5219  Brier: 0.2090  Acc: 0.6512  F1: 0.4000

CrossAttn — Test Set (By Sex):
  [M] n=71  AUC: 0.8879  AUPRC: 0.6738  Brier: 0.2191  Acc: 0.5775  F1: 0.4231
              precision    recall  f1-score   support

      Normal       1.00      0.50      0.67        60
  Sarcopenia       0.27      1.00      0.42        11

    accuracy                           0.58        71
   macro avg       0.63      0.75      0.54        71
weighted avg       0.89      0.58      0.63        71

  [F] n=101  AUC: 0.8429  AUPRC: 0.3423  Brier: 0.2019  Acc: 0.7030  F1: 0.3750
              precision    recall  f1-score   support

      Normal       0.98      0.68      0.81        91
  Sarcopenia       0.24      0.90      0.38        10

    accuracy                           0.70       101
   macro avg       0.61      0.79      0.59       101
weighted avg       0.91      0.70      0.76       101


───────────────────────────────────────────────────────
Test Set — Bootstrap CI
───────────────────────────────────────────────────────

  Bootstrap 95% CI — CrossAttn  (n_boot=2000)
  Metric         Estimate   95% CI Lower   95% CI Upper
  ----------------------------------------------------
  AUC-ROC          0.8616         0.7775         0.9295
  AUPRC            0.5219         0.3114         0.7141
  Brier            0.2090         0.1924         0.2253
  Accuracy         0.6512         0.5814         0.7209
  F1               0.4000         0.2727         0.5179
  [M2/focal/crop80/scale_clinic] Saving figures ...

Saved (model 2 (crop80, focal)):
  연구코드/results/ok/model_2\focal\aec256\crop80/data_distribution.png
  연구코드/results/ok/model_2\focal\aec256\crop80/cv_roc_curves.png
  연구코드/results/ok/model_2\focal\aec256\crop80/cv_metric_distribution.png
  연구코드/results/ok/model_2\focal\aec256\crop80/training_curves.png
  연구코드/results/ok/model_2\focal\aec256\crop80/test_roc_curves.png
  연구코드/results/ok/model_2\focal\aec256\crop80/test_roc_by_sex.png
  연구코드/results/ok/model_2\focal\aec256\crop80/confusion_matrices.png
  연구코드/results/ok/model_2\focal\aec256\crop80/calibration.png
  연구코드/results/ok/model_2\focal\aec256\crop80/results.md
  [M2/focal/crop80/scale_clinic] Plotting attention maps ...
  연구코드/results/ok/model_2\focal\aec256\crop80/attention_map_c2a.png
  연구코드/results/ok/model_2\focal\aec256\crop80/attention_heatmap.png
  [M2/focal/crop80/scale_clinic] Done.

############################################################
  [M2 crop60] CASE : scale_clinic  (scale_clinic=True, loss=focal)
############################################################
  [M2/focal/crop60/scale_clinic] Cross-validating CrossAttn ...
=======================================================
5-Fold CV  [CrossAttn | scale_clin=True, scale_aec=False]
=======================================================

── Fold 1/5 ──────────────────────────────
  CA   — AUC: 0.7900  AUPRC: 0.3454  Brier: 0.1888  Acc: 0.8043  F1: 0.4906  (best ep=6, thresh=0.516)

── Fold 2/5 ──────────────────────────────
  CA   — AUC: 0.8216  AUPRC: 0.4348  Brier: 0.1762  Acc: 0.7391  F1: 0.4545  (best ep=2, thresh=0.456)

── Fold 3/5 ──────────────────────────────
  CA   — AUC: 0.8213  AUPRC: 0.3308  Brier: 0.1631  Acc: 0.6569  F1: 0.3896  (best ep=35, thresh=0.457)

── Fold 4/5 ──────────────────────────────
  CA   — AUC: 0.7996  AUPRC: 0.5154  Brier: 0.1835  Acc: 0.7299  F1: 0.4127  (best ep=15, thresh=0.516)

── Fold 5/5 ──────────────────────────────
  CA   — AUC: 0.8017  AUPRC: 0.2739  Brier: 0.1920  Acc: 0.7226  F1: 0.4062  (best ep=5, thresh=0.481)

===========================================================================
CrossAttn  —  5-Fold CV Summary
===========================================================================
  Fold      AUC-ROC      AUPRC      Brier   Accuracy         F1
  ----------------------------------------------------------
  1          0.7900     0.3454     0.1888     0.8043     0.4906
  2          0.8216     0.4348     0.1762     0.7391     0.4545
  3          0.8213     0.3308     0.1631     0.6569     0.3896
  4          0.7996     0.5154     0.1835     0.7299     0.4127
  5          0.8017     0.2739     0.1920     0.7226     0.4062
  ──────────────────────────────────────────────────────────
  Mean       0.8068     0.3800     0.1807     0.7306     0.4307
  ±Std       0.0126     0.0851     0.0103     0.0469     0.0368
  [M2/focal/crop60/scale_clinic] Evaluating on test set (med_epoch=6, thresh=0.481) ...

=======================================================
CrossAttn Test Evaluation  (scale_clin=True, scale_aec=False, threshold=0.481)
=======================================================
CrossAttn — training final model for 6 epochs on full CV set …

CrossAttn — Test Set (Overall):
  AUC: 0.8874  AUPRC: 0.5322  Brier: 0.2339  Acc: 0.5116  F1: 0.3333

CrossAttn — Test Set (By Sex):
  [M] n=71  AUC: 0.8727  AUPRC: 0.6408  Brier: 0.2418  Acc: 0.5070  F1: 0.3860
              precision    recall  f1-score   support

      Normal       1.00      0.42      0.59        60
  Sarcopenia       0.24      1.00      0.39        11

    accuracy                           0.51        71
   macro avg       0.62      0.71      0.49        71
weighted avg       0.88      0.51      0.56        71

  [F] n=101  AUC: 0.9066  AUPRC: 0.5327  Brier: 0.2283  Acc: 0.5149  F1: 0.2899
              precision    recall  f1-score   support

      Normal       1.00      0.46      0.63        91
  Sarcopenia       0.17      1.00      0.29        10

    accuracy                           0.51       101
   macro avg       0.58      0.73      0.46       101
weighted avg       0.92      0.51      0.60       101


───────────────────────────────────────────────────────
Test Set — Bootstrap CI
───────────────────────────────────────────────────────

  Bootstrap 95% CI — CrossAttn  (n_boot=2000)
  Metric         Estimate   95% CI Lower   95% CI Upper
  ----------------------------------------------------
  AUC-ROC          0.8874         0.8240         0.9400
  AUPRC            0.5322         0.3301         0.7254
  Brier            0.2339         0.2149         0.2538
  Accuracy         0.5116         0.4360         0.5872
  F1               0.3333         0.2205         0.4394
  [M2/focal/crop60/scale_clinic] Saving figures ...

Saved (model 2 (crop60, focal)):
  연구코드/results/ok/model_2\focal\aec256\crop60/data_distribution.png
  연구코드/results/ok/model_2\focal\aec256\crop60/cv_roc_curves.png
  연구코드/results/ok/model_2\focal\aec256\crop60/cv_metric_distribution.png
  연구코드/results/ok/model_2\focal\aec256\crop60/training_curves.png
  연구코드/results/ok/model_2\focal\aec256\crop60/test_roc_curves.png
  연구코드/results/ok/model_2\focal\aec256\crop60/test_roc_by_sex.png
  연구코드/results/ok/model_2\focal\aec256\crop60/confusion_matrices.png
  연구코드/results/ok/model_2\focal\aec256\crop60/calibration.png
  연구코드/results/ok/model_2\focal\aec256\crop60/results.md
  [M2/focal/crop60/scale_clinic] Plotting attention maps ...
  연구코드/results/ok/model_2\focal\aec256\crop60/attention_map_c2a.png
  연구코드/results/ok/model_2\focal\aec256\crop60/attention_heatmap.png
  [M2/focal/crop60/scale_clinic] Done.

############################################################
  [M2 norm] CASE : scale_clinic  (scale_clinic=True, loss=focal)
############################################################
  [M2/focal/norm/scale_clinic] Cross-validating CrossAttn ...
=======================================================
5-Fold CV  [CrossAttn | scale_clin=True, scale_aec=False]
=======================================================

── Fold 1/5 ──────────────────────────────
  CA   — AUC: 0.8138  AUPRC: 0.3821  Brier: 0.1872  Acc: 0.8768  F1: 0.5641  (best ep=6, thresh=0.544)

── Fold 2/5 ──────────────────────────────
  CA   — AUC: 0.7953  AUPRC: 0.4164  Brier: 0.1901  Acc: 0.7609  F1: 0.4407  (best ep=2, thresh=0.506)

── Fold 3/5 ──────────────────────────────
  CA   — AUC: 0.8378  AUPRC: 0.4912  Brier: 0.1827  Acc: 0.8102  F1: 0.4800  (best ep=9, thresh=0.526)

── Fold 4/5 ──────────────────────────────
  CA   — AUC: 0.8110  AUPRC: 0.4717  Brier: 0.1682  Acc: 0.7080  F1: 0.3939  (best ep=33, thresh=0.518)

── Fold 5/5 ──────────────────────────────
  CA   — AUC: 0.8337  AUPRC: 0.3139  Brier: 0.2061  Acc: 0.6788  F1: 0.4054  (best ep=5, thresh=0.499)

===========================================================================
CrossAttn  —  5-Fold CV Summary
===========================================================================
  Fold      AUC-ROC      AUPRC      Brier   Accuracy         F1
  ----------------------------------------------------------
  1          0.8138     0.3821     0.1872     0.8768     0.5641
  2          0.7953     0.4164     0.1901     0.7609     0.4407
  3          0.8378     0.4912     0.1827     0.8102     0.4800
  4          0.8110     0.4717     0.1682     0.7080     0.3939
  5          0.8337     0.3139     0.2061     0.6788     0.4054
  ──────────────────────────────────────────────────────────
  Mean       0.8183     0.4151     0.1869     0.7670     0.4568
  ±Std       0.0156     0.0638     0.0122     0.0710     0.0615
  [M2/focal/norm/scale_clinic] Evaluating on test set (med_epoch=6, thresh=0.518) ...

=======================================================
CrossAttn Test Evaluation  (scale_clin=True, scale_aec=False, threshold=0.518)
=======================================================
CrossAttn — training final model for 6 epochs on full CV set …

CrossAttn — Test Set (Overall):
  AUC: 0.8600  AUPRC: 0.4793  Brier: 0.1904  Acc: 0.7151  F1: 0.4096

CrossAttn — Test Set (By Sex):
  [M] n=71  AUC: 0.8515  AUPRC: 0.5190  Brier: 0.2027  Acc: 0.6620  F1: 0.4545
              precision    recall  f1-score   support

      Normal       0.97      0.62      0.76        60
  Sarcopenia       0.30      0.91      0.45        11

    accuracy                           0.66        71
   macro avg       0.64      0.76      0.60        71
weighted avg       0.87      0.66      0.71        71

  [F] n=101  AUC: 0.8495  AUPRC: 0.4867  Brier: 0.1817  Acc: 0.7525  F1: 0.3590
              precision    recall  f1-score   support

      Normal       0.96      0.76      0.85        91
  Sarcopenia       0.24      0.70      0.36        10

    accuracy                           0.75       101
   macro avg       0.60      0.73      0.60       101
weighted avg       0.89      0.75      0.80       101


───────────────────────────────────────────────────────
Test Set — Bootstrap CI
───────────────────────────────────────────────────────

  Bootstrap 95% CI — CrossAttn  (n_boot=2000)
  Metric         Estimate   95% CI Lower   95% CI Upper
  ----------------------------------------------------
  AUC-ROC          0.8600         0.7717         0.9287
  AUPRC            0.4793         0.2948         0.6984
  Brier            0.1904         0.1747         0.2059
  Accuracy         0.7151         0.6453         0.7849
  F1               0.4096         0.2667         0.5361
  [M2/focal/norm/scale_clinic] Saving figures ...

Saved (model 2 (norm, focal)):
  연구코드/results/ok/model_2\focal\aec256\norm/data_distribution.png
  연구코드/results/ok/model_2\focal\aec256\norm/cv_roc_curves.png
  연구코드/results/ok/model_2\focal\aec256\norm/cv_metric_distribution.png
  연구코드/results/ok/model_2\focal\aec256\norm/training_curves.png
  연구코드/results/ok/model_2\focal\aec256\norm/test_roc_curves.png
  연구코드/results/ok/model_2\focal\aec256\norm/test_roc_by_sex.png
  연구코드/results/ok/model_2\focal\aec256\norm/confusion_matrices.png
  연구코드/results/ok/model_2\focal\aec256\norm/calibration.png
  연구코드/results/ok/model_2\focal\aec256\norm/results.md
  [M2/focal/norm/scale_clinic] Plotting attention maps ...
  연구코드/results/ok/model_2\focal\aec256\norm/attention_map_c2a.png
  연구코드/results/ok/model_2\focal\aec256\norm/attention_heatmap.png
  [M2/focal/norm/scale_clinic] Done.

############################################################
  [M2 excl_extreme] CASE : scale_clinic  (scale_clinic=True, loss=focal)
############################################################
  [M2/focal/excl_extreme/scale_clinic] Cross-validating CrossAttn ...
=======================================================
5-Fold CV  [CrossAttn | scale_clin=True, scale_aec=False]
=======================================================

── Fold 1/5 ──────────────────────────────
  CA   — AUC: 0.8156  AUPRC: 0.4381  Brier: 0.1952  Acc: 0.8468  F1: 0.5128  (best ep=2, thresh=0.526)

── Fold 2/5 ──────────────────────────────
  CA   — AUC: 0.7987  AUPRC: 0.3301  Brier: 0.1602  Acc: 0.8790  F1: 0.5714  (best ep=13, thresh=0.565)

── Fold 3/5 ──────────────────────────────
  CA   — AUC: 0.8644  AUPRC: 0.4155  Brier: 0.1863  Acc: 0.6748  F1: 0.4118  (best ep=3, thresh=0.460)

── Fold 4/5 ──────────────────────────────
  CA   — AUC: 0.7844  AUPRC: 0.3154  Brier: 0.1711  Acc: 0.8293  F1: 0.4878  (best ep=16, thresh=0.558)

── Fold 5/5 ──────────────────────────────
  CA   — AUC: 0.7692  AUPRC: 0.2970  Brier: 0.2188  Acc: 0.6585  F1: 0.3438  (best ep=3, thresh=0.500)

===========================================================================
CrossAttn  —  5-Fold CV Summary
===========================================================================
  Fold      AUC-ROC      AUPRC      Brier   Accuracy         F1
  ----------------------------------------------------------
  1          0.8156     0.4381     0.1952     0.8468     0.5128
  2          0.7987     0.3301     0.1602     0.8790     0.5714
  3          0.8644     0.4155     0.1863     0.6748     0.4118
  4          0.7844     0.3154     0.1711     0.8293     0.4878
  5          0.7692     0.2970     0.2188     0.6585     0.3438
  ──────────────────────────────────────────────────────────
  Mean       0.8065     0.3592     0.1863     0.7777     0.4655
  ±Std       0.0328     0.0566     0.0202     0.0922     0.0796
  [M2/focal/excl_extreme/scale_clinic] Evaluating on test set (med_epoch=3, thresh=0.526) ...

=======================================================
CrossAttn Test Evaluation  (scale_clin=True, scale_aec=False, threshold=0.526)
=======================================================
CrossAttn — training final model for 3 epochs on full CV set …

CrossAttn — Test Set (Overall):
  AUC: 0.8854  AUPRC: 0.6067  Brier: 0.2196  Acc: 0.6688  F1: 0.4270

CrossAttn — Test Set (By Sex):
  [M] n=64  AUC: 0.8731  AUPRC: 0.6480  Brier: 0.2086  Acc: 0.6562  F1: 0.4500
              precision    recall  f1-score   support

      Normal       0.94      0.62      0.75        53
  Sarcopenia       0.31      0.82      0.45        11

    accuracy                           0.66        64
   macro avg       0.63      0.72      0.60        64
weighted avg       0.83      0.66      0.70        64

  [F] n=90  AUC: 0.8938  AUPRC: 0.5993  Brier: 0.2273  Acc: 0.6778  F1: 0.4082
              precision    recall  f1-score   support

      Normal       1.00      0.64      0.78        80
  Sarcopenia       0.26      1.00      0.41        10

    accuracy                           0.68        90
   macro avg       0.63      0.82      0.59        90
weighted avg       0.92      0.68      0.74        90


───────────────────────────────────────────────────────
Test Set — Bootstrap CI
───────────────────────────────────────────────────────

  Bootstrap 95% CI — CrossAttn  (n_boot=2000)
  Metric         Estimate   95% CI Lower   95% CI Upper
  ----------------------------------------------------
  AUC-ROC          0.8854         0.8098         0.9472
  AUPRC            0.6067         0.3986         0.8051
  Brier            0.2196         0.2017         0.2380
  Accuracy         0.6688         0.5909         0.7403
  F1               0.4270         0.2921         0.5477
  [M2/focal/excl_extreme/scale_clinic] Saving figures ...

Saved (model 2 (excl_extreme, focal)):
  연구코드/results/ok/model_2\focal\aec256\excl_extreme/data_distribution.png
  연구코드/results/ok/model_2\focal\aec256\excl_extreme/cv_roc_curves.png
  연구코드/results/ok/model_2\focal\aec256\excl_extreme/cv_metric_distribution.png
  연구코드/results/ok/model_2\focal\aec256\excl_extreme/training_curves.png
  연구코드/results/ok/model_2\focal\aec256\excl_extreme/test_roc_curves.png
  연구코드/results/ok/model_2\focal\aec256\excl_extreme/test_roc_by_sex.png
  연구코드/results/ok/model_2\focal\aec256\excl_extreme/confusion_matrices.png
  연구코드/results/ok/model_2\focal\aec256\excl_extreme/calibration.png
  연구코드/results/ok/model_2\focal\aec256\excl_extreme/results.md
  [M2/focal/excl_extreme/scale_clinic] Plotting attention maps ...
  연구코드/results/ok/model_2\focal\aec256\excl_extreme/attention_map_c2a.png
  연구코드/results/ok/model_2\focal\aec256\excl_extreme/attention_heatmap.png
  [M2/focal/excl_extreme/scale_clinic] Done.
