============================================================
  MODEL 4 — AEC Only (aec128)  (3 AEC variants)
============================================================

############################################################
  [M4 raw]  (scale_aec=none)
############################################################
  [M4/raw] Cross-validating AECOnly ...
=======================================================
5-Fold CV  [AECOnly | scale_aec=none]
=======================================================

── Fold 1/5 ──────────────────────────────
  AEC  — AUC: 0.6325  AUPRC: 0.1794  Brier: 0.3191  Acc: 0.5246  F1: 0.2564  (best ep=389, thresh=0.558)

── Fold 2/5 ──────────────────────────────
  AEC  — AUC: 0.6868  AUPRC: 0.2216  Brier: 0.2995  Acc: 0.4863  F1: 0.2656  (best ep=46, thresh=0.549)

── Fold 3/5 ──────────────────────────────
  AEC  — AUC: 0.7076  AUPRC: 0.2175  Brier: 0.3079  Acc: 0.7049  F1: 0.3415  (best ep=377, thresh=0.619)

── Fold 4/5 ──────────────────────────────
  AEC  — AUC: 0.6996  AUPRC: 0.2732  Brier: 0.2924  Acc: 0.6940  F1: 0.3000  (best ep=262, thresh=0.600)

── Fold 5/5 ──────────────────────────────
  AEC  — AUC: 0.6697  AUPRC: 0.3068  Brier: 0.3031  Acc: 0.7747  F1: 0.3279  (best ep=434, thresh=0.658)

===========================================================================
AECOnly  —  5-Fold CV Summary
===========================================================================
  Fold      AUC-ROC      AUPRC      Brier   Accuracy         F1
  ----------------------------------------------------------
  1          0.6325     0.1794     0.3191     0.5246     0.2564
  2          0.6868     0.2216     0.2995     0.4863     0.2656
  3          0.7076     0.2175     0.3079     0.7049     0.3415
  4          0.6996     0.2732     0.2924     0.6940     0.3000
  5          0.6697     0.3068     0.3031     0.7747     0.3279
  ──────────────────────────────────────────────────────────
  Mean       0.6792     0.2397     0.3044     0.6369     0.2983
  ±Std       0.0267     0.0449     0.0089     0.1115     0.0334
  [M4/raw] Evaluating on test set (med_epoch=377, thresh=0.600) ...

=======================================================
AECOnly Test Evaluation  [scale_aec=none | threshold=0.600]
=======================================================
AECOnly — training final model for 377 epochs on full CV set …
  [AECOnly] weights → C:\Users\jhjun\OneDrive\Desktop\대학원\results/0612_late_fusion/model_4\raw\M4_raw_weights.pt

AECOnly — Test Set (Overall):  AUC: 0.5856  AUPRC: 0.1882  Brier: 0.3041  Acc: 0.6507  F1: 0.2157

AECOnly — Test Set (By Sex):
  [M] n=82  AUC: 0.6243  AUPRC: 0.3019  Brier: 0.2806  Acc: 0.6707  F1: 0.3077
              precision    recall  f1-score   support

      Normal       0.88      0.71      0.78        69
  Sarcopenia       0.23      0.46      0.31        13

    accuracy                           0.67        82
   macro avg       0.55      0.59      0.55        82
weighted avg       0.77      0.67      0.71        82

  [F] n=147  AUC: 0.5635  AUPRC: 0.0946  Brier: 0.3172  Acc: 0.6395  F1: 0.1587
              precision    recall  f1-score   support

      Normal       0.94      0.65      0.77       136
  Sarcopenia       0.10      0.45      0.16        11

    accuracy                           0.64       147
   macro avg       0.52      0.55      0.46       147
weighted avg       0.87      0.64      0.72       147


───────────────────────────────────────────────────────
Test Set — Bootstrap CI
───────────────────────────────────────────────────────

  Bootstrap 95% CI — AECOnly  (n_boot=2000)
  Metric         Estimate   95% CI Lower   95% CI Upper
  ----------------------------------------------------
  AUC-ROC          0.5856         0.4544         0.7105
  AUPRC            0.1882         0.1021         0.3675
  Brier            0.3041         0.2917         0.3164
  Accuracy         0.6507         0.5852         0.7118
  F1               0.2157         0.1111         0.3273
  [M4/raw] Saving figures ...

Saved (model 4 (raw)):
  C:\Users\jhjun\OneDrive\Desktop\대학원\results/0612_late_fusion/model_4\raw/label_distribution.png
  C:\Users\jhjun\OneDrive\Desktop\대학원\results/0612_late_fusion/model_4\raw/cv_roc_curves.png
  C:\Users\jhjun\OneDrive\Desktop\대학원\results/0612_late_fusion/model_4\raw/cv_metric_distribution.png
  C:\Users\jhjun\OneDrive\Desktop\대학원\results/0612_late_fusion/model_4\raw/training_curves.png
  C:\Users\jhjun\OneDrive\Desktop\대학원\results/0612_late_fusion/model_4\raw/test_roc_curves.png
  C:\Users\jhjun\OneDrive\Desktop\대학원\results/0612_late_fusion/model_4\raw/test_roc_by_sex.png
  C:\Users\jhjun\OneDrive\Desktop\대학원\results/0612_late_fusion/model_4\raw/confusion_matrices.png
  C:\Users\jhjun\OneDrive\Desktop\대학원\results/0612_late_fusion/model_4\raw/calibration.png
  C:\Users\jhjun\OneDrive\Desktop\대학원\results/0612_late_fusion/model_4\raw/results.md
  [M4/raw] Plotting Grad-CAM ...
  C:\Users\jhjun\OneDrive\Desktop\대학원\results/0612_late_fusion/model_4\raw/cam_aec_mean.png
  C:\Users\jhjun\OneDrive\Desktop\대학원\results/0612_late_fusion/model_4\raw/cam_aec_lines.png
  C:\Users\jhjun\OneDrive\Desktop\대학원\results/0612_late_fusion/model_4\raw/cam_aec_heatmap.png
  [M4/raw] Done.

############################################################
  [M4 norm]  (scale_aec=none)
############################################################
  [M4/norm] Cross-validating AECOnly ...
=======================================================
5-Fold CV  [AECOnly | scale_aec=none]
=======================================================

── Fold 1/5 ──────────────────────────────
  AEC  — AUC: 0.6178  AUPRC: 0.1556  Brier: 0.3496  Acc: 0.6940  F1: 0.3171  (best ep=4, thresh=0.616)

── Fold 2/5 ──────────────────────────────
  AEC  — AUC: 0.5003  AUPRC: 0.1194  Brier: 0.2568  Acc: 0.5683  F1: 0.2020  (best ep=4, thresh=0.511)

── Fold 3/5 ──────────────────────────────
  AEC  — AUC: 0.5504  AUPRC: 0.1622  Brier: 0.3144  Acc: 0.4809  F1: 0.2149  (best ep=424, thresh=0.572)

── Fold 4/5 ──────────────────────────────
  AEC  — AUC: 0.4994  AUPRC: 0.1065  Brier: 0.2633  Acc: 0.6120  F1: 0.2022  (best ep=1, thresh=0.518)

── Fold 5/5 ──────────────────────────────
  AEC  — AUC: 0.4931  AUPRC: 0.1575  Brier: 0.3082  Acc: 0.8901  F1: 0.2308  (best ep=394, thresh=0.586)

===========================================================================
AECOnly  —  5-Fold CV Summary
===========================================================================
  Fold      AUC-ROC      AUPRC      Brier   Accuracy         F1
  ----------------------------------------------------------
  1          0.6178     0.1556     0.3496     0.6940     0.3171
  2          0.5003     0.1194     0.2568     0.5683     0.2020
  3          0.5504     0.1622     0.3144     0.4809     0.2149
  4          0.4994     0.1065     0.2633     0.6120     0.2022
  5          0.4931     0.1575     0.3082     0.8901     0.2308
  ──────────────────────────────────────────────────────────
  Mean       0.5322     0.1402     0.2985     0.6491     0.2334
  ±Std       0.0475     0.0228     0.0345     0.1388     0.0431
  [M4/norm] Evaluating on test set (med_epoch=4, thresh=0.572) ...

=======================================================
AECOnly Test Evaluation  [scale_aec=none | threshold=0.572]
=======================================================
AECOnly — training final model for 4 epochs on full CV set …
  [AECOnly] weights → C:\Users\jhjun\OneDrive\Desktop\대학원\results/0612_late_fusion/model_4\norm\M4_norm_weights.pt

AECOnly — Test Set (Overall):  AUC: 0.5386  AUPRC: 0.1490  Brier: 0.2529  Acc: 0.8952  F1: 0.0000

AECOnly — Test Set (By Sex):
  [M] n=82  AUC: 0.5741  AUPRC: 0.2140  Brier: 0.2534  Acc: 0.8415  F1: 0.0000
              precision    recall  f1-score   support

      Normal       0.84      1.00      0.91        69
  Sarcopenia       0.00      0.00      0.00        13

    accuracy                           0.84        82
   macro avg       0.42      0.50      0.46        82
weighted avg       0.71      0.84      0.77        82

  [F] n=147  AUC: 0.4158  AUPRC: 0.1095  Brier: 0.2526  Acc: 0.9252  F1: 0.0000
              precision    recall  f1-score   support

      Normal       0.93      1.00      0.96       136
  Sarcopenia       0.00      0.00      0.00        11

    accuracy                           0.93       147
   macro avg       0.46      0.50      0.48       147
weighted avg       0.86      0.93      0.89       147


───────────────────────────────────────────────────────
Test Set — Bootstrap CI
───────────────────────────────────────────────────────

  Bootstrap 95% CI — AECOnly  (n_boot=2000)
  Metric         Estimate   95% CI Lower   95% CI Upper
  ----------------------------------------------------
  AUC-ROC          0.5386         0.4010         0.6694
  AUPRC            0.1490         0.0862         0.2802
  Brier            0.2529         0.2523         0.2535
  Accuracy         0.8952         0.8515         0.9301
  F1               0.0000         0.0000         0.0000
  [M4/norm] Saving figures ...

Saved (model 4 (norm)):
  C:\Users\jhjun\OneDrive\Desktop\대학원\results/0612_late_fusion/model_4\norm/label_distribution.png
  C:\Users\jhjun\OneDrive\Desktop\대학원\results/0612_late_fusion/model_4\norm/cv_roc_curves.png
  C:\Users\jhjun\OneDrive\Desktop\대학원\results/0612_late_fusion/model_4\norm/cv_metric_distribution.png
  C:\Users\jhjun\OneDrive\Desktop\대학원\results/0612_late_fusion/model_4\norm/training_curves.png
  C:\Users\jhjun\OneDrive\Desktop\대학원\results/0612_late_fusion/model_4\norm/test_roc_curves.png
  C:\Users\jhjun\OneDrive\Desktop\대학원\results/0612_late_fusion/model_4\norm/test_roc_by_sex.png
  C:\Users\jhjun\OneDrive\Desktop\대학원\results/0612_late_fusion/model_4\norm/confusion_matrices.png
  C:\Users\jhjun\OneDrive\Desktop\대학원\results/0612_late_fusion/model_4\norm/calibration.png
  C:\Users\jhjun\OneDrive\Desktop\대학원\results/0612_late_fusion/model_4\norm/results.md
  [M4/norm] Plotting Grad-CAM ...
  C:\Users\jhjun\OneDrive\Desktop\대학원\results/0612_late_fusion/model_4\norm/cam_aec_mean.png
  C:\Users\jhjun\OneDrive\Desktop\대학원\results/0612_late_fusion/model_4\norm/cam_aec_lines.png
  C:\Users\jhjun\OneDrive\Desktop\대학원\results/0612_late_fusion/model_4\norm/cam_aec_heatmap.png
  [M4/norm] Done.

############################################################
  [M4 global_zscore]  (scale_aec=global)
############################################################
  [M4/global_zscore] Cross-validating AECOnly ...
=======================================================
5-Fold CV  [AECOnly | scale_aec=global]
=======================================================

── Fold 1/5 ──────────────────────────────
  AEC  — AUC: 0.6077  AUPRC: 0.1669  Brier: 0.2616  Acc: 0.3770  F1: 0.2500  (best ep=26, thresh=0.471)

── Fold 2/5 ──────────────────────────────
  AEC  — AUC: 0.6518  AUPRC: 0.2005  Brier: 0.3232  Acc: 0.7541  F1: 0.3077  (best ep=115, thresh=0.634)

── Fold 3/5 ──────────────────────────────
  AEC  — AUC: 0.7404  AUPRC: 0.3101  Brier: 0.2912  Acc: 0.8689  F1: 0.4545  (best ep=11, thresh=0.608)

── Fold 4/5 ──────────────────────────────
  AEC  — AUC: 0.6977  AUPRC: 0.1915  Brier: 0.3200  Acc: 0.5628  F1: 0.2857  (best ep=51, thresh=0.577)

── Fold 5/5 ──────────────────────────────
  AEC  — AUC: 0.6448  AUPRC: 0.1899  Brier: 0.3014  Acc: 0.6758  F1: 0.2892  (best ep=491, thresh=0.616)

===========================================================================
AECOnly  —  5-Fold CV Summary
===========================================================================
  Fold      AUC-ROC      AUPRC      Brier   Accuracy         F1
  ----------------------------------------------------------
  1          0.6077     0.1669     0.2616     0.3770     0.2500
  2          0.6518     0.2005     0.3232     0.7541     0.3077
  3          0.7404     0.3101     0.2912     0.8689     0.4545
  4          0.6977     0.1915     0.3200     0.5628     0.2857
  5          0.6448     0.1899     0.3014     0.6758     0.2892
  ──────────────────────────────────────────────────────────
  Mean       0.6685     0.2118     0.2995     0.6477     0.3174
  ±Std       0.0460     0.0504     0.0223     0.1682     0.0711
  [M4/global_zscore] Evaluating on test set (med_epoch=51, thresh=0.608) ...

=======================================================
AECOnly Test Evaluation  [scale_aec=global | threshold=0.608]
=======================================================
AECOnly — training final model for 51 epochs on full CV set …
  [AECOnly] weights → C:\Users\jhjun\OneDrive\Desktop\대학원\results/0612_late_fusion/model_4\global_zscore\M4_global_zscore_weights.pt

AECOnly — Test Set (Overall):  AUC: 0.5785  AUPRC: 0.1369  Brier: 0.2795  Acc: 0.8952  F1: 0.0000

AECOnly — Test Set (By Sex):
  [M] n=82  AUC: 0.6042  AUPRC: 0.2404  Brier: 0.2666  Acc: 0.8415  F1: 0.0000
              precision    recall  f1-score   support

      Normal       0.84      1.00      0.91        69
  Sarcopenia       0.00      0.00      0.00        13

    accuracy                           0.84        82
   macro avg       0.42      0.50      0.46        82
weighted avg       0.71      0.84      0.77        82

  [F] n=147  AUC: 0.5561  AUPRC: 0.0888  Brier: 0.2867  Acc: 0.9252  F1: 0.0000
              precision    recall  f1-score   support

      Normal       0.93      1.00      0.96       136
  Sarcopenia       0.00      0.00      0.00        11

    accuracy                           0.93       147
   macro avg       0.46      0.50      0.48       147
weighted avg       0.86      0.93      0.89       147


───────────────────────────────────────────────────────
Test Set — Bootstrap CI
───────────────────────────────────────────────────────

  Bootstrap 95% CI — AECOnly  (n_boot=2000)
  Metric         Estimate   95% CI Lower   95% CI Upper
  ----------------------------------------------------
  AUC-ROC          0.5785         0.4567         0.6939
  AUPRC            0.1369         0.0846         0.2462
  Brier            0.2795         0.2720         0.2871
  Accuracy         0.8952         0.8515         0.9301
  F1               0.0000         0.0000         0.0000
  [M4/global_zscore] Saving figures ...

Saved (model 4 (global_zscore)):
  C:\Users\jhjun\OneDrive\Desktop\대학원\results/0612_late_fusion/model_4\global_zscore/label_distribution.png
  C:\Users\jhjun\OneDrive\Desktop\대학원\results/0612_late_fusion/model_4\global_zscore/cv_roc_curves.png
  C:\Users\jhjun\OneDrive\Desktop\대학원\results/0612_late_fusion/model_4\global_zscore/cv_metric_distribution.png
  C:\Users\jhjun\OneDrive\Desktop\대학원\results/0612_late_fusion/model_4\global_zscore/training_curves.png
  C:\Users\jhjun\OneDrive\Desktop\대학원\results/0612_late_fusion/model_4\global_zscore/test_roc_curves.png
  C:\Users\jhjun\OneDrive\Desktop\대학원\results/0612_late_fusion/model_4\global_zscore/test_roc_by_sex.png
  C:\Users\jhjun\OneDrive\Desktop\대학원\results/0612_late_fusion/model_4\global_zscore/confusion_matrices.png
  C:\Users\jhjun\OneDrive\Desktop\대학원\results/0612_late_fusion/model_4\global_zscore/calibration.png
  C:\Users\jhjun\OneDrive\Desktop\대학원\results/0612_late_fusion/model_4\global_zscore/results.md
  [M4/global_zscore] Plotting Grad-CAM ...
  C:\Users\jhjun\OneDrive\Desktop\대학원\results/0612_late_fusion/model_4\global_zscore/cam_aec_mean.png
  C:\Users\jhjun\OneDrive\Desktop\대학원\results/0612_late_fusion/model_4\global_zscore/cam_aec_lines.png
  C:\Users\jhjun\OneDrive\Desktop\대학원\results/0612_late_fusion/model_4\global_zscore/cam_aec_heatmap.png
  [M4/global_zscore] Done.
