============================================================
  MODEL 2_2 — Clinic + AEC Unmatched (aec103)  (4 AEC variants)
============================================================

############################################################
  [M2_2 raw]  (scale_clinic=True, scale_aec=none)
############################################################
  [M2_2/raw] Cross-validating CrossAttn ...
=======================================================
5-Fold CV  [CrossAttn | scale_clin=True, scale_aec=none]
=======================================================

── Fold 1/5 ──────────────────────────────
  CA   — AUC: 0.7979  AUPRC: 0.3279  Brier: 0.2785  Acc: 0.6776  F1: 0.3656  (best ep=156, thresh=0.573)

── Fold 2/5 ──────────────────────────────
  CA   — AUC: 0.8193  AUPRC: 0.4413  Brier: 0.2593  Acc: 0.6940  F1: 0.3778  (best ep=367, thresh=0.563)

── Fold 3/5 ──────────────────────────────
  CA   — AUC: 0.7632  AUPRC: 0.2438  Brier: 0.2837  Acc: 0.5683  F1: 0.3009  (best ep=457, thresh=0.525)

── Fold 4/5 ──────────────────────────────
  CA   — AUC: 0.7609  AUPRC: 0.3251  Brier: 0.2518  Acc: 0.6667  F1: 0.3441  (best ep=476, thresh=0.535)

── Fold 5/5 ──────────────────────────────
  CA   — AUC: 0.7843  AUPRC: 0.3526  Brier: 0.2611  Acc: 0.6429  F1: 0.3434  (best ep=411, thresh=0.530)

===========================================================================
CrossAttn  —  5-Fold CV Summary
===========================================================================
  Fold      AUC-ROC      AUPRC      Brier   Accuracy         F1
  ----------------------------------------------------------
  1          0.7979     0.3279     0.2785     0.6776     0.3656
  2          0.8193     0.4413     0.2593     0.6940     0.3778
  3          0.7632     0.2438     0.2837     0.5683     0.3009
  4          0.7609     0.3251     0.2518     0.6667     0.3441
  5          0.7843     0.3526     0.2611     0.6429     0.3434
  ──────────────────────────────────────────────────────────
  Mean       0.7851     0.3381     0.2669     0.6499     0.3464
  ±Std       0.0219     0.0633     0.0121     0.0440     0.0262
  [M2_2/raw] Evaluating on test set (med_epoch=411, thresh=0.535) ...

=======================================================
CrossAttn Test Evaluation  (scale_clin=True, scale_aec=none, threshold=0.535)
=======================================================
CrossAttn — training final model for 411 epochs on full CV set …
  [CrossAttn] Model weights saved → 연구코드/results/0605/stage0_1e-05_epoch500/model_2_2\crop80\raw\M2_2_raw_weights.pt

CrossAttn — Test Set (Overall):
  AUC: 0.7978  AUPRC: 0.3343  Brier: 0.2636  Acc: 0.6288  F1: 0.3411

CrossAttn — Test Set (By Sex):
  [M] n=82  AUC: 0.7191  AUPRC: 0.3505  Brier: 0.2988  Acc: 0.5854  F1: 0.3929
              precision    recall  f1-score   support

      Normal       0.95      0.54      0.69        69
  Sarcopenia       0.26      0.85      0.39        13

    accuracy                           0.59        82
   macro avg       0.60      0.69      0.54        82
weighted avg       0.84      0.59      0.64        82

  [F] n=147  AUC: 0.8496  AUPRC: 0.3725  Brier: 0.2439  Acc: 0.6531  F1: 0.3014
              precision    recall  f1-score   support

      Normal       1.00      0.62      0.77       136
  Sarcopenia       0.18      1.00      0.30        11

    accuracy                           0.65       147
   macro avg       0.59      0.81      0.54       147
weighted avg       0.94      0.65      0.73       147


───────────────────────────────────────────────────────
Test Set — Bootstrap CI
───────────────────────────────────────────────────────

  Bootstrap 95% CI — CrossAttn  (n_boot=2000)
  Metric         Estimate   95% CI Lower   95% CI Upper
  ----------------------------------------------------
  AUC-ROC          0.7978         0.6983         0.8786
  AUPRC            0.3343         0.1934         0.5236
  Brier            0.2636         0.2366         0.2889
  Accuracy         0.6288         0.5677         0.6943
  F1               0.3411         0.2295         0.4511
  [M2_2/raw] Saving figures ...

Saved (model 2_2 (raw, unmatched)):
  연구코드/results/0605/stage0_1e-05_epoch500/model_2_2\crop80\raw/data_distribution.png
  연구코드/results/0605/stage0_1e-05_epoch500/model_2_2\crop80\raw/cv_roc_curves.png
  연구코드/results/0605/stage0_1e-05_epoch500/model_2_2\crop80\raw/cv_metric_distribution.png
  연구코드/results/0605/stage0_1e-05_epoch500/model_2_2\crop80\raw/training_curves.png
  연구코드/results/0605/stage0_1e-05_epoch500/model_2_2\crop80\raw/test_roc_curves.png
  연구코드/results/0605/stage0_1e-05_epoch500/model_2_2\crop80\raw/test_roc_by_sex.png
  연구코드/results/0605/stage0_1e-05_epoch500/model_2_2\crop80\raw/confusion_matrices.png
  연구코드/results/0605/stage0_1e-05_epoch500/model_2_2\crop80\raw/calibration.png
  연구코드/results/0605/stage0_1e-05_epoch500/model_2_2\crop80\raw/results.md
  [M2_2/raw] Plotting attention maps ...
  연구코드/results/0605/stage0_1e-05_epoch500/model_2_2\crop80\raw/attention_map_c2a.png
  연구코드/results/0605/stage0_1e-05_epoch500/model_2_2\crop80\raw/attention_heatmap_c2a.png
  연구코드/results/0605/stage0_1e-05_epoch500/model_2_2\crop80\raw/attention_map_a2c.png
  연구코드/results/0605/stage0_1e-05_epoch500/model_2_2\crop80\raw/attention_heatmap_a2c.png
  [M2_2/raw] Plotting Grad-CAM ...
  연구코드/results/0605/stage0_1e-05_epoch500/model_2_2\crop80\raw/cam_aec_mean.png
  연구코드/results/0605/stage0_1e-05_epoch500/model_2_2\crop80\raw/cam_aec_lines.png
  연구코드/results/0605/stage0_1e-05_epoch500/model_2_2\crop80\raw/cam_aec_heatmap.png
  [M2_2/raw] Done.

############################################################
  [M2_2 std_scaled]  (scale_clinic=True, scale_aec=column)
############################################################
  [M2_2/std_scaled] Cross-validating CrossAttn ...
=======================================================
5-Fold CV  [CrossAttn | scale_clin=True, scale_aec=column]
=======================================================

── Fold 1/5 ──────────────────────────────
  CA   — AUC: 0.8107  AUPRC: 0.3215  Brier: 0.2698  Acc: 0.7322  F1: 0.4096  (best ep=388, thresh=0.611)

── Fold 2/5 ──────────────────────────────
  CA   — AUC: 0.8184  AUPRC: 0.4574  Brier: 0.2434  Acc: 0.8525  F1: 0.4906  (best ep=314, thresh=0.645)

── Fold 3/5 ──────────────────────────────
  CA   — AUC: 0.7388  AUPRC: 0.2371  Brier: 0.2892  Acc: 0.7869  F1: 0.3607  (best ep=455, thresh=0.697)

── Fold 4/5 ──────────────────────────────
  CA   — AUC: 0.7295  AUPRC: 0.2921  Brier: 0.2520  Acc: 0.6284  F1: 0.3200  (best ep=496, thresh=0.514)

── Fold 5/5 ──────────────────────────────
  CA   — AUC: 0.7598  AUPRC: 0.2822  Brier: 0.2644  Acc: 0.6648  F1: 0.3441  (best ep=486, thresh=0.555)

===========================================================================
CrossAttn  —  5-Fold CV Summary
===========================================================================
  Fold      AUC-ROC      AUPRC      Brier   Accuracy         F1
  ----------------------------------------------------------
  1          0.8107     0.3215     0.2698     0.7322     0.4096
  2          0.8184     0.4574     0.2434     0.8525     0.4906
  3          0.7388     0.2371     0.2892     0.7869     0.3607
  4          0.7295     0.2921     0.2520     0.6284     0.3200
  5          0.7598     0.2822     0.2644     0.6648     0.3441
  ──────────────────────────────────────────────────────────
  Mean       0.7714     0.3181     0.2638     0.7330     0.3850
  ±Std       0.0366     0.0748     0.0157     0.0809     0.0604
  [M2_2/std_scaled] Evaluating on test set (med_epoch=455, thresh=0.611) ...

=======================================================
CrossAttn Test Evaluation  (scale_clin=True, scale_aec=column, threshold=0.611)
=======================================================
CrossAttn — training final model for 455 epochs on full CV set …
  [CrossAttn] Model weights saved → 연구코드/results/0605/stage0_1e-05_epoch500/model_2_2\crop80\std_scaled\M2_2_std_scaled_weights.pt

CrossAttn — Test Set (Overall):
  AUC: 0.7805  AUPRC: 0.2861  Brier: 0.2679  Acc: 0.7118  F1: 0.3654

CrossAttn — Test Set (By Sex):
  [M] n=82  AUC: 0.7313  AUPRC: 0.3461  Brier: 0.2927  Acc: 0.6707  F1: 0.4490
              precision    recall  f1-score   support

      Normal       0.96      0.64      0.77        69
  Sarcopenia       0.31      0.85      0.45        13

    accuracy                           0.67        82
   macro avg       0.63      0.74      0.61        82
weighted avg       0.85      0.67      0.72        82

  [F] n=147  AUC: 0.7914  AUPRC: 0.2948  Brier: 0.2542  Acc: 0.7347  F1: 0.2909
              precision    recall  f1-score   support

      Normal       0.97      0.74      0.84       136
  Sarcopenia       0.18      0.73      0.29        11

    accuracy                           0.73       147
   macro avg       0.58      0.73      0.56       147
weighted avg       0.91      0.73      0.80       147


───────────────────────────────────────────────────────
Test Set — Bootstrap CI
───────────────────────────────────────────────────────

  Bootstrap 95% CI — CrossAttn  (n_boot=2000)
  Metric         Estimate   95% CI Lower   95% CI Upper
  ----------------------------------------------------
  AUC-ROC          0.7805         0.6977         0.8547
  AUPRC            0.2861         0.1643         0.4611
  Brier            0.2679         0.2435         0.2911
  Accuracy         0.7118         0.6550         0.7729
  F1               0.3654         0.2444         0.4786
  [M2_2/std_scaled] Saving figures ...

Saved (model 2_2 (std_scaled, unmatched)):
  연구코드/results/0605/stage0_1e-05_epoch500/model_2_2\crop80\std_scaled/data_distribution.png
  연구코드/results/0605/stage0_1e-05_epoch500/model_2_2\crop80\std_scaled/cv_roc_curves.png
  연구코드/results/0605/stage0_1e-05_epoch500/model_2_2\crop80\std_scaled/cv_metric_distribution.png
  연구코드/results/0605/stage0_1e-05_epoch500/model_2_2\crop80\std_scaled/training_curves.png
  연구코드/results/0605/stage0_1e-05_epoch500/model_2_2\crop80\std_scaled/test_roc_curves.png
  연구코드/results/0605/stage0_1e-05_epoch500/model_2_2\crop80\std_scaled/test_roc_by_sex.png
  연구코드/results/0605/stage0_1e-05_epoch500/model_2_2\crop80\std_scaled/confusion_matrices.png
  연구코드/results/0605/stage0_1e-05_epoch500/model_2_2\crop80\std_scaled/calibration.png
  연구코드/results/0605/stage0_1e-05_epoch500/model_2_2\crop80\std_scaled/results.md
  [M2_2/std_scaled] Plotting attention maps ...
  연구코드/results/0605/stage0_1e-05_epoch500/model_2_2\crop80\std_scaled/attention_map_c2a.png
  연구코드/results/0605/stage0_1e-05_epoch500/model_2_2\crop80\std_scaled/attention_heatmap_c2a.png
  연구코드/results/0605/stage0_1e-05_epoch500/model_2_2\crop80\std_scaled/attention_map_a2c.png
  연구코드/results/0605/stage0_1e-05_epoch500/model_2_2\crop80\std_scaled/attention_heatmap_a2c.png
  [M2_2/std_scaled] Plotting Grad-CAM ...
  연구코드/results/0605/stage0_1e-05_epoch500/model_2_2\crop80\std_scaled/cam_aec_mean.png
  연구코드/results/0605/stage0_1e-05_epoch500/model_2_2\crop80\std_scaled/cam_aec_lines.png
  연구코드/results/0605/stage0_1e-05_epoch500/model_2_2\crop80\std_scaled/cam_aec_heatmap.png
  [M2_2/std_scaled] Done.

############################################################
  [M2_2 norm]  (scale_clinic=True, scale_aec=none)
############################################################
  [M2_2/norm] Cross-validating CrossAttn ...
=======================================================
5-Fold CV  [CrossAttn | scale_clin=True, scale_aec=none]
=======================================================

── Fold 1/5 ──────────────────────────────
  CA   — AUC: 0.8252  AUPRC: 0.3845  Brier: 0.2884  Acc: 0.6721  F1: 0.3750  (best ep=59, thresh=0.576)

── Fold 2/5 ──────────────────────────────
  CA   — AUC: 0.8662  AUPRC: 0.5371  Brier: 0.2265  Acc: 0.9016  F1: 0.6250  (best ep=338, thresh=0.653)

── Fold 3/5 ──────────────────────────────
  CA   — AUC: 0.7664  AUPRC: 0.2976  Brier: 0.2713  Acc: 0.6721  F1: 0.3333  (best ep=265, thresh=0.593)

── Fold 4/5 ──────────────────────────────
  CA   — AUC: 0.7728  AUPRC: 0.3530  Brier: 0.2432  Acc: 0.7486  F1: 0.3947  (best ep=430, thresh=0.568)

── Fold 5/5 ──────────────────────────────
  CA   — AUC: 0.8108  AUPRC: 0.3780  Brier: 0.2478  Acc: 0.7802  F1: 0.4444  (best ep=386, thresh=0.624)

===========================================================================
CrossAttn  —  5-Fold CV Summary
===========================================================================
  Fold      AUC-ROC      AUPRC      Brier   Accuracy         F1
  ----------------------------------------------------------
  1          0.8252     0.3845     0.2884     0.6721     0.3750
  2          0.8662     0.5371     0.2265     0.9016     0.6250
  3          0.7664     0.2976     0.2713     0.6721     0.3333
  4          0.7728     0.3530     0.2432     0.7486     0.3947
  5          0.8108     0.3780     0.2478     0.7802     0.4444
  ──────────────────────────────────────────────────────────
  Mean       0.8083     0.3900     0.2554     0.7550     0.4345
  ±Std       0.0365     0.0797     0.0218     0.0848     0.1017
  [M2_2/norm] Evaluating on test set (med_epoch=338, thresh=0.593) ...

=======================================================
CrossAttn Test Evaluation  (scale_clin=True, scale_aec=none, threshold=0.593)
=======================================================
CrossAttn — training final model for 338 epochs on full CV set …
  [CrossAttn] Model weights saved → 연구코드/results/0605/stage0_1e-05_epoch500/model_2_2\crop80\norm\M2_2_norm_weights.pt

CrossAttn — Test Set (Overall):
  AUC: 0.8301  AUPRC: 0.3580  Brier: 0.2594  Acc: 0.6812  F1: 0.3652

CrossAttn — Test Set (By Sex):
  [M] n=82  AUC: 0.7625  AUPRC: 0.3834  Brier: 0.2873  Acc: 0.6220  F1: 0.4151
              precision    recall  f1-score   support

      Normal       0.95      0.58      0.72        69
  Sarcopenia       0.28      0.85      0.42        13

    accuracy                           0.62        82
   macro avg       0.61      0.71      0.57        82
weighted avg       0.84      0.62      0.67        82

  [F] n=147  AUC: 0.8636  AUPRC: 0.4616  Brier: 0.2438  Acc: 0.7143  F1: 0.3226
              precision    recall  f1-score   support

      Normal       0.99      0.70      0.82       136
  Sarcopenia       0.20      0.91      0.32        11

    accuracy                           0.71       147
   macro avg       0.59      0.80      0.57       147
weighted avg       0.93      0.71      0.78       147


───────────────────────────────────────────────────────
Test Set — Bootstrap CI
───────────────────────────────────────────────────────

  Bootstrap 95% CI — CrossAttn  (n_boot=2000)
  Metric         Estimate   95% CI Lower   95% CI Upper
  ----------------------------------------------------
  AUC-ROC          0.8301         0.7484         0.8967
  AUPRC            0.3580         0.2105         0.5495
  Brier            0.2594         0.2330         0.2849
  Accuracy         0.6812         0.6201         0.7467
  F1               0.3652         0.2453         0.4779
  [M2_2/norm] Saving figures ...

Saved (model 2_2 (norm, unmatched)):
  연구코드/results/0605/stage0_1e-05_epoch500/model_2_2\crop80\norm/data_distribution.png
  연구코드/results/0605/stage0_1e-05_epoch500/model_2_2\crop80\norm/cv_roc_curves.png
  연구코드/results/0605/stage0_1e-05_epoch500/model_2_2\crop80\norm/cv_metric_distribution.png
  연구코드/results/0605/stage0_1e-05_epoch500/model_2_2\crop80\norm/training_curves.png
  연구코드/results/0605/stage0_1e-05_epoch500/model_2_2\crop80\norm/test_roc_curves.png
  연구코드/results/0605/stage0_1e-05_epoch500/model_2_2\crop80\norm/test_roc_by_sex.png
  연구코드/results/0605/stage0_1e-05_epoch500/model_2_2\crop80\norm/confusion_matrices.png
  연구코드/results/0605/stage0_1e-05_epoch500/model_2_2\crop80\norm/calibration.png
  연구코드/results/0605/stage0_1e-05_epoch500/model_2_2\crop80\norm/results.md
  [M2_2/norm] Plotting attention maps ...
  연구코드/results/0605/stage0_1e-05_epoch500/model_2_2\crop80\norm/attention_map_c2a.png
  연구코드/results/0605/stage0_1e-05_epoch500/model_2_2\crop80\norm/attention_heatmap_c2a.png
  연구코드/results/0605/stage0_1e-05_epoch500/model_2_2\crop80\norm/attention_map_a2c.png
  연구코드/results/0605/stage0_1e-05_epoch500/model_2_2\crop80\norm/attention_heatmap_a2c.png
  [M2_2/norm] Plotting Grad-CAM ...
  연구코드/results/0605/stage0_1e-05_epoch500/model_2_2\crop80\norm/cam_aec_mean.png
  연구코드/results/0605/stage0_1e-05_epoch500/model_2_2\crop80\norm/cam_aec_lines.png
  연구코드/results/0605/stage0_1e-05_epoch500/model_2_2\crop80\norm/cam_aec_heatmap.png
  [M2_2/norm] Done.

############################################################
  [M2_2 global_zscore]  (scale_clinic=True, scale_aec=global)
############################################################
  [M2_2/global_zscore] Cross-validating CrossAttn ...
=======================================================
5-Fold CV  [CrossAttn | scale_clin=True, scale_aec=global]
=======================================================

── Fold 1/5 ──────────────────────────────
  CA   — AUC: 0.8067  AUPRC: 0.2944  Brier: 0.2688  Acc: 0.5683  F1: 0.3361  (best ep=461, thresh=0.522)

── Fold 2/5 ──────────────────────────────
  CA   — AUC: 0.8135  AUPRC: 0.4643  Brier: 0.2518  Acc: 0.7541  F1: 0.4156  (best ep=402, thresh=0.593)

── Fold 3/5 ──────────────────────────────
  CA   — AUC: 0.7449  AUPRC: 0.2338  Brier: 0.2760  Acc: 0.4863  F1: 0.2769  (best ep=478, thresh=0.462)

── Fold 4/5 ──────────────────────────────
  CA   — AUC: 0.7449  AUPRC: 0.3287  Brier: 0.2507  Acc: 0.8142  F1: 0.3929  (best ep=371, thresh=0.655)

── Fold 5/5 ──────────────────────────────
  CA   — AUC: 0.7801  AUPRC: 0.3862  Brier: 0.2480  Acc: 0.7418  F1: 0.4051  (best ep=449, thresh=0.599)

===========================================================================
CrossAttn  —  5-Fold CV Summary
===========================================================================
  Fold      AUC-ROC      AUPRC      Brier   Accuracy         F1
  ----------------------------------------------------------
  1          0.8067     0.2944     0.2688     0.5683     0.3361
  2          0.8135     0.4643     0.2518     0.7541     0.4156
  3          0.7449     0.2338     0.2760     0.4863     0.2769
  4          0.7449     0.3287     0.2507     0.8142     0.3929
  5          0.7801     0.3862     0.2480     0.7418     0.4051
  ──────────────────────────────────────────────────────────
  Mean       0.7780     0.3415     0.2591     0.6729     0.3653
  ±Std       0.0293     0.0788     0.0112     0.1241     0.0520
  [M2_2/global_zscore] Evaluating on test set (med_epoch=449, thresh=0.593) ...

=======================================================
CrossAttn Test Evaluation  (scale_clin=True, scale_aec=global, threshold=0.593)
=======================================================
CrossAttn — training final model for 449 epochs on full CV set …
  [CrossAttn] Model weights saved → 연구코드/results/0605/stage0_1e-05_epoch500/model_2_2\crop80\global_zscore\M2_2_global_zscore_weights.pt

CrossAttn — Test Set (Overall):
  AUC: 0.8236  AUPRC: 0.3680  Brier: 0.2724  Acc: 0.6812  F1: 0.3652

CrossAttn — Test Set (By Sex):
  [M] n=82  AUC: 0.7770  AUPRC: 0.4007  Brier: 0.2764  Acc: 0.6829  F1: 0.4583
              precision    recall  f1-score   support

      Normal       0.96      0.65      0.78        69
  Sarcopenia       0.31      0.85      0.46        13

    accuracy                           0.68        82
   macro avg       0.64      0.75      0.62        82
weighted avg       0.86      0.68      0.73        82

  [F] n=147  AUC: 0.8563  AUPRC: 0.4191  Brier: 0.2702  Acc: 0.6803  F1: 0.2985
              precision    recall  f1-score   support

      Normal       0.99      0.66      0.79       136
  Sarcopenia       0.18      0.91      0.30        11

    accuracy                           0.68       147
   macro avg       0.58      0.79      0.55       147
weighted avg       0.93      0.68      0.76       147


───────────────────────────────────────────────────────
Test Set — Bootstrap CI
───────────────────────────────────────────────────────

  Bootstrap 95% CI — CrossAttn  (n_boot=2000)
  Metric         Estimate   95% CI Lower   95% CI Upper
  ----------------------------------------------------
  AUC-ROC          0.8236         0.7363         0.8971
  AUPRC            0.3680         0.2206         0.5606
  Brier            0.2724         0.2481         0.2965
  Accuracy         0.6812         0.6201         0.7381
  F1               0.3652         0.2476         0.4794
  [M2_2/global_zscore] Saving figures ...

Saved (model 2_2 (global_zscore, unmatched)):
  연구코드/results/0605/stage0_1e-05_epoch500/model_2_2\crop80\global_zscore/data_distribution.png
  연구코드/results/0605/stage0_1e-05_epoch500/model_2_2\crop80\global_zscore/cv_roc_curves.png
  연구코드/results/0605/stage0_1e-05_epoch500/model_2_2\crop80\global_zscore/cv_metric_distribution.png
  연구코드/results/0605/stage0_1e-05_epoch500/model_2_2\crop80\global_zscore/training_curves.png
  연구코드/results/0605/stage0_1e-05_epoch500/model_2_2\crop80\global_zscore/test_roc_curves.png
  연구코드/results/0605/stage0_1e-05_epoch500/model_2_2\crop80\global_zscore/test_roc_by_sex.png
  연구코드/results/0605/stage0_1e-05_epoch500/model_2_2\crop80\global_zscore/confusion_matrices.png
  연구코드/results/0605/stage0_1e-05_epoch500/model_2_2\crop80\global_zscore/calibration.png
  연구코드/results/0605/stage0_1e-05_epoch500/model_2_2\crop80\global_zscore/results.md
  [M2_2/global_zscore] Plotting attention maps ...
  연구코드/results/0605/stage0_1e-05_epoch500/model_2_2\crop80\global_zscore/attention_map_c2a.png
  연구코드/results/0605/stage0_1e-05_epoch500/model_2_2\crop80\global_zscore/attention_heatmap_c2a.png
  연구코드/results/0605/stage0_1e-05_epoch500/model_2_2\crop80\global_zscore/attention_map_a2c.png
  연구코드/results/0605/stage0_1e-05_epoch500/model_2_2\crop80\global_zscore/attention_heatmap_a2c.png
  [M2_2/global_zscore] Plotting Grad-CAM ...
  연구코드/results/0605/stage0_1e-05_epoch500/model_2_2\crop80\global_zscore/cam_aec_mean.png
  연구코드/results/0605/stage0_1e-05_epoch500/model_2_2\crop80\global_zscore/cam_aec_lines.png
  연구코드/results/0605/stage0_1e-05_epoch500/model_2_2\crop80\global_zscore/cam_aec_heatmap.png
  [M2_2/global_zscore] Done.
