============================================================
  MODEL 3 — Clinic + Scanner + AEC (aec128)  (3 AEC variants)
============================================================

############################################################
  [M3 raw]  (scale_clinic=True, scale_aec=none)
############################################################
  [M3/raw] Cross-validating CrossAttn3 ...
=================================================================
5-Fold CV  [CrossAttn3 | scale_aec=none]
=================================================================

── Fold 1/5 ──────────────────────────────
  CA3  — AUC: 0.7926  AUPRC: 0.3247  Brier: 0.2698  Acc: 0.6885  F1: 0.3736  (best ep=389, thresh=0.617)

── Fold 2/5 ──────────────────────────────
  CA3  — AUC: 0.8206  AUPRC: 0.4403  Brier: 0.2413  Acc: 0.6995  F1: 0.3678  (best ep=440, thresh=0.542)

── Fold 3/5 ──────────────────────────────
  CA3  — AUC: 0.7904  AUPRC: 0.3926  Brier: 0.2746  Acc: 0.8306  F1: 0.4561  (best ep=235, thresh=0.721)

── Fold 4/5 ──────────────────────────────
  CA3  — AUC: 0.7725  AUPRC: 0.3357  Brier: 0.2298  Acc: 0.6831  F1: 0.3556  (best ep=428, thresh=0.535)

── Fold 5/5 ──────────────────────────────
  CA3  — AUC: 0.8114  AUPRC: 0.3994  Brier: 0.2427  Acc: 0.8297  F1: 0.4746  (best ep=310, thresh=0.660)

===========================================================================
CrossAttn3  —  5-Fold CV Summary
===========================================================================
  Fold      AUC-ROC      AUPRC      Brier   Accuracy         F1
  ----------------------------------------------------------
  1          0.7926     0.3247     0.2698     0.6885     0.3736
  2          0.8206     0.4403     0.2413     0.6995     0.3678
  3          0.7904     0.3926     0.2746     0.8306     0.4561
  4          0.7725     0.3357     0.2298     0.6831     0.3556
  5          0.8114     0.3994     0.2427     0.8297     0.4746
  ──────────────────────────────────────────────────────────
  Mean       0.7975     0.3785     0.2516     0.7463     0.4055
  ±Std       0.0169     0.0429     0.0174     0.0687     0.0495
  [M3/raw] Evaluating on test set (med_epoch=389, thresh=0.617) ...

=================================================================
CrossAttn3 Test Evaluation  [scale_aec=none | threshold=0.617]
=================================================================
CrossAttn3 — training final model for 389 epochs on full CV set …
  [CrossAttn3] weights → 연구코드/results/0612_2/model_3\raw\M3_raw_weights.pt

CrossAttn3 — Test Set (Overall):  AUC: 0.7888  AUPRC: 0.2673  Brier: 0.2644  Acc: 0.7467  F1: 0.3830

CrossAttn3 — Test Set (By Sex):
  [M] n=82  AUC: 0.7179  AUPRC: 0.2914  Brier: 0.2820  Acc: 0.7195  F1: 0.4651
              precision    recall  f1-score   support

      Normal       0.94      0.71      0.81        69
  Sarcopenia       0.33      0.77      0.47        13

    accuracy                           0.72        82
   macro avg       0.64      0.74      0.64        82
weighted avg       0.85      0.72      0.76        82

  [F] n=147  AUC: 0.8429  AUPRC: 0.3216  Brier: 0.2545  Acc: 0.7619  F1: 0.3137
              precision    recall  f1-score   support

      Normal       0.97      0.76      0.86       136
  Sarcopenia       0.20      0.73      0.31        11

    accuracy                           0.76       147
   macro avg       0.59      0.75      0.58       147
weighted avg       0.91      0.76      0.82       147


───────────────────────────────────────────────────────
Test Set — Bootstrap CI
───────────────────────────────────────────────────────

  Bootstrap 95% CI — CrossAttn3  (n_boot=2000)
  Metric         Estimate   95% CI Lower   95% CI Upper
  ----------------------------------------------------
  AUC-ROC          0.7888         0.6947         0.8731
  AUPRC            0.2673         0.1752         0.4494
  Brier            0.2644         0.2383         0.2882
  Accuracy         0.7467         0.6900         0.8035
  F1               0.3830         0.2564         0.5091
  [M3/raw] Saving figures ...

Saved (model 3 (raw)):
  연구코드/results/0612_2/model_3\raw/data_distribution.png
  연구코드/results/0612_2/model_3\raw/cv_roc_curves.png
  연구코드/results/0612_2/model_3\raw/cv_metric_distribution.png
  연구코드/results/0612_2/model_3\raw/training_curves.png
  연구코드/results/0612_2/model_3\raw/test_roc_curves.png
  연구코드/results/0612_2/model_3\raw/test_roc_by_sex.png
  연구코드/results/0612_2/model_3\raw/confusion_matrices.png
  연구코드/results/0612_2/model_3\raw/calibration.png
  연구코드/results/0612_2/model_3\raw/results.md
  [M3/raw] Plotting attention maps ...
  연구코드/results/0612_2/model_3\raw/attention_map_c2a.png
  연구코드/results/0612_2/model_3\raw/attention_heatmap_c2a.png
  연구코드/results/0612_2/model_3\raw/attention_map_a2c.png
  연구코드/results/0612_2/model_3\raw/attention_heatmap_a2c.png
  [M3/raw] Plotting Grad-CAM ...
  연구코드/results/0612_2/model_3\raw/cam_aec_mean.png
  연구코드/results/0612_2/model_3\raw/cam_aec_lines.png
  연구코드/results/0612_2/model_3\raw/cam_aec_heatmap.png
  [M3/raw] Done.

############################################################
  [M3 norm]  (scale_clinic=True, scale_aec=none)
############################################################
  [M3/norm] Cross-validating CrossAttn3 ...
=================================================================
5-Fold CV  [CrossAttn3 | scale_aec=none]
=================================================================

── Fold 1/5 ──────────────────────────────
  CA3  — AUC: 0.8239  AUPRC: 0.4559  Brier: 0.2979  Acc: 0.6393  F1: 0.3529  (best ep=58, thresh=0.573)

── Fold 2/5 ──────────────────────────────
  CA3  — AUC: 0.8248  AUPRC: 0.4656  Brier: 0.2257  Acc: 0.6940  F1: 0.3778  (best ep=433, thresh=0.500)

── Fold 3/5 ──────────────────────────────
  CA3  — AUC: 0.7686  AUPRC: 0.2838  Brier: 0.2765  Acc: 0.7978  F1: 0.3934  (best ep=241, thresh=0.683)

── Fold 4/5 ──────────────────────────────
  CA3  — AUC: 0.7644  AUPRC: 0.3114  Brier: 0.2267  Acc: 0.6557  F1: 0.3505  (best ep=383, thresh=0.481)

── Fold 5/5 ──────────────────────────────
  CA3  — AUC: 0.7917  AUPRC: 0.4141  Brier: 0.2437  Acc: 0.8187  F1: 0.4590  (best ep=241, thresh=0.670)

===========================================================================
CrossAttn3  —  5-Fold CV Summary
===========================================================================
  Fold      AUC-ROC      AUPRC      Brier   Accuracy         F1
  ----------------------------------------------------------
  1          0.8239     0.4559     0.2979     0.6393     0.3529
  2          0.8248     0.4656     0.2257     0.6940     0.3778
  3          0.7686     0.2838     0.2765     0.7978     0.3934
  4          0.7644     0.3114     0.2267     0.6557     0.3505
  5          0.7917     0.4141     0.2437     0.8187     0.4590
  ──────────────────────────────────────────────────────────
  Mean       0.7947     0.3862     0.2541     0.7211     0.3867
  ±Std       0.0259     0.0749     0.0286     0.0736     0.0395
  [M3/norm] Evaluating on test set (med_epoch=241, thresh=0.573) ...

=================================================================
CrossAttn3 Test Evaluation  [scale_aec=none | threshold=0.573]
=================================================================
CrossAttn3 — training final model for 241 epochs on full CV set …
  [CrossAttn3] weights → 연구코드/results/0612_2/model_3\norm\M3_norm_weights.pt

CrossAttn3 — Test Set (Overall):  AUC: 0.8382  AUPRC: 0.3498  Brier: 0.2629  Acc: 0.6769  F1: 0.3833

CrossAttn3 — Test Set (By Sex):
  [M] n=82  AUC: 0.7425  AUPRC: 0.3107  Brier: 0.3130  Acc: 0.6220  F1: 0.4364
              precision    recall  f1-score   support

      Normal       0.97      0.57      0.72        69
  Sarcopenia       0.29      0.92      0.44        13

    accuracy                           0.62        82
   macro avg       0.63      0.74      0.58        82
weighted avg       0.87      0.62      0.67        82

  [F] n=147  AUC: 0.8897  AUPRC: 0.4396  Brier: 0.2350  Acc: 0.7075  F1: 0.3385
              precision    recall  f1-score   support

      Normal       1.00      0.68      0.81       136
  Sarcopenia       0.20      1.00      0.34        11

    accuracy                           0.71       147
   macro avg       0.60      0.84      0.58       147
weighted avg       0.94      0.71      0.78       147


───────────────────────────────────────────────────────
Test Set — Bootstrap CI
───────────────────────────────────────────────────────

  Bootstrap 95% CI — CrossAttn3  (n_boot=2000)
  Metric         Estimate   95% CI Lower   95% CI Upper
  ----------------------------------------------------
  AUC-ROC          0.8382         0.7697         0.8988
  AUPRC            0.3498         0.2131         0.5355
  Brier            0.2629         0.2389         0.2852
  Accuracy         0.6769         0.6157         0.7380
  F1               0.3833         0.2653         0.4885
  [M3/norm] Saving figures ...

Saved (model 3 (norm)):
  연구코드/results/0612_2/model_3\norm/data_distribution.png
  연구코드/results/0612_2/model_3\norm/cv_roc_curves.png
  연구코드/results/0612_2/model_3\norm/cv_metric_distribution.png
  연구코드/results/0612_2/model_3\norm/training_curves.png
  연구코드/results/0612_2/model_3\norm/test_roc_curves.png
  연구코드/results/0612_2/model_3\norm/test_roc_by_sex.png
  연구코드/results/0612_2/model_3\norm/confusion_matrices.png
  연구코드/results/0612_2/model_3\norm/calibration.png
  연구코드/results/0612_2/model_3\norm/results.md
  [M3/norm] Plotting attention maps ...
  연구코드/results/0612_2/model_3\norm/attention_map_c2a.png
  연구코드/results/0612_2/model_3\norm/attention_heatmap_c2a.png
  연구코드/results/0612_2/model_3\norm/attention_map_a2c.png
  연구코드/results/0612_2/model_3\norm/attention_heatmap_a2c.png
  [M3/norm] Plotting Grad-CAM ...
  연구코드/results/0612_2/model_3\norm/cam_aec_mean.png
  연구코드/results/0612_2/model_3\norm/cam_aec_lines.png
  연구코드/results/0612_2/model_3\norm/cam_aec_heatmap.png
  [M3/norm] Done.

############################################################
  [M3 global_zscore]  (scale_clinic=True, scale_aec=global)
############################################################
  [M3/global_zscore] Cross-validating CrossAttn3 ...
=================================================================
5-Fold CV  [CrossAttn3 | scale_aec=global]
=================================================================

── Fold 1/5 ──────────────────────────────
  CA3  — AUC: 0.7788  AUPRC: 0.2979  Brier: 0.2691  Acc: 0.5082  F1: 0.3077  (best ep=489, thresh=0.480)

── Fold 2/5 ──────────────────────────────
  CA3  — AUC: 0.8383  AUPRC: 0.4331  Brier: 0.2210  Acc: 0.8415  F1: 0.5085  (best ep=461, thresh=0.610)

── Fold 3/5 ──────────────────────────────
  CA3  — AUC: 0.7715  AUPRC: 0.3542  Brier: 0.2785  Acc: 0.6557  F1: 0.3368  (best ep=457, thresh=0.559)

── Fold 4/5 ──────────────────────────────
  CA3  — AUC: 0.7869  AUPRC: 0.3749  Brier: 0.2267  Acc: 0.6995  F1: 0.3678  (best ep=329, thresh=0.533)

── Fold 5/5 ──────────────────────────────
  CA3  — AUC: 0.7727  AUPRC: 0.3480  Brier: 0.2502  Acc: 0.7088  F1: 0.3614  (best ep=485, thresh=0.563)

===========================================================================
CrossAttn3  —  5-Fold CV Summary
===========================================================================
  Fold      AUC-ROC      AUPRC      Brier   Accuracy         F1
  ----------------------------------------------------------
  1          0.7788     0.2979     0.2691     0.5082     0.3077
  2          0.8383     0.4331     0.2210     0.8415     0.5085
  3          0.7715     0.3542     0.2785     0.6557     0.3368
  4          0.7869     0.3749     0.2267     0.6995     0.3678
  5          0.7727     0.3480     0.2502     0.7088     0.3614
  ──────────────────────────────────────────────────────────
  Mean       0.7896     0.3616     0.2491     0.6827     0.3765
  ±Std       0.0249     0.0438     0.0226     0.1071     0.0693
  [M3/global_zscore] Evaluating on test set (med_epoch=461, thresh=0.559) ...

=================================================================
CrossAttn3 Test Evaluation  [scale_aec=global | threshold=0.559]
=================================================================
CrossAttn3 — training final model for 461 epochs on full CV set …
  [CrossAttn3] weights → 연구코드/results/0612_2/model_3\global_zscore\M3_global_zscore_weights.pt

CrossAttn3 — Test Set (Overall):  AUC: 0.7825  AUPRC: 0.2675  Brier: 0.2577  Acc: 0.6900  F1: 0.3364

CrossAttn3 — Test Set (By Sex):
  [M] n=82  AUC: 0.7079  AUPRC: 0.2846  Brier: 0.3077  Acc: 0.5854  F1: 0.3704
              precision    recall  f1-score   support

      Normal       0.93      0.55      0.69        69
  Sarcopenia       0.24      0.77      0.37        13

    accuracy                           0.59        82
   macro avg       0.59      0.66      0.53        82
weighted avg       0.82      0.59      0.64        82

  [F] n=147  AUC: 0.8155  AUPRC: 0.2824  Brier: 0.2298  Acc: 0.7483  F1: 0.3019
              precision    recall  f1-score   support

      Normal       0.97      0.75      0.85       136
  Sarcopenia       0.19      0.73      0.30        11

    accuracy                           0.75       147
   macro avg       0.58      0.74      0.57       147
weighted avg       0.91      0.75      0.81       147


───────────────────────────────────────────────────────
Test Set — Bootstrap CI
───────────────────────────────────────────────────────

  Bootstrap 95% CI — CrossAttn3  (n_boot=2000)
  Metric         Estimate   95% CI Lower   95% CI Upper
  ----------------------------------------------------
  AUC-ROC          0.7825         0.6895         0.8693
  AUPRC            0.2675         0.1746         0.4509
  Brier            0.2577         0.2319         0.2822
  Accuracy         0.6900         0.6332         0.7511
  F1               0.3364         0.2222         0.4510
  [M3/global_zscore] Saving figures ...

Saved (model 3 (global_zscore)):
  연구코드/results/0612_2/model_3\global_zscore/data_distribution.png
  연구코드/results/0612_2/model_3\global_zscore/cv_roc_curves.png
  연구코드/results/0612_2/model_3\global_zscore/cv_metric_distribution.png
  연구코드/results/0612_2/model_3\global_zscore/training_curves.png
  연구코드/results/0612_2/model_3\global_zscore/test_roc_curves.png
  연구코드/results/0612_2/model_3\global_zscore/test_roc_by_sex.png
  연구코드/results/0612_2/model_3\global_zscore/confusion_matrices.png
  연구코드/results/0612_2/model_3\global_zscore/calibration.png
  연구코드/results/0612_2/model_3\global_zscore/results.md
  [M3/global_zscore] Plotting attention maps ...
  연구코드/results/0612_2/model_3\global_zscore/attention_map_c2a.png
  연구코드/results/0612_2/model_3\global_zscore/attention_heatmap_c2a.png
  연구코드/results/0612_2/model_3\global_zscore/attention_map_a2c.png
  연구코드/results/0612_2/model_3\global_zscore/attention_heatmap_a2c.png
  [M3/global_zscore] Plotting Grad-CAM ...
  연구코드/results/0612_2/model_3\global_zscore/cam_aec_mean.png
  연구코드/results/0612_2/model_3\global_zscore/cam_aec_lines.png
  연구코드/results/0612_2/model_3\global_zscore/cam_aec_heatmap.png
  [M3/global_zscore] Done.
