============================================================
  MODEL 2_2 — Clinic + AEC Unmatched (aec128)  (5 AEC variants × 1 case)
============================================================

############################################################
  [M2_2 len128] CASE : scale_clinic  (scale_clinic=True)
############################################################
  [M2_2/len128/scale_clinic] Cross-validating CrossAttn ...
=======================================================
5-Fold CV  [CrossAttn | scale_clin=True, scale_aec=False]
=======================================================

── Fold 1/5 ──────────────────────────────
  CA   — AUC: 0.8265  AUPRC: 0.4466  Brier: 0.1554  Acc: 0.7742  F1: 0.4000  (best ep=2)

── Fold 2/5 ──────────────────────────────
  CA   — AUC: 0.8289  AUPRC: 0.3498  Brier: 0.1769  Acc: 0.7258  F1: 0.3855  (best ep=9)

── Fold 3/5 ──────────────────────────────
  CA   — AUC: 0.8355  AUPRC: 0.3329  Brier: 0.1467  Acc: 0.7903  F1: 0.3607  (best ep=111)

── Fold 4/5 ──────────────────────────────
  CA   — AUC: 0.8286  AUPRC: 0.4146  Brier: 0.2212  Acc: 0.6344  F1: 0.3462  (best ep=1)

── Fold 5/5 ──────────────────────────────
  CA   — AUC: 0.7543  AUPRC: 0.2258  Brier: 0.1883  Acc: 0.7297  F1: 0.3421  (best ep=53)

===========================================================================
CrossAttn  —  5-Fold CV Summary
===========================================================================
  Fold      AUC-ROC      AUPRC      Brier   Accuracy         F1
  ----------------------------------------------------------
  1          0.8265     0.4466     0.1554     0.7742     0.4000
  2          0.8289     0.3498     0.1769     0.7258     0.3855
  3          0.8355     0.3329     0.1467     0.7903     0.3607
  4          0.8286     0.4146     0.2212     0.6344     0.3462
  5          0.7543     0.2258     0.1883     0.7297     0.3421
  ──────────────────────────────────────────────────────────
  Mean       0.8148     0.3539     0.1777     0.7309     0.3669
  ±Std       0.0304     0.0763     0.0263     0.0543     0.0225
  [M2_2/len128/scale_clinic] Evaluating on test set (med_epoch=9) ...

=======================================================
CrossAttn Test Evaluation  (scale_clin=True, scale_aec=False)
=======================================================
CrossAttn — training final model for 9 epochs on full CV set …

CrossAttn — Test Set (Overall):
  AUC: 0.7948  AUPRC: 0.3162  Brier: 0.2245  Acc: 0.6223  F1: 0.3231

CrossAttn — Test Set (By Sex):
  [M] n=85  AUC: 0.7676  AUPRC: 0.3690  Brier: 0.2547  Acc: 0.6000  F1: 0.4138
              precision    recall  f1-score   support

      Normal       0.95      0.55      0.70        71
  Sarcopenia       0.27      0.86      0.41        14

    accuracy                           0.60        85
   macro avg       0.61      0.70      0.56        85
weighted avg       0.84      0.60      0.65        85

  [F] n=148  AUC: 0.7850  AUPRC: 0.3487  Brier: 0.2071  Acc: 0.6351  F1: 0.2500
              precision    recall  f1-score   support

      Normal       0.98      0.62      0.76       137
  Sarcopenia       0.15      0.82      0.25        11

    accuracy                           0.64       148
   macro avg       0.56      0.72      0.50       148
weighted avg       0.92      0.64      0.72       148


───────────────────────────────────────────────────────
Test Set — Bootstrap CI
───────────────────────────────────────────────────────

  Bootstrap 95% CI — CrossAttn  (n_boot=2000)
  Metric         Estimate   95% CI Lower   95% CI Upper
  ----------------------------------------------------
  AUC-ROC          0.7948         0.7023         0.8775
  AUPRC            0.3162         0.1861         0.4953
  Brier            0.2245         0.1936         0.2567
  Accuracy         0.6223         0.5579         0.6824
  F1               0.3231         0.2240         0.4265
  [M2_2/len128/scale_clinic] Saving figures ...

Saved (model 2_2 (len128, unmatched)):
  연구코드/results/0522/model_2_2\aec128\len128\scale_clinic/data_distribution.png
  연구코드/results/0522/model_2_2\aec128\len128\scale_clinic/cv_roc_curves.png
  연구코드/results/0522/model_2_2\aec128\len128\scale_clinic/cv_metric_distribution.png
  연구코드/results/0522/model_2_2\aec128\len128\scale_clinic/training_curves.png
  연구코드/results/0522/model_2_2\aec128\len128\scale_clinic/test_roc_curves.png
  연구코드/results/0522/model_2_2\aec128\len128\scale_clinic/test_roc_by_sex.png
  연구코드/results/0522/model_2_2\aec128\len128\scale_clinic/confusion_matrices.png
  연구코드/results/0522/model_2_2\aec128\len128\scale_clinic/calibration.png
  연구코드/results/0522/model_2_2\aec128\len128\scale_clinic/results.md
  [M2_2/len128/scale_clinic] Plotting attention maps ...
  연구코드/results/0522/model_2_2\aec128\len128\scale_clinic/attention_map_c2a.png
  연구코드/results/0522/model_2_2\aec128\len128\scale_clinic/attention_heatmap.png
  [M2_2/len128/scale_clinic] Done.

############################################################
  [M2_2 crop80] CASE : scale_clinic  (scale_clinic=True)
############################################################
  [M2_2/crop80/scale_clinic] Cross-validating CrossAttn ...
=======================================================
5-Fold CV  [CrossAttn | scale_clin=True, scale_aec=False]
=======================================================

── Fold 1/5 ──────────────────────────────
  CA   — AUC: 0.8747  AUPRC: 0.4710  Brier: 0.1901  Acc: 0.7581  F1: 0.4304  (best ep=1)

── Fold 2/5 ──────────────────────────────
  CA   — AUC: 0.8325  AUPRC: 0.4299  Brier: 0.1550  Acc: 0.7634  F1: 0.3529  (best ep=57)

── Fold 3/5 ──────────────────────────────
  CA   — AUC: 0.8136  AUPRC: 0.3690  Brier: 0.1630  Acc: 0.7204  F1: 0.3810  (best ep=41)

── Fold 4/5 ──────────────────────────────
  CA   — AUC: 0.8078  AUPRC: 0.3152  Brier: 0.1949  Acc: 0.7097  F1: 0.3571  (best ep=2)

── Fold 5/5 ──────────────────────────────
  CA   — AUC: 0.8053  AUPRC: 0.2966  Brier: 0.1312  Acc: 0.8054  F1: 0.3571  (best ep=118)

===========================================================================
CrossAttn  —  5-Fold CV Summary
===========================================================================
  Fold      AUC-ROC      AUPRC      Brier   Accuracy         F1
  ----------------------------------------------------------
  1          0.8747     0.4710     0.1901     0.7581     0.4304
  2          0.8325     0.4299     0.1550     0.7634     0.3529
  3          0.8136     0.3690     0.1630     0.7204     0.3810
  4          0.8078     0.3152     0.1949     0.7097     0.3571
  5          0.8053     0.2966     0.1312     0.8054     0.3571
  ──────────────────────────────────────────────────────────
  Mean       0.8268     0.3763     0.1669     0.7514     0.3757
  ±Std       0.0258     0.0663     0.0235     0.0341     0.0291
  [M2_2/crop80/scale_clinic] Evaluating on test set (med_epoch=41) ...

=======================================================
CrossAttn Test Evaluation  (scale_clin=True, scale_aec=False)
=======================================================
CrossAttn — training final model for 41 epochs on full CV set …

CrossAttn — Test Set (Overall):
  AUC: 0.7696  AUPRC: 0.2855  Brier: 0.1997  Acc: 0.6824  F1: 0.3273

CrossAttn — Test Set (By Sex):
  [M] n=85  AUC: 0.7676  AUPRC: 0.3766  Brier: 0.2414  Acc: 0.6118  F1: 0.4000
              precision    recall  f1-score   support

      Normal       0.93      0.58      0.71        71
  Sarcopenia       0.27      0.79      0.40        14

    accuracy                           0.61        85
   macro avg       0.60      0.68      0.56        85
weighted avg       0.82      0.61      0.66        85

  [F] n=148  AUC: 0.7372  AUPRC: 0.1697  Brier: 0.1757  Acc: 0.7230  F1: 0.2545
              precision    recall  f1-score   support

      Normal       0.96      0.73      0.83       137
  Sarcopenia       0.16      0.64      0.25        11

    accuracy                           0.72       148
   macro avg       0.56      0.68      0.54       148
weighted avg       0.90      0.72      0.79       148


───────────────────────────────────────────────────────
Test Set — Bootstrap CI
───────────────────────────────────────────────────────

  Bootstrap 95% CI — CrossAttn  (n_boot=2000)
  Metric         Estimate   95% CI Lower   95% CI Upper
  ----------------------------------------------------
  AUC-ROC          0.7696         0.6774         0.8547
  AUPRC            0.2855         0.1666         0.4785
  Brier            0.1997         0.1660         0.2333
  Accuracy         0.6824         0.6223         0.7425
  F1               0.3273         0.2174         0.4407
  [M2_2/crop80/scale_clinic] Saving figures ...

Saved (model 2_2 (crop80, unmatched)):
  연구코드/results/0522/model_2_2\aec128\crop80\scale_clinic/data_distribution.png
  연구코드/results/0522/model_2_2\aec128\crop80\scale_clinic/cv_roc_curves.png
  연구코드/results/0522/model_2_2\aec128\crop80\scale_clinic/cv_metric_distribution.png
  연구코드/results/0522/model_2_2\aec128\crop80\scale_clinic/training_curves.png
  연구코드/results/0522/model_2_2\aec128\crop80\scale_clinic/test_roc_curves.png
  연구코드/results/0522/model_2_2\aec128\crop80\scale_clinic/test_roc_by_sex.png
  연구코드/results/0522/model_2_2\aec128\crop80\scale_clinic/confusion_matrices.png
  연구코드/results/0522/model_2_2\aec128\crop80\scale_clinic/calibration.png
  연구코드/results/0522/model_2_2\aec128\crop80\scale_clinic/results.md
  [M2_2/crop80/scale_clinic] Plotting attention maps ...
  연구코드/results/0522/model_2_2\aec128\crop80\scale_clinic/attention_map_c2a.png
  연구코드/results/0522/model_2_2\aec128\crop80\scale_clinic/attention_heatmap.png
  [M2_2/crop80/scale_clinic] Done.

############################################################
  [M2_2 crop60] CASE : scale_clinic  (scale_clinic=True)
############################################################
  [M2_2/crop60/scale_clinic] Cross-validating CrossAttn ...
=======================================================
5-Fold CV  [CrossAttn | scale_clin=True, scale_aec=False]
=======================================================

── Fold 1/5 ──────────────────────────────
  CA   — AUC: 0.8289  AUPRC: 0.4272  Brier: 0.1937  Acc: 0.6989  F1: 0.3778  (best ep=22)

── Fold 2/5 ──────────────────────────────
  CA   — AUC: 0.8238  AUPRC: 0.3637  Brier: 0.1661  Acc: 0.7581  F1: 0.4156  (best ep=7)

── Fold 3/5 ──────────────────────────────
  CA   — AUC: 0.8184  AUPRC: 0.3881  Brier: 0.2015  Acc: 0.6774  F1: 0.3478  (best ep=8)

── Fold 4/5 ──────────────────────────────
  CA   — AUC: 0.8377  AUPRC: 0.3980  Brier: 0.2193  Acc: 0.6398  F1: 0.3495  (best ep=1)

── Fold 5/5 ──────────────────────────────
  CA   — AUC: 0.7603  AUPRC: 0.2418  Brier: 0.1636  Acc: 0.7297  F1: 0.3243  (best ep=37)

===========================================================================
CrossAttn  —  5-Fold CV Summary
===========================================================================
  Fold      AUC-ROC      AUPRC      Brier   Accuracy         F1
  ----------------------------------------------------------
  1          0.8289     0.4272     0.1937     0.6989     0.3778
  2          0.8238     0.3637     0.1661     0.7581     0.4156
  3          0.8184     0.3881     0.2015     0.6774     0.3478
  4          0.8377     0.3980     0.2193     0.6398     0.3495
  5          0.7603     0.2418     0.1636     0.7297     0.3243
  ──────────────────────────────────────────────────────────
  Mean       0.8138     0.3638     0.1888     0.7008     0.3630
  ±Std       0.0275     0.0643     0.0213     0.0410     0.0313
  [M2_2/crop60/scale_clinic] Evaluating on test set (med_epoch=8) ...

=======================================================
CrossAttn Test Evaluation  (scale_clin=True, scale_aec=False)
=======================================================
CrossAttn — training final model for 8 epochs on full CV set …

CrossAttn — Test Set (Overall):
  AUC: 0.8150  AUPRC: 0.3904  Brier: 0.1901  Acc: 0.6867  F1: 0.3423

CrossAttn — Test Set (By Sex):
  [M] n=85  AUC: 0.8089  AUPRC: 0.4782  Brier: 0.2328  Acc: 0.6353  F1: 0.4364
              precision    recall  f1-score   support

      Normal       0.95      0.59      0.73        71
  Sarcopenia       0.29      0.86      0.44        14

    accuracy                           0.64        85
   macro avg       0.62      0.72      0.58        85
weighted avg       0.85      0.64      0.68        85

  [F] n=148  AUC: 0.7784  AUPRC: 0.3311  Brier: 0.1656  Acc: 0.7162  F1: 0.2500
              precision    recall  f1-score   support

      Normal       0.96      0.72      0.82       137
  Sarcopenia       0.16      0.64      0.25        11

    accuracy                           0.72       148
   macro avg       0.56      0.68      0.54       148
weighted avg       0.90      0.72      0.78       148


───────────────────────────────────────────────────────
Test Set — Bootstrap CI
───────────────────────────────────────────────────────

  Bootstrap 95% CI — CrossAttn  (n_boot=2000)
  Metric         Estimate   95% CI Lower   95% CI Upper
  ----------------------------------------------------
  AUC-ROC          0.8150         0.7289         0.8937
  AUPRC            0.3904         0.2255         0.5803
  Brier            0.1901         0.1625         0.2181
  Accuracy         0.6867         0.6266         0.7468
  F1               0.3423         0.2280         0.4603
  [M2_2/crop60/scale_clinic] Saving figures ...

Saved (model 2_2 (crop60, unmatched)):
  연구코드/results/0522/model_2_2\aec128\crop60\scale_clinic/data_distribution.png
  연구코드/results/0522/model_2_2\aec128\crop60\scale_clinic/cv_roc_curves.png
  연구코드/results/0522/model_2_2\aec128\crop60\scale_clinic/cv_metric_distribution.png
  연구코드/results/0522/model_2_2\aec128\crop60\scale_clinic/training_curves.png
  연구코드/results/0522/model_2_2\aec128\crop60\scale_clinic/test_roc_curves.png
  연구코드/results/0522/model_2_2\aec128\crop60\scale_clinic/test_roc_by_sex.png
  연구코드/results/0522/model_2_2\aec128\crop60\scale_clinic/confusion_matrices.png
  연구코드/results/0522/model_2_2\aec128\crop60\scale_clinic/calibration.png
  연구코드/results/0522/model_2_2\aec128\crop60\scale_clinic/results.md
  [M2_2/crop60/scale_clinic] Plotting attention maps ...
  연구코드/results/0522/model_2_2\aec128\crop60\scale_clinic/attention_map_c2a.png
  연구코드/results/0522/model_2_2\aec128\crop60\scale_clinic/attention_heatmap.png
  [M2_2/crop60/scale_clinic] Done.

############################################################
  [M2_2 norm] CASE : scale_clinic  (scale_clinic=True)
############################################################
  [M2_2/norm/scale_clinic] Cross-validating CrossAttn ...
=======================================================
5-Fold CV  [CrossAttn | scale_clin=True, scale_aec=False]
=======================================================

── Fold 1/5 ──────────────────────────────
  CA   — AUC: 0.8470  AUPRC: 0.5144  Brier: 0.2392  Acc: 0.6237  F1: 0.3519  (best ep=3)

── Fold 2/5 ──────────────────────────────
  CA   — AUC: 0.8431  AUPRC: 0.3856  Brier: 0.1956  Acc: 0.7204  F1: 0.4091  (best ep=3)

── Fold 3/5 ──────────────────────────────
  CA   — AUC: 0.8328  AUPRC: 0.3813  Brier: 0.1641  Acc: 0.7527  F1: 0.4103  (best ep=13)

── Fold 4/5 ──────────────────────────────
  CA   — AUC: 0.7789  AUPRC: 0.3533  Brier: 0.1561  Acc: 0.7634  F1: 0.3714  (best ep=3)

── Fold 5/5 ──────────────────────────────
  CA   — AUC: 0.7359  AUPRC: 0.1996  Brier: 0.2145  Acc: 0.6811  F1: 0.3371  (best ep=4)

===========================================================================
CrossAttn  —  5-Fold CV Summary
===========================================================================
  Fold      AUC-ROC      AUPRC      Brier   Accuracy         F1
  ----------------------------------------------------------
  1          0.8470     0.5144     0.2392     0.6237     0.3519
  2          0.8431     0.3856     0.1956     0.7204     0.4091
  3          0.8328     0.3813     0.1641     0.7527     0.4103
  4          0.7789     0.3533     0.1561     0.7634     0.3714
  5          0.7359     0.1996     0.2145     0.6811     0.3371
  ──────────────────────────────────────────────────────────
  Mean       0.8075     0.3668     0.1939     0.7083     0.3759
  ±Std       0.0434     0.1005     0.0310     0.0511     0.0296
  [M2_2/norm/scale_clinic] Evaluating on test set (med_epoch=3) ...

=======================================================
CrossAttn Test Evaluation  (scale_clin=True, scale_aec=False)
=======================================================
CrossAttn — training final model for 3 epochs on full CV set …

CrossAttn — Test Set (Overall):
  AUC: 0.7956  AUPRC: 0.3795  Brier: 0.1494  Acc: 0.7725  F1: 0.3908

CrossAttn — Test Set (By Sex):
  [M] n=85  AUC: 0.7938  AUPRC: 0.4748  Brier: 0.1680  Acc: 0.7647  F1: 0.5238
              precision    recall  f1-score   support

      Normal       0.95      0.76      0.84        71
  Sarcopenia       0.39      0.79      0.52        14

    accuracy                           0.76        85
   macro avg       0.67      0.77      0.68        85
weighted avg       0.86      0.76      0.79        85

  [F] n=148  AUC: 0.7804  AUPRC: 0.3221  Brier: 0.1387  Acc: 0.7770  F1: 0.2667
              precision    recall  f1-score   support

      Normal       0.96      0.80      0.87       137
  Sarcopenia       0.18      0.55      0.27        11

    accuracy                           0.78       148
   macro avg       0.57      0.67      0.57       148
weighted avg       0.90      0.78      0.82       148


───────────────────────────────────────────────────────
Test Set — Bootstrap CI
───────────────────────────────────────────────────────

  Bootstrap 95% CI — CrossAttn  (n_boot=2000)
  Metric         Estimate   95% CI Lower   95% CI Upper
  ----------------------------------------------------
  AUC-ROC          0.7956         0.7094         0.8772
  AUPRC            0.3795         0.2145         0.5706
  Brier            0.1494         0.1271         0.1718
  Accuracy         0.7725         0.7167         0.8240
  F1               0.3908         0.2571         0.5161
  [M2_2/norm/scale_clinic] Saving figures ...

Saved (model 2_2 (norm, unmatched)):
  연구코드/results/0522/model_2_2\aec128\norm\scale_clinic/data_distribution.png
  연구코드/results/0522/model_2_2\aec128\norm\scale_clinic/cv_roc_curves.png
  연구코드/results/0522/model_2_2\aec128\norm\scale_clinic/cv_metric_distribution.png
  연구코드/results/0522/model_2_2\aec128\norm\scale_clinic/training_curves.png
  연구코드/results/0522/model_2_2\aec128\norm\scale_clinic/test_roc_curves.png
  연구코드/results/0522/model_2_2\aec128\norm\scale_clinic/test_roc_by_sex.png
  연구코드/results/0522/model_2_2\aec128\norm\scale_clinic/confusion_matrices.png
  연구코드/results/0522/model_2_2\aec128\norm\scale_clinic/calibration.png
  연구코드/results/0522/model_2_2\aec128\norm\scale_clinic/results.md
  [M2_2/norm/scale_clinic] Plotting attention maps ...
  연구코드/results/0522/model_2_2\aec128\norm\scale_clinic/attention_map_c2a.png
  연구코드/results/0522/model_2_2\aec128\norm\scale_clinic/attention_heatmap.png
  [M2_2/norm/scale_clinic] Done.

############################################################
  [M2_2 excl_extreme] CASE : scale_clinic  (scale_clinic=True)
############################################################
  [M2_2/excl_extreme/scale_clinic] Cross-validating CrossAttn ...
=======================================================
5-Fold CV  [CrossAttn | scale_clin=True, scale_aec=False]
=======================================================

── Fold 1/5 ──────────────────────────────
  CA   — AUC: 0.8773  AUPRC: 0.4116  Brier: 0.1789  Acc: 0.7305  F1: 0.4156  (best ep=3)

── Fold 2/5 ──────────────────────────────
  CA   — AUC: 0.8337  AUPRC: 0.4697  Brier: 0.2479  Acc: 0.5449  F1: 0.2830  (best ep=6)

── Fold 3/5 ──────────────────────────────
  CA   — AUC: 0.8498  AUPRC: 0.3947  Brier: 0.1786  Acc: 0.7186  F1: 0.3896  (best ep=4)

── Fold 4/5 ──────────────────────────────
  CA   — AUC: 0.7733  AUPRC: 0.3588  Brier: 0.2095  Acc: 0.6886  F1: 0.2973  (best ep=40)

── Fold 5/5 ──────────────────────────────
  CA   — AUC: 0.8404  AUPRC: 0.3986  Brier: 0.1257  Acc: 0.8024  F1: 0.4407  (best ep=45)

===========================================================================
CrossAttn  —  5-Fold CV Summary
===========================================================================
  Fold      AUC-ROC      AUPRC      Brier   Accuracy         F1
  ----------------------------------------------------------
  1          0.8773     0.4116     0.1789     0.7305     0.4156
  2          0.8337     0.4697     0.2479     0.5449     0.2830
  3          0.8498     0.3947     0.1786     0.7186     0.3896
  4          0.7733     0.3588     0.2095     0.6886     0.2973
  5          0.8404     0.3986     0.1257     0.8024     0.4407
  ──────────────────────────────────────────────────────────
  Mean       0.8349     0.4067     0.1881     0.6970     0.3652
  ±Std       0.0342     0.0360     0.0403     0.0847     0.0636
  [M2_2/excl_extreme/scale_clinic] Evaluating on test set (med_epoch=6) ...

=======================================================
CrossAttn Test Evaluation  (scale_clin=True, scale_aec=False)
=======================================================
CrossAttn — training final model for 6 epochs on full CV set …

CrossAttn — Test Set (Overall):
  AUC: 0.8233  AUPRC: 0.3481  Brier: 0.1866  Acc: 0.6794  F1: 0.3619

CrossAttn — Test Set (By Sex):
  [M] n=79  AUC: 0.8235  AUPRC: 0.3975  Brier: 0.2333  Acc: 0.6076  F1: 0.4151
              precision    recall  f1-score   support

      Normal       1.00      0.54      0.70        68
  Sarcopenia       0.26      1.00      0.42        11

    accuracy                           0.61        79
   macro avg       0.63      0.77      0.56        79
weighted avg       0.90      0.61      0.66        79

  [F] n=130  AUC: 0.8037  AUPRC: 0.3603  Brier: 0.1581  Acc: 0.7231  F1: 0.3077
              precision    recall  f1-score   support

      Normal       0.97      0.72      0.83       119
  Sarcopenia       0.20      0.73      0.31        11

    accuracy                           0.72       130
   macro avg       0.58      0.72      0.57       130
weighted avg       0.90      0.72      0.78       130


───────────────────────────────────────────────────────
Test Set — Bootstrap CI
───────────────────────────────────────────────────────

  Bootstrap 95% CI — CrossAttn  (n_boot=2000)
  Metric         Estimate   95% CI Lower   95% CI Upper
  ----------------------------------------------------
  AUC-ROC          0.8233         0.7327         0.9032
  AUPRC            0.3481         0.2091         0.5634
  Brier            0.1866         0.1586         0.2163
  Accuracy         0.6794         0.6172         0.7416
  F1               0.3619         0.2400         0.4808
  [M2_2/excl_extreme/scale_clinic] Saving figures ...

Saved (model 2_2 (excl_extreme, unmatched)):
  연구코드/results/0522/model_2_2\aec128\excl_extreme\scale_clinic/data_distribution.png
  연구코드/results/0522/model_2_2\aec128\excl_extreme\scale_clinic/cv_roc_curves.png
  연구코드/results/0522/model_2_2\aec128\excl_extreme\scale_clinic/cv_metric_distribution.png
  연구코드/results/0522/model_2_2\aec128\excl_extreme\scale_clinic/training_curves.png
  연구코드/results/0522/model_2_2\aec128\excl_extreme\scale_clinic/test_roc_curves.png
  연구코드/results/0522/model_2_2\aec128\excl_extreme\scale_clinic/test_roc_by_sex.png
  연구코드/results/0522/model_2_2\aec128\excl_extreme\scale_clinic/confusion_matrices.png
  연구코드/results/0522/model_2_2\aec128\excl_extreme\scale_clinic/calibration.png
  연구코드/results/0522/model_2_2\aec128\excl_extreme\scale_clinic/results.md
  [M2_2/excl_extreme/scale_clinic] Plotting attention maps ...
  연구코드/results/0522/model_2_2\aec128\excl_extreme\scale_clinic/attention_map_c2a.png
  연구코드/results/0522/model_2_2\aec128\excl_extreme\scale_clinic/attention_heatmap.png
  [M2_2/excl_extreme/scale_clinic] Done.
