============================================================
  MODEL 2_2 — Clinic + AEC Unmatched (aec103)  (4 AEC variants)
============================================================

############################################################
  [M2_2 raw]  (scale_clinic=True, scale_aec=none)
############################################################
  [M2_2/raw] Cross-validating CrossAttn ...
=======================================================
5-Fold CV  [CrossAttn | scale_clin=True, scale_aec=none]
=======================================================

── Fold 1/5 ──────────────────────────────
  CA   — AUC: 0.7960  AUPRC: 0.3296  Brier: 0.2560  Acc: 0.6448  F1: 0.3564  (best ep=265, thresh=0.532)

── Fold 2/5 ──────────────────────────────
  CA   — AUC: 0.8071  AUPRC: 0.4214  Brier: 0.2430  Acc: 0.7322  F1: 0.3797  (best ep=367, thresh=0.562)

── Fold 3/5 ──────────────────────────────
  CA   — AUC: 0.7725  AUPRC: 0.2433  Brier: 0.2661  Acc: 0.5246  F1: 0.3040  (best ep=235, thresh=0.482)

── Fold 4/5 ──────────────────────────────
  CA   — AUC: 0.7539  AUPRC: 0.3143  Brier: 0.2375  Acc: 0.6339  F1: 0.3232  (best ep=458, thresh=0.499)

── Fold 5/5 ──────────────────────────────
  CA   — AUC: 0.7840  AUPRC: 0.3629  Brier: 0.2484  Acc: 0.6538  F1: 0.3505  (best ep=421, thresh=0.512)

===========================================================================
CrossAttn  —  5-Fold CV Summary
===========================================================================
  Fold      AUC-ROC      AUPRC      Brier   Accuracy         F1
  ----------------------------------------------------------
  1          0.7960     0.3296     0.2560     0.6448     0.3564
  2          0.8071     0.4214     0.2430     0.7322     0.3797
  3          0.7725     0.2433     0.2661     0.5246     0.3040
  4          0.7539     0.3143     0.2375     0.6339     0.3232
  5          0.7840     0.3629     0.2484     0.6538     0.3505
  ──────────────────────────────────────────────────────────
  Mean       0.7827     0.3343     0.2502     0.6379     0.3428
  ±Std       0.0185     0.0585     0.0100     0.0664     0.0265
  [M2_2/raw] Evaluating on test set (med_epoch=367, thresh=0.512) ...

=======================================================
CrossAttn Test Evaluation  (scale_clin=True, scale_aec=none, threshold=0.512)
=======================================================
CrossAttn — training final model for 367 epochs on full CV set …
  [CrossAttn] Model weights saved → 연구코드/results/0605/stage4_1e-05_epoch500/model_2_2\crop80\raw\M2_2_raw_weights.pt

CrossAttn — Test Set (Overall):
  AUC: 0.8008  AUPRC: 0.3401  Brier: 0.2459  Acc: 0.6332  F1: 0.3333

CrossAttn — Test Set (By Sex):
  [M] n=82  AUC: 0.7191  AUPRC: 0.3504  Brier: 0.2851  Acc: 0.5854  F1: 0.3929
              precision    recall  f1-score   support

      Normal       0.95      0.54      0.69        69
  Sarcopenia       0.26      0.85      0.39        13

    accuracy                           0.59        82
   macro avg       0.60      0.69      0.54        82
weighted avg       0.84      0.59      0.64        82

  [F] n=147  AUC: 0.8543  AUPRC: 0.3740  Brier: 0.2239  Acc: 0.6599  F1: 0.2857
              precision    recall  f1-score   support

      Normal       0.99      0.64      0.78       136
  Sarcopenia       0.17      0.91      0.29        11

    accuracy                           0.66       147
   macro avg       0.58      0.77      0.53       147
weighted avg       0.93      0.66      0.74       147


───────────────────────────────────────────────────────
Test Set — Bootstrap CI
───────────────────────────────────────────────────────

  Bootstrap 95% CI — CrossAttn  (n_boot=2000)
  Metric         Estimate   95% CI Lower   95% CI Upper
  ----------------------------------------------------
  AUC-ROC          0.8008         0.7022         0.8807
  AUPRC            0.3401         0.1964         0.5299
  Brier            0.2459         0.2200         0.2705
  Accuracy         0.6332         0.5721         0.6987
  F1               0.3333         0.2222         0.4428
  [M2_2/raw] Saving figures ...

Saved (model 2_2 (raw, unmatched)):
  연구코드/results/0605/stage4_1e-05_epoch500/model_2_2\crop80\raw/data_distribution.png
  연구코드/results/0605/stage4_1e-05_epoch500/model_2_2\crop80\raw/cv_roc_curves.png
  연구코드/results/0605/stage4_1e-05_epoch500/model_2_2\crop80\raw/cv_metric_distribution.png
  연구코드/results/0605/stage4_1e-05_epoch500/model_2_2\crop80\raw/training_curves.png
  연구코드/results/0605/stage4_1e-05_epoch500/model_2_2\crop80\raw/test_roc_curves.png
  연구코드/results/0605/stage4_1e-05_epoch500/model_2_2\crop80\raw/test_roc_by_sex.png
  연구코드/results/0605/stage4_1e-05_epoch500/model_2_2\crop80\raw/confusion_matrices.png
  연구코드/results/0605/stage4_1e-05_epoch500/model_2_2\crop80\raw/calibration.png
  연구코드/results/0605/stage4_1e-05_epoch500/model_2_2\crop80\raw/results.md
  [M2_2/raw] Plotting attention maps ...
  연구코드/results/0605/stage4_1e-05_epoch500/model_2_2\crop80\raw/attention_map_c2a.png
  연구코드/results/0605/stage4_1e-05_epoch500/model_2_2\crop80\raw/attention_heatmap_c2a.png
  연구코드/results/0605/stage4_1e-05_epoch500/model_2_2\crop80\raw/attention_map_a2c.png
  연구코드/results/0605/stage4_1e-05_epoch500/model_2_2\crop80\raw/attention_heatmap_a2c.png
  [M2_2/raw] Plotting Grad-CAM ...
  연구코드/results/0605/stage4_1e-05_epoch500/model_2_2\crop80\raw/cam_aec_mean.png
  연구코드/results/0605/stage4_1e-05_epoch500/model_2_2\crop80\raw/cam_aec_lines.png
  연구코드/results/0605/stage4_1e-05_epoch500/model_2_2\crop80\raw/cam_aec_heatmap.png
  [M2_2/raw] Done.

############################################################
  [M2_2 std_scaled]  (scale_clinic=True, scale_aec=column)
############################################################
  [M2_2/std_scaled] Cross-validating CrossAttn ...
=======================================================
5-Fold CV  [CrossAttn | scale_clin=True, scale_aec=column]
=======================================================

── Fold 1/5 ──────────────────────────────
  CA   — AUC: 0.8138  AUPRC: 0.3028  Brier: 0.2545  Acc: 0.7213  F1: 0.4138  (best ep=235, thresh=0.597)

── Fold 2/5 ──────────────────────────────
  CA   — AUC: 0.7985  AUPRC: 0.3708  Brier: 0.2364  Acc: 0.6831  F1: 0.3696  (best ep=466, thresh=0.522)

── Fold 3/5 ──────────────────────────────
  CA   — AUC: 0.7246  AUPRC: 0.2474  Brier: 0.2849  Acc: 0.7432  F1: 0.3562  (best ep=398, thresh=0.615)

── Fold 4/5 ──────────────────────────────
  CA   — AUC: 0.7529  AUPRC: 0.3184  Brier: 0.2329  Acc: 0.6393  F1: 0.3400  (best ep=421, thresh=0.490)

── Fold 5/5 ──────────────────────────────
  CA   — AUC: 0.7620  AUPRC: 0.3242  Brier: 0.2440  Acc: 0.6813  F1: 0.3696  (best ep=239, thresh=0.534)

===========================================================================
CrossAttn  —  5-Fold CV Summary
===========================================================================
  Fold      AUC-ROC      AUPRC      Brier   Accuracy         F1
  ----------------------------------------------------------
  1          0.8138     0.3028     0.2545     0.7213     0.4138
  2          0.7985     0.3708     0.2364     0.6831     0.3696
  3          0.7246     0.2474     0.2849     0.7432     0.3562
  4          0.7529     0.3184     0.2329     0.6393     0.3400
  5          0.7620     0.3242     0.2440     0.6813     0.3696
  ──────────────────────────────────────────────────────────
  Mean       0.7704     0.3127     0.2505     0.6936     0.3698
  ±Std       0.0321     0.0398     0.0187     0.0359     0.0245
  [M2_2/std_scaled] Evaluating on test set (med_epoch=398, thresh=0.534) ...

=======================================================
CrossAttn Test Evaluation  (scale_clin=True, scale_aec=column, threshold=0.534)
=======================================================
CrossAttn — training final model for 398 epochs on full CV set …
  [CrossAttn] Model weights saved → 연구코드/results/0605/stage4_1e-05_epoch500/model_2_2\crop80\std_scaled\M2_2_std_scaled_weights.pt

CrossAttn — Test Set (Overall):
  AUC: 0.8049  AUPRC: 0.3236  Brier: 0.2531  Acc: 0.6288  F1: 0.3411

CrossAttn — Test Set (By Sex):
  [M] n=82  AUC: 0.7703  AUPRC: 0.3897  Brier: 0.2687  Acc: 0.6707  F1: 0.4706
              precision    recall  f1-score   support

      Normal       0.98      0.62      0.76        69
  Sarcopenia       0.32      0.92      0.47        13

    accuracy                           0.67        82
   macro avg       0.65      0.77      0.62        82
weighted avg       0.87      0.67      0.72        82

  [F] n=147  AUC: 0.7995  AUPRC: 0.3309  Brier: 0.2444  Acc: 0.6054  F1: 0.2564
              precision    recall  f1-score   support

      Normal       0.99      0.58      0.73       136
  Sarcopenia       0.15      0.91      0.26        11

    accuracy                           0.61       147
   macro avg       0.57      0.74      0.49       147
weighted avg       0.92      0.61      0.70       147


───────────────────────────────────────────────────────
Test Set — Bootstrap CI
───────────────────────────────────────────────────────

  Bootstrap 95% CI — CrossAttn  (n_boot=2000)
  Metric         Estimate   95% CI Lower   95% CI Upper
  ----------------------------------------------------
  AUC-ROC          0.8049         0.7256         0.8718
  AUPRC            0.3236         0.1881         0.5093
  Brier            0.2531         0.2335         0.2721
  Accuracy         0.6288         0.5677         0.6900
  F1               0.3411         0.2342         0.4444
  [M2_2/std_scaled] Saving figures ...

Saved (model 2_2 (std_scaled, unmatched)):
  연구코드/results/0605/stage4_1e-05_epoch500/model_2_2\crop80\std_scaled/data_distribution.png
  연구코드/results/0605/stage4_1e-05_epoch500/model_2_2\crop80\std_scaled/cv_roc_curves.png
  연구코드/results/0605/stage4_1e-05_epoch500/model_2_2\crop80\std_scaled/cv_metric_distribution.png
  연구코드/results/0605/stage4_1e-05_epoch500/model_2_2\crop80\std_scaled/training_curves.png
  연구코드/results/0605/stage4_1e-05_epoch500/model_2_2\crop80\std_scaled/test_roc_curves.png
  연구코드/results/0605/stage4_1e-05_epoch500/model_2_2\crop80\std_scaled/test_roc_by_sex.png
  연구코드/results/0605/stage4_1e-05_epoch500/model_2_2\crop80\std_scaled/confusion_matrices.png
  연구코드/results/0605/stage4_1e-05_epoch500/model_2_2\crop80\std_scaled/calibration.png
  연구코드/results/0605/stage4_1e-05_epoch500/model_2_2\crop80\std_scaled/results.md
  [M2_2/std_scaled] Plotting attention maps ...
  연구코드/results/0605/stage4_1e-05_epoch500/model_2_2\crop80\std_scaled/attention_map_c2a.png
  연구코드/results/0605/stage4_1e-05_epoch500/model_2_2\crop80\std_scaled/attention_heatmap_c2a.png
  연구코드/results/0605/stage4_1e-05_epoch500/model_2_2\crop80\std_scaled/attention_map_a2c.png
  연구코드/results/0605/stage4_1e-05_epoch500/model_2_2\crop80\std_scaled/attention_heatmap_a2c.png
  [M2_2/std_scaled] Plotting Grad-CAM ...
  연구코드/results/0605/stage4_1e-05_epoch500/model_2_2\crop80\std_scaled/cam_aec_mean.png
  연구코드/results/0605/stage4_1e-05_epoch500/model_2_2\crop80\std_scaled/cam_aec_lines.png
  연구코드/results/0605/stage4_1e-05_epoch500/model_2_2\crop80\std_scaled/cam_aec_heatmap.png
  [M2_2/std_scaled] Done.

############################################################
  [M2_2 norm]  (scale_clinic=True, scale_aec=none)
############################################################
  [M2_2/norm] Cross-validating CrossAttn ...
=======================================================
5-Fold CV  [CrossAttn | scale_clin=True, scale_aec=none]
=======================================================

── Fold 1/5 ──────────────────────────────
  CA   — AUC: 0.8316  AUPRC: 0.3587  Brier: 0.2651  Acc: 0.7760  F1: 0.4225  (best ep=89, thresh=0.589)

── Fold 2/5 ──────────────────────────────
  CA   — AUC: 0.8569  AUPRC: 0.4559  Brier: 0.2715  Acc: 0.7978  F1: 0.4789  (best ep=22, thresh=0.545)

── Fold 3/5 ──────────────────────────────
  CA   — AUC: 0.7436  AUPRC: 0.2745  Brier: 0.2568  Acc: 0.6667  F1: 0.3297  (best ep=324, thresh=0.540)

── Fold 4/5 ──────────────────────────────
  CA   — AUC: 0.7750  AUPRC: 0.2840  Brier: 0.2343  Acc: 0.7322  F1: 0.3951  (best ep=454, thresh=0.555)

── Fold 5/5 ──────────────────────────────
  CA   — AUC: 0.8179  AUPRC: 0.4200  Brier: 0.2768  Acc: 0.7857  F1: 0.4348  (best ep=32, thresh=0.556)

===========================================================================
CrossAttn  —  5-Fold CV Summary
===========================================================================
  Fold      AUC-ROC      AUPRC      Brier   Accuracy         F1
  ----------------------------------------------------------
  1          0.8316     0.3587     0.2651     0.7760     0.4225
  2          0.8569     0.4559     0.2715     0.7978     0.4789
  3          0.7436     0.2745     0.2568     0.6667     0.3297
  4          0.7750     0.2840     0.2343     0.7322     0.3951
  5          0.8179     0.4200     0.2768     0.7857     0.4348
  ──────────────────────────────────────────────────────────
  Mean       0.8050     0.3586     0.2609     0.7517     0.4122
  ±Std       0.0406     0.0719     0.0149     0.0479     0.0493
  [M2_2/norm] Evaluating on test set (med_epoch=89, thresh=0.555) ...

=======================================================
CrossAttn Test Evaluation  (scale_clin=True, scale_aec=none, threshold=0.555)
=======================================================
CrossAttn — training final model for 89 epochs on full CV set …
  [CrossAttn] Model weights saved → 연구코드/results/0605/stage4_1e-05_epoch500/model_2_2\crop80\norm\M2_2_norm_weights.pt

CrossAttn — Test Set (Overall):
  AUC: 0.8016  AUPRC: 0.3314  Brier: 0.2695  Acc: 0.6376  F1: 0.3360

CrossAttn — Test Set (By Sex):
  [M] n=82  AUC: 0.7514  AUPRC: 0.3151  Brier: 0.2755  Acc: 0.6463  F1: 0.4314
              precision    recall  f1-score   support

      Normal       0.95      0.61      0.74        69
  Sarcopenia       0.29      0.85      0.43        13

    accuracy                           0.65        82
   macro avg       0.62      0.73      0.59        82
weighted avg       0.85      0.65      0.69        82

  [F] n=147  AUC: 0.8402  AUPRC: 0.4383  Brier: 0.2661  Acc: 0.6327  F1: 0.2703
              precision    recall  f1-score   support

      Normal       0.99      0.61      0.75       136
  Sarcopenia       0.16      0.91      0.27        11

    accuracy                           0.63       147
   macro avg       0.57      0.76      0.51       147
weighted avg       0.93      0.63      0.72       147


───────────────────────────────────────────────────────
Test Set — Bootstrap CI
───────────────────────────────────────────────────────

  Bootstrap 95% CI — CrossAttn  (n_boot=2000)
  Metric         Estimate   95% CI Lower   95% CI Upper
  ----------------------------------------------------
  AUC-ROC          0.8016         0.7237         0.8691
  AUPRC            0.3314         0.1883         0.5193
  Brier            0.2695         0.2537         0.2849
  Accuracy         0.6376         0.5764         0.7031
  F1               0.3360         0.2276         0.4417
  [M2_2/norm] Saving figures ...

Saved (model 2_2 (norm, unmatched)):
  연구코드/results/0605/stage4_1e-05_epoch500/model_2_2\crop80\norm/data_distribution.png
  연구코드/results/0605/stage4_1e-05_epoch500/model_2_2\crop80\norm/cv_roc_curves.png
  연구코드/results/0605/stage4_1e-05_epoch500/model_2_2\crop80\norm/cv_metric_distribution.png
  연구코드/results/0605/stage4_1e-05_epoch500/model_2_2\crop80\norm/training_curves.png
  연구코드/results/0605/stage4_1e-05_epoch500/model_2_2\crop80\norm/test_roc_curves.png
  연구코드/results/0605/stage4_1e-05_epoch500/model_2_2\crop80\norm/test_roc_by_sex.png
  연구코드/results/0605/stage4_1e-05_epoch500/model_2_2\crop80\norm/confusion_matrices.png
  연구코드/results/0605/stage4_1e-05_epoch500/model_2_2\crop80\norm/calibration.png
  연구코드/results/0605/stage4_1e-05_epoch500/model_2_2\crop80\norm/results.md
  [M2_2/norm] Plotting attention maps ...
  연구코드/results/0605/stage4_1e-05_epoch500/model_2_2\crop80\norm/attention_map_c2a.png
  연구코드/results/0605/stage4_1e-05_epoch500/model_2_2\crop80\norm/attention_heatmap_c2a.png
  연구코드/results/0605/stage4_1e-05_epoch500/model_2_2\crop80\norm/attention_map_a2c.png
  연구코드/results/0605/stage4_1e-05_epoch500/model_2_2\crop80\norm/attention_heatmap_a2c.png
  [M2_2/norm] Plotting Grad-CAM ...
  연구코드/results/0605/stage4_1e-05_epoch500/model_2_2\crop80\norm/cam_aec_mean.png
  연구코드/results/0605/stage4_1e-05_epoch500/model_2_2\crop80\norm/cam_aec_lines.png
  연구코드/results/0605/stage4_1e-05_epoch500/model_2_2\crop80\norm/cam_aec_heatmap.png
  [M2_2/norm] Done.

############################################################
  [M2_2 global_zscore]  (scale_clinic=True, scale_aec=global)
############################################################
  [M2_2/global_zscore] Cross-validating CrossAttn ...
=======================================================
5-Fold CV  [CrossAttn | scale_clin=True, scale_aec=global]
=======================================================

── Fold 1/5 ──────────────────────────────
  CA   — AUC: 0.8236  AUPRC: 0.3251  Brier: 0.2864  Acc: 0.8197  F1: 0.4923  (best ep=49, thresh=0.566)

── Fold 2/5 ──────────────────────────────
  CA   — AUC: 0.7901  AUPRC: 0.3911  Brier: 0.2277  Acc: 0.6503  F1: 0.3333  (best ep=351, thresh=0.504)

── Fold 3/5 ──────────────────────────────
  CA   — AUC: 0.7474  AUPRC: 0.2340  Brier: 0.2661  Acc: 0.8033  F1: 0.4000  (best ep=402, thresh=0.674)

── Fold 4/5 ──────────────────────────────
  CA   — AUC: 0.7583  AUPRC: 0.3127  Brier: 0.2261  Acc: 0.6612  F1: 0.3404  (best ep=461, thresh=0.511)

── Fold 5/5 ──────────────────────────────
  CA   — AUC: 0.7430  AUPRC: 0.3347  Brier: 0.2566  Acc: 0.6484  F1: 0.3191  (best ep=443, thresh=0.543)

===========================================================================
CrossAttn  —  5-Fold CV Summary
===========================================================================
  Fold      AUC-ROC      AUPRC      Brier   Accuracy         F1
  ----------------------------------------------------------
  1          0.8236     0.3251     0.2864     0.8197     0.4923
  2          0.7901     0.3911     0.2277     0.6503     0.3333
  3          0.7474     0.2340     0.2661     0.8033     0.4000
  4          0.7583     0.3127     0.2261     0.6612     0.3404
  5          0.7430     0.3347     0.2566     0.6484     0.3191
  ──────────────────────────────────────────────────────────
  Mean       0.7725     0.3195     0.2526     0.7166     0.3770
  ±Std       0.0304     0.0505     0.0231     0.0778     0.0639
  [M2_2/global_zscore] Evaluating on test set (med_epoch=402, thresh=0.543) ...

=======================================================
CrossAttn Test Evaluation  (scale_clin=True, scale_aec=global, threshold=0.543)
=======================================================
CrossAttn — training final model for 402 epochs on full CV set …
  [CrossAttn] Model weights saved → 연구코드/results/0605/stage4_1e-05_epoch500/model_2_2\crop80\global_zscore\M2_2_global_zscore_weights.pt

CrossAttn — Test Set (Overall):
  AUC: 0.8124  AUPRC: 0.3579  Brier: 0.2512  Acc: 0.6332  F1: 0.3438

CrossAttn — Test Set (By Sex):
  [M] n=82  AUC: 0.7570  AUPRC: 0.3812  Brier: 0.2660  Acc: 0.6220  F1: 0.4151
              precision    recall  f1-score   support

      Normal       0.95      0.58      0.72        69
  Sarcopenia       0.28      0.85      0.42        13

    accuracy                           0.62        82
   macro avg       0.61      0.71      0.57        82
weighted avg       0.84      0.62      0.67        82

  [F] n=147  AUC: 0.8369  AUPRC: 0.4046  Brier: 0.2430  Acc: 0.6395  F1: 0.2933
              precision    recall  f1-score   support

      Normal       1.00      0.61      0.76       136
  Sarcopenia       0.17      1.00      0.29        11

    accuracy                           0.64       147
   macro avg       0.59      0.81      0.53       147
weighted avg       0.94      0.64      0.72       147


───────────────────────────────────────────────────────
Test Set — Bootstrap CI
───────────────────────────────────────────────────────

  Bootstrap 95% CI — CrossAttn  (n_boot=2000)
  Metric         Estimate   95% CI Lower   95% CI Upper
  ----------------------------------------------------
  AUC-ROC          0.8124         0.7228         0.8878
  AUPRC            0.3579         0.2118         0.5511
  Brier            0.2512         0.2263         0.2753
  Accuracy         0.6332         0.5677         0.6943
  F1               0.3438         0.2321         0.4567
  [M2_2/global_zscore] Saving figures ...

Saved (model 2_2 (global_zscore, unmatched)):
  연구코드/results/0605/stage4_1e-05_epoch500/model_2_2\crop80\global_zscore/data_distribution.png
  연구코드/results/0605/stage4_1e-05_epoch500/model_2_2\crop80\global_zscore/cv_roc_curves.png
  연구코드/results/0605/stage4_1e-05_epoch500/model_2_2\crop80\global_zscore/cv_metric_distribution.png
  연구코드/results/0605/stage4_1e-05_epoch500/model_2_2\crop80\global_zscore/training_curves.png
  연구코드/results/0605/stage4_1e-05_epoch500/model_2_2\crop80\global_zscore/test_roc_curves.png
  연구코드/results/0605/stage4_1e-05_epoch500/model_2_2\crop80\global_zscore/test_roc_by_sex.png
  연구코드/results/0605/stage4_1e-05_epoch500/model_2_2\crop80\global_zscore/confusion_matrices.png
  연구코드/results/0605/stage4_1e-05_epoch500/model_2_2\crop80\global_zscore/calibration.png
  연구코드/results/0605/stage4_1e-05_epoch500/model_2_2\crop80\global_zscore/results.md
  [M2_2/global_zscore] Plotting attention maps ...
  연구코드/results/0605/stage4_1e-05_epoch500/model_2_2\crop80\global_zscore/attention_map_c2a.png
  연구코드/results/0605/stage4_1e-05_epoch500/model_2_2\crop80\global_zscore/attention_heatmap_c2a.png
  연구코드/results/0605/stage4_1e-05_epoch500/model_2_2\crop80\global_zscore/attention_map_a2c.png
  연구코드/results/0605/stage4_1e-05_epoch500/model_2_2\crop80\global_zscore/attention_heatmap_a2c.png
  [M2_2/global_zscore] Plotting Grad-CAM ...
  연구코드/results/0605/stage4_1e-05_epoch500/model_2_2\crop80\global_zscore/cam_aec_mean.png
  연구코드/results/0605/stage4_1e-05_epoch500/model_2_2\crop80\global_zscore/cam_aec_lines.png
  연구코드/results/0605/stage4_1e-05_epoch500/model_2_2\crop80\global_zscore/cam_aec_heatmap.png
  [M2_2/global_zscore] Done.
