============================================================
  MODEL 2_2 — Clinic + AEC Unmatched (aec128)  (3 AEC variants)
============================================================

############################################################
  [M2_2 raw]  (scale_clinic=True, scale_aec=none)
############################################################
  [M2_2/raw] Cross-validating CrossAttn ...
=======================================================
5-Fold CV  [CrossAttn | scale_aec=none]
=======================================================

── Fold 1/5 ──────────────────────────────
  CA   — AUC: 0.7831  AUPRC: 0.2902  Brier: 0.2771  Acc: 0.5847  F1: 0.3214  (best ep=200, thresh=0.523)

── Fold 2/5 ──────────────────────────────
  CA   — AUC: 0.7590  AUPRC: 0.3091  Brier: 0.2419  Acc: 0.7705  F1: 0.3636  (best ep=358, thresh=0.611)

── Fold 3/5 ──────────────────────────────
  CA   — AUC: 0.7484  AUPRC: 0.2316  Brier: 0.2750  Acc: 0.6557  F1: 0.3368  (best ep=487, thresh=0.549)

── Fold 4/5 ──────────────────────────────
  CA   — AUC: 0.6797  AUPRC: 0.2053  Brier: 0.2438  Acc: 0.5355  F1: 0.2735  (best ep=427, thresh=0.453)

── Fold 5/5 ──────────────────────────────
  CA   — AUC: 0.7914  AUPRC: 0.3360  Brier: 0.2566  Acc: 0.6978  F1: 0.3820  (best ep=495, thresh=0.584)

===========================================================================
CrossAttn  —  5-Fold CV Summary
===========================================================================
  Fold      AUC-ROC      AUPRC      Brier   Accuracy         F1
  ----------------------------------------------------------
  1          0.7831     0.2902     0.2771     0.5847     0.3214
  2          0.7590     0.3091     0.2419     0.7705     0.3636
  3          0.7484     0.2316     0.2750     0.6557     0.3368
  4          0.6797     0.2053     0.2438     0.5355     0.2735
  5          0.7914     0.3360     0.2566     0.6978     0.3820
  ──────────────────────────────────────────────────────────
  Mean       0.7523     0.2744     0.2589     0.6489     0.3355
  ±Std       0.0395     0.0487     0.0149     0.0827     0.0374
  [M2_2/raw] Evaluating on test set (med_epoch=427, thresh=0.549) ...

=======================================================
CrossAttn Test Evaluation  [scale_aec=none | threshold=0.549]
=======================================================
CrossAttn — training final model for 427 epochs on full CV set …
  [CrossAttn] weights → 연구코드/results/0612_2/model_2_2\raw\M2_2_raw_weights.pt

CrossAttn — Test Set (Overall):  AUC: 0.7911  AUPRC: 0.2750  Brier: 0.2647  Acc: 0.6419  F1: 0.3492

CrossAttn — Test Set (By Sex):
  [M] n=82  AUC: 0.7414  AUPRC: 0.3150  Brier: 0.2992  Acc: 0.5976  F1: 0.4000
              precision    recall  f1-score   support

      Normal       0.95      0.55      0.70        69
  Sarcopenia       0.26      0.85      0.40        13

    accuracy                           0.60        82
   macro avg       0.61      0.70      0.55        82
weighted avg       0.84      0.60      0.65        82

  [F] n=147  AUC: 0.8128  AUPRC: 0.3026  Brier: 0.2454  Acc: 0.6667  F1: 0.3099
              precision    recall  f1-score   support

      Normal       1.00      0.64      0.78       136
  Sarcopenia       0.18      1.00      0.31        11

    accuracy                           0.67       147
   macro avg       0.59      0.82      0.55       147
weighted avg       0.94      0.67      0.75       147


───────────────────────────────────────────────────────
Test Set — Bootstrap CI
───────────────────────────────────────────────────────

  Bootstrap 95% CI — CrossAttn  (n_boot=2000)
  Metric         Estimate   95% CI Lower   95% CI Upper
  ----------------------------------------------------
  AUC-ROC          0.7911         0.7126         0.8596
  AUPRC            0.2750         0.1666         0.4609
  Brier            0.2647         0.2379         0.2910
  Accuracy         0.6419         0.5852         0.7032
  F1               0.3492         0.2342         0.4604
  [M2_2/raw] Saving figures ...

Saved (model 2_2 (raw, unmatched)):
  연구코드/results/0612_2/model_2_2\raw/data_distribution.png
  연구코드/results/0612_2/model_2_2\raw/cv_roc_curves.png
  연구코드/results/0612_2/model_2_2\raw/cv_metric_distribution.png
  연구코드/results/0612_2/model_2_2\raw/training_curves.png
  연구코드/results/0612_2/model_2_2\raw/test_roc_curves.png
  연구코드/results/0612_2/model_2_2\raw/test_roc_by_sex.png
  연구코드/results/0612_2/model_2_2\raw/confusion_matrices.png
  연구코드/results/0612_2/model_2_2\raw/calibration.png
  연구코드/results/0612_2/model_2_2\raw/results.md
  [M2_2/raw] Plotting attention maps ...
  연구코드/results/0612_2/model_2_2\raw/attention_map_c2a.png
  연구코드/results/0612_2/model_2_2\raw/attention_heatmap_c2a.png
  연구코드/results/0612_2/model_2_2\raw/attention_map_a2c.png
  연구코드/results/0612_2/model_2_2\raw/attention_heatmap_a2c.png
  [M2_2/raw] Plotting Grad-CAM ...
  연구코드/results/0612_2/model_2_2\raw/cam_aec_mean.png
  연구코드/results/0612_2/model_2_2\raw/cam_aec_lines.png
  연구코드/results/0612_2/model_2_2\raw/cam_aec_heatmap.png
  [M2_2/raw] Done.

############################################################
  [M2_2 norm]  (scale_clinic=True, scale_aec=none)
############################################################
  [M2_2/norm] Cross-validating CrossAttn ...
=======================================================
5-Fold CV  [CrossAttn | scale_aec=none]
=======================================================

── Fold 1/5 ──────────────────────────────
  CA   — AUC: 0.8135  AUPRC: 0.3415  Brier: 0.2625  Acc: 0.7705  F1: 0.4324  (best ep=152, thresh=0.652)

── Fold 2/5 ──────────────────────────────
  CA   — AUC: 0.8607  AUPRC: 0.4572  Brier: 0.2689  Acc: 0.8087  F1: 0.4928  (best ep=120, thresh=0.593)

── Fold 3/5 ──────────────────────────────
  CA   — AUC: 0.7651  AUPRC: 0.3370  Brier: 0.2678  Acc: 0.6776  F1: 0.3371  (best ep=190, thresh=0.575)

── Fold 4/5 ──────────────────────────────
  CA   — AUC: 0.8010  AUPRC: 0.3827  Brier: 0.2275  Acc: 0.7213  F1: 0.3855  (best ep=390, thresh=0.519)

── Fold 5/5 ──────────────────────────────
  CA   — AUC: 0.8137  AUPRC: 0.3907  Brier: 0.2445  Acc: 0.8297  F1: 0.4561  (best ep=143, thresh=0.656)

===========================================================================
CrossAttn  —  5-Fold CV Summary
===========================================================================
  Fold      AUC-ROC      AUPRC      Brier   Accuracy         F1
  ----------------------------------------------------------
  1          0.8135     0.3415     0.2625     0.7705     0.4324
  2          0.8607     0.4572     0.2689     0.8087     0.4928
  3          0.7651     0.3370     0.2678     0.6776     0.3371
  4          0.8010     0.3827     0.2275     0.7213     0.3855
  5          0.8137     0.3907     0.2445     0.8297     0.4561
  ──────────────────────────────────────────────────────────
  Mean       0.8108     0.3818     0.2542     0.7616     0.4208
  ±Std       0.0306     0.0433     0.0160     0.0559     0.0544
  [M2_2/norm] Evaluating on test set (med_epoch=152, thresh=0.593) ...

=======================================================
CrossAttn Test Evaluation  [scale_aec=none | threshold=0.593]
=======================================================
CrossAttn — training final model for 152 epochs on full CV set …
  [CrossAttn] weights → 연구코드/results/0612_2/model_2_2\norm\M2_2_norm_weights.pt

CrossAttn — Test Set (Overall):  AUC: 0.8120  AUPRC: 0.3099  Brier: 0.2574  Acc: 0.6943  F1: 0.3636

CrossAttn — Test Set (By Sex):
  [M] n=82  AUC: 0.7224  AUPRC: 0.3388  Brier: 0.3021  Acc: 0.6341  F1: 0.4231
              precision    recall  f1-score   support

      Normal       0.95      0.59      0.73        69
  Sarcopenia       0.28      0.85      0.42        13

    accuracy                           0.63        82
   macro avg       0.62      0.72      0.58        82
weighted avg       0.85      0.63      0.68        82

  [F] n=147  AUC: 0.8523  AUPRC: 0.4119  Brier: 0.2324  Acc: 0.7279  F1: 0.3103
              precision    recall  f1-score   support

      Normal       0.98      0.72      0.83       136
  Sarcopenia       0.19      0.82      0.31        11

    accuracy                           0.73       147
   macro avg       0.59      0.77      0.57       147
weighted avg       0.92      0.73      0.79       147


───────────────────────────────────────────────────────
Test Set — Bootstrap CI
───────────────────────────────────────────────────────

  Bootstrap 95% CI — CrossAttn  (n_boot=2000)
  Metric         Estimate   95% CI Lower   95% CI Upper
  ----------------------------------------------------
  AUC-ROC          0.8120         0.7337         0.8776
  AUPRC            0.3099         0.1829         0.4826
  Brier            0.2574         0.2322         0.2815
  Accuracy         0.6943         0.6376         0.7555
  F1               0.3636         0.2449         0.4741
  [M2_2/norm] Saving figures ...

Saved (model 2_2 (norm, unmatched)):
  연구코드/results/0612_2/model_2_2\norm/data_distribution.png
  연구코드/results/0612_2/model_2_2\norm/cv_roc_curves.png
  연구코드/results/0612_2/model_2_2\norm/cv_metric_distribution.png
  연구코드/results/0612_2/model_2_2\norm/training_curves.png
  연구코드/results/0612_2/model_2_2\norm/test_roc_curves.png
  연구코드/results/0612_2/model_2_2\norm/test_roc_by_sex.png
  연구코드/results/0612_2/model_2_2\norm/confusion_matrices.png
  연구코드/results/0612_2/model_2_2\norm/calibration.png
  연구코드/results/0612_2/model_2_2\norm/results.md
  [M2_2/norm] Plotting attention maps ...
  연구코드/results/0612_2/model_2_2\norm/attention_map_c2a.png
  연구코드/results/0612_2/model_2_2\norm/attention_heatmap_c2a.png
  연구코드/results/0612_2/model_2_2\norm/attention_map_a2c.png
  연구코드/results/0612_2/model_2_2\norm/attention_heatmap_a2c.png
  [M2_2/norm] Plotting Grad-CAM ...
  연구코드/results/0612_2/model_2_2\norm/cam_aec_mean.png
  연구코드/results/0612_2/model_2_2\norm/cam_aec_lines.png
  연구코드/results/0612_2/model_2_2\norm/cam_aec_heatmap.png
  [M2_2/norm] Done.

############################################################
  [M2_2 global_zscore]  (scale_clinic=True, scale_aec=global)
############################################################
  [M2_2/global_zscore] Cross-validating CrossAttn ...
=======================================================
5-Fold CV  [CrossAttn | scale_aec=global]
=======================================================

── Fold 1/5 ──────────────────────────────
  CA   — AUC: 0.7880  AUPRC: 0.2852  Brier: 0.2779  Acc: 0.6175  F1: 0.3396  (best ep=147, thresh=0.558)

── Fold 2/5 ──────────────────────────────
  CA   — AUC: 0.7757  AUPRC: 0.3823  Brier: 0.2379  Acc: 0.6230  F1: 0.3168  (best ep=381, thresh=0.503)

── Fold 3/5 ──────────────────────────────
  CA   — AUC: 0.7798  AUPRC: 0.2727  Brier: 0.2652  Acc: 0.6393  F1: 0.3400  (best ep=388, thresh=0.572)

── Fold 4/5 ──────────────────────────────
  CA   — AUC: 0.7599  AUPRC: 0.3169  Brier: 0.2376  Acc: 0.7158  F1: 0.3659  (best ep=314, thresh=0.558)

── Fold 5/5 ──────────────────────────────
  CA   — AUC: 0.7927  AUPRC: 0.3771  Brier: 0.2489  Acc: 0.7253  F1: 0.3902  (best ep=335, thresh=0.589)

===========================================================================
CrossAttn  —  5-Fold CV Summary
===========================================================================
  Fold      AUC-ROC      AUPRC      Brier   Accuracy         F1
  ----------------------------------------------------------
  1          0.7880     0.2852     0.2779     0.6175     0.3396
  2          0.7757     0.3823     0.2379     0.6230     0.3168
  3          0.7798     0.2727     0.2652     0.6393     0.3400
  4          0.7599     0.3169     0.2376     0.7158     0.3659
  5          0.7927     0.3771     0.2489     0.7253     0.3902
  ──────────────────────────────────────────────────────────
  Mean       0.7792     0.3268     0.2535     0.6642     0.3505
  ±Std       0.0113     0.0455     0.0158     0.0467     0.0252
  [M2_2/global_zscore] Evaluating on test set (med_epoch=335, thresh=0.558) ...

=======================================================
CrossAttn Test Evaluation  [scale_aec=global | threshold=0.558]
=======================================================
CrossAttn — training final model for 335 epochs on full CV set …
  [CrossAttn] weights → 연구코드/results/0612_2/model_2_2\global_zscore\M2_2_global_zscore_weights.pt

CrossAttn — Test Set (Overall):  AUC: 0.7661  AUPRC: 0.2717  Brier: 0.2636  Acc: 0.6507  F1: 0.3333

CrossAttn — Test Set (By Sex):
  [M] n=82  AUC: 0.7079  AUPRC: 0.3267  Brier: 0.2790  Acc: 0.6098  F1: 0.3846
              precision    recall  f1-score   support

      Normal       0.93      0.58      0.71        69
  Sarcopenia       0.26      0.77      0.38        13

    accuracy                           0.61        82
   macro avg       0.59      0.67      0.55        82
weighted avg       0.82      0.61      0.66        82

  [F] n=147  AUC: 0.8128  AUPRC: 0.3467  Brier: 0.2550  Acc: 0.6735  F1: 0.2941
              precision    recall  f1-score   support

      Normal       0.99      0.65      0.79       136
  Sarcopenia       0.18      0.91      0.29        11

    accuracy                           0.67       147
   macro avg       0.58      0.78      0.54       147
weighted avg       0.93      0.67      0.75       147


───────────────────────────────────────────────────────
Test Set — Bootstrap CI
───────────────────────────────────────────────────────

  Bootstrap 95% CI — CrossAttn  (n_boot=2000)
  Metric         Estimate   95% CI Lower   95% CI Upper
  ----------------------------------------------------
  AUC-ROC          0.7661         0.6752         0.8449
  AUPRC            0.2717         0.1520         0.4443
  Brier            0.2636         0.2395         0.2874
  Accuracy         0.6507         0.5895         0.7118
  F1               0.3333         0.2167         0.4397
  [M2_2/global_zscore] Saving figures ...

Saved (model 2_2 (global_zscore, unmatched)):
  연구코드/results/0612_2/model_2_2\global_zscore/data_distribution.png
  연구코드/results/0612_2/model_2_2\global_zscore/cv_roc_curves.png
  연구코드/results/0612_2/model_2_2\global_zscore/cv_metric_distribution.png
  연구코드/results/0612_2/model_2_2\global_zscore/training_curves.png
  연구코드/results/0612_2/model_2_2\global_zscore/test_roc_curves.png
  연구코드/results/0612_2/model_2_2\global_zscore/test_roc_by_sex.png
  연구코드/results/0612_2/model_2_2\global_zscore/confusion_matrices.png
  연구코드/results/0612_2/model_2_2\global_zscore/calibration.png
  연구코드/results/0612_2/model_2_2\global_zscore/results.md
  [M2_2/global_zscore] Plotting attention maps ...
  연구코드/results/0612_2/model_2_2\global_zscore/attention_map_c2a.png
  연구코드/results/0612_2/model_2_2\global_zscore/attention_heatmap_c2a.png
  연구코드/results/0612_2/model_2_2\global_zscore/attention_map_a2c.png
  연구코드/results/0612_2/model_2_2\global_zscore/attention_heatmap_a2c.png
  [M2_2/global_zscore] Plotting Grad-CAM ...
  연구코드/results/0612_2/model_2_2\global_zscore/cam_aec_mean.png
  연구코드/results/0612_2/model_2_2\global_zscore/cam_aec_lines.png
  연구코드/results/0612_2/model_2_2\global_zscore/cam_aec_heatmap.png
  [M2_2/global_zscore] Done.
