============================================================
  MODEL 2_2 — Clinic + AEC Unmatched (aec128)  (4 AEC variants)
============================================================

############################################################
  [M2_2 raw]  (scale_clinic=True, scale_aec=none)
############################################################
  [M2_2/raw] Cross-validating CrossAttn ...
=======================================================
5-Fold CV  [CrossAttn | scale_clin=True, scale_aec=none]
=======================================================

── Fold 1/5 ──────────────────────────────
  CA   — AUC: 0.8018  AUPRC: 0.3226  Brier: 0.2624  Acc: 0.6721  F1: 0.3750  (best ep=156, thresh=0.549)

── Fold 2/5 ──────────────────────────────
  CA   — AUC: 0.8222  AUPRC: 0.4322  Brier: 0.2473  Acc: 0.7432  F1: 0.4051  (best ep=293, thresh=0.560)

── Fold 3/5 ──────────────────────────────
  CA   — AUC: 0.7709  AUPRC: 0.2458  Brier: 0.2585  Acc: 0.6776  F1: 0.3371  (best ep=475, thresh=0.571)

── Fold 4/5 ──────────────────────────────
  CA   — AUC: 0.7635  AUPRC: 0.3228  Brier: 0.2340  Acc: 0.6721  F1: 0.3478  (best ep=465, thresh=0.512)

── Fold 5/5 ──────────────────────────────
  CA   — AUC: 0.7817  AUPRC: 0.3554  Brier: 0.2461  Acc: 0.7253  F1: 0.3750  (best ep=470, thresh=0.586)

===========================================================================
CrossAttn  —  5-Fold CV Summary
===========================================================================
  Fold      AUC-ROC      AUPRC      Brier   Accuracy         F1
  ----------------------------------------------------------
  1          0.8018     0.3226     0.2624     0.6721     0.3750
  2          0.8222     0.4322     0.2473     0.7432     0.4051
  3          0.7709     0.2458     0.2585     0.6776     0.3371
  4          0.7635     0.3228     0.2340     0.6721     0.3478
  5          0.7817     0.3554     0.2461     0.7253     0.3750
  ──────────────────────────────────────────────────────────
  Mean       0.7880     0.3357     0.2497     0.6981     0.3680
  ±Std       0.0214     0.0602     0.0101     0.0301     0.0238
  [M2_2/raw] Evaluating on test set (med_epoch=465, thresh=0.560) ...

=======================================================
CrossAttn Test Evaluation  (scale_clin=True, scale_aec=none, threshold=0.560)
=======================================================
CrossAttn — training final model for 465 epochs on full CV set …
  [CrossAttn] Model weights saved → 연구코드/results/0605/stage4_1e-05_epoch500/model_2_2\raw128\raw\M2_2_raw_weights.pt

CrossAttn — Test Set (Overall):
  AUC: 0.7988  AUPRC: 0.3352  Brier: 0.2483  Acc: 0.6856  F1: 0.3684

CrossAttn — Test Set (By Sex):
  [M] n=82  AUC: 0.7124  AUPRC: 0.3459  Brier: 0.2870  Acc: 0.6098  F1: 0.4074
              precision    recall  f1-score   support

      Normal       0.95      0.57      0.71        69
  Sarcopenia       0.27      0.85      0.41        13

    accuracy                           0.61        82
   macro avg       0.61      0.71      0.56        82
weighted avg       0.84      0.61      0.66        82

  [F] n=147  AUC: 0.8523  AUPRC: 0.3811  Brier: 0.2267  Acc: 0.7279  F1: 0.3333
              precision    recall  f1-score   support

      Normal       0.99      0.71      0.83       136
  Sarcopenia       0.20      0.91      0.33        11

    accuracy                           0.73       147
   macro avg       0.60      0.81      0.58       147
weighted avg       0.93      0.73      0.79       147


───────────────────────────────────────────────────────
Test Set — Bootstrap CI
───────────────────────────────────────────────────────

  Bootstrap 95% CI — CrossAttn  (n_boot=2000)
  Metric         Estimate   95% CI Lower   95% CI Upper
  ----------------------------------------------------
  AUC-ROC          0.7988         0.6992         0.8807
  AUPRC            0.3352         0.1937         0.5253
  Brier            0.2483         0.2217         0.2734
  Accuracy         0.6856         0.6245         0.7467
  F1               0.3684         0.2456         0.4822
  [M2_2/raw] Saving figures ...

Saved (model 2_2 (raw, unmatched)):
  연구코드/results/0605/stage4_1e-05_epoch500/model_2_2\raw128\raw/data_distribution.png
  연구코드/results/0605/stage4_1e-05_epoch500/model_2_2\raw128\raw/cv_roc_curves.png
  연구코드/results/0605/stage4_1e-05_epoch500/model_2_2\raw128\raw/cv_metric_distribution.png
  연구코드/results/0605/stage4_1e-05_epoch500/model_2_2\raw128\raw/training_curves.png
  연구코드/results/0605/stage4_1e-05_epoch500/model_2_2\raw128\raw/test_roc_curves.png
  연구코드/results/0605/stage4_1e-05_epoch500/model_2_2\raw128\raw/test_roc_by_sex.png
  연구코드/results/0605/stage4_1e-05_epoch500/model_2_2\raw128\raw/confusion_matrices.png
  연구코드/results/0605/stage4_1e-05_epoch500/model_2_2\raw128\raw/calibration.png
  연구코드/results/0605/stage4_1e-05_epoch500/model_2_2\raw128\raw/results.md
  [M2_2/raw] Plotting attention maps ...
  연구코드/results/0605/stage4_1e-05_epoch500/model_2_2\raw128\raw/attention_map_c2a.png
  연구코드/results/0605/stage4_1e-05_epoch500/model_2_2\raw128\raw/attention_heatmap_c2a.png
  연구코드/results/0605/stage4_1e-05_epoch500/model_2_2\raw128\raw/attention_map_a2c.png
  연구코드/results/0605/stage4_1e-05_epoch500/model_2_2\raw128\raw/attention_heatmap_a2c.png
  [M2_2/raw] Plotting Grad-CAM ...
  연구코드/results/0605/stage4_1e-05_epoch500/model_2_2\raw128\raw/cam_aec_mean.png
  연구코드/results/0605/stage4_1e-05_epoch500/model_2_2\raw128\raw/cam_aec_lines.png
  연구코드/results/0605/stage4_1e-05_epoch500/model_2_2\raw128\raw/cam_aec_heatmap.png
  [M2_2/raw] Done.

############################################################
  [M2_2 std_scaled]  (scale_clinic=True, scale_aec=column)
############################################################
  [M2_2/std_scaled] Cross-validating CrossAttn ...
=======================================================
5-Fold CV  [CrossAttn | scale_clin=True, scale_aec=column]
=======================================================

── Fold 1/5 ──────────────────────────────
  CA   — AUC: 0.8015  AUPRC: 0.2872  Brier: 0.2536  Acc: 0.6230  F1: 0.3551  (best ep=480, thresh=0.516)

── Fold 2/5 ──────────────────────────────
  CA   — AUC: 0.8055  AUPRC: 0.4079  Brier: 0.2160  Acc: 0.6339  F1: 0.3366  (best ep=423, thresh=0.445)

── Fold 3/5 ──────────────────────────────
  CA   — AUC: 0.7651  AUPRC: 0.2437  Brier: 0.2647  Acc: 0.5956  F1: 0.3148  (best ep=430, thresh=0.519)

── Fold 4/5 ──────────────────────────────
  CA   — AUC: 0.7651  AUPRC: 0.3175  Brier: 0.2272  Acc: 0.6995  F1: 0.3678  (best ep=424, thresh=0.514)

── Fold 5/5 ──────────────────────────────
  CA   — AUC: 0.8050  AUPRC: 0.3340  Brier: 0.2595  Acc: 0.7912  F1: 0.4412  (best ep=2, thresh=0.525)

===========================================================================
CrossAttn  —  5-Fold CV Summary
===========================================================================
  Fold      AUC-ROC      AUPRC      Brier   Accuracy         F1
  ----------------------------------------------------------
  1          0.8015     0.2872     0.2536     0.6230     0.3551
  2          0.8055     0.4079     0.2160     0.6339     0.3366
  3          0.7651     0.2437     0.2647     0.5956     0.3148
  4          0.7651     0.3175     0.2272     0.6995     0.3678
  5          0.8050     0.3340     0.2595     0.7912     0.4412
  ──────────────────────────────────────────────────────────
  Mean       0.7884     0.3181     0.2442     0.6686     0.3631
  ±Std       0.0191     0.0544     0.0191     0.0701     0.0429
  [M2_2/std_scaled] Evaluating on test set (med_epoch=424, thresh=0.516) ...

=======================================================
CrossAttn Test Evaluation  (scale_clin=True, scale_aec=column, threshold=0.516)
=======================================================
CrossAttn — training final model for 424 epochs on full CV set …
  [CrossAttn] Model weights saved → 연구코드/results/0605/stage4_1e-05_epoch500/model_2_2\raw128\std_scaled\M2_2_std_scaled_weights.pt

CrossAttn — Test Set (Overall):
  AUC: 0.7703  AUPRC: 0.2841  Brier: 0.2516  Acc: 0.6201  F1: 0.3150

CrossAttn — Test Set (By Sex):
  [M] n=82  AUC: 0.7168  AUPRC: 0.3429  Brier: 0.2763  Acc: 0.6220  F1: 0.4151
              precision    recall  f1-score   support

      Normal       0.95      0.58      0.72        69
  Sarcopenia       0.28      0.85      0.42        13

    accuracy                           0.62        82
   macro avg       0.61      0.71      0.57        82
weighted avg       0.84      0.62      0.67        82

  [F] n=147  AUC: 0.7861  AUPRC: 0.2868  Brier: 0.2378  Acc: 0.6190  F1: 0.2432
              precision    recall  f1-score   support

      Normal       0.98      0.60      0.75       136
  Sarcopenia       0.14      0.82      0.24        11

    accuracy                           0.62       147
   macro avg       0.56      0.71      0.49       147
weighted avg       0.91      0.62      0.71       147


───────────────────────────────────────────────────────
Test Set — Bootstrap CI
───────────────────────────────────────────────────────

  Bootstrap 95% CI — CrossAttn  (n_boot=2000)
  Metric         Estimate   95% CI Lower   95% CI Upper
  ----------------------------------------------------
  AUC-ROC          0.7703         0.6832         0.8491
  AUPRC            0.2841         0.1609         0.4615
  Brier            0.2516         0.2262         0.2764
  Accuracy         0.6201         0.5588         0.6856
  F1               0.3150         0.2051         0.4218
  [M2_2/std_scaled] Saving figures ...

Saved (model 2_2 (std_scaled, unmatched)):
  연구코드/results/0605/stage4_1e-05_epoch500/model_2_2\raw128\std_scaled/data_distribution.png
  연구코드/results/0605/stage4_1e-05_epoch500/model_2_2\raw128\std_scaled/cv_roc_curves.png
  연구코드/results/0605/stage4_1e-05_epoch500/model_2_2\raw128\std_scaled/cv_metric_distribution.png
  연구코드/results/0605/stage4_1e-05_epoch500/model_2_2\raw128\std_scaled/training_curves.png
  연구코드/results/0605/stage4_1e-05_epoch500/model_2_2\raw128\std_scaled/test_roc_curves.png
  연구코드/results/0605/stage4_1e-05_epoch500/model_2_2\raw128\std_scaled/test_roc_by_sex.png
  연구코드/results/0605/stage4_1e-05_epoch500/model_2_2\raw128\std_scaled/confusion_matrices.png
  연구코드/results/0605/stage4_1e-05_epoch500/model_2_2\raw128\std_scaled/calibration.png
  연구코드/results/0605/stage4_1e-05_epoch500/model_2_2\raw128\std_scaled/results.md
  [M2_2/std_scaled] Plotting attention maps ...
  연구코드/results/0605/stage4_1e-05_epoch500/model_2_2\raw128\std_scaled/attention_map_c2a.png
  연구코드/results/0605/stage4_1e-05_epoch500/model_2_2\raw128\std_scaled/attention_heatmap_c2a.png
  연구코드/results/0605/stage4_1e-05_epoch500/model_2_2\raw128\std_scaled/attention_map_a2c.png
  연구코드/results/0605/stage4_1e-05_epoch500/model_2_2\raw128\std_scaled/attention_heatmap_a2c.png
  [M2_2/std_scaled] Plotting Grad-CAM ...
  연구코드/results/0605/stage4_1e-05_epoch500/model_2_2\raw128\std_scaled/cam_aec_mean.png
  연구코드/results/0605/stage4_1e-05_epoch500/model_2_2\raw128\std_scaled/cam_aec_lines.png
  연구코드/results/0605/stage4_1e-05_epoch500/model_2_2\raw128\std_scaled/cam_aec_heatmap.png
  [M2_2/std_scaled] Done.

############################################################
  [M2_2 norm]  (scale_clinic=True, scale_aec=none)
############################################################
  [M2_2/norm] Cross-validating CrossAttn ...
=======================================================
5-Fold CV  [CrossAttn | scale_clin=True, scale_aec=none]
=======================================================

── Fold 1/5 ──────────────────────────────
  CA   — AUC: 0.8218  AUPRC: 0.3897  Brier: 0.2485  Acc: 0.7650  F1: 0.4110  (best ep=238, thresh=0.594)

── Fold 2/5 ──────────────────────────────
  CA   — AUC: 0.8601  AUPRC: 0.5213  Brier: 0.2274  Acc: 0.8689  F1: 0.5556  (best ep=183, thresh=0.614)

── Fold 3/5 ──────────────────────────────
  CA   — AUC: 0.7429  AUPRC: 0.2415  Brier: 0.2671  Acc: 0.6776  F1: 0.3218  (best ep=303, thresh=0.594)

── Fold 4/5 ──────────────────────────────
  CA   — AUC: 0.7920  AUPRC: 0.3654  Brier: 0.2210  Acc: 0.6448  F1: 0.3434  (best ep=362, thresh=0.461)

── Fold 5/5 ──────────────────────────────
  CA   — AUC: 0.7368  AUPRC: 0.3427  Brier: 0.2393  Acc: 0.6538  F1: 0.3226  (best ep=240, thresh=0.503)

===========================================================================
CrossAttn  —  5-Fold CV Summary
===========================================================================
  Fold      AUC-ROC      AUPRC      Brier   Accuracy         F1
  ----------------------------------------------------------
  1          0.8218     0.3897     0.2485     0.7650     0.4110
  2          0.8601     0.5213     0.2274     0.8689     0.5556
  3          0.7429     0.2415     0.2671     0.6776     0.3218
  4          0.7920     0.3654     0.2210     0.6448     0.3434
  5          0.7368     0.3427     0.2393     0.6538     0.3226
  ──────────────────────────────────────────────────────────
  Mean       0.7907     0.3721     0.2407     0.7220     0.3909
  ±Std       0.0468     0.0901     0.0162     0.0848     0.0885
  [M2_2/norm] Evaluating on test set (med_epoch=240, thresh=0.594) ...

=======================================================
CrossAttn Test Evaluation  (scale_clin=True, scale_aec=none, threshold=0.594)
=======================================================
CrossAttn — training final model for 240 epochs on full CV set …
  [CrossAttn] Model weights saved → 연구코드/results/0605/stage4_1e-05_epoch500/model_2_2\raw128\norm\M2_2_norm_weights.pt

CrossAttn — Test Set (Overall):
  AUC: 0.8382  AUPRC: 0.3448  Brier: 0.2491  Acc: 0.6681  F1: 0.3667

CrossAttn — Test Set (By Sex):
  [M] n=82  AUC: 0.7559  AUPRC: 0.3282  Brier: 0.2751  Acc: 0.6341  F1: 0.4231
              precision    recall  f1-score   support

      Normal       0.95      0.59      0.73        69
  Sarcopenia       0.28      0.85      0.42        13

    accuracy                           0.63        82
   macro avg       0.62      0.72      0.58        82
weighted avg       0.85      0.63      0.68        82

  [F] n=147  AUC: 0.8884  AUPRC: 0.4608  Brier: 0.2346  Acc: 0.6871  F1: 0.3235
              precision    recall  f1-score   support

      Normal       1.00      0.66      0.80       136
  Sarcopenia       0.19      1.00      0.32        11

    accuracy                           0.69       147
   macro avg       0.60      0.83      0.56       147
weighted avg       0.94      0.69      0.76       147


───────────────────────────────────────────────────────
Test Set — Bootstrap CI
───────────────────────────────────────────────────────

  Bootstrap 95% CI — CrossAttn  (n_boot=2000)
  Metric         Estimate   95% CI Lower   95% CI Upper
  ----------------------------------------------------
  AUC-ROC          0.8382         0.7560         0.9025
  AUPRC            0.3448         0.2154         0.5455
  Brier            0.2491         0.2224         0.2749
  Accuracy         0.6681         0.6070         0.7293
  F1               0.3667         0.2478         0.4818
  [M2_2/norm] Saving figures ...

Saved (model 2_2 (norm, unmatched)):
  연구코드/results/0605/stage4_1e-05_epoch500/model_2_2\raw128\norm/data_distribution.png
  연구코드/results/0605/stage4_1e-05_epoch500/model_2_2\raw128\norm/cv_roc_curves.png
  연구코드/results/0605/stage4_1e-05_epoch500/model_2_2\raw128\norm/cv_metric_distribution.png
  연구코드/results/0605/stage4_1e-05_epoch500/model_2_2\raw128\norm/training_curves.png
  연구코드/results/0605/stage4_1e-05_epoch500/model_2_2\raw128\norm/test_roc_curves.png
  연구코드/results/0605/stage4_1e-05_epoch500/model_2_2\raw128\norm/test_roc_by_sex.png
  연구코드/results/0605/stage4_1e-05_epoch500/model_2_2\raw128\norm/confusion_matrices.png
  연구코드/results/0605/stage4_1e-05_epoch500/model_2_2\raw128\norm/calibration.png
  연구코드/results/0605/stage4_1e-05_epoch500/model_2_2\raw128\norm/results.md
  [M2_2/norm] Plotting attention maps ...
  연구코드/results/0605/stage4_1e-05_epoch500/model_2_2\raw128\norm/attention_map_c2a.png
  연구코드/results/0605/stage4_1e-05_epoch500/model_2_2\raw128\norm/attention_heatmap_c2a.png
  연구코드/results/0605/stage4_1e-05_epoch500/model_2_2\raw128\norm/attention_map_a2c.png
  연구코드/results/0605/stage4_1e-05_epoch500/model_2_2\raw128\norm/attention_heatmap_a2c.png
  [M2_2/norm] Plotting Grad-CAM ...
  연구코드/results/0605/stage4_1e-05_epoch500/model_2_2\raw128\norm/cam_aec_mean.png
  연구코드/results/0605/stage4_1e-05_epoch500/model_2_2\raw128\norm/cam_aec_lines.png
  연구코드/results/0605/stage4_1e-05_epoch500/model_2_2\raw128\norm/cam_aec_heatmap.png
  [M2_2/norm] Done.

############################################################
  [M2_2 global_zscore]  (scale_clinic=True, scale_aec=global)
############################################################
  [M2_2/global_zscore] Cross-validating CrossAttn ...
=======================================================
5-Fold CV  [CrossAttn | scale_clin=True, scale_aec=global]
=======================================================

── Fold 1/5 ──────────────────────────────
  CA   — AUC: 0.7988  AUPRC: 0.2875  Brier: 0.2519  Acc: 0.5956  F1: 0.3509  (best ep=354, thresh=0.510)

── Fold 2/5 ──────────────────────────────
  CA   — AUC: 0.7747  AUPRC: 0.3513  Brier: 0.2262  Acc: 0.7760  F1: 0.3881  (best ep=461, thresh=0.601)

── Fold 3/5 ──────────────────────────────
  CA   — AUC: 0.7519  AUPRC: 0.2541  Brier: 0.2618  Acc: 0.5847  F1: 0.3091  (best ep=480, thresh=0.502)

── Fold 4/5 ──────────────────────────────
  CA   — AUC: 0.7603  AUPRC: 0.3112  Brier: 0.2363  Acc: 0.5902  F1: 0.3243  (best ep=341, thresh=0.467)

── Fold 5/5 ──────────────────────────────
  CA   — AUC: 0.7685  AUPRC: 0.3904  Brier: 0.2423  Acc: 0.6758  F1: 0.3516  (best ep=221, thresh=0.549)

===========================================================================
CrossAttn  —  5-Fold CV Summary
===========================================================================
  Fold      AUC-ROC      AUPRC      Brier   Accuracy         F1
  ----------------------------------------------------------
  1          0.7988     0.2875     0.2519     0.5956     0.3509
  2          0.7747     0.3513     0.2262     0.7760     0.3881
  3          0.7519     0.2541     0.2618     0.5847     0.3091
  4          0.7603     0.3112     0.2363     0.5902     0.3243
  5          0.7685     0.3904     0.2423     0.6758     0.3516
  ──────────────────────────────────────────────────────────
  Mean       0.7708     0.3189     0.2437     0.6445     0.3448
  ±Std       0.0159     0.0478     0.0123     0.0737     0.0270
  [M2_2/global_zscore] Evaluating on test set (med_epoch=354, thresh=0.510) ...

=======================================================
CrossAttn Test Evaluation  (scale_clin=True, scale_aec=global, threshold=0.510)
=======================================================
CrossAttn — training final model for 354 epochs on full CV set …
  [CrossAttn] Model weights saved → 연구코드/results/0605/stage4_1e-05_epoch500/model_2_2\raw128\global_zscore\M2_2_global_zscore_weights.pt

CrossAttn — Test Set (Overall):
  AUC: 0.7762  AUPRC: 0.3181  Brier: 0.2607  Acc: 0.5895  F1: 0.3188

CrossAttn — Test Set (By Sex):
  [M] n=82  AUC: 0.7336  AUPRC: 0.3170  Brier: 0.2442  Acc: 0.6341  F1: 0.4231
              precision    recall  f1-score   support

      Normal       0.95      0.59      0.73        69
  Sarcopenia       0.28      0.85      0.42        13

    accuracy                           0.63        82
   macro avg       0.62      0.72      0.58        82
weighted avg       0.85      0.63      0.68        82

  [F] n=147  AUC: 0.8262  AUPRC: 0.3421  Brier: 0.2699  Acc: 0.5646  F1: 0.2558
              precision    recall  f1-score   support

      Normal       1.00      0.53      0.69       136
  Sarcopenia       0.15      1.00      0.26        11

    accuracy                           0.56       147
   macro avg       0.57      0.76      0.47       147
weighted avg       0.94      0.56      0.66       147


───────────────────────────────────────────────────────
Test Set — Bootstrap CI
───────────────────────────────────────────────────────

  Bootstrap 95% CI — CrossAttn  (n_boot=2000)
  Metric         Estimate   95% CI Lower   95% CI Upper
  ----------------------------------------------------
  AUC-ROC          0.7762         0.6727         0.8590
  AUPRC            0.3181         0.1812         0.5019
  Brier            0.2607         0.2356         0.2847
  Accuracy         0.5895         0.5240         0.6550
  F1               0.3188         0.2131         0.4255
  [M2_2/global_zscore] Saving figures ...

Saved (model 2_2 (global_zscore, unmatched)):
  연구코드/results/0605/stage4_1e-05_epoch500/model_2_2\raw128\global_zscore/data_distribution.png
  연구코드/results/0605/stage4_1e-05_epoch500/model_2_2\raw128\global_zscore/cv_roc_curves.png
  연구코드/results/0605/stage4_1e-05_epoch500/model_2_2\raw128\global_zscore/cv_metric_distribution.png
  연구코드/results/0605/stage4_1e-05_epoch500/model_2_2\raw128\global_zscore/training_curves.png
  연구코드/results/0605/stage4_1e-05_epoch500/model_2_2\raw128\global_zscore/test_roc_curves.png
  연구코드/results/0605/stage4_1e-05_epoch500/model_2_2\raw128\global_zscore/test_roc_by_sex.png
  연구코드/results/0605/stage4_1e-05_epoch500/model_2_2\raw128\global_zscore/confusion_matrices.png
  연구코드/results/0605/stage4_1e-05_epoch500/model_2_2\raw128\global_zscore/calibration.png
  연구코드/results/0605/stage4_1e-05_epoch500/model_2_2\raw128\global_zscore/results.md
  [M2_2/global_zscore] Plotting attention maps ...
  연구코드/results/0605/stage4_1e-05_epoch500/model_2_2\raw128\global_zscore/attention_map_c2a.png
  연구코드/results/0605/stage4_1e-05_epoch500/model_2_2\raw128\global_zscore/attention_heatmap_c2a.png
  연구코드/results/0605/stage4_1e-05_epoch500/model_2_2\raw128\global_zscore/attention_map_a2c.png
  연구코드/results/0605/stage4_1e-05_epoch500/model_2_2\raw128\global_zscore/attention_heatmap_a2c.png
  [M2_2/global_zscore] Plotting Grad-CAM ...
  연구코드/results/0605/stage4_1e-05_epoch500/model_2_2\raw128\global_zscore/cam_aec_mean.png
  연구코드/results/0605/stage4_1e-05_epoch500/model_2_2\raw128\global_zscore/cam_aec_lines.png
  연구코드/results/0605/stage4_1e-05_epoch500/model_2_2\raw128\global_zscore/cam_aec_heatmap.png
  [M2_2/global_zscore] Done.
