============================================================
  MODEL 2 — Clinic + AEC (aec103)  (4 AEC variants)
============================================================

############################################################
  [M2 raw]  (scale_clinic=True, scale_aec=none)
############################################################
  [M2/raw] Cross-validating CrossAttn ...
=======================================================
5-Fold CV  [CrossAttn | scale_clin=True, scale_aec=none]
=======================================================

── Fold 1/5 ──────────────────────────────
  CA   — AUC: 0.8077  AUPRC: 0.3661  Brier: 0.2692  Acc: 0.8415  F1: 0.4727  (best ep=492, thresh=0.693)

── Fold 2/5 ──────────────────────────────
  CA   — AUC: 0.8431  AUPRC: 0.5412  Brier: 0.2541  Acc: 0.8415  F1: 0.4912  (best ep=480, thresh=0.619)

── Fold 3/5 ──────────────────────────────
  CA   — AUC: 0.7888  AUPRC: 0.3407  Brier: 0.2770  Acc: 0.5956  F1: 0.3148  (best ep=320, thresh=0.538)

── Fold 4/5 ──────────────────────────────
  CA   — AUC: 0.7978  AUPRC: 0.3092  Brier: 0.2434  Acc: 0.6721  F1: 0.3750  (best ep=467, thresh=0.537)

── Fold 5/5 ──────────────────────────────
  CA   — AUC: 0.8063  AUPRC: 0.3633  Brier: 0.2505  Acc: 0.7253  F1: 0.3902  (best ep=450, thresh=0.592)

===========================================================================
CrossAttn  —  5-Fold CV Summary
===========================================================================
  Fold      AUC-ROC      AUPRC      Brier   Accuracy         F1
  ----------------------------------------------------------
  1          0.8077     0.3661     0.2692     0.8415     0.4727
  2          0.8431     0.5412     0.2541     0.8415     0.4912
  3          0.7888     0.3407     0.2770     0.5956     0.3148
  4          0.7978     0.3092     0.2434     0.6721     0.3750
  5          0.8063     0.3633     0.2505     0.7253     0.3902
  ──────────────────────────────────────────────────────────
  Mean       0.8087     0.3841     0.2588     0.7352     0.4088
  ±Std       0.0184     0.0812     0.0124     0.0961     0.0651
  [M2/raw] Evaluating on test set (med_epoch=467, thresh=0.592) ...

=======================================================
CrossAttn Test Evaluation  (scale_clin=True, scale_aec=none, threshold=0.592)
=======================================================
CrossAttn — training final model for 467 epochs on full CV set …
  [CrossAttn] Model weights saved → 연구코드/results/0605/stage0_1e-05_epoch500/model_2\crop80\raw\M2_raw_weights.pt

CrossAttn — Test Set (Overall):
  AUC: 0.7898  AUPRC: 0.2881  Brier: 0.2568  Acc: 0.7031  F1: 0.3704

CrossAttn — Test Set (By Sex):
  [M] n=82  AUC: 0.7191  AUPRC: 0.3365  Brier: 0.3012  Acc: 0.6098  F1: 0.4074
              precision    recall  f1-score   support

      Normal       0.95      0.57      0.71        69
  Sarcopenia       0.27      0.85      0.41        13

    accuracy                           0.61        82
   macro avg       0.61      0.71      0.56        82
weighted avg       0.84      0.61      0.66        82

  [F] n=147  AUC: 0.8329  AUPRC: 0.2668  Brier: 0.2320  Acc: 0.7551  F1: 0.3333
              precision    recall  f1-score   support

      Normal       0.98      0.75      0.85       136
  Sarcopenia       0.21      0.82      0.33        11

    accuracy                           0.76       147
   macro avg       0.60      0.78      0.59       147
weighted avg       0.92      0.76      0.81       147


───────────────────────────────────────────────────────
Test Set — Bootstrap CI
───────────────────────────────────────────────────────

  Bootstrap 95% CI — CrossAttn  (n_boot=2000)
  Metric         Estimate   95% CI Lower   95% CI Upper
  ----------------------------------------------------
  AUC-ROC          0.7898         0.6916         0.8737
  AUPRC            0.2881         0.1715         0.4445
  Brier            0.2568         0.2291         0.2826
  Accuracy         0.7031         0.6419         0.7642
  F1               0.3704         0.2472         0.4865
  [M2/raw] Saving figures ...

Saved (model 2 (raw)):
  연구코드/results/0605/stage0_1e-05_epoch500/model_2\crop80\raw/data_distribution.png
  연구코드/results/0605/stage0_1e-05_epoch500/model_2\crop80\raw/cv_roc_curves.png
  연구코드/results/0605/stage0_1e-05_epoch500/model_2\crop80\raw/cv_metric_distribution.png
  연구코드/results/0605/stage0_1e-05_epoch500/model_2\crop80\raw/training_curves.png
  연구코드/results/0605/stage0_1e-05_epoch500/model_2\crop80\raw/test_roc_curves.png
  연구코드/results/0605/stage0_1e-05_epoch500/model_2\crop80\raw/test_roc_by_sex.png
  연구코드/results/0605/stage0_1e-05_epoch500/model_2\crop80\raw/confusion_matrices.png
  연구코드/results/0605/stage0_1e-05_epoch500/model_2\crop80\raw/calibration.png
  연구코드/results/0605/stage0_1e-05_epoch500/model_2\crop80\raw/results.md
  [M2/raw] Plotting attention maps ...
  연구코드/results/0605/stage0_1e-05_epoch500/model_2\crop80\raw/attention_map_c2a.png
  연구코드/results/0605/stage0_1e-05_epoch500/model_2\crop80\raw/attention_heatmap_c2a.png
  연구코드/results/0605/stage0_1e-05_epoch500/model_2\crop80\raw/attention_map_a2c.png
  연구코드/results/0605/stage0_1e-05_epoch500/model_2\crop80\raw/attention_heatmap_a2c.png
  [M2/raw] Plotting Grad-CAM ...
  연구코드/results/0605/stage0_1e-05_epoch500/model_2\crop80\raw/cam_aec_mean.png
  연구코드/results/0605/stage0_1e-05_epoch500/model_2\crop80\raw/cam_aec_lines.png
  연구코드/results/0605/stage0_1e-05_epoch500/model_2\crop80\raw/cam_aec_heatmap.png
  [M2/raw] Done.

############################################################
  [M2 std_scaled]  (scale_clinic=True, scale_aec=column)
############################################################
  [M2/std_scaled] Cross-validating CrossAttn ...
=======================================================
5-Fold CV  [CrossAttn | scale_clin=True, scale_aec=column]
=======================================================

── Fold 1/5 ──────────────────────────────
  CA   — AUC: 0.8206  AUPRC: 0.3490  Brier: 0.2679  Acc: 0.6885  F1: 0.4000  (best ep=440, thresh=0.570)

── Fold 2/5 ──────────────────────────────
  CA   — AUC: 0.8681  AUPRC: 0.5370  Brier: 0.2375  Acc: 0.8415  F1: 0.5085  (best ep=410, thresh=0.631)

── Fold 3/5 ──────────────────────────────
  CA   — AUC: 0.7702  AUPRC: 0.3296  Brier: 0.2806  Acc: 0.6503  F1: 0.3333  (best ep=426, thresh=0.568)

── Fold 4/5 ──────────────────────────────
  CA   — AUC: 0.7718  AUPRC: 0.3372  Brier: 0.2419  Acc: 0.7869  F1: 0.4000  (best ep=483, thresh=0.639)

── Fold 5/5 ──────────────────────────────
  CA   — AUC: 0.8046  AUPRC: 0.3673  Brier: 0.2431  Acc: 0.8187  F1: 0.4407  (best ep=440, thresh=0.649)

===========================================================================
CrossAttn  —  5-Fold CV Summary
===========================================================================
  Fold      AUC-ROC      AUPRC      Brier   Accuracy         F1
  ----------------------------------------------------------
  1          0.8206     0.3490     0.2679     0.6885     0.4000
  2          0.8681     0.5370     0.2375     0.8415     0.5085
  3          0.7702     0.3296     0.2806     0.6503     0.3333
  4          0.7718     0.3372     0.2419     0.7869     0.4000
  5          0.8046     0.3673     0.2431     0.8187     0.4407
  ──────────────────────────────────────────────────────────
  Mean       0.8071     0.3840     0.2542     0.7572     0.4165
  ±Std       0.0361     0.0776     0.0170     0.0747     0.0575
  [M2/std_scaled] Evaluating on test set (med_epoch=440, thresh=0.631) ...

=======================================================
CrossAttn Test Evaluation  (scale_clin=True, scale_aec=column, threshold=0.631)
=======================================================
CrossAttn — training final model for 440 epochs on full CV set …
  [CrossAttn] Model weights saved → 연구코드/results/0605/stage0_1e-05_epoch500/model_2\crop80\std_scaled\M2_std_scaled_weights.pt

CrossAttn — Test Set (Overall):
  AUC: 0.7620  AUPRC: 0.2578  Brier: 0.2704  Acc: 0.7860  F1: 0.3951

CrossAttn — Test Set (By Sex):
  [M] n=82  AUC: 0.6957  AUPRC: 0.3145  Brier: 0.3019  Acc: 0.6829  F1: 0.4348
              precision    recall  f1-score   support

      Normal       0.94      0.67      0.78        69
  Sarcopenia       0.30      0.77      0.43        13

    accuracy                           0.68        82
   macro avg       0.62      0.72      0.61        82
weighted avg       0.84      0.68      0.72        82

  [F] n=147  AUC: 0.7814  AUPRC: 0.2010  Brier: 0.2528  Acc: 0.8435  F1: 0.3429
              precision    recall  f1-score   support

      Normal       0.96      0.87      0.91       136
  Sarcopenia       0.25      0.55      0.34        11

    accuracy                           0.84       147
   macro avg       0.60      0.71      0.63       147
weighted avg       0.91      0.84      0.87       147


───────────────────────────────────────────────────────
Test Set — Bootstrap CI
───────────────────────────────────────────────────────

  Bootstrap 95% CI — CrossAttn  (n_boot=2000)
  Metric         Estimate   95% CI Lower   95% CI Upper
  ----------------------------------------------------
  AUC-ROC          0.7620         0.6667         0.8452
  AUPRC            0.2578         0.1503         0.4150
  Brier            0.2704         0.2453         0.2936
  Accuracy         0.7860         0.7336         0.8384
  F1               0.3951         0.2571         0.5209
  [M2/std_scaled] Saving figures ...

Saved (model 2 (std_scaled)):
  연구코드/results/0605/stage0_1e-05_epoch500/model_2\crop80\std_scaled/data_distribution.png
  연구코드/results/0605/stage0_1e-05_epoch500/model_2\crop80\std_scaled/cv_roc_curves.png
  연구코드/results/0605/stage0_1e-05_epoch500/model_2\crop80\std_scaled/cv_metric_distribution.png
  연구코드/results/0605/stage0_1e-05_epoch500/model_2\crop80\std_scaled/training_curves.png
  연구코드/results/0605/stage0_1e-05_epoch500/model_2\crop80\std_scaled/test_roc_curves.png
  연구코드/results/0605/stage0_1e-05_epoch500/model_2\crop80\std_scaled/test_roc_by_sex.png
  연구코드/results/0605/stage0_1e-05_epoch500/model_2\crop80\std_scaled/confusion_matrices.png
  연구코드/results/0605/stage0_1e-05_epoch500/model_2\crop80\std_scaled/calibration.png
  연구코드/results/0605/stage0_1e-05_epoch500/model_2\crop80\std_scaled/results.md
  [M2/std_scaled] Plotting attention maps ...
  연구코드/results/0605/stage0_1e-05_epoch500/model_2\crop80\std_scaled/attention_map_c2a.png
  연구코드/results/0605/stage0_1e-05_epoch500/model_2\crop80\std_scaled/attention_heatmap_c2a.png
  연구코드/results/0605/stage0_1e-05_epoch500/model_2\crop80\std_scaled/attention_map_a2c.png
  연구코드/results/0605/stage0_1e-05_epoch500/model_2\crop80\std_scaled/attention_heatmap_a2c.png
  [M2/std_scaled] Plotting Grad-CAM ...
  연구코드/results/0605/stage0_1e-05_epoch500/model_2\crop80\std_scaled/cam_aec_mean.png
  연구코드/results/0605/stage0_1e-05_epoch500/model_2\crop80\std_scaled/cam_aec_lines.png
  연구코드/results/0605/stage0_1e-05_epoch500/model_2\crop80\std_scaled/cam_aec_heatmap.png
  [M2/std_scaled] Done.

############################################################
  [M2 norm]  (scale_clinic=True, scale_aec=none)
############################################################
  [M2/norm] Cross-validating CrossAttn ...
=======================================================
5-Fold CV  [CrossAttn | scale_clin=True, scale_aec=none]
=======================================================

── Fold 1/5 ──────────────────────────────
  CA   — AUC: 0.8334  AUPRC: 0.3949  Brier: 0.2711  Acc: 0.7978  F1: 0.4638  (best ep=225, thresh=0.650)

── Fold 2/5 ──────────────────────────────
  CA   — AUC: 0.8495  AUPRC: 0.5155  Brier: 0.2230  Acc: 0.7705  F1: 0.4474  (best ep=412, thresh=0.569)

── Fold 3/5 ──────────────────────────────
  CA   — AUC: 0.7587  AUPRC: 0.2464  Brier: 0.2743  Acc: 0.7432  F1: 0.3562  (best ep=272, thresh=0.669)

── Fold 4/5 ──────────────────────────────
  CA   — AUC: 0.7519  AUPRC: 0.3145  Brier: 0.2422  Acc: 0.7432  F1: 0.3733  (best ep=469, thresh=0.584)

── Fold 5/5 ──────────────────────────────
  CA   — AUC: 0.8289  AUPRC: 0.4157  Brier: 0.2460  Acc: 0.8187  F1: 0.4923  (best ep=223, thresh=0.655)

===========================================================================
CrossAttn  —  5-Fold CV Summary
===========================================================================
  Fold      AUC-ROC      AUPRC      Brier   Accuracy         F1
  ----------------------------------------------------------
  1          0.8334     0.3949     0.2711     0.7978     0.4638
  2          0.8495     0.5155     0.2230     0.7705     0.4474
  3          0.7587     0.2464     0.2743     0.7432     0.3562
  4          0.7519     0.3145     0.2422     0.7432     0.3733
  5          0.8289     0.4157     0.2460     0.8187     0.4923
  ──────────────────────────────────────────────────────────
  Mean       0.8045     0.3774     0.2513     0.7747     0.4266
  ±Std       0.0408     0.0916     0.0192     0.0299     0.0528
  [M2/norm] Evaluating on test set (med_epoch=272, thresh=0.650) ...

=======================================================
CrossAttn Test Evaluation  (scale_clin=True, scale_aec=none, threshold=0.650)
=======================================================
CrossAttn — training final model for 272 epochs on full CV set …
  [CrossAttn] Model weights saved → 연구코드/results/0605/stage0_1e-05_epoch500/model_2\crop80\norm\M2_norm_weights.pt

CrossAttn — Test Set (Overall):
  AUC: 0.8189  AUPRC: 0.3443  Brier: 0.2576  Acc: 0.7424  F1: 0.3656

CrossAttn — Test Set (By Sex):
  [M] n=82  AUC: 0.7358  AUPRC: 0.3451  Brier: 0.3164  Acc: 0.6341  F1: 0.4231
              precision    recall  f1-score   support

      Normal       0.95      0.59      0.73        69
  Sarcopenia       0.28      0.85      0.42        13

    accuracy                           0.63        82
   macro avg       0.62      0.72      0.58        82
weighted avg       0.85      0.63      0.68        82

  [F] n=147  AUC: 0.8503  AUPRC: 0.3540  Brier: 0.2248  Acc: 0.8027  F1: 0.2927
              precision    recall  f1-score   support

      Normal       0.96      0.82      0.89       136
  Sarcopenia       0.20      0.55      0.29        11

    accuracy                           0.80       147
   macro avg       0.58      0.68      0.59       147
weighted avg       0.90      0.80      0.84       147


───────────────────────────────────────────────────────
Test Set — Bootstrap CI
───────────────────────────────────────────────────────

  Bootstrap 95% CI — CrossAttn  (n_boot=2000)
  Metric         Estimate   95% CI Lower   95% CI Upper
  ----------------------------------------------------
  AUC-ROC          0.8189         0.7461         0.8833
  AUPRC            0.3443         0.2004         0.5213
  Brier            0.2576         0.2317         0.2819
  Accuracy         0.7424         0.6856         0.7991
  F1               0.3656         0.2391         0.4860
  [M2/norm] Saving figures ...

Saved (model 2 (norm)):
  연구코드/results/0605/stage0_1e-05_epoch500/model_2\crop80\norm/data_distribution.png
  연구코드/results/0605/stage0_1e-05_epoch500/model_2\crop80\norm/cv_roc_curves.png
  연구코드/results/0605/stage0_1e-05_epoch500/model_2\crop80\norm/cv_metric_distribution.png
  연구코드/results/0605/stage0_1e-05_epoch500/model_2\crop80\norm/training_curves.png
  연구코드/results/0605/stage0_1e-05_epoch500/model_2\crop80\norm/test_roc_curves.png
  연구코드/results/0605/stage0_1e-05_epoch500/model_2\crop80\norm/test_roc_by_sex.png
  연구코드/results/0605/stage0_1e-05_epoch500/model_2\crop80\norm/confusion_matrices.png
  연구코드/results/0605/stage0_1e-05_epoch500/model_2\crop80\norm/calibration.png
  연구코드/results/0605/stage0_1e-05_epoch500/model_2\crop80\norm/results.md
  [M2/norm] Plotting attention maps ...
  연구코드/results/0605/stage0_1e-05_epoch500/model_2\crop80\norm/attention_map_c2a.png
  연구코드/results/0605/stage0_1e-05_epoch500/model_2\crop80\norm/attention_heatmap_c2a.png
  연구코드/results/0605/stage0_1e-05_epoch500/model_2\crop80\norm/attention_map_a2c.png
  연구코드/results/0605/stage0_1e-05_epoch500/model_2\crop80\norm/attention_heatmap_a2c.png
  [M2/norm] Plotting Grad-CAM ...
  연구코드/results/0605/stage0_1e-05_epoch500/model_2\crop80\norm/cam_aec_mean.png
  연구코드/results/0605/stage0_1e-05_epoch500/model_2\crop80\norm/cam_aec_lines.png
  연구코드/results/0605/stage0_1e-05_epoch500/model_2\crop80\norm/cam_aec_heatmap.png
  [M2/norm] Done.

############################################################
  [M2 global_zscore]  (scale_clinic=True, scale_aec=global)
############################################################
  [M2/global_zscore] Cross-validating CrossAttn ...
=======================================================
5-Fold CV  [CrossAttn | scale_clin=True, scale_aec=global]
=======================================================

── Fold 1/5 ──────────────────────────────
  CA   — AUC: 0.8178  AUPRC: 0.3747  Brier: 0.2620  Acc: 0.6776  F1: 0.3789  (best ep=382, thresh=0.604)

── Fold 2/5 ──────────────────────────────
  CA   — AUC: 0.7882  AUPRC: 0.3512  Brier: 0.2684  Acc: 0.7049  F1: 0.3721  (best ep=452, thresh=0.606)

── Fold 3/5 ──────────────────────────────
  CA   — AUC: 0.7789  AUPRC: 0.3362  Brier: 0.2736  Acc: 0.6776  F1: 0.3656  (best ep=352, thresh=0.583)

── Fold 4/5 ──────────────────────────────
  CA   — AUC: 0.7795  AUPRC: 0.2841  Brier: 0.2419  Acc: 0.6940  F1: 0.3636  (best ep=435, thresh=0.535)

── Fold 5/5 ──────────────────────────────
  CA   — AUC: 0.7995  AUPRC: 0.4099  Brier: 0.2486  Acc: 0.7692  F1: 0.4000  (best ep=452, thresh=0.624)

===========================================================================
CrossAttn  —  5-Fold CV Summary
===========================================================================
  Fold      AUC-ROC      AUPRC      Brier   Accuracy         F1
  ----------------------------------------------------------
  1          0.8178     0.3747     0.2620     0.6776     0.3789
  2          0.7882     0.3512     0.2684     0.7049     0.3721
  3          0.7789     0.3362     0.2736     0.6776     0.3656
  4          0.7795     0.2841     0.2419     0.6940     0.3636
  5          0.7995     0.4099     0.2486     0.7692     0.4000
  ──────────────────────────────────────────────────────────
  Mean       0.7928     0.3512     0.2589     0.7047     0.3761
  ±Std       0.0146     0.0418     0.0119     0.0339     0.0131
  [M2/global_zscore] Evaluating on test set (med_epoch=435, thresh=0.604) ...

=======================================================
CrossAttn Test Evaluation  (scale_clin=True, scale_aec=global, threshold=0.604)
=======================================================
CrossAttn — training final model for 435 epochs on full CV set …
  [CrossAttn] Model weights saved → 연구코드/results/0605/stage0_1e-05_epoch500/model_2\crop80\global_zscore\M2_global_zscore_weights.pt

CrossAttn — Test Set (Overall):
  AUC: 0.8024  AUPRC: 0.2779  Brier: 0.2649  Acc: 0.7205  F1: 0.3846

CrossAttn — Test Set (By Sex):
  [M] n=82  AUC: 0.7302  AUPRC: 0.3024  Brier: 0.2811  Acc: 0.6707  F1: 0.4255
              precision    recall  f1-score   support

      Normal       0.94      0.65      0.77        69
  Sarcopenia       0.29      0.77      0.43        13

    accuracy                           0.67        82
   macro avg       0.62      0.71      0.60        82
weighted avg       0.84      0.67      0.71        82

  [F] n=147  AUC: 0.8563  AUPRC: 0.3510  Brier: 0.2558  Acc: 0.7483  F1: 0.3509
              precision    recall  f1-score   support

      Normal       0.99      0.74      0.84       136
  Sarcopenia       0.22      0.91      0.35        11

    accuracy                           0.75       147
   macro avg       0.60      0.82      0.60       147
weighted avg       0.93      0.75      0.81       147


───────────────────────────────────────────────────────
Test Set — Bootstrap CI
───────────────────────────────────────────────────────

  Bootstrap 95% CI — CrossAttn  (n_boot=2000)
  Metric         Estimate   95% CI Lower   95% CI Upper
  ----------------------------------------------------
  AUC-ROC          0.8024         0.7156         0.8800
  AUPRC            0.2779         0.1791         0.4562
  Brier            0.2649         0.2390         0.2886
  Accuracy         0.7205         0.6638         0.7773
  F1               0.3846         0.2529         0.5047
  [M2/global_zscore] Saving figures ...

Saved (model 2 (global_zscore)):
  연구코드/results/0605/stage0_1e-05_epoch500/model_2\crop80\global_zscore/data_distribution.png
  연구코드/results/0605/stage0_1e-05_epoch500/model_2\crop80\global_zscore/cv_roc_curves.png
  연구코드/results/0605/stage0_1e-05_epoch500/model_2\crop80\global_zscore/cv_metric_distribution.png
  연구코드/results/0605/stage0_1e-05_epoch500/model_2\crop80\global_zscore/training_curves.png
  연구코드/results/0605/stage0_1e-05_epoch500/model_2\crop80\global_zscore/test_roc_curves.png
  연구코드/results/0605/stage0_1e-05_epoch500/model_2\crop80\global_zscore/test_roc_by_sex.png
  연구코드/results/0605/stage0_1e-05_epoch500/model_2\crop80\global_zscore/confusion_matrices.png
  연구코드/results/0605/stage0_1e-05_epoch500/model_2\crop80\global_zscore/calibration.png
  연구코드/results/0605/stage0_1e-05_epoch500/model_2\crop80\global_zscore/results.md
  [M2/global_zscore] Plotting attention maps ...
  연구코드/results/0605/stage0_1e-05_epoch500/model_2\crop80\global_zscore/attention_map_c2a.png
  연구코드/results/0605/stage0_1e-05_epoch500/model_2\crop80\global_zscore/attention_heatmap_c2a.png
  연구코드/results/0605/stage0_1e-05_epoch500/model_2\crop80\global_zscore/attention_map_a2c.png
  연구코드/results/0605/stage0_1e-05_epoch500/model_2\crop80\global_zscore/attention_heatmap_a2c.png
  [M2/global_zscore] Plotting Grad-CAM ...
  연구코드/results/0605/stage0_1e-05_epoch500/model_2\crop80\global_zscore/cam_aec_mean.png
  연구코드/results/0605/stage0_1e-05_epoch500/model_2\crop80\global_zscore/cam_aec_lines.png
  연구코드/results/0605/stage0_1e-05_epoch500/model_2\crop80\global_zscore/cam_aec_heatmap.png
  [M2/global_zscore] Done.
