============================================================
  MODEL 2_2 — Clinic + AEC Unmatched (aec128)  (3 AEC variants)
============================================================

############################################################
  [M2_2 raw]  (scale_clinic=True, scale_aec=none)
############################################################
  [M2_2/raw] Cross-validating CrossAttn ...
=======================================================
5-Fold CV  [CrossAttn | scale_clin=True, scale_aec=none]
=======================================================

── Fold 1/5 ──────────────────────────────
  CA   — AUC: 0.7828  AUPRC: 0.2901  Brier: 0.2772  Acc: 0.5410  F1: 0.3115  (best ep=200, thresh=0.512)

── Fold 2/5 ──────────────────────────────
  CA   — AUC: 0.7596  AUPRC: 0.3093  Brier: 0.2420  Acc: 0.7705  F1: 0.3636  (best ep=358, thresh=0.612)

── Fold 3/5 ──────────────────────────────
  CA   — AUC: 0.7484  AUPRC: 0.2316  Brier: 0.2750  Acc: 0.6557  F1: 0.3368  (best ep=487, thresh=0.549)

── Fold 4/5 ──────────────────────────────
  CA   — AUC: 0.6797  AUPRC: 0.2080  Brier: 0.2457  Acc: 0.5410  F1: 0.2759  (best ep=387, thresh=0.455)

── Fold 5/5 ──────────────────────────────
  CA   — AUC: 0.7914  AUPRC: 0.3360  Brier: 0.2566  Acc: 0.6978  F1: 0.3820  (best ep=495, thresh=0.584)

===========================================================================
CrossAttn  —  5-Fold CV Summary
===========================================================================
  Fold      AUC-ROC      AUPRC      Brier   Accuracy         F1
  ----------------------------------------------------------
  1          0.7828     0.2901     0.2772     0.5410     0.3115
  2          0.7596     0.3093     0.2420     0.7705     0.3636
  3          0.7484     0.2316     0.2750     0.6557     0.3368
  4          0.6797     0.2080     0.2457     0.5410     0.2759
  5          0.7914     0.3360     0.2566     0.6978     0.3820
  ──────────────────────────────────────────────────────────
  Mean       0.7524     0.2750     0.2593     0.6412     0.3340
  ±Std       0.0395     0.0480     0.0146     0.0897     0.0376
  [M2_2/raw] Evaluating on test set (med_epoch=387, thresh=0.549) ...

=======================================================
CrossAttn Test Evaluation  (scale_clin=True, scale_aec=none, threshold=0.549)
=======================================================
CrossAttn — training final model for 387 epochs on full CV set …
  [CrossAttn] Model weights saved → 연구코드/results/0612/model_2_2\raw\M2_2_raw_weights.pt

CrossAttn — Test Set (Overall):
  AUC: 0.7925  AUPRC: 0.2738  Brier: 0.2653  Acc: 0.6463  F1: 0.3520

CrossAttn — Test Set (By Sex):
  [M] n=82  AUC: 0.7414  AUPRC: 0.3111  Brier: 0.2999  Acc: 0.5976  F1: 0.4000
              precision    recall  f1-score   support

      Normal       0.95      0.55      0.70        69
  Sarcopenia       0.26      0.85      0.40        13

    accuracy                           0.60        82
   macro avg       0.61      0.70      0.55        82
weighted avg       0.84      0.60      0.65        82

  [F] n=147  AUC: 0.8122  AUPRC: 0.3002  Brier: 0.2459  Acc: 0.6735  F1: 0.3143
              precision    recall  f1-score   support

      Normal       1.00      0.65      0.79       136
  Sarcopenia       0.19      1.00      0.31        11

    accuracy                           0.67       147
   macro avg       0.59      0.82      0.55       147
weighted avg       0.94      0.67      0.75       147


───────────────────────────────────────────────────────
Test Set — Bootstrap CI
───────────────────────────────────────────────────────

  Bootstrap 95% CI — CrossAttn  (n_boot=2000)
  Metric         Estimate   95% CI Lower   95% CI Upper
  ----------------------------------------------------
  AUC-ROC          0.7925         0.7164         0.8610
  AUPRC            0.2738         0.1683         0.4600
  Brier            0.2653         0.2388         0.2917
  Accuracy         0.6463         0.5852         0.7118
  F1               0.3520         0.2364         0.4638
  [M2_2/raw] Saving figures ...

Saved (model 2_2 (raw, unmatched)):
  연구코드/results/0612/model_2_2\raw/data_distribution.png
  연구코드/results/0612/model_2_2\raw/cv_roc_curves.png
  연구코드/results/0612/model_2_2\raw/cv_metric_distribution.png
  연구코드/results/0612/model_2_2\raw/training_curves.png
  연구코드/results/0612/model_2_2\raw/test_roc_curves.png
  연구코드/results/0612/model_2_2\raw/test_roc_by_sex.png
  연구코드/results/0612/model_2_2\raw/confusion_matrices.png
  연구코드/results/0612/model_2_2\raw/calibration.png
  연구코드/results/0612/model_2_2\raw/results.md
  [M2_2/raw] Plotting attention maps ...
  연구코드/results/0612/model_2_2\raw/attention_map_c2a.png
  연구코드/results/0612/model_2_2\raw/attention_heatmap_c2a.png
  연구코드/results/0612/model_2_2\raw/attention_map_a2c.png
  연구코드/results/0612/model_2_2\raw/attention_heatmap_a2c.png
  [M2_2/raw] Plotting Grad-CAM ...
  연구코드/results/0612/model_2_2\raw/cam_aec_mean.png
  연구코드/results/0612/model_2_2\raw/cam_aec_lines.png
  연구코드/results/0612/model_2_2\raw/cam_aec_heatmap.png
  [M2_2/raw] Done.

############################################################
  [M2_2 norm]  (scale_clinic=True, scale_aec=none)
############################################################
  [M2_2/norm] Cross-validating CrossAttn ...
=======================================================
5-Fold CV  [CrossAttn | scale_clin=True, scale_aec=none]
=======================================================

── Fold 1/5 ──────────────────────────────
  CA   — AUC: 0.7975  AUPRC: 0.3159  Brier: 0.2864  Acc: 0.6885  F1: 0.3736  (best ep=92, thresh=0.589)

── Fold 2/5 ──────────────────────────────
  CA   — AUC: 0.8582  AUPRC: 0.5644  Brier: 0.2283  Acc: 0.8361  F1: 0.5161  (best ep=190, thresh=0.614)

── Fold 3/5 ──────────────────────────────
  CA   — AUC: 0.7555  AUPRC: 0.2630  Brier: 0.2661  Acc: 0.6885  F1: 0.3448  (best ep=131, thresh=0.597)

── Fold 4/5 ──────────────────────────────
  CA   — AUC: 0.7879  AUPRC: 0.3619  Brier: 0.2404  Acc: 0.7923  F1: 0.4412  (best ep=200, thresh=0.613)

── Fold 5/5 ──────────────────────────────
  CA   — AUC: 0.8085  AUPRC: 0.3889  Brier: 0.2448  Acc: 0.8187  F1: 0.4762  (best ep=275, thresh=0.664)

===========================================================================
CrossAttn  —  5-Fold CV Summary
===========================================================================
  Fold      AUC-ROC      AUPRC      Brier   Accuracy         F1
  ----------------------------------------------------------
  1          0.7975     0.3159     0.2864     0.6885     0.3736
  2          0.8582     0.5644     0.2283     0.8361     0.5161
  3          0.7555     0.2630     0.2661     0.6885     0.3448
  4          0.7879     0.3619     0.2404     0.7923     0.4412
  5          0.8085     0.3889     0.2448     0.8187     0.4762
  ──────────────────────────────────────────────────────────
  Mean       0.8015     0.3788     0.2532     0.7648     0.4304
  ±Std       0.0334     0.1022     0.0206     0.0638     0.0634
  [M2_2/norm] Evaluating on test set (med_epoch=190, thresh=0.613) ...

=======================================================
CrossAttn Test Evaluation  (scale_clin=True, scale_aec=none, threshold=0.613)
=======================================================
CrossAttn — training final model for 190 epochs on full CV set …
  [CrossAttn] Model weights saved → 연구코드/results/0612/model_2_2\norm\M2_2_norm_weights.pt

CrossAttn — Test Set (Overall):
  AUC: 0.8398  AUPRC: 0.3816  Brier: 0.2614  Acc: 0.7074  F1: 0.3738

CrossAttn — Test Set (By Sex):
  [M] n=82  AUC: 0.7703  AUPRC: 0.3979  Brier: 0.2946  Acc: 0.6220  F1: 0.4151
              precision    recall  f1-score   support

      Normal       0.95      0.58      0.72        69
  Sarcopenia       0.28      0.85      0.42        13

    accuracy                           0.62        82
   macro avg       0.61      0.71      0.57        82
weighted avg       0.84      0.62      0.67        82

  [F] n=147  AUC: 0.8770  AUPRC: 0.4499  Brier: 0.2429  Acc: 0.7551  F1: 0.3333
              precision    recall  f1-score   support

      Normal       0.98      0.75      0.85       136
  Sarcopenia       0.21      0.82      0.33        11

    accuracy                           0.76       147
   macro avg       0.60      0.78      0.59       147
weighted avg       0.92      0.76      0.81       147


───────────────────────────────────────────────────────
Test Set — Bootstrap CI
───────────────────────────────────────────────────────

  Bootstrap 95% CI — CrossAttn  (n_boot=2000)
  Metric         Estimate   95% CI Lower   95% CI Upper
  ----------------------------------------------------
  AUC-ROC          0.8398         0.7633         0.9023
  AUPRC            0.3816         0.2286         0.5688
  Brier            0.2614         0.2369         0.2850
  Accuracy         0.7074         0.6507         0.7642
  F1               0.3738         0.2523         0.4874
  [M2_2/norm] Saving figures ...

Saved (model 2_2 (norm, unmatched)):
  연구코드/results/0612/model_2_2\norm/data_distribution.png
  연구코드/results/0612/model_2_2\norm/cv_roc_curves.png
  연구코드/results/0612/model_2_2\norm/cv_metric_distribution.png
  연구코드/results/0612/model_2_2\norm/training_curves.png
  연구코드/results/0612/model_2_2\norm/test_roc_curves.png
  연구코드/results/0612/model_2_2\norm/test_roc_by_sex.png
  연구코드/results/0612/model_2_2\norm/confusion_matrices.png
  연구코드/results/0612/model_2_2\norm/calibration.png
  연구코드/results/0612/model_2_2\norm/results.md
  [M2_2/norm] Plotting attention maps ...
  연구코드/results/0612/model_2_2\norm/attention_map_c2a.png
  연구코드/results/0612/model_2_2\norm/attention_heatmap_c2a.png
  연구코드/results/0612/model_2_2\norm/attention_map_a2c.png
  연구코드/results/0612/model_2_2\norm/attention_heatmap_a2c.png
  [M2_2/norm] Plotting Grad-CAM ...
  연구코드/results/0612/model_2_2\norm/cam_aec_mean.png
  연구코드/results/0612/model_2_2\norm/cam_aec_lines.png
  연구코드/results/0612/model_2_2\norm/cam_aec_heatmap.png
  [M2_2/norm] Done.

############################################################
  [M2_2 global_zscore]  (scale_clinic=True, scale_aec=global)
############################################################
  [M2_2/global_zscore] Cross-validating CrossAttn ...
=======================================================
5-Fold CV  [CrossAttn | scale_clin=True, scale_aec=global]
=======================================================

── Fold 1/5 ──────────────────────────────
  CA   — AUC: 0.7690  AUPRC: 0.2661  Brier: 0.2671  Acc: 0.6885  F1: 0.3596  (best ep=216, thresh=0.583)

── Fold 2/5 ──────────────────────────────
  CA   — AUC: 0.7824  AUPRC: 0.3677  Brier: 0.2534  Acc: 0.7104  F1: 0.3765  (best ep=123, thresh=0.569)

── Fold 3/5 ──────────────────────────────
  CA   — AUC: 0.7612  AUPRC: 0.2829  Brier: 0.2670  Acc: 0.6612  F1: 0.3261  (best ep=497, thresh=0.574)

── Fold 4/5 ──────────────────────────────
  CA   — AUC: 0.7234  AUPRC: 0.2721  Brier: 0.2497  Acc: 0.7650  F1: 0.3582  (best ep=292, thresh=0.615)

── Fold 5/5 ──────────────────────────────
  CA   — AUC: 0.8050  AUPRC: 0.3715  Brier: 0.2394  Acc: 0.7857  F1: 0.4348  (best ep=363, thresh=0.625)

===========================================================================
CrossAttn  —  5-Fold CV Summary
===========================================================================
  Fold      AUC-ROC      AUPRC      Brier   Accuracy         F1
  ----------------------------------------------------------
  1          0.7690     0.2661     0.2671     0.6885     0.3596
  2          0.7824     0.3677     0.2534     0.7104     0.3765
  3          0.7612     0.2829     0.2670     0.6612     0.3261
  4          0.7234     0.2721     0.2497     0.7650     0.3582
  5          0.8050     0.3715     0.2394     0.7857     0.4348
  ──────────────────────────────────────────────────────────
  Mean       0.7682     0.3121     0.2553     0.7222     0.3710
  ±Std       0.0269     0.0473     0.0106     0.0466     0.0358
  [M2_2/global_zscore] Evaluating on test set (med_epoch=292, thresh=0.583) ...

=======================================================
CrossAttn Test Evaluation  (scale_clin=True, scale_aec=global, threshold=0.583)
=======================================================
CrossAttn — training final model for 292 epochs on full CV set …
  [CrossAttn] Model weights saved → 연구코드/results/0612/model_2_2\global_zscore\M2_2_global_zscore_weights.pt

CrossAttn — Test Set (Overall):
  AUC: 0.7986  AUPRC: 0.3084  Brier: 0.2645  Acc: 0.6769  F1: 0.3729

CrossAttn — Test Set (By Sex):
  [M] n=82  AUC: 0.7347  AUPRC: 0.3534  Brier: 0.2848  Acc: 0.6341  F1: 0.4231
              precision    recall  f1-score   support

      Normal       0.95      0.59      0.73        69
  Sarcopenia       0.28      0.85      0.42        13

    accuracy                           0.63        82
   macro avg       0.62      0.72      0.58        82
weighted avg       0.85      0.63      0.68        82

  [F] n=147  AUC: 0.8422  AUPRC: 0.3506  Brier: 0.2532  Acc: 0.7007  F1: 0.3333
              precision    recall  f1-score   support

      Normal       1.00      0.68      0.81       136
  Sarcopenia       0.20      1.00      0.33        11

    accuracy                           0.70       147
   macro avg       0.60      0.84      0.57       147
weighted avg       0.94      0.70      0.77       147


───────────────────────────────────────────────────────
Test Set — Bootstrap CI
───────────────────────────────────────────────────────

  Bootstrap 95% CI — CrossAttn  (n_boot=2000)
  Metric         Estimate   95% CI Lower   95% CI Upper
  ----------------------------------------------------
  AUC-ROC          0.7986         0.7120         0.8716
  AUPRC            0.3084         0.1778         0.4893
  Brier            0.2645         0.2394         0.2884
  Accuracy         0.6769         0.6201         0.7380
  F1               0.3729         0.2521         0.4892
  [M2_2/global_zscore] Saving figures ...

Saved (model 2_2 (global_zscore, unmatched)):
  연구코드/results/0612/model_2_2\global_zscore/data_distribution.png
  연구코드/results/0612/model_2_2\global_zscore/cv_roc_curves.png
  연구코드/results/0612/model_2_2\global_zscore/cv_metric_distribution.png
  연구코드/results/0612/model_2_2\global_zscore/training_curves.png
  연구코드/results/0612/model_2_2\global_zscore/test_roc_curves.png
  연구코드/results/0612/model_2_2\global_zscore/test_roc_by_sex.png
  연구코드/results/0612/model_2_2\global_zscore/confusion_matrices.png
  연구코드/results/0612/model_2_2\global_zscore/calibration.png
  연구코드/results/0612/model_2_2\global_zscore/results.md
  [M2_2/global_zscore] Plotting attention maps ...
  연구코드/results/0612/model_2_2\global_zscore/attention_map_c2a.png
  연구코드/results/0612/model_2_2\global_zscore/attention_heatmap_c2a.png
  연구코드/results/0612/model_2_2\global_zscore/attention_map_a2c.png
  연구코드/results/0612/model_2_2\global_zscore/attention_heatmap_a2c.png
  [M2_2/global_zscore] Plotting Grad-CAM ...
  연구코드/results/0612/model_2_2\global_zscore/cam_aec_mean.png
  연구코드/results/0612/model_2_2\global_zscore/cam_aec_lines.png
  연구코드/results/0612/model_2_2\global_zscore/cam_aec_heatmap.png
  [M2_2/global_zscore] Done.
