============================================================
  MODEL 2 — Clinic + AEC (aec128)  (4 AEC variants)
============================================================

############################################################
  [M2 raw]  (scale_clinic=True, scale_aec=none)
############################################################
  [M2/raw] Cross-validating CrossAttn ...
=======================================================
5-Fold CV  [CrossAttn | scale_clin=True, scale_aec=none]
=======================================================

── Fold 1/5 ──────────────────────────────
  CA   — AUC: 0.8018  AUPRC: 0.3466  Brier: 0.2669  Acc: 0.7049  F1: 0.3864  (best ep=435, thresh=0.599)

── Fold 2/5 ──────────────────────────────
  CA   — AUC: 0.8225  AUPRC: 0.4689  Brier: 0.2488  Acc: 0.7596  F1: 0.4211  (best ep=446, thresh=0.597)

── Fold 3/5 ──────────────────────────────
  CA   — AUC: 0.7766  AUPRC: 0.3699  Brier: 0.2795  Acc: 0.5519  F1: 0.3051  (best ep=362, thresh=0.516)

── Fold 4/5 ──────────────────────────────
  CA   — AUC: 0.8062  AUPRC: 0.3392  Brier: 0.2330  Acc: 0.6339  F1: 0.3495  (best ep=436, thresh=0.493)

── Fold 5/5 ──────────────────────────────
  CA   — AUC: 0.7853  AUPRC: 0.3357  Brier: 0.2617  Acc: 0.7363  F1: 0.3684  (best ep=439, thresh=0.606)

===========================================================================
CrossAttn  —  5-Fold CV Summary
===========================================================================
  Fold      AUC-ROC      AUPRC      Brier   Accuracy         F1
  ----------------------------------------------------------
  1          0.8018     0.3466     0.2669     0.7049     0.3864
  2          0.8225     0.4689     0.2488     0.7596     0.4211
  3          0.7766     0.3699     0.2795     0.5519     0.3051
  4          0.8062     0.3392     0.2330     0.6339     0.3495
  5          0.7853     0.3357     0.2617     0.7363     0.3684
  ──────────────────────────────────────────────────────────
  Mean       0.7985     0.3720     0.2580     0.6773     0.3661
  ±Std       0.0161     0.0499     0.0159     0.0756     0.0386
  [M2/raw] Evaluating on test set (med_epoch=436, thresh=0.597) ...

=======================================================
CrossAttn Test Evaluation  (scale_clin=True, scale_aec=none, threshold=0.597)
=======================================================
CrossAttn — training final model for 436 epochs on full CV set …
  [CrossAttn] Model weights saved → 연구코드/results/0605/stage3_1e-05_epoch500/model_2\raw128\raw\M2_raw_weights.pt

CrossAttn — Test Set (Overall):
  AUC: 0.7921  AUPRC: 0.2848  Brier: 0.2625  Acc: 0.6987  F1: 0.3551

CrossAttn — Test Set (By Sex):
  [M] n=82  AUC: 0.7101  AUPRC: 0.3207  Brier: 0.3035  Acc: 0.6220  F1: 0.4151
              precision    recall  f1-score   support

      Normal       0.95      0.58      0.72        69
  Sarcopenia       0.28      0.85      0.42        13

    accuracy                           0.62        82
   macro avg       0.61      0.71      0.57        82
weighted avg       0.84      0.62      0.67        82

  [F] n=147  AUC: 0.8443  AUPRC: 0.3121  Brier: 0.2397  Acc: 0.7415  F1: 0.2963
              precision    recall  f1-score   support

      Normal       0.97      0.74      0.84       136
  Sarcopenia       0.19      0.73      0.30        11

    accuracy                           0.74       147
   macro avg       0.58      0.73      0.57       147
weighted avg       0.91      0.74      0.80       147


───────────────────────────────────────────────────────
Test Set — Bootstrap CI
───────────────────────────────────────────────────────

  Bootstrap 95% CI — CrossAttn  (n_boot=2000)
  Metric         Estimate   95% CI Lower   95% CI Upper
  ----------------------------------------------------
  AUC-ROC          0.7921         0.7068         0.8705
  AUPRC            0.2848         0.1711         0.4469
  Brier            0.2625         0.2354         0.2884
  Accuracy         0.6987         0.6419         0.7598
  F1               0.3551         0.2342         0.4706
  [M2/raw] Saving figures ...

Saved (model 2 (raw)):
  연구코드/results/0605/stage3_1e-05_epoch500/model_2\raw128\raw/data_distribution.png
  연구코드/results/0605/stage3_1e-05_epoch500/model_2\raw128\raw/cv_roc_curves.png
  연구코드/results/0605/stage3_1e-05_epoch500/model_2\raw128\raw/cv_metric_distribution.png
  연구코드/results/0605/stage3_1e-05_epoch500/model_2\raw128\raw/training_curves.png
  연구코드/results/0605/stage3_1e-05_epoch500/model_2\raw128\raw/test_roc_curves.png
  연구코드/results/0605/stage3_1e-05_epoch500/model_2\raw128\raw/test_roc_by_sex.png
  연구코드/results/0605/stage3_1e-05_epoch500/model_2\raw128\raw/confusion_matrices.png
  연구코드/results/0605/stage3_1e-05_epoch500/model_2\raw128\raw/calibration.png
  연구코드/results/0605/stage3_1e-05_epoch500/model_2\raw128\raw/results.md
  [M2/raw] Plotting attention maps ...
  연구코드/results/0605/stage3_1e-05_epoch500/model_2\raw128\raw/attention_map_c2a.png
  연구코드/results/0605/stage3_1e-05_epoch500/model_2\raw128\raw/attention_heatmap_c2a.png
  연구코드/results/0605/stage3_1e-05_epoch500/model_2\raw128\raw/attention_map_a2c.png
  연구코드/results/0605/stage3_1e-05_epoch500/model_2\raw128\raw/attention_heatmap_a2c.png
  [M2/raw] Plotting Grad-CAM ...
  연구코드/results/0605/stage3_1e-05_epoch500/model_2\raw128\raw/cam_aec_mean.png
  연구코드/results/0605/stage3_1e-05_epoch500/model_2\raw128\raw/cam_aec_lines.png
  연구코드/results/0605/stage3_1e-05_epoch500/model_2\raw128\raw/cam_aec_heatmap.png
  [M2/raw] Done.

############################################################
  [M2 std_scaled]  (scale_clinic=True, scale_aec=column)
############################################################
  [M2/std_scaled] Cross-validating CrossAttn ...
=======================================================
5-Fold CV  [CrossAttn | scale_clin=True, scale_aec=column]
=======================================================

── Fold 1/5 ──────────────────────────────
  CA   — AUC: 0.7856  AUPRC: 0.3356  Brier: 0.2805  Acc: 0.6175  F1: 0.3269  (best ep=435, thresh=0.565)

── Fold 2/5 ──────────────────────────────
  CA   — AUC: 0.8797  AUPRC: 0.5357  Brier: 0.2361  Acc: 0.8689  F1: 0.5714  (best ep=219, thresh=0.643)

── Fold 3/5 ──────────────────────────────
  CA   — AUC: 0.7872  AUPRC: 0.3661  Brier: 0.2772  Acc: 0.6557  F1: 0.3368  (best ep=465, thresh=0.604)

── Fold 4/5 ──────────────────────────────
  CA   — AUC: 0.7840  AUPRC: 0.3480  Brier: 0.2368  Acc: 0.7486  F1: 0.3947  (best ep=281, thresh=0.556)

── Fold 5/5 ──────────────────────────────
  CA   — AUC: 0.8172  AUPRC: 0.3955  Brier: 0.2547  Acc: 0.8626  F1: 0.5098  (best ep=432, thresh=0.678)

===========================================================================
CrossAttn  —  5-Fold CV Summary
===========================================================================
  Fold      AUC-ROC      AUPRC      Brier   Accuracy         F1
  ----------------------------------------------------------
  1          0.7856     0.3356     0.2805     0.6175     0.3269
  2          0.8797     0.5357     0.2361     0.8689     0.5714
  3          0.7872     0.3661     0.2772     0.6557     0.3368
  4          0.7840     0.3480     0.2368     0.7486     0.3947
  5          0.8172     0.3955     0.2547     0.8626     0.5098
  ──────────────────────────────────────────────────────────
  Mean       0.8107     0.3962     0.2570     0.7507     0.4279
  ±Std       0.0366     0.0726     0.0190     0.1032     0.0968
  [M2/std_scaled] Evaluating on test set (med_epoch=432, thresh=0.604) ...

=======================================================
CrossAttn Test Evaluation  (scale_clin=True, scale_aec=column, threshold=0.604)
=======================================================
CrossAttn — training final model for 432 epochs on full CV set …
  [CrossAttn] Model weights saved → 연구코드/results/0605/stage3_1e-05_epoch500/model_2\raw128\std_scaled\M2_std_scaled_weights.pt

CrossAttn — Test Set (Overall):
  AUC: 0.7896  AUPRC: 0.3028  Brier: 0.2580  Acc: 0.7293  F1: 0.3922

CrossAttn — Test Set (By Sex):
  [M] n=82  AUC: 0.7012  AUPRC: 0.3222  Brier: 0.2805  Acc: 0.7073  F1: 0.4545
              precision    recall  f1-score   support

      Normal       0.94      0.70      0.80        69
  Sarcopenia       0.32      0.77      0.45        13

    accuracy                           0.71        82
   macro avg       0.63      0.73      0.63        82
weighted avg       0.84      0.71      0.75        82

  [F] n=147  AUC: 0.8650  AUPRC: 0.4243  Brier: 0.2454  Acc: 0.7415  F1: 0.3448
              precision    recall  f1-score   support

      Normal       0.99      0.73      0.84       136
  Sarcopenia       0.21      0.91      0.34        11

    accuracy                           0.74       147
   macro avg       0.60      0.82      0.59       147
weighted avg       0.93      0.74      0.80       147


───────────────────────────────────────────────────────
Test Set — Bootstrap CI
───────────────────────────────────────────────────────

  Bootstrap 95% CI — CrossAttn  (n_boot=2000)
  Metric         Estimate   95% CI Lower   95% CI Upper
  ----------------------------------------------------
  AUC-ROC          0.7896         0.6921         0.8698
  AUPRC            0.3028         0.1765         0.4862
  Brier            0.2580         0.2313         0.2845
  Accuracy         0.7293         0.6681         0.7860
  F1               0.3922         0.2653         0.5149
  [M2/std_scaled] Saving figures ...

Saved (model 2 (std_scaled)):
  연구코드/results/0605/stage3_1e-05_epoch500/model_2\raw128\std_scaled/data_distribution.png
  연구코드/results/0605/stage3_1e-05_epoch500/model_2\raw128\std_scaled/cv_roc_curves.png
  연구코드/results/0605/stage3_1e-05_epoch500/model_2\raw128\std_scaled/cv_metric_distribution.png
  연구코드/results/0605/stage3_1e-05_epoch500/model_2\raw128\std_scaled/training_curves.png
  연구코드/results/0605/stage3_1e-05_epoch500/model_2\raw128\std_scaled/test_roc_curves.png
  연구코드/results/0605/stage3_1e-05_epoch500/model_2\raw128\std_scaled/test_roc_by_sex.png
  연구코드/results/0605/stage3_1e-05_epoch500/model_2\raw128\std_scaled/confusion_matrices.png
  연구코드/results/0605/stage3_1e-05_epoch500/model_2\raw128\std_scaled/calibration.png
  연구코드/results/0605/stage3_1e-05_epoch500/model_2\raw128\std_scaled/results.md
  [M2/std_scaled] Plotting attention maps ...
  연구코드/results/0605/stage3_1e-05_epoch500/model_2\raw128\std_scaled/attention_map_c2a.png
  연구코드/results/0605/stage3_1e-05_epoch500/model_2\raw128\std_scaled/attention_heatmap_c2a.png
  연구코드/results/0605/stage3_1e-05_epoch500/model_2\raw128\std_scaled/attention_map_a2c.png
  연구코드/results/0605/stage3_1e-05_epoch500/model_2\raw128\std_scaled/attention_heatmap_a2c.png
  [M2/std_scaled] Plotting Grad-CAM ...
  연구코드/results/0605/stage3_1e-05_epoch500/model_2\raw128\std_scaled/cam_aec_mean.png
  연구코드/results/0605/stage3_1e-05_epoch500/model_2\raw128\std_scaled/cam_aec_lines.png
  연구코드/results/0605/stage3_1e-05_epoch500/model_2\raw128\std_scaled/cam_aec_heatmap.png
  [M2/std_scaled] Done.

############################################################
  [M2 norm]  (scale_clinic=True, scale_aec=none)
############################################################
  [M2/norm] Cross-validating CrossAttn ...
=======================================================
5-Fold CV  [CrossAttn | scale_clin=True, scale_aec=none]
=======================================================

── Fold 1/5 ──────────────────────────────
  CA   — AUC: 0.7979  AUPRC: 0.3102  Brier: 0.2544  Acc: 0.6995  F1: 0.3820  (best ep=421, thresh=0.561)

── Fold 2/5 ──────────────────────────────
  CA   — AUC: 0.8456  AUPRC: 0.5138  Brier: 0.2174  Acc: 0.7923  F1: 0.4571  (best ep=308, thresh=0.580)

── Fold 3/5 ──────────────────────────────
  CA   — AUC: 0.7744  AUPRC: 0.2670  Brier: 0.2811  Acc: 0.7158  F1: 0.3500  (best ep=301, thresh=0.622)

── Fold 4/5 ──────────────────────────────
  CA   — AUC: 0.7840  AUPRC: 0.3594  Brier: 0.2520  Acc: 0.7322  F1: 0.3951  (best ep=123, thresh=0.580)

── Fold 5/5 ──────────────────────────────
  CA   — AUC: 0.7946  AUPRC: 0.4442  Brier: 0.2499  Acc: 0.6978  F1: 0.3678  (best ep=210, thresh=0.584)

===========================================================================
CrossAttn  —  5-Fold CV Summary
===========================================================================
  Fold      AUC-ROC      AUPRC      Brier   Accuracy         F1
  ----------------------------------------------------------
  1          0.7979     0.3102     0.2544     0.6995     0.3820
  2          0.8456     0.5138     0.2174     0.7923     0.4571
  3          0.7744     0.2670     0.2811     0.7158     0.3500
  4          0.7840     0.3594     0.2520     0.7322     0.3951
  5          0.7946     0.4442     0.2499     0.6978     0.3678
  ──────────────────────────────────────────────────────────
  Mean       0.7993     0.3789     0.2510     0.7275     0.3904
  ±Std       0.0246     0.0895     0.0202     0.0347     0.0366
  [M2/norm] Evaluating on test set (med_epoch=301, thresh=0.580) ...

=======================================================
CrossAttn Test Evaluation  (scale_clin=True, scale_aec=none, threshold=0.580)
=======================================================
CrossAttn — training final model for 301 epochs on full CV set …
  [CrossAttn] Model weights saved → 연구코드/results/0605/stage3_1e-05_epoch500/model_2\raw128\norm\M2_norm_weights.pt

CrossAttn — Test Set (Overall):
  AUC: 0.8307  AUPRC: 0.3323  Brier: 0.2533  Acc: 0.6812  F1: 0.3652

CrossAttn — Test Set (By Sex):
  [M] n=82  AUC: 0.7514  AUPRC: 0.3337  Brier: 0.3005  Acc: 0.6341  F1: 0.4231
              precision    recall  f1-score   support

      Normal       0.95      0.59      0.73        69
  Sarcopenia       0.28      0.85      0.42        13

    accuracy                           0.63        82
   macro avg       0.62      0.72      0.58        82
weighted avg       0.85      0.63      0.68        82

  [F] n=147  AUC: 0.8730  AUPRC: 0.3651  Brier: 0.2269  Acc: 0.7075  F1: 0.3175
              precision    recall  f1-score   support

      Normal       0.99      0.69      0.81       136
  Sarcopenia       0.19      0.91      0.32        11

    accuracy                           0.71       147
   macro avg       0.59      0.80      0.57       147
weighted avg       0.93      0.71      0.78       147


───────────────────────────────────────────────────────
Test Set — Bootstrap CI
───────────────────────────────────────────────────────

  Bootstrap 95% CI — CrossAttn  (n_boot=2000)
  Metric         Estimate   95% CI Lower   95% CI Upper
  ----------------------------------------------------
  AUC-ROC          0.8307         0.7600         0.8938
  AUPRC            0.3323         0.2096         0.5373
  Brier            0.2533         0.2271         0.2780
  Accuracy         0.6812         0.6243         0.7424
  F1               0.3652         0.2453         0.4762
  [M2/norm] Saving figures ...

Saved (model 2 (norm)):
  연구코드/results/0605/stage3_1e-05_epoch500/model_2\raw128\norm/data_distribution.png
  연구코드/results/0605/stage3_1e-05_epoch500/model_2\raw128\norm/cv_roc_curves.png
  연구코드/results/0605/stage3_1e-05_epoch500/model_2\raw128\norm/cv_metric_distribution.png
  연구코드/results/0605/stage3_1e-05_epoch500/model_2\raw128\norm/training_curves.png
  연구코드/results/0605/stage3_1e-05_epoch500/model_2\raw128\norm/test_roc_curves.png
  연구코드/results/0605/stage3_1e-05_epoch500/model_2\raw128\norm/test_roc_by_sex.png
  연구코드/results/0605/stage3_1e-05_epoch500/model_2\raw128\norm/confusion_matrices.png
  연구코드/results/0605/stage3_1e-05_epoch500/model_2\raw128\norm/calibration.png
  연구코드/results/0605/stage3_1e-05_epoch500/model_2\raw128\norm/results.md
  [M2/norm] Plotting attention maps ...
  연구코드/results/0605/stage3_1e-05_epoch500/model_2\raw128\norm/attention_map_c2a.png
  연구코드/results/0605/stage3_1e-05_epoch500/model_2\raw128\norm/attention_heatmap_c2a.png
  연구코드/results/0605/stage3_1e-05_epoch500/model_2\raw128\norm/attention_map_a2c.png
  연구코드/results/0605/stage3_1e-05_epoch500/model_2\raw128\norm/attention_heatmap_a2c.png
  [M2/norm] Plotting Grad-CAM ...
  연구코드/results/0605/stage3_1e-05_epoch500/model_2\raw128\norm/cam_aec_mean.png
  연구코드/results/0605/stage3_1e-05_epoch500/model_2\raw128\norm/cam_aec_lines.png
  연구코드/results/0605/stage3_1e-05_epoch500/model_2\raw128\norm/cam_aec_heatmap.png
  [M2/norm] Done.

############################################################
  [M2 global_zscore]  (scale_clinic=True, scale_aec=global)
############################################################
  [M2/global_zscore] Cross-validating CrossAttn ...
=======================================================
5-Fold CV  [CrossAttn | scale_clin=True, scale_aec=global]
=======================================================

── Fold 1/5 ──────────────────────────────
  CA   — AUC: 0.8037  AUPRC: 0.3379  Brier: 0.2667  Acc: 0.6120  F1: 0.3486  (best ep=447, thresh=0.530)

── Fold 2/5 ──────────────────────────────
  CA   — AUC: 0.8466  AUPRC: 0.5381  Brier: 0.2235  Acc: 0.8197  F1: 0.4590  (best ep=455, thresh=0.621)

── Fold 3/5 ──────────────────────────────
  CA   — AUC: 0.7776  AUPRC: 0.3308  Brier: 0.2803  Acc: 0.6721  F1: 0.3617  (best ep=435, thresh=0.581)

── Fold 4/5 ──────────────────────────────
  CA   — AUC: 0.7997  AUPRC: 0.3802  Brier: 0.2389  Acc: 0.7486  F1: 0.4103  (best ep=390, thresh=0.586)

── Fold 5/5 ──────────────────────────────
  CA   — AUC: 0.8050  AUPRC: 0.3956  Brier: 0.2575  Acc: 0.6648  F1: 0.3441  (best ep=215, thresh=0.562)

===========================================================================
CrossAttn  —  5-Fold CV Summary
===========================================================================
  Fold      AUC-ROC      AUPRC      Brier   Accuracy         F1
  ----------------------------------------------------------
  1          0.8037     0.3379     0.2667     0.6120     0.3486
  2          0.8466     0.5381     0.2235     0.8197     0.4590
  3          0.7776     0.3308     0.2803     0.6721     0.3617
  4          0.7997     0.3802     0.2389     0.7486     0.4103
  5          0.8050     0.3956     0.2575     0.6648     0.3441
  ──────────────────────────────────────────────────────────
  Mean       0.8065     0.3965     0.2534     0.7035     0.3847
  ±Std       0.0224     0.0749     0.0201     0.0726     0.0439
  [M2/global_zscore] Evaluating on test set (med_epoch=435, thresh=0.581) ...

=======================================================
CrossAttn Test Evaluation  (scale_clin=True, scale_aec=global, threshold=0.581)
=======================================================
CrossAttn — training final model for 435 epochs on full CV set …
  [CrossAttn] Model weights saved → 연구코드/results/0605/stage3_1e-05_epoch500/model_2\raw128\global_zscore\M2_global_zscore_weights.pt

CrossAttn — Test Set (Overall):
  AUC: 0.7831  AUPRC: 0.2817  Brier: 0.2679  Acc: 0.6638  F1: 0.3529

CrossAttn — Test Set (By Sex):
  [M] n=82  AUC: 0.7246  AUPRC: 0.3423  Brier: 0.2750  Acc: 0.6463  F1: 0.4082
              precision    recall  f1-score   support

      Normal       0.93      0.62      0.75        69
  Sarcopenia       0.28      0.77      0.41        13

    accuracy                           0.65        82
   macro avg       0.61      0.70      0.58        82
weighted avg       0.83      0.65      0.69        82

  [F] n=147  AUC: 0.8316  AUPRC: 0.2546  Brier: 0.2639  Acc: 0.6735  F1: 0.3143
              precision    recall  f1-score   support

      Normal       1.00      0.65      0.79       136
  Sarcopenia       0.19      1.00      0.31        11

    accuracy                           0.67       147
   macro avg       0.59      0.82      0.55       147
weighted avg       0.94      0.67      0.75       147


───────────────────────────────────────────────────────
Test Set — Bootstrap CI
───────────────────────────────────────────────────────

  Bootstrap 95% CI — CrossAttn  (n_boot=2000)
  Metric         Estimate   95% CI Lower   95% CI Upper
  ----------------------------------------------------
  AUC-ROC          0.7831         0.6967         0.8629
  AUPRC            0.2817         0.1658         0.4528
  Brier            0.2679         0.2413         0.2923
  Accuracy         0.6638         0.5983         0.7293
  F1               0.3529         0.2376         0.4681
  [M2/global_zscore] Saving figures ...

Saved (model 2 (global_zscore)):
  연구코드/results/0605/stage3_1e-05_epoch500/model_2\raw128\global_zscore/data_distribution.png
  연구코드/results/0605/stage3_1e-05_epoch500/model_2\raw128\global_zscore/cv_roc_curves.png
  연구코드/results/0605/stage3_1e-05_epoch500/model_2\raw128\global_zscore/cv_metric_distribution.png
  연구코드/results/0605/stage3_1e-05_epoch500/model_2\raw128\global_zscore/training_curves.png
  연구코드/results/0605/stage3_1e-05_epoch500/model_2\raw128\global_zscore/test_roc_curves.png
  연구코드/results/0605/stage3_1e-05_epoch500/model_2\raw128\global_zscore/test_roc_by_sex.png
  연구코드/results/0605/stage3_1e-05_epoch500/model_2\raw128\global_zscore/confusion_matrices.png
  연구코드/results/0605/stage3_1e-05_epoch500/model_2\raw128\global_zscore/calibration.png
  연구코드/results/0605/stage3_1e-05_epoch500/model_2\raw128\global_zscore/results.md
  [M2/global_zscore] Plotting attention maps ...
  연구코드/results/0605/stage3_1e-05_epoch500/model_2\raw128\global_zscore/attention_map_c2a.png
  연구코드/results/0605/stage3_1e-05_epoch500/model_2\raw128\global_zscore/attention_heatmap_c2a.png
  연구코드/results/0605/stage3_1e-05_epoch500/model_2\raw128\global_zscore/attention_map_a2c.png
  연구코드/results/0605/stage3_1e-05_epoch500/model_2\raw128\global_zscore/attention_heatmap_a2c.png
  [M2/global_zscore] Plotting Grad-CAM ...
  연구코드/results/0605/stage3_1e-05_epoch500/model_2\raw128\global_zscore/cam_aec_mean.png
  연구코드/results/0605/stage3_1e-05_epoch500/model_2\raw128\global_zscore/cam_aec_lines.png
  연구코드/results/0605/stage3_1e-05_epoch500/model_2\raw128\global_zscore/cam_aec_heatmap.png
  [M2/global_zscore] Done.
