============================================================
  MODEL 2_2 — Clinic + AEC Unmatched (aec128)  (5 AEC variants)
============================================================

############################################################
  [M2_2 norm]  (scale_clinic=True, scale_aec=True)
############################################################
  [M2_2/norm] Cross-validating CrossAttn ...
=======================================================
5-Fold CV  [CrossAttn | scale_clin=True, scale_aec=True]
=======================================================

── Fold 1/5 ──────────────────────────────
  CA   — AUC: 0.8292  AUPRC: 0.3352  Brier: 0.1693  Acc: 0.7849  F1: 0.4595  (best ep=3, thresh=0.522)

── Fold 2/5 ──────────────────────────────
  CA   — AUC: 0.8051  AUPRC: 0.3828  Brier: 0.2005  Acc: 0.5645  F1: 0.3306  (best ep=13, thresh=0.203)

── Fold 3/5 ──────────────────────────────
  CA   — AUC: 0.8259  AUPRC: 0.5205  Brier: 0.1347  Acc: 0.8065  F1: 0.4545  (best ep=154, thresh=0.267)

── Fold 4/5 ──────────────────────────────
  CA   — AUC: 0.8952  AUPRC: 0.5656  Brier: 0.1981  Acc: 0.7688  F1: 0.4416  (best ep=5, thresh=0.621)

── Fold 5/5 ──────────────────────────────
  CA   — AUC: 0.7791  AUPRC: 0.3477  Brier: 0.1833  Acc: 0.7634  F1: 0.4054  (best ep=76, thresh=0.525)

===========================================================================
CrossAttn  —  5-Fold CV Summary
===========================================================================
  Fold      AUC-ROC      AUPRC      Brier   Accuracy         F1
  ----------------------------------------------------------
  1          0.8292     0.3352     0.1693     0.7849     0.4595
  2          0.8051     0.3828     0.2005     0.5645     0.3306
  3          0.8259     0.5205     0.1347     0.8065     0.4545
  4          0.8952     0.5656     0.1981     0.7688     0.4416
  5          0.7791     0.3477     0.1833     0.7634     0.4054
  ──────────────────────────────────────────────────────────
  Mean       0.8269     0.4304     0.1772     0.7376     0.4183
  ±Std       0.0385     0.0944     0.0240     0.0878     0.0478
  [M2_2/norm] Evaluating on test set (med_epoch=13, thresh=0.522) ...

=======================================================
CrossAttn Test Evaluation  (scale_clin=True, scale_aec=True, threshold=0.522)
=======================================================
CrossAttn — training final model for 13 epochs on full CV set …

CrossAttn — Test Set (Overall):
  AUC: 0.8456  AUPRC: 0.4099  Brier: 0.1897  Acc: 0.6738  F1: 0.3559

CrossAttn — Test Set (By Sex):
  [M] n=85  AUC: 0.8229  AUPRC: 0.5229  Brier: 0.2087  Acc: 0.6706  F1: 0.4615
              precision    recall  f1-score   support

      Normal       0.96      0.63      0.76        71
  Sarcopenia       0.32      0.86      0.46        14

    accuracy                           0.67        85
   macro avg       0.64      0.75      0.61        85
weighted avg       0.85      0.67      0.71        85

  [F] n=148  AUC: 0.8427  AUPRC: 0.2701  Brier: 0.1787  Acc: 0.6757  F1: 0.2727
              precision    recall  f1-score   support

      Normal       0.98      0.66      0.79       137
  Sarcopenia       0.16      0.82      0.27        11

    accuracy                           0.68       148
   macro avg       0.57      0.74      0.53       148
weighted avg       0.92      0.68      0.75       148


───────────────────────────────────────────────────────
Test Set — Bootstrap CI
───────────────────────────────────────────────────────

  Bootstrap 95% CI — CrossAttn  (n_boot=2000)
  Metric         Estimate   95% CI Lower   95% CI Upper
  ----------------------------------------------------
  AUC-ROC          0.8456         0.7663         0.9112
  AUPRC            0.4099         0.2510         0.6101
  Brier            0.1897         0.1619         0.2191
  Accuracy         0.6738         0.6137         0.7339
  F1               0.3559         0.2453         0.4697
  [M2_2/norm] Saving figures ...

Saved (model 2_2 (norm, unmatched)):
  연구코드/results/0529/liver_pubis/model_2_2\aec128\norm/data_distribution.png
  연구코드/results/0529/liver_pubis/model_2_2\aec128\norm/cv_roc_curves.png
  연구코드/results/0529/liver_pubis/model_2_2\aec128\norm/cv_metric_distribution.png
  연구코드/results/0529/liver_pubis/model_2_2\aec128\norm/training_curves.png
  연구코드/results/0529/liver_pubis/model_2_2\aec128\norm/test_roc_curves.png
  연구코드/results/0529/liver_pubis/model_2_2\aec128\norm/test_roc_by_sex.png
  연구코드/results/0529/liver_pubis/model_2_2\aec128\norm/confusion_matrices.png
  연구코드/results/0529/liver_pubis/model_2_2\aec128\norm/calibration.png
  연구코드/results/0529/liver_pubis/model_2_2\aec128\norm/results.md
  [M2_2/norm] Plotting attention maps ...
  연구코드/results/0529/liver_pubis/model_2_2\aec128\norm/attention_map_c2a.png
  연구코드/results/0529/liver_pubis/model_2_2\aec128\norm/attention_heatmap_c2a.png
  연구코드/results/0529/liver_pubis/model_2_2\aec128\norm/attention_map_a2c.png
  연구코드/results/0529/liver_pubis/model_2_2\aec128\norm/attention_heatmap_a2c.png
  [M2_2/norm] Done.

############################################################
  [M2_2 excl_extreme]  (scale_clinic=True, scale_aec=True)
############################################################
  [M2_2/excl_extreme] Cross-validating CrossAttn ...
=======================================================
5-Fold CV  [CrossAttn | scale_clin=True, scale_aec=True]
=======================================================

── Fold 1/5 ──────────────────────────────
  CA   — AUC: 0.7842  AUPRC: 0.4361  Brier: 0.3612  Acc: 0.7738  F1: 0.4242  (best ep=2, thresh=0.809)

── Fold 2/5 ──────────────────────────────
  CA   — AUC: 0.7342  AUPRC: 0.3407  Brier: 0.1937  Acc: 0.7006  F1: 0.3421  (best ep=2, thresh=0.499)

── Fold 3/5 ──────────────────────────────
  CA   — AUC: 0.8881  AUPRC: 0.5370  Brier: 0.2206  Acc: 0.7784  F1: 0.4789  (best ep=3, thresh=0.628)

── Fold 4/5 ──────────────────────────────
  CA   — AUC: 0.8046  AUPRC: 0.4359  Brier: 0.1622  Acc: 0.8263  F1: 0.4912  (best ep=11, thresh=0.590)

── Fold 5/5 ──────────────────────────────
  CA   — AUC: 0.8326  AUPRC: 0.3541  Brier: 0.1441  Acc: 0.7126  F1: 0.4000  (best ep=7, thresh=0.377)

===========================================================================
CrossAttn  —  5-Fold CV Summary
===========================================================================
  Fold      AUC-ROC      AUPRC      Brier   Accuracy         F1
  ----------------------------------------------------------
  1          0.7842     0.4361     0.3612     0.7738     0.4242
  2          0.7342     0.3407     0.1937     0.7006     0.3421
  3          0.8881     0.5370     0.2206     0.7784     0.4789
  4          0.8046     0.4359     0.1622     0.8263     0.4912
  5          0.8326     0.3541     0.1441     0.7126     0.4000
  ──────────────────────────────────────────────────────────
  Mean       0.8087     0.4208     0.2163     0.7584     0.4273
  ±Std       0.0511     0.0704     0.0770     0.0463     0.0543
  [M2_2/excl_extreme] Evaluating on test set (med_epoch=3, thresh=0.590) ...

=======================================================
CrossAttn Test Evaluation  (scale_clin=True, scale_aec=True, threshold=0.590)
=======================================================
CrossAttn — training final model for 3 epochs on full CV set …

CrossAttn — Test Set (Overall):
  AUC: 0.8155  AUPRC: 0.3762  Brier: 0.1473  Acc: 0.8325  F1: 0.4068

CrossAttn — Test Set (By Sex):
  [M] n=77  AUC: 0.8003  AUPRC: 0.4065  Brier: 0.1706  Acc: 0.7922  F1: 0.5000
              precision    recall  f1-score   support

      Normal       0.95      0.80      0.87        66
  Sarcopenia       0.38      0.73      0.50        11

    accuracy                           0.79        77
   macro avg       0.66      0.77      0.68        77
weighted avg       0.87      0.79      0.82        77

  [F] n=132  AUC: 0.7994  AUPRC: 0.3667  Brier: 0.1337  Acc: 0.8561  F1: 0.2963
              precision    recall  f1-score   support

      Normal       0.94      0.90      0.92       121
  Sarcopenia       0.25      0.36      0.30        11

    accuracy                           0.86       132
   macro avg       0.59      0.63      0.61       132
weighted avg       0.88      0.86      0.87       132


───────────────────────────────────────────────────────
Test Set — Bootstrap CI
───────────────────────────────────────────────────────

  Bootstrap 95% CI — CrossAttn  (n_boot=2000)
  Metric         Estimate   95% CI Lower   95% CI Upper
  ----------------------------------------------------
  AUC-ROC          0.8155         0.7255         0.8919
  AUPRC            0.3762         0.2043         0.5739
  Brier            0.1473         0.1242         0.1698
  Accuracy         0.8325         0.7846         0.8804
  F1               0.4068         0.2456         0.5574
  [M2_2/excl_extreme] Saving figures ...

Saved (model 2_2 (excl_extreme, unmatched)):
  연구코드/results/0529/liver_pubis/model_2_2\aec128\excl_extreme/data_distribution.png
  연구코드/results/0529/liver_pubis/model_2_2\aec128\excl_extreme/cv_roc_curves.png
  연구코드/results/0529/liver_pubis/model_2_2\aec128\excl_extreme/cv_metric_distribution.png
  연구코드/results/0529/liver_pubis/model_2_2\aec128\excl_extreme/training_curves.png
  연구코드/results/0529/liver_pubis/model_2_2\aec128\excl_extreme/test_roc_curves.png
  연구코드/results/0529/liver_pubis/model_2_2\aec128\excl_extreme/test_roc_by_sex.png
  연구코드/results/0529/liver_pubis/model_2_2\aec128\excl_extreme/confusion_matrices.png
  연구코드/results/0529/liver_pubis/model_2_2\aec128\excl_extreme/calibration.png
  연구코드/results/0529/liver_pubis/model_2_2\aec128\excl_extreme/results.md
  [M2_2/excl_extreme] Plotting attention maps ...
  연구코드/results/0529/liver_pubis/model_2_2\aec128\excl_extreme/attention_map_c2a.png
  연구코드/results/0529/liver_pubis/model_2_2\aec128\excl_extreme/attention_heatmap_c2a.png
  연구코드/results/0529/liver_pubis/model_2_2\aec128\excl_extreme/attention_map_a2c.png
  연구코드/results/0529/liver_pubis/model_2_2\aec128\excl_extreme/attention_heatmap_a2c.png
  [M2_2/excl_extreme] Done.

############################################################
  [M2_2 len128]  (scale_clinic=True, scale_aec=True)
############################################################
  [M2_2/len128] Cross-validating CrossAttn ...
=======================================================
5-Fold CV  [CrossAttn | scale_clin=True, scale_aec=True]
=======================================================

── Fold 1/5 ──────────────────────────────
  CA   — AUC: 0.8416  AUPRC: 0.3711  Brier: 0.2027  Acc: 0.7527  F1: 0.4250  (best ep=2, thresh=0.578)

── Fold 2/5 ──────────────────────────────
  CA   — AUC: 0.8202  AUPRC: 0.3715  Brier: 0.2147  Acc: 0.6989  F1: 0.3913  (best ep=13, thresh=0.493)

── Fold 3/5 ──────────────────────────────
  CA   — AUC: 0.7895  AUPRC: 0.3101  Brier: 0.1882  Acc: 0.7742  F1: 0.4324  (best ep=18, thresh=0.580)

── Fold 4/5 ──────────────────────────────
  CA   — AUC: 0.9075  AUPRC: 0.5468  Brier: 0.1996  Acc: 0.8548  F1: 0.5424  (best ep=6, thresh=0.733)

── Fold 5/5 ──────────────────────────────
  CA   — AUC: 0.7614  AUPRC: 0.3033  Brier: 0.2074  Acc: 0.7366  F1: 0.3951  (best ep=6, thresh=0.580)

===========================================================================
CrossAttn  —  5-Fold CV Summary
===========================================================================
  Fold      AUC-ROC      AUPRC      Brier   Accuracy         F1
  ----------------------------------------------------------
  1          0.8416     0.3711     0.2027     0.7527     0.4250
  2          0.8202     0.3715     0.2147     0.6989     0.3913
  3          0.7895     0.3101     0.1882     0.7742     0.4324
  4          0.9075     0.5468     0.1996     0.8548     0.5424
  5          0.7614     0.3033     0.2074     0.7366     0.3951
  ──────────────────────────────────────────────────────────
  Mean       0.8240     0.3806     0.2025     0.7634     0.4372
  ±Std       0.0498     0.0880     0.0088     0.0519     0.0550
  [M2_2/len128] Evaluating on test set (med_epoch=6, thresh=0.580) ...

=======================================================
CrossAttn Test Evaluation  (scale_clin=True, scale_aec=True, threshold=0.580)
=======================================================
CrossAttn — training final model for 6 epochs on full CV set …

CrossAttn — Test Set (Overall):
  AUC: 0.8171  AUPRC: 0.3574  Brier: 0.1738  Acc: 0.7511  F1: 0.3696

CrossAttn — Test Set (By Sex):
  [M] n=85  AUC: 0.7918  AUPRC: 0.4277  Brier: 0.1995  Acc: 0.7294  F1: 0.4651
              precision    recall  f1-score   support

      Normal       0.93      0.73      0.82        71
  Sarcopenia       0.34      0.71      0.47        14

    accuracy                           0.73        85
   macro avg       0.64      0.72      0.64        85
weighted avg       0.83      0.73      0.76        85

  [F] n=148  AUC: 0.8062  AUPRC: 0.3692  Brier: 0.1591  Acc: 0.7635  F1: 0.2857
              precision    recall  f1-score   support

      Normal       0.96      0.77      0.86       137
  Sarcopenia       0.18      0.64      0.29        11

    accuracy                           0.76       148
   macro avg       0.57      0.71      0.57       148
weighted avg       0.91      0.76      0.82       148


───────────────────────────────────────────────────────
Test Set — Bootstrap CI
───────────────────────────────────────────────────────

  Bootstrap 95% CI — CrossAttn  (n_boot=2000)
  Metric         Estimate   95% CI Lower   95% CI Upper
  ----------------------------------------------------
  AUC-ROC          0.8171         0.7437         0.8853
  AUPRC            0.3574         0.2063         0.5415
  Brier            0.1738         0.1441         0.2039
  Accuracy         0.7511         0.6953         0.8069
  F1               0.3696         0.2432         0.4956
  [M2_2/len128] Saving figures ...

Saved (model 2_2 (len128, unmatched)):
  연구코드/results/0529/liver_pubis/model_2_2\aec128\len128/data_distribution.png
  연구코드/results/0529/liver_pubis/model_2_2\aec128\len128/cv_roc_curves.png
  연구코드/results/0529/liver_pubis/model_2_2\aec128\len128/cv_metric_distribution.png
  연구코드/results/0529/liver_pubis/model_2_2\aec128\len128/training_curves.png
  연구코드/results/0529/liver_pubis/model_2_2\aec128\len128/test_roc_curves.png
  연구코드/results/0529/liver_pubis/model_2_2\aec128\len128/test_roc_by_sex.png
  연구코드/results/0529/liver_pubis/model_2_2\aec128\len128/confusion_matrices.png
  연구코드/results/0529/liver_pubis/model_2_2\aec128\len128/calibration.png
  연구코드/results/0529/liver_pubis/model_2_2\aec128\len128/results.md
  [M2_2/len128] Plotting attention maps ...
  연구코드/results/0529/liver_pubis/model_2_2\aec128\len128/attention_map_c2a.png
  연구코드/results/0529/liver_pubis/model_2_2\aec128\len128/attention_heatmap_c2a.png
  연구코드/results/0529/liver_pubis/model_2_2\aec128\len128/attention_map_a2c.png
  연구코드/results/0529/liver_pubis/model_2_2\aec128\len128/attention_heatmap_a2c.png
  [M2_2/len128] Done.

############################################################
  [M2_2 crop80]  (scale_clinic=True, scale_aec=True)
############################################################
  [M2_2/crop80] Cross-validating CrossAttn ...
=======================================================
5-Fold CV  [CrossAttn | scale_clin=True, scale_aec=True]
=======================================================

── Fold 1/5 ──────────────────────────────
  CA   — AUC: 0.8196  AUPRC: 0.3421  Brier: 0.1727  Acc: 0.6452  F1: 0.3654  (best ep=2, thresh=0.429)

── Fold 2/5 ──────────────────────────────
  CA   — AUC: 0.8280  AUPRC: 0.4285  Brier: 0.1762  Acc: 0.6505  F1: 0.3689  (best ep=7, thresh=0.250)

── Fold 3/5 ──────────────────────────────
  CA   — AUC: 0.7973  AUPRC: 0.2906  Brier: 0.1441  Acc: 0.8387  F1: 0.4828  (best ep=27, thresh=0.600)

── Fold 4/5 ──────────────────────────────
  CA   — AUC: 0.8840  AUPRC: 0.5038  Brier: 0.1821  Acc: 0.8656  F1: 0.5455  (best ep=9, thresh=0.732)

── Fold 5/5 ──────────────────────────────
  CA   — AUC: 0.7712  AUPRC: 0.4008  Brier: 0.1623  Acc: 0.8548  F1: 0.5091  (best ep=3, thresh=0.654)

===========================================================================
CrossAttn  —  5-Fold CV Summary
===========================================================================
  Fold      AUC-ROC      AUPRC      Brier   Accuracy         F1
  ----------------------------------------------------------
  1          0.8196     0.3421     0.1727     0.6452     0.3654
  2          0.8280     0.4285     0.1762     0.6505     0.3689
  3          0.7973     0.2906     0.1441     0.8387     0.4828
  4          0.8840     0.5038     0.1821     0.8656     0.5455
  5          0.7712     0.4008     0.1623     0.8548     0.5091
  ──────────────────────────────────────────────────────────
  Mean       0.8200     0.3932     0.1675     0.7710     0.4543
  ±Std       0.0376     0.0731     0.0134     0.1009     0.0739
  [M2_2/crop80] Evaluating on test set (med_epoch=7, thresh=0.600) ...

=======================================================
CrossAttn Test Evaluation  (scale_clin=True, scale_aec=True, threshold=0.600)
=======================================================
CrossAttn — training final model for 7 epochs on full CV set …

CrossAttn — Test Set (Overall):
  AUC: 0.7998  AUPRC: 0.3460  Brier: 0.2175  Acc: 0.6953  F1: 0.3486

CrossAttn — Test Set (By Sex):
  [M] n=85  AUC: 0.7948  AUPRC: 0.4297  Brier: 0.2350  Acc: 0.6824  F1: 0.4706
              precision    recall  f1-score   support

      Normal       0.96      0.65      0.77        71
  Sarcopenia       0.32      0.86      0.47        14

    accuracy                           0.68        85
   macro avg       0.64      0.75      0.62        85
weighted avg       0.85      0.68      0.72        85

  [F] n=148  AUC: 0.7631  AUPRC: 0.3427  Brier: 0.2074  Acc: 0.7027  F1: 0.2414
              precision    recall  f1-score   support

      Normal       0.96      0.71      0.82       137
  Sarcopenia       0.15      0.64      0.24        11

    accuracy                           0.70       148
   macro avg       0.55      0.67      0.53       148
weighted avg       0.90      0.70      0.77       148


───────────────────────────────────────────────────────
Test Set — Bootstrap CI
───────────────────────────────────────────────────────

  Bootstrap 95% CI — CrossAttn  (n_boot=2000)
  Metric         Estimate   95% CI Lower   95% CI Upper
  ----------------------------------------------------
  AUC-ROC          0.7998         0.7181         0.8763
  AUPRC            0.3460         0.1968         0.5294
  Brier            0.2175         0.1845         0.2508
  Accuracy         0.6953         0.6352         0.7554
  F1               0.3486         0.2353         0.4660
  [M2_2/crop80] Saving figures ...

Saved (model 2_2 (crop80, unmatched)):
  연구코드/results/0529/liver_pubis/model_2_2\aec128\crop80/data_distribution.png
  연구코드/results/0529/liver_pubis/model_2_2\aec128\crop80/cv_roc_curves.png
  연구코드/results/0529/liver_pubis/model_2_2\aec128\crop80/cv_metric_distribution.png
  연구코드/results/0529/liver_pubis/model_2_2\aec128\crop80/training_curves.png
  연구코드/results/0529/liver_pubis/model_2_2\aec128\crop80/test_roc_curves.png
  연구코드/results/0529/liver_pubis/model_2_2\aec128\crop80/test_roc_by_sex.png
  연구코드/results/0529/liver_pubis/model_2_2\aec128\crop80/confusion_matrices.png
  연구코드/results/0529/liver_pubis/model_2_2\aec128\crop80/calibration.png
  연구코드/results/0529/liver_pubis/model_2_2\aec128\crop80/results.md
  [M2_2/crop80] Plotting attention maps ...
  연구코드/results/0529/liver_pubis/model_2_2\aec128\crop80/attention_map_c2a.png
  연구코드/results/0529/liver_pubis/model_2_2\aec128\crop80/attention_heatmap_c2a.png
  연구코드/results/0529/liver_pubis/model_2_2\aec128\crop80/attention_map_a2c.png
  연구코드/results/0529/liver_pubis/model_2_2\aec128\crop80/attention_heatmap_a2c.png
  [M2_2/crop80] Done.

############################################################
  [M2_2 crop60]  (scale_clinic=True, scale_aec=True)
############################################################
  [M2_2/crop60] Cross-validating CrossAttn ...
=======================================================
5-Fold CV  [CrossAttn | scale_clin=True, scale_aec=True]
=======================================================

── Fold 1/5 ──────────────────────────────
  CA   — AUC: 0.8506  AUPRC: 0.3682  Brier: 0.1522  Acc: 0.8333  F1: 0.5079  (best ep=4, thresh=0.590)

── Fold 2/5 ──────────────────────────────
  CA   — AUC: 0.8111  AUPRC: 0.4128  Brier: 0.2054  Acc: 0.6935  F1: 0.4000  (best ep=9, thresh=0.440)

── Fold 3/5 ──────────────────────────────
  CA   — AUC: 0.7937  AUPRC: 0.2831  Brier: 0.1662  Acc: 0.7473  F1: 0.4051  (best ep=31, thresh=0.504)

── Fold 4/5 ──────────────────────────────
  CA   — AUC: 0.8946  AUPRC: 0.5896  Brier: 0.1387  Acc: 0.8495  F1: 0.5484  (best ep=12, thresh=0.605)

── Fold 5/5 ──────────────────────────────
  CA   — AUC: 0.7655  AUPRC: 0.3316  Brier: 0.1895  Acc: 0.7634  F1: 0.4054  (best ep=5, thresh=0.574)

===========================================================================
CrossAttn  —  5-Fold CV Summary
===========================================================================
  Fold      AUC-ROC      AUPRC      Brier   Accuracy         F1
  ----------------------------------------------------------
  1          0.8506     0.3682     0.1522     0.8333     0.5079
  2          0.8111     0.4128     0.2054     0.6935     0.4000
  3          0.7937     0.2831     0.1662     0.7473     0.4051
  4          0.8946     0.5896     0.1387     0.8495     0.5484
  5          0.7655     0.3316     0.1895     0.7634     0.4054
  ──────────────────────────────────────────────────────────
  Mean       0.8231     0.3971     0.1704     0.7774     0.4534
  ±Std       0.0451     0.1053     0.0242     0.0574     0.0624
  [M2_2/crop60] Evaluating on test set (med_epoch=9, thresh=0.574) ...

=======================================================
CrossAttn Test Evaluation  (scale_clin=True, scale_aec=True, threshold=0.574)
=======================================================
CrossAttn — training final model for 9 epochs on full CV set …

CrossAttn — Test Set (Overall):
  AUC: 0.8042  AUPRC: 0.3428  Brier: 0.1937  Acc: 0.7253  F1: 0.3600

CrossAttn — Test Set (By Sex):
  [M] n=85  AUC: 0.8109  AUPRC: 0.4220  Brier: 0.2240  Acc: 0.7294  F1: 0.5106
              precision    recall  f1-score   support

      Normal       0.96      0.70      0.81        71
  Sarcopenia       0.36      0.86      0.51        14

    accuracy                           0.73        85
   macro avg       0.66      0.78      0.66        85
weighted avg       0.86      0.73      0.76        85

  [F] n=148  AUC: 0.7538  AUPRC: 0.2993  Brier: 0.1762  Acc: 0.7230  F1: 0.2264
              precision    recall  f1-score   support

      Normal       0.95      0.74      0.83       137
  Sarcopenia       0.14      0.55      0.23        11

    accuracy                           0.72       148
   macro avg       0.55      0.64      0.53       148
weighted avg       0.89      0.72      0.79       148


───────────────────────────────────────────────────────
Test Set — Bootstrap CI
───────────────────────────────────────────────────────

  Bootstrap 95% CI — CrossAttn  (n_boot=2000)
  Metric         Estimate   95% CI Lower   95% CI Upper
  ----------------------------------------------------
  AUC-ROC          0.8042         0.7176         0.8861
  AUPRC            0.3428         0.2050         0.5389
  Brier            0.1937         0.1620         0.2264
  Accuracy         0.7253         0.6695         0.7811
  F1               0.3600         0.2400         0.4815
  [M2_2/crop60] Saving figures ...

Saved (model 2_2 (crop60, unmatched)):
  연구코드/results/0529/liver_pubis/model_2_2\aec128\crop60/data_distribution.png
  연구코드/results/0529/liver_pubis/model_2_2\aec128\crop60/cv_roc_curves.png
  연구코드/results/0529/liver_pubis/model_2_2\aec128\crop60/cv_metric_distribution.png
  연구코드/results/0529/liver_pubis/model_2_2\aec128\crop60/training_curves.png
  연구코드/results/0529/liver_pubis/model_2_2\aec128\crop60/test_roc_curves.png
  연구코드/results/0529/liver_pubis/model_2_2\aec128\crop60/test_roc_by_sex.png
  연구코드/results/0529/liver_pubis/model_2_2\aec128\crop60/confusion_matrices.png
  연구코드/results/0529/liver_pubis/model_2_2\aec128\crop60/calibration.png
  연구코드/results/0529/liver_pubis/model_2_2\aec128\crop60/results.md
  [M2_2/crop60] Plotting attention maps ...
  연구코드/results/0529/liver_pubis/model_2_2\aec128\crop60/attention_map_c2a.png
  연구코드/results/0529/liver_pubis/model_2_2\aec128\crop60/attention_heatmap_c2a.png
  연구코드/results/0529/liver_pubis/model_2_2\aec128\crop60/attention_map_a2c.png
  연구코드/results/0529/liver_pubis/model_2_2\aec128\crop60/attention_heatmap_a2c.png
  [M2_2/crop60] Done.
