============================================================
  MODEL 2 — Clinic + AEC (aec103)  (4 AEC variants)
============================================================

############################################################
  [M2 raw]  (scale_clinic=True, scale_aec=none)
############################################################
  [M2/raw] Cross-validating CrossAttn ...
=======================================================
5-Fold CV  [CrossAttn | scale_clin=True, scale_aec=none]
=======================================================

── Fold 1/5 ──────────────────────────────
  CA   — AUC: 0.8031  AUPRC: 0.3548  Brier: 0.2519  Acc: 0.8361  F1: 0.4643  (best ep=396, thresh=0.658)

── Fold 2/5 ──────────────────────────────
  CA   — AUC: 0.8424  AUPRC: 0.5286  Brier: 0.2379  Acc: 0.8470  F1: 0.5000  (best ep=491, thresh=0.607)

── Fold 3/5 ──────────────────────────────
  CA   — AUC: 0.7885  AUPRC: 0.3312  Brier: 0.2576  Acc: 0.7213  F1: 0.3544  (best ep=429, thresh=0.602)

── Fold 4/5 ──────────────────────────────
  CA   — AUC: 0.8020  AUPRC: 0.3275  Brier: 0.2272  Acc: 0.6667  F1: 0.3711  (best ep=384, thresh=0.514)

── Fold 5/5 ──────────────────────────────
  CA   — AUC: 0.8050  AUPRC: 0.3642  Brier: 0.2394  Acc: 0.7582  F1: 0.4054  (best ep=467, thresh=0.605)

===========================================================================
CrossAttn  —  5-Fold CV Summary
===========================================================================
  Fold      AUC-ROC      AUPRC      Brier   Accuracy         F1
  ----------------------------------------------------------
  1          0.8031     0.3548     0.2519     0.8361     0.4643
  2          0.8424     0.5286     0.2379     0.8470     0.5000
  3          0.7885     0.3312     0.2576     0.7213     0.3544
  4          0.8020     0.3275     0.2272     0.6667     0.3711
  5          0.8050     0.3642     0.2394     0.7582     0.4054
  ──────────────────────────────────────────────────────────
  Mean       0.8082     0.3813     0.2428     0.7659     0.4191
  ±Std       0.0181     0.0750     0.0108     0.0684     0.0552
  [M2/raw] Evaluating on test set (med_epoch=429, thresh=0.605) ...

=======================================================
CrossAttn Test Evaluation  (scale_clin=True, scale_aec=none, threshold=0.605)
=======================================================
CrossAttn — training final model for 429 epochs on full CV set …
  [CrossAttn] Model weights saved → 연구코드/results/0605/stage4_1e-05_epoch500/model_2\crop80\raw\M2_raw_weights.pt

CrossAttn — Test Set (Overall):
  AUC: 0.7880  AUPRC: 0.2853  Brier: 0.2399  Acc: 0.7424  F1: 0.3516

CrossAttn — Test Set (By Sex):
  [M] n=82  AUC: 0.7202  AUPRC: 0.3375  Brier: 0.2832  Acc: 0.6707  F1: 0.4255
              precision    recall  f1-score   support

      Normal       0.94      0.65      0.77        69
  Sarcopenia       0.29      0.77      0.43        13

    accuracy                           0.67        82
   macro avg       0.62      0.71      0.60        82
weighted avg       0.84      0.67      0.71        82

  [F] n=147  AUC: 0.8242  AUPRC: 0.2489  Brier: 0.2157  Acc: 0.7823  F1: 0.2727
              precision    recall  f1-score   support

      Normal       0.96      0.80      0.87       136
  Sarcopenia       0.18      0.55      0.27        11

    accuracy                           0.78       147
   macro avg       0.57      0.67      0.57       147
weighted avg       0.90      0.78      0.83       147


───────────────────────────────────────────────────────
Test Set — Bootstrap CI
───────────────────────────────────────────────────────

  Bootstrap 95% CI — CrossAttn  (n_boot=2000)
  Metric         Estimate   95% CI Lower   95% CI Upper
  ----------------------------------------------------
  AUC-ROC          0.7880         0.6897         0.8706
  AUPRC            0.2853         0.1702         0.4423
  Brier            0.2399         0.2131         0.2651
  Accuracy         0.7424         0.6856         0.7991
  F1               0.3516         0.2222         0.4773
  [M2/raw] Saving figures ...

Saved (model 2 (raw)):
  연구코드/results/0605/stage4_1e-05_epoch500/model_2\crop80\raw/data_distribution.png
  연구코드/results/0605/stage4_1e-05_epoch500/model_2\crop80\raw/cv_roc_curves.png
  연구코드/results/0605/stage4_1e-05_epoch500/model_2\crop80\raw/cv_metric_distribution.png
  연구코드/results/0605/stage4_1e-05_epoch500/model_2\crop80\raw/training_curves.png
  연구코드/results/0605/stage4_1e-05_epoch500/model_2\crop80\raw/test_roc_curves.png
  연구코드/results/0605/stage4_1e-05_epoch500/model_2\crop80\raw/test_roc_by_sex.png
  연구코드/results/0605/stage4_1e-05_epoch500/model_2\crop80\raw/confusion_matrices.png
  연구코드/results/0605/stage4_1e-05_epoch500/model_2\crop80\raw/calibration.png
  연구코드/results/0605/stage4_1e-05_epoch500/model_2\crop80\raw/results.md
  [M2/raw] Plotting attention maps ...
  연구코드/results/0605/stage4_1e-05_epoch500/model_2\crop80\raw/attention_map_c2a.png
  연구코드/results/0605/stage4_1e-05_epoch500/model_2\crop80\raw/attention_heatmap_c2a.png
  연구코드/results/0605/stage4_1e-05_epoch500/model_2\crop80\raw/attention_map_a2c.png
  연구코드/results/0605/stage4_1e-05_epoch500/model_2\crop80\raw/attention_heatmap_a2c.png
  [M2/raw] Plotting Grad-CAM ...
  연구코드/results/0605/stage4_1e-05_epoch500/model_2\crop80\raw/cam_aec_mean.png
  연구코드/results/0605/stage4_1e-05_epoch500/model_2\crop80\raw/cam_aec_lines.png
  연구코드/results/0605/stage4_1e-05_epoch500/model_2\crop80\raw/cam_aec_heatmap.png
  [M2/raw] Done.

############################################################
  [M2 std_scaled]  (scale_clinic=True, scale_aec=column)
############################################################
  [M2/std_scaled] Cross-validating CrossAttn ...
=======================================================
5-Fold CV  [CrossAttn | scale_clin=True, scale_aec=column]
=======================================================

── Fold 1/5 ──────────────────────────────
  CA   — AUC: 0.8294  AUPRC: 0.3683  Brier: 0.2444  Acc: 0.6885  F1: 0.4000  (best ep=421, thresh=0.559)

── Fold 2/5 ──────────────────────────────
  CA   — AUC: 0.8508  AUPRC: 0.4630  Brier: 0.2192  Acc: 0.7760  F1: 0.4533  (best ep=436, thresh=0.549)

── Fold 3/5 ──────────────────────────────
  CA   — AUC: 0.7827  AUPRC: 0.3678  Brier: 0.2545  Acc: 0.5792  F1: 0.3186  (best ep=465, thresh=0.476)

── Fold 4/5 ──────────────────────────────
  CA   — AUC: 0.7731  AUPRC: 0.2871  Brier: 0.2254  Acc: 0.8087  F1: 0.4262  (best ep=330, thresh=0.609)

── Fold 5/5 ──────────────────────────────
  CA   — AUC: 0.7888  AUPRC: 0.3516  Brier: 0.2551  Acc: 0.8077  F1: 0.4262  (best ep=491, thresh=0.644)

===========================================================================
CrossAttn  —  5-Fold CV Summary
===========================================================================
  Fold      AUC-ROC      AUPRC      Brier   Accuracy         F1
  ----------------------------------------------------------
  1          0.8294     0.3683     0.2444     0.6885     0.4000
  2          0.8508     0.4630     0.2192     0.7760     0.4533
  3          0.7827     0.3678     0.2545     0.5792     0.3186
  4          0.7731     0.2871     0.2254     0.8087     0.4262
  5          0.7888     0.3516     0.2551     0.8077     0.4262
  ──────────────────────────────────────────────────────────
  Mean       0.8050     0.3676     0.2397     0.7320     0.4049
  ±Std       0.0299     0.0563     0.0149     0.0881     0.0463
  [M2/std_scaled] Evaluating on test set (med_epoch=436, thresh=0.559) ...

=======================================================
CrossAttn Test Evaluation  (scale_clin=True, scale_aec=column, threshold=0.559)
=======================================================
CrossAttn — training final model for 436 epochs on full CV set …
  [CrossAttn] Model weights saved → 연구코드/results/0605/stage4_1e-05_epoch500/model_2\crop80\std_scaled\M2_std_scaled_weights.pt

CrossAttn — Test Set (Overall):
  AUC: 0.7907  AUPRC: 0.2800  Brier: 0.2516  Acc: 0.7074  F1: 0.3738

CrossAttn — Test Set (By Sex):
  [M] n=82  AUC: 0.7213  AUPRC: 0.3434  Brier: 0.2765  Acc: 0.6951  F1: 0.4444
              precision    recall  f1-score   support

      Normal       0.94      0.68      0.79        69
  Sarcopenia       0.31      0.77      0.44        13

    accuracy                           0.70        82
   macro avg       0.63      0.73      0.62        82
weighted avg       0.84      0.70      0.74        82

  [F] n=147  AUC: 0.8369  AUPRC: 0.2469  Brier: 0.2378  Acc: 0.7143  F1: 0.3226
              precision    recall  f1-score   support

      Normal       0.99      0.70      0.82       136
  Sarcopenia       0.20      0.91      0.32        11

    accuracy                           0.71       147
   macro avg       0.59      0.80      0.57       147
weighted avg       0.93      0.71      0.78       147


───────────────────────────────────────────────────────
Test Set — Bootstrap CI
───────────────────────────────────────────────────────

  Bootstrap 95% CI — CrossAttn  (n_boot=2000)
  Metric         Estimate   95% CI Lower   95% CI Upper
  ----------------------------------------------------
  AUC-ROC          0.7907         0.6976         0.8661
  AUPRC            0.2800         0.1674         0.4427
  Brier            0.2516         0.2278         0.2747
  Accuracy         0.7074         0.6463         0.7643
  F1               0.3738         0.2553         0.4909
  [M2/std_scaled] Saving figures ...

Saved (model 2 (std_scaled)):
  연구코드/results/0605/stage4_1e-05_epoch500/model_2\crop80\std_scaled/data_distribution.png
  연구코드/results/0605/stage4_1e-05_epoch500/model_2\crop80\std_scaled/cv_roc_curves.png
  연구코드/results/0605/stage4_1e-05_epoch500/model_2\crop80\std_scaled/cv_metric_distribution.png
  연구코드/results/0605/stage4_1e-05_epoch500/model_2\crop80\std_scaled/training_curves.png
  연구코드/results/0605/stage4_1e-05_epoch500/model_2\crop80\std_scaled/test_roc_curves.png
  연구코드/results/0605/stage4_1e-05_epoch500/model_2\crop80\std_scaled/test_roc_by_sex.png
  연구코드/results/0605/stage4_1e-05_epoch500/model_2\crop80\std_scaled/confusion_matrices.png
  연구코드/results/0605/stage4_1e-05_epoch500/model_2\crop80\std_scaled/calibration.png
  연구코드/results/0605/stage4_1e-05_epoch500/model_2\crop80\std_scaled/results.md
  [M2/std_scaled] Plotting attention maps ...
  연구코드/results/0605/stage4_1e-05_epoch500/model_2\crop80\std_scaled/attention_map_c2a.png
  연구코드/results/0605/stage4_1e-05_epoch500/model_2\crop80\std_scaled/attention_heatmap_c2a.png
  연구코드/results/0605/stage4_1e-05_epoch500/model_2\crop80\std_scaled/attention_map_a2c.png
  연구코드/results/0605/stage4_1e-05_epoch500/model_2\crop80\std_scaled/attention_heatmap_a2c.png
  [M2/std_scaled] Plotting Grad-CAM ...
  연구코드/results/0605/stage4_1e-05_epoch500/model_2\crop80\std_scaled/cam_aec_mean.png
  연구코드/results/0605/stage4_1e-05_epoch500/model_2\crop80\std_scaled/cam_aec_lines.png
  연구코드/results/0605/stage4_1e-05_epoch500/model_2\crop80\std_scaled/cam_aec_heatmap.png
  [M2/std_scaled] Done.

############################################################
  [M2 norm]  (scale_clinic=True, scale_aec=none)
############################################################
  [M2/norm] Cross-validating CrossAttn ...
=======================================================
5-Fold CV  [CrossAttn | scale_clin=True, scale_aec=none]
=======================================================

── Fold 1/5 ──────────────────────────────
  CA   — AUC: 0.8383  AUPRC: 0.4044  Brier: 0.2505  Acc: 0.7213  F1: 0.4000  (best ep=297, thresh=0.591)

── Fold 2/5 ──────────────────────────────
  CA   — AUC: 0.8418  AUPRC: 0.4906  Brier: 0.2070  Acc: 0.7432  F1: 0.4198  (best ep=403, thresh=0.506)

── Fold 3/5 ──────────────────────────────
  CA   — AUC: 0.7670  AUPRC: 0.3372  Brier: 0.2624  Acc: 0.6721  F1: 0.3333  (best ep=492, thresh=0.574)

── Fold 4/5 ──────────────────────────────
  CA   — AUC: 0.7789  AUPRC: 0.3145  Brier: 0.2320  Acc: 0.7377  F1: 0.4000  (best ep=235, thresh=0.541)

── Fold 5/5 ──────────────────────────────
  CA   — AUC: 0.8169  AUPRC: 0.3937  Brier: 0.2398  Acc: 0.7198  F1: 0.3855  (best ep=232, thresh=0.570)

===========================================================================
CrossAttn  —  5-Fold CV Summary
===========================================================================
  Fold      AUC-ROC      AUPRC      Brier   Accuracy         F1
  ----------------------------------------------------------
  1          0.8383     0.4044     0.2505     0.7213     0.4000
  2          0.8418     0.4906     0.2070     0.7432     0.4198
  3          0.7670     0.3372     0.2624     0.6721     0.3333
  4          0.7789     0.3145     0.2320     0.7377     0.4000
  5          0.8169     0.3937     0.2398     0.7198     0.3855
  ──────────────────────────────────────────────────────────
  Mean       0.8086     0.3881     0.2383     0.7188     0.3877
  ±Std       0.0306     0.0613     0.0187     0.0250     0.0293
  [M2/norm] Evaluating on test set (med_epoch=297, thresh=0.570) ...

=======================================================
CrossAttn Test Evaluation  (scale_clin=True, scale_aec=none, threshold=0.570)
=======================================================
CrossAttn — training final model for 297 epochs on full CV set …
  [CrossAttn] Model weights saved → 연구코드/results/0605/stage4_1e-05_epoch500/model_2\crop80\norm\M2_norm_weights.pt

CrossAttn — Test Set (Overall):
  AUC: 0.8108  AUPRC: 0.2962  Brier: 0.2535  Acc: 0.6594  F1: 0.3607

CrossAttn — Test Set (By Sex):
  [M] n=82  AUC: 0.7179  AUPRC: 0.2926  Brier: 0.2870  Acc: 0.6220  F1: 0.4151
              precision    recall  f1-score   support

      Normal       0.95      0.58      0.72        69
  Sarcopenia       0.28      0.85      0.42        13

    accuracy                           0.62        82
   macro avg       0.61      0.71      0.57        82
weighted avg       0.84      0.62      0.67        82

  [F] n=147  AUC: 0.8603  AUPRC: 0.3978  Brier: 0.2348  Acc: 0.6803  F1: 0.3188
              precision    recall  f1-score   support

      Normal       1.00      0.65      0.79       136
  Sarcopenia       0.19      1.00      0.32        11

    accuracy                           0.68       147
   macro avg       0.59      0.83      0.55       147
weighted avg       0.94      0.68      0.76       147


───────────────────────────────────────────────────────
Test Set — Bootstrap CI
───────────────────────────────────────────────────────

  Bootstrap 95% CI — CrossAttn  (n_boot=2000)
  Metric         Estimate   95% CI Lower   95% CI Upper
  ----------------------------------------------------
  AUC-ROC          0.8108         0.7251         0.8807
  AUPRC            0.2962         0.1886         0.4812
  Brier            0.2535         0.2276         0.2774
  Accuracy         0.6594         0.5983         0.7249
  F1               0.3607         0.2453         0.4727
  [M2/norm] Saving figures ...

Saved (model 2 (norm)):
  연구코드/results/0605/stage4_1e-05_epoch500/model_2\crop80\norm/data_distribution.png
  연구코드/results/0605/stage4_1e-05_epoch500/model_2\crop80\norm/cv_roc_curves.png
  연구코드/results/0605/stage4_1e-05_epoch500/model_2\crop80\norm/cv_metric_distribution.png
  연구코드/results/0605/stage4_1e-05_epoch500/model_2\crop80\norm/training_curves.png
  연구코드/results/0605/stage4_1e-05_epoch500/model_2\crop80\norm/test_roc_curves.png
  연구코드/results/0605/stage4_1e-05_epoch500/model_2\crop80\norm/test_roc_by_sex.png
  연구코드/results/0605/stage4_1e-05_epoch500/model_2\crop80\norm/confusion_matrices.png
  연구코드/results/0605/stage4_1e-05_epoch500/model_2\crop80\norm/calibration.png
  연구코드/results/0605/stage4_1e-05_epoch500/model_2\crop80\norm/results.md
  [M2/norm] Plotting attention maps ...
  연구코드/results/0605/stage4_1e-05_epoch500/model_2\crop80\norm/attention_map_c2a.png
  연구코드/results/0605/stage4_1e-05_epoch500/model_2\crop80\norm/attention_heatmap_c2a.png
  연구코드/results/0605/stage4_1e-05_epoch500/model_2\crop80\norm/attention_map_a2c.png
  연구코드/results/0605/stage4_1e-05_epoch500/model_2\crop80\norm/attention_heatmap_a2c.png
  [M2/norm] Plotting Grad-CAM ...
  연구코드/results/0605/stage4_1e-05_epoch500/model_2\crop80\norm/cam_aec_mean.png
  연구코드/results/0605/stage4_1e-05_epoch500/model_2\crop80\norm/cam_aec_lines.png
  연구코드/results/0605/stage4_1e-05_epoch500/model_2\crop80\norm/cam_aec_heatmap.png
  [M2/norm] Done.

############################################################
  [M2 global_zscore]  (scale_clinic=True, scale_aec=global)
############################################################
  [M2/global_zscore] Cross-validating CrossAttn ...
=======================================================
5-Fold CV  [CrossAttn | scale_clin=True, scale_aec=global]
=======================================================

── Fold 1/5 ──────────────────────────────
  CA   — AUC: 0.8163  AUPRC: 0.3668  Brier: 0.2462  Acc: 0.7760  F1: 0.4225  (best ep=403, thresh=0.638)

── Fold 2/5 ──────────────────────────────
  CA   — AUC: 0.8370  AUPRC: 0.5097  Brier: 0.2254  Acc: 0.8251  F1: 0.4667  (best ep=475, thresh=0.598)

── Fold 3/5 ──────────────────────────────
  CA   — AUC: 0.7670  AUPRC: 0.3695  Brier: 0.2643  Acc: 0.5738  F1: 0.3036  (best ep=237, thresh=0.488)

── Fold 4/5 ──────────────────────────────
  CA   — AUC: 0.8123  AUPRC: 0.3711  Brier: 0.2213  Acc: 0.7978  F1: 0.4308  (best ep=446, thresh=0.597)

── Fold 5/5 ──────────────────────────────
  CA   — AUC: 0.7927  AUPRC: 0.3827  Brier: 0.2300  Acc: 0.7363  F1: 0.3846  (best ep=438, thresh=0.576)

===========================================================================
CrossAttn  —  5-Fold CV Summary
===========================================================================
  Fold      AUC-ROC      AUPRC      Brier   Accuracy         F1
  ----------------------------------------------------------
  1          0.8163     0.3668     0.2462     0.7760     0.4225
  2          0.8370     0.5097     0.2254     0.8251     0.4667
  3          0.7670     0.3695     0.2643     0.5738     0.3036
  4          0.8123     0.3711     0.2213     0.7978     0.4308
  5          0.7927     0.3827     0.2300     0.7363     0.3846
  ──────────────────────────────────────────────────────────
  Mean       0.8050     0.4000     0.2374     0.7418     0.4016
  ±Std       0.0236     0.0551     0.0159     0.0889     0.0555
  [M2/global_zscore] Evaluating on test set (med_epoch=438, thresh=0.597) ...

=======================================================
CrossAttn Test Evaluation  (scale_clin=True, scale_aec=global, threshold=0.597)
=======================================================
CrossAttn — training final model for 438 epochs on full CV set …
  [CrossAttn] Model weights saved → 연구코드/results/0605/stage4_1e-05_epoch500/model_2\crop80\global_zscore\M2_global_zscore_weights.pt

CrossAttn — Test Set (Overall):
  AUC: 0.7848  AUPRC: 0.2793  Brier: 0.2470  Acc: 0.7511  F1: 0.3596

CrossAttn — Test Set (By Sex):
  [M] n=82  AUC: 0.7224  AUPRC: 0.3284  Brier: 0.2872  Acc: 0.6951  F1: 0.4444
              precision    recall  f1-score   support

      Normal       0.94      0.68      0.79        69
  Sarcopenia       0.31      0.77      0.44        13

    accuracy                           0.70        82
   macro avg       0.63      0.73      0.62        82
weighted avg       0.84      0.70      0.74        82

  [F] n=147  AUC: 0.7934  AUPRC: 0.2379  Brier: 0.2246  Acc: 0.7823  F1: 0.2727
              precision    recall  f1-score   support

      Normal       0.96      0.80      0.87       136
  Sarcopenia       0.18      0.55      0.27        11

    accuracy                           0.78       147
   macro avg       0.57      0.67      0.57       147
weighted avg       0.90      0.78      0.83       147


───────────────────────────────────────────────────────
Test Set — Bootstrap CI
───────────────────────────────────────────────────────

  Bootstrap 95% CI — CrossAttn  (n_boot=2000)
  Metric         Estimate   95% CI Lower   95% CI Upper
  ----------------------------------------------------
  AUC-ROC          0.7848         0.6985         0.8616
  AUPRC            0.2793         0.1647         0.4463
  Brier            0.2470         0.2230         0.2691
  Accuracy         0.7511         0.6943         0.8079
  F1               0.3596         0.2308         0.4848
  [M2/global_zscore] Saving figures ...

Saved (model 2 (global_zscore)):
  연구코드/results/0605/stage4_1e-05_epoch500/model_2\crop80\global_zscore/data_distribution.png
  연구코드/results/0605/stage4_1e-05_epoch500/model_2\crop80\global_zscore/cv_roc_curves.png
  연구코드/results/0605/stage4_1e-05_epoch500/model_2\crop80\global_zscore/cv_metric_distribution.png
  연구코드/results/0605/stage4_1e-05_epoch500/model_2\crop80\global_zscore/training_curves.png
  연구코드/results/0605/stage4_1e-05_epoch500/model_2\crop80\global_zscore/test_roc_curves.png
  연구코드/results/0605/stage4_1e-05_epoch500/model_2\crop80\global_zscore/test_roc_by_sex.png
  연구코드/results/0605/stage4_1e-05_epoch500/model_2\crop80\global_zscore/confusion_matrices.png
  연구코드/results/0605/stage4_1e-05_epoch500/model_2\crop80\global_zscore/calibration.png
  연구코드/results/0605/stage4_1e-05_epoch500/model_2\crop80\global_zscore/results.md
  [M2/global_zscore] Plotting attention maps ...
  연구코드/results/0605/stage4_1e-05_epoch500/model_2\crop80\global_zscore/attention_map_c2a.png
  연구코드/results/0605/stage4_1e-05_epoch500/model_2\crop80\global_zscore/attention_heatmap_c2a.png
  연구코드/results/0605/stage4_1e-05_epoch500/model_2\crop80\global_zscore/attention_map_a2c.png
  연구코드/results/0605/stage4_1e-05_epoch500/model_2\crop80\global_zscore/attention_heatmap_a2c.png
  [M2/global_zscore] Plotting Grad-CAM ...
  연구코드/results/0605/stage4_1e-05_epoch500/model_2\crop80\global_zscore/cam_aec_mean.png
  연구코드/results/0605/stage4_1e-05_epoch500/model_2\crop80\global_zscore/cam_aec_lines.png
  연구코드/results/0605/stage4_1e-05_epoch500/model_2\crop80\global_zscore/cam_aec_heatmap.png
  [M2/global_zscore] Done.
