============================================================
  MODEL 2 — Clinic + AEC (aec128)  (3 AEC variants)
============================================================

############################################################
  [M2 raw]  (scale_clinic=True, scale_aec=none)
############################################################
  [M2/raw] Cross-validating CrossAttn ...
=======================================================
5-Fold CV  [CrossAttn | scale_clin=True, scale_aec=none]
=======================================================

── Fold 1/5 ──────────────────────────────
  CA   — AUC: 0.8086  AUPRC: 0.3633  Brier: 0.2663  Acc: 0.7432  F1: 0.4051  (best ep=405, thresh=0.631)

── Fold 2/5 ──────────────────────────────
  CA   — AUC: 0.8623  AUPRC: 0.5007  Brier: 0.2282  Acc: 0.8033  F1: 0.4545  (best ep=449, thresh=0.602)

── Fold 3/5 ──────────────────────────────
  CA   — AUC: 0.7901  AUPRC: 0.3370  Brier: 0.2726  Acc: 0.7760  F1: 0.4058  (best ep=492, thresh=0.643)

── Fold 4/5 ──────────────────────────────
  CA   — AUC: 0.7622  AUPRC: 0.3390  Brier: 0.2385  Acc: 0.7322  F1: 0.3797  (best ep=431, thresh=0.560)

── Fold 5/5 ──────────────────────────────
  CA   — AUC: 0.8114  AUPRC: 0.3453  Brier: 0.2546  Acc: 0.7857  F1: 0.4348  (best ep=477, thresh=0.629)

===========================================================================
CrossAttn  —  5-Fold CV Summary
===========================================================================
  Fold      AUC-ROC      AUPRC      Brier   Accuracy         F1
  ----------------------------------------------------------
  1          0.8086     0.3633     0.2663     0.7432     0.4051
  2          0.8623     0.5007     0.2282     0.8033     0.4545
  3          0.7901     0.3370     0.2726     0.7760     0.4058
  4          0.7622     0.3390     0.2385     0.7322     0.3797
  5          0.8114     0.3453     0.2546     0.7857     0.4348
  ──────────────────────────────────────────────────────────
  Mean       0.8069     0.3771     0.2520     0.7681     0.4160
  ±Std       0.0328     0.0625     0.0166     0.0265     0.0260
  [M2/raw] Evaluating on test set (med_epoch=449, thresh=0.629) ...

=======================================================
CrossAttn Test Evaluation  (scale_clin=True, scale_aec=none, threshold=0.629)
=======================================================
CrossAttn — training final model for 449 epochs on full CV set …
  [CrossAttn] Model weights saved → 연구코드/results/0612/model_2\raw\M2_raw_weights.pt

CrossAttn — Test Set (Overall):
  AUC: 0.7807  AUPRC: 0.2724  Brier: 0.2630  Acc: 0.7293  F1: 0.3404

CrossAttn — Test Set (By Sex):
  [M] n=82  AUC: 0.7035  AUPRC: 0.3159  Brier: 0.3066  Acc: 0.6951  F1: 0.4444
              precision    recall  f1-score   support

      Normal       0.94      0.68      0.79        69
  Sarcopenia       0.31      0.77      0.44        13

    accuracy                           0.70        82
   macro avg       0.63      0.73      0.62        82
weighted avg       0.84      0.70      0.74        82

  [F] n=147  AUC: 0.8001  AUPRC: 0.2954  Brier: 0.2388  Acc: 0.7483  F1: 0.2449
              precision    recall  f1-score   support

      Normal       0.95      0.76      0.85       136
  Sarcopenia       0.16      0.55      0.24        11

    accuracy                           0.75       147
   macro avg       0.56      0.66      0.55       147
weighted avg       0.89      0.75      0.80       147


───────────────────────────────────────────────────────
Test Set — Bootstrap CI
───────────────────────────────────────────────────────

  Bootstrap 95% CI — CrossAttn  (n_boot=2000)
  Metric         Estimate   95% CI Lower   95% CI Upper
  ----------------------------------------------------
  AUC-ROC          0.7807         0.6956         0.8571
  AUPRC            0.2724         0.1604         0.4349
  Brier            0.2630         0.2361         0.2883
  Accuracy         0.7293         0.6725         0.7860
  F1               0.3404         0.2174         0.4600
  [M2/raw] Saving figures ...

Saved (model 2 (raw)):
  연구코드/results/0612/model_2\raw/data_distribution.png
  연구코드/results/0612/model_2\raw/cv_roc_curves.png
  연구코드/results/0612/model_2\raw/cv_metric_distribution.png
  연구코드/results/0612/model_2\raw/training_curves.png
  연구코드/results/0612/model_2\raw/test_roc_curves.png
  연구코드/results/0612/model_2\raw/test_roc_by_sex.png
  연구코드/results/0612/model_2\raw/confusion_matrices.png
  연구코드/results/0612/model_2\raw/calibration.png
  연구코드/results/0612/model_2\raw/results.md
  [M2/raw] Plotting attention maps ...
  연구코드/results/0612/model_2\raw/attention_map_c2a.png
  연구코드/results/0612/model_2\raw/attention_heatmap_c2a.png
  연구코드/results/0612/model_2\raw/attention_map_a2c.png
  연구코드/results/0612/model_2\raw/attention_heatmap_a2c.png
  [M2/raw] Plotting Grad-CAM ...
  연구코드/results/0612/model_2\raw/cam_aec_mean.png
  연구코드/results/0612/model_2\raw/cam_aec_lines.png
  연구코드/results/0612/model_2\raw/cam_aec_heatmap.png
  [M2/raw] Done.

############################################################
  [M2 norm]  (scale_clinic=True, scale_aec=none)
############################################################
  [M2/norm] Cross-validating CrossAttn ...
=======================================================
5-Fold CV  [CrossAttn | scale_clin=True, scale_aec=none]
=======================================================

── Fold 1/5 ──────────────────────────────
  CA   — AUC: 0.8202  AUPRC: 0.3806  Brier: 0.2802  Acc: 0.7650  F1: 0.4267  (best ep=60, thresh=0.592)

── Fold 2/5 ──────────────────────────────
  CA   — AUC: 0.8456  AUPRC: 0.4758  Brier: 0.2159  Acc: 0.7541  F1: 0.4304  (best ep=334, thresh=0.559)

── Fold 3/5 ──────────────────────────────
  CA   — AUC: 0.7619  AUPRC: 0.2561  Brier: 0.2655  Acc: 0.8306  F1: 0.4151  (best ep=475, thresh=0.760)

── Fold 4/5 ──────────────────────────────
  CA   — AUC: 0.7712  AUPRC: 0.3345  Brier: 0.2375  Acc: 0.6503  F1: 0.3469  (best ep=306, thresh=0.496)

── Fold 5/5 ──────────────────────────────
  CA   — AUC: 0.8101  AUPRC: 0.3851  Brier: 0.2480  Acc: 0.7582  F1: 0.4054  (best ep=130, thresh=0.632)

===========================================================================
CrossAttn  —  5-Fold CV Summary
===========================================================================
  Fold      AUC-ROC      AUPRC      Brier   Accuracy         F1
  ----------------------------------------------------------
  1          0.8202     0.3806     0.2802     0.7650     0.4267
  2          0.8456     0.4758     0.2159     0.7541     0.4304
  3          0.7619     0.2561     0.2655     0.8306     0.4151
  4          0.7712     0.3345     0.2375     0.6503     0.3469
  5          0.8101     0.3851     0.2480     0.7582     0.4054
  ──────────────────────────────────────────────────────────
  Mean       0.8018     0.3664     0.2494     0.7516     0.4049
  ±Std       0.0312     0.0717     0.0222     0.0579     0.0303
  [M2/norm] Evaluating on test set (med_epoch=306, thresh=0.592) ...

=======================================================
CrossAttn Test Evaluation  (scale_clin=True, scale_aec=none, threshold=0.592)
=======================================================
CrossAttn — training final model for 306 epochs on full CV set …
  [CrossAttn] Model weights saved → 연구코드/results/0612/model_2\norm\M2_norm_weights.pt

CrossAttn — Test Set (Overall):
  AUC: 0.8246  AUPRC: 0.3614  Brier: 0.2606  Acc: 0.6681  F1: 0.3559

CrossAttn — Test Set (By Sex):
  [M] n=82  AUC: 0.7291  AUPRC: 0.3578  Brier: 0.3163  Acc: 0.5732  F1: 0.3636
              precision    recall  f1-score   support

      Normal       0.93      0.54      0.68        69
  Sarcopenia       0.24      0.77      0.36        13

    accuracy                           0.57        82
   macro avg       0.58      0.65      0.52        82
weighted avg       0.82      0.57      0.63        82

  [F] n=147  AUC: 0.8824  AUPRC: 0.3827  Brier: 0.2295  Acc: 0.7211  F1: 0.3492
              precision    recall  f1-score   support

      Normal       1.00      0.70      0.82       136
  Sarcopenia       0.21      1.00      0.35        11

    accuracy                           0.72       147
   macro avg       0.61      0.85      0.59       147
weighted avg       0.94      0.72      0.79       147


───────────────────────────────────────────────────────
Test Set — Bootstrap CI
───────────────────────────────────────────────────────

  Bootstrap 95% CI — CrossAttn  (n_boot=2000)
  Metric         Estimate   95% CI Lower   95% CI Upper
  ----------------------------------------------------
  AUC-ROC          0.8246         0.7489         0.8888
  AUPRC            0.3614         0.2100         0.5450
  Brier            0.2606         0.2326         0.2870
  Accuracy         0.6681         0.6070         0.7293
  F1               0.3559         0.2385         0.4697
  [M2/norm] Saving figures ...

Saved (model 2 (norm)):
  연구코드/results/0612/model_2\norm/data_distribution.png
  연구코드/results/0612/model_2\norm/cv_roc_curves.png
  연구코드/results/0612/model_2\norm/cv_metric_distribution.png
  연구코드/results/0612/model_2\norm/training_curves.png
  연구코드/results/0612/model_2\norm/test_roc_curves.png
  연구코드/results/0612/model_2\norm/test_roc_by_sex.png
  연구코드/results/0612/model_2\norm/confusion_matrices.png
  연구코드/results/0612/model_2\norm/calibration.png
  연구코드/results/0612/model_2\norm/results.md
  [M2/norm] Plotting attention maps ...
  연구코드/results/0612/model_2\norm/attention_map_c2a.png
  연구코드/results/0612/model_2\norm/attention_heatmap_c2a.png
  연구코드/results/0612/model_2\norm/attention_map_a2c.png
  연구코드/results/0612/model_2\norm/attention_heatmap_a2c.png
  [M2/norm] Plotting Grad-CAM ...
  연구코드/results/0612/model_2\norm/cam_aec_mean.png
  연구코드/results/0612/model_2\norm/cam_aec_lines.png
  연구코드/results/0612/model_2\norm/cam_aec_heatmap.png
  [M2/norm] Done.

############################################################
  [M2 global_zscore]  (scale_clinic=True, scale_aec=global)
############################################################
  [M2/global_zscore] Cross-validating CrossAttn ...
=======================================================
5-Fold CV  [CrossAttn | scale_clin=True, scale_aec=global]
=======================================================

── Fold 1/5 ──────────────────────────────
  CA   — AUC: 0.7905  AUPRC: 0.3321  Brier: 0.2602  Acc: 0.5902  F1: 0.3363  (best ep=406, thresh=0.515)

── Fold 2/5 ──────────────────────────────
  CA   — AUC: 0.8277  AUPRC: 0.4666  Brier: 0.2273  Acc: 0.8798  F1: 0.5217  (best ep=476, thresh=0.684)

── Fold 3/5 ──────────────────────────────
  CA   — AUC: 0.7866  AUPRC: 0.3151  Brier: 0.2661  Acc: 0.7158  F1: 0.3810  (best ep=461, thresh=0.614)

── Fold 4/5 ──────────────────────────────
  CA   — AUC: 0.8084  AUPRC: 0.3411  Brier: 0.2252  Acc: 0.6995  F1: 0.3956  (best ep=432, thresh=0.522)

── Fold 5/5 ──────────────────────────────
  CA   — AUC: 0.8182  AUPRC: 0.3079  Brier: 0.2286  Acc: 0.7308  F1: 0.3951  (best ep=312, thresh=0.581)

===========================================================================
CrossAttn  —  5-Fold CV Summary
===========================================================================
  Fold      AUC-ROC      AUPRC      Brier   Accuracy         F1
  ----------------------------------------------------------
  1          0.7905     0.3321     0.2602     0.5902     0.3363
  2          0.8277     0.4666     0.2273     0.8798     0.5217
  3          0.7866     0.3151     0.2661     0.7158     0.3810
  4          0.8084     0.3411     0.2252     0.6995     0.3956
  5          0.8182     0.3079     0.2286     0.7308     0.3951
  ──────────────────────────────────────────────────────────
  Mean       0.8063     0.3526     0.2415     0.7232     0.4059
  ±Std       0.0158     0.0582     0.0178     0.0926     0.0618
  [M2/global_zscore] Evaluating on test set (med_epoch=432, thresh=0.581) ...

=======================================================
CrossAttn Test Evaluation  (scale_clin=True, scale_aec=global, threshold=0.581)
=======================================================
CrossAttn — training final model for 432 epochs on full CV set …
  [CrossAttn] Model weights saved → 연구코드/results/0612/model_2\global_zscore\M2_global_zscore_weights.pt

CrossAttn — Test Set (Overall):
  AUC: 0.8112  AUPRC: 0.2934  Brier: 0.2544  Acc: 0.6943  F1: 0.3396

CrossAttn — Test Set (By Sex):
  [M] n=82  AUC: 0.7380  AUPRC: 0.3024  Brier: 0.2991  Acc: 0.6341  F1: 0.4000
              precision    recall  f1-score   support

      Normal       0.93      0.61      0.74        69
  Sarcopenia       0.27      0.77      0.40        13

    accuracy                           0.63        82
   macro avg       0.60      0.69      0.57        82
weighted avg       0.83      0.63      0.68        82

  [F] n=147  AUC: 0.8489  AUPRC: 0.3740  Brier: 0.2295  Acc: 0.7279  F1: 0.2857
              precision    recall  f1-score   support

      Normal       0.97      0.73      0.83       136
  Sarcopenia       0.18      0.73      0.29        11

    accuracy                           0.73       147
   macro avg       0.57      0.73      0.56       147
weighted avg       0.91      0.73      0.79       147


───────────────────────────────────────────────────────
Test Set — Bootstrap CI
───────────────────────────────────────────────────────

  Bootstrap 95% CI — CrossAttn  (n_boot=2000)
  Metric         Estimate   95% CI Lower   95% CI Upper
  ----------------------------------------------------
  AUC-ROC          0.8112         0.7269         0.8877
  AUPRC            0.2934         0.1904         0.4779
  Brier            0.2544         0.2282         0.2790
  Accuracy         0.6943         0.6376         0.7555
  F1               0.3396         0.2200         0.4538
  [M2/global_zscore] Saving figures ...

Saved (model 2 (global_zscore)):
  연구코드/results/0612/model_2\global_zscore/data_distribution.png
  연구코드/results/0612/model_2\global_zscore/cv_roc_curves.png
  연구코드/results/0612/model_2\global_zscore/cv_metric_distribution.png
  연구코드/results/0612/model_2\global_zscore/training_curves.png
  연구코드/results/0612/model_2\global_zscore/test_roc_curves.png
  연구코드/results/0612/model_2\global_zscore/test_roc_by_sex.png
  연구코드/results/0612/model_2\global_zscore/confusion_matrices.png
  연구코드/results/0612/model_2\global_zscore/calibration.png
  연구코드/results/0612/model_2\global_zscore/results.md
  [M2/global_zscore] Plotting attention maps ...
  연구코드/results/0612/model_2\global_zscore/attention_map_c2a.png
  연구코드/results/0612/model_2\global_zscore/attention_heatmap_c2a.png
  연구코드/results/0612/model_2\global_zscore/attention_map_a2c.png
  연구코드/results/0612/model_2\global_zscore/attention_heatmap_a2c.png
  [M2/global_zscore] Plotting Grad-CAM ...
  연구코드/results/0612/model_2\global_zscore/cam_aec_mean.png
  연구코드/results/0612/model_2\global_zscore/cam_aec_lines.png
  연구코드/results/0612/model_2\global_zscore/cam_aec_heatmap.png
  [M2/global_zscore] Done.
