============================================================
  MODEL 2_2 — Clinic + AEC Unmatched (aec256)  (5 AEC variants)
============================================================

############################################################
  [M2_2 len128]  (scale_clinic=True, scale_aec=True)
############################################################
  [M2_2/len128] Cross-validating CrossAttn ...
=======================================================
5-Fold CV  [CrossAttn | scale_clin=True, scale_aec=True]
=======================================================

── Fold 1/5 ──────────────────────────────
  CA   — AUC: 0.8080  AUPRC: 0.3929  Brier: 0.1238  Acc: 0.7464  F1: 0.4262  (best ep=179, thresh=0.087)

── Fold 2/5 ──────────────────────────────
  CA   — AUC: 0.8187  AUPRC: 0.3181  Brier: 0.1991  Acc: 0.7029  F1: 0.4384  (best ep=53, thresh=0.494)

── Fold 3/5 ──────────────────────────────
  CA   — AUC: 0.8332  AUPRC: 0.4300  Brier: 0.1273  Acc: 0.7445  F1: 0.4262  (best ep=87, thresh=0.239)

── Fold 4/5 ──────────────────────────────
  CA   — AUC: 0.8326  AUPRC: 0.3995  Brier: 0.1948  Acc: 0.7737  F1: 0.4746  (best ep=77, thresh=0.590)

── Fold 5/5 ──────────────────────────────
  CA   — AUC: 0.8414  AUPRC: 0.3258  Brier: 0.1535  Acc: 0.7591  F1: 0.4762  (best ep=162, thresh=0.381)

===========================================================================
CrossAttn  —  5-Fold CV Summary
===========================================================================
  Fold      AUC-ROC      AUPRC      Brier   Accuracy         F1
  ----------------------------------------------------------
  1          0.8080     0.3929     0.1238     0.7464     0.4262
  2          0.8187     0.3181     0.1991     0.7029     0.4384
  3          0.8332     0.4300     0.1273     0.7445     0.4262
  4          0.8326     0.3995     0.1948     0.7737     0.4746
  5          0.8414     0.3258     0.1535     0.7591     0.4762
  ──────────────────────────────────────────────────────────
  Mean       0.8268     0.3733     0.1597     0.7453     0.4483
  ±Std       0.0119     0.0438     0.0321     0.0237     0.0225
  [M2_2/len128] Evaluating on test set (med_epoch=87, thresh=0.381) ...

=======================================================
CrossAttn Test Evaluation  (scale_clin=True, scale_aec=True, threshold=0.381)
=======================================================
CrossAttn — training final model for 87 epochs on full CV set …

CrossAttn — Test Set (Overall):
  AUC: 0.8114  AUPRC: 0.4036  Brier: 0.2024  Acc: 0.6686  F1: 0.3871

CrossAttn — Test Set (By Sex):
  [M] n=71  AUC: 0.7833  AUPRC: 0.5047  Brier: 0.2371  Acc: 0.6056  F1: 0.3913
              precision    recall  f1-score   support

      Normal       0.94      0.57      0.71        60
  Sarcopenia       0.26      0.82      0.39        11

    accuracy                           0.61        71
   macro avg       0.60      0.69      0.55        71
weighted avg       0.84      0.61      0.66        71

  [F] n=101  AUC: 0.8319  AUPRC: 0.2748  Brier: 0.1779  Acc: 0.7129  F1: 0.3830
              precision    recall  f1-score   support

      Normal       0.98      0.69      0.81        91
  Sarcopenia       0.24      0.90      0.38        10

    accuracy                           0.71       101
   macro avg       0.61      0.80      0.60       101
weighted avg       0.91      0.71      0.77       101


───────────────────────────────────────────────────────
Test Set — Bootstrap CI
───────────────────────────────────────────────────────

  Bootstrap 95% CI — CrossAttn  (n_boot=2000)
  Metric         Estimate   95% CI Lower   95% CI Upper
  ----------------------------------------------------
  AUC-ROC          0.8114         0.7102         0.8929
  AUPRC            0.4036         0.2277         0.6068
  Brier            0.2024         0.1584         0.2502
  Accuracy         0.6686         0.5930         0.7384
  F1               0.3871         0.2563         0.5143
  [M2_2/len128] Saving figures ...

Saved (model 2_2 (len128, unmatched)):
  연구코드/results/0529/t12_pubis/model_2_2\aec256\len128/data_distribution.png
  연구코드/results/0529/t12_pubis/model_2_2\aec256\len128/cv_roc_curves.png
  연구코드/results/0529/t12_pubis/model_2_2\aec256\len128/cv_metric_distribution.png
  연구코드/results/0529/t12_pubis/model_2_2\aec256\len128/training_curves.png
  연구코드/results/0529/t12_pubis/model_2_2\aec256\len128/test_roc_curves.png
  연구코드/results/0529/t12_pubis/model_2_2\aec256\len128/test_roc_by_sex.png
  연구코드/results/0529/t12_pubis/model_2_2\aec256\len128/confusion_matrices.png
  연구코드/results/0529/t12_pubis/model_2_2\aec256\len128/calibration.png
  연구코드/results/0529/t12_pubis/model_2_2\aec256\len128/results.md
  [M2_2/len128] Plotting attention maps ...
  연구코드/results/0529/t12_pubis/model_2_2\aec256\len128/attention_map_c2a.png
  연구코드/results/0529/t12_pubis/model_2_2\aec256\len128/attention_heatmap_c2a.png
  연구코드/results/0529/t12_pubis/model_2_2\aec256\len128/attention_map_a2c.png
  연구코드/results/0529/t12_pubis/model_2_2\aec256\len128/attention_heatmap_a2c.png
  [M2_2/len128] Plotting Grad-CAM ...
  연구코드/results/0529/t12_pubis/model_2_2\aec256\len128/cam_aec_mean.png
  연구코드/results/0529/t12_pubis/model_2_2\aec256\len128/cam_aec_lines.png
  연구코드/results/0529/t12_pubis/model_2_2\aec256\len128/cam_aec_heatmap.png
  [M2_2/len128] Done.

############################################################
  [M2_2 norm]  (scale_clinic=True, scale_aec=True)
############################################################
  [M2_2/norm] Cross-validating CrossAttn ...
=======================================================
5-Fold CV  [CrossAttn | scale_clin=True, scale_aec=True]
=======================================================

── Fold 1/5 ──────────────────────────────
  CA   — AUC: 0.8323  AUPRC: 0.5131  Brier: 0.0951  Acc: 0.9130  F1: 0.6471  (best ep=191, thresh=0.639)

── Fold 2/5 ──────────────────────────────
  CA   — AUC: 0.7681  AUPRC: 0.3656  Brier: 0.2087  Acc: 0.5942  F1: 0.3636  (best ep=5, thresh=0.251)

── Fold 3/5 ──────────────────────────────
  CA   — AUC: 0.8450  AUPRC: 0.4848  Brier: 0.1105  Acc: 0.8175  F1: 0.5098  (best ep=5, thresh=0.407)

── Fold 4/5 ──────────────────────────────
  CA   — AUC: 0.8466  AUPRC: 0.3617  Brier: 0.1997  Acc: 0.8467  F1: 0.5882  (best ep=60, thresh=0.661)

── Fold 5/5 ──────────────────────────────
  CA   — AUC: 0.8709  AUPRC: 0.4726  Brier: 0.1517  Acc: 0.7883  F1: 0.4912  (best ep=150, thresh=0.362)

===========================================================================
CrossAttn  —  5-Fold CV Summary
===========================================================================
  Fold      AUC-ROC      AUPRC      Brier   Accuracy         F1
  ----------------------------------------------------------
  1          0.8323     0.5131     0.0951     0.9130     0.6471
  2          0.7681     0.3656     0.2087     0.5942     0.3636
  3          0.8450     0.4848     0.1105     0.8175     0.5098
  4          0.8466     0.3617     0.1997     0.8467     0.5882
  5          0.8709     0.4726     0.1517     0.7883     0.4912
  ──────────────────────────────────────────────────────────
  Mean       0.8326     0.4396     0.1531     0.7920     0.5200
  ±Std       0.0346     0.0634     0.0457     0.1072     0.0961
  [M2_2/norm] Evaluating on test set (med_epoch=60, thresh=0.407) ...

=======================================================
CrossAttn Test Evaluation  (scale_clin=True, scale_aec=True, threshold=0.407)
=======================================================
CrossAttn — training final model for 60 epochs on full CV set …

CrossAttn — Test Set (Overall):
  AUC: 0.7827  AUPRC: 0.3356  Brier: 0.1686  Acc: 0.7267  F1: 0.4051

CrossAttn — Test Set (By Sex):
  [M] n=71  AUC: 0.7439  AUPRC: 0.3523  Brier: 0.2123  Acc: 0.6338  F1: 0.4091
              precision    recall  f1-score   support

      Normal       0.95      0.60      0.73        60
  Sarcopenia       0.27      0.82      0.41        11

    accuracy                           0.63        71
   macro avg       0.61      0.71      0.57        71
weighted avg       0.84      0.63      0.68        71

  [F] n=101  AUC: 0.7791  AUPRC: 0.3475  Brier: 0.1378  Acc: 0.7921  F1: 0.4000
              precision    recall  f1-score   support

      Normal       0.96      0.80      0.87        91
  Sarcopenia       0.28      0.70      0.40        10

    accuracy                           0.79       101
   macro avg       0.62      0.75      0.64       101
weighted avg       0.89      0.79      0.83       101


───────────────────────────────────────────────────────
Test Set — Bootstrap CI
───────────────────────────────────────────────────────

  Bootstrap 95% CI — CrossAttn  (n_boot=2000)
  Metric         Estimate   95% CI Lower   95% CI Upper
  ----------------------------------------------------
  AUC-ROC          0.7827         0.6695         0.8816
  AUPRC            0.3356         0.1941         0.5708
  Brier            0.1686         0.1308         0.2122
  Accuracy         0.7267         0.6570         0.7907
  F1               0.4051         0.2597         0.5432
  [M2_2/norm] Saving figures ...

Saved (model 2_2 (norm, unmatched)):
  연구코드/results/0529/t12_pubis/model_2_2\aec256\norm/data_distribution.png
  연구코드/results/0529/t12_pubis/model_2_2\aec256\norm/cv_roc_curves.png
  연구코드/results/0529/t12_pubis/model_2_2\aec256\norm/cv_metric_distribution.png
  연구코드/results/0529/t12_pubis/model_2_2\aec256\norm/training_curves.png
  연구코드/results/0529/t12_pubis/model_2_2\aec256\norm/test_roc_curves.png
  연구코드/results/0529/t12_pubis/model_2_2\aec256\norm/test_roc_by_sex.png
  연구코드/results/0529/t12_pubis/model_2_2\aec256\norm/confusion_matrices.png
  연구코드/results/0529/t12_pubis/model_2_2\aec256\norm/calibration.png
  연구코드/results/0529/t12_pubis/model_2_2\aec256\norm/results.md
  [M2_2/norm] Plotting attention maps ...
  연구코드/results/0529/t12_pubis/model_2_2\aec256\norm/attention_map_c2a.png
  연구코드/results/0529/t12_pubis/model_2_2\aec256\norm/attention_heatmap_c2a.png
  연구코드/results/0529/t12_pubis/model_2_2\aec256\norm/attention_map_a2c.png
  연구코드/results/0529/t12_pubis/model_2_2\aec256\norm/attention_heatmap_a2c.png
  [M2_2/norm] Plotting Grad-CAM ...
  연구코드/results/0529/t12_pubis/model_2_2\aec256\norm/cam_aec_mean.png
  연구코드/results/0529/t12_pubis/model_2_2\aec256\norm/cam_aec_lines.png
  연구코드/results/0529/t12_pubis/model_2_2\aec256\norm/cam_aec_heatmap.png
  [M2_2/norm] Done.

############################################################
  [M2_2 crop80]  (scale_clinic=True, scale_aec=True)
############################################################
  [M2_2/crop80] Cross-validating CrossAttn ...
=======================================================
5-Fold CV  [CrossAttn | scale_clin=True, scale_aec=True]
=======================================================

── Fold 1/5 ──────────────────────────────
  CA   — AUC: 0.8235  AUPRC: 0.3894  Brier: 0.1287  Acc: 0.7826  F1: 0.4643  (best ep=33, thresh=0.425)

── Fold 2/5 ──────────────────────────────
  CA   — AUC: 0.8172  AUPRC: 0.4253  Brier: 0.1893  Acc: 0.7246  F1: 0.4571  (best ep=69, thresh=0.512)

── Fold 3/5 ──────────────────────────────
  CA   — AUC: 0.8502  AUPRC: 0.3925  Brier: 0.1926  Acc: 0.7372  F1: 0.4545  (best ep=7, thresh=0.600)

── Fold 4/5 ──────────────────────────────
  CA   — AUC: 0.8383  AUPRC: 0.4678  Brier: 0.1980  Acc: 0.7591  F1: 0.4590  (best ep=225, thresh=0.611)

── Fold 5/5 ──────────────────────────────
  CA   — AUC: 0.8471  AUPRC: 0.3149  Brier: 0.2621  Acc: 0.7956  F1: 0.5000  (best ep=7, thresh=0.704)

===========================================================================
CrossAttn  —  5-Fold CV Summary
===========================================================================
  Fold      AUC-ROC      AUPRC      Brier   Accuracy         F1
  ----------------------------------------------------------
  1          0.8235     0.3894     0.1287     0.7826     0.4643
  2          0.8172     0.4253     0.1893     0.7246     0.4571
  3          0.8502     0.3925     0.1926     0.7372     0.4545
  4          0.8383     0.4678     0.1980     0.7591     0.4590
  5          0.8471     0.3149     0.2621     0.7956     0.5000
  ──────────────────────────────────────────────────────────
  Mean       0.8353     0.3980     0.1941     0.7598     0.4670
  ±Std       0.0129     0.0502     0.0423     0.0266     0.0168
  [M2_2/crop80] Evaluating on test set (med_epoch=33, thresh=0.600) ...

=======================================================
CrossAttn Test Evaluation  (scale_clin=True, scale_aec=True, threshold=0.600)
=======================================================
CrossAttn — training final model for 33 epochs on full CV set …

CrossAttn — Test Set (Overall):
  AUC: 0.8329  AUPRC: 0.4252  Brier: 0.2043  Acc: 0.7558  F1: 0.4474

CrossAttn — Test Set (By Sex):
  [M] n=71  AUC: 0.8530  AUPRC: 0.5931  Brier: 0.2539  Acc: 0.6479  F1: 0.4444
              precision    recall  f1-score   support

      Normal       0.97      0.60      0.74        60
  Sarcopenia       0.29      0.91      0.44        11

    accuracy                           0.65        71
   macro avg       0.63      0.75      0.59        71
weighted avg       0.87      0.65      0.70        71

  [F] n=101  AUC: 0.8187  AUPRC: 0.2707  Brier: 0.1694  Acc: 0.8317  F1: 0.4516
              precision    recall  f1-score   support

      Normal       0.96      0.85      0.90        91
  Sarcopenia       0.33      0.70      0.45        10

    accuracy                           0.83       101
   macro avg       0.65      0.77      0.68       101
weighted avg       0.90      0.83      0.86       101


───────────────────────────────────────────────────────
Test Set — Bootstrap CI
───────────────────────────────────────────────────────

  Bootstrap 95% CI — CrossAttn  (n_boot=2000)
  Metric         Estimate   95% CI Lower   95% CI Upper
  ----------------------------------------------------
  AUC-ROC          0.8329         0.7429         0.9059
  AUPRC            0.4252         0.2478         0.6208
  Brier            0.2043         0.1669         0.2451
  Accuracy         0.7558         0.6919         0.8140
  F1               0.4474         0.2973         0.5773
  [M2_2/crop80] Saving figures ...

Saved (model 2_2 (crop80, unmatched)):
  연구코드/results/0529/t12_pubis/model_2_2\aec256\crop80/data_distribution.png
  연구코드/results/0529/t12_pubis/model_2_2\aec256\crop80/cv_roc_curves.png
  연구코드/results/0529/t12_pubis/model_2_2\aec256\crop80/cv_metric_distribution.png
  연구코드/results/0529/t12_pubis/model_2_2\aec256\crop80/training_curves.png
  연구코드/results/0529/t12_pubis/model_2_2\aec256\crop80/test_roc_curves.png
  연구코드/results/0529/t12_pubis/model_2_2\aec256\crop80/test_roc_by_sex.png
  연구코드/results/0529/t12_pubis/model_2_2\aec256\crop80/confusion_matrices.png
  연구코드/results/0529/t12_pubis/model_2_2\aec256\crop80/calibration.png
  연구코드/results/0529/t12_pubis/model_2_2\aec256\crop80/results.md
  [M2_2/crop80] Plotting attention maps ...
  연구코드/results/0529/t12_pubis/model_2_2\aec256\crop80/attention_map_c2a.png
  연구코드/results/0529/t12_pubis/model_2_2\aec256\crop80/attention_heatmap_c2a.png
  연구코드/results/0529/t12_pubis/model_2_2\aec256\crop80/attention_map_a2c.png
  연구코드/results/0529/t12_pubis/model_2_2\aec256\crop80/attention_heatmap_a2c.png
  [M2_2/crop80] Plotting Grad-CAM ...
  연구코드/results/0529/t12_pubis/model_2_2\aec256\crop80/cam_aec_mean.png
  연구코드/results/0529/t12_pubis/model_2_2\aec256\crop80/cam_aec_lines.png
  연구코드/results/0529/t12_pubis/model_2_2\aec256\crop80/cam_aec_heatmap.png
  [M2_2/crop80] Done.

############################################################
  [M2_2 crop60]  (scale_clinic=True, scale_aec=True)
############################################################
  [M2_2/crop60] Cross-validating CrossAttn ...
=======================================================
5-Fold CV  [CrossAttn | scale_clin=True, scale_aec=True]
=======================================================

── Fold 1/5 ──────────────────────────────
  CA   — AUC: 0.8138  AUPRC: 0.3749  Brier: 0.1728  Acc: 0.7391  F1: 0.4375  (best ep=160, thresh=0.366)

── Fold 2/5 ──────────────────────────────
  CA   — AUC: 0.7968  AUPRC: 0.4015  Brier: 0.1733  Acc: 0.6884  F1: 0.4267  (best ep=62, thresh=0.319)

── Fold 3/5 ──────────────────────────────
  CA   — AUC: 0.8419  AUPRC: 0.4743  Brier: 0.2335  Acc: 0.8540  F1: 0.5455  (best ep=7, thresh=0.727)

── Fold 4/5 ──────────────────────────────
  CA   — AUC: 0.8032  AUPRC: 0.4631  Brier: 0.1663  Acc: 0.8175  F1: 0.4898  (best ep=11, thresh=0.577)

── Fold 5/5 ──────────────────────────────
  CA   — AUC: 0.8554  AUPRC: 0.4345  Brier: 0.1748  Acc: 0.8102  F1: 0.5185  (best ep=233, thresh=0.619)

===========================================================================
CrossAttn  —  5-Fold CV Summary
===========================================================================
  Fold      AUC-ROC      AUPRC      Brier   Accuracy         F1
  ----------------------------------------------------------
  1          0.8138     0.3749     0.1728     0.7391     0.4375
  2          0.7968     0.4015     0.1733     0.6884     0.4267
  3          0.8419     0.4743     0.2335     0.8540     0.5455
  4          0.8032     0.4631     0.1663     0.8175     0.4898
  5          0.8554     0.4345     0.1748     0.8102     0.5185
  ──────────────────────────────────────────────────────────
  Mean       0.8222     0.4297     0.1842     0.7819     0.4836
  ±Std       0.0227     0.0372     0.0249     0.0597     0.0457
  [M2_2/crop60] Evaluating on test set (med_epoch=62, thresh=0.577) ...

=======================================================
CrossAttn Test Evaluation  (scale_clin=True, scale_aec=True, threshold=0.577)
=======================================================
CrossAttn — training final model for 62 epochs on full CV set …

CrossAttn — Test Set (Overall):
  AUC: 0.8127  AUPRC: 0.3303  Brier: 0.1642  Acc: 0.8081  F1: 0.4762

CrossAttn — Test Set (By Sex):
  [M] n=71  AUC: 0.8273  AUPRC: 0.4393  Brier: 0.2009  Acc: 0.7324  F1: 0.4571
              precision    recall  f1-score   support

      Normal       0.94      0.73      0.82        60
  Sarcopenia       0.33      0.73      0.46        11

    accuracy                           0.73        71
   macro avg       0.63      0.73      0.64        71
weighted avg       0.84      0.73      0.77        71

  [F] n=101  AUC: 0.7967  AUPRC: 0.2969  Brier: 0.1385  Acc: 0.8614  F1: 0.5000
              precision    recall  f1-score   support

      Normal       0.96      0.88      0.92        91
  Sarcopenia       0.39      0.70      0.50        10

    accuracy                           0.86       101
   macro avg       0.68      0.79      0.71       101
weighted avg       0.91      0.86      0.88       101


───────────────────────────────────────────────────────
Test Set — Bootstrap CI
───────────────────────────────────────────────────────

  Bootstrap 95% CI — CrossAttn  (n_boot=2000)
  Metric         Estimate   95% CI Lower   95% CI Upper
  ----------------------------------------------------
  AUC-ROC          0.8127         0.7006         0.9009
  AUPRC            0.3303         0.2108         0.5370
  Brier            0.1642         0.1259         0.2061
  Accuracy         0.8081         0.7442         0.8663
  F1               0.4762         0.3188         0.6182
  [M2_2/crop60] Saving figures ...

Saved (model 2_2 (crop60, unmatched)):
  연구코드/results/0529/t12_pubis/model_2_2\aec256\crop60/data_distribution.png
  연구코드/results/0529/t12_pubis/model_2_2\aec256\crop60/cv_roc_curves.png
  연구코드/results/0529/t12_pubis/model_2_2\aec256\crop60/cv_metric_distribution.png
  연구코드/results/0529/t12_pubis/model_2_2\aec256\crop60/training_curves.png
  연구코드/results/0529/t12_pubis/model_2_2\aec256\crop60/test_roc_curves.png
  연구코드/results/0529/t12_pubis/model_2_2\aec256\crop60/test_roc_by_sex.png
  연구코드/results/0529/t12_pubis/model_2_2\aec256\crop60/confusion_matrices.png
  연구코드/results/0529/t12_pubis/model_2_2\aec256\crop60/calibration.png
  연구코드/results/0529/t12_pubis/model_2_2\aec256\crop60/results.md
  [M2_2/crop60] Plotting attention maps ...
  연구코드/results/0529/t12_pubis/model_2_2\aec256\crop60/attention_map_c2a.png
  연구코드/results/0529/t12_pubis/model_2_2\aec256\crop60/attention_heatmap_c2a.png
  연구코드/results/0529/t12_pubis/model_2_2\aec256\crop60/attention_map_a2c.png
  연구코드/results/0529/t12_pubis/model_2_2\aec256\crop60/attention_heatmap_a2c.png
  [M2_2/crop60] Plotting Grad-CAM ...
  연구코드/results/0529/t12_pubis/model_2_2\aec256\crop60/cam_aec_mean.png
  연구코드/results/0529/t12_pubis/model_2_2\aec256\crop60/cam_aec_lines.png
  연구코드/results/0529/t12_pubis/model_2_2\aec256\crop60/cam_aec_heatmap.png
  [M2_2/crop60] Done.

############################################################
  [M2_2 excl_extreme]  (scale_clinic=True, scale_aec=True)
############################################################
  [M2_2/excl_extreme] Cross-validating CrossAttn ...
=======================================================
5-Fold CV  [CrossAttn | scale_clin=True, scale_aec=True]
=======================================================

── Fold 1/5 ──────────────────────────────
  CA   — AUC: 0.8122  AUPRC: 0.3714  Brier: 0.3219  Acc: 0.7823  F1: 0.4706  (best ep=3, thresh=0.801)

── Fold 2/5 ──────────────────────────────
  CA   — AUC: 0.8758  AUPRC: 0.5430  Brier: 0.1558  Acc: 0.7661  F1: 0.4727  (best ep=231, thresh=0.184)

── Fold 3/5 ──────────────────────────────
  CA   — AUC: 0.8019  AUPRC: 0.3871  Brier: 0.2033  Acc: 0.6585  F1: 0.3824  (best ep=10, thresh=0.518)

── Fold 4/5 ──────────────────────────────
  CA   — AUC: 0.8691  AUPRC: 0.4949  Brier: 0.1884  Acc: 0.8780  F1: 0.5946  (best ep=7, thresh=0.668)

── Fold 5/5 ──────────────────────────────
  CA   — AUC: 0.7693  AUPRC: 0.3198  Brier: 0.2044  Acc: 0.7642  F1: 0.4082  (best ep=107, thresh=0.619)

===========================================================================
CrossAttn  —  5-Fold CV Summary
===========================================================================
  Fold      AUC-ROC      AUPRC      Brier   Accuracy         F1
  ----------------------------------------------------------
  1          0.8122     0.3714     0.3219     0.7823     0.4706
  2          0.8758     0.5430     0.1558     0.7661     0.4727
  3          0.8019     0.3871     0.2033     0.6585     0.3824
  4          0.8691     0.4949     0.1884     0.8780     0.5946
  5          0.7693     0.3198     0.2044     0.7642     0.4082
  ──────────────────────────────────────────────────────────
  Mean       0.8257     0.4232     0.2148     0.7698     0.4657
  ±Std       0.0408     0.0826     0.0563     0.0697     0.0734
  [M2_2/excl_extreme] Evaluating on test set (med_epoch=10, thresh=0.619) ...

=======================================================
CrossAttn Test Evaluation  (scale_clin=True, scale_aec=True, threshold=0.619)
=======================================================
CrossAttn — training final model for 10 epochs on full CV set …

CrossAttn — Test Set (Overall):
  AUC: 0.8764  AUPRC: 0.4707  Brier: 0.1693  Acc: 0.8052  F1: 0.4444

CrossAttn — Test Set (By Sex):
  [M] n=63  AUC: 0.8955  AUPRC: 0.5936  Brier: 0.2000  Acc: 0.7778  F1: 0.5000
              precision    recall  f1-score   support

      Normal       0.98      0.76      0.86        55
  Sarcopenia       0.35      0.88      0.50         8

    accuracy                           0.78        63
   macro avg       0.66      0.82      0.68        63
weighted avg       0.90      0.78      0.81        63

  [F] n=91  AUC: 0.8630  AUPRC: 0.3980  Brier: 0.1480  Acc: 0.8242  F1: 0.3846
              precision    recall  f1-score   support

      Normal       0.96      0.84      0.90        83
  Sarcopenia       0.28      0.62      0.38         8

    accuracy                           0.82        91
   macro avg       0.62      0.73      0.64        91
weighted avg       0.90      0.82      0.85        91


───────────────────────────────────────────────────────
Test Set — Bootstrap CI
───────────────────────────────────────────────────────

  Bootstrap 95% CI — CrossAttn  (n_boot=2000)
  Metric         Estimate   95% CI Lower   95% CI Upper
  ----------------------------------------------------
  AUC-ROC          0.8764         0.7933         0.9396
  AUPRC            0.4707         0.2543         0.6848
  Brier            0.1693         0.1388         0.2028
  Accuracy         0.8052         0.7403         0.8636
  F1               0.4444         0.2580         0.5965
  [M2_2/excl_extreme] Saving figures ...

Saved (model 2_2 (excl_extreme, unmatched)):
  연구코드/results/0529/t12_pubis/model_2_2\aec256\excl_extreme/data_distribution.png
  연구코드/results/0529/t12_pubis/model_2_2\aec256\excl_extreme/cv_roc_curves.png
  연구코드/results/0529/t12_pubis/model_2_2\aec256\excl_extreme/cv_metric_distribution.png
  연구코드/results/0529/t12_pubis/model_2_2\aec256\excl_extreme/training_curves.png
  연구코드/results/0529/t12_pubis/model_2_2\aec256\excl_extreme/test_roc_curves.png
  연구코드/results/0529/t12_pubis/model_2_2\aec256\excl_extreme/test_roc_by_sex.png
  연구코드/results/0529/t12_pubis/model_2_2\aec256\excl_extreme/confusion_matrices.png
  연구코드/results/0529/t12_pubis/model_2_2\aec256\excl_extreme/calibration.png
  연구코드/results/0529/t12_pubis/model_2_2\aec256\excl_extreme/results.md
  [M2_2/excl_extreme] Plotting attention maps ...
  연구코드/results/0529/t12_pubis/model_2_2\aec256\excl_extreme/attention_map_c2a.png
  연구코드/results/0529/t12_pubis/model_2_2\aec256\excl_extreme/attention_heatmap_c2a.png
  연구코드/results/0529/t12_pubis/model_2_2\aec256\excl_extreme/attention_map_a2c.png
  연구코드/results/0529/t12_pubis/model_2_2\aec256\excl_extreme/attention_heatmap_a2c.png
  [M2_2/excl_extreme] Plotting Grad-CAM ...
  연구코드/results/0529/t12_pubis/model_2_2\aec256\excl_extreme/cam_aec_mean.png
  연구코드/results/0529/t12_pubis/model_2_2\aec256\excl_extreme/cam_aec_lines.png
  연구코드/results/0529/t12_pubis/model_2_2\aec256\excl_extreme/cam_aec_heatmap.png
  [M2_2/excl_extreme] Done.
