============================================================
  MODEL 2 — Clinic + AEC (aec256)  (5 AEC variants × 1 case)
============================================================

############################################################
  [M2 len256] CASE : scale_both  (scale_clinic=True, scale_aec=True)
############################################################
=======================================================
5-Fold CV  [CrossAttn | scale_clin=True, scale_aec=True]
=======================================================

── Fold 1/5 ──────────────────────────────
  CA   — AUC: 0.8705  AUPRC: 0.3763  Brier: 0.2011  Acc: 0.6559  F1: 0.3846  (best ep=3)

── Fold 2/5 ──────────────────────────────
  CA   — AUC: 0.8063  AUPRC: 0.3503  Brier: 0.1739  Acc: 0.7258  F1: 0.3377  (best ep=8)

── Fold 3/5 ──────────────────────────────
  CA   — AUC: 0.8958  AUPRC: 0.5588  Brier: 0.1760  Acc: 0.6935  F1: 0.4000  (best ep=5)

── Fold 4/5 ──────────────────────────────
  CA   — AUC: 0.8904  AUPRC: 0.5120  Brier: 0.1449  Acc: 0.7527  F1: 0.4524  (best ep=63)

── Fold 5/5 ──────────────────────────────
  CA   — AUC: 0.8431  AUPRC: 0.4986  Brier: 0.1659  Acc: 0.6703  F1: 0.3441  (best ep=6)

===========================================================================
CrossAttn  —  5-Fold CV Summary
===========================================================================
  Fold      AUC-ROC      AUPRC      Brier   Accuracy         F1
  ----------------------------------------------------------
  1          0.8705     0.3763     0.2011     0.6559     0.3846
  2          0.8063     0.3503     0.1739     0.7258     0.3377
  3          0.8958     0.5588     0.1760     0.6935     0.4000
  4          0.8904     0.5120     0.1449     0.7527     0.4524
  5          0.8431     0.4986     0.1659     0.6703     0.3441
  ──────────────────────────────────────────────────────────
  Mean       0.8612     0.4592     0.1724     0.6996     0.3837
  ±Std       0.0331     0.0812     0.0181     0.0355     0.0416

=======================================================
CrossAttn Test Evaluation  (scale_clin=True, scale_aec=True)
=======================================================
CrossAttn — training final model for 6 epochs on full CV set …

CrossAttn — Test Set (Overall):
  AUC: 0.7000  AUPRC: 0.3003  Brier: 0.1501  Acc: 0.7725  F1: 0.3117

CrossAttn — Test Set (By Sex):
  [M] n=81  AUC: 0.6844  AUPRC: 0.3998  Brier: 0.2089  Acc: 0.6543  F1: 0.3636
              precision    recall  f1-score   support

      Normal       0.90      0.66      0.76        68
  Sarcopenia       0.26      0.62      0.36        13

    accuracy                           0.65        81
   macro avg       0.58      0.64      0.56        81
weighted avg       0.80      0.65      0.70        81

  [F] n=152  AUC: 0.6845  AUPRC: 0.2385  Brier: 0.1188  Acc: 0.8355  F1: 0.2424
              precision    recall  f1-score   support

      Normal       0.94      0.88      0.91       140
  Sarcopenia       0.19      0.33      0.24        12

    accuracy                           0.84       152
   macro avg       0.56      0.61      0.58       152
weighted avg       0.88      0.84      0.86       152


───────────────────────────────────────────────────────
Test Set — Bootstrap CI
───────────────────────────────────────────────────────

  Bootstrap 95% CI — CrossAttn  (n_boot=2000)
  Metric         Estimate   95% CI Lower   95% CI Upper
  ----------------------------------------------------
  AUC-ROC          0.7000         0.5731         0.8134
  AUPRC            0.3003         0.1497         0.4845
  Brier            0.1501         0.1185         0.1835
  Accuracy         0.7725         0.7167         0.8240
  F1               0.3117         0.1690         0.4390

Saved (model 2 (len256)):
  연구코드/results/0522/model_2\aec256\len256\scale_both/data_distribution.png
  연구코드/results/0522/model_2\aec256\len256\scale_both/cv_roc_curves.png
  연구코드/results/0522/model_2\aec256\len256\scale_both/cv_metric_distribution.png
  연구코드/results/0522/model_2\aec256\len256\scale_both/training_curves.png
  연구코드/results/0522/model_2\aec256\len256\scale_both/test_roc_curves.png
  연구코드/results/0522/model_2\aec256\len256\scale_both/test_roc_by_sex.png
  연구코드/results/0522/model_2\aec256\len256\scale_both/confusion_matrices.png
  연구코드/results/0522/model_2\aec256\len256\scale_both/calibration.png
  연구코드/results/0522/model_2\aec256\len256\scale_both/results.md

############################################################
  [M2 crop80] CASE : scale_both  (scale_clinic=True, scale_aec=True)
############################################################
=======================================================
5-Fold CV  [CrossAttn | scale_clin=True, scale_aec=True]
=======================================================

── Fold 1/5 ──────────────────────────────
  CA   — AUC: 0.8735  AUPRC: 0.3492  Brier: 0.1328  Acc: 0.8226  F1: 0.5075  (best ep=14)

── Fold 2/5 ──────────────────────────────
  CA   — AUC: 0.7997  AUPRC: 0.4158  Brier: 0.1516  Acc: 0.7527  F1: 0.3784  (best ep=5)

── Fold 3/5 ──────────────────────────────
  CA   — AUC: 0.9051  AUPRC: 0.5674  Brier: 0.1743  Acc: 0.6828  F1: 0.4040  (best ep=11)

── Fold 4/5 ──────────────────────────────
  CA   — AUC: 0.8750  AUPRC: 0.4213  Brier: 0.1289  Acc: 0.7957  F1: 0.4571  (best ep=89)

── Fold 5/5 ──────────────────────────────
  CA   — AUC: 0.8573  AUPRC: 0.4901  Brier: 0.2053  Acc: 0.6324  F1: 0.3333  (best ep=10)

===========================================================================
CrossAttn  —  5-Fold CV Summary
===========================================================================
  Fold      AUC-ROC      AUPRC      Brier   Accuracy         F1
  ----------------------------------------------------------
  1          0.8735     0.3492     0.1328     0.8226     0.5075
  2          0.7997     0.4158     0.1516     0.7527     0.3784
  3          0.9051     0.5674     0.1743     0.6828     0.4040
  4          0.8750     0.4213     0.1289     0.7957     0.4571
  5          0.8573     0.4901     0.2053     0.6324     0.3333
  ──────────────────────────────────────────────────────────
  Mean       0.8621     0.4487     0.1586     0.7372     0.4161
  ±Std       0.0348     0.0742     0.0284     0.0706     0.0607

=======================================================
CrossAttn Test Evaluation  (scale_clin=True, scale_aec=True)
=======================================================
CrossAttn — training final model for 11 epochs on full CV set …

CrossAttn — Test Set (Overall):
  AUC: 0.6687  AUPRC: 0.2738  Brier: 0.2256  Acc: 0.6524  F1: 0.2703

CrossAttn — Test Set (By Sex):
  [M] n=81  AUC: 0.6493  AUPRC: 0.3509  Brier: 0.2796  Acc: 0.6173  F1: 0.3673
              precision    recall  f1-score   support

      Normal       0.91      0.60      0.73        68
  Sarcopenia       0.25      0.69      0.37        13

    accuracy                           0.62        81
   macro avg       0.58      0.65      0.55        81
weighted avg       0.81      0.62      0.67        81

  [F] n=152  AUC: 0.6577  AUPRC: 0.2236  Brier: 0.1968  Acc: 0.6711  F1: 0.1935
              precision    recall  f1-score   support

      Normal       0.94      0.69      0.79       140
  Sarcopenia       0.12      0.50      0.19        12

    accuracy                           0.67       152
   macro avg       0.53      0.59      0.49       152
weighted avg       0.88      0.67      0.75       152


───────────────────────────────────────────────────────
Test Set — Bootstrap CI
───────────────────────────────────────────────────────

  Bootstrap 95% CI — CrossAttn  (n_boot=2000)
  Metric         Estimate   95% CI Lower   95% CI Upper
  ----------------------------------------------------
  AUC-ROC          0.6687         0.5383         0.7822
  AUPRC            0.2738         0.1292         0.4530
  Brier            0.2256         0.1912         0.2634
  Accuracy         0.6524         0.5880         0.7124
  F1               0.2703         0.1553         0.3726

Saved (model 2 (crop80)):
  연구코드/results/0522/model_2\aec256\crop80\scale_both/data_distribution.png
  연구코드/results/0522/model_2\aec256\crop80\scale_both/cv_roc_curves.png
  연구코드/results/0522/model_2\aec256\crop80\scale_both/cv_metric_distribution.png
  연구코드/results/0522/model_2\aec256\crop80\scale_both/training_curves.png
  연구코드/results/0522/model_2\aec256\crop80\scale_both/test_roc_curves.png
  연구코드/results/0522/model_2\aec256\crop80\scale_both/test_roc_by_sex.png
  연구코드/results/0522/model_2\aec256\crop80\scale_both/confusion_matrices.png
  연구코드/results/0522/model_2\aec256\crop80\scale_both/calibration.png
  연구코드/results/0522/model_2\aec256\crop80\scale_both/results.md

############################################################
  [M2 crop60] CASE : scale_both  (scale_clinic=True, scale_aec=True)
############################################################
=======================================================
5-Fold CV  [CrossAttn | scale_clin=True, scale_aec=True]
=======================================================

── Fold 1/5 ──────────────────────────────
  CA   — AUC: 0.8813  AUPRC: 0.4180  Brier: 0.1488  Acc: 0.7957  F1: 0.4722  (best ep=30)

── Fold 2/5 ──────────────────────────────
  CA   — AUC: 0.7988  AUPRC: 0.3659  Brier: 0.2055  Acc: 0.6398  F1: 0.3495  (best ep=1)

── Fold 3/5 ──────────────────────────────
  CA   — AUC: 0.8952  AUPRC: 0.5571  Brier: 0.1803  Acc: 0.7312  F1: 0.4186  (best ep=11)

── Fold 4/5 ──────────────────────────────
  CA   — AUC: 0.8678  AUPRC: 0.5177  Brier: 0.1301  Acc: 0.7849  F1: 0.4118  (best ep=60)

── Fold 5/5 ──────────────────────────────
  CA   — AUC: 0.8380  AUPRC: 0.5335  Brier: 0.2086  Acc: 0.6703  F1: 0.3441  (best ep=42)

===========================================================================
CrossAttn  —  5-Fold CV Summary
===========================================================================
  Fold      AUC-ROC      AUPRC      Brier   Accuracy         F1
  ----------------------------------------------------------
  1          0.8813     0.4180     0.1488     0.7957     0.4722
  2          0.7988     0.3659     0.2055     0.6398     0.3495
  3          0.8952     0.5571     0.1803     0.7312     0.4186
  4          0.8678     0.5177     0.1301     0.7849     0.4118
  5          0.8380     0.5335     0.2086     0.6703     0.3441
  ──────────────────────────────────────────────────────────
  Mean       0.8562     0.4784     0.1747     0.7244     0.3992
  ±Std       0.0344     0.0736     0.0310     0.0615     0.0477

=======================================================
CrossAttn Test Evaluation  (scale_clin=True, scale_aec=True)
=======================================================
CrossAttn — training final model for 30 epochs on full CV set …

CrossAttn — Test Set (Overall):
  AUC: 0.6867  AUPRC: 0.2492  Brier: 0.1702  Acc: 0.7597  F1: 0.2821

CrossAttn — Test Set (By Sex):
  [M] n=81  AUC: 0.6538  AUPRC: 0.3265  Brier: 0.2300  Acc: 0.6667  F1: 0.3077
              precision    recall  f1-score   support

      Normal       0.87      0.71      0.78        68
  Sarcopenia       0.23      0.46      0.31        13

    accuracy                           0.67        81
   macro avg       0.55      0.58      0.54        81
weighted avg       0.77      0.67      0.70        81

  [F] n=152  AUC: 0.6839  AUPRC: 0.1994  Brier: 0.1384  Acc: 0.8092  F1: 0.2564
              precision    recall  f1-score   support

      Normal       0.94      0.84      0.89       140
  Sarcopenia       0.19      0.42      0.26        12

    accuracy                           0.81       152
   macro avg       0.56      0.63      0.57       152
weighted avg       0.88      0.81      0.84       152


───────────────────────────────────────────────────────
Test Set — Bootstrap CI
───────────────────────────────────────────────────────

  Bootstrap 95% CI — CrossAttn  (n_boot=2000)
  Metric         Estimate   95% CI Lower   95% CI Upper
  ----------------------------------------------------
  AUC-ROC          0.6867         0.5681         0.7911
  AUPRC            0.2492         0.1227         0.4273
  Brier            0.1702         0.1374         0.2047
  Accuracy         0.7597         0.7039         0.8113
  F1               0.2821         0.1463         0.4063

Saved (model 2 (crop60)):
  연구코드/results/0522/model_2\aec256\crop60\scale_both/data_distribution.png
  연구코드/results/0522/model_2\aec256\crop60\scale_both/cv_roc_curves.png
  연구코드/results/0522/model_2\aec256\crop60\scale_both/cv_metric_distribution.png
  연구코드/results/0522/model_2\aec256\crop60\scale_both/training_curves.png
  연구코드/results/0522/model_2\aec256\crop60\scale_both/test_roc_curves.png
  연구코드/results/0522/model_2\aec256\crop60\scale_both/test_roc_by_sex.png
  연구코드/results/0522/model_2\aec256\crop60\scale_both/confusion_matrices.png
  연구코드/results/0522/model_2\aec256\crop60\scale_both/calibration.png
  연구코드/results/0522/model_2\aec256\crop60\scale_both/results.md

############################################################
  [M2 norm] CASE : scale_both  (scale_clinic=True, scale_aec=True)
############################################################
=======================================================
5-Fold CV  [CrossAttn | scale_clin=True, scale_aec=True]
=======================================================

── Fold 1/5 ──────────────────────────────
  CA   — AUC: 0.8765  AUPRC: 0.4056  Brier: 0.2067  Acc: 0.6882  F1: 0.4082  (best ep=22)

── Fold 2/5 ──────────────────────────────
  CA   — AUC: 0.7970  AUPRC: 0.3485  Brier: 0.2105  Acc: 0.6667  F1: 0.3542  (best ep=1)

── Fold 3/5 ──────────────────────────────
  CA   — AUC: 0.8880  AUPRC: 0.4419  Brier: 0.1293  Acc: 0.8118  F1: 0.5070  (best ep=77)

── Fold 4/5 ──────────────────────────────
  CA   — AUC: 0.8663  AUPRC: 0.3270  Brier: 0.1639  Acc: 0.7527  F1: 0.4390  (best ep=5)

── Fold 5/5 ──────────────────────────────
  CA   — AUC: 0.8678  AUPRC: 0.5171  Brier: 0.1447  Acc: 0.7784  F1: 0.4384  (best ep=103)

===========================================================================
CrossAttn  —  5-Fold CV Summary
===========================================================================
  Fold      AUC-ROC      AUPRC      Brier   Accuracy         F1
  ----------------------------------------------------------
  1          0.8765     0.4056     0.2067     0.6882     0.4082
  2          0.7970     0.3485     0.2105     0.6667     0.3542
  3          0.8880     0.4419     0.1293     0.8118     0.5070
  4          0.8663     0.3270     0.1639     0.7527     0.4390
  5          0.8678     0.5171     0.1447     0.7784     0.4384
  ──────────────────────────────────────────────────────────
  Mean       0.8591     0.4080     0.1710     0.7395     0.4294
  ±Std       0.0320     0.0681     0.0326     0.0545     0.0496

=======================================================
CrossAttn Test Evaluation  (scale_clin=True, scale_aec=True)
=======================================================
CrossAttn — training final model for 22 epochs on full CV set …

CrossAttn — Test Set (Overall):
  AUC: 0.6888  AUPRC: 0.2641  Brier: 0.1775  Acc: 0.7339  F1: 0.3111

CrossAttn — Test Set (By Sex):
  [M] n=81  AUC: 0.6765  AUPRC: 0.3311  Brier: 0.2458  Acc: 0.6296  F1: 0.3750
              precision    recall  f1-score   support

      Normal       0.91      0.62      0.74        68
  Sarcopenia       0.26      0.69      0.38        13

    accuracy                           0.63        81
   macro avg       0.59      0.65      0.56        81
weighted avg       0.81      0.63      0.68        81

  [F] n=152  AUC: 0.6530  AUPRC: 0.2299  Brier: 0.1411  Acc: 0.7895  F1: 0.2381
              precision    recall  f1-score   support

      Normal       0.94      0.82      0.88       140
  Sarcopenia       0.17      0.42      0.24        12

    accuracy                           0.79       152
   macro avg       0.55      0.62      0.56       152
weighted avg       0.88      0.79      0.83       152


───────────────────────────────────────────────────────
Test Set — Bootstrap CI
───────────────────────────────────────────────────────

  Bootstrap 95% CI — CrossAttn  (n_boot=2000)
  Metric         Estimate   95% CI Lower   95% CI Upper
  ----------------------------------------------------
  AUC-ROC          0.6888         0.5609         0.7997
  AUPRC            0.2641         0.1378         0.4405
  Brier            0.1775         0.1455         0.2152
  Accuracy         0.7339         0.6738         0.7897
  F1               0.3111         0.1795         0.4286

Saved (model 2 (norm)):
  연구코드/results/0522/model_2\aec256\norm\scale_both/data_distribution.png
  연구코드/results/0522/model_2\aec256\norm\scale_both/cv_roc_curves.png
  연구코드/results/0522/model_2\aec256\norm\scale_both/cv_metric_distribution.png
  연구코드/results/0522/model_2\aec256\norm\scale_both/training_curves.png
  연구코드/results/0522/model_2\aec256\norm\scale_both/test_roc_curves.png
  연구코드/results/0522/model_2\aec256\norm\scale_both/test_roc_by_sex.png
  연구코드/results/0522/model_2\aec256\norm\scale_both/confusion_matrices.png
  연구코드/results/0522/model_2\aec256\norm\scale_both/calibration.png
  연구코드/results/0522/model_2\aec256\norm\scale_both/results.md

############################################################
  [M2 excl_extreme] CASE : scale_both  (scale_clinic=True, scale_aec=True)
############################################################
=======================================================
5-Fold CV  [CrossAttn | scale_clin=True, scale_aec=True]
=======================================================

── Fold 1/5 ──────────────────────────────
  CA   — AUC: 0.8543  AUPRC: 0.2973  Brier: 0.1951  Acc: 0.6766  F1: 0.3415  (best ep=9)

── Fold 2/5 ──────────────────────────────
  CA   — AUC: 0.8596  AUPRC: 0.5896  Brier: 0.1665  Acc: 0.7006  F1: 0.3421  (best ep=3)

── Fold 3/5 ──────────────────────────────
  CA   — AUC: 0.8435  AUPRC: 0.4498  Brier: 0.1713  Acc: 0.7066  F1: 0.3797  (best ep=34)

── Fold 4/5 ──────────────────────────────
  CA   — AUC: 0.8541  AUPRC: 0.3898  Brier: 0.2144  Acc: 0.6347  F1: 0.3297  (best ep=3)

── Fold 5/5 ──────────────────────────────
  CA   — AUC: 0.8604  AUPRC: 0.4643  Brier: 0.1168  Acc: 0.8024  F1: 0.3529  (best ep=8)

===========================================================================
CrossAttn  —  5-Fold CV Summary
===========================================================================
  Fold      AUC-ROC      AUPRC      Brier   Accuracy         F1
  ----------------------------------------------------------
  1          0.8543     0.2973     0.1951     0.6766     0.3415
  2          0.8596     0.5896     0.1665     0.7006     0.3421
  3          0.8435     0.4498     0.1713     0.7066     0.3797
  4          0.8541     0.3898     0.2144     0.6347     0.3297
  5          0.8604     0.4643     0.1168     0.8024     0.3529
  ──────────────────────────────────────────────────────────
  Mean       0.8544     0.4382     0.1728     0.7042     0.3492
  ±Std       0.0060     0.0959     0.0329     0.0552     0.0170

=======================================================
CrossAttn Test Evaluation  (scale_clin=True, scale_aec=True)
=======================================================
CrossAttn — training final model for 8 epochs on full CV set …

CrossAttn — Test Set (Overall):
  AUC: 0.7151  AUPRC: 0.3089  Brier: 0.1729  Acc: 0.7225  F1: 0.3095

CrossAttn — Test Set (By Sex):
  [M] n=67  AUC: 0.6981  AUPRC: 0.3704  Brier: 0.2089  Acc: 0.6716  F1: 0.3889
              precision    recall  f1-score   support

      Normal       0.90      0.68      0.78        56
  Sarcopenia       0.28      0.64      0.39        11

    accuracy                           0.67        67
   macro avg       0.59      0.66      0.58        67
weighted avg       0.80      0.67      0.71        67

  [F] n=142  AUC: 0.7224  AUPRC: 0.2790  Brier: 0.1559  Acc: 0.7465  F1: 0.2500
              precision    recall  f1-score   support

      Normal       0.95      0.76      0.85       131
  Sarcopenia       0.16      0.55      0.25        11

    accuracy                           0.75       142
   macro avg       0.56      0.65      0.55       142
weighted avg       0.89      0.75      0.80       142


───────────────────────────────────────────────────────
Test Set — Bootstrap CI
───────────────────────────────────────────────────────

  Bootstrap 95% CI — CrossAttn  (n_boot=2000)
  Metric         Estimate   95% CI Lower   95% CI Upper
  ----------------------------------------------------
  AUC-ROC          0.7151         0.5849         0.8320
  AUPRC            0.3089         0.1523         0.5043
  Brier            0.1729         0.1389         0.2063
  Accuracy         0.7225         0.6555         0.7847
  F1               0.3095         0.1791         0.4396

Saved (model 2 (excl_extreme)):
  연구코드/results/0522/model_2\aec256\excl_extreme\scale_both/data_distribution.png
  연구코드/results/0522/model_2\aec256\excl_extreme\scale_both/cv_roc_curves.png
  연구코드/results/0522/model_2\aec256\excl_extreme\scale_both/cv_metric_distribution.png
  연구코드/results/0522/model_2\aec256\excl_extreme\scale_both/training_curves.png
  연구코드/results/0522/model_2\aec256\excl_extreme\scale_both/test_roc_curves.png
  연구코드/results/0522/model_2\aec256\excl_extreme\scale_both/test_roc_by_sex.png
  연구코드/results/0522/model_2\aec256\excl_extreme\scale_both/confusion_matrices.png
  연구코드/results/0522/model_2\aec256\excl_extreme\scale_both/calibration.png
  연구코드/results/0522/model_2\aec256\excl_extreme\scale_both/results.md
