============================================================
  MODEL 2 — Clinic + AEC (aec103)  (4 AEC variants)
============================================================

############################################################
  [M2 raw]  (scale_clinic=True, scale_aec=none)
############################################################
  [M2/raw] Cross-validating CrossAttn ...
=======================================================
5-Fold CV  [CrossAttn | scale_clin=True, scale_aec=none]
=======================================================

── Fold 1/5 ──────────────────────────────
  CA   — AUC: 0.8064  AUPRC: 0.3594  Brier: 0.2660  Acc: 0.8525  F1: 0.4706  (best ep=463, thresh=0.689)

── Fold 2/5 ──────────────────────────────
  CA   — AUC: 0.8354  AUPRC: 0.5216  Brier: 0.2510  Acc: 0.8579  F1: 0.5000  (best ep=491, thresh=0.627)

── Fold 3/5 ──────────────────────────────
  CA   — AUC: 0.7824  AUPRC: 0.3266  Brier: 0.2760  Acc: 0.7486  F1: 0.3611  (best ep=473, thresh=0.649)

── Fold 4/5 ──────────────────────────────
  CA   — AUC: 0.7920  AUPRC: 0.3459  Brier: 0.2472  Acc: 0.6612  F1: 0.3673  (best ep=349, thresh=0.535)

── Fold 5/5 ──────────────────────────────
  CA   — AUC: 0.8053  AUPRC: 0.3712  Brier: 0.2514  Acc: 0.7253  F1: 0.3902  (best ep=498, thresh=0.590)

===========================================================================
CrossAttn  —  5-Fold CV Summary
===========================================================================
  Fold      AUC-ROC      AUPRC      Brier   Accuracy         F1
  ----------------------------------------------------------
  1          0.8064     0.3594     0.2660     0.8525     0.4706
  2          0.8354     0.5216     0.2510     0.8579     0.5000
  3          0.7824     0.3266     0.2760     0.7486     0.3611
  4          0.7920     0.3459     0.2472     0.6612     0.3673
  5          0.8053     0.3712     0.2514     0.7253     0.3902
  ──────────────────────────────────────────────────────────
  Mean       0.8043     0.3849     0.2583     0.7691     0.4179
  ±Std       0.0179     0.0699     0.0109     0.0759     0.0567
  [M2/raw] Evaluating on test set (med_epoch=473, thresh=0.627) ...

=======================================================
CrossAttn Test Evaluation  (scale_clin=True, scale_aec=none, threshold=0.627)
=======================================================
CrossAttn — training final model for 473 epochs on full CV set …
  [CrossAttn] Model weights saved → 연구코드/results/0605/stage2_1e-05_epoch500/model_2\crop80\raw\M2_raw_weights.pt

CrossAttn — Test Set (Overall):
  AUC: 0.7878  AUPRC: 0.2886  Brier: 0.2582  Acc: 0.7336  F1: 0.3579

CrossAttn — Test Set (By Sex):
  [M] n=82  AUC: 0.7213  AUPRC: 0.3414  Brier: 0.2991  Acc: 0.6585  F1: 0.4400
              precision    recall  f1-score   support

      Normal       0.96      0.62      0.75        69
  Sarcopenia       0.30      0.85      0.44        13

    accuracy                           0.66        82
   macro avg       0.63      0.73      0.60        82
weighted avg       0.85      0.66      0.70        82

  [F] n=147  AUC: 0.8282  AUPRC: 0.2492  Brier: 0.2354  Acc: 0.7755  F1: 0.2667
              precision    recall  f1-score   support

      Normal       0.96      0.79      0.87       136
  Sarcopenia       0.18      0.55      0.27        11

    accuracy                           0.78       147
   macro avg       0.57      0.67      0.57       147
weighted avg       0.90      0.78      0.82       147


───────────────────────────────────────────────────────
Test Set — Bootstrap CI
───────────────────────────────────────────────────────

  Bootstrap 95% CI — CrossAttn  (n_boot=2000)
  Metric         Estimate   95% CI Lower   95% CI Upper
  ----------------------------------------------------
  AUC-ROC          0.7878         0.6868         0.8716
  AUPRC            0.2886         0.1723         0.4468
  Brier            0.2582         0.2306         0.2834
  Accuracy         0.7336         0.6769         0.7904
  F1               0.3579         0.2326         0.4808
  [M2/raw] Saving figures ...

Saved (model 2 (raw)):
  연구코드/results/0605/stage2_1e-05_epoch500/model_2\crop80\raw/data_distribution.png
  연구코드/results/0605/stage2_1e-05_epoch500/model_2\crop80\raw/cv_roc_curves.png
  연구코드/results/0605/stage2_1e-05_epoch500/model_2\crop80\raw/cv_metric_distribution.png
  연구코드/results/0605/stage2_1e-05_epoch500/model_2\crop80\raw/training_curves.png
  연구코드/results/0605/stage2_1e-05_epoch500/model_2\crop80\raw/test_roc_curves.png
  연구코드/results/0605/stage2_1e-05_epoch500/model_2\crop80\raw/test_roc_by_sex.png
  연구코드/results/0605/stage2_1e-05_epoch500/model_2\crop80\raw/confusion_matrices.png
  연구코드/results/0605/stage2_1e-05_epoch500/model_2\crop80\raw/calibration.png
  연구코드/results/0605/stage2_1e-05_epoch500/model_2\crop80\raw/results.md
  [M2/raw] Plotting attention maps ...
  연구코드/results/0605/stage2_1e-05_epoch500/model_2\crop80\raw/attention_map_c2a.png
  연구코드/results/0605/stage2_1e-05_epoch500/model_2\crop80\raw/attention_heatmap_c2a.png
  연구코드/results/0605/stage2_1e-05_epoch500/model_2\crop80\raw/attention_map_a2c.png
  연구코드/results/0605/stage2_1e-05_epoch500/model_2\crop80\raw/attention_heatmap_a2c.png
  [M2/raw] Plotting Grad-CAM ...
  연구코드/results/0605/stage2_1e-05_epoch500/model_2\crop80\raw/cam_aec_mean.png
  연구코드/results/0605/stage2_1e-05_epoch500/model_2\crop80\raw/cam_aec_lines.png
  연구코드/results/0605/stage2_1e-05_epoch500/model_2\crop80\raw/cam_aec_heatmap.png
  [M2/raw] Done.

############################################################
  [M2 std_scaled]  (scale_clinic=True, scale_aec=column)
############################################################
  [M2/std_scaled] Cross-validating CrossAttn ...
=======================================================
5-Fold CV  [CrossAttn | scale_clin=True, scale_aec=column]
=======================================================

── Fold 1/5 ──────────────────────────────
  CA   — AUC: 0.8160  AUPRC: 0.3973  Brier: 0.2688  Acc: 0.6995  F1: 0.3820  (best ep=411, thresh=0.582)

── Fold 2/5 ──────────────────────────────
  CA   — AUC: 0.8334  AUPRC: 0.4861  Brier: 0.2462  Acc: 0.8251  F1: 0.4667  (best ep=363, thresh=0.654)

── Fold 3/5 ──────────────────────────────
  CA   — AUC: 0.7500  AUPRC: 0.2998  Brier: 0.2778  Acc: 0.7814  F1: 0.3750  (best ep=473, thresh=0.664)

── Fold 4/5 ──────────────────────────────
  CA   — AUC: 0.7760  AUPRC: 0.3639  Brier: 0.2443  Acc: 0.7760  F1: 0.4058  (best ep=485, thresh=0.622)

── Fold 5/5 ──────────────────────────────
  CA   — AUC: 0.8276  AUPRC: 0.3522  Brier: 0.2418  Acc: 0.8626  F1: 0.5098  (best ep=436, thresh=0.695)

===========================================================================
CrossAttn  —  5-Fold CV Summary
===========================================================================
  Fold      AUC-ROC      AUPRC      Brier   Accuracy         F1
  ----------------------------------------------------------
  1          0.8160     0.3973     0.2688     0.6995     0.3820
  2          0.8334     0.4861     0.2462     0.8251     0.4667
  3          0.7500     0.2998     0.2778     0.7814     0.3750
  4          0.7760     0.3639     0.2443     0.7760     0.4058
  5          0.8276     0.3522     0.2418     0.8626     0.5098
  ──────────────────────────────────────────────────────────
  Mean       0.8006     0.3799     0.2558     0.7889     0.4279
  ±Std       0.0323     0.0617     0.0147     0.0547     0.0522
  [M2/std_scaled] Evaluating on test set (med_epoch=436, thresh=0.654) ...

=======================================================
CrossAttn Test Evaluation  (scale_clin=True, scale_aec=column, threshold=0.654)
=======================================================
CrossAttn — training final model for 436 epochs on full CV set …
  [CrossAttn] Model weights saved → 연구코드/results/0605/stage2_1e-05_epoch500/model_2\crop80\std_scaled\M2_std_scaled_weights.pt

CrossAttn — Test Set (Overall):
  AUC: 0.8018  AUPRC: 0.2925  Brier: 0.2599  Acc: 0.7729  F1: 0.3659

CrossAttn — Test Set (By Sex):
  [M] n=82  AUC: 0.7258  AUPRC: 0.3343  Brier: 0.3060  Acc: 0.7073  F1: 0.4545
              precision    recall  f1-score   support

      Normal       0.94      0.70      0.80        69
  Sarcopenia       0.32      0.77      0.45        13

    accuracy                           0.71        82
   macro avg       0.63      0.73      0.63        82
weighted avg       0.84      0.71      0.75        82

  [F] n=147  AUC: 0.8336  AUPRC: 0.3352  Brier: 0.2342  Acc: 0.8095  F1: 0.2632
              precision    recall  f1-score   support

      Normal       0.95      0.84      0.89       136
  Sarcopenia       0.19      0.45      0.26        11

    accuracy                           0.81       147
   macro avg       0.57      0.65      0.58       147
weighted avg       0.89      0.81      0.84       147


───────────────────────────────────────────────────────
Test Set — Bootstrap CI
───────────────────────────────────────────────────────

  Bootstrap 95% CI — CrossAttn  (n_boot=2000)
  Metric         Estimate   95% CI Lower   95% CI Upper
  ----------------------------------------------------
  AUC-ROC          0.8018         0.7281         0.8724
  AUPRC            0.2925         0.1754         0.4673
  Brier            0.2599         0.2331         0.2850
  Accuracy         0.7729         0.7205         0.8253
  F1               0.3659         0.2338         0.5000
  [M2/std_scaled] Saving figures ...

Saved (model 2 (std_scaled)):
  연구코드/results/0605/stage2_1e-05_epoch500/model_2\crop80\std_scaled/data_distribution.png
  연구코드/results/0605/stage2_1e-05_epoch500/model_2\crop80\std_scaled/cv_roc_curves.png
  연구코드/results/0605/stage2_1e-05_epoch500/model_2\crop80\std_scaled/cv_metric_distribution.png
  연구코드/results/0605/stage2_1e-05_epoch500/model_2\crop80\std_scaled/training_curves.png
  연구코드/results/0605/stage2_1e-05_epoch500/model_2\crop80\std_scaled/test_roc_curves.png
  연구코드/results/0605/stage2_1e-05_epoch500/model_2\crop80\std_scaled/test_roc_by_sex.png
  연구코드/results/0605/stage2_1e-05_epoch500/model_2\crop80\std_scaled/confusion_matrices.png
  연구코드/results/0605/stage2_1e-05_epoch500/model_2\crop80\std_scaled/calibration.png
  연구코드/results/0605/stage2_1e-05_epoch500/model_2\crop80\std_scaled/results.md
  [M2/std_scaled] Plotting attention maps ...
  연구코드/results/0605/stage2_1e-05_epoch500/model_2\crop80\std_scaled/attention_map_c2a.png
  연구코드/results/0605/stage2_1e-05_epoch500/model_2\crop80\std_scaled/attention_heatmap_c2a.png
  연구코드/results/0605/stage2_1e-05_epoch500/model_2\crop80\std_scaled/attention_map_a2c.png
  연구코드/results/0605/stage2_1e-05_epoch500/model_2\crop80\std_scaled/attention_heatmap_a2c.png
  [M2/std_scaled] Plotting Grad-CAM ...
  연구코드/results/0605/stage2_1e-05_epoch500/model_2\crop80\std_scaled/cam_aec_mean.png
  연구코드/results/0605/stage2_1e-05_epoch500/model_2\crop80\std_scaled/cam_aec_lines.png
  연구코드/results/0605/stage2_1e-05_epoch500/model_2\crop80\std_scaled/cam_aec_heatmap.png
  [M2/std_scaled] Done.

############################################################
  [M2 norm]  (scale_clinic=True, scale_aec=none)
############################################################
  [M2/norm] Cross-validating CrossAttn ...
=======================================================
5-Fold CV  [CrossAttn | scale_clin=True, scale_aec=none]
=======================================================

── Fold 1/5 ──────────────────────────────
  CA   — AUC: 0.8350  AUPRC: 0.4018  Brier: 0.2701  Acc: 0.7978  F1: 0.4638  (best ep=310, thresh=0.651)

── Fold 2/5 ──────────────────────────────
  CA   — AUC: 0.8572  AUPRC: 0.5219  Brier: 0.2238  Acc: 0.7596  F1: 0.4359  (best ep=388, thresh=0.562)

── Fold 3/5 ──────────────────────────────
  CA   — AUC: 0.7712  AUPRC: 0.2615  Brier: 0.2716  Acc: 0.6393  F1: 0.3265  (best ep=288, thresh=0.549)

── Fold 4/5 ──────────────────────────────
  CA   — AUC: 0.7689  AUPRC: 0.3273  Brier: 0.2449  Acc: 0.6448  F1: 0.3434  (best ep=495, thresh=0.528)

── Fold 5/5 ──────────────────────────────
  CA   — AUC: 0.8179  AUPRC: 0.4250  Brier: 0.2440  Acc: 0.7692  F1: 0.4324  (best ep=350, thresh=0.617)

===========================================================================
CrossAttn  —  5-Fold CV Summary
===========================================================================
  Fold      AUC-ROC      AUPRC      Brier   Accuracy         F1
  ----------------------------------------------------------
  1          0.8350     0.4018     0.2701     0.7978     0.4638
  2          0.8572     0.5219     0.2238     0.7596     0.4359
  3          0.7712     0.2615     0.2716     0.6393     0.3265
  4          0.7689     0.3273     0.2449     0.6448     0.3434
  5          0.8179     0.4250     0.2440     0.7692     0.4324
  ──────────────────────────────────────────────────────────
  Mean       0.8100     0.3875     0.2509     0.7222     0.4004
  ±Std       0.0349     0.0885     0.0180     0.0666     0.0548
  [M2/norm] Evaluating on test set (med_epoch=350, thresh=0.562) ...

=======================================================
CrossAttn Test Evaluation  (scale_clin=True, scale_aec=none, threshold=0.562)
=======================================================
CrossAttn — training final model for 350 epochs on full CV set …
  [CrossAttn] Model weights saved → 연구코드/results/0605/stage2_1e-05_epoch500/model_2\crop80\norm\M2_norm_weights.pt

CrossAttn — Test Set (Overall):
  AUC: 0.8220  AUPRC: 0.3229  Brier: 0.2543  Acc: 0.6681  F1: 0.3667

CrossAttn — Test Set (By Sex):
  [M] n=82  AUC: 0.7380  AUPRC: 0.3407  Brier: 0.2956  Acc: 0.6098  F1: 0.4074
              precision    recall  f1-score   support

      Normal       0.95      0.57      0.71        69
  Sarcopenia       0.27      0.85      0.41        13

    accuracy                           0.61        82
   macro avg       0.61      0.71      0.56        82
weighted avg       0.84      0.61      0.66        82

  [F] n=147  AUC: 0.8563  AUPRC: 0.3573  Brier: 0.2313  Acc: 0.7007  F1: 0.3333
              precision    recall  f1-score   support

      Normal       1.00      0.68      0.81       136
  Sarcopenia       0.20      1.00      0.33        11

    accuracy                           0.70       147
   macro avg       0.60      0.84      0.57       147
weighted avg       0.94      0.70      0.77       147


───────────────────────────────────────────────────────
Test Set — Bootstrap CI
───────────────────────────────────────────────────────

  Bootstrap 95% CI — CrossAttn  (n_boot=2000)
  Metric         Estimate   95% CI Lower   95% CI Upper
  ----------------------------------------------------
  AUC-ROC          0.8220         0.7478         0.8856
  AUPRC            0.3229         0.1959         0.4979
  Brier            0.2543         0.2287         0.2785
  Accuracy         0.6681         0.6070         0.7293
  F1               0.3667         0.2476         0.4762
  [M2/norm] Saving figures ...

Saved (model 2 (norm)):
  연구코드/results/0605/stage2_1e-05_epoch500/model_2\crop80\norm/data_distribution.png
  연구코드/results/0605/stage2_1e-05_epoch500/model_2\crop80\norm/cv_roc_curves.png
  연구코드/results/0605/stage2_1e-05_epoch500/model_2\crop80\norm/cv_metric_distribution.png
  연구코드/results/0605/stage2_1e-05_epoch500/model_2\crop80\norm/training_curves.png
  연구코드/results/0605/stage2_1e-05_epoch500/model_2\crop80\norm/test_roc_curves.png
  연구코드/results/0605/stage2_1e-05_epoch500/model_2\crop80\norm/test_roc_by_sex.png
  연구코드/results/0605/stage2_1e-05_epoch500/model_2\crop80\norm/confusion_matrices.png
  연구코드/results/0605/stage2_1e-05_epoch500/model_2\crop80\norm/calibration.png
  연구코드/results/0605/stage2_1e-05_epoch500/model_2\crop80\norm/results.md
  [M2/norm] Plotting attention maps ...
  연구코드/results/0605/stage2_1e-05_epoch500/model_2\crop80\norm/attention_map_c2a.png
  연구코드/results/0605/stage2_1e-05_epoch500/model_2\crop80\norm/attention_heatmap_c2a.png
  연구코드/results/0605/stage2_1e-05_epoch500/model_2\crop80\norm/attention_map_a2c.png
  연구코드/results/0605/stage2_1e-05_epoch500/model_2\crop80\norm/attention_heatmap_a2c.png
  [M2/norm] Plotting Grad-CAM ...
  연구코드/results/0605/stage2_1e-05_epoch500/model_2\crop80\norm/cam_aec_mean.png
  연구코드/results/0605/stage2_1e-05_epoch500/model_2\crop80\norm/cam_aec_lines.png
  연구코드/results/0605/stage2_1e-05_epoch500/model_2\crop80\norm/cam_aec_heatmap.png
  [M2/norm] Done.

############################################################
  [M2 global_zscore]  (scale_clinic=True, scale_aec=global)
############################################################
  [M2/global_zscore] Cross-validating CrossAttn ...
=======================================================
5-Fold CV  [CrossAttn | scale_clin=True, scale_aec=global]
=======================================================

── Fold 1/5 ──────────────────────────────
  CA   — AUC: 0.7877  AUPRC: 0.2965  Brier: 0.2704  Acc: 0.6885  F1: 0.3871  (best ep=429, thresh=0.586)

── Fold 2/5 ──────────────────────────────
  CA   — AUC: 0.8524  AUPRC: 0.5256  Brier: 0.2425  Acc: 0.6995  F1: 0.3956  (best ep=410, thresh=0.557)

── Fold 3/5 ──────────────────────────────
  CA   — AUC: 0.7821  AUPRC: 0.3307  Brier: 0.2844  Acc: 0.7432  F1: 0.3562  (best ep=187, thresh=0.645)

── Fold 4/5 ──────────────────────────────
  CA   — AUC: 0.7821  AUPRC: 0.3346  Brier: 0.2438  Acc: 0.6940  F1: 0.3778  (best ep=440, thresh=0.562)

── Fold 5/5 ──────────────────────────────
  CA   — AUC: 0.7669  AUPRC: 0.3816  Brier: 0.2709  Acc: 0.8352  F1: 0.4231  (best ep=484, thresh=0.660)

===========================================================================
CrossAttn  —  5-Fold CV Summary
===========================================================================
  Fold      AUC-ROC      AUPRC      Brier   Accuracy         F1
  ----------------------------------------------------------
  1          0.7877     0.2965     0.2704     0.6885     0.3871
  2          0.8524     0.5256     0.2425     0.6995     0.3956
  3          0.7821     0.3307     0.2844     0.7432     0.3562
  4          0.7821     0.3346     0.2438     0.6940     0.3778
  5          0.7669     0.3816     0.2709     0.8352     0.4231
  ──────────────────────────────────────────────────────────
  Mean       0.7942     0.3738     0.2624     0.7321     0.3879
  ±Std       0.0299     0.0806     0.0165     0.0551     0.0219
  [M2/global_zscore] Evaluating on test set (med_epoch=429, thresh=0.586) ...

=======================================================
CrossAttn Test Evaluation  (scale_clin=True, scale_aec=global, threshold=0.586)
=======================================================
CrossAttn — training final model for 429 epochs on full CV set …
  [CrossAttn] Model weights saved → 연구코드/results/0605/stage2_1e-05_epoch500/model_2\crop80\global_zscore\M2_global_zscore_weights.pt

CrossAttn — Test Set (Overall):
  AUC: 0.7925  AUPRC: 0.2758  Brier: 0.2702  Acc: 0.7031  F1: 0.3585

CrossAttn — Test Set (By Sex):
  [M] n=82  AUC: 0.7458  AUPRC: 0.3197  Brier: 0.2914  Acc: 0.6951  F1: 0.4444
              precision    recall  f1-score   support

      Normal       0.94      0.68      0.79        69
  Sarcopenia       0.31      0.77      0.44        13

    accuracy                           0.70        82
   macro avg       0.63      0.73      0.62        82
weighted avg       0.84      0.70      0.74        82

  [F] n=147  AUC: 0.8088  AUPRC: 0.2698  Brier: 0.2584  Acc: 0.7075  F1: 0.2951
              precision    recall  f1-score   support

      Normal       0.98      0.70      0.82       136
  Sarcopenia       0.18      0.82      0.30        11

    accuracy                           0.71       147
   macro avg       0.58      0.76      0.56       147
weighted avg       0.92      0.71      0.78       147


───────────────────────────────────────────────────────
Test Set — Bootstrap CI
───────────────────────────────────────────────────────

  Bootstrap 95% CI — CrossAttn  (n_boot=2000)
  Metric         Estimate   95% CI Lower   95% CI Upper
  ----------------------------------------------------
  AUC-ROC          0.7925         0.7055         0.8729
  AUPRC            0.2758         0.1777         0.4553
  Brier            0.2702         0.2467         0.2914
  Accuracy         0.7031         0.6463         0.7642
  F1               0.3585         0.2330         0.4742
  [M2/global_zscore] Saving figures ...

Saved (model 2 (global_zscore)):
  연구코드/results/0605/stage2_1e-05_epoch500/model_2\crop80\global_zscore/data_distribution.png
  연구코드/results/0605/stage2_1e-05_epoch500/model_2\crop80\global_zscore/cv_roc_curves.png
  연구코드/results/0605/stage2_1e-05_epoch500/model_2\crop80\global_zscore/cv_metric_distribution.png
  연구코드/results/0605/stage2_1e-05_epoch500/model_2\crop80\global_zscore/training_curves.png
  연구코드/results/0605/stage2_1e-05_epoch500/model_2\crop80\global_zscore/test_roc_curves.png
  연구코드/results/0605/stage2_1e-05_epoch500/model_2\crop80\global_zscore/test_roc_by_sex.png
  연구코드/results/0605/stage2_1e-05_epoch500/model_2\crop80\global_zscore/confusion_matrices.png
  연구코드/results/0605/stage2_1e-05_epoch500/model_2\crop80\global_zscore/calibration.png
  연구코드/results/0605/stage2_1e-05_epoch500/model_2\crop80\global_zscore/results.md
  [M2/global_zscore] Plotting attention maps ...
  연구코드/results/0605/stage2_1e-05_epoch500/model_2\crop80\global_zscore/attention_map_c2a.png
  연구코드/results/0605/stage2_1e-05_epoch500/model_2\crop80\global_zscore/attention_heatmap_c2a.png
  연구코드/results/0605/stage2_1e-05_epoch500/model_2\crop80\global_zscore/attention_map_a2c.png
  연구코드/results/0605/stage2_1e-05_epoch500/model_2\crop80\global_zscore/attention_heatmap_a2c.png
  [M2/global_zscore] Plotting Grad-CAM ...
  연구코드/results/0605/stage2_1e-05_epoch500/model_2\crop80\global_zscore/cam_aec_mean.png
  연구코드/results/0605/stage2_1e-05_epoch500/model_2\crop80\global_zscore/cam_aec_lines.png
  연구코드/results/0605/stage2_1e-05_epoch500/model_2\crop80\global_zscore/cam_aec_heatmap.png
  [M2/global_zscore] Done.
