============================================================
  MODEL 2 — Clinic + AEC (aec256, FocalLoss)  (5 AEC variants × 1 case)
============================================================

############################################################
  [M2 len256] CASE : scale_clinic  (scale_clinic=True, loss=focal)
############################################################
  [M2/focal/len256/scale_clinic] Cross-validating CrossAttn ...
=======================================================
5-Fold CV  [CrossAttn | scale_clin=True, scale_aec=False]
=======================================================

── Fold 1/5 ──────────────────────────────
  CA   — AUC: 0.8681  AUPRC: 0.4871  Brier: 0.1637  Acc: 0.7957  F1: 0.4722  (best ep=5, thresh=0.464)

── Fold 2/5 ──────────────────────────────
  CA   — AUC: 0.8663  AUPRC: 0.4475  Brier: 0.1532  Acc: 0.7742  F1: 0.4615  (best ep=8, thresh=0.461)

── Fold 3/5 ──────────────────────────────
  CA   — AUC: 0.8051  AUPRC: 0.3326  Brier: 0.1945  Acc: 0.8011  F1: 0.4478  (best ep=28, thresh=0.579)

── Fold 4/5 ──────────────────────────────
  CA   — AUC: 0.8069  AUPRC: 0.3296  Brier: 0.1754  Acc: 0.7742  F1: 0.4324  (best ep=2, thresh=0.476)

── Fold 5/5 ──────────────────────────────
  CA   — AUC: 0.7476  AUPRC: 0.2572  Brier: 0.1786  Acc: 0.6108  F1: 0.3077  (best ep=12, thresh=0.432)

===========================================================================
CrossAttn  —  5-Fold CV Summary
===========================================================================
  Fold      AUC-ROC      AUPRC      Brier   Accuracy         F1
  ----------------------------------------------------------
  1          0.8681     0.4871     0.1637     0.7957     0.4722
  2          0.8663     0.4475     0.1532     0.7742     0.4615
  3          0.8051     0.3326     0.1945     0.8011     0.4478
  4          0.8069     0.3296     0.1754     0.7742     0.4324
  5          0.7476     0.2572     0.1786     0.6108     0.3077
  ──────────────────────────────────────────────────────────
  Mean       0.8188     0.3708     0.1731     0.7512     0.4243
  ±Std       0.0449     0.0842     0.0140     0.0710     0.0598
  [M2/focal/len256/scale_clinic] Evaluating on test set (med_epoch=8, thresh=0.464) ...

=======================================================
CrossAttn Test Evaluation  (scale_clin=True, scale_aec=False, threshold=0.464)
=======================================================
CrossAttn — training final model for 8 epochs on full CV set …

CrossAttn — Test Set (Overall):
  AUC: 0.7960  AUPRC: 0.3245  Brier: 0.2047  Acc: 0.5966  F1: 0.3088

CrossAttn — Test Set (By Sex):
  [M] n=85  AUC: 0.7505  AUPRC: 0.3941  Brier: 0.2286  Acc: 0.5647  F1: 0.3934
              precision    recall  f1-score   support

      Normal       0.95      0.51      0.66        71
  Sarcopenia       0.26      0.86      0.39        14

    accuracy                           0.56        85
   macro avg       0.60      0.68      0.53        85
weighted avg       0.83      0.56      0.62        85

  [F] n=148  AUC: 0.7916  AUPRC: 0.2403  Brier: 0.1910  Acc: 0.6149  F1: 0.2400
              precision    recall  f1-score   support

      Normal       0.98      0.60      0.74       137
  Sarcopenia       0.14      0.82      0.24        11

    accuracy                           0.61       148
   macro avg       0.56      0.71      0.49       148
weighted avg       0.91      0.61      0.70       148


───────────────────────────────────────────────────────
Test Set — Bootstrap CI
───────────────────────────────────────────────────────

  Bootstrap 95% CI — CrossAttn  (n_boot=2000)
  Metric         Estimate   95% CI Lower   95% CI Upper
  ----------------------------------------------------
  AUC-ROC          0.7960         0.7102         0.8735
  AUPRC            0.3245         0.1878         0.5069
  Brier            0.2047         0.1904         0.2198
  Accuracy         0.5966         0.5322         0.6609
  F1               0.3088         0.2097         0.4114
  [M2/focal/len256/scale_clinic] Saving figures ...

Saved (model 2 (len256, focal)):
  연구코드/results/ok+missing/model_2\focal\aec256\len256/data_distribution.png
  연구코드/results/ok+missing/model_2\focal\aec256\len256/cv_roc_curves.png
  연구코드/results/ok+missing/model_2\focal\aec256\len256/cv_metric_distribution.png
  연구코드/results/ok+missing/model_2\focal\aec256\len256/training_curves.png
  연구코드/results/ok+missing/model_2\focal\aec256\len256/test_roc_curves.png
  연구코드/results/ok+missing/model_2\focal\aec256\len256/test_roc_by_sex.png
  연구코드/results/ok+missing/model_2\focal\aec256\len256/confusion_matrices.png
  연구코드/results/ok+missing/model_2\focal\aec256\len256/calibration.png
  연구코드/results/ok+missing/model_2\focal\aec256\len256/results.md
  [M2/focal/len256/scale_clinic] Plotting attention maps ...
  연구코드/results/ok+missing/model_2\focal\aec256\len256/attention_map_c2a.png
  연구코드/results/ok+missing/model_2\focal\aec256\len256/attention_heatmap.png
  [M2/focal/len256/scale_clinic] Done.

############################################################
  [M2 crop80] CASE : scale_clinic  (scale_clinic=True, loss=focal)
############################################################
  [M2/focal/crop80/scale_clinic] Cross-validating CrossAttn ...
=======================================================
5-Fold CV  [CrossAttn | scale_clin=True, scale_aec=False]
=======================================================

── Fold 1/5 ──────────────────────────────
  CA   — AUC: 0.8437  AUPRC: 0.5541  Brier: 0.1551  Acc: 0.7473  F1: 0.4051  (best ep=26, thresh=0.451)

── Fold 2/5 ──────────────────────────────
  CA   — AUC: 0.8575  AUPRC: 0.4658  Brier: 0.1654  Acc: 0.7903  F1: 0.4658  (best ep=11, thresh=0.466)

── Fold 3/5 ──────────────────────────────
  CA   — AUC: 0.8045  AUPRC: 0.3131  Brier: 0.1937  Acc: 0.7312  F1: 0.4048  (best ep=4, thresh=0.510)

── Fold 4/5 ──────────────────────────────
  CA   — AUC: 0.7756  AUPRC: 0.3052  Brier: 0.2428  Acc: 0.7796  F1: 0.4058  (best ep=3, thresh=0.619)

── Fold 5/5 ──────────────────────────────
  CA   — AUC: 0.7727  AUPRC: 0.2693  Brier: 0.2005  Acc: 0.7243  F1: 0.4000  (best ep=17, thresh=0.516)

===========================================================================
CrossAttn  —  5-Fold CV Summary
===========================================================================
  Fold      AUC-ROC      AUPRC      Brier   Accuracy         F1
  ----------------------------------------------------------
  1          0.8437     0.5541     0.1551     0.7473     0.4051
  2          0.8575     0.4658     0.1654     0.7903     0.4658
  3          0.8045     0.3131     0.1937     0.7312     0.4048
  4          0.7756     0.3052     0.2428     0.7796     0.4058
  5          0.7727     0.2693     0.2005     0.7243     0.4000
  ──────────────────────────────────────────────────────────
  Mean       0.8108     0.3815     0.1915     0.7545     0.4163
  ±Std       0.0346     0.1095     0.0307     0.0261     0.0248
  [M2/focal/crop80/scale_clinic] Evaluating on test set (med_epoch=11, thresh=0.510) ...

=======================================================
CrossAttn Test Evaluation  (scale_clin=True, scale_aec=False, threshold=0.510)
=======================================================
CrossAttn — training final model for 11 epochs on full CV set …

CrossAttn — Test Set (Overall):
  AUC: 0.8237  AUPRC: 0.4218  Brier: 0.1932  Acc: 0.7339  F1: 0.3800

CrossAttn — Test Set (By Sex):
  [M] n=85  AUC: 0.8320  AUPRC: 0.5161  Brier: 0.2140  Acc: 0.6706  F1: 0.4615
              precision    recall  f1-score   support

      Normal       0.96      0.63      0.76        71
  Sarcopenia       0.32      0.86      0.46        14

    accuracy                           0.67        85
   macro avg       0.64      0.75      0.61        85
weighted avg       0.85      0.67      0.71        85

  [F] n=148  AUC: 0.7823  AUPRC: 0.3253  Brier: 0.1813  Acc: 0.7703  F1: 0.2917
              precision    recall  f1-score   support

      Normal       0.96      0.78      0.86       137
  Sarcopenia       0.19      0.64      0.29        11

    accuracy                           0.77       148
   macro avg       0.58      0.71      0.58       148
weighted avg       0.91      0.77      0.82       148


───────────────────────────────────────────────────────
Test Set — Bootstrap CI
───────────────────────────────────────────────────────

  Bootstrap 95% CI — CrossAttn  (n_boot=2000)
  Metric         Estimate   95% CI Lower   95% CI Upper
  ----------------------------------------------------
  AUC-ROC          0.8237         0.7343         0.9027
  AUPRC            0.4218         0.2557         0.6171
  Brier            0.1932         0.1787         0.2079
  Accuracy         0.7339         0.6738         0.7897
  F1               0.3800         0.2580         0.5001
  [M2/focal/crop80/scale_clinic] Saving figures ...

Saved (model 2 (crop80, focal)):
  연구코드/results/ok+missing/model_2\focal\aec256\crop80/data_distribution.png
  연구코드/results/ok+missing/model_2\focal\aec256\crop80/cv_roc_curves.png
  연구코드/results/ok+missing/model_2\focal\aec256\crop80/cv_metric_distribution.png
  연구코드/results/ok+missing/model_2\focal\aec256\crop80/training_curves.png
  연구코드/results/ok+missing/model_2\focal\aec256\crop80/test_roc_curves.png
  연구코드/results/ok+missing/model_2\focal\aec256\crop80/test_roc_by_sex.png
  연구코드/results/ok+missing/model_2\focal\aec256\crop80/confusion_matrices.png
  연구코드/results/ok+missing/model_2\focal\aec256\crop80/calibration.png
  연구코드/results/ok+missing/model_2\focal\aec256\crop80/results.md
  [M2/focal/crop80/scale_clinic] Plotting attention maps ...
  연구코드/results/ok+missing/model_2\focal\aec256\crop80/attention_map_c2a.png
  연구코드/results/ok+missing/model_2\focal\aec256\crop80/attention_heatmap.png
  [M2/focal/crop80/scale_clinic] Done.

############################################################
  [M2 crop60] CASE : scale_clinic  (scale_clinic=True, loss=focal)
############################################################
  [M2/focal/crop60/scale_clinic] Cross-validating CrossAttn ...
=======================================================
5-Fold CV  [CrossAttn | scale_clin=True, scale_aec=False]
=======================================================

── Fold 1/5 ──────────────────────────────
  CA   — AUC: 0.8663  AUPRC: 0.5384  Brier: 0.2365  Acc: 0.7957  F1: 0.4722  (best ep=1, thresh=0.545)

── Fold 2/5 ──────────────────────────────
  CA   — AUC: 0.8575  AUPRC: 0.4317  Brier: 0.1846  Acc: 0.7742  F1: 0.4750  (best ep=5, thresh=0.498)

── Fold 3/5 ──────────────────────────────
  CA   — AUC: 0.8042  AUPRC: 0.2824  Brier: 0.1960  Acc: 0.6828  F1: 0.3789  (best ep=19, thresh=0.504)

── Fold 4/5 ──────────────────────────────
  CA   — AUC: 0.7910  AUPRC: 0.3278  Brier: 0.2212  Acc: 0.8065  F1: 0.4375  (best ep=2, thresh=0.553)

── Fold 5/5 ──────────────────────────────
  CA   — AUC: 0.7841  AUPRC: 0.3444  Brier: 0.1658  Acc: 0.6649  F1: 0.3542  (best ep=28, thresh=0.472)

===========================================================================
CrossAttn  —  5-Fold CV Summary
===========================================================================
  Fold      AUC-ROC      AUPRC      Brier   Accuracy         F1
  ----------------------------------------------------------
  1          0.8663     0.5384     0.2365     0.7957     0.4722
  2          0.8575     0.4317     0.1846     0.7742     0.4750
  3          0.8042     0.2824     0.1960     0.6828     0.3789
  4          0.7910     0.3278     0.2212     0.8065     0.4375
  5          0.7841     0.3444     0.1658     0.6649     0.3542
  ──────────────────────────────────────────────────────────
  Mean       0.8206     0.3850     0.2008     0.7448     0.4236
  ±Std       0.0344     0.0907     0.0253     0.0591     0.0490
  [M2/focal/crop60/scale_clinic] Evaluating on test set (med_epoch=5, thresh=0.504) ...

=======================================================
CrossAttn Test Evaluation  (scale_clin=True, scale_aec=False, threshold=0.504)
=======================================================
CrossAttn — training final model for 5 epochs on full CV set …

CrossAttn — Test Set (Overall):
  AUC: 0.7894  AUPRC: 0.3315  Brier: 0.2561  Acc: 0.4592  F1: 0.2674

CrossAttn — Test Set (By Sex):
  [M] n=85  AUC: 0.7686  AUPRC: 0.3687  Brier: 0.2407  Acc: 0.5412  F1: 0.3810
              precision    recall  f1-score   support

      Normal       0.94      0.48      0.64        71
  Sarcopenia       0.24      0.86      0.38        14

    accuracy                           0.54        85
   macro avg       0.59      0.67      0.51        85
weighted avg       0.83      0.54      0.59        85

  [F] n=148  AUC: 0.8255  AUPRC: 0.3328  Brier: 0.2650  Acc: 0.4122  F1: 0.2018
              precision    recall  f1-score   support

      Normal       1.00      0.36      0.53       137
  Sarcopenia       0.11      1.00      0.20        11

    accuracy                           0.41       148
   macro avg       0.56      0.68      0.37       148
weighted avg       0.93      0.41      0.51       148


───────────────────────────────────────────────────────
Test Set — Bootstrap CI
───────────────────────────────────────────────────────

  Bootstrap 95% CI — CrossAttn  (n_boot=2000)
  Metric         Estimate   95% CI Lower   95% CI Upper
  ----------------------------------------------------
  AUC-ROC          0.7894         0.6924         0.8733
  AUPRC            0.3315         0.1973         0.5414
  Brier            0.2561         0.2405         0.2712
  Accuracy         0.4592         0.3906         0.5193
  F1               0.2674         0.1830         0.3563
  [M2/focal/crop60/scale_clinic] Saving figures ...

Saved (model 2 (crop60, focal)):
  연구코드/results/ok+missing/model_2\focal\aec256\crop60/data_distribution.png
  연구코드/results/ok+missing/model_2\focal\aec256\crop60/cv_roc_curves.png
  연구코드/results/ok+missing/model_2\focal\aec256\crop60/cv_metric_distribution.png
  연구코드/results/ok+missing/model_2\focal\aec256\crop60/training_curves.png
  연구코드/results/ok+missing/model_2\focal\aec256\crop60/test_roc_curves.png
  연구코드/results/ok+missing/model_2\focal\aec256\crop60/test_roc_by_sex.png
  연구코드/results/ok+missing/model_2\focal\aec256\crop60/confusion_matrices.png
  연구코드/results/ok+missing/model_2\focal\aec256\crop60/calibration.png
  연구코드/results/ok+missing/model_2\focal\aec256\crop60/results.md
  [M2/focal/crop60/scale_clinic] Plotting attention maps ...
  연구코드/results/ok+missing/model_2\focal\aec256\crop60/attention_map_c2a.png
  연구코드/results/ok+missing/model_2\focal\aec256\crop60/attention_heatmap.png
  [M2/focal/crop60/scale_clinic] Done.

############################################################
  [M2 norm] CASE : scale_clinic  (scale_clinic=True, loss=focal)
############################################################
  [M2/focal/norm/scale_clinic] Cross-validating CrossAttn ...
=======================================================
5-Fold CV  [CrossAttn | scale_clin=True, scale_aec=False]
=======================================================

── Fold 1/5 ──────────────────────────────
  CA   — AUC: 0.8672  AUPRC: 0.4524  Brier: 0.2469  Acc: 0.7581  F1: 0.4578  (best ep=1, thresh=0.572)

── Fold 2/5 ──────────────────────────────
  CA   — AUC: 0.8105  AUPRC: 0.3717  Brier: 0.2197  Acc: 0.7312  F1: 0.4048  (best ep=19, thresh=0.562)

── Fold 3/5 ──────────────────────────────
  CA   — AUC: 0.8211  AUPRC: 0.3426  Brier: 0.2828  Acc: 0.6452  F1: 0.3529  (best ep=6, thresh=0.576)

── Fold 4/5 ──────────────────────────────
  CA   — AUC: 0.7994  AUPRC: 0.3508  Brier: 0.1919  Acc: 0.7957  F1: 0.4571  (best ep=1, thresh=0.503)

── Fold 5/5 ──────────────────────────────
  CA   — AUC: 0.7514  AUPRC: 0.2843  Brier: 0.1865  Acc: 0.7243  F1: 0.3377  (best ep=10, thresh=0.475)

===========================================================================
CrossAttn  —  5-Fold CV Summary
===========================================================================
  Fold      AUC-ROC      AUPRC      Brier   Accuracy         F1
  ----------------------------------------------------------
  1          0.8672     0.4524     0.2469     0.7581     0.4578
  2          0.8105     0.3717     0.2197     0.7312     0.4048
  3          0.8211     0.3426     0.2828     0.6452     0.3529
  4          0.7994     0.3508     0.1919     0.7957     0.4571
  5          0.7514     0.2843     0.1865     0.7243     0.3377
  ──────────────────────────────────────────────────────────
  Mean       0.8099     0.3604     0.2256     0.7309     0.4021
  ±Std       0.0372     0.0544     0.0359     0.0497     0.0504
  [M2/focal/norm/scale_clinic] Evaluating on test set (med_epoch=6, thresh=0.562) ...

=======================================================
CrossAttn Test Evaluation  (scale_clin=True, scale_aec=False, threshold=0.562)
=======================================================
CrossAttn — training final model for 6 epochs on full CV set …

CrossAttn — Test Set (Overall):
  AUC: 0.8360  AUPRC: 0.4775  Brier: 0.1570  Acc: 0.8927  F1: 0.4681

CrossAttn — Test Set (By Sex):
  [M] n=85  AUC: 0.8280  AUPRC: 0.5782  Brier: 0.1818  Acc: 0.8353  F1: 0.5625
              precision    recall  f1-score   support

      Normal       0.93      0.87      0.90        71
  Sarcopenia       0.50      0.64      0.56        14

    accuracy                           0.84        85
   macro avg       0.71      0.76      0.73        85
weighted avg       0.86      0.84      0.84        85

  [F] n=148  AUC: 0.8195  AUPRC: 0.3574  Brier: 0.1428  Acc: 0.9257  F1: 0.2667
              precision    recall  f1-score   support

      Normal       0.94      0.99      0.96       137
  Sarcopenia       0.50      0.18      0.27        11

    accuracy                           0.93       148
   macro avg       0.72      0.58      0.61       148
weighted avg       0.90      0.93      0.91       148


───────────────────────────────────────────────────────
Test Set — Bootstrap CI
───────────────────────────────────────────────────────

  Bootstrap 95% CI — CrossAttn  (n_boot=2000)
  Metric         Estimate   95% CI Lower   95% CI Upper
  ----------------------------------------------------
  AUC-ROC          0.8360         0.7546         0.9103
  AUPRC            0.4775         0.2942         0.6697
  Brier            0.1570         0.1456         0.1697
  Accuracy         0.8927         0.8498         0.9313
  F1               0.4681         0.2727         0.6383
  [M2/focal/norm/scale_clinic] Saving figures ...

Saved (model 2 (norm, focal)):
  연구코드/results/ok+missing/model_2\focal\aec256\norm/data_distribution.png
  연구코드/results/ok+missing/model_2\focal\aec256\norm/cv_roc_curves.png
  연구코드/results/ok+missing/model_2\focal\aec256\norm/cv_metric_distribution.png
  연구코드/results/ok+missing/model_2\focal\aec256\norm/training_curves.png
  연구코드/results/ok+missing/model_2\focal\aec256\norm/test_roc_curves.png
  연구코드/results/ok+missing/model_2\focal\aec256\norm/test_roc_by_sex.png
  연구코드/results/ok+missing/model_2\focal\aec256\norm/confusion_matrices.png
  연구코드/results/ok+missing/model_2\focal\aec256\norm/calibration.png
  연구코드/results/ok+missing/model_2\focal\aec256\norm/results.md
  [M2/focal/norm/scale_clinic] Plotting attention maps ...
  연구코드/results/ok+missing/model_2\focal\aec256\norm/attention_map_c2a.png
  연구코드/results/ok+missing/model_2\focal\aec256\norm/attention_heatmap.png
  [M2/focal/norm/scale_clinic] Done.

############################################################
  [M2 excl_extreme] CASE : scale_clinic  (scale_clinic=True, loss=focal)
############################################################
  [M2/focal/excl_extreme/scale_clinic] Cross-validating CrossAttn ...
=======================================================
5-Fold CV  [CrossAttn | scale_clin=True, scale_aec=False]
=======================================================

── Fold 1/5 ──────────────────────────────
  CA   — AUC: 0.8404  AUPRC: 0.4844  Brier: 0.1917  Acc: 0.8383  F1: 0.5091  (best ep=4, thresh=0.533)

── Fold 2/5 ──────────────────────────────
  CA   — AUC: 0.8824  AUPRC: 0.4557  Brier: 0.1696  Acc: 0.6946  F1: 0.4000  (best ep=57, thresh=0.462)

── Fold 3/5 ──────────────────────────────
  CA   — AUC: 0.8063  AUPRC: 0.3366  Brier: 0.1963  Acc: 0.7425  F1: 0.4110  (best ep=2, thresh=0.476)

── Fold 4/5 ──────────────────────────────
  CA   — AUC: 0.7020  AUPRC: 0.2752  Brier: 0.2184  Acc: 0.5569  F1: 0.2745  (best ep=21, thresh=0.473)

── Fold 5/5 ──────────────────────────────
  CA   — AUC: 0.8565  AUPRC: 0.4763  Brier: 0.1908  Acc: 0.7904  F1: 0.4615  (best ep=1, thresh=0.493)

===========================================================================
CrossAttn  —  5-Fold CV Summary
===========================================================================
  Fold      AUC-ROC      AUPRC      Brier   Accuracy         F1
  ----------------------------------------------------------
  1          0.8404     0.4844     0.1917     0.8383     0.5091
  2          0.8824     0.4557     0.1696     0.6946     0.4000
  3          0.8063     0.3366     0.1963     0.7425     0.4110
  4          0.7020     0.2752     0.2184     0.5569     0.2745
  5          0.8565     0.4763     0.1908     0.7904     0.4615
  ──────────────────────────────────────────────────────────
  Mean       0.8175     0.4056     0.1933     0.7246     0.4112
  ±Std       0.0628     0.0843     0.0156     0.0966     0.0786
  [M2/focal/excl_extreme/scale_clinic] Evaluating on test set (med_epoch=4, thresh=0.476) ...

=======================================================
CrossAttn Test Evaluation  (scale_clin=True, scale_aec=False, threshold=0.476)
=======================================================
CrossAttn — training final model for 4 epochs on full CV set …

CrossAttn — Test Set (Overall):
  AUC: 0.8264  AUPRC: 0.4610  Brier: 0.1747  Acc: 0.7321  F1: 0.3488

CrossAttn — Test Set (By Sex):
  [M] n=71  AUC: 0.8288  AUPRC: 0.5538  Brier: 0.1892  Acc: 0.6901  F1: 0.4500
              precision    recall  f1-score   support

      Normal       0.95      0.67      0.78        60
  Sarcopenia       0.31      0.82      0.45        11

    accuracy                           0.69        71
   macro avg       0.63      0.74      0.62        71
weighted avg       0.85      0.69      0.73        71

  [F] n=138  AUC: 0.8046  AUPRC: 0.3676  Brier: 0.1672  Acc: 0.7536  F1: 0.2609
              precision    recall  f1-score   support

      Normal       0.95      0.77      0.85       127
  Sarcopenia       0.17      0.55      0.26        11

    accuracy                           0.75       138
   macro avg       0.56      0.66      0.56       138
weighted avg       0.89      0.75      0.81       138


───────────────────────────────────────────────────────
Test Set — Bootstrap CI
───────────────────────────────────────────────────────

  Bootstrap 95% CI — CrossAttn  (n_boot=2000)
  Metric         Estimate   95% CI Lower   95% CI Upper
  ----------------------------------------------------
  AUC-ROC          0.8264         0.7358         0.9057
  AUPRC            0.4610         0.2690         0.6632
  Brier            0.1747         0.1625         0.1877
  Accuracy         0.7321         0.6745         0.7895
  F1               0.3488         0.2133         0.4776
  [M2/focal/excl_extreme/scale_clinic] Saving figures ...

Saved (model 2 (excl_extreme, focal)):
  연구코드/results/ok+missing/model_2\focal\aec256\excl_extreme/data_distribution.png
  연구코드/results/ok+missing/model_2\focal\aec256\excl_extreme/cv_roc_curves.png
  연구코드/results/ok+missing/model_2\focal\aec256\excl_extreme/cv_metric_distribution.png
  연구코드/results/ok+missing/model_2\focal\aec256\excl_extreme/training_curves.png
  연구코드/results/ok+missing/model_2\focal\aec256\excl_extreme/test_roc_curves.png
  연구코드/results/ok+missing/model_2\focal\aec256\excl_extreme/test_roc_by_sex.png
  연구코드/results/ok+missing/model_2\focal\aec256\excl_extreme/confusion_matrices.png
  연구코드/results/ok+missing/model_2\focal\aec256\excl_extreme/calibration.png
  연구코드/results/ok+missing/model_2\focal\aec256\excl_extreme/results.md
  [M2/focal/excl_extreme/scale_clinic] Plotting attention maps ...
  연구코드/results/ok+missing/model_2\focal\aec256\excl_extreme/attention_map_c2a.png
  연구코드/results/ok+missing/model_2\focal\aec256\excl_extreme/attention_heatmap.png
  [M2/focal/excl_extreme/scale_clinic] Done.
