============================================================
  MODEL 2_2 — Clinic + AEC Unmatched (aec256)  (5 AEC variants)
============================================================

############################################################
  [M2_2 norm]  (scale_clinic=True, scale_aec=True)
############################################################
  [M2_2/norm] Cross-validating CrossAttn ...
=======================================================
5-Fold CV  [CrossAttn | scale_clin=True, scale_aec=True]
=======================================================

── Fold 1/5 ──────────────────────────────
  CA   — AUC: 0.8232  AUPRC: 0.3823  Brier: 0.1687  Acc: 0.7634  F1: 0.4500  (best ep=3, thresh=0.472)

── Fold 2/5 ──────────────────────────────
  CA   — AUC: 0.7976  AUPRC: 0.4301  Brier: 0.2329  Acc: 0.5968  F1: 0.3478  (best ep=8, thresh=0.247)

── Fold 3/5 ──────────────────────────────
  CA   — AUC: 0.8133  AUPRC: 0.3999  Brier: 0.1908  Acc: 0.6882  F1: 0.3830  (best ep=77, thresh=0.304)

── Fold 4/5 ──────────────────────────────
  CA   — AUC: 0.8955  AUPRC: 0.6289  Brier: 0.1551  Acc: 0.8280  F1: 0.5152  (best ep=10, thresh=0.596)

── Fold 5/5 ──────────────────────────────
  CA   — AUC: 0.7602  AUPRC: 0.2656  Brier: 0.1865  Acc: 0.8226  F1: 0.4407  (best ep=3, thresh=0.630)

===========================================================================
CrossAttn  —  5-Fold CV Summary
===========================================================================
  Fold      AUC-ROC      AUPRC      Brier   Accuracy         F1
  ----------------------------------------------------------
  1          0.8232     0.3823     0.1687     0.7634     0.4500
  2          0.7976     0.4301     0.2329     0.5968     0.3478
  3          0.8133     0.3999     0.1908     0.6882     0.3830
  4          0.8955     0.6289     0.1551     0.8280     0.5152
  5          0.7602     0.2656     0.1865     0.8226     0.4407
  ──────────────────────────────────────────────────────────
  Mean       0.8179     0.4214     0.1868     0.7398     0.4273
  ±Std       0.0443     0.1178     0.0264     0.0875     0.0578
  [M2_2/norm] Evaluating on test set (med_epoch=8, thresh=0.472) ...

=======================================================
CrossAttn Test Evaluation  (scale_clin=True, scale_aec=True, threshold=0.472)
=======================================================
CrossAttn — training final model for 8 epochs on full CV set …

CrossAttn — Test Set (Overall):
  AUC: 0.8302  AUPRC: 0.4266  Brier: 0.1525  Acc: 0.7511  F1: 0.3696

CrossAttn — Test Set (By Sex):
  [M] n=85  AUC: 0.8149  AUPRC: 0.4916  Brier: 0.1893  Acc: 0.7412  F1: 0.5000
              precision    recall  f1-score   support

      Normal       0.95      0.73      0.83        71
  Sarcopenia       0.37      0.79      0.50        14

    accuracy                           0.74        85
   macro avg       0.66      0.76      0.66        85
weighted avg       0.85      0.74      0.77        85

  [F] n=148  AUC: 0.8076  AUPRC: 0.3607  Brier: 0.1314  Acc: 0.7568  F1: 0.2500
              precision    recall  f1-score   support

      Normal       0.95      0.77      0.85       137
  Sarcopenia       0.16      0.55      0.25        11

    accuracy                           0.76       148
   macro avg       0.56      0.66      0.55       148
weighted avg       0.90      0.76      0.81       148


───────────────────────────────────────────────────────
Test Set — Bootstrap CI
───────────────────────────────────────────────────────

  Bootstrap 95% CI — CrossAttn  (n_boot=2000)
  Metric         Estimate   95% CI Lower   95% CI Upper
  ----------------------------------------------------
  AUC-ROC          0.8302         0.7518         0.9007
  AUPRC            0.4266         0.2569         0.6166
  Brier            0.1525         0.1234         0.1841
  Accuracy         0.7511         0.6953         0.8026
  F1               0.3696         0.2368         0.4944
  [M2_2/norm] Saving figures ...

Saved (model 2_2 (norm, unmatched)):
  연구코드/results/0529/liver_pubis/model_2_2\aec256\norm/data_distribution.png
  연구코드/results/0529/liver_pubis/model_2_2\aec256\norm/cv_roc_curves.png
  연구코드/results/0529/liver_pubis/model_2_2\aec256\norm/cv_metric_distribution.png
  연구코드/results/0529/liver_pubis/model_2_2\aec256\norm/training_curves.png
  연구코드/results/0529/liver_pubis/model_2_2\aec256\norm/test_roc_curves.png
  연구코드/results/0529/liver_pubis/model_2_2\aec256\norm/test_roc_by_sex.png
  연구코드/results/0529/liver_pubis/model_2_2\aec256\norm/confusion_matrices.png
  연구코드/results/0529/liver_pubis/model_2_2\aec256\norm/calibration.png
  연구코드/results/0529/liver_pubis/model_2_2\aec256\norm/results.md
  [M2_2/norm] Plotting attention maps ...
  연구코드/results/0529/liver_pubis/model_2_2\aec256\norm/attention_map_c2a.png
  연구코드/results/0529/liver_pubis/model_2_2\aec256\norm/attention_heatmap_c2a.png
  연구코드/results/0529/liver_pubis/model_2_2\aec256\norm/attention_map_a2c.png
  연구코드/results/0529/liver_pubis/model_2_2\aec256\norm/attention_heatmap_a2c.png
  [M2_2/norm] Done.

############################################################
  [M2_2 excl_extreme]  (scale_clinic=True, scale_aec=True)
############################################################
  [M2_2/excl_extreme] Cross-validating CrossAttn ...
=======================================================
5-Fold CV  [CrossAttn | scale_clin=True, scale_aec=True]
=======================================================

── Fold 1/5 ──────────────────────────────
  CA   — AUC: 0.8196  AUPRC: 0.4113  Brier: 0.1434  Acc: 0.8452  F1: 0.5185  (best ep=5, thresh=0.557)

── Fold 2/5 ──────────────────────────────
  CA   — AUC: 0.7174  AUPRC: 0.2591  Brier: 0.1968  Acc: 0.7305  F1: 0.3478  (best ep=13, thresh=0.545)

── Fold 3/5 ──────────────────────────────
  CA   — AUC: 0.9109  AUPRC: 0.5488  Brier: 0.1181  Acc: 0.7784  F1: 0.4932  (best ep=4, thresh=0.344)

── Fold 4/5 ──────────────────────────────
  CA   — AUC: 0.7983  AUPRC: 0.3127  Brier: 0.1559  Acc: 0.7485  F1: 0.4167  (best ep=5, thresh=0.452)

── Fold 5/5 ──────────────────────────────
  CA   — AUC: 0.8195  AUPRC: 0.3278  Brier: 0.1841  Acc: 0.7305  F1: 0.4156  (best ep=8, thresh=0.471)

===========================================================================
CrossAttn  —  5-Fold CV Summary
===========================================================================
  Fold      AUC-ROC      AUPRC      Brier   Accuracy         F1
  ----------------------------------------------------------
  1          0.8196     0.4113     0.1434     0.8452     0.5185
  2          0.7174     0.2591     0.1968     0.7305     0.3478
  3          0.9109     0.5488     0.1181     0.7784     0.4932
  4          0.7983     0.3127     0.1559     0.7485     0.4167
  5          0.8195     0.3278     0.1841     0.7305     0.4156
  ──────────────────────────────────────────────────────────
  Mean       0.8131     0.3720     0.1597     0.7667     0.4383
  ±Std       0.0617     0.1010     0.0282     0.0430     0.0610
  [M2_2/excl_extreme] Evaluating on test set (med_epoch=5, thresh=0.471) ...

=======================================================
CrossAttn Test Evaluation  (scale_clin=True, scale_aec=True, threshold=0.471)
=======================================================
CrossAttn — training final model for 5 epochs on full CV set …

CrossAttn — Test Set (Overall):
  AUC: 0.7931  AUPRC: 0.3778  Brier: 0.1453  Acc: 0.7656  F1: 0.3467

CrossAttn — Test Set (By Sex):
  [M] n=77  AUC: 0.8154  AUPRC: 0.4293  Brier: 0.1669  Acc: 0.7662  F1: 0.4706
              precision    recall  f1-score   support

      Normal       0.94      0.77      0.85        66
  Sarcopenia       0.35      0.73      0.47        11

    accuracy                           0.77        77
   macro avg       0.65      0.75      0.66        77
weighted avg       0.86      0.77      0.80        77

  [F] n=132  AUC: 0.7513  AUPRC: 0.3444  Brier: 0.1326  Acc: 0.7652  F1: 0.2439
              precision    recall  f1-score   support

      Normal       0.94      0.79      0.86       121
  Sarcopenia       0.17      0.45      0.24        11

    accuracy                           0.77       132
   macro avg       0.55      0.62      0.55       132
weighted avg       0.88      0.77      0.81       132


───────────────────────────────────────────────────────
Test Set — Bootstrap CI
───────────────────────────────────────────────────────

  Bootstrap 95% CI — CrossAttn  (n_boot=2000)
  Metric         Estimate   95% CI Lower   95% CI Upper
  ----------------------------------------------------
  AUC-ROC          0.7931         0.6961         0.8790
  AUPRC            0.3778         0.2017         0.5921
  Brier            0.1453         0.1171         0.1740
  Accuracy         0.7656         0.7081         0.8230
  F1               0.3467         0.2069         0.4918
  [M2_2/excl_extreme] Saving figures ...

Saved (model 2_2 (excl_extreme, unmatched)):
  연구코드/results/0529/liver_pubis/model_2_2\aec256\excl_extreme/data_distribution.png
  연구코드/results/0529/liver_pubis/model_2_2\aec256\excl_extreme/cv_roc_curves.png
  연구코드/results/0529/liver_pubis/model_2_2\aec256\excl_extreme/cv_metric_distribution.png
  연구코드/results/0529/liver_pubis/model_2_2\aec256\excl_extreme/training_curves.png
  연구코드/results/0529/liver_pubis/model_2_2\aec256\excl_extreme/test_roc_curves.png
  연구코드/results/0529/liver_pubis/model_2_2\aec256\excl_extreme/test_roc_by_sex.png
  연구코드/results/0529/liver_pubis/model_2_2\aec256\excl_extreme/confusion_matrices.png
  연구코드/results/0529/liver_pubis/model_2_2\aec256\excl_extreme/calibration.png
  연구코드/results/0529/liver_pubis/model_2_2\aec256\excl_extreme/results.md
  [M2_2/excl_extreme] Plotting attention maps ...
  연구코드/results/0529/liver_pubis/model_2_2\aec256\excl_extreme/attention_map_c2a.png
  연구코드/results/0529/liver_pubis/model_2_2\aec256\excl_extreme/attention_heatmap_c2a.png
  연구코드/results/0529/liver_pubis/model_2_2\aec256\excl_extreme/attention_map_a2c.png
  연구코드/results/0529/liver_pubis/model_2_2\aec256\excl_extreme/attention_heatmap_a2c.png
  [M2_2/excl_extreme] Done.

############################################################
  [M2_2 len128]  (scale_clinic=True, scale_aec=True)
############################################################
  [M2_2/len128] Cross-validating CrossAttn ...
=======================================================
5-Fold CV  [CrossAttn | scale_clin=True, scale_aec=True]
=======================================================

── Fold 1/5 ──────────────────────────────
  CA   — AUC: 0.8211  AUPRC: 0.3748  Brier: 0.1110  Acc: 0.7204  F1: 0.3953  (best ep=6, thresh=0.268)

── Fold 2/5 ──────────────────────────────
  CA   — AUC: 0.8298  AUPRC: 0.3642  Brier: 0.1541  Acc: 0.8065  F1: 0.4545  (best ep=9, thresh=0.537)

── Fold 3/5 ──────────────────────────────
  CA   — AUC: 0.7789  AUPRC: 0.2980  Brier: 0.1521  Acc: 0.7742  F1: 0.4324  (best ep=29, thresh=0.413)

── Fold 4/5 ──────────────────────────────
  CA   — AUC: 0.8723  AUPRC: 0.4840  Brier: 0.1876  Acc: 0.7849  F1: 0.4595  (best ep=4, thresh=0.603)

── Fold 5/5 ──────────────────────────────
  CA   — AUC: 0.7841  AUPRC: 0.3522  Brier: 0.1778  Acc: 0.7903  F1: 0.4348  (best ep=5, thresh=0.606)

===========================================================================
CrossAttn  —  5-Fold CV Summary
===========================================================================
  Fold      AUC-ROC      AUPRC      Brier   Accuracy         F1
  ----------------------------------------------------------
  1          0.8211     0.3748     0.1110     0.7204     0.3953
  2          0.8298     0.3642     0.1541     0.8065     0.4545
  3          0.7789     0.2980     0.1521     0.7742     0.4324
  4          0.8723     0.4840     0.1876     0.7849     0.4595
  5          0.7841     0.3522     0.1778     0.7903     0.4348
  ──────────────────────────────────────────────────────────
  Mean       0.8172     0.3746     0.1565     0.7753     0.4353
  ±Std       0.0340     0.0607     0.0265     0.0293     0.0226
  [M2_2/len128] Evaluating on test set (med_epoch=6, thresh=0.537) ...

=======================================================
CrossAttn Test Evaluation  (scale_clin=True, scale_aec=True, threshold=0.537)
=======================================================
CrossAttn — training final model for 6 epochs on full CV set …

CrossAttn — Test Set (Overall):
  AUC: 0.8125  AUPRC: 0.3178  Brier: 0.1578  Acc: 0.7639  F1: 0.3373

CrossAttn — Test Set (By Sex):
  [M] n=85  AUC: 0.7928  AUPRC: 0.3869  Brier: 0.1997  Acc: 0.7059  F1: 0.4186
              precision    recall  f1-score   support

      Normal       0.91      0.72      0.80        71
  Sarcopenia       0.31      0.64      0.42        14

    accuracy                           0.71        85
   macro avg       0.61      0.68      0.61        85
weighted avg       0.81      0.71      0.74        85

  [F] n=148  AUC: 0.8009  AUPRC: 0.2902  Brier: 0.1337  Acc: 0.7973  F1: 0.2500
              precision    recall  f1-score   support

      Normal       0.95      0.82      0.88       137
  Sarcopenia       0.17      0.45      0.25        11

    accuracy                           0.80       148
   macro avg       0.56      0.64      0.57       148
weighted avg       0.89      0.80      0.84       148


───────────────────────────────────────────────────────
Test Set — Bootstrap CI
───────────────────────────────────────────────────────

  Bootstrap 95% CI — CrossAttn  (n_boot=2000)
  Metric         Estimate   95% CI Lower   95% CI Upper
  ----------------------------------------------------
  AUC-ROC          0.8125         0.7398         0.8785
  AUPRC            0.3178         0.1938         0.5029
  Brier            0.1578         0.1314         0.1862
  Accuracy         0.7639         0.7124         0.8155
  F1               0.3373         0.1999         0.4658
  [M2_2/len128] Saving figures ...

Saved (model 2_2 (len128, unmatched)):
  연구코드/results/0529/liver_pubis/model_2_2\aec256\len128/data_distribution.png
  연구코드/results/0529/liver_pubis/model_2_2\aec256\len128/cv_roc_curves.png
  연구코드/results/0529/liver_pubis/model_2_2\aec256\len128/cv_metric_distribution.png
  연구코드/results/0529/liver_pubis/model_2_2\aec256\len128/training_curves.png
  연구코드/results/0529/liver_pubis/model_2_2\aec256\len128/test_roc_curves.png
  연구코드/results/0529/liver_pubis/model_2_2\aec256\len128/test_roc_by_sex.png
  연구코드/results/0529/liver_pubis/model_2_2\aec256\len128/confusion_matrices.png
  연구코드/results/0529/liver_pubis/model_2_2\aec256\len128/calibration.png
  연구코드/results/0529/liver_pubis/model_2_2\aec256\len128/results.md
  [M2_2/len128] Plotting attention maps ...
  연구코드/results/0529/liver_pubis/model_2_2\aec256\len128/attention_map_c2a.png
  연구코드/results/0529/liver_pubis/model_2_2\aec256\len128/attention_heatmap_c2a.png
  연구코드/results/0529/liver_pubis/model_2_2\aec256\len128/attention_map_a2c.png
  연구코드/results/0529/liver_pubis/model_2_2\aec256\len128/attention_heatmap_a2c.png
  [M2_2/len128] Done.

############################################################
  [M2_2 crop80]  (scale_clinic=True, scale_aec=True)
############################################################
  [M2_2/crop80] Cross-validating CrossAttn ...
=======================================================
5-Fold CV  [CrossAttn | scale_clin=True, scale_aec=True]
=======================================================

── Fold 1/5 ──────────────────────────────
  CA   — AUC: 0.8325  AUPRC: 0.3952  Brier: 0.1772  Acc: 0.7312  F1: 0.4186  (best ep=1, thresh=0.477)

── Fold 2/5 ──────────────────────────────
  CA   — AUC: 0.8063  AUPRC: 0.3880  Brier: 0.1390  Acc: 0.7097  F1: 0.4000  (best ep=6, thresh=0.232)

── Fold 3/5 ──────────────────────────────
  CA   — AUC: 0.8012  AUPRC: 0.2883  Brier: 0.1255  Acc: 0.7366  F1: 0.4235  (best ep=5, thresh=0.270)

── Fold 4/5 ──────────────────────────────
  CA   — AUC: 0.9127  AUPRC: 0.5747  Brier: 0.1809  Acc: 0.7796  F1: 0.4810  (best ep=5, thresh=0.585)

── Fold 5/5 ──────────────────────────────
  CA   — AUC: 0.7690  AUPRC: 0.3254  Brier: 0.2035  Acc: 0.8495  F1: 0.5000  (best ep=38, thresh=0.764)

===========================================================================
CrossAttn  —  5-Fold CV Summary
===========================================================================
  Fold      AUC-ROC      AUPRC      Brier   Accuracy         F1
  ----------------------------------------------------------
  1          0.8325     0.3952     0.1772     0.7312     0.4186
  2          0.8063     0.3880     0.1390     0.7097     0.4000
  3          0.8012     0.2883     0.1255     0.7366     0.4235
  4          0.9127     0.5747     0.1809     0.7796     0.4810
  5          0.7690     0.3254     0.2035     0.8495     0.5000
  ──────────────────────────────────────────────────────────
  Mean       0.8243     0.3943     0.1652     0.7613     0.4446
  ±Std       0.0486     0.0985     0.0287     0.0496     0.0387
  [M2_2/crop80] Evaluating on test set (med_epoch=5, thresh=0.477) ...

=======================================================
CrossAttn Test Evaluation  (scale_clin=True, scale_aec=True, threshold=0.477)
=======================================================
CrossAttn — training final model for 5 epochs on full CV set …

CrossAttn — Test Set (Overall):
  AUC: 0.7794  AUPRC: 0.3347  Brier: 0.2428  Acc: 0.6223  F1: 0.3016

CrossAttn — Test Set (By Sex):
  [M] n=85  AUC: 0.7495  AUPRC: 0.4022  Brier: 0.2771  Acc: 0.5882  F1: 0.3860
              precision    recall  f1-score   support

      Normal       0.93      0.55      0.69        71
  Sarcopenia       0.26      0.79      0.39        14

    accuracy                           0.59        85
   macro avg       0.59      0.67      0.54        85
weighted avg       0.82      0.59      0.64        85

  [F] n=148  AUC: 0.7724  AUPRC: 0.3029  Brier: 0.2231  Acc: 0.6419  F1: 0.2319
              precision    recall  f1-score   support

      Normal       0.97      0.64      0.77       137
  Sarcopenia       0.14      0.73      0.23        11

    accuracy                           0.64       148
   macro avg       0.55      0.68      0.50       148
weighted avg       0.91      0.64      0.73       148


───────────────────────────────────────────────────────
Test Set — Bootstrap CI
───────────────────────────────────────────────────────

  Bootstrap 95% CI — CrossAttn  (n_boot=2000)
  Metric         Estimate   95% CI Lower   95% CI Upper
  ----------------------------------------------------
  AUC-ROC          0.7794         0.6950         0.8564
  AUPRC            0.3347         0.1854         0.5130
  Brier            0.2428         0.2091         0.2787
  Accuracy         0.6223         0.5579         0.6867
  F1               0.3016         0.1964         0.4077
  [M2_2/crop80] Saving figures ...

Saved (model 2_2 (crop80, unmatched)):
  연구코드/results/0529/liver_pubis/model_2_2\aec256\crop80/data_distribution.png
  연구코드/results/0529/liver_pubis/model_2_2\aec256\crop80/cv_roc_curves.png
  연구코드/results/0529/liver_pubis/model_2_2\aec256\crop80/cv_metric_distribution.png
  연구코드/results/0529/liver_pubis/model_2_2\aec256\crop80/training_curves.png
  연구코드/results/0529/liver_pubis/model_2_2\aec256\crop80/test_roc_curves.png
  연구코드/results/0529/liver_pubis/model_2_2\aec256\crop80/test_roc_by_sex.png
  연구코드/results/0529/liver_pubis/model_2_2\aec256\crop80/confusion_matrices.png
  연구코드/results/0529/liver_pubis/model_2_2\aec256\crop80/calibration.png
  연구코드/results/0529/liver_pubis/model_2_2\aec256\crop80/results.md
  [M2_2/crop80] Plotting attention maps ...
  연구코드/results/0529/liver_pubis/model_2_2\aec256\crop80/attention_map_c2a.png
  연구코드/results/0529/liver_pubis/model_2_2\aec256\crop80/attention_heatmap_c2a.png
  연구코드/results/0529/liver_pubis/model_2_2\aec256\crop80/attention_map_a2c.png
  연구코드/results/0529/liver_pubis/model_2_2\aec256\crop80/attention_heatmap_a2c.png
  [M2_2/crop80] Done.

############################################################
  [M2_2 crop60]  (scale_clinic=True, scale_aec=True)
############################################################
  [M2_2/crop60] Cross-validating CrossAttn ...
=======================================================
5-Fold CV  [CrossAttn | scale_clin=True, scale_aec=True]
=======================================================

── Fold 1/5 ──────────────────────────────
  CA   — AUC: 0.8443  AUPRC: 0.4209  Brier: 0.1709  Acc: 0.6935  F1: 0.4000  (best ep=3, thresh=0.452)

── Fold 2/5 ──────────────────────────────
  CA   — AUC: 0.8199  AUPRC: 0.4150  Brier: 0.1717  Acc: 0.6344  F1: 0.3585  (best ep=9, thresh=0.267)

── Fold 3/5 ──────────────────────────────
  CA   — AUC: 0.8009  AUPRC: 0.3468  Brier: 0.1494  Acc: 0.8495  F1: 0.5000  (best ep=42, thresh=0.607)

── Fold 4/5 ──────────────────────────────
  CA   — AUC: 0.8958  AUPRC: 0.5715  Brier: 0.2092  Acc: 0.8280  F1: 0.5152  (best ep=5, thresh=0.716)

── Fold 5/5 ──────────────────────────────
  CA   — AUC: 0.7580  AUPRC: 0.3735  Brier: 0.1882  Acc: 0.8763  F1: 0.4889  (best ep=4, thresh=0.742)

===========================================================================
CrossAttn  —  5-Fold CV Summary
===========================================================================
  Fold      AUC-ROC      AUPRC      Brier   Accuracy         F1
  ----------------------------------------------------------
  1          0.8443     0.4209     0.1709     0.6935     0.4000
  2          0.8199     0.4150     0.1717     0.6344     0.3585
  3          0.8009     0.3468     0.1494     0.8495     0.5000
  4          0.8958     0.5715     0.2092     0.8280     0.5152
  5          0.7580     0.3735     0.1882     0.8763     0.4889
  ──────────────────────────────────────────────────────────
  Mean       0.8238     0.4255     0.1779     0.7763     0.4525
  ±Std       0.0458     0.0779     0.0199     0.0949     0.0618
  [M2_2/crop60] Evaluating on test set (med_epoch=5, thresh=0.607) ...

=======================================================
CrossAttn Test Evaluation  (scale_clin=True, scale_aec=True, threshold=0.607)
=======================================================
CrossAttn — training final model for 5 epochs on full CV set …

CrossAttn — Test Set (Overall):
  AUC: 0.7821  AUPRC: 0.3821  Brier: 0.1883  Acc: 0.7425  F1: 0.3333

CrossAttn — Test Set (By Sex):
  [M] n=85  AUC: 0.7787  AUPRC: 0.4663  Brier: 0.2133  Acc: 0.7059  F1: 0.4186
              precision    recall  f1-score   support

      Normal       0.91      0.72      0.80        71
  Sarcopenia       0.31      0.64      0.42        14

    accuracy                           0.71        85
   macro avg       0.61      0.68      0.61        85
weighted avg       0.81      0.71      0.74        85

  [F] n=148  AUC: 0.7558  AUPRC: 0.3310  Brier: 0.1739  Acc: 0.7635  F1: 0.2553
              precision    recall  f1-score   support

      Normal       0.96      0.78      0.86       137
  Sarcopenia       0.17      0.55      0.26        11

    accuracy                           0.76       148
   macro avg       0.56      0.66      0.56       148
weighted avg       0.90      0.76      0.81       148


───────────────────────────────────────────────────────
Test Set — Bootstrap CI
───────────────────────────────────────────────────────

  Bootstrap 95% CI — CrossAttn  (n_boot=2000)
  Metric         Estimate   95% CI Lower   95% CI Upper
  ----------------------------------------------------
  AUC-ROC          0.7821         0.6961         0.8631
  AUPRC            0.3821         0.2196         0.5589
  Brier            0.1883         0.1592         0.2186
  Accuracy         0.7425         0.6867         0.7983
  F1               0.3333         0.2069         0.4555
  [M2_2/crop60] Saving figures ...

Saved (model 2_2 (crop60, unmatched)):
  연구코드/results/0529/liver_pubis/model_2_2\aec256\crop60/data_distribution.png
  연구코드/results/0529/liver_pubis/model_2_2\aec256\crop60/cv_roc_curves.png
  연구코드/results/0529/liver_pubis/model_2_2\aec256\crop60/cv_metric_distribution.png
  연구코드/results/0529/liver_pubis/model_2_2\aec256\crop60/training_curves.png
  연구코드/results/0529/liver_pubis/model_2_2\aec256\crop60/test_roc_curves.png
  연구코드/results/0529/liver_pubis/model_2_2\aec256\crop60/test_roc_by_sex.png
  연구코드/results/0529/liver_pubis/model_2_2\aec256\crop60/confusion_matrices.png
  연구코드/results/0529/liver_pubis/model_2_2\aec256\crop60/calibration.png
  연구코드/results/0529/liver_pubis/model_2_2\aec256\crop60/results.md
  [M2_2/crop60] Plotting attention maps ...
  연구코드/results/0529/liver_pubis/model_2_2\aec256\crop60/attention_map_c2a.png
  연구코드/results/0529/liver_pubis/model_2_2\aec256\crop60/attention_heatmap_c2a.png
  연구코드/results/0529/liver_pubis/model_2_2\aec256\crop60/attention_map_a2c.png
  연구코드/results/0529/liver_pubis/model_2_2\aec256\crop60/attention_heatmap_a2c.png
  [M2_2/crop60] Done.
