============================================================
  MODEL 2_2 — Clinic + AEC Unmatched (aec128)  (3 AEC variants)
============================================================

############################################################
  [M2_2 raw]  (scale_clinic=True, scale_aec=none)
############################################################
  [M2_2/raw] Cross-validating CrossAttn ...
=======================================================
5-Fold CV  [CrossAttn | scale_aec=none]
=======================================================

── Fold 1/5 ──────────────────────────────
  Cros — AUC: 0.8003  AUPRC: 0.3159  Brier: 0.2585  Acc: 0.5792  F1: 0.3304  (best ep=249, thresh=0.492)

── Fold 2/5 ──────────────────────────────
  Cros — AUC: 0.8155  AUPRC: 0.3923  Brier: 0.2305  Acc: 0.8033  F1: 0.4194  (best ep=358, thresh=0.640)

── Fold 3/5 ──────────────────────────────
  Cros — AUC: 0.7497  AUPRC: 0.2460  Brier: 0.2734  Acc: 0.6175  F1: 0.3137  (best ep=488, thresh=0.508)

── Fold 4/5 ──────────────────────────────
  Cros — AUC: 0.7157  AUPRC: 0.2289  Brier: 0.2262  Acc: 0.6612  F1: 0.3111  (best ep=286, thresh=0.488)

── Fold 5/5 ──────────────────────────────
  Cros — AUC: 0.8124  AUPRC: 0.3873  Brier: 0.2491  Acc: 0.7143  F1: 0.3953  (best ep=347, thresh=0.585)

===========================================================================
CrossAttn  —  5-Fold CV Summary
===========================================================================
  Fold      AUC-ROC      AUPRC      Brier   Accuracy         F1
  ----------------------------------------------------------
  1          0.8003     0.3159     0.2585     0.5792     0.3304
  2          0.8155     0.3923     0.2305     0.8033     0.4194
  3          0.7497     0.2460     0.2734     0.6175     0.3137
  4          0.7157     0.2289     0.2262     0.6612     0.3111
  5          0.8124     0.3873     0.2491     0.7143     0.3953
  ──────────────────────────────────────────────────────────
  Mean       0.7787     0.3141     0.2475     0.6751     0.3540
  ±Std       0.0394     0.0684     0.0175     0.0783     0.0447
  [M2_2/raw] Evaluating on test set (med_epoch=347, thresh=0.508) ...
CrossAttn — training final model for 347 epochs on full CV set …
  [CrossAttn] weights → C:\Users\jhjun\OneDrive\Desktop\대학원\results/0612_late_fusion/model_2_2\raw\M2_2_raw_weights.pt

CrossAttn — Test Set (Overall):  AUC: 0.8022  AUPRC: 0.3040  Brier: 0.2645  Acc: 0.5764  F1: 0.3121

CrossAttn — Test Set (By Sex):
  [M] n=82  AUC: 0.7402  AUPRC: 0.3518  Brier: 0.3061  Acc: 0.5610  F1: 0.3793
              precision    recall  f1-score   support

      Normal       0.95      0.51      0.66        69
  Sarcopenia       0.24      0.85      0.38        13

    accuracy                           0.56        82
   macro avg       0.60      0.68      0.52        82
weighted avg       0.83      0.56      0.62        82

  [F] n=147  AUC: 0.8162  AUPRC: 0.3338  Brier: 0.2413  Acc: 0.5850  F1: 0.2651
              precision    recall  f1-score   support

      Normal       1.00      0.55      0.71       136
  Sarcopenia       0.15      1.00      0.27        11

    accuracy                           0.59       147
   macro avg       0.58      0.78      0.49       147
weighted avg       0.94      0.59      0.68       147


───────────────────────────────────────────────────────
Test Set — Bootstrap CI
───────────────────────────────────────────────────────

  Bootstrap 95% CI — CrossAttn  (n_boot=2000)
  Metric         Estimate   95% CI Lower   95% CI Upper
  ----------------------------------------------------
  AUC-ROC          0.8022         0.7266         0.8695
  AUPRC            0.3040         0.1776         0.4829
  Brier            0.2645         0.2375         0.2907
  Accuracy         0.5764         0.5153         0.6419
  F1               0.3121         0.2069         0.4173
  [M2_2/raw] Saving figures ...

Saved (model 2_2 (raw, unmatched)):
  C:\Users\jhjun\OneDrive\Desktop\대학원\results/0612_late_fusion/model_2_2\raw/data_distribution.png
  C:\Users\jhjun\OneDrive\Desktop\대학원\results/0612_late_fusion/model_2_2\raw/cv_roc_curves.png
  C:\Users\jhjun\OneDrive\Desktop\대학원\results/0612_late_fusion/model_2_2\raw/cv_metric_distribution.png
  C:\Users\jhjun\OneDrive\Desktop\대학원\results/0612_late_fusion/model_2_2\raw/training_curves.png
  C:\Users\jhjun\OneDrive\Desktop\대학원\results/0612_late_fusion/model_2_2\raw/test_roc_curves.png
  C:\Users\jhjun\OneDrive\Desktop\대학원\results/0612_late_fusion/model_2_2\raw/test_roc_by_sex.png
  C:\Users\jhjun\OneDrive\Desktop\대학원\results/0612_late_fusion/model_2_2\raw/confusion_matrices.png
  C:\Users\jhjun\OneDrive\Desktop\대학원\results/0612_late_fusion/model_2_2\raw/calibration.png
  C:\Users\jhjun\OneDrive\Desktop\대학원\results/0612_late_fusion/model_2_2\raw/results.md
  [M2_2/raw] Plotting attention maps ...
  C:\Users\jhjun\OneDrive\Desktop\대학원\results/0612_late_fusion/model_2_2\raw/attention_map_c2a.png
  C:\Users\jhjun\OneDrive\Desktop\대학원\results/0612_late_fusion/model_2_2\raw/attention_heatmap_c2a.png
  C:\Users\jhjun\OneDrive\Desktop\대학원\results/0612_late_fusion/model_2_2\raw/attention_map_a2c.png
  C:\Users\jhjun\OneDrive\Desktop\대학원\results/0612_late_fusion/model_2_2\raw/attention_heatmap_a2c.png
  [M2_2/raw] Plotting Grad-CAM ...
  C:\Users\jhjun\OneDrive\Desktop\대학원\results/0612_late_fusion/model_2_2\raw/cam_aec_mean.png
  C:\Users\jhjun\OneDrive\Desktop\대학원\results/0612_late_fusion/model_2_2\raw/cam_aec_lines.png
  C:\Users\jhjun\OneDrive\Desktop\대학원\results/0612_late_fusion/model_2_2\raw/cam_aec_heatmap.png
  [M2_2/raw] Done.

############################################################
  [M2_2 norm]  (scale_clinic=True, scale_aec=none)
############################################################
  [M2_2/norm] Cross-validating CrossAttn ...
=======================================================
5-Fold CV  [CrossAttn | scale_aec=none]
=======================================================

── Fold 1/5 ──────────────────────────────
  Cros — AUC: 0.8331  AUPRC: 0.3435  Brier: 0.2885  Acc: 0.7486  F1: 0.4390  (best ep=34, thresh=0.588)

── Fold 2/5 ──────────────────────────────
  Cros — AUC: 0.8598  AUPRC: 0.4988  Brier: 0.2241  Acc: 0.7760  F1: 0.4533  (best ep=201, thresh=0.595)

── Fold 3/5 ──────────────────────────────
  Cros — AUC: 0.7635  AUPRC: 0.2843  Brier: 0.2786  Acc: 0.5902  F1: 0.3119  (best ep=89, thresh=0.528)

── Fold 4/5 ──────────────────────────────
  Cros — AUC: 0.7892  AUPRC: 0.3412  Brier: 0.2321  Acc: 0.6339  F1: 0.3495  (best ep=499, thresh=0.465)

── Fold 5/5 ──────────────────────────────
  Cros — AUC: 0.8182  AUPRC: 0.3849  Brier: 0.2311  Acc: 0.7802  F1: 0.4286  (best ep=138, thresh=0.625)

===========================================================================
CrossAttn  —  5-Fold CV Summary
===========================================================================
  Fold      AUC-ROC      AUPRC      Brier   Accuracy         F1
  ----------------------------------------------------------
  1          0.8331     0.3435     0.2885     0.7486     0.4390
  2          0.8598     0.4988     0.2241     0.7760     0.4533
  3          0.7635     0.2843     0.2786     0.5902     0.3119
  4          0.7892     0.3412     0.2321     0.6339     0.3495
  5          0.8182     0.3849     0.2311     0.7802     0.4286
  ──────────────────────────────────────────────────────────
  Mean       0.8127     0.3705     0.2509     0.7058     0.3965
  ±Std       0.0336     0.0717     0.0270     0.0785     0.0555
  [M2_2/norm] Evaluating on test set (med_epoch=138, thresh=0.588) ...
CrossAttn — training final model for 138 epochs on full CV set …
  [CrossAttn] weights → C:\Users\jhjun\OneDrive\Desktop\대학원\results/0612_late_fusion/model_2_2\norm\M2_2_norm_weights.pt

CrossAttn — Test Set (Overall):  AUC: 0.8059  AUPRC: 0.2782  Brier: 0.2627  Acc: 0.7031  F1: 0.3704

CrossAttn — Test Set (By Sex):
  [M] n=82  AUC: 0.7313  AUPRC: 0.2900  Brier: 0.3097  Acc: 0.6098  F1: 0.4286
              precision    recall  f1-score   support

      Normal       0.97      0.55      0.70        69
  Sarcopenia       0.28      0.92      0.43        13

    accuracy                           0.61        82
   macro avg       0.63      0.74      0.57        82
weighted avg       0.86      0.61      0.66        82

  [F] n=147  AUC: 0.8369  AUPRC: 0.4303  Brier: 0.2365  Acc: 0.7551  F1: 0.3077
              precision    recall  f1-score   support

      Normal       0.97      0.76      0.85       136
  Sarcopenia       0.20      0.73      0.31        11

    accuracy                           0.76       147
   macro avg       0.58      0.74      0.58       147
weighted avg       0.91      0.76      0.81       147


───────────────────────────────────────────────────────
Test Set — Bootstrap CI
───────────────────────────────────────────────────────

  Bootstrap 95% CI — CrossAttn  (n_boot=2000)
  Metric         Estimate   95% CI Lower   95% CI Upper
  ----------------------------------------------------
  AUC-ROC          0.8059         0.7201         0.8763
  AUPRC            0.2782         0.1800         0.4604
  Brier            0.2627         0.2375         0.2872
  Accuracy         0.7031         0.6462         0.7642
  F1               0.3704         0.2478         0.4860
  [M2_2/norm] Saving figures ...

Saved (model 2_2 (norm, unmatched)):
  C:\Users\jhjun\OneDrive\Desktop\대학원\results/0612_late_fusion/model_2_2\norm/data_distribution.png
  C:\Users\jhjun\OneDrive\Desktop\대학원\results/0612_late_fusion/model_2_2\norm/cv_roc_curves.png
  C:\Users\jhjun\OneDrive\Desktop\대학원\results/0612_late_fusion/model_2_2\norm/cv_metric_distribution.png
  C:\Users\jhjun\OneDrive\Desktop\대학원\results/0612_late_fusion/model_2_2\norm/training_curves.png
  C:\Users\jhjun\OneDrive\Desktop\대학원\results/0612_late_fusion/model_2_2\norm/test_roc_curves.png
  C:\Users\jhjun\OneDrive\Desktop\대학원\results/0612_late_fusion/model_2_2\norm/test_roc_by_sex.png
  C:\Users\jhjun\OneDrive\Desktop\대학원\results/0612_late_fusion/model_2_2\norm/confusion_matrices.png
  C:\Users\jhjun\OneDrive\Desktop\대학원\results/0612_late_fusion/model_2_2\norm/calibration.png
  C:\Users\jhjun\OneDrive\Desktop\대학원\results/0612_late_fusion/model_2_2\norm/results.md
  [M2_2/norm] Plotting attention maps ...
  C:\Users\jhjun\OneDrive\Desktop\대학원\results/0612_late_fusion/model_2_2\norm/attention_map_c2a.png
  C:\Users\jhjun\OneDrive\Desktop\대학원\results/0612_late_fusion/model_2_2\norm/attention_heatmap_c2a.png
  C:\Users\jhjun\OneDrive\Desktop\대학원\results/0612_late_fusion/model_2_2\norm/attention_map_a2c.png
  C:\Users\jhjun\OneDrive\Desktop\대학원\results/0612_late_fusion/model_2_2\norm/attention_heatmap_a2c.png
  [M2_2/norm] Plotting Grad-CAM ...
  C:\Users\jhjun\OneDrive\Desktop\대학원\results/0612_late_fusion/model_2_2\norm/cam_aec_mean.png
  C:\Users\jhjun\OneDrive\Desktop\대학원\results/0612_late_fusion/model_2_2\norm/cam_aec_lines.png
  C:\Users\jhjun\OneDrive\Desktop\대학원\results/0612_late_fusion/model_2_2\norm/cam_aec_heatmap.png
  [M2_2/norm] Done.

############################################################
  [M2_2 global_zscore]  (scale_clinic=True, scale_aec=global)
############################################################
  [M2_2/global_zscore] Cross-validating CrossAttn ...
=======================================================
5-Fold CV  [CrossAttn | scale_aec=global]
=======================================================

── Fold 1/5 ──────────────────────────────
  Cros — AUC: 0.8123  AUPRC: 0.3010  Brier: 0.2613  Acc: 0.7814  F1: 0.4286  (best ep=119, thresh=0.639)

── Fold 2/5 ──────────────────────────────
  Cros — AUC: 0.8386  AUPRC: 0.4177  Brier: 0.2283  Acc: 0.6885  F1: 0.3871  (best ep=201, thresh=0.498)

── Fold 3/5 ──────────────────────────────
  Cros — AUC: 0.7490  AUPRC: 0.2538  Brier: 0.2691  Acc: 0.6284  F1: 0.3200  (best ep=390, thresh=0.509)

── Fold 4/5 ──────────────────────────────
  Cros — AUC: 0.7603  AUPRC: 0.3087  Brier: 0.2339  Acc: 0.6776  F1: 0.3516  (best ep=271, thresh=0.498)

── Fold 5/5 ──────────────────────────────
  Cros — AUC: 0.8185  AUPRC: 0.3922  Brier: 0.2412  Acc: 0.7967  F1: 0.4789  (best ep=252, thresh=0.611)

===========================================================================
CrossAttn  —  5-Fold CV Summary
===========================================================================
  Fold      AUC-ROC      AUPRC      Brier   Accuracy         F1
  ----------------------------------------------------------
  1          0.8123     0.3010     0.2613     0.7814     0.4286
  2          0.8386     0.4177     0.2283     0.6885     0.3871
  3          0.7490     0.2538     0.2691     0.6284     0.3200
  4          0.7603     0.3087     0.2339     0.6776     0.3516
  5          0.8185     0.3922     0.2412     0.7967     0.4789
  ──────────────────────────────────────────────────────────
  Mean       0.7957     0.3347     0.2468     0.7145     0.3932
  ±Std       0.0348     0.0609     0.0158     0.0643     0.0561
  [M2_2/global_zscore] Evaluating on test set (med_epoch=252, thresh=0.509) ...
CrossAttn — training final model for 252 epochs on full CV set …
  [CrossAttn] weights → C:\Users\jhjun\OneDrive\Desktop\대학원\results/0612_late_fusion/model_2_2\global_zscore\M2_2_global_zscore_weights.pt

CrossAttn — Test Set (Overall):  AUC: 0.8041  AUPRC: 0.3194  Brier: 0.2634  Acc: 0.6026  F1: 0.3259

CrossAttn — Test Set (By Sex):
  [M] n=82  AUC: 0.7380  AUPRC: 0.3440  Brier: 0.2986  Acc: 0.5854  F1: 0.3929
              precision    recall  f1-score   support

      Normal       0.95      0.54      0.69        69
  Sarcopenia       0.26      0.85      0.39        13

    accuracy                           0.59        82
   macro avg       0.60      0.69      0.54        82
weighted avg       0.84      0.59      0.64        82

  [F] n=147  AUC: 0.8336  AUPRC: 0.3554  Brier: 0.2437  Acc: 0.6122  F1: 0.2785
              precision    recall  f1-score   support

      Normal       1.00      0.58      0.73       136
  Sarcopenia       0.16      1.00      0.28        11

    accuracy                           0.61       147
   macro avg       0.58      0.79      0.51       147
weighted avg       0.94      0.61      0.70       147


───────────────────────────────────────────────────────
Test Set — Bootstrap CI
───────────────────────────────────────────────────────

  Bootstrap 95% CI — CrossAttn  (n_boot=2000)
  Metric         Estimate   95% CI Lower   95% CI Upper
  ----------------------------------------------------
  AUC-ROC          0.8041         0.7212         0.8727
  AUPRC            0.3194         0.1835         0.4974
  Brier            0.2634         0.2368         0.2895
  Accuracy         0.6026         0.5371         0.6681
  F1               0.3259         0.2185         0.4348
  [M2_2/global_zscore] Saving figures ...

Saved (model 2_2 (global_zscore, unmatched)):
  C:\Users\jhjun\OneDrive\Desktop\대학원\results/0612_late_fusion/model_2_2\global_zscore/data_distribution.png
  C:\Users\jhjun\OneDrive\Desktop\대학원\results/0612_late_fusion/model_2_2\global_zscore/cv_roc_curves.png
  C:\Users\jhjun\OneDrive\Desktop\대학원\results/0612_late_fusion/model_2_2\global_zscore/cv_metric_distribution.png
  C:\Users\jhjun\OneDrive\Desktop\대학원\results/0612_late_fusion/model_2_2\global_zscore/training_curves.png
  C:\Users\jhjun\OneDrive\Desktop\대학원\results/0612_late_fusion/model_2_2\global_zscore/test_roc_curves.png
  C:\Users\jhjun\OneDrive\Desktop\대학원\results/0612_late_fusion/model_2_2\global_zscore/test_roc_by_sex.png
  C:\Users\jhjun\OneDrive\Desktop\대학원\results/0612_late_fusion/model_2_2\global_zscore/confusion_matrices.png
  C:\Users\jhjun\OneDrive\Desktop\대학원\results/0612_late_fusion/model_2_2\global_zscore/calibration.png
  C:\Users\jhjun\OneDrive\Desktop\대학원\results/0612_late_fusion/model_2_2\global_zscore/results.md
  [M2_2/global_zscore] Plotting attention maps ...
  C:\Users\jhjun\OneDrive\Desktop\대학원\results/0612_late_fusion/model_2_2\global_zscore/attention_map_c2a.png
  C:\Users\jhjun\OneDrive\Desktop\대학원\results/0612_late_fusion/model_2_2\global_zscore/attention_heatmap_c2a.png
  C:\Users\jhjun\OneDrive\Desktop\대학원\results/0612_late_fusion/model_2_2\global_zscore/attention_map_a2c.png
  C:\Users\jhjun\OneDrive\Desktop\대학원\results/0612_late_fusion/model_2_2\global_zscore/attention_heatmap_a2c.png
  [M2_2/global_zscore] Plotting Grad-CAM ...
  C:\Users\jhjun\OneDrive\Desktop\대학원\results/0612_late_fusion/model_2_2\global_zscore/cam_aec_mean.png
  C:\Users\jhjun\OneDrive\Desktop\대학원\results/0612_late_fusion/model_2_2\global_zscore/cam_aec_lines.png
  C:\Users\jhjun\OneDrive\Desktop\대학원\results/0612_late_fusion/model_2_2\global_zscore/cam_aec_heatmap.png
  [M2_2/global_zscore] Done.
