============================================================
  MODEL 2 — Clinic + AEC (aec128)  (3 AEC variants)
============================================================

############################################################
  [M2 raw]  (scale_clinic=True, scale_aec=none)
############################################################
  [M2/raw] Cross-validating CrossAttn ...
=======================================================
5-Fold CV  [CrossAttn | scale_aec=none]
=======================================================

── Fold 1/5 ──────────────────────────────
  CA   — AUC: 0.8092  AUPRC: 0.3641  Brier: 0.2663  Acc: 0.7432  F1: 0.4051  (best ep=405, thresh=0.631)

── Fold 2/5 ──────────────────────────────
  CA   — AUC: 0.8623  AUPRC: 0.4986  Brier: 0.2297  Acc: 0.8033  F1: 0.4545  (best ep=440, thresh=0.604)

── Fold 3/5 ──────────────────────────────
  CA   — AUC: 0.7908  AUPRC: 0.3399  Brier: 0.2734  Acc: 0.7760  F1: 0.4058  (best ep=376, thresh=0.641)

── Fold 4/5 ──────────────────────────────
  CA   — AUC: 0.7622  AUPRC: 0.3390  Brier: 0.2385  Acc: 0.7322  F1: 0.3797  (best ep=431, thresh=0.560)

── Fold 5/5 ──────────────────────────────
  CA   — AUC: 0.8108  AUPRC: 0.3339  Brier: 0.2535  Acc: 0.7857  F1: 0.4348  (best ep=462, thresh=0.627)

===========================================================================
CrossAttn  —  5-Fold CV Summary
===========================================================================
  Fold      AUC-ROC      AUPRC      Brier   Accuracy         F1
  ----------------------------------------------------------
  1          0.8092     0.3641     0.2663     0.7432     0.4051
  2          0.8623     0.4986     0.2297     0.8033     0.4545
  3          0.7908     0.3399     0.2734     0.7760     0.4058
  4          0.7622     0.3390     0.2385     0.7322     0.3797
  5          0.8108     0.3339     0.2535     0.7857     0.4348
  ──────────────────────────────────────────────────────────
  Mean       0.8071     0.3751     0.2523     0.7681     0.4160
  ±Std       0.0327     0.0626     0.0164     0.0265     0.0260
  [M2/raw] Evaluating on test set (med_epoch=431, thresh=0.627) ...

=======================================================
CrossAttn Test Evaluation  [scale_aec=none | threshold=0.627]
=======================================================
CrossAttn — training final model for 431 epochs on full CV set …
  [CrossAttn] weights → 연구코드/results/0612_2/model_2\raw\M2_raw_weights.pt

CrossAttn — Test Set (Overall):  AUC: 0.7783  AUPRC: 0.2656  Brier: 0.2621  Acc: 0.7336  F1: 0.3579

CrossAttn — Test Set (By Sex):
  [M] n=82  AUC: 0.6945  AUPRC: 0.3092  Brier: 0.3066  Acc: 0.6951  F1: 0.4444
              precision    recall  f1-score   support

      Normal       0.94      0.68      0.79        69
  Sarcopenia       0.31      0.77      0.44        13

    accuracy                           0.70        82
   macro avg       0.63      0.73      0.62        82
weighted avg       0.84      0.70      0.74        82

  [F] n=147  AUC: 0.8055  AUPRC: 0.2448  Brier: 0.2373  Acc: 0.7551  F1: 0.2800
              precision    recall  f1-score   support

      Normal       0.96      0.76      0.85       136
  Sarcopenia       0.18      0.64      0.28        11

    accuracy                           0.76       147
   macro avg       0.57      0.70      0.57       147
weighted avg       0.90      0.76      0.81       147


───────────────────────────────────────────────────────
Test Set — Bootstrap CI
───────────────────────────────────────────────────────

  Bootstrap 95% CI — CrossAttn  (n_boot=2000)
  Metric         Estimate   95% CI Lower   95% CI Upper
  ----------------------------------------------------
  AUC-ROC          0.7783         0.6934         0.8560
  AUPRC            0.2656         0.1558         0.4229
  Brier            0.2621         0.2351         0.2877
  Accuracy         0.7336         0.6769         0.7904
  F1               0.3579         0.2319         0.4753
  [M2/raw] Saving figures ...

Saved (model 2 (raw)):
  연구코드/results/0612_2/model_2\raw/data_distribution.png
  연구코드/results/0612_2/model_2\raw/cv_roc_curves.png
  연구코드/results/0612_2/model_2\raw/cv_metric_distribution.png
  연구코드/results/0612_2/model_2\raw/training_curves.png
  연구코드/results/0612_2/model_2\raw/test_roc_curves.png
  연구코드/results/0612_2/model_2\raw/test_roc_by_sex.png
  연구코드/results/0612_2/model_2\raw/confusion_matrices.png
  연구코드/results/0612_2/model_2\raw/calibration.png
  연구코드/results/0612_2/model_2\raw/results.md
  [M2/raw] Plotting attention maps ...
  연구코드/results/0612_2/model_2\raw/attention_map_c2a.png
  연구코드/results/0612_2/model_2\raw/attention_heatmap_c2a.png
  연구코드/results/0612_2/model_2\raw/attention_map_a2c.png
  연구코드/results/0612_2/model_2\raw/attention_heatmap_a2c.png
  [M2/raw] Plotting Grad-CAM ...
  연구코드/results/0612_2/model_2\raw/cam_aec_mean.png
  연구코드/results/0612_2/model_2\raw/cam_aec_lines.png
  연구코드/results/0612_2/model_2\raw/cam_aec_heatmap.png
  [M2/raw] Done.

############################################################
  [M2 norm]  (scale_clinic=True, scale_aec=none)
############################################################
  [M2/norm] Cross-validating CrossAttn ...
=======================================================
5-Fold CV  [CrossAttn | scale_aec=none]
=======================================================

── Fold 1/5 ──────────────────────────────
  CA   — AUC: 0.8270  AUPRC: 0.3801  Brier: 0.2505  Acc: 0.8087  F1: 0.4776  (best ep=294, thresh=0.661)

── Fold 2/5 ──────────────────────────────
  CA   — AUC: 0.8556  AUPRC: 0.5006  Brier: 0.2034  Acc: 0.8634  F1: 0.5455  (best ep=484, thresh=0.645)

── Fold 3/5 ──────────────────────────────
  CA   — AUC: 0.7622  AUPRC: 0.2448  Brier: 0.2906  Acc: 0.7322  F1: 0.3797  (best ep=60, thresh=0.587)

── Fold 4/5 ──────────────────────────────
  CA   — AUC: 0.7904  AUPRC: 0.3463  Brier: 0.2375  Acc: 0.7486  F1: 0.3947  (best ep=212, thresh=0.591)

── Fold 5/5 ──────────────────────────────
  CA   — AUC: 0.8130  AUPRC: 0.4113  Brier: 0.2549  Acc: 0.8187  F1: 0.4762  (best ep=113, thresh=0.643)

===========================================================================
CrossAttn  —  5-Fold CV Summary
===========================================================================
  Fold      AUC-ROC      AUPRC      Brier   Accuracy         F1
  ----------------------------------------------------------
  1          0.8270     0.3801     0.2505     0.8087     0.4776
  2          0.8556     0.5006     0.2034     0.8634     0.5455
  3          0.7622     0.2448     0.2906     0.7322     0.3797
  4          0.7904     0.3463     0.2375     0.7486     0.3947
  5          0.8130     0.4113     0.2549     0.8187     0.4762
  ──────────────────────────────────────────────────────────
  Mean       0.8097     0.3766     0.2474     0.7943     0.4547
  ±Std       0.0318     0.0835     0.0282     0.0480     0.0607
  [M2/norm] Evaluating on test set (med_epoch=212, thresh=0.643) ...

=======================================================
CrossAttn Test Evaluation  [scale_aec=none | threshold=0.643]
=======================================================
CrossAttn — training final model for 212 epochs on full CV set …
  [CrossAttn] weights → 연구코드/results/0612_2/model_2\norm\M2_norm_weights.pt

CrossAttn — Test Set (Overall):  AUC: 0.8028  AUPRC: 0.3466  Brier: 0.2661  Acc: 0.7249  F1: 0.3226

CrossAttn — Test Set (By Sex):
  [M] n=82  AUC: 0.7280  AUPRC: 0.3841  Brier: 0.2989  Acc: 0.6341  F1: 0.3750
              precision    recall  f1-score   support

      Normal       0.91      0.62      0.74        69
  Sarcopenia       0.26      0.69      0.38        13

    accuracy                           0.63        82
   macro avg       0.59      0.66      0.56        82
weighted avg       0.81      0.63      0.68        82

  [F] n=147  AUC: 0.8416  AUPRC: 0.3492  Brier: 0.2479  Acc: 0.7755  F1: 0.2667
              precision    recall  f1-score   support

      Normal       0.96      0.79      0.87       136
  Sarcopenia       0.18      0.55      0.27        11

    accuracy                           0.78       147
   macro avg       0.57      0.67      0.57       147
weighted avg       0.90      0.78      0.82       147


───────────────────────────────────────────────────────
Test Set — Bootstrap CI
───────────────────────────────────────────────────────

  Bootstrap 95% CI — CrossAttn  (n_boot=2000)
  Metric         Estimate   95% CI Lower   95% CI Upper
  ----------------------------------------------------
  AUC-ROC          0.8028         0.7195         0.8733
  AUPRC            0.3466         0.1976         0.5284
  Brier            0.2661         0.2438         0.2872
  Accuracy         0.7249         0.6681         0.7817
  F1               0.3226         0.1975         0.4400
  [M2/norm] Saving figures ...

Saved (model 2 (norm)):
  연구코드/results/0612_2/model_2\norm/data_distribution.png
  연구코드/results/0612_2/model_2\norm/cv_roc_curves.png
  연구코드/results/0612_2/model_2\norm/cv_metric_distribution.png
  연구코드/results/0612_2/model_2\norm/training_curves.png
  연구코드/results/0612_2/model_2\norm/test_roc_curves.png
  연구코드/results/0612_2/model_2\norm/test_roc_by_sex.png
  연구코드/results/0612_2/model_2\norm/confusion_matrices.png
  연구코드/results/0612_2/model_2\norm/calibration.png
  연구코드/results/0612_2/model_2\norm/results.md
  [M2/norm] Plotting attention maps ...
  연구코드/results/0612_2/model_2\norm/attention_map_c2a.png
  연구코드/results/0612_2/model_2\norm/attention_heatmap_c2a.png
  연구코드/results/0612_2/model_2\norm/attention_map_a2c.png
  연구코드/results/0612_2/model_2\norm/attention_heatmap_a2c.png
  [M2/norm] Plotting Grad-CAM ...
  연구코드/results/0612_2/model_2\norm/cam_aec_mean.png
  연구코드/results/0612_2/model_2\norm/cam_aec_lines.png
  연구코드/results/0612_2/model_2\norm/cam_aec_heatmap.png
  [M2/norm] Done.

############################################################
  [M2 global_zscore]  (scale_clinic=True, scale_aec=global)
############################################################
  [M2/global_zscore] Cross-validating CrossAttn ...
=======================================================
5-Fold CV  [CrossAttn | scale_aec=global]
=======================================================

── Fold 1/5 ──────────────────────────────
  CA   — AUC: 0.8086  AUPRC: 0.3620  Brier: 0.2598  Acc: 0.6448  F1: 0.3564  (best ep=372, thresh=0.575)

── Fold 2/5 ──────────────────────────────
  CA   — AUC: 0.8440  AUPRC: 0.5260  Brier: 0.2259  Acc: 0.9016  F1: 0.5714  (best ep=480, thresh=0.689)

── Fold 3/5 ──────────────────────────────
  CA   — AUC: 0.8110  AUPRC: 0.3530  Brier: 0.2710  Acc: 0.7322  F1: 0.3797  (best ep=431, thresh=0.608)

── Fold 4/5 ──────────────────────────────
  CA   — AUC: 0.7593  AUPRC: 0.3137  Brier: 0.2279  Acc: 0.6885  F1: 0.3736  (best ep=454, thresh=0.506)

── Fold 5/5 ──────────────────────────────
  CA   — AUC: 0.8305  AUPRC: 0.3640  Brier: 0.2371  Acc: 0.7967  F1: 0.4638  (best ep=481, thresh=0.639)

===========================================================================
CrossAttn  —  5-Fold CV Summary
===========================================================================
  Fold      AUC-ROC      AUPRC      Brier   Accuracy         F1
  ----------------------------------------------------------
  1          0.8086     0.3620     0.2598     0.6448     0.3564
  2          0.8440     0.5260     0.2259     0.9016     0.5714
  3          0.8110     0.3530     0.2710     0.7322     0.3797
  4          0.7593     0.3137     0.2279     0.6885     0.3736
  5          0.8305     0.3640     0.2371     0.7967     0.4638
  ──────────────────────────────────────────────────────────
  Mean       0.8107     0.3837     0.2443     0.7528     0.4290
  ±Std       0.0288     0.0734     0.0180     0.0898     0.0803
  [M2/global_zscore] Evaluating on test set (med_epoch=454, thresh=0.608) ...

=======================================================
CrossAttn Test Evaluation  [scale_aec=global | threshold=0.608]
=======================================================
CrossAttn — training final model for 454 epochs on full CV set …
  [CrossAttn] weights → 연구코드/results/0612_2/model_2\global_zscore\M2_global_zscore_weights.pt

CrossAttn — Test Set (Overall):  AUC: 0.8142  AUPRC: 0.3038  Brier: 0.2552  Acc: 0.7511  F1: 0.3871

CrossAttn — Test Set (By Sex):
  [M] n=82  AUC: 0.7414  AUPRC: 0.3399  Brier: 0.3039  Acc: 0.6829  F1: 0.4348
              precision    recall  f1-score   support

      Normal       0.94      0.67      0.78        69
  Sarcopenia       0.30      0.77      0.43        13

    accuracy                           0.68        82
   macro avg       0.62      0.72      0.61        82
weighted avg       0.84      0.68      0.72        82

  [F] n=147  AUC: 0.8416  AUPRC: 0.3328  Brier: 0.2281  Acc: 0.7891  F1: 0.3404
              precision    recall  f1-score   support

      Normal       0.97      0.79      0.87       136
  Sarcopenia       0.22      0.73      0.34        11

    accuracy                           0.79       147
   macro avg       0.60      0.76      0.61       147
weighted avg       0.92      0.79      0.83       147


───────────────────────────────────────────────────────
Test Set — Bootstrap CI
───────────────────────────────────────────────────────

  Bootstrap 95% CI — CrossAttn  (n_boot=2000)
  Metric         Estimate   95% CI Lower   95% CI Upper
  ----------------------------------------------------
  AUC-ROC          0.8142         0.7418         0.8817
  AUPRC            0.3038         0.1848         0.4758
  Brier            0.2552         0.2277         0.2809
  Accuracy         0.7511         0.6943         0.8079
  F1               0.3871         0.2558         0.5111
  [M2/global_zscore] Saving figures ...

Saved (model 2 (global_zscore)):
  연구코드/results/0612_2/model_2\global_zscore/data_distribution.png
  연구코드/results/0612_2/model_2\global_zscore/cv_roc_curves.png
  연구코드/results/0612_2/model_2\global_zscore/cv_metric_distribution.png
  연구코드/results/0612_2/model_2\global_zscore/training_curves.png
  연구코드/results/0612_2/model_2\global_zscore/test_roc_curves.png
  연구코드/results/0612_2/model_2\global_zscore/test_roc_by_sex.png
  연구코드/results/0612_2/model_2\global_zscore/confusion_matrices.png
  연구코드/results/0612_2/model_2\global_zscore/calibration.png
  연구코드/results/0612_2/model_2\global_zscore/results.md
  [M2/global_zscore] Plotting attention maps ...
  연구코드/results/0612_2/model_2\global_zscore/attention_map_c2a.png
  연구코드/results/0612_2/model_2\global_zscore/attention_heatmap_c2a.png
  연구코드/results/0612_2/model_2\global_zscore/attention_map_a2c.png
  연구코드/results/0612_2/model_2\global_zscore/attention_heatmap_a2c.png
  [M2/global_zscore] Plotting Grad-CAM ...
  연구코드/results/0612_2/model_2\global_zscore/cam_aec_mean.png
  연구코드/results/0612_2/model_2\global_zscore/cam_aec_lines.png
  연구코드/results/0612_2/model_2\global_zscore/cam_aec_heatmap.png
  [M2/global_zscore] Done.
