============================================================
  MODEL 2 — Clinic + AEC (aec103)  (4 AEC variants)
============================================================

############################################################
  [M2 raw]  (scale_clinic=True, scale_aec=none)
############################################################
  [M2/raw] Cross-validating CrossAttn ...
=======================================================
5-Fold CV  [CrossAttn | scale_clin=True, scale_aec=none]
=======================================================

── Fold 1/5 ──────────────────────────────
  CA   — AUC: 0.8147  AUPRC: 0.3355  Brier: 0.2611  Acc: 0.6557  F1: 0.3636  (best ep=159, thresh=0.565)

── Fold 2/5 ──────────────────────────────
  CA   — AUC: 0.8421  AUPRC: 0.5165  Brier: 0.2128  Acc: 0.8142  F1: 0.4516  (best ep=175, thresh=0.640)

── Fold 3/5 ──────────────────────────────
  CA   — AUC: 0.7859  AUPRC: 0.3584  Brier: 0.2690  Acc: 0.6776  F1: 0.3516  (best ep=118, thresh=0.576)

── Fold 4/5 ──────────────────────────────
  CA   — AUC: 0.7994  AUPRC: 0.3102  Brier: 0.2303  Acc: 0.6557  F1: 0.3636  (best ep=95, thresh=0.500)

── Fold 5/5 ──────────────────────────────
  CA   — AUC: 0.7956  AUPRC: 0.3837  Brier: 0.2320  Acc: 0.7363  F1: 0.4000  (best ep=183, thresh=0.591)

===========================================================================
CrossAttn  —  5-Fold CV Summary
===========================================================================
  Fold      AUC-ROC      AUPRC      Brier   Accuracy         F1
  ----------------------------------------------------------
  1          0.8147     0.3355     0.2611     0.6557     0.3636
  2          0.8421     0.5165     0.2128     0.8142     0.4516
  3          0.7859     0.3584     0.2690     0.6776     0.3516
  4          0.7994     0.3102     0.2303     0.6557     0.3636
  5          0.7956     0.3837     0.2320     0.7363     0.4000
  ──────────────────────────────────────────────────────────
  Mean       0.8076     0.3809     0.2410     0.7079     0.3861
  ±Std       0.0196     0.0721     0.0209     0.0608     0.0366
  [M2/raw] Evaluating on test set (med_epoch=159, thresh=0.576) ...

=======================================================
CrossAttn Test Evaluation  (scale_clin=True, scale_aec=none, threshold=0.576)
=======================================================
CrossAttn — training final model for 159 epochs on full CV set …
  [CrossAttn] Model weights saved → 연구코드/results/0605/stage1_1e-05_epoch500/model_2\crop80\raw\M2_raw_weights.pt

CrossAttn — Test Set (Overall):
  AUC: 0.8010  AUPRC: 0.2675  Brier: 0.2536  Acc: 0.7118  F1: 0.3654

CrossAttn — Test Set (By Sex):
  [M] n=82  AUC: 0.7124  AUPRC: 0.2831  Brier: 0.3014  Acc: 0.6341  F1: 0.4000
              precision    recall  f1-score   support

      Normal       0.93      0.61      0.74        69
  Sarcopenia       0.27      0.77      0.40        13

    accuracy                           0.63        82
   macro avg       0.60      0.69      0.57        82
weighted avg       0.83      0.63      0.68        82

  [F] n=147  AUC: 0.8496  AUPRC: 0.3307  Brier: 0.2269  Acc: 0.7551  F1: 0.3333
              precision    recall  f1-score   support

      Normal       0.98      0.75      0.85       136
  Sarcopenia       0.21      0.82      0.33        11

    accuracy                           0.76       147
   macro avg       0.60      0.78      0.59       147
weighted avg       0.92      0.76      0.81       147


───────────────────────────────────────────────────────
Test Set — Bootstrap CI
───────────────────────────────────────────────────────

  Bootstrap 95% CI — CrossAttn  (n_boot=2000)
  Metric         Estimate   95% CI Lower   95% CI Upper
  ----------------------------------------------------
  AUC-ROC          0.8010         0.7212         0.8757
  AUPRC            0.2675         0.1736         0.4422
  Brier            0.2536         0.2262         0.2798
  Accuracy         0.7118         0.6507         0.7729
  F1               0.3654         0.2424         0.4822
  [M2/raw] Saving figures ...

Saved (model 2 (raw)):
  연구코드/results/0605/stage1_1e-05_epoch500/model_2\crop80\raw/data_distribution.png
  연구코드/results/0605/stage1_1e-05_epoch500/model_2\crop80\raw/cv_roc_curves.png
  연구코드/results/0605/stage1_1e-05_epoch500/model_2\crop80\raw/cv_metric_distribution.png
  연구코드/results/0605/stage1_1e-05_epoch500/model_2\crop80\raw/training_curves.png
  연구코드/results/0605/stage1_1e-05_epoch500/model_2\crop80\raw/test_roc_curves.png
  연구코드/results/0605/stage1_1e-05_epoch500/model_2\crop80\raw/test_roc_by_sex.png
  연구코드/results/0605/stage1_1e-05_epoch500/model_2\crop80\raw/confusion_matrices.png
  연구코드/results/0605/stage1_1e-05_epoch500/model_2\crop80\raw/calibration.png
  연구코드/results/0605/stage1_1e-05_epoch500/model_2\crop80\raw/results.md
  [M2/raw] Plotting attention maps ...
  연구코드/results/0605/stage1_1e-05_epoch500/model_2\crop80\raw/attention_map_c2a.png
  연구코드/results/0605/stage1_1e-05_epoch500/model_2\crop80\raw/attention_heatmap_c2a.png
  연구코드/results/0605/stage1_1e-05_epoch500/model_2\crop80\raw/attention_map_a2c.png
  연구코드/results/0605/stage1_1e-05_epoch500/model_2\crop80\raw/attention_heatmap_a2c.png
  [M2/raw] Plotting Grad-CAM ...
  연구코드/results/0605/stage1_1e-05_epoch500/model_2\crop80\raw/cam_aec_mean.png
  연구코드/results/0605/stage1_1e-05_epoch500/model_2\crop80\raw/cam_aec_lines.png
  연구코드/results/0605/stage1_1e-05_epoch500/model_2\crop80\raw/cam_aec_heatmap.png
  [M2/raw] Done.

############################################################
  [M2 std_scaled]  (scale_clinic=True, scale_aec=column)
############################################################
  [M2/std_scaled] Cross-validating CrossAttn ...
=======================================================
5-Fold CV  [CrossAttn | scale_clin=True, scale_aec=column]
=======================================================

── Fold 1/5 ──────────────────────────────
  CA   — AUC: 0.8153  AUPRC: 0.3593  Brier: 0.2519  Acc: 0.7541  F1: 0.4156  (best ep=231, thresh=0.633)

── Fold 2/5 ──────────────────────────────
  CA   — AUC: 0.8671  AUPRC: 0.5467  Brier: 0.2402  Acc: 0.8033  F1: 0.4706  (best ep=55, thresh=0.600)

── Fold 3/5 ──────────────────────────────
  CA   — AUC: 0.7879  AUPRC: 0.3645  Brier: 0.2646  Acc: 0.6667  F1: 0.3441  (best ep=326, thresh=0.553)

── Fold 4/5 ──────────────────────────────
  CA   — AUC: 0.7959  AUPRC: 0.3272  Brier: 0.2292  Acc: 0.7322  F1: 0.3951  (best ep=98, thresh=0.570)

── Fold 5/5 ──────────────────────────────
  CA   — AUC: 0.8076  AUPRC: 0.4050  Brier: 0.2289  Acc: 0.8022  F1: 0.4545  (best ep=203, thresh=0.620)

===========================================================================
CrossAttn  —  5-Fold CV Summary
===========================================================================
  Fold      AUC-ROC      AUPRC      Brier   Accuracy         F1
  ----------------------------------------------------------
  1          0.8153     0.3593     0.2519     0.7541     0.4156
  2          0.8671     0.5467     0.2402     0.8033     0.4706
  3          0.7879     0.3645     0.2646     0.6667     0.3441
  4          0.7959     0.3272     0.2292     0.7322     0.3951
  5          0.8076     0.4050     0.2289     0.8022     0.4545
  ──────────────────────────────────────────────────────────
  Mean       0.8148     0.4005     0.2430     0.7517     0.4160
  ±Std       0.0278     0.0771     0.0137     0.0506     0.0449
  [M2/std_scaled] Evaluating on test set (med_epoch=203, thresh=0.600) ...

=======================================================
CrossAttn Test Evaluation  (scale_clin=True, scale_aec=column, threshold=0.600)
=======================================================
CrossAttn — training final model for 203 epochs on full CV set …
  [CrossAttn] Model weights saved → 연구코드/results/0605/stage1_1e-05_epoch500/model_2\crop80\std_scaled\M2_std_scaled_weights.pt

CrossAttn — Test Set (Overall):
  AUC: 0.8057  AUPRC: 0.2999  Brier: 0.2627  Acc: 0.7118  F1: 0.3654

CrossAttn — Test Set (By Sex):
  [M] n=82  AUC: 0.7101  AUPRC: 0.3252  Brier: 0.3044  Acc: 0.6463  F1: 0.4082
              precision    recall  f1-score   support

      Normal       0.93      0.62      0.75        69
  Sarcopenia       0.28      0.77      0.41        13

    accuracy                           0.65        82
   macro avg       0.61      0.70      0.58        82
weighted avg       0.83      0.65      0.69        82

  [F] n=147  AUC: 0.8650  AUPRC: 0.3765  Brier: 0.2395  Acc: 0.7483  F1: 0.3273
              precision    recall  f1-score   support

      Normal       0.98      0.74      0.85       136
  Sarcopenia       0.20      0.82      0.33        11

    accuracy                           0.75       147
   macro avg       0.59      0.78      0.59       147
weighted avg       0.92      0.75      0.81       147


───────────────────────────────────────────────────────
Test Set — Bootstrap CI
───────────────────────────────────────────────────────

  Bootstrap 95% CI — CrossAttn  (n_boot=2000)
  Metric         Estimate   95% CI Lower   95% CI Upper
  ----------------------------------------------------
  AUC-ROC          0.8057         0.7197         0.8787
  AUPRC            0.2999         0.1789         0.4746
  Brier            0.2627         0.2336         0.2894
  Accuracy         0.7118         0.6550         0.7729
  F1               0.3654         0.2449         0.4865
  [M2/std_scaled] Saving figures ...

Saved (model 2 (std_scaled)):
  연구코드/results/0605/stage1_1e-05_epoch500/model_2\crop80\std_scaled/data_distribution.png
  연구코드/results/0605/stage1_1e-05_epoch500/model_2\crop80\std_scaled/cv_roc_curves.png
  연구코드/results/0605/stage1_1e-05_epoch500/model_2\crop80\std_scaled/cv_metric_distribution.png
  연구코드/results/0605/stage1_1e-05_epoch500/model_2\crop80\std_scaled/training_curves.png
  연구코드/results/0605/stage1_1e-05_epoch500/model_2\crop80\std_scaled/test_roc_curves.png
  연구코드/results/0605/stage1_1e-05_epoch500/model_2\crop80\std_scaled/test_roc_by_sex.png
  연구코드/results/0605/stage1_1e-05_epoch500/model_2\crop80\std_scaled/confusion_matrices.png
  연구코드/results/0605/stage1_1e-05_epoch500/model_2\crop80\std_scaled/calibration.png
  연구코드/results/0605/stage1_1e-05_epoch500/model_2\crop80\std_scaled/results.md
  [M2/std_scaled] Plotting attention maps ...
  연구코드/results/0605/stage1_1e-05_epoch500/model_2\crop80\std_scaled/attention_map_c2a.png
  연구코드/results/0605/stage1_1e-05_epoch500/model_2\crop80\std_scaled/attention_heatmap_c2a.png
  연구코드/results/0605/stage1_1e-05_epoch500/model_2\crop80\std_scaled/attention_map_a2c.png
  연구코드/results/0605/stage1_1e-05_epoch500/model_2\crop80\std_scaled/attention_heatmap_a2c.png
  [M2/std_scaled] Plotting Grad-CAM ...
  연구코드/results/0605/stage1_1e-05_epoch500/model_2\crop80\std_scaled/cam_aec_mean.png
  연구코드/results/0605/stage1_1e-05_epoch500/model_2\crop80\std_scaled/cam_aec_lines.png
  연구코드/results/0605/stage1_1e-05_epoch500/model_2\crop80\std_scaled/cam_aec_heatmap.png
  [M2/std_scaled] Done.

############################################################
  [M2 norm]  (scale_clinic=True, scale_aec=none)
############################################################
  [M2/norm] Cross-validating CrossAttn ...
=======================================================
5-Fold CV  [CrossAttn | scale_clin=True, scale_aec=none]
=======================================================

── Fold 1/5 ──────────────────────────────
  CA   — AUC: 0.8172  AUPRC: 0.3558  Brier: 0.2544  Acc: 0.7814  F1: 0.4286  (best ep=164, thresh=0.676)

── Fold 2/5 ──────────────────────────────
  CA   — AUC: 0.8565  AUPRC: 0.5069  Brier: 0.2044  Acc: 0.7650  F1: 0.4267  (best ep=403, thresh=0.527)

── Fold 3/5 ──────────────────────────────
  CA   — AUC: 0.7612  AUPRC: 0.2605  Brier: 0.2550  Acc: 0.8033  F1: 0.4000  (best ep=136, thresh=0.709)

── Fold 4/5 ──────────────────────────────
  CA   — AUC: 0.7763  AUPRC: 0.3392  Brier: 0.2439  Acc: 0.7869  F1: 0.4179  (best ep=106, thresh=0.651)

── Fold 5/5 ──────────────────────────────
  CA   — AUC: 0.7785  AUPRC: 0.3958  Brier: 0.2604  Acc: 0.6319  F1: 0.3232  (best ep=41, thresh=0.556)

===========================================================================
CrossAttn  —  5-Fold CV Summary
===========================================================================
  Fold      AUC-ROC      AUPRC      Brier   Accuracy         F1
  ----------------------------------------------------------
  1          0.8172     0.3558     0.2544     0.7814     0.4286
  2          0.8565     0.5069     0.2044     0.7650     0.4267
  3          0.7612     0.2605     0.2550     0.8033     0.4000
  4          0.7763     0.3392     0.2439     0.7869     0.4179
  5          0.7785     0.3958     0.2604     0.6319     0.3232
  ──────────────────────────────────────────────────────────
  Mean       0.7980     0.3717     0.2436     0.7537     0.3993
  ±Std       0.0346     0.0807     0.0203     0.0621     0.0393
  [M2/norm] Evaluating on test set (med_epoch=136, thresh=0.651) ...

=======================================================
CrossAttn Test Evaluation  (scale_clin=True, scale_aec=none, threshold=0.651)
=======================================================
CrossAttn — training final model for 136 epochs on full CV set …
  [CrossAttn] Model weights saved → 연구코드/results/0605/stage1_1e-05_epoch500/model_2\crop80\norm\M2_norm_weights.pt

CrossAttn — Test Set (Overall):
  AUC: 0.8244  AUPRC: 0.3209  Brier: 0.2521  Acc: 0.7380  F1: 0.3478

CrossAttn — Test Set (By Sex):
  [M] n=82  AUC: 0.7436  AUPRC: 0.3431  Brier: 0.3117  Acc: 0.6341  F1: 0.4231
              precision    recall  f1-score   support

      Normal       0.95      0.59      0.73        69
  Sarcopenia       0.28      0.85      0.42        13

    accuracy                           0.63        82
   macro avg       0.62      0.72      0.58        82
weighted avg       0.85      0.63      0.68        82

  [F] n=147  AUC: 0.8463  AUPRC: 0.3573  Brier: 0.2189  Acc: 0.7959  F1: 0.2500
              precision    recall  f1-score   support

      Normal       0.95      0.82      0.88       136
  Sarcopenia       0.17      0.45      0.25        11

    accuracy                           0.80       147
   macro avg       0.56      0.64      0.57       147
weighted avg       0.89      0.80      0.83       147


───────────────────────────────────────────────────────
Test Set — Bootstrap CI
───────────────────────────────────────────────────────

  Bootstrap 95% CI — CrossAttn  (n_boot=2000)
  Metric         Estimate   95% CI Lower   95% CI Upper
  ----------------------------------------------------
  AUC-ROC          0.8244         0.7571         0.8852
  AUPRC            0.3209         0.1945         0.5018
  Brier            0.2521         0.2252         0.2784
  Accuracy         0.7380         0.6856         0.7948
  F1               0.3478         0.2253         0.4727
  [M2/norm] Saving figures ...

Saved (model 2 (norm)):
  연구코드/results/0605/stage1_1e-05_epoch500/model_2\crop80\norm/data_distribution.png
  연구코드/results/0605/stage1_1e-05_epoch500/model_2\crop80\norm/cv_roc_curves.png
  연구코드/results/0605/stage1_1e-05_epoch500/model_2\crop80\norm/cv_metric_distribution.png
  연구코드/results/0605/stage1_1e-05_epoch500/model_2\crop80\norm/training_curves.png
  연구코드/results/0605/stage1_1e-05_epoch500/model_2\crop80\norm/test_roc_curves.png
  연구코드/results/0605/stage1_1e-05_epoch500/model_2\crop80\norm/test_roc_by_sex.png
  연구코드/results/0605/stage1_1e-05_epoch500/model_2\crop80\norm/confusion_matrices.png
  연구코드/results/0605/stage1_1e-05_epoch500/model_2\crop80\norm/calibration.png
  연구코드/results/0605/stage1_1e-05_epoch500/model_2\crop80\norm/results.md
  [M2/norm] Plotting attention maps ...
  연구코드/results/0605/stage1_1e-05_epoch500/model_2\crop80\norm/attention_map_c2a.png
  연구코드/results/0605/stage1_1e-05_epoch500/model_2\crop80\norm/attention_heatmap_c2a.png
  연구코드/results/0605/stage1_1e-05_epoch500/model_2\crop80\norm/attention_map_a2c.png
  연구코드/results/0605/stage1_1e-05_epoch500/model_2\crop80\norm/attention_heatmap_a2c.png
  [M2/norm] Plotting Grad-CAM ...
  연구코드/results/0605/stage1_1e-05_epoch500/model_2\crop80\norm/cam_aec_mean.png
  연구코드/results/0605/stage1_1e-05_epoch500/model_2\crop80\norm/cam_aec_lines.png
  연구코드/results/0605/stage1_1e-05_epoch500/model_2\crop80\norm/cam_aec_heatmap.png
  [M2/norm] Done.

############################################################
  [M2 global_zscore]  (scale_clinic=True, scale_aec=global)
############################################################
  [M2/global_zscore] Cross-validating CrossAttn ...
=======================================================
5-Fold CV  [CrossAttn | scale_clin=True, scale_aec=global]
=======================================================

── Fold 1/5 ──────────────────────────────
  CA   — AUC: 0.8236  AUPRC: 0.3694  Brier: 0.2538  Acc: 0.6448  F1: 0.3689  (best ep=157, thresh=0.544)

── Fold 2/5 ──────────────────────────────
  CA   — AUC: 0.8421  AUPRC: 0.4863  Brier: 0.2081  Acc: 0.8033  F1: 0.4545  (best ep=329, thresh=0.610)

── Fold 3/5 ──────────────────────────────
  CA   — AUC: 0.7988  AUPRC: 0.3448  Brier: 0.2615  Acc: 0.7322  F1: 0.3951  (best ep=244, thresh=0.644)

── Fold 4/5 ──────────────────────────────
  CA   — AUC: 0.7911  AUPRC: 0.3215  Brier: 0.2276  Acc: 0.7104  F1: 0.3765  (best ep=103, thresh=0.534)

── Fold 5/5 ──────────────────────────────
  CA   — AUC: 0.7946  AUPRC: 0.3829  Brier: 0.2476  Acc: 0.7143  F1: 0.3810  (best ep=84, thresh=0.564)

===========================================================================
CrossAttn  —  5-Fold CV Summary
===========================================================================
  Fold      AUC-ROC      AUPRC      Brier   Accuracy         F1
  ----------------------------------------------------------
  1          0.8236     0.3694     0.2538     0.6448     0.3689
  2          0.8421     0.4863     0.2081     0.8033     0.4545
  3          0.7988     0.3448     0.2615     0.7322     0.3951
  4          0.7911     0.3215     0.2276     0.7104     0.3765
  5          0.7946     0.3829     0.2476     0.7143     0.3810
  ──────────────────────────────────────────────────────────
  Mean       0.8100     0.3810     0.2397     0.7210     0.3952
  ±Std       0.0197     0.0567     0.0194     0.0507     0.0309
  [M2/global_zscore] Evaluating on test set (med_epoch=157, thresh=0.564) ...

=======================================================
CrossAttn Test Evaluation  (scale_clin=True, scale_aec=global, threshold=0.564)
=======================================================
CrossAttn — training final model for 157 epochs on full CV set …
  [CrossAttn] Model weights saved → 연구코드/results/0605/stage1_1e-05_epoch500/model_2\crop80\global_zscore\M2_global_zscore_weights.pt

CrossAttn — Test Set (Overall):
  AUC: 0.8083  AUPRC: 0.2747  Brier: 0.2603  Acc: 0.6638  F1: 0.3636

CrossAttn — Test Set (By Sex):
  [M] n=82  AUC: 0.7213  AUPRC: 0.2868  Brier: 0.2944  Acc: 0.5976  F1: 0.4000
              precision    recall  f1-score   support

      Normal       0.95      0.55      0.70        69
  Sarcopenia       0.26      0.85      0.40        13

    accuracy                           0.60        82
   macro avg       0.61      0.70      0.55        82
weighted avg       0.84      0.60      0.65        82

  [F] n=147  AUC: 0.8596  AUPRC: 0.3071  Brier: 0.2413  Acc: 0.7007  F1: 0.3333
              precision    recall  f1-score   support

      Normal       1.00      0.68      0.81       136
  Sarcopenia       0.20      1.00      0.33        11

    accuracy                           0.70       147
   macro avg       0.60      0.84      0.57       147
weighted avg       0.94      0.70      0.77       147


───────────────────────────────────────────────────────
Test Set — Bootstrap CI
───────────────────────────────────────────────────────

  Bootstrap 95% CI — CrossAttn  (n_boot=2000)
  Metric         Estimate   95% CI Lower   95% CI Upper
  ----------------------------------------------------
  AUC-ROC          0.8083         0.7257         0.8823
  AUPRC            0.2747         0.1790         0.4454
  Brier            0.2603         0.2323         0.2869
  Accuracy         0.6638         0.6026         0.7250
  F1               0.3636         0.2472         0.4762
  [M2/global_zscore] Saving figures ...

Saved (model 2 (global_zscore)):
  연구코드/results/0605/stage1_1e-05_epoch500/model_2\crop80\global_zscore/data_distribution.png
  연구코드/results/0605/stage1_1e-05_epoch500/model_2\crop80\global_zscore/cv_roc_curves.png
  연구코드/results/0605/stage1_1e-05_epoch500/model_2\crop80\global_zscore/cv_metric_distribution.png
  연구코드/results/0605/stage1_1e-05_epoch500/model_2\crop80\global_zscore/training_curves.png
  연구코드/results/0605/stage1_1e-05_epoch500/model_2\crop80\global_zscore/test_roc_curves.png
  연구코드/results/0605/stage1_1e-05_epoch500/model_2\crop80\global_zscore/test_roc_by_sex.png
  연구코드/results/0605/stage1_1e-05_epoch500/model_2\crop80\global_zscore/confusion_matrices.png
  연구코드/results/0605/stage1_1e-05_epoch500/model_2\crop80\global_zscore/calibration.png
  연구코드/results/0605/stage1_1e-05_epoch500/model_2\crop80\global_zscore/results.md
  [M2/global_zscore] Plotting attention maps ...
  연구코드/results/0605/stage1_1e-05_epoch500/model_2\crop80\global_zscore/attention_map_c2a.png
  연구코드/results/0605/stage1_1e-05_epoch500/model_2\crop80\global_zscore/attention_heatmap_c2a.png
  연구코드/results/0605/stage1_1e-05_epoch500/model_2\crop80\global_zscore/attention_map_a2c.png
  연구코드/results/0605/stage1_1e-05_epoch500/model_2\crop80\global_zscore/attention_heatmap_a2c.png
  [M2/global_zscore] Plotting Grad-CAM ...
  연구코드/results/0605/stage1_1e-05_epoch500/model_2\crop80\global_zscore/cam_aec_mean.png
  연구코드/results/0605/stage1_1e-05_epoch500/model_2\crop80\global_zscore/cam_aec_lines.png
  연구코드/results/0605/stage1_1e-05_epoch500/model_2\crop80\global_zscore/cam_aec_heatmap.png
  [M2/global_zscore] Done.
