============================================================
  MODEL 2_2 — Clinic + AEC Unmatched (aec256)  (5 AEC variants × 1 case)
============================================================

############################################################
  [M2_2 len256] CASE : scale_clinic  (scale_clinic=True)
############################################################
  [M2_2/len256/scale_clinic] Cross-validating CrossAttn ...
=======================================================
5-Fold CV  [CrossAttn | scale_clin=True, scale_aec=False]
=======================================================

── Fold 1/5 ──────────────────────────────
  CA   — AUC: 0.8518  AUPRC: 0.4343  Brier: 0.1205  Acc: 0.8226  F1: 0.4000  (best ep=148)

── Fold 2/5 ──────────────────────────────
  CA   — AUC: 0.8419  AUPRC: 0.4286  Brier: 0.2314  Acc: 0.6237  F1: 0.3396  (best ep=3)

── Fold 3/5 ──────────────────────────────
  CA   — AUC: 0.8090  AUPRC: 0.3459  Brier: 0.2002  Acc: 0.7043  F1: 0.3820  (best ep=78)

── Fold 4/5 ──────────────────────────────
  CA   — AUC: 0.8217  AUPRC: 0.3974  Brier: 0.2083  Acc: 0.6774  F1: 0.3750  (best ep=1)

── Fold 5/5 ──────────────────────────────
  CA   — AUC: 0.7743  AUPRC: 0.2747  Brier: 0.2259  Acc: 0.6486  F1: 0.3299  (best ep=15)

===========================================================================
CrossAttn  —  5-Fold CV Summary
===========================================================================
  Fold      AUC-ROC      AUPRC      Brier   Accuracy         F1
  ----------------------------------------------------------
  1          0.8518     0.4343     0.1205     0.8226     0.4000
  2          0.8419     0.4286     0.2314     0.6237     0.3396
  3          0.8090     0.3459     0.2002     0.7043     0.3820
  4          0.8217     0.3974     0.2083     0.6774     0.3750
  5          0.7743     0.2747     0.2259     0.6486     0.3299
  ──────────────────────────────────────────────────────────
  Mean       0.8197     0.3762     0.1973     0.6953     0.3653
  ±Std       0.0272     0.0597     0.0400     0.0692     0.0264
  [M2_2/len256/scale_clinic] Evaluating on test set (med_epoch=15) ...

=======================================================
CrossAttn Test Evaluation  (scale_clin=True, scale_aec=False)
=======================================================
CrossAttn — training final model for 15 epochs on full CV set …

CrossAttn — Test Set (Overall):
  AUC: 0.8081  AUPRC: 0.3326  Brier: 0.1944  Acc: 0.7124  F1: 0.3964

CrossAttn — Test Set (By Sex):
  [M] n=85  AUC: 0.8068  AUPRC: 0.3782  Brier: 0.2339  Acc: 0.6941  F1: 0.5185
              precision    recall  f1-score   support

      Normal       1.00      0.63      0.78        71
  Sarcopenia       0.35      1.00      0.52        14

    accuracy                           0.69        85
   macro avg       0.68      0.82      0.65        85
weighted avg       0.89      0.69      0.73        85

  [F] n=148  AUC: 0.7545  AUPRC: 0.2979  Brier: 0.1717  Acc: 0.7230  F1: 0.2807
              precision    recall  f1-score   support

      Normal       0.97      0.72      0.83       137
  Sarcopenia       0.17      0.73      0.28        11

    accuracy                           0.72       148
   macro avg       0.57      0.72      0.55       148
weighted avg       0.91      0.72      0.79       148


───────────────────────────────────────────────────────
Test Set — Bootstrap CI
───────────────────────────────────────────────────────

  Bootstrap 95% CI — CrossAttn  (n_boot=2000)
  Metric         Estimate   95% CI Lower   95% CI Upper
  ----------------------------------------------------
  AUC-ROC          0.8081         0.7099         0.8949
  AUPRC            0.3326         0.2048         0.5365
  Brier            0.1944         0.1632         0.2253
  Accuracy         0.7124         0.6567         0.7725
  F1               0.3964         0.2857         0.5156
  [M2_2/len256/scale_clinic] Saving figures ...

Saved (model 2_2 (len256, unmatched)):
  연구코드/results/0522/model_2_2\aec256\len256\scale_clinic/data_distribution.png
  연구코드/results/0522/model_2_2\aec256\len256\scale_clinic/cv_roc_curves.png
  연구코드/results/0522/model_2_2\aec256\len256\scale_clinic/cv_metric_distribution.png
  연구코드/results/0522/model_2_2\aec256\len256\scale_clinic/training_curves.png
  연구코드/results/0522/model_2_2\aec256\len256\scale_clinic/test_roc_curves.png
  연구코드/results/0522/model_2_2\aec256\len256\scale_clinic/test_roc_by_sex.png
  연구코드/results/0522/model_2_2\aec256\len256\scale_clinic/confusion_matrices.png
  연구코드/results/0522/model_2_2\aec256\len256\scale_clinic/calibration.png
  연구코드/results/0522/model_2_2\aec256\len256\scale_clinic/results.md
  [M2_2/len256/scale_clinic] Plotting attention maps ...
  연구코드/results/0522/model_2_2\aec256\len256\scale_clinic/attention_map_c2a.png
  연구코드/results/0522/model_2_2\aec256\len256\scale_clinic/attention_heatmap.png
  [M2_2/len256/scale_clinic] Done.

############################################################
  [M2_2 crop80] CASE : scale_clinic  (scale_clinic=True)
############################################################
  [M2_2/crop80/scale_clinic] Cross-validating CrossAttn ...
=======================================================
5-Fold CV  [CrossAttn | scale_clin=True, scale_aec=False]
=======================================================

── Fold 1/5 ──────────────────────────────
  CA   — AUC: 0.8596  AUPRC: 0.4661  Brier: 0.1687  Acc: 0.7581  F1: 0.4304  (best ep=3)

── Fold 2/5 ──────────────────────────────
  CA   — AUC: 0.8449  AUPRC: 0.4266  Brier: 0.1403  Acc: 0.8280  F1: 0.4483  (best ep=197)

── Fold 3/5 ──────────────────────────────
  CA   — AUC: 0.8060  AUPRC: 0.3898  Brier: 0.1883  Acc: 0.7204  F1: 0.3810  (best ep=11)

── Fold 4/5 ──────────────────────────────
  CA   — AUC: 0.8226  AUPRC: 0.3830  Brier: 0.2198  Acc: 0.6290  F1: 0.3429  (best ep=1)

── Fold 5/5 ──────────────────────────────
  CA   — AUC: 0.7755  AUPRC: 0.2467  Brier: 0.1324  Acc: 0.7784  F1: 0.3051  (best ep=6)

===========================================================================
CrossAttn  —  5-Fold CV Summary
===========================================================================
  Fold      AUC-ROC      AUPRC      Brier   Accuracy         F1
  ----------------------------------------------------------
  1          0.8596     0.4661     0.1687     0.7581     0.4304
  2          0.8449     0.4266     0.1403     0.8280     0.4483
  3          0.8060     0.3898     0.1883     0.7204     0.3810
  4          0.8226     0.3830     0.2198     0.6290     0.3429
  5          0.7755     0.2467     0.1324     0.7784     0.3051
  ──────────────────────────────────────────────────────────
  Mean       0.8217     0.3824     0.1699     0.7428     0.3815
  ±Std       0.0295     0.0741     0.0320     0.0666     0.0533
  [M2_2/crop80/scale_clinic] Evaluating on test set (med_epoch=6) ...

=======================================================
CrossAttn Test Evaluation  (scale_clin=True, scale_aec=False)
=======================================================
CrossAttn — training final model for 6 epochs on full CV set …

CrossAttn — Test Set (Overall):
  AUC: 0.7996  AUPRC: 0.3977  Brier: 0.3130  Acc: 0.5622  F1: 0.3014

CrossAttn — Test Set (By Sex):
  [M] n=85  AUC: 0.8179  AUPRC: 0.4922  Brier: 0.3361  Acc: 0.5412  F1: 0.4000
              precision    recall  f1-score   support

      Normal       0.97      0.46      0.63        71
  Sarcopenia       0.25      0.93      0.40        14

    accuracy                           0.54        85
   macro avg       0.61      0.70      0.51        85
weighted avg       0.85      0.54      0.59        85

  [F] n=148  AUC: 0.7439  AUPRC: 0.3006  Brier: 0.2996  Acc: 0.5743  F1: 0.2222
              precision    recall  f1-score   support

      Normal       0.97      0.55      0.71       137
  Sarcopenia       0.13      0.82      0.22        11

    accuracy                           0.57       148
   macro avg       0.55      0.69      0.46       148
weighted avg       0.91      0.57      0.67       148


───────────────────────────────────────────────────────
Test Set — Bootstrap CI
───────────────────────────────────────────────────────

  Bootstrap 95% CI — CrossAttn  (n_boot=2000)
  Metric         Estimate   95% CI Lower   95% CI Upper
  ----------------------------------------------------
  AUC-ROC          0.7996         0.7073         0.8828
  AUPRC            0.3977         0.2308         0.5819
  Brier            0.3130         0.2742         0.3532
  Accuracy         0.5622         0.4936         0.6266
  F1               0.3014         0.2078         0.4000
  [M2_2/crop80/scale_clinic] Saving figures ...

Saved (model 2_2 (crop80, unmatched)):
  연구코드/results/0522/model_2_2\aec256\crop80\scale_clinic/data_distribution.png
  연구코드/results/0522/model_2_2\aec256\crop80\scale_clinic/cv_roc_curves.png
  연구코드/results/0522/model_2_2\aec256\crop80\scale_clinic/cv_metric_distribution.png
  연구코드/results/0522/model_2_2\aec256\crop80\scale_clinic/training_curves.png
  연구코드/results/0522/model_2_2\aec256\crop80\scale_clinic/test_roc_curves.png
  연구코드/results/0522/model_2_2\aec256\crop80\scale_clinic/test_roc_by_sex.png
  연구코드/results/0522/model_2_2\aec256\crop80\scale_clinic/confusion_matrices.png
  연구코드/results/0522/model_2_2\aec256\crop80\scale_clinic/calibration.png
  연구코드/results/0522/model_2_2\aec256\crop80\scale_clinic/results.md
  [M2_2/crop80/scale_clinic] Plotting attention maps ...
  연구코드/results/0522/model_2_2\aec256\crop80\scale_clinic/attention_map_c2a.png
  연구코드/results/0522/model_2_2\aec256\crop80\scale_clinic/attention_heatmap.png
  [M2_2/crop80/scale_clinic] Done.

############################################################
  [M2_2 crop60] CASE : scale_clinic  (scale_clinic=True)
############################################################
  [M2_2/crop60/scale_clinic] Cross-validating CrossAttn ...
=======================================================
5-Fold CV  [CrossAttn | scale_clin=True, scale_aec=False]
=======================================================

── Fold 1/5 ──────────────────────────────
  CA   — AUC: 0.8672  AUPRC: 0.4438  Brier: 0.2410  Acc: 0.6183  F1: 0.3486  (best ep=3)

── Fold 2/5 ──────────────────────────────
  CA   — AUC: 0.8313  AUPRC: 0.4254  Brier: 0.1638  Acc: 0.7688  F1: 0.4267  (best ep=75)

── Fold 3/5 ──────────────────────────────
  CA   — AUC: 0.8060  AUPRC: 0.4277  Brier: 0.1771  Acc: 0.7419  F1: 0.3846  (best ep=24)

── Fold 4/5 ──────────────────────────────
  CA   — AUC: 0.8678  AUPRC: 0.4121  Brier: 0.3429  Acc: 0.3495  F1: 0.2484  (best ep=1)

── Fold 5/5 ──────────────────────────────
  CA   — AUC: 0.7743  AUPRC: 0.3023  Brier: 0.1926  Acc: 0.7081  F1: 0.3721  (best ep=14)

===========================================================================
CrossAttn  —  5-Fold CV Summary
===========================================================================
  Fold      AUC-ROC      AUPRC      Brier   Accuracy         F1
  ----------------------------------------------------------
  1          0.8672     0.4438     0.2410     0.6183     0.3486
  2          0.8313     0.4254     0.1638     0.7688     0.4267
  3          0.8060     0.4277     0.1771     0.7419     0.3846
  4          0.8678     0.4121     0.3429     0.3495     0.2484
  5          0.7743     0.3023     0.1926     0.7081     0.3721
  ──────────────────────────────────────────────────────────
  Mean       0.8293     0.4023     0.2235     0.6373     0.3561
  ±Std       0.0360     0.0510     0.0652     0.1526     0.0595
  [M2_2/crop60/scale_clinic] Evaluating on test set (med_epoch=14) ...

=======================================================
CrossAttn Test Evaluation  (scale_clin=True, scale_aec=False)
=======================================================
CrossAttn — training final model for 14 epochs on full CV set …

CrossAttn — Test Set (Overall):
  AUC: 0.8027  AUPRC: 0.3769  Brier: 0.2058  Acc: 0.6652  F1: 0.3390

CrossAttn — Test Set (By Sex):
  [M] n=85  AUC: 0.8199  AUPRC: 0.4977  Brier: 0.2317  Acc: 0.6588  F1: 0.4528
              precision    recall  f1-score   support

      Normal       0.96      0.62      0.75        71
  Sarcopenia       0.31      0.86      0.45        14

    accuracy                           0.66        85
   macro avg       0.63      0.74      0.60        85
weighted avg       0.85      0.66      0.70        85

  [F] n=148  AUC: 0.7565  AUPRC: 0.2983  Brier: 0.1910  Acc: 0.6689  F1: 0.2462
              precision    recall  f1-score   support

      Normal       0.97      0.66      0.79       137
  Sarcopenia       0.15      0.73      0.25        11

    accuracy                           0.67       148
   macro avg       0.56      0.70      0.52       148
weighted avg       0.91      0.67      0.75       148


───────────────────────────────────────────────────────
Test Set — Bootstrap CI
───────────────────────────────────────────────────────

  Bootstrap 95% CI — CrossAttn  (n_boot=2000)
  Metric         Estimate   95% CI Lower   95% CI Upper
  ----------------------------------------------------
  AUC-ROC          0.8027         0.7073         0.8869
  AUPRC            0.3769         0.2163         0.5553
  Brier            0.2058         0.1747         0.2361
  Accuracy         0.6652         0.6052         0.7253
  F1               0.3390         0.2321         0.4526
  [M2_2/crop60/scale_clinic] Saving figures ...

Saved (model 2_2 (crop60, unmatched)):
  연구코드/results/0522/model_2_2\aec256\crop60\scale_clinic/data_distribution.png
  연구코드/results/0522/model_2_2\aec256\crop60\scale_clinic/cv_roc_curves.png
  연구코드/results/0522/model_2_2\aec256\crop60\scale_clinic/cv_metric_distribution.png
  연구코드/results/0522/model_2_2\aec256\crop60\scale_clinic/training_curves.png
  연구코드/results/0522/model_2_2\aec256\crop60\scale_clinic/test_roc_curves.png
  연구코드/results/0522/model_2_2\aec256\crop60\scale_clinic/test_roc_by_sex.png
  연구코드/results/0522/model_2_2\aec256\crop60\scale_clinic/confusion_matrices.png
  연구코드/results/0522/model_2_2\aec256\crop60\scale_clinic/calibration.png
  연구코드/results/0522/model_2_2\aec256\crop60\scale_clinic/results.md
  [M2_2/crop60/scale_clinic] Plotting attention maps ...
  연구코드/results/0522/model_2_2\aec256\crop60\scale_clinic/attention_map_c2a.png
  연구코드/results/0522/model_2_2\aec256\crop60\scale_clinic/attention_heatmap.png
  [M2_2/crop60/scale_clinic] Done.

############################################################
  [M2_2 norm] CASE : scale_clinic  (scale_clinic=True)
############################################################
  [M2_2/norm/scale_clinic] Cross-validating CrossAttn ...
=======================================================
5-Fold CV  [CrossAttn | scale_clin=True, scale_aec=False]
=======================================================

── Fold 1/5 ──────────────────────────────
  CA   — AUC: 0.8470  AUPRC: 0.4294  Brier: 0.1591  Acc: 0.7903  F1: 0.4507  (best ep=67)

── Fold 2/5 ──────────────────────────────
  CA   — AUC: 0.8361  AUPRC: 0.4185  Brier: 0.2166  Acc: 0.6720  F1: 0.3711  (best ep=6)

── Fold 3/5 ──────────────────────────────
  CA   — AUC: 0.8437  AUPRC: 0.3373  Brier: 0.2141  Acc: 0.6882  F1: 0.3696  (best ep=19)

── Fold 4/5 ──────────────────────────────
  CA   — AUC: 0.8181  AUPRC: 0.3941  Brier: 0.2723  Acc: 0.5215  F1: 0.2880  (best ep=1)

── Fold 5/5 ──────────────────────────────
  CA   — AUC: 0.7657  AUPRC: 0.3148  Brier: 0.1804  Acc: 0.7405  F1: 0.3333  (best ep=65)

===========================================================================
CrossAttn  —  5-Fold CV Summary
===========================================================================
  Fold      AUC-ROC      AUPRC      Brier   Accuracy         F1
  ----------------------------------------------------------
  1          0.8470     0.4294     0.1591     0.7903     0.4507
  2          0.8361     0.4185     0.2166     0.6720     0.3711
  3          0.8437     0.3373     0.2141     0.6882     0.3696
  4          0.8181     0.3941     0.2723     0.5215     0.2880
  5          0.7657     0.3148     0.1804     0.7405     0.3333
  ──────────────────────────────────────────────────────────
  Mean       0.8221     0.3788     0.2085     0.6825     0.3625
  ±Std       0.0299     0.0451     0.0384     0.0906     0.0535
  [M2_2/norm/scale_clinic] Evaluating on test set (med_epoch=19) ...

=======================================================
CrossAttn Test Evaluation  (scale_clin=True, scale_aec=False)
=======================================================
CrossAttn — training final model for 19 epochs on full CV set …

CrossAttn — Test Set (Overall):
  AUC: 0.8227  AUPRC: 0.3991  Brier: 0.2416  Acc: 0.5665  F1: 0.3034

CrossAttn — Test Set (By Sex):
  [M] n=85  AUC: 0.8169  AUPRC: 0.4813  Brier: 0.2694  Acc: 0.5059  F1: 0.3824
              precision    recall  f1-score   support

      Normal       0.97      0.42      0.59        71
  Sarcopenia       0.24      0.93      0.38        14

    accuracy                           0.51        85
   macro avg       0.60      0.68      0.49        85
weighted avg       0.85      0.51      0.55        85

  [F] n=148  AUC: 0.8182  AUPRC: 0.3678  Brier: 0.2256  Acc: 0.6014  F1: 0.2338
              precision    recall  f1-score   support

      Normal       0.98      0.58      0.73       137
  Sarcopenia       0.14      0.82      0.23        11

    accuracy                           0.60       148
   macro avg       0.56      0.70      0.48       148
weighted avg       0.91      0.60      0.69       148


───────────────────────────────────────────────────────
Test Set — Bootstrap CI
───────────────────────────────────────────────────────

  Bootstrap 95% CI — CrossAttn  (n_boot=2000)
  Metric         Estimate   95% CI Lower   95% CI Upper
  ----------------------------------------------------
  AUC-ROC          0.8227         0.7426         0.8934
  AUPRC            0.3991         0.2430         0.5760
  Brier            0.2416         0.2125         0.2704
  Accuracy         0.5665         0.5021         0.6309
  F1               0.3034         0.2083         0.4001
  [M2_2/norm/scale_clinic] Saving figures ...

Saved (model 2_2 (norm, unmatched)):
  연구코드/results/0522/model_2_2\aec256\norm\scale_clinic/data_distribution.png
  연구코드/results/0522/model_2_2\aec256\norm\scale_clinic/cv_roc_curves.png
  연구코드/results/0522/model_2_2\aec256\norm\scale_clinic/cv_metric_distribution.png
  연구코드/results/0522/model_2_2\aec256\norm\scale_clinic/training_curves.png
  연구코드/results/0522/model_2_2\aec256\norm\scale_clinic/test_roc_curves.png
  연구코드/results/0522/model_2_2\aec256\norm\scale_clinic/test_roc_by_sex.png
  연구코드/results/0522/model_2_2\aec256\norm\scale_clinic/confusion_matrices.png
  연구코드/results/0522/model_2_2\aec256\norm\scale_clinic/calibration.png
  연구코드/results/0522/model_2_2\aec256\norm\scale_clinic/results.md
  [M2_2/norm/scale_clinic] Plotting attention maps ...
  연구코드/results/0522/model_2_2\aec256\norm\scale_clinic/attention_map_c2a.png
  연구코드/results/0522/model_2_2\aec256\norm\scale_clinic/attention_heatmap.png
  [M2_2/norm/scale_clinic] Done.

############################################################
  [M2_2 excl_extreme] CASE : scale_clinic  (scale_clinic=True)
############################################################
  [M2_2/excl_extreme/scale_clinic] Cross-validating CrossAttn ...
=======================================================
5-Fold CV  [CrossAttn | scale_clin=True, scale_aec=False]
=======================================================

── Fold 1/5 ──────────────────────────────
  CA   — AUC: 0.9016  AUPRC: 0.5369  Brier: 0.1786  Acc: 0.7006  F1: 0.4048  (best ep=12)

── Fold 2/5 ──────────────────────────────
  CA   — AUC: 0.7965  AUPRC: 0.3401  Brier: 0.3426  Acc: 0.3054  F1: 0.2267  (best ep=1)

── Fold 3/5 ──────────────────────────────
  CA   — AUC: 0.7816  AUPRC: 0.3021  Brier: 0.2110  Acc: 0.6587  F1: 0.3448  (best ep=4)

── Fold 4/5 ──────────────────────────────
  CA   — AUC: 0.7996  AUPRC: 0.4323  Brier: 0.1364  Acc: 0.7904  F1: 0.3860  (best ep=6)

── Fold 5/5 ──────────────────────────────
  CA   — AUC: 0.8639  AUPRC: 0.5342  Brier: 0.1852  Acc: 0.7006  F1: 0.3750  (best ep=7)

===========================================================================
CrossAttn  —  5-Fold CV Summary
===========================================================================
  Fold      AUC-ROC      AUPRC      Brier   Accuracy         F1
  ----------------------------------------------------------
  1          0.9016     0.5369     0.1786     0.7006     0.4048
  2          0.7965     0.3401     0.3426     0.3054     0.2267
  3          0.7816     0.3021     0.2110     0.6587     0.3448
  4          0.7996     0.4323     0.1364     0.7904     0.3860
  5          0.8639     0.5342     0.1852     0.7006     0.3750
  ──────────────────────────────────────────────────────────
  Mean       0.8286     0.4291     0.2107     0.6311     0.3474
  ±Std       0.0462     0.0967     0.0701     0.1685     0.0634
  [M2_2/excl_extreme/scale_clinic] Evaluating on test set (med_epoch=6) ...

=======================================================
CrossAttn Test Evaluation  (scale_clin=True, scale_aec=False)
=======================================================
CrossAttn — training final model for 6 epochs on full CV set …

CrossAttn — Test Set (Overall):
  AUC: 0.8196  AUPRC: 0.3534  Brier: 0.1961  Acc: 0.6603  F1: 0.3364

CrossAttn — Test Set (By Sex):
  [M] n=80  AUC: 0.8103  AUPRC: 0.3954  Brier: 0.2225  Acc: 0.6500  F1: 0.4167
              precision    recall  f1-score   support

      Normal       0.98      0.61      0.75        69
  Sarcopenia       0.27      0.91      0.42        11

    accuracy                           0.65        80
   macro avg       0.62      0.76      0.58        80
weighted avg       0.88      0.65      0.70        80

  [F] n=129  AUC: 0.8051  AUPRC: 0.4304  Brier: 0.1797  Acc: 0.6667  F1: 0.2712
              precision    recall  f1-score   support

      Normal       0.96      0.66      0.78       118
  Sarcopenia       0.17      0.73      0.27        11

    accuracy                           0.67       129
   macro avg       0.56      0.69      0.53       129
weighted avg       0.90      0.67      0.74       129


───────────────────────────────────────────────────────
Test Set — Bootstrap CI
───────────────────────────────────────────────────────

  Bootstrap 95% CI — CrossAttn  (n_boot=2000)
  Metric         Estimate   95% CI Lower   95% CI Upper
  ----------------------------------------------------
  AUC-ROC          0.8196         0.7209         0.9023
  AUPRC            0.3534         0.2085         0.5495
  Brier            0.1961         0.1659         0.2279
  Accuracy         0.6603         0.5933         0.7225
  F1               0.3364         0.2182         0.4510
  [M2_2/excl_extreme/scale_clinic] Saving figures ...

Saved (model 2_2 (excl_extreme, unmatched)):
  연구코드/results/0522/model_2_2\aec256\excl_extreme\scale_clinic/data_distribution.png
  연구코드/results/0522/model_2_2\aec256\excl_extreme\scale_clinic/cv_roc_curves.png
  연구코드/results/0522/model_2_2\aec256\excl_extreme\scale_clinic/cv_metric_distribution.png
  연구코드/results/0522/model_2_2\aec256\excl_extreme\scale_clinic/training_curves.png
  연구코드/results/0522/model_2_2\aec256\excl_extreme\scale_clinic/test_roc_curves.png
  연구코드/results/0522/model_2_2\aec256\excl_extreme\scale_clinic/test_roc_by_sex.png
  연구코드/results/0522/model_2_2\aec256\excl_extreme\scale_clinic/confusion_matrices.png
  연구코드/results/0522/model_2_2\aec256\excl_extreme\scale_clinic/calibration.png
  연구코드/results/0522/model_2_2\aec256\excl_extreme\scale_clinic/results.md
  [M2_2/excl_extreme/scale_clinic] Plotting attention maps ...
  연구코드/results/0522/model_2_2\aec256\excl_extreme\scale_clinic/attention_map_c2a.png
  연구코드/results/0522/model_2_2\aec256\excl_extreme\scale_clinic/attention_heatmap.png
  [M2_2/excl_extreme/scale_clinic] Done.
