============================================================
  MODEL 3 — Clinic + Scanner + AEC (aec128)  (3 AEC variants)
============================================================

############################################################
  [M3 raw]  (scale_clinic=True, scale_aec=none)
############################################################
  [M3/raw] Cross-validating CrossAttn3 ...
=================================================================
5-Fold CV  [CrossAttn3 | scale_aec=none]
=================================================================

── Fold 1/5 ──────────────────────────────
  CA3  — AUC: 0.7905  AUPRC: 0.3222  Brier: 0.2712  Acc: 0.7104  F1: 0.3765  (best ep=389, thresh=0.617)

── Fold 2/5 ──────────────────────────────
  CA3  — AUC: 0.7953  AUPRC: 0.3657  Brier: 0.2472  Acc: 0.5847  F1: 0.3214  (best ep=269, thresh=0.497)

── Fold 3/5 ──────────────────────────────
  CA3  — AUC: 0.7859  AUPRC: 0.3612  Brier: 0.2749  Acc: 0.8142  F1: 0.4333  (best ep=470, thresh=0.710)

── Fold 4/5 ──────────────────────────────
  CA3  — AUC: 0.7721  AUPRC: 0.3372  Brier: 0.2275  Acc: 0.7268  F1: 0.3750  (best ep=457, thresh=0.571)

── Fold 5/5 ──────────────────────────────
  CA3  — AUC: 0.8143  AUPRC: 0.4066  Brier: 0.2423  Acc: 0.7967  F1: 0.4478  (best ep=467, thresh=0.650)

===========================================================================
CrossAttn3  —  5-Fold CV Summary
===========================================================================
  Fold      AUC-ROC      AUPRC      Brier   Accuracy         F1
  ----------------------------------------------------------
  1          0.7905     0.3222     0.2712     0.7104     0.3765
  2          0.7953     0.3657     0.2472     0.5847     0.3214
  3          0.7859     0.3612     0.2749     0.8142     0.4333
  4          0.7721     0.3372     0.2275     0.7268     0.3750
  5          0.8143     0.4066     0.2423     0.7967     0.4478
  ──────────────────────────────────────────────────────────
  Mean       0.7916     0.3586     0.2526     0.7266     0.3908
  ±Std       0.0137     0.0288     0.0179     0.0812     0.0454
  [M3/raw] Evaluating on test set (med_epoch=457, thresh=0.617) ...

=================================================================
CrossAttn3 Test Evaluation  [scale_aec=none | threshold=0.617]
=================================================================
CrossAttn3 — training final model for 457 epochs on full CV set …
  [CrossAttn3] weights → 연구코드/results/0612_128_aug/model_3\raw\M3_raw_weights.pt

CrossAttn3 — Test Set (Overall):  AUC: 0.7872  AUPRC: 0.2709  Brier: 0.2634  Acc: 0.7380  F1: 0.3750

CrossAttn3 — Test Set (By Sex):
  [M] n=82  AUC: 0.7202  AUPRC: 0.2941  Brier: 0.2813  Acc: 0.7073  F1: 0.4545
              precision    recall  f1-score   support

      Normal       0.94      0.70      0.80        69
  Sarcopenia       0.32      0.77      0.45        13

    accuracy                           0.71        82
   macro avg       0.63      0.73      0.63        82
weighted avg       0.84      0.71      0.75        82

  [F] n=147  AUC: 0.8362  AUPRC: 0.3159  Brier: 0.2535  Acc: 0.7551  F1: 0.3077
              precision    recall  f1-score   support

      Normal       0.97      0.76      0.85       136
  Sarcopenia       0.20      0.73      0.31        11

    accuracy                           0.76       147
   macro avg       0.58      0.74      0.58       147
weighted avg       0.91      0.76      0.81       147


───────────────────────────────────────────────────────
Test Set — Bootstrap CI
───────────────────────────────────────────────────────

  Bootstrap 95% CI — CrossAttn3  (n_boot=2000)
  Metric         Estimate   95% CI Lower   95% CI Upper
  ----------------------------------------------------
  AUC-ROC          0.7872         0.6943         0.8709
  AUPRC            0.2709         0.1768         0.4567
  Brier            0.2634         0.2373         0.2877
  Accuracy         0.7380         0.6812         0.7991
  F1               0.3750         0.2500         0.4956
  [M3/raw] Saving figures ...

Saved (model 3 (raw)):
  연구코드/results/0612_128_aug/model_3\raw/data_distribution.png
  연구코드/results/0612_128_aug/model_3\raw/cv_roc_curves.png
  연구코드/results/0612_128_aug/model_3\raw/cv_metric_distribution.png
  연구코드/results/0612_128_aug/model_3\raw/training_curves.png
  연구코드/results/0612_128_aug/model_3\raw/test_roc_curves.png
  연구코드/results/0612_128_aug/model_3\raw/test_roc_by_sex.png
  연구코드/results/0612_128_aug/model_3\raw/confusion_matrices.png
  연구코드/results/0612_128_aug/model_3\raw/calibration.png
  연구코드/results/0612_128_aug/model_3\raw/results.md
  [M3/raw] Plotting attention maps ...
  연구코드/results/0612_128_aug/model_3\raw/attention_map_c2a.png
  연구코드/results/0612_128_aug/model_3\raw/attention_heatmap_c2a.png
  연구코드/results/0612_128_aug/model_3\raw/attention_map_a2c.png
  연구코드/results/0612_128_aug/model_3\raw/attention_heatmap_a2c.png
  [M3/raw] Plotting Grad-CAM ...
  연구코드/results/0612_128_aug/model_3\raw/cam_aec_mean.png
  연구코드/results/0612_128_aug/model_3\raw/cam_aec_lines.png
  연구코드/results/0612_128_aug/model_3\raw/cam_aec_heatmap.png
  [M3/raw] Done.

############################################################
  [M3 norm]  (scale_clinic=True, scale_aec=none)
############################################################
  [M3/norm] Cross-validating CrossAttn3 ...
=================================================================
5-Fold CV  [CrossAttn3 | scale_aec=none]
=================================================================

── Fold 1/5 ──────────────────────────────
  CA3  — AUC: 0.8506  AUPRC: 0.4784  Brier: 0.2369  Acc: 0.7596  F1: 0.4211  (best ep=206, thresh=0.618)

── Fold 2/5 ──────────────────────────────
  CA3  — AUC: 0.8440  AUPRC: 0.4700  Brier: 0.2137  Acc: 0.8415  F1: 0.5085  (best ep=369, thresh=0.623)

── Fold 3/5 ──────────────────────────────
  CA3  — AUC: 0.7484  AUPRC: 0.3061  Brier: 0.2827  Acc: 0.7596  F1: 0.3714  (best ep=372, thresh=0.676)

── Fold 4/5 ──────────────────────────────
  CA3  — AUC: 0.7869  AUPRC: 0.3439  Brier: 0.2236  Acc: 0.7486  F1: 0.3947  (best ep=323, thresh=0.552)

── Fold 5/5 ──────────────────────────────
  CA3  — AUC: 0.8072  AUPRC: 0.4336  Brier: 0.2440  Acc: 0.7582  F1: 0.4211  (best ep=260, thresh=0.621)

===========================================================================
CrossAttn3  —  5-Fold CV Summary
===========================================================================
  Fold      AUC-ROC      AUPRC      Brier   Accuracy         F1
  ----------------------------------------------------------
  1          0.8506     0.4784     0.2369     0.7596     0.4211
  2          0.8440     0.4700     0.2137     0.8415     0.5085
  3          0.7484     0.3061     0.2827     0.7596     0.3714
  4          0.7869     0.3439     0.2236     0.7486     0.3947
  5          0.8072     0.4336     0.2440     0.7582     0.4211
  ──────────────────────────────────────────────────────────
  Mean       0.8074     0.4064     0.2402     0.7735     0.4233
  ±Std       0.0377     0.0692     0.0237     0.0343     0.0464
  [M3/norm] Evaluating on test set (med_epoch=323, thresh=0.621) ...

=================================================================
CrossAttn3 Test Evaluation  [scale_aec=none | threshold=0.621]
=================================================================
CrossAttn3 — training final model for 323 epochs on full CV set …
  [CrossAttn3] weights → 연구코드/results/0612_128_aug/model_3\norm\M3_norm_weights.pt

CrossAttn3 — Test Set (Overall):  AUC: 0.8303  AUPRC: 0.3374  Brier: 0.2577  Acc: 0.7293  F1: 0.3922

CrossAttn3 — Test Set (By Sex):
  [M] n=82  AUC: 0.7313  AUPRC: 0.3476  Brier: 0.3141  Acc: 0.6341  F1: 0.4444
              precision    recall  f1-score   support

      Normal       0.98      0.58      0.73        69
  Sarcopenia       0.29      0.92      0.44        13

    accuracy                           0.63        82
   macro avg       0.63      0.75      0.59        82
weighted avg       0.87      0.63      0.68        82

  [F] n=147  AUC: 0.8864  AUPRC: 0.3718  Brier: 0.2262  Acc: 0.7823  F1: 0.3333
              precision    recall  f1-score   support

      Normal       0.97      0.79      0.87       136
  Sarcopenia       0.22      0.73      0.33        11

    accuracy                           0.78       147
   macro avg       0.59      0.76      0.60       147
weighted avg       0.92      0.78      0.83       147


───────────────────────────────────────────────────────
Test Set — Bootstrap CI
───────────────────────────────────────────────────────

  Bootstrap 95% CI — CrossAttn3  (n_boot=2000)
  Metric         Estimate   95% CI Lower   95% CI Upper
  ----------------------------------------------------
  AUC-ROC          0.8303         0.7535         0.8933
  AUPRC            0.3374         0.2070         0.5395
  Brier            0.2577         0.2318         0.2817
  Accuracy         0.7293         0.6725         0.7860
  F1               0.3922         0.2653         0.5094
  [M3/norm] Saving figures ...

Saved (model 3 (norm)):
  연구코드/results/0612_128_aug/model_3\norm/data_distribution.png
  연구코드/results/0612_128_aug/model_3\norm/cv_roc_curves.png
  연구코드/results/0612_128_aug/model_3\norm/cv_metric_distribution.png
  연구코드/results/0612_128_aug/model_3\norm/training_curves.png
  연구코드/results/0612_128_aug/model_3\norm/test_roc_curves.png
  연구코드/results/0612_128_aug/model_3\norm/test_roc_by_sex.png
  연구코드/results/0612_128_aug/model_3\norm/confusion_matrices.png
  연구코드/results/0612_128_aug/model_3\norm/calibration.png
  연구코드/results/0612_128_aug/model_3\norm/results.md
  [M3/norm] Plotting attention maps ...
  연구코드/results/0612_128_aug/model_3\norm/attention_map_c2a.png
  연구코드/results/0612_128_aug/model_3\norm/attention_heatmap_c2a.png
  연구코드/results/0612_128_aug/model_3\norm/attention_map_a2c.png
  연구코드/results/0612_128_aug/model_3\norm/attention_heatmap_a2c.png
  [M3/norm] Plotting Grad-CAM ...
  연구코드/results/0612_128_aug/model_3\norm/cam_aec_mean.png
  연구코드/results/0612_128_aug/model_3\norm/cam_aec_lines.png
  연구코드/results/0612_128_aug/model_3\norm/cam_aec_heatmap.png
  [M3/norm] Done.

############################################################
  [M3 global_zscore]  (scale_clinic=True, scale_aec=global)
############################################################
  [M3/global_zscore] Cross-validating CrossAttn3 ...
=================================================================
5-Fold CV  [CrossAttn3 | scale_aec=global]
=================================================================

── Fold 1/5 ──────────────────────────────
  CA3  — AUC: 0.8077  AUPRC: 0.3429  Brier: 0.2605  Acc: 0.6448  F1: 0.3564  (best ep=433, thresh=0.551)

── Fold 2/5 ──────────────────────────────
  CA3  — AUC: 0.7975  AUPRC: 0.4019  Brier: 0.2521  Acc: 0.6721  F1: 0.3478  (best ep=349, thresh=0.567)

── Fold 3/5 ──────────────────────────────
  CA3  — AUC: 0.7924  AUPRC: 0.3559  Brier: 0.2697  Acc: 0.8197  F1: 0.4211  (best ep=215, thresh=0.703)

── Fold 4/5 ──────────────────────────────
  CA3  — AUC: 0.7936  AUPRC: 0.3418  Brier: 0.2213  Acc: 0.6831  F1: 0.3696  (best ep=468, thresh=0.468)

── Fold 5/5 ──────────────────────────────
  CA3  — AUC: 0.8114  AUPRC: 0.3830  Brier: 0.2417  Acc: 0.7912  F1: 0.4242  (best ep=314, thresh=0.623)

===========================================================================
CrossAttn3  —  5-Fold CV Summary
===========================================================================
  Fold      AUC-ROC      AUPRC      Brier   Accuracy         F1
  ----------------------------------------------------------
  1          0.8077     0.3429     0.2605     0.6448     0.3564
  2          0.7975     0.4019     0.2521     0.6721     0.3478
  3          0.7924     0.3559     0.2697     0.8197     0.4211
  4          0.7936     0.3418     0.2213     0.6831     0.3696
  5          0.8114     0.3830     0.2417     0.7912     0.4242
  ──────────────────────────────────────────────────────────
  Mean       0.8005     0.3651     0.2490     0.7222     0.3838
  ±Std       0.0077     0.0236     0.0167     0.0697     0.0325
  [M3/global_zscore] Evaluating on test set (med_epoch=349, thresh=0.567) ...

=================================================================
CrossAttn3 Test Evaluation  [scale_aec=global | threshold=0.567]
=================================================================
CrossAttn3 — training final model for 349 epochs on full CV set …
  [CrossAttn3] weights → 연구코드/results/0612_128_aug/model_3\global_zscore\M3_global_zscore_weights.pt

CrossAttn3 — Test Set (Overall):  AUC: 0.8163  AUPRC: 0.3452  Brier: 0.2643  Acc: 0.6812  F1: 0.3652

CrossAttn3 — Test Set (By Sex):
  [M] n=82  AUC: 0.7514  AUPRC: 0.3855  Brier: 0.3046  Acc: 0.6220  F1: 0.4151
              precision    recall  f1-score   support

      Normal       0.95      0.58      0.72        69
  Sarcopenia       0.28      0.85      0.42        13

    accuracy                           0.62        82
   macro avg       0.61      0.71      0.57        82
weighted avg       0.84      0.62      0.67        82

  [F] n=147  AUC: 0.8529  AUPRC: 0.3493  Brier: 0.2417  Acc: 0.7143  F1: 0.3226
              precision    recall  f1-score   support

      Normal       0.99      0.70      0.82       136
  Sarcopenia       0.20      0.91      0.32        11

    accuracy                           0.71       147
   macro avg       0.59      0.80      0.57       147
weighted avg       0.93      0.71      0.78       147


───────────────────────────────────────────────────────
Test Set — Bootstrap CI
───────────────────────────────────────────────────────

  Bootstrap 95% CI — CrossAttn3  (n_boot=2000)
  Metric         Estimate   95% CI Lower   95% CI Upper
  ----------------------------------------------------
  AUC-ROC          0.8163         0.7336         0.8924
  AUPRC            0.3452         0.2108         0.5428
  Brier            0.2643         0.2380         0.2890
  Accuracy         0.6812         0.6201         0.7424
  F1               0.3652         0.2453         0.4769
  [M3/global_zscore] Saving figures ...

Saved (model 3 (global_zscore)):
  연구코드/results/0612_128_aug/model_3\global_zscore/data_distribution.png
  연구코드/results/0612_128_aug/model_3\global_zscore/cv_roc_curves.png
  연구코드/results/0612_128_aug/model_3\global_zscore/cv_metric_distribution.png
  연구코드/results/0612_128_aug/model_3\global_zscore/training_curves.png
  연구코드/results/0612_128_aug/model_3\global_zscore/test_roc_curves.png
  연구코드/results/0612_128_aug/model_3\global_zscore/test_roc_by_sex.png
  연구코드/results/0612_128_aug/model_3\global_zscore/confusion_matrices.png
  연구코드/results/0612_128_aug/model_3\global_zscore/calibration.png
  연구코드/results/0612_128_aug/model_3\global_zscore/results.md
  [M3/global_zscore] Plotting attention maps ...
  연구코드/results/0612_128_aug/model_3\global_zscore/attention_map_c2a.png
  연구코드/results/0612_128_aug/model_3\global_zscore/attention_heatmap_c2a.png
  연구코드/results/0612_128_aug/model_3\global_zscore/attention_map_a2c.png
  연구코드/results/0612_128_aug/model_3\global_zscore/attention_heatmap_a2c.png
  [M3/global_zscore] Plotting Grad-CAM ...
  연구코드/results/0612_128_aug/model_3\global_zscore/cam_aec_mean.png
  연구코드/results/0612_128_aug/model_3\global_zscore/cam_aec_lines.png
  연구코드/results/0612_128_aug/model_3\global_zscore/cam_aec_heatmap.png
  [M3/global_zscore] Done.
