============================================================
  MODEL 1 — Clinic Only  (2 cases)
============================================================

############################################################
  [M1] CASE : scale_clinic  (scale_clinic=True)
############################################################
=======================================================
5-Fold Cross-Validation  [scale_X=True]
=======================================================

── Fold 1/5 ──────────────────────────────
  LR   — AUC: 0.8137  AUPRC: 0.3911  Brier: 0.1828  Acc: 0.7598  F1: 0.3951
  RN1D — AUC: 0.8092  AUPRC: 0.3884  Brier: 0.1710  Acc: 0.7843  F1: 0.3714  (best ep=44)

── Fold 2/5 ──────────────────────────────
  LR   — AUC: 0.6623  AUPRC: 0.2318  Brier: 0.2013  Acc: 0.7157  F1: 0.2750
  RN1D — AUC: 0.7122  AUPRC: 0.2745  Brier: 0.1916  Acc: 0.6618  F1: 0.3301  (best ep=107)

── Fold 3/5 ──────────────────────────────
  LR   — AUC: 0.7931  AUPRC: 0.3106  Brier: 0.1959  Acc: 0.6995  F1: 0.3441
  RN1D — AUC: 0.7918  AUPRC: 0.3117  Brier: 0.1949  Acc: 0.6650  F1: 0.3462  (best ep=7)

── Fold 4/5 ──────────────────────────────
  LR   — AUC: 0.8101  AUPRC: 0.4131  Brier: 0.1716  Acc: 0.7192  F1: 0.3448
  RN1D — AUC: 0.7953  AUPRC: 0.4185  Brier: 0.1691  Acc: 0.7931  F1: 0.4324  (best ep=33)

── Fold 5/5 ──────────────────────────────
  LR   — AUC: 0.8767  AUPRC: 0.5216  Brier: 0.1872  Acc: 0.7143  F1: 0.3958
  RN1D — AUC: 0.9161  AUPRC: 0.5300  Brier: 0.1911  Acc: 0.7389  F1: 0.4301  (best ep=31)

===========================================================================
LR  —  5-Fold CV Summary
===========================================================================
  Fold      AUC-ROC      AUPRC      Brier   Accuracy         F1
  ----------------------------------------------------------
  1          0.8137     0.3911     0.1828     0.7598     0.3951
  2          0.6623     0.2318     0.2013     0.7157     0.2750
  3          0.7931     0.3106     0.1959     0.6995     0.3441
  4          0.8101     0.4131     0.1716     0.7192     0.3448
  5          0.8767     0.5216     0.1872     0.7143     0.3958
  ──────────────────────────────────────────────────────────
  Mean       0.7912     0.3737     0.1877     0.7217     0.3510
  ±Std       0.0704     0.0978     0.0104     0.0202     0.0443

===========================================================================
ResNet1D  —  5-Fold CV Summary
===========================================================================
  Fold      AUC-ROC      AUPRC      Brier   Accuracy         F1
  ----------------------------------------------------------
  1          0.8092     0.3884     0.1710     0.7843     0.3714
  2          0.7122     0.2745     0.1916     0.6618     0.3301
  3          0.7918     0.3117     0.1949     0.6650     0.3462
  4          0.7953     0.4185     0.1691     0.7931     0.4324
  5          0.9161     0.5300     0.1911     0.7389     0.4301
  ──────────────────────────────────────────────────────────
  Mean       0.8049     0.3846     0.1835     0.7286     0.3820
  ±Std       0.0652     0.0892     0.0111     0.0564     0.0423

=================================================================
  Statistical Comparison: [LR]  vs  [ResNet1D]
  Paired t-test + Wilcoxon signed-rank  (n=5 folds)
  Δ Mean = ResNet1D − LR  (양수 → ResNet1D가 우세)
=================================================================
  Metric          Mean1    Mean2    Δ Mean   t-stat      t p-val      W p-val     
  -----------------------------------------------------------------------
  AUC-ROC        0.7912   0.8049   +0.0138   -1.064     3.47e-01     8.12e-01     
  AUPRC          0.3737   0.3846   +0.0110   -1.348     2.49e-01     1.88e-01     
  Brier          0.1877   0.1835   -0.0042    1.468     2.16e-01     3.12e-01     
  Accuracy       0.7217   0.7286   +0.0069   -0.302     7.78e-01     1.00e+00     
  F1             0.3510   0.3820   +0.0311   -1.593     1.86e-01     1.88e-01     
  ───────────────────────────────────────────────────────────────────────
  *** p<0.001  ** p<0.01  * p<0.05  † p<0.10
  주의: n=5 folds — 검정력이 낮으므로 방향성(Δ) 참고 병행 권장

=======================================================
Final Test Evaluation  (scale_X=True)
=======================================================

Logistic Regression — Test Set (Overall):
  AUC: 0.8291  AUPRC: 0.3249  Brier: 0.1931  Acc: 0.6980  F1: 0.3636

Logistic Regression — Test Set (By Sex):
  [M] n=99  AUC: 0.7669  AUPRC: 0.3155  Brier: 0.2668  Acc: 0.5859  F1: 0.4225
              precision    recall  f1-score   support

      Normal       0.96      0.52      0.68        82
  Sarcopenia       0.28      0.88      0.42        17

    accuracy                           0.59        99
   macro avg       0.62      0.70      0.55        99
weighted avg       0.84      0.59      0.63        99

  [F] n=156  AUC: 0.8345  AUPRC: 0.4171  Brier: 0.1464  Acc: 0.7692  F1: 0.2800
              precision    recall  f1-score   support

      Normal       0.97      0.78      0.86       145
  Sarcopenia       0.18      0.64      0.28        11

    accuracy                           0.77       156
   macro avg       0.57      0.71      0.57       156
weighted avg       0.91      0.77      0.82       156

ResNet1D — training final model for 33 epochs on full CV set …

ResNet1D — Test Set (Overall):
  AUC: 0.7914  AUPRC: 0.3599  Brier: 0.1748  Acc: 0.7765  F1: 0.4242

ResNet1D — Test Set (By Sex):
  [M] n=99  AUC: 0.7123  AUPRC: 0.3233  Brier: 0.2361  Acc: 0.6667  F1: 0.4590
              precision    recall  f1-score   support

      Normal       0.95      0.63      0.76        82
  Sarcopenia       0.32      0.82      0.46        17

    accuracy                           0.67        99
   macro avg       0.63      0.73      0.61        99
weighted avg       0.84      0.67      0.71        99

  [F] n=156  AUC: 0.8476  AUPRC: 0.4160  Brier: 0.1359  Acc: 0.8462  F1: 0.3684
              precision    recall  f1-score   support

      Normal       0.97      0.86      0.91       145
  Sarcopenia       0.26      0.64      0.37        11

    accuracy                           0.85       156
   macro avg       0.61      0.75      0.64       156
weighted avg       0.92      0.85      0.87       156


Saved:
  연구코드/results/0515/model_1/data_distribution.png
  연구코드/results/0515/model_1/cv_roc_curves.png
  연구코드/results/0515/model_1/cv_metric_distribution.png
  연구코드/results/0515/model_1/confusion_matrices.png
  연구코드/results/0515/model_1/training_curves.png
  연구코드/results/0515/model_1/test_roc_curves.png
  연구코드/results/0515/model_1/test_roc_by_sex.png
  연구코드/results/0515/model_1/calibration.png
  연구코드/results/0515/model_1\scale_clinic/results.md
