============================================================
  MODEL 2_2 — Clinic + AEC Unmatched (aec128)  (5 AEC variants)
============================================================

############################################################
  [M2_2 len128]  (scale_clinic=True, scale_aec=True)
############################################################
  [M2_2/len128] Cross-validating CrossAttn ...
=======================================================
5-Fold CV  [CrossAttn | scale_clin=True, scale_aec=True]
=======================================================

── Fold 1/5 ──────────────────────────────
  CA   — AUC: 0.8460  AUPRC: 0.3626  Brier: 0.1854  Acc: 0.7705  F1: 0.4474  (best ep=24, thresh=0.598)

── Fold 2/5 ──────────────────────────────
  CA   — AUC: 0.8652  AUPRC: 0.4615  Brier: 0.1591  Acc: 0.8087  F1: 0.4776  (best ep=12, thresh=0.582)

── Fold 3/5 ──────────────────────────────
  CA   — AUC: 0.8148  AUPRC: 0.3243  Brier: 0.1556  Acc: 0.7978  F1: 0.4478  (best ep=38, thresh=0.570)

── Fold 4/5 ──────────────────────────────
  CA   — AUC: 0.7763  AUPRC: 0.3182  Brier: 0.1393  Acc: 0.7377  F1: 0.4000  (best ep=4, thresh=0.337)

── Fold 5/5 ──────────────────────────────
  CA   — AUC: 0.7898  AUPRC: 0.3737  Brier: 0.1516  Acc: 0.7473  F1: 0.3784  (best ep=3, thresh=0.443)

===========================================================================
CrossAttn  —  5-Fold CV Summary
===========================================================================
  Fold      AUC-ROC      AUPRC      Brier   Accuracy         F1
  ----------------------------------------------------------
  1          0.8460     0.3626     0.1854     0.7705     0.4474
  2          0.8652     0.4615     0.1591     0.8087     0.4776
  3          0.8148     0.3243     0.1556     0.7978     0.4478
  4          0.7763     0.3182     0.1393     0.7377     0.4000
  5          0.7898     0.3737     0.1516     0.7473     0.3784
  ──────────────────────────────────────────────────────────
  Mean       0.8184     0.3681     0.1582     0.7724     0.4302
  ±Std       0.0333     0.0513     0.0152     0.0276     0.0359
  [M2_2/len128] Evaluating on test set (med_epoch=12, thresh=0.570) ...

=======================================================
CrossAttn Test Evaluation  (scale_clin=True, scale_aec=True, threshold=0.570)
=======================================================
CrossAttn — training final model for 12 epochs on full CV set …

CrossAttn — Test Set (Overall):
  AUC: 0.8118  AUPRC: 0.3505  Brier: 0.2188  Acc: 0.6812  F1: 0.3423

CrossAttn — Test Set (By Sex):
  [M] n=82  AUC: 0.7458  AUPRC: 0.3718  Brier: 0.2844  Acc: 0.6220  F1: 0.3922
              precision    recall  f1-score   support

      Normal       0.93      0.59      0.73        69
  Sarcopenia       0.26      0.77      0.39        13

    accuracy                           0.62        82
   macro avg       0.60      0.68      0.56        82
weighted avg       0.83      0.62      0.67        82

  [F] n=147  AUC: 0.8422  AUPRC: 0.3881  Brier: 0.1822  Acc: 0.7143  F1: 0.3000
              precision    recall  f1-score   support

      Normal       0.98      0.71      0.82       136
  Sarcopenia       0.18      0.82      0.30        11

    accuracy                           0.71       147
   macro avg       0.58      0.76      0.56       147
weighted avg       0.92      0.71      0.78       147


───────────────────────────────────────────────────────
Test Set — Bootstrap CI
───────────────────────────────────────────────────────

  Bootstrap 95% CI — CrossAttn  (n_boot=2000)
  Metric         Estimate   95% CI Lower   95% CI Upper
  ----------------------------------------------------
  AUC-ROC          0.8118         0.7266         0.8837
  AUPRC            0.3505         0.2087         0.5470
  Brier            0.2188         0.1852         0.2526
  Accuracy         0.6812         0.6201         0.7380
  F1               0.3423         0.2273         0.4531
  [M2_2/len128] Saving figures ...

Saved (model 2_2 (len128, unmatched)):
  연구코드/results/0529/liver_pubis/model_2_2\len128/data_distribution.png
  연구코드/results/0529/liver_pubis/model_2_2\len128/cv_roc_curves.png
  연구코드/results/0529/liver_pubis/model_2_2\len128/cv_metric_distribution.png
  연구코드/results/0529/liver_pubis/model_2_2\len128/training_curves.png
  연구코드/results/0529/liver_pubis/model_2_2\len128/test_roc_curves.png
  연구코드/results/0529/liver_pubis/model_2_2\len128/test_roc_by_sex.png
  연구코드/results/0529/liver_pubis/model_2_2\len128/confusion_matrices.png
  연구코드/results/0529/liver_pubis/model_2_2\len128/calibration.png
  연구코드/results/0529/liver_pubis/model_2_2\len128/results.md
  [M2_2/len128] Plotting attention maps ...
  연구코드/results/0529/liver_pubis/model_2_2\len128/attention_map_c2a.png
  연구코드/results/0529/liver_pubis/model_2_2\len128/attention_heatmap_c2a.png
  연구코드/results/0529/liver_pubis/model_2_2\len128/attention_map_a2c.png
  연구코드/results/0529/liver_pubis/model_2_2\len128/attention_heatmap_a2c.png
  [M2_2/len128] Plotting Grad-CAM ...
  연구코드/results/0529/liver_pubis/model_2_2\len128/cam_aec_mean.png
  연구코드/results/0529/liver_pubis/model_2_2\len128/cam_aec_lines.png
  연구코드/results/0529/liver_pubis/model_2_2\len128/cam_aec_heatmap.png
  [M2_2/len128] Done.

############################################################
  [M2_2 norm]  (scale_clinic=True, scale_aec=True)
############################################################
  [M2_2/norm] Cross-validating CrossAttn ...
=======================================================
5-Fold CV  [CrossAttn | scale_clin=True, scale_aec=True]
=======================================================

── Fold 1/5 ──────────────────────────────
  CA   — AUC: 0.8199  AUPRC: 0.3384  Brier: 0.2424  Acc: 0.7596  F1: 0.4211  (best ep=1, thresh=0.622)

── Fold 2/5 ──────────────────────────────
  CA   — AUC: 0.8476  AUPRC: 0.5023  Brier: 0.1255  Acc: 0.7978  F1: 0.4638  (best ep=5, thresh=0.434)

── Fold 3/5 ──────────────────────────────
  CA   — AUC: 0.7651  AUPRC: 0.2259  Brier: 0.2278  Acc: 0.7650  F1: 0.3944  (best ep=33, thresh=0.653)

── Fold 4/5 ──────────────────────────────
  CA   — AUC: 0.7930  AUPRC: 0.3781  Brier: 0.1421  Acc: 0.6339  F1: 0.3366  (best ep=15, thresh=0.243)

── Fold 5/5 ──────────────────────────────
  CA   — AUC: 0.8398  AUPRC: 0.4367  Brier: 0.2129  Acc: 0.8352  F1: 0.5000  (best ep=6, thresh=0.692)

===========================================================================
CrossAttn  —  5-Fold CV Summary
===========================================================================
  Fold      AUC-ROC      AUPRC      Brier   Accuracy         F1
  ----------------------------------------------------------
  1          0.8199     0.3384     0.2424     0.7596     0.4211
  2          0.8476     0.5023     0.1255     0.7978     0.4638
  3          0.7651     0.2259     0.2278     0.7650     0.3944
  4          0.7930     0.3781     0.1421     0.6339     0.3366
  5          0.8398     0.4367     0.2129     0.8352     0.5000
  ──────────────────────────────────────────────────────────
  Mean       0.8131     0.3763     0.1901     0.7583     0.4232
  ±Std       0.0305     0.0934     0.0472     0.0678     0.0563
  [M2_2/norm] Evaluating on test set (med_epoch=6, thresh=0.622) ...

=======================================================
CrossAttn Test Evaluation  (scale_clin=True, scale_aec=True, threshold=0.622)
=======================================================
CrossAttn — training final model for 6 epochs on full CV set …

CrossAttn — Test Set (Overall):
  AUC: 0.8268  AUPRC: 0.3300  Brier: 0.2012  Acc: 0.7555  F1: 0.3913

CrossAttn — Test Set (By Sex):
  [M] n=82  AUC: 0.7402  AUPRC: 0.3561  Brier: 0.2620  Acc: 0.6463  F1: 0.3830
              precision    recall  f1-score   support

      Normal       0.92      0.64      0.75        69
  Sarcopenia       0.26      0.69      0.38        13

    accuracy                           0.65        82
   macro avg       0.59      0.66      0.57        82
weighted avg       0.81      0.65      0.69        82

  [F] n=147  AUC: 0.8917  AUPRC: 0.4015  Brier: 0.1673  Acc: 0.8163  F1: 0.4000
              precision    recall  f1-score   support

      Normal       0.98      0.82      0.89       136
  Sarcopenia       0.26      0.82      0.40        11

    accuracy                           0.82       147
   macro avg       0.62      0.82      0.65       147
weighted avg       0.93      0.82      0.85       147


───────────────────────────────────────────────────────
Test Set — Bootstrap CI
───────────────────────────────────────────────────────

  Bootstrap 95% CI — CrossAttn  (n_boot=2000)
  Metric         Estimate   95% CI Lower   95% CI Upper
  ----------------------------------------------------
  AUC-ROC          0.8268         0.7514         0.8920
  AUPRC            0.3300         0.1946         0.5104
  Brier            0.2012         0.1705         0.2311
  Accuracy         0.7555         0.6987         0.8122
  F1               0.3913         0.2558         0.5111
  [M2_2/norm] Saving figures ...

Saved (model 2_2 (norm, unmatched)):
  연구코드/results/0529/liver_pubis/model_2_2\norm/data_distribution.png
  연구코드/results/0529/liver_pubis/model_2_2\norm/cv_roc_curves.png
  연구코드/results/0529/liver_pubis/model_2_2\norm/cv_metric_distribution.png
  연구코드/results/0529/liver_pubis/model_2_2\norm/training_curves.png
  연구코드/results/0529/liver_pubis/model_2_2\norm/test_roc_curves.png
  연구코드/results/0529/liver_pubis/model_2_2\norm/test_roc_by_sex.png
  연구코드/results/0529/liver_pubis/model_2_2\norm/confusion_matrices.png
  연구코드/results/0529/liver_pubis/model_2_2\norm/calibration.png
  연구코드/results/0529/liver_pubis/model_2_2\norm/results.md
  [M2_2/norm] Plotting attention maps ...
  연구코드/results/0529/liver_pubis/model_2_2\norm/attention_map_c2a.png
  연구코드/results/0529/liver_pubis/model_2_2\norm/attention_heatmap_c2a.png
  연구코드/results/0529/liver_pubis/model_2_2\norm/attention_map_a2c.png
  연구코드/results/0529/liver_pubis/model_2_2\norm/attention_heatmap_a2c.png
  [M2_2/norm] Plotting Grad-CAM ...
  연구코드/results/0529/liver_pubis/model_2_2\norm/cam_aec_mean.png
  연구코드/results/0529/liver_pubis/model_2_2\norm/cam_aec_lines.png
  연구코드/results/0529/liver_pubis/model_2_2\norm/cam_aec_heatmap.png
  [M2_2/norm] Done.

############################################################
  [M2_2 crop80]  (scale_clinic=True, scale_aec=True)
############################################################
  [M2_2/crop80] Cross-validating CrossAttn ...
=======================================================
5-Fold CV  [CrossAttn | scale_clin=True, scale_aec=True]
=======================================================

── Fold 1/5 ──────────────────────────────
  CA   — AUC: 0.8298  AUPRC: 0.3434  Brier: 0.1955  Acc: 0.7978  F1: 0.4638  (best ep=4, thresh=0.603)

── Fold 2/5 ──────────────────────────────
  CA   — AUC: 0.8511  AUPRC: 0.5213  Brier: 0.1605  Acc: 0.7596  F1: 0.4359  (best ep=7, thresh=0.531)

── Fold 3/5 ──────────────────────────────
  CA   — AUC: 0.8119  AUPRC: 0.2869  Brier: 0.1882  Acc: 0.7596  F1: 0.4054  (best ep=67, thresh=0.579)

── Fold 4/5 ──────────────────────────────
  CA   — AUC: 0.7827  AUPRC: 0.3759  Brier: 0.1703  Acc: 0.7650  F1: 0.3768  (best ep=74, thresh=0.509)

── Fold 5/5 ──────────────────────────────
  CA   — AUC: 0.7966  AUPRC: 0.4693  Brier: 0.1744  Acc: 0.7253  F1: 0.3750  (best ep=1, thresh=0.476)

===========================================================================
CrossAttn  —  5-Fold CV Summary
===========================================================================
  Fold      AUC-ROC      AUPRC      Brier   Accuracy         F1
  ----------------------------------------------------------
  1          0.8298     0.3434     0.1955     0.7978     0.4638
  2          0.8511     0.5213     0.1605     0.7596     0.4359
  3          0.8119     0.2869     0.1882     0.7596     0.4054
  4          0.7827     0.3759     0.1703     0.7650     0.3768
  5          0.7966     0.4693     0.1744     0.7253     0.3750
  ──────────────────────────────────────────────────────────
  Mean       0.8144     0.3994     0.1778     0.7614     0.4114
  ±Std       0.0241     0.0849     0.0125     0.0230     0.0344
  [M2_2/crop80] Evaluating on test set (med_epoch=7, thresh=0.531) ...

=======================================================
CrossAttn Test Evaluation  (scale_clin=True, scale_aec=True, threshold=0.531)
=======================================================
CrossAttn — training final model for 7 epochs on full CV set …

CrossAttn — Test Set (Overall):
  AUC: 0.8087  AUPRC: 0.3210  Brier: 0.2298  Acc: 0.6419  F1: 0.3387

CrossAttn — Test Set (By Sex):
  [M] n=82  AUC: 0.7458  AUPRC: 0.3580  Brier: 0.2591  Acc: 0.6341  F1: 0.4231
              precision    recall  f1-score   support

      Normal       0.95      0.59      0.73        69
  Sarcopenia       0.28      0.85      0.42        13

    accuracy                           0.63        82
   macro avg       0.62      0.72      0.58        82
weighted avg       0.85      0.63      0.68        82

  [F] n=147  AUC: 0.8382  AUPRC: 0.3145  Brier: 0.2134  Acc: 0.6463  F1: 0.2778
              precision    recall  f1-score   support

      Normal       0.99      0.62      0.77       136
  Sarcopenia       0.16      0.91      0.28        11

    accuracy                           0.65       147
   macro avg       0.58      0.77      0.52       147
weighted avg       0.93      0.65      0.73       147


───────────────────────────────────────────────────────
Test Set — Bootstrap CI
───────────────────────────────────────────────────────

  Bootstrap 95% CI — CrossAttn  (n_boot=2000)
  Metric         Estimate   95% CI Lower   95% CI Upper
  ----------------------------------------------------
  AUC-ROC          0.8087         0.7157         0.8886
  AUPRC            0.3210         0.1916         0.5032
  Brier            0.2298         0.1999         0.2602
  Accuracy         0.6419         0.5808         0.7074
  F1               0.3387         0.2255         0.4444
  [M2_2/crop80] Saving figures ...

Saved (model 2_2 (crop80, unmatched)):
  연구코드/results/0529/liver_pubis/model_2_2\crop80/data_distribution.png
  연구코드/results/0529/liver_pubis/model_2_2\crop80/cv_roc_curves.png
  연구코드/results/0529/liver_pubis/model_2_2\crop80/cv_metric_distribution.png
  연구코드/results/0529/liver_pubis/model_2_2\crop80/training_curves.png
  연구코드/results/0529/liver_pubis/model_2_2\crop80/test_roc_curves.png
  연구코드/results/0529/liver_pubis/model_2_2\crop80/test_roc_by_sex.png
  연구코드/results/0529/liver_pubis/model_2_2\crop80/confusion_matrices.png
  연구코드/results/0529/liver_pubis/model_2_2\crop80/calibration.png
  연구코드/results/0529/liver_pubis/model_2_2\crop80/results.md
  [M2_2/crop80] Plotting attention maps ...
  연구코드/results/0529/liver_pubis/model_2_2\crop80/attention_map_c2a.png
  연구코드/results/0529/liver_pubis/model_2_2\crop80/attention_heatmap_c2a.png
  연구코드/results/0529/liver_pubis/model_2_2\crop80/attention_map_a2c.png
  연구코드/results/0529/liver_pubis/model_2_2\crop80/attention_heatmap_a2c.png
  [M2_2/crop80] Plotting Grad-CAM ...
  연구코드/results/0529/liver_pubis/model_2_2\crop80/cam_aec_mean.png
  연구코드/results/0529/liver_pubis/model_2_2\crop80/cam_aec_lines.png
  연구코드/results/0529/liver_pubis/model_2_2\crop80/cam_aec_heatmap.png
  [M2_2/crop80] Done.

############################################################
  [M2_2 crop60]  (scale_clinic=True, scale_aec=True)
############################################################
  [M2_2/crop60] Cross-validating CrossAttn ...
=======================================================
5-Fold CV  [CrossAttn | scale_clin=True, scale_aec=True]
=======================================================

── Fold 1/5 ──────────────────────────────
  CA   — AUC: 0.8301  AUPRC: 0.3269  Brier: 0.1663  Acc: 0.6612  F1: 0.3800  (best ep=4, thresh=0.371)

── Fold 2/5 ──────────────────────────────
  CA   — AUC: 0.8594  AUPRC: 0.5218  Brier: 0.1608  Acc: 0.7705  F1: 0.4474  (best ep=14, thresh=0.583)

── Fold 3/5 ──────────────────────────────
  CA   — AUC: 0.8013  AUPRC: 0.3698  Brier: 0.2036  Acc: 0.6721  F1: 0.3617  (best ep=43, thresh=0.533)

── Fold 4/5 ──────────────────────────────
  CA   — AUC: 0.7728  AUPRC: 0.3156  Brier: 0.1588  Acc: 0.7760  F1: 0.3881  (best ep=25, thresh=0.558)

── Fold 5/5 ──────────────────────────────
  CA   — AUC: 0.8308  AUPRC: 0.4705  Brier: 0.1533  Acc: 0.7418  F1: 0.4051  (best ep=36, thresh=0.549)

===========================================================================
CrossAttn  —  5-Fold CV Summary
===========================================================================
  Fold      AUC-ROC      AUPRC      Brier   Accuracy         F1
  ----------------------------------------------------------
  1          0.8301     0.3269     0.1663     0.6612     0.3800
  2          0.8594     0.5218     0.1608     0.7705     0.4474
  3          0.8013     0.3698     0.2036     0.6721     0.3617
  4          0.7728     0.3156     0.1588     0.7760     0.3881
  5          0.8308     0.4705     0.1533     0.7418     0.4051
  ──────────────────────────────────────────────────────────
  Mean       0.8189     0.4009     0.1686     0.7243     0.3964
  ±Std       0.0295     0.0815     0.0180     0.0486     0.0290
  [M2_2/crop60] Evaluating on test set (med_epoch=25, thresh=0.549) ...

=======================================================
CrossAttn Test Evaluation  (scale_clin=True, scale_aec=True, threshold=0.549)
=======================================================
CrossAttn — training final model for 25 epochs on full CV set …

CrossAttn — Test Set (Overall):
  AUC: 0.7992  AUPRC: 0.3391  Brier: 0.2053  Acc: 0.6681  F1: 0.3214

CrossAttn — Test Set (By Sex):
  [M] n=82  AUC: 0.7124  AUPRC: 0.3343  Brier: 0.2731  Acc: 0.5854  F1: 0.3704
              precision    recall  f1-score   support

      Normal       0.93      0.55      0.69        69
  Sarcopenia       0.24      0.77      0.37        13

    accuracy                           0.59        82
   macro avg       0.59      0.66      0.53        82
weighted avg       0.82      0.59      0.64        82

  [F] n=147  AUC: 0.8356  AUPRC: 0.3692  Brier: 0.1675  Acc: 0.7143  F1: 0.2759
              precision    recall  f1-score   support

      Normal       0.97      0.71      0.82       136
  Sarcopenia       0.17      0.73      0.28        11

    accuracy                           0.71       147
   macro avg       0.57      0.72      0.55       147
weighted avg       0.91      0.71      0.78       147


───────────────────────────────────────────────────────
Test Set — Bootstrap CI
───────────────────────────────────────────────────────

  Bootstrap 95% CI — CrossAttn  (n_boot=2000)
  Metric         Estimate   95% CI Lower   95% CI Upper
  ----------------------------------------------------
  AUC-ROC          0.7992         0.7063         0.8782
  AUPRC            0.3391         0.2037         0.5305
  Brier            0.2053         0.1732         0.2383
  Accuracy         0.6681         0.6070         0.7293
  F1               0.3214         0.2105         0.4324
  [M2_2/crop60] Saving figures ...

Saved (model 2_2 (crop60, unmatched)):
  연구코드/results/0529/liver_pubis/model_2_2\crop60/data_distribution.png
  연구코드/results/0529/liver_pubis/model_2_2\crop60/cv_roc_curves.png
  연구코드/results/0529/liver_pubis/model_2_2\crop60/cv_metric_distribution.png
  연구코드/results/0529/liver_pubis/model_2_2\crop60/training_curves.png
  연구코드/results/0529/liver_pubis/model_2_2\crop60/test_roc_curves.png
  연구코드/results/0529/liver_pubis/model_2_2\crop60/test_roc_by_sex.png
  연구코드/results/0529/liver_pubis/model_2_2\crop60/confusion_matrices.png
  연구코드/results/0529/liver_pubis/model_2_2\crop60/calibration.png
  연구코드/results/0529/liver_pubis/model_2_2\crop60/results.md
  [M2_2/crop60] Plotting attention maps ...
  연구코드/results/0529/liver_pubis/model_2_2\crop60/attention_map_c2a.png
  연구코드/results/0529/liver_pubis/model_2_2\crop60/attention_heatmap_c2a.png
  연구코드/results/0529/liver_pubis/model_2_2\crop60/attention_map_a2c.png
  연구코드/results/0529/liver_pubis/model_2_2\crop60/attention_heatmap_a2c.png
  [M2_2/crop60] Plotting Grad-CAM ...
  연구코드/results/0529/liver_pubis/model_2_2\crop60/cam_aec_mean.png
  연구코드/results/0529/liver_pubis/model_2_2\crop60/cam_aec_lines.png
  연구코드/results/0529/liver_pubis/model_2_2\crop60/cam_aec_heatmap.png
  [M2_2/crop60] Done.

############################################################
  [M2_2 excl_extreme]  (scale_clinic=True, scale_aec=True)
############################################################
  [M2_2/excl_extreme] Cross-validating CrossAttn ...
=======================================================
5-Fold CV  [CrossAttn | scale_clin=True, scale_aec=True]
=======================================================

── Fold 1/5 ──────────────────────────────
  CA   — AUC: 0.8438  AUPRC: 0.4341  Brier: 0.2262  Acc: 0.7394  F1: 0.4110  (best ep=28, thresh=0.608)

── Fold 2/5 ──────────────────────────────
  CA   — AUC: 0.7401  AUPRC: 0.3497  Brier: 0.1663  Acc: 0.8182  F1: 0.4231  (best ep=23, thresh=0.640)

── Fold 3/5 ──────────────────────────────
  CA   — AUC: 0.8703  AUPRC: 0.4263  Brier: 0.1793  Acc: 0.7439  F1: 0.4324  (best ep=4, thresh=0.507)

── Fold 4/5 ──────────────────────────────
  CA   — AUC: 0.8079  AUPRC: 0.3424  Brier: 0.1929  Acc: 0.6768  F1: 0.3614  (best ep=7, thresh=0.403)

── Fold 5/5 ──────────────────────────────
  CA   — AUC: 0.7479  AUPRC: 0.3392  Brier: 0.1684  Acc: 0.7500  F1: 0.3492  (best ep=90, thresh=0.404)

===========================================================================
CrossAttn  —  5-Fold CV Summary
===========================================================================
  Fold      AUC-ROC      AUPRC      Brier   Accuracy         F1
  ----------------------------------------------------------
  1          0.8438     0.4341     0.2262     0.7394     0.4110
  2          0.7401     0.3497     0.1663     0.8182     0.4231
  3          0.8703     0.4263     0.1793     0.7439     0.4324
  4          0.8079     0.3424     0.1929     0.6768     0.3614
  5          0.7479     0.3392     0.1684     0.7500     0.3492
  ──────────────────────────────────────────────────────────
  Mean       0.8020     0.3784     0.1866     0.7457     0.3954
  ±Std       0.0514     0.0426     0.0219     0.0449     0.0337
  [M2_2/excl_extreme] Evaluating on test set (med_epoch=23, thresh=0.507) ...

=======================================================
CrossAttn Test Evaluation  (scale_clin=True, scale_aec=True, threshold=0.507)
=======================================================
CrossAttn — training final model for 23 epochs on full CV set …

CrossAttn — Test Set (Overall):
  AUC: 0.7229  AUPRC: 0.3045  Brier: 0.2256  Acc: 0.6244  F1: 0.2936

CrossAttn — Test Set (By Sex):
  [M] n=77  AUC: 0.7019  AUPRC: 0.3651  Brier: 0.2431  Acc: 0.6494  F1: 0.4255
              precision    recall  f1-score   support

      Normal       0.93      0.62      0.75        64
  Sarcopenia       0.29      0.77      0.43        13

    accuracy                           0.65        77
   macro avg       0.61      0.70      0.59        77
weighted avg       0.82      0.65      0.69        77

  [F] n=128  AUC: 0.7008  AUPRC: 0.2586  Brier: 0.2150  Acc: 0.6094  F1: 0.1935
              precision    recall  f1-score   support

      Normal       0.95      0.61      0.74       118
  Sarcopenia       0.12      0.60      0.19        10

    accuracy                           0.61       128
   macro avg       0.53      0.61      0.47       128
weighted avg       0.88      0.61      0.70       128


───────────────────────────────────────────────────────
Test Set — Bootstrap CI
───────────────────────────────────────────────────────

  Bootstrap 95% CI — CrossAttn  (n_boot=2000)
  Metric         Estimate   95% CI Lower   95% CI Upper
  ----------------------------------------------------
  AUC-ROC          0.7229         0.6088         0.8257
  AUPRC            0.3045         0.1602         0.4811
  Brier            0.2256         0.1886         0.2648
  Accuracy         0.6244         0.5561         0.6927
  F1               0.2936         0.1800         0.4035
  [M2_2/excl_extreme] Saving figures ...

Saved (model 2_2 (excl_extreme, unmatched)):
  연구코드/results/0529/liver_pubis/model_2_2\excl_extreme/data_distribution.png
  연구코드/results/0529/liver_pubis/model_2_2\excl_extreme/cv_roc_curves.png
  연구코드/results/0529/liver_pubis/model_2_2\excl_extreme/cv_metric_distribution.png
  연구코드/results/0529/liver_pubis/model_2_2\excl_extreme/training_curves.png
  연구코드/results/0529/liver_pubis/model_2_2\excl_extreme/test_roc_curves.png
  연구코드/results/0529/liver_pubis/model_2_2\excl_extreme/test_roc_by_sex.png
  연구코드/results/0529/liver_pubis/model_2_2\excl_extreme/confusion_matrices.png
  연구코드/results/0529/liver_pubis/model_2_2\excl_extreme/calibration.png
  연구코드/results/0529/liver_pubis/model_2_2\excl_extreme/results.md
  [M2_2/excl_extreme] Plotting attention maps ...
  연구코드/results/0529/liver_pubis/model_2_2\excl_extreme/attention_map_c2a.png
  연구코드/results/0529/liver_pubis/model_2_2\excl_extreme/attention_heatmap_c2a.png
  연구코드/results/0529/liver_pubis/model_2_2\excl_extreme/attention_map_a2c.png
  연구코드/results/0529/liver_pubis/model_2_2\excl_extreme/attention_heatmap_a2c.png
  [M2_2/excl_extreme] Plotting Grad-CAM ...
  연구코드/results/0529/liver_pubis/model_2_2\excl_extreme/cam_aec_mean.png
  연구코드/results/0529/liver_pubis/model_2_2\excl_extreme/cam_aec_lines.png
  연구코드/results/0529/liver_pubis/model_2_2\excl_extreme/cam_aec_heatmap.png
  [M2_2/excl_extreme] Done.
