============================================================
  MODEL 2_2 — Clinic + AEC Unmatched (aec103)  (4 AEC variants)
============================================================

############################################################
  [M2_2 raw]  (scale_clinic=True, scale_aec=none)
############################################################
  [M2_2/raw] Cross-validating CrossAttn ...
=======================================================
5-Fold CV  [CrossAttn | scale_clin=True, scale_aec=none]
=======================================================

── Fold 1/5 ──────────────────────────────
  CA   — AUC: 0.7920  AUPRC: 0.2926  Brier: 0.2706  Acc: 0.7104  F1: 0.3765  (best ep=71, thresh=0.628)

── Fold 2/5 ──────────────────────────────
  CA   — AUC: 0.7943  AUPRC: 0.3709  Brier: 0.2487  Acc: 0.7104  F1: 0.3765  (best ep=52, thresh=0.567)

── Fold 3/5 ──────────────────────────────
  CA   — AUC: 0.7718  AUPRC: 0.2776  Brier: 0.2706  Acc: 0.8087  F1: 0.4068  (best ep=246, thresh=0.725)

── Fold 4/5 ──────────────────────────────
  CA   — AUC: 0.7606  AUPRC: 0.3157  Brier: 0.2317  Acc: 0.6175  F1: 0.3269  (best ep=127, thresh=0.479)

── Fold 5/5 ──────────────────────────────
  CA   — AUC: 0.7578  AUPRC: 0.3730  Brier: 0.2453  Acc: 0.6429  F1: 0.3434  (best ep=133, thresh=0.482)

===========================================================================
CrossAttn  —  5-Fold CV Summary
===========================================================================
  Fold      AUC-ROC      AUPRC      Brier   Accuracy         F1
  ----------------------------------------------------------
  1          0.7920     0.2926     0.2706     0.7104     0.3765
  2          0.7943     0.3709     0.2487     0.7104     0.3765
  3          0.7718     0.2776     0.2706     0.8087     0.4068
  4          0.7606     0.3157     0.2317     0.6175     0.3269
  5          0.7578     0.3730     0.2453     0.6429     0.3434
  ──────────────────────────────────────────────────────────
  Mean       0.7753     0.3260     0.2534     0.6980     0.3660
  ±Std       0.0153     0.0395     0.0152     0.0665     0.0280
  [M2_2/raw] Evaluating on test set (med_epoch=127, thresh=0.567) ...

=======================================================
CrossAttn Test Evaluation  (scale_clin=True, scale_aec=none, threshold=0.567)
=======================================================
CrossAttn — training final model for 127 epochs on full CV set …
  [CrossAttn] Model weights saved → 연구코드/results/0605/stage1_1e-05_epoch500/model_2_2\crop80\raw\M2_2_raw_weights.pt

CrossAttn — Test Set (Overall):
  AUC: 0.7809  AUPRC: 0.2938  Brier: 0.2656  Acc: 0.6507  F1: 0.3333

CrossAttn — Test Set (By Sex):
  [M] n=82  AUC: 0.7291  AUPRC: 0.3430  Brier: 0.2895  Acc: 0.6098  F1: 0.4074
              precision    recall  f1-score   support

      Normal       0.95      0.57      0.71        69
  Sarcopenia       0.27      0.85      0.41        13

    accuracy                           0.61        82
   macro avg       0.61      0.71      0.56        82
weighted avg       0.84      0.61      0.66        82

  [F] n=147  AUC: 0.8021  AUPRC: 0.3345  Brier: 0.2523  Acc: 0.6735  F1: 0.2727
              precision    recall  f1-score   support

      Normal       0.98      0.66      0.79       136
  Sarcopenia       0.16      0.82      0.27        11

    accuracy                           0.67       147
   macro avg       0.57      0.74      0.53       147
weighted avg       0.92      0.67      0.75       147


───────────────────────────────────────────────────────
Test Set — Bootstrap CI
───────────────────────────────────────────────────────

  Bootstrap 95% CI — CrossAttn  (n_boot=2000)
  Metric         Estimate   95% CI Lower   95% CI Upper
  ----------------------------------------------------
  AUC-ROC          0.7809         0.6946         0.8575
  AUPRC            0.2938         0.1674         0.4692
  Brier            0.2656         0.2382         0.2922
  Accuracy         0.6507         0.5895         0.7118
  F1               0.3333         0.2222         0.4429
  [M2_2/raw] Saving figures ...

Saved (model 2_2 (raw, unmatched)):
  연구코드/results/0605/stage1_1e-05_epoch500/model_2_2\crop80\raw/data_distribution.png
  연구코드/results/0605/stage1_1e-05_epoch500/model_2_2\crop80\raw/cv_roc_curves.png
  연구코드/results/0605/stage1_1e-05_epoch500/model_2_2\crop80\raw/cv_metric_distribution.png
  연구코드/results/0605/stage1_1e-05_epoch500/model_2_2\crop80\raw/training_curves.png
  연구코드/results/0605/stage1_1e-05_epoch500/model_2_2\crop80\raw/test_roc_curves.png
  연구코드/results/0605/stage1_1e-05_epoch500/model_2_2\crop80\raw/test_roc_by_sex.png
  연구코드/results/0605/stage1_1e-05_epoch500/model_2_2\crop80\raw/confusion_matrices.png
  연구코드/results/0605/stage1_1e-05_epoch500/model_2_2\crop80\raw/calibration.png
  연구코드/results/0605/stage1_1e-05_epoch500/model_2_2\crop80\raw/results.md
  [M2_2/raw] Plotting attention maps ...
  연구코드/results/0605/stage1_1e-05_epoch500/model_2_2\crop80\raw/attention_map_c2a.png
  연구코드/results/0605/stage1_1e-05_epoch500/model_2_2\crop80\raw/attention_heatmap_c2a.png
  연구코드/results/0605/stage1_1e-05_epoch500/model_2_2\crop80\raw/attention_map_a2c.png
  연구코드/results/0605/stage1_1e-05_epoch500/model_2_2\crop80\raw/attention_heatmap_a2c.png
  [M2_2/raw] Plotting Grad-CAM ...
  연구코드/results/0605/stage1_1e-05_epoch500/model_2_2\crop80\raw/cam_aec_mean.png
  연구코드/results/0605/stage1_1e-05_epoch500/model_2_2\crop80\raw/cam_aec_lines.png
  연구코드/results/0605/stage1_1e-05_epoch500/model_2_2\crop80\raw/cam_aec_heatmap.png
  [M2_2/raw] Done.

############################################################
  [M2_2 std_scaled]  (scale_clinic=True, scale_aec=column)
############################################################
  [M2_2/std_scaled] Cross-validating CrossAttn ...
=======================================================
5-Fold CV  [CrossAttn | scale_clin=True, scale_aec=column]
=======================================================

── Fold 1/5 ──────────────────────────────
  CA   — AUC: 0.8417  AUPRC: 0.3417  Brier: 0.2808  Acc: 0.7213  F1: 0.4270  (best ep=56, thresh=0.588)

── Fold 2/5 ──────────────────────────────
  CA   — AUC: 0.8347  AUPRC: 0.4142  Brier: 0.2202  Acc: 0.8087  F1: 0.4776  (best ep=149, thresh=0.598)

── Fold 3/5 ──────────────────────────────
  CA   — AUC: 0.7808  AUPRC: 0.2760  Brier: 0.2698  Acc: 0.8142  F1: 0.4333  (best ep=361, thresh=0.746)

── Fold 4/5 ──────────────────────────────
  CA   — AUC: 0.7599  AUPRC: 0.3232  Brier: 0.2206  Acc: 0.6284  F1: 0.3333  (best ep=444, thresh=0.436)

── Fold 5/5 ──────────────────────────────
  CA   — AUC: 0.7778  AUPRC: 0.3618  Brier: 0.2385  Acc: 0.6538  F1: 0.3505  (best ep=160, thresh=0.497)

===========================================================================
CrossAttn  —  5-Fold CV Summary
===========================================================================
  Fold      AUC-ROC      AUPRC      Brier   Accuracy         F1
  ----------------------------------------------------------
  1          0.8417     0.3417     0.2808     0.7213     0.4270
  2          0.8347     0.4142     0.2202     0.8087     0.4776
  3          0.7808     0.2760     0.2698     0.8142     0.4333
  4          0.7599     0.3232     0.2206     0.6284     0.3333
  5          0.7778     0.3618     0.2385     0.6538     0.3505
  ──────────────────────────────────────────────────────────
  Mean       0.7990     0.3434     0.2460     0.7253     0.4044
  ±Std       0.0329     0.0454     0.0251     0.0766     0.0541
  [M2_2/std_scaled] Evaluating on test set (med_epoch=160, thresh=0.588) ...

=======================================================
CrossAttn Test Evaluation  (scale_clin=True, scale_aec=column, threshold=0.588)
=======================================================
CrossAttn — training final model for 160 epochs on full CV set …
  [CrossAttn] Model weights saved → 연구코드/results/0605/stage1_1e-05_epoch500/model_2_2\crop80\std_scaled\M2_2_std_scaled_weights.pt

CrossAttn — Test Set (Overall):
  AUC: 0.7892  AUPRC: 0.3120  Brier: 0.2613  Acc: 0.6900  F1: 0.3486

CrossAttn — Test Set (By Sex):
  [M] n=82  AUC: 0.7503  AUPRC: 0.3627  Brier: 0.2915  Acc: 0.6220  F1: 0.4151
              precision    recall  f1-score   support

      Normal       0.95      0.58      0.72        69
  Sarcopenia       0.28      0.85      0.42        13

    accuracy                           0.62        82
   macro avg       0.61      0.71      0.57        82
weighted avg       0.84      0.62      0.67        82

  [F] n=147  AUC: 0.7881  AUPRC: 0.3355  Brier: 0.2445  Acc: 0.7279  F1: 0.2857
              precision    recall  f1-score   support

      Normal       0.97      0.73      0.83       136
  Sarcopenia       0.18      0.73      0.29        11

    accuracy                           0.73       147
   macro avg       0.57      0.73      0.56       147
weighted avg       0.91      0.73      0.79       147


───────────────────────────────────────────────────────
Test Set — Bootstrap CI
───────────────────────────────────────────────────────

  Bootstrap 95% CI — CrossAttn  (n_boot=2000)
  Metric         Estimate   95% CI Lower   95% CI Upper
  ----------------------------------------------------
  AUC-ROC          0.7892         0.6967         0.8689
  AUPRC            0.3120         0.1868         0.4930
  Brier            0.2613         0.2347         0.2880
  Accuracy         0.6900         0.6288         0.7511
  F1               0.3486         0.2316         0.4603
  [M2_2/std_scaled] Saving figures ...

Saved (model 2_2 (std_scaled, unmatched)):
  연구코드/results/0605/stage1_1e-05_epoch500/model_2_2\crop80\std_scaled/data_distribution.png
  연구코드/results/0605/stage1_1e-05_epoch500/model_2_2\crop80\std_scaled/cv_roc_curves.png
  연구코드/results/0605/stage1_1e-05_epoch500/model_2_2\crop80\std_scaled/cv_metric_distribution.png
  연구코드/results/0605/stage1_1e-05_epoch500/model_2_2\crop80\std_scaled/training_curves.png
  연구코드/results/0605/stage1_1e-05_epoch500/model_2_2\crop80\std_scaled/test_roc_curves.png
  연구코드/results/0605/stage1_1e-05_epoch500/model_2_2\crop80\std_scaled/test_roc_by_sex.png
  연구코드/results/0605/stage1_1e-05_epoch500/model_2_2\crop80\std_scaled/confusion_matrices.png
  연구코드/results/0605/stage1_1e-05_epoch500/model_2_2\crop80\std_scaled/calibration.png
  연구코드/results/0605/stage1_1e-05_epoch500/model_2_2\crop80\std_scaled/results.md
  [M2_2/std_scaled] Plotting attention maps ...
  연구코드/results/0605/stage1_1e-05_epoch500/model_2_2\crop80\std_scaled/attention_map_c2a.png
  연구코드/results/0605/stage1_1e-05_epoch500/model_2_2\crop80\std_scaled/attention_heatmap_c2a.png
  연구코드/results/0605/stage1_1e-05_epoch500/model_2_2\crop80\std_scaled/attention_map_a2c.png
  연구코드/results/0605/stage1_1e-05_epoch500/model_2_2\crop80\std_scaled/attention_heatmap_a2c.png
  [M2_2/std_scaled] Plotting Grad-CAM ...
  연구코드/results/0605/stage1_1e-05_epoch500/model_2_2\crop80\std_scaled/cam_aec_mean.png
  연구코드/results/0605/stage1_1e-05_epoch500/model_2_2\crop80\std_scaled/cam_aec_lines.png
  연구코드/results/0605/stage1_1e-05_epoch500/model_2_2\crop80\std_scaled/cam_aec_heatmap.png
  [M2_2/std_scaled] Done.

############################################################
  [M2_2 norm]  (scale_clinic=True, scale_aec=none)
############################################################
  [M2_2/norm] Cross-validating CrossAttn ...
=======================================================
5-Fold CV  [CrossAttn | scale_clin=True, scale_aec=none]
=======================================================

── Fold 1/5 ──────────────────────────────
  CA   — AUC: 0.8046  AUPRC: 0.3688  Brier: 0.2498  Acc: 0.8197  F1: 0.4407  (best ep=127, thresh=0.690)

── Fold 2/5 ──────────────────────────────
  CA   — AUC: 0.8585  AUPRC: 0.5380  Brier: 0.2165  Acc: 0.7541  F1: 0.4304  (best ep=114, thresh=0.547)

── Fold 3/5 ──────────────────────────────
  CA   — AUC: 0.7542  AUPRC: 0.2784  Brier: 0.2659  Acc: 0.6776  F1: 0.3371  (best ep=307, thresh=0.572)

── Fold 4/5 ──────────────────────────────
  CA   — AUC: 0.7776  AUPRC: 0.3155  Brier: 0.2293  Acc: 0.7432  F1: 0.3896  (best ep=169, thresh=0.545)

── Fold 5/5 ──────────────────────────────
  CA   — AUC: 0.7998  AUPRC: 0.3635  Brier: 0.2435  Acc: 0.6868  F1: 0.3736  (best ep=75, thresh=0.570)

===========================================================================
CrossAttn  —  5-Fold CV Summary
===========================================================================
  Fold      AUC-ROC      AUPRC      Brier   Accuracy         F1
  ----------------------------------------------------------
  1          0.8046     0.3688     0.2498     0.8197     0.4407
  2          0.8585     0.5380     0.2165     0.7541     0.4304
  3          0.7542     0.2784     0.2659     0.6776     0.3371
  4          0.7776     0.3155     0.2293     0.7432     0.3896
  5          0.7998     0.3635     0.2435     0.6868     0.3736
  ──────────────────────────────────────────────────────────
  Mean       0.7989     0.3728     0.2410     0.7363     0.3943
  ±Std       0.0347     0.0890     0.0170     0.0514     0.0379
  [M2_2/norm] Evaluating on test set (med_epoch=127, thresh=0.570) ...

=======================================================
CrossAttn Test Evaluation  (scale_clin=True, scale_aec=none, threshold=0.570)
=======================================================
CrossAttn — training final model for 127 epochs on full CV set …
  [CrossAttn] Model weights saved → 연구코드/results/0605/stage1_1e-05_epoch500/model_2_2\crop80\norm\M2_2_norm_weights.pt

CrossAttn — Test Set (Overall):
  AUC: 0.8504  AUPRC: 0.3988  Brier: 0.2544  Acc: 0.6725  F1: 0.3802

CrossAttn — Test Set (By Sex):
  [M] n=82  AUC: 0.7882  AUPRC: 0.4381  Brier: 0.2946  Acc: 0.6220  F1: 0.4364
              precision    recall  f1-score   support

      Normal       0.97      0.57      0.72        69
  Sarcopenia       0.29      0.92      0.44        13

    accuracy                           0.62        82
   macro avg       0.63      0.74      0.58        82
weighted avg       0.87      0.62      0.67        82

  [F] n=147  AUC: 0.8723  AUPRC: 0.4042  Brier: 0.2320  Acc: 0.7007  F1: 0.3333
              precision    recall  f1-score   support

      Normal       1.00      0.68      0.81       136
  Sarcopenia       0.20      1.00      0.33        11

    accuracy                           0.70       147
   macro avg       0.60      0.84      0.57       147
weighted avg       0.94      0.70      0.77       147


───────────────────────────────────────────────────────
Test Set — Bootstrap CI
───────────────────────────────────────────────────────

  Bootstrap 95% CI — CrossAttn  (n_boot=2000)
  Metric         Estimate   95% CI Lower   95% CI Upper
  ----------------------------------------------------
  AUC-ROC          0.8504         0.7760         0.9116
  AUPRC            0.3988         0.2449         0.5949
  Brier            0.2544         0.2284         0.2801
  Accuracy         0.6725         0.6070         0.7380
  F1               0.3802         0.2636         0.4918
  [M2_2/norm] Saving figures ...

Saved (model 2_2 (norm, unmatched)):
  연구코드/results/0605/stage1_1e-05_epoch500/model_2_2\crop80\norm/data_distribution.png
  연구코드/results/0605/stage1_1e-05_epoch500/model_2_2\crop80\norm/cv_roc_curves.png
  연구코드/results/0605/stage1_1e-05_epoch500/model_2_2\crop80\norm/cv_metric_distribution.png
  연구코드/results/0605/stage1_1e-05_epoch500/model_2_2\crop80\norm/training_curves.png
  연구코드/results/0605/stage1_1e-05_epoch500/model_2_2\crop80\norm/test_roc_curves.png
  연구코드/results/0605/stage1_1e-05_epoch500/model_2_2\crop80\norm/test_roc_by_sex.png
  연구코드/results/0605/stage1_1e-05_epoch500/model_2_2\crop80\norm/confusion_matrices.png
  연구코드/results/0605/stage1_1e-05_epoch500/model_2_2\crop80\norm/calibration.png
  연구코드/results/0605/stage1_1e-05_epoch500/model_2_2\crop80\norm/results.md
  [M2_2/norm] Plotting attention maps ...
  연구코드/results/0605/stage1_1e-05_epoch500/model_2_2\crop80\norm/attention_map_c2a.png
  연구코드/results/0605/stage1_1e-05_epoch500/model_2_2\crop80\norm/attention_heatmap_c2a.png
  연구코드/results/0605/stage1_1e-05_epoch500/model_2_2\crop80\norm/attention_map_a2c.png
  연구코드/results/0605/stage1_1e-05_epoch500/model_2_2\crop80\norm/attention_heatmap_a2c.png
  [M2_2/norm] Plotting Grad-CAM ...
  연구코드/results/0605/stage1_1e-05_epoch500/model_2_2\crop80\norm/cam_aec_mean.png
  연구코드/results/0605/stage1_1e-05_epoch500/model_2_2\crop80\norm/cam_aec_lines.png
  연구코드/results/0605/stage1_1e-05_epoch500/model_2_2\crop80\norm/cam_aec_heatmap.png
  [M2_2/norm] Done.

############################################################
  [M2_2 global_zscore]  (scale_clinic=True, scale_aec=global)
############################################################
  [M2_2/global_zscore] Cross-validating CrossAttn ...
=======================================================
5-Fold CV  [CrossAttn | scale_clin=True, scale_aec=global]
=======================================================

── Fold 1/5 ──────────────────────────────
  CA   — AUC: 0.8095  AUPRC: 0.2963  Brier: 0.2950  Acc: 0.6612  F1: 0.3673  (best ep=22, thresh=0.573)

── Fold 2/5 ──────────────────────────────
  CA   — AUC: 0.7802  AUPRC: 0.3510  Brier: 0.2278  Acc: 0.7049  F1: 0.3571  (best ep=115, thresh=0.544)

── Fold 3/5 ──────────────────────────────
  CA   — AUC: 0.7635  AUPRC: 0.2447  Brier: 0.2780  Acc: 0.6230  F1: 0.3301  (best ep=115, thresh=0.548)

── Fold 4/5 ──────────────────────────────
  CA   — AUC: 0.7577  AUPRC: 0.3134  Brier: 0.2268  Acc: 0.6393  F1: 0.3400  (best ep=146, thresh=0.485)

── Fold 5/5 ──────────────────────────────
  CA   — AUC: 0.8127  AUPRC: 0.4156  Brier: 0.2416  Acc: 0.7253  F1: 0.4048  (best ep=160, thresh=0.582)

===========================================================================
CrossAttn  —  5-Fold CV Summary
===========================================================================
  Fold      AUC-ROC      AUPRC      Brier   Accuracy         F1
  ----------------------------------------------------------
  1          0.8095     0.2963     0.2950     0.6612     0.3673
  2          0.7802     0.3510     0.2278     0.7049     0.3571
  3          0.7635     0.2447     0.2780     0.6230     0.3301
  4          0.7577     0.3134     0.2268     0.6393     0.3400
  5          0.8127     0.4156     0.2416     0.7253     0.4048
  ──────────────────────────────────────────────────────────
  Mean       0.7847     0.3242     0.2538     0.6707     0.3599
  ±Std       0.0228     0.0571     0.0277     0.0387     0.0259
  [M2_2/global_zscore] Evaluating on test set (med_epoch=115, thresh=0.548) ...

=======================================================
CrossAttn Test Evaluation  (scale_clin=True, scale_aec=global, threshold=0.548)
=======================================================
CrossAttn — training final model for 115 epochs on full CV set …
  [CrossAttn] Model weights saved → 연구코드/results/0605/stage1_1e-05_epoch500/model_2_2\crop80\global_zscore\M2_2_global_zscore_weights.pt

CrossAttn — Test Set (Overall):
  AUC: 0.7789  AUPRC: 0.2973  Brier: 0.2648  Acc: 0.6114  F1: 0.3206

CrossAttn — Test Set (By Sex):
  [M] n=82  AUC: 0.7269  AUPRC: 0.3460  Brier: 0.2776  Acc: 0.6098  F1: 0.4074
              precision    recall  f1-score   support

      Normal       0.95      0.57      0.71        69
  Sarcopenia       0.27      0.85      0.41        13

    accuracy                           0.61        82
   macro avg       0.61      0.71      0.56        82
weighted avg       0.84      0.61      0.66        82

  [F] n=147  AUC: 0.8008  AUPRC: 0.3319  Brier: 0.2578  Acc: 0.6122  F1: 0.2597
              precision    recall  f1-score   support

      Normal       0.99      0.59      0.74       136
  Sarcopenia       0.15      0.91      0.26        11

    accuracy                           0.61       147
   macro avg       0.57      0.75      0.50       147
weighted avg       0.93      0.61      0.70       147


───────────────────────────────────────────────────────
Test Set — Bootstrap CI
───────────────────────────────────────────────────────

  Bootstrap 95% CI — CrossAttn  (n_boot=2000)
  Metric         Estimate   95% CI Lower   95% CI Upper
  ----------------------------------------------------
  AUC-ROC          0.7789         0.6849         0.8588
  AUPRC            0.2973         0.1718         0.4782
  Brier            0.2648         0.2387         0.2903
  Accuracy         0.6114         0.5502         0.6725
  F1               0.3206         0.2121         0.4314
  [M2_2/global_zscore] Saving figures ...

Saved (model 2_2 (global_zscore, unmatched)):
  연구코드/results/0605/stage1_1e-05_epoch500/model_2_2\crop80\global_zscore/data_distribution.png
  연구코드/results/0605/stage1_1e-05_epoch500/model_2_2\crop80\global_zscore/cv_roc_curves.png
  연구코드/results/0605/stage1_1e-05_epoch500/model_2_2\crop80\global_zscore/cv_metric_distribution.png
  연구코드/results/0605/stage1_1e-05_epoch500/model_2_2\crop80\global_zscore/training_curves.png
  연구코드/results/0605/stage1_1e-05_epoch500/model_2_2\crop80\global_zscore/test_roc_curves.png
  연구코드/results/0605/stage1_1e-05_epoch500/model_2_2\crop80\global_zscore/test_roc_by_sex.png
  연구코드/results/0605/stage1_1e-05_epoch500/model_2_2\crop80\global_zscore/confusion_matrices.png
  연구코드/results/0605/stage1_1e-05_epoch500/model_2_2\crop80\global_zscore/calibration.png
  연구코드/results/0605/stage1_1e-05_epoch500/model_2_2\crop80\global_zscore/results.md
  [M2_2/global_zscore] Plotting attention maps ...
  연구코드/results/0605/stage1_1e-05_epoch500/model_2_2\crop80\global_zscore/attention_map_c2a.png
  연구코드/results/0605/stage1_1e-05_epoch500/model_2_2\crop80\global_zscore/attention_heatmap_c2a.png
  연구코드/results/0605/stage1_1e-05_epoch500/model_2_2\crop80\global_zscore/attention_map_a2c.png
  연구코드/results/0605/stage1_1e-05_epoch500/model_2_2\crop80\global_zscore/attention_heatmap_a2c.png
  [M2_2/global_zscore] Plotting Grad-CAM ...
  연구코드/results/0605/stage1_1e-05_epoch500/model_2_2\crop80\global_zscore/cam_aec_mean.png
  연구코드/results/0605/stage1_1e-05_epoch500/model_2_2\crop80\global_zscore/cam_aec_lines.png
  연구코드/results/0605/stage1_1e-05_epoch500/model_2_2\crop80\global_zscore/cam_aec_heatmap.png
  [M2_2/global_zscore] Done.
