============================================================
  MODEL 4 — AEC Only (aec128)  (3 AEC variants)
============================================================

############################################################
  [M4 raw]  (scale_aec=none)
############################################################
  [M4/raw] Cross-validating AECOnly ...
=======================================================
5-Fold CV  [AECOnly | scale_aec=none]
=======================================================

── Fold 1/5 ──────────────────────────────
  AEC  — AUC: 0.6098  AUPRC: 0.1867  Brier: 0.3113  Acc: 0.5082  F1: 0.2500  (best ep=280, thresh=0.534)

── Fold 2/5 ──────────────────────────────
  AEC  — AUC: 0.7070  AUPRC: 0.2597  Brier: 0.2969  Acc: 0.4863  F1: 0.2769  (best ep=64, thresh=0.546)

── Fold 3/5 ──────────────────────────────
  AEC  — AUC: 0.7012  AUPRC: 0.2177  Brier: 0.3069  Acc: 0.6995  F1: 0.3373  (best ep=292, thresh=0.615)

── Fold 4/5 ──────────────────────────────
  AEC  — AUC: 0.6961  AUPRC: 0.2158  Brier: 0.2738  Acc: 0.6393  F1: 0.2979  (best ep=86, thresh=0.553)

── Fold 5/5 ──────────────────────────────
  AEC  — AUC: 0.6413  AUPRC: 0.1807  Brier: 0.2934  Acc: 0.7802  F1: 0.3333  (best ep=444, thresh=0.644)

===========================================================================
AECOnly  —  5-Fold CV Summary
===========================================================================
  Fold      AUC-ROC      AUPRC      Brier   Accuracy         F1
  ----------------------------------------------------------
  1          0.6098     0.1867     0.3113     0.5082     0.2500
  2          0.7070     0.2597     0.2969     0.4863     0.2769
  3          0.7012     0.2177     0.3069     0.6995     0.3373
  4          0.6961     0.2158     0.2738     0.6393     0.2979
  5          0.6413     0.1807     0.2934     0.7802     0.3333
  ──────────────────────────────────────────────────────────
  Mean       0.6711     0.2121     0.2965     0.6227     0.2991
  ±Std       0.0386     0.0281     0.0130     0.1120     0.0333
  [M4/raw] Evaluating on test set (med_epoch=280, thresh=0.553) ...

=======================================================
AECOnly Test Evaluation  [scale_aec=none | threshold=0.553]
=======================================================
AECOnly — training final model for 280 epochs on full CV set …
  [AECOnly] weights → 연구코드/results/0612_2/model_4\raw\M4_raw_weights.pt

AECOnly — Test Set (Overall):  AUC: 0.6006  AUPRC: 0.2166  Brier: 0.3071  Acc: 0.4760  F1: 0.2105

AECOnly — Test Set (By Sex):
  [M] n=82  AUC: 0.6087  AUPRC: 0.2296  Brier: 0.2848  Acc: 0.5610  F1: 0.3077
              precision    recall  f1-score   support

      Normal       0.88      0.55      0.68        69
  Sarcopenia       0.21      0.62      0.31        13

    accuracy                           0.56        82
   macro avg       0.54      0.58      0.49        82
weighted avg       0.78      0.56      0.62        82

  [F] n=147  AUC: 0.5976  AUPRC: 0.2764  Brier: 0.3196  Acc: 0.4286  F1: 0.1600
              precision    recall  f1-score   support

      Normal       0.95      0.40      0.57       136
  Sarcopenia       0.09      0.73      0.16        11

    accuracy                           0.43       147
   macro avg       0.52      0.57      0.36       147
weighted avg       0.88      0.43      0.54       147


───────────────────────────────────────────────────────
Test Set — Bootstrap CI
───────────────────────────────────────────────────────

  Bootstrap 95% CI — AECOnly  (n_boot=2000)
  Metric         Estimate   95% CI Lower   95% CI Upper
  ----------------------------------------------------
  AUC-ROC          0.6006         0.4708         0.7290
  AUPRC            0.2166         0.1081         0.3825
  Brier            0.3071         0.2950         0.3197
  Accuracy         0.4760         0.4105         0.5416
  F1               0.2105         0.1259         0.2987
  [M4/raw] Saving figures ...

Saved (model 4 (raw)):
  연구코드/results/0612_2/model_4\raw/label_distribution.png
  연구코드/results/0612_2/model_4\raw/cv_roc_curves.png
  연구코드/results/0612_2/model_4\raw/cv_metric_distribution.png
  연구코드/results/0612_2/model_4\raw/training_curves.png
  연구코드/results/0612_2/model_4\raw/test_roc_curves.png
  연구코드/results/0612_2/model_4\raw/test_roc_by_sex.png
  연구코드/results/0612_2/model_4\raw/confusion_matrices.png
  연구코드/results/0612_2/model_4\raw/calibration.png
  연구코드/results/0612_2/model_4\raw/results.md
  [M4/raw] Plotting Grad-CAM ...
  연구코드/results/0612_2/model_4\raw/cam_aec_mean.png
  연구코드/results/0612_2/model_4\raw/cam_aec_lines.png
  연구코드/results/0612_2/model_4\raw/cam_aec_heatmap.png
  [M4/raw] Done.

############################################################
  [M4 norm]  (scale_aec=none)
############################################################
  [M4/norm] Cross-validating AECOnly ...
=======================================================
5-Fold CV  [AECOnly | scale_aec=none]
=======================================================

── Fold 1/5 ──────────────────────────────
  AEC  — AUC: 0.6086  AUPRC: 0.1536  Brier: 0.2737  Acc: 0.6831  F1: 0.2927  (best ep=58, thresh=0.534)

── Fold 2/5 ──────────────────────────────
  AEC  — AUC: 0.5302  AUPRC: 0.1229  Brier: 0.3050  Acc: 0.7760  F1: 0.2264  (best ep=450, thresh=0.590)

── Fold 3/5 ──────────────────────────────
  AEC  — AUC: 0.6271  AUPRC: 0.1692  Brier: 0.3095  Acc: 0.5847  F1: 0.2549  (best ep=137, thresh=0.569)

── Fold 4/5 ──────────────────────────────
  AEC  — AUC: 0.5546  AUPRC: 0.1309  Brier: 0.2973  Acc: 0.4262  F1: 0.2336  (best ep=1, thresh=0.555)

── Fold 5/5 ──────────────────────────────
  AEC  — AUC: 0.5082  AUPRC: 0.1329  Brier: 0.3148  Acc: 0.8681  F1: 0.2000  (best ep=486, thresh=0.604)

===========================================================================
AECOnly  —  5-Fold CV Summary
===========================================================================
  Fold      AUC-ROC      AUPRC      Brier   Accuracy         F1
  ----------------------------------------------------------
  1          0.6086     0.1536     0.2737     0.6831     0.2927
  2          0.5302     0.1229     0.3050     0.7760     0.2264
  3          0.6271     0.1692     0.3095     0.5847     0.2549
  4          0.5546     0.1309     0.2973     0.4262     0.2336
  5          0.5082     0.1329     0.3148     0.8681     0.2000
  ──────────────────────────────────────────────────────────
  Mean       0.5657     0.1419     0.3001     0.6676     0.2415
  ±Std       0.0454     0.0170     0.0144     0.1532     0.0310
  [M4/norm] Evaluating on test set (med_epoch=137, thresh=0.569) ...

=======================================================
AECOnly Test Evaluation  [scale_aec=none | threshold=0.569]
=======================================================
AECOnly — training final model for 137 epochs on full CV set …
  [AECOnly] weights → 연구코드/results/0612_2/model_4\norm\M4_norm_weights.pt

AECOnly — Test Set (Overall):  AUC: 0.5386  AUPRC: 0.1193  Brier: 0.3015  Acc: 0.8210  F1: 0.0465

AECOnly — Test Set (By Sex):
  [M] n=82  AUC: 0.5842  AUPRC: 0.2085  Brier: 0.2952  Acc: 0.7683  F1: 0.0952
              precision    recall  f1-score   support

      Normal       0.84      0.90      0.87        69
  Sarcopenia       0.12      0.08      0.10        13

    accuracy                           0.77        82
   macro avg       0.48      0.49      0.48        82
weighted avg       0.72      0.77      0.74        82

  [F] n=147  AUC: 0.4439  AUPRC: 0.0699  Brier: 0.3051  Acc: 0.8503  F1: 0.0000
              precision    recall  f1-score   support

      Normal       0.92      0.92      0.92       136
  Sarcopenia       0.00      0.00      0.00        11

    accuracy                           0.85       147
   macro avg       0.46      0.46      0.46       147
weighted avg       0.85      0.85      0.85       147


───────────────────────────────────────────────────────
Test Set — Bootstrap CI
───────────────────────────────────────────────────────

  Bootstrap 95% CI — AECOnly  (n_boot=2000)
  Metric         Estimate   95% CI Lower   95% CI Upper
  ----------------------------------------------------
  AUC-ROC          0.5386         0.4215         0.6518
  AUPRC            0.1193         0.0756         0.1978
  Brier            0.3015         0.2964         0.3060
  Accuracy         0.8210         0.7686         0.8690
  F1               0.0465         0.0000         0.1463
  [M4/norm] Saving figures ...

Saved (model 4 (norm)):
  연구코드/results/0612_2/model_4\norm/label_distribution.png
  연구코드/results/0612_2/model_4\norm/cv_roc_curves.png
  연구코드/results/0612_2/model_4\norm/cv_metric_distribution.png
  연구코드/results/0612_2/model_4\norm/training_curves.png
  연구코드/results/0612_2/model_4\norm/test_roc_curves.png
  연구코드/results/0612_2/model_4\norm/test_roc_by_sex.png
  연구코드/results/0612_2/model_4\norm/confusion_matrices.png
  연구코드/results/0612_2/model_4\norm/calibration.png
  연구코드/results/0612_2/model_4\norm/results.md
  [M4/norm] Plotting Grad-CAM ...
  연구코드/results/0612_2/model_4\norm/cam_aec_mean.png
  연구코드/results/0612_2/model_4\norm/cam_aec_lines.png
  연구코드/results/0612_2/model_4\norm/cam_aec_heatmap.png
  [M4/norm] Done.

############################################################
  [M4 global_zscore]  (scale_aec=global)
############################################################
  [M4/global_zscore] Cross-validating AECOnly ...
=======================================================
5-Fold CV  [AECOnly | scale_aec=global]
=======================================================

── Fold 1/5 ──────────────────────────────
  AEC  — AUC: 0.5917  AUPRC: 0.1618  Brier: 0.2265  Acc: 0.3770  F1: 0.2500  (best ep=79, thresh=0.432)

── Fold 2/5 ──────────────────────────────
  AEC  — AUC: 0.6897  AUPRC: 0.2774  Brier: 0.2864  Acc: 0.5355  F1: 0.2857  (best ep=157, thresh=0.542)

── Fold 3/5 ──────────────────────────────
  AEC  — AUC: 0.6772  AUPRC: 0.1956  Brier: 0.2657  Acc: 0.7760  F1: 0.3692  (best ep=31, thresh=0.549)

── Fold 4/5 ──────────────────────────────
  AEC  — AUC: 0.6942  AUPRC: 0.2232  Brier: 0.2944  Acc: 0.6885  F1: 0.3133  (best ep=82, thresh=0.581)

── Fold 5/5 ──────────────────────────────
  AEC  — AUC: 0.6371  AUPRC: 0.1619  Brier: 0.2959  Acc: 0.7363  F1: 0.3143  (best ep=420, thresh=0.631)

===========================================================================
AECOnly  —  5-Fold CV Summary
===========================================================================
  Fold      AUC-ROC      AUPRC      Brier   Accuracy         F1
  ----------------------------------------------------------
  1          0.5917     0.1618     0.2265     0.3770     0.2500
  2          0.6897     0.2774     0.2864     0.5355     0.2857
  3          0.6772     0.1956     0.2657     0.7760     0.3692
  4          0.6942     0.2232     0.2944     0.6885     0.3133
  5          0.6371     0.1619     0.2959     0.7363     0.3143
  ──────────────────────────────────────────────────────────
  Mean       0.6580     0.2040     0.2738     0.6227     0.3065
  ±Std       0.0388     0.0433     0.0260     0.1474     0.0392
  [M4/global_zscore] Evaluating on test set (med_epoch=82, thresh=0.549) ...

=======================================================
AECOnly Test Evaluation  [scale_aec=global | threshold=0.549]
=======================================================
AECOnly — training final model for 82 epochs on full CV set …
  [AECOnly] weights → 연구코드/results/0612_2/model_4\global_zscore\M4_global_zscore_weights.pt

AECOnly — Test Set (Overall):  AUC: 0.5852  AUPRC: 0.1928  Brier: 0.2956  Acc: 0.4978  F1: 0.2069

AECOnly — Test Set (By Sex):
  [M] n=82  AUC: 0.6087  AUPRC: 0.2326  Brier: 0.2830  Acc: 0.5488  F1: 0.3019
              precision    recall  f1-score   support

      Normal       0.88      0.54      0.67        69
  Sarcopenia       0.20      0.62      0.30        13

    accuracy                           0.55        82
   macro avg       0.54      0.58      0.48        82
weighted avg       0.77      0.55      0.61        82

  [F] n=147  AUC: 0.5922  AUPRC: 0.2721  Brier: 0.3026  Acc: 0.4694  F1: 0.1522
              precision    recall  f1-score   support

      Normal       0.94      0.46      0.61       136
  Sarcopenia       0.09      0.64      0.15        11

    accuracy                           0.47       147
   macro avg       0.51      0.55      0.38       147
weighted avg       0.88      0.47      0.58       147


───────────────────────────────────────────────────────
Test Set — Bootstrap CI
───────────────────────────────────────────────────────

  Bootstrap 95% CI — AECOnly  (n_boot=2000)
  Metric         Estimate   95% CI Lower   95% CI Upper
  ----------------------------------------------------
  AUC-ROC          0.5852         0.4565         0.7081
  AUPRC            0.1928         0.0933         0.3357
  Brier            0.2956         0.2868         0.3042
  Accuracy         0.4978         0.4323         0.5633
  F1               0.2069         0.1231         0.2968
  [M4/global_zscore] Saving figures ...

Saved (model 4 (global_zscore)):
  연구코드/results/0612_2/model_4\global_zscore/label_distribution.png
  연구코드/results/0612_2/model_4\global_zscore/cv_roc_curves.png
  연구코드/results/0612_2/model_4\global_zscore/cv_metric_distribution.png
  연구코드/results/0612_2/model_4\global_zscore/training_curves.png
  연구코드/results/0612_2/model_4\global_zscore/test_roc_curves.png
  연구코드/results/0612_2/model_4\global_zscore/test_roc_by_sex.png
  연구코드/results/0612_2/model_4\global_zscore/confusion_matrices.png
  연구코드/results/0612_2/model_4\global_zscore/calibration.png
  연구코드/results/0612_2/model_4\global_zscore/results.md
  [M4/global_zscore] Plotting Grad-CAM ...
  연구코드/results/0612_2/model_4\global_zscore/cam_aec_mean.png
  연구코드/results/0612_2/model_4\global_zscore/cam_aec_lines.png
  연구코드/results/0612_2/model_4\global_zscore/cam_aec_heatmap.png
  [M4/global_zscore] Done.
