============================================================
  MODEL 2 — Clinic + AEC (aec103)  (4 AEC variants)
============================================================

############################################################
  [M2 raw]  (scale_clinic=True, scale_aec=none)
############################################################
  [M2/raw] Cross-validating CrossAttn ...
=======================================================
5-Fold CV  [CrossAttn | scale_clin=True, scale_aec=none]
=======================================================

── Fold 1/5 ──────────────────────────────
  CA   — AUC: 0.7969  AUPRC: 0.3508  Brier: 0.2678  Acc: 0.7432  F1: 0.4051  (best ep=448, thresh=0.625)

── Fold 2/5 ──────────────────────────────
  CA   — AUC: 0.8264  AUPRC: 0.4779  Brier: 0.2482  Acc: 0.7541  F1: 0.4156  (best ep=499, thresh=0.598)

── Fold 3/5 ──────────────────────────────
  CA   — AUC: 0.7699  AUPRC: 0.3624  Brier: 0.2836  Acc: 0.7978  F1: 0.3934  (best ep=418, thresh=0.720)

── Fold 4/5 ──────────────────────────────
  CA   — AUC: 0.8065  AUPRC: 0.3459  Brier: 0.2375  Acc: 0.6339  F1: 0.3495  (best ep=337, thresh=0.507)

── Fold 5/5 ──────────────────────────────
  CA   — AUC: 0.7746  AUPRC: 0.3564  Brier: 0.2715  Acc: 0.8297  F1: 0.4151  (best ep=466, thresh=0.664)

===========================================================================
CrossAttn  —  5-Fold CV Summary
===========================================================================
  Fold      AUC-ROC      AUPRC      Brier   Accuracy         F1
  ----------------------------------------------------------
  1          0.7969     0.3508     0.2678     0.7432     0.4051
  2          0.8264     0.4779     0.2482     0.7541     0.4156
  3          0.7699     0.3624     0.2836     0.7978     0.3934
  4          0.8065     0.3459     0.2375     0.6339     0.3495
  5          0.7746     0.3564     0.2715     0.8297     0.4151
  ──────────────────────────────────────────────────────────
  Mean       0.7949     0.3787     0.2617     0.7517     0.3957
  ±Std       0.0208     0.0499     0.0166     0.0666     0.0245
  [M2/raw] Evaluating on test set (med_epoch=448, thresh=0.625) ...

=======================================================
CrossAttn Test Evaluation  (scale_clin=True, scale_aec=none, threshold=0.625)
=======================================================
CrossAttn — training final model for 448 epochs on full CV set …
  [CrossAttn] Model weights saved → 연구코드/results/0605/stage3_1e-05_epoch500/model_2\crop80\raw\M2_raw_weights.pt

CrossAttn — Test Set (Overall):
  AUC: 0.7801  AUPRC: 0.2540  Brier: 0.2637  Acc: 0.7467  F1: 0.3696

CrossAttn — Test Set (By Sex):
  [M] n=82  AUC: 0.6990  AUPRC: 0.2753  Brier: 0.2892  Acc: 0.7073  F1: 0.4545
              precision    recall  f1-score   support

      Normal       0.94      0.70      0.80        69
  Sarcopenia       0.32      0.77      0.45        13

    accuracy                           0.71        82
   macro avg       0.63      0.73      0.63        82
weighted avg       0.84      0.71      0.75        82

  [F] n=147  AUC: 0.8322  AUPRC: 0.2956  Brier: 0.2496  Acc: 0.7687  F1: 0.2917
              precision    recall  f1-score   support

      Normal       0.96      0.78      0.86       136
  Sarcopenia       0.19      0.64      0.29        11

    accuracy                           0.77       147
   macro avg       0.58      0.71      0.58       147
weighted avg       0.91      0.77      0.82       147


───────────────────────────────────────────────────────
Test Set — Bootstrap CI
───────────────────────────────────────────────────────

  Bootstrap 95% CI — CrossAttn  (n_boot=2000)
  Metric         Estimate   95% CI Lower   95% CI Upper
  ----------------------------------------------------
  AUC-ROC          0.7801         0.6860         0.8646
  AUPRC            0.2540         0.1604         0.4226
  Brier            0.2637         0.2368         0.2886
  Accuracy         0.7467         0.6943         0.8035
  F1               0.3696         0.2469         0.4894
  [M2/raw] Saving figures ...

Saved (model 2 (raw)):
  연구코드/results/0605/stage3_1e-05_epoch500/model_2\crop80\raw/data_distribution.png
  연구코드/results/0605/stage3_1e-05_epoch500/model_2\crop80\raw/cv_roc_curves.png
  연구코드/results/0605/stage3_1e-05_epoch500/model_2\crop80\raw/cv_metric_distribution.png
  연구코드/results/0605/stage3_1e-05_epoch500/model_2\crop80\raw/training_curves.png
  연구코드/results/0605/stage3_1e-05_epoch500/model_2\crop80\raw/test_roc_curves.png
  연구코드/results/0605/stage3_1e-05_epoch500/model_2\crop80\raw/test_roc_by_sex.png
  연구코드/results/0605/stage3_1e-05_epoch500/model_2\crop80\raw/confusion_matrices.png
  연구코드/results/0605/stage3_1e-05_epoch500/model_2\crop80\raw/calibration.png
  연구코드/results/0605/stage3_1e-05_epoch500/model_2\crop80\raw/results.md
  [M2/raw] Plotting attention maps ...
  연구코드/results/0605/stage3_1e-05_epoch500/model_2\crop80\raw/attention_map_c2a.png
  연구코드/results/0605/stage3_1e-05_epoch500/model_2\crop80\raw/attention_heatmap_c2a.png
  연구코드/results/0605/stage3_1e-05_epoch500/model_2\crop80\raw/attention_map_a2c.png
  연구코드/results/0605/stage3_1e-05_epoch500/model_2\crop80\raw/attention_heatmap_a2c.png
  [M2/raw] Plotting Grad-CAM ...
  연구코드/results/0605/stage3_1e-05_epoch500/model_2\crop80\raw/cam_aec_mean.png
  연구코드/results/0605/stage3_1e-05_epoch500/model_2\crop80\raw/cam_aec_lines.png
  연구코드/results/0605/stage3_1e-05_epoch500/model_2\crop80\raw/cam_aec_heatmap.png
  [M2/raw] Done.

############################################################
  [M2 std_scaled]  (scale_clinic=True, scale_aec=column)
############################################################
  [M2/std_scaled] Cross-validating CrossAttn ...
=======================================================
5-Fold CV  [CrossAttn | scale_clin=True, scale_aec=column]
=======================================================

── Fold 1/5 ──────────────────────────────
  CA   — AUC: 0.8135  AUPRC: 0.3462  Brier: 0.2671  Acc: 0.6667  F1: 0.3838  (best ep=427, thresh=0.584)

── Fold 2/5 ──────────────────────────────
  CA   — AUC: 0.8723  AUPRC: 0.5361  Brier: 0.2466  Acc: 0.7049  F1: 0.4000  (best ep=495, thresh=0.549)

── Fold 3/5 ──────────────────────────────
  CA   — AUC: 0.7782  AUPRC: 0.3235  Brier: 0.2842  Acc: 0.7268  F1: 0.3750  (best ep=482, thresh=0.630)

── Fold 4/5 ──────────────────────────────
  CA   — AUC: 0.7782  AUPRC: 0.3225  Brier: 0.2422  Acc: 0.7705  F1: 0.4000  (best ep=273, thresh=0.631)

── Fold 5/5 ──────────────────────────────
  CA   — AUC: 0.8160  AUPRC: 0.3829  Brier: 0.2509  Acc: 0.8571  F1: 0.5000  (best ep=424, thresh=0.677)

===========================================================================
CrossAttn  —  5-Fold CV Summary
===========================================================================
  Fold      AUC-ROC      AUPRC      Brier   Accuracy         F1
  ----------------------------------------------------------
  1          0.8135     0.3462     0.2671     0.6667     0.3838
  2          0.8723     0.5361     0.2466     0.7049     0.4000
  3          0.7782     0.3235     0.2842     0.7268     0.3750
  4          0.7782     0.3225     0.2422     0.7705     0.4000
  5          0.8160     0.3829     0.2509     0.8571     0.5000
  ──────────────────────────────────────────────────────────
  Mean       0.8116     0.3822     0.2582     0.7452     0.4118
  ±Std       0.0344     0.0800     0.0155     0.0653     0.0452
  [M2/std_scaled] Evaluating on test set (med_epoch=427, thresh=0.630) ...

=======================================================
CrossAttn Test Evaluation  (scale_clin=True, scale_aec=column, threshold=0.630)
=======================================================
CrossAttn — training final model for 427 epochs on full CV set …
  [CrossAttn] Model weights saved → 연구코드/results/0605/stage3_1e-05_epoch500/model_2\crop80\std_scaled\M2_std_scaled_weights.pt

CrossAttn — Test Set (Overall):
  AUC: 0.7927  AUPRC: 0.2990  Brier: 0.2667  Acc: 0.7336  F1: 0.3711

CrossAttn — Test Set (By Sex):
  [M] n=82  AUC: 0.7168  AUPRC: 0.3551  Brier: 0.2992  Acc: 0.6951  F1: 0.4444
              precision    recall  f1-score   support

      Normal       0.94      0.68      0.79        69
  Sarcopenia       0.31      0.77      0.44        13

    accuracy                           0.70        82
   macro avg       0.63      0.73      0.62        82
weighted avg       0.84      0.70      0.74        82

  [F] n=147  AUC: 0.8389  AUPRC: 0.3155  Brier: 0.2485  Acc: 0.7551  F1: 0.3077
              precision    recall  f1-score   support

      Normal       0.97      0.76      0.85       136
  Sarcopenia       0.20      0.73      0.31        11

    accuracy                           0.76       147
   macro avg       0.58      0.74      0.58       147
weighted avg       0.91      0.76      0.81       147


───────────────────────────────────────────────────────
Test Set — Bootstrap CI
───────────────────────────────────────────────────────

  Bootstrap 95% CI — CrossAttn  (n_boot=2000)
  Metric         Estimate   95% CI Lower   95% CI Upper
  ----------------------------------------------------
  AUC-ROC          0.7927         0.7041         0.8700
  AUPRC            0.2990         0.1749         0.4702
  Brier            0.2667         0.2403         0.2918
  Accuracy         0.7336         0.6769         0.7904
  F1               0.3711         0.2453         0.4909
  [M2/std_scaled] Saving figures ...

Saved (model 2 (std_scaled)):
  연구코드/results/0605/stage3_1e-05_epoch500/model_2\crop80\std_scaled/data_distribution.png
  연구코드/results/0605/stage3_1e-05_epoch500/model_2\crop80\std_scaled/cv_roc_curves.png
  연구코드/results/0605/stage3_1e-05_epoch500/model_2\crop80\std_scaled/cv_metric_distribution.png
  연구코드/results/0605/stage3_1e-05_epoch500/model_2\crop80\std_scaled/training_curves.png
  연구코드/results/0605/stage3_1e-05_epoch500/model_2\crop80\std_scaled/test_roc_curves.png
  연구코드/results/0605/stage3_1e-05_epoch500/model_2\crop80\std_scaled/test_roc_by_sex.png
  연구코드/results/0605/stage3_1e-05_epoch500/model_2\crop80\std_scaled/confusion_matrices.png
  연구코드/results/0605/stage3_1e-05_epoch500/model_2\crop80\std_scaled/calibration.png
  연구코드/results/0605/stage3_1e-05_epoch500/model_2\crop80\std_scaled/results.md
  [M2/std_scaled] Plotting attention maps ...
  연구코드/results/0605/stage3_1e-05_epoch500/model_2\crop80\std_scaled/attention_map_c2a.png
  연구코드/results/0605/stage3_1e-05_epoch500/model_2\crop80\std_scaled/attention_heatmap_c2a.png
  연구코드/results/0605/stage3_1e-05_epoch500/model_2\crop80\std_scaled/attention_map_a2c.png
  연구코드/results/0605/stage3_1e-05_epoch500/model_2\crop80\std_scaled/attention_heatmap_a2c.png
  [M2/std_scaled] Plotting Grad-CAM ...
  연구코드/results/0605/stage3_1e-05_epoch500/model_2\crop80\std_scaled/cam_aec_mean.png
  연구코드/results/0605/stage3_1e-05_epoch500/model_2\crop80\std_scaled/cam_aec_lines.png
  연구코드/results/0605/stage3_1e-05_epoch500/model_2\crop80\std_scaled/cam_aec_heatmap.png
  [M2/std_scaled] Done.

############################################################
  [M2 norm]  (scale_clinic=True, scale_aec=none)
############################################################
  [M2/norm] Cross-validating CrossAttn ...
=======================================================
5-Fold CV  [CrossAttn | scale_clin=True, scale_aec=none]
=======================================================

── Fold 1/5 ──────────────────────────────
  CA   — AUC: 0.8485  AUPRC: 0.4221  Brier: 0.2792  Acc: 0.7814  F1: 0.4444  (best ep=172, thresh=0.616)

── Fold 2/5 ──────────────────────────────
  CA   — AUC: 0.8485  AUPRC: 0.5173  Brier: 0.2159  Acc: 0.7705  F1: 0.4474  (best ep=463, thresh=0.563)

── Fold 3/5 ──────────────────────────────
  CA   — AUC: 0.7484  AUPRC: 0.2709  Brier: 0.2713  Acc: 0.6448  F1: 0.3158  (best ep=283, thresh=0.547)

── Fold 4/5 ──────────────────────────────
  CA   — AUC: 0.7555  AUPRC: 0.3216  Brier: 0.2399  Acc: 0.6885  F1: 0.3596  (best ep=466, thresh=0.542)

── Fold 5/5 ──────────────────────────────
  CA   — AUC: 0.8005  AUPRC: 0.2991  Brier: 0.2569  Acc: 0.6813  F1: 0.3696  (best ep=22, thresh=0.514)

===========================================================================
CrossAttn  —  5-Fold CV Summary
===========================================================================
  Fold      AUC-ROC      AUPRC      Brier   Accuracy         F1
  ----------------------------------------------------------
  1          0.8485     0.4221     0.2792     0.7814     0.4444
  2          0.8485     0.5173     0.2159     0.7705     0.4474
  3          0.7484     0.2709     0.2713     0.6448     0.3158
  4          0.7555     0.3216     0.2399     0.6885     0.3596
  5          0.8005     0.2991     0.2569     0.6813     0.3696
  ──────────────────────────────────────────────────────────
  Mean       0.8003     0.3662     0.2526     0.7133     0.3873
  ±Std       0.0432     0.0911     0.0227     0.0534     0.0511
  [M2/norm] Evaluating on test set (med_epoch=283, thresh=0.547) ...

=======================================================
CrossAttn Test Evaluation  (scale_clin=True, scale_aec=none, threshold=0.547)
=======================================================
CrossAttn — training final model for 283 epochs on full CV set …
  [CrossAttn] Model weights saved → 연구코드/results/0605/stage3_1e-05_epoch500/model_2\crop80\norm\M2_norm_weights.pt

CrossAttn — Test Set (Overall):
  AUC: 0.7894  AUPRC: 0.2787  Brier: 0.2648  Acc: 0.6725  F1: 0.3802

CrossAttn — Test Set (By Sex):
  [M] n=82  AUC: 0.7046  AUPRC: 0.2807  Brier: 0.2916  Acc: 0.6463  F1: 0.4528
              precision    recall  f1-score   support

      Normal       0.98      0.59      0.74        69
  Sarcopenia       0.30      0.92      0.45        13

    accuracy                           0.65        82
   macro avg       0.64      0.76      0.60        82
weighted avg       0.87      0.65      0.69        82

  [F] n=147  AUC: 0.8496  AUPRC: 0.3623  Brier: 0.2498  Acc: 0.6871  F1: 0.3235
              precision    recall  f1-score   support

      Normal       1.00      0.66      0.80       136
  Sarcopenia       0.19      1.00      0.32        11

    accuracy                           0.69       147
   macro avg       0.60      0.83      0.56       147
weighted avg       0.94      0.69      0.76       147


───────────────────────────────────────────────────────
Test Set — Bootstrap CI
───────────────────────────────────────────────────────

  Bootstrap 95% CI — CrossAttn  (n_boot=2000)
  Metric         Estimate   95% CI Lower   95% CI Upper
  ----------------------------------------------------
  AUC-ROC          0.7894         0.7148         0.8576
  AUPRC            0.2787         0.1687         0.4645
  Brier            0.2648         0.2403         0.2883
  Accuracy         0.6725         0.6114         0.7380
  F1               0.3802         0.2641         0.4952
  [M2/norm] Saving figures ...

Saved (model 2 (norm)):
  연구코드/results/0605/stage3_1e-05_epoch500/model_2\crop80\norm/data_distribution.png
  연구코드/results/0605/stage3_1e-05_epoch500/model_2\crop80\norm/cv_roc_curves.png
  연구코드/results/0605/stage3_1e-05_epoch500/model_2\crop80\norm/cv_metric_distribution.png
  연구코드/results/0605/stage3_1e-05_epoch500/model_2\crop80\norm/training_curves.png
  연구코드/results/0605/stage3_1e-05_epoch500/model_2\crop80\norm/test_roc_curves.png
  연구코드/results/0605/stage3_1e-05_epoch500/model_2\crop80\norm/test_roc_by_sex.png
  연구코드/results/0605/stage3_1e-05_epoch500/model_2\crop80\norm/confusion_matrices.png
  연구코드/results/0605/stage3_1e-05_epoch500/model_2\crop80\norm/calibration.png
  연구코드/results/0605/stage3_1e-05_epoch500/model_2\crop80\norm/results.md
  [M2/norm] Plotting attention maps ...
  연구코드/results/0605/stage3_1e-05_epoch500/model_2\crop80\norm/attention_map_c2a.png
  연구코드/results/0605/stage3_1e-05_epoch500/model_2\crop80\norm/attention_heatmap_c2a.png
  연구코드/results/0605/stage3_1e-05_epoch500/model_2\crop80\norm/attention_map_a2c.png
  연구코드/results/0605/stage3_1e-05_epoch500/model_2\crop80\norm/attention_heatmap_a2c.png
  [M2/norm] Plotting Grad-CAM ...
  연구코드/results/0605/stage3_1e-05_epoch500/model_2\crop80\norm/cam_aec_mean.png
  연구코드/results/0605/stage3_1e-05_epoch500/model_2\crop80\norm/cam_aec_lines.png
  연구코드/results/0605/stage3_1e-05_epoch500/model_2\crop80\norm/cam_aec_heatmap.png
  [M2/norm] Done.

############################################################
  [M2 global_zscore]  (scale_clinic=True, scale_aec=global)
############################################################
  [M2/global_zscore] Cross-validating CrossAttn ...
=======================================================
5-Fold CV  [CrossAttn | scale_clin=True, scale_aec=global]
=======================================================

── Fold 1/5 ──────────────────────────────
  CA   — AUC: 0.8064  AUPRC: 0.3225  Brier: 0.2678  Acc: 0.6885  F1: 0.3736  (best ep=471, thresh=0.589)

── Fold 2/5 ──────────────────────────────
  CA   — AUC: 0.8148  AUPRC: 0.4864  Brier: 0.2422  Acc: 0.7650  F1: 0.4267  (best ep=464, thresh=0.592)

── Fold 3/5 ──────────────────────────────
  CA   — AUC: 0.7924  AUPRC: 0.4289  Brier: 0.2808  Acc: 0.8361  F1: 0.4643  (best ep=220, thresh=0.706)

── Fold 4/5 ──────────────────────────────
  CA   — AUC: 0.7750  AUPRC: 0.3318  Brier: 0.2436  Acc: 0.6995  F1: 0.3678  (best ep=400, thresh=0.562)

── Fold 5/5 ──────────────────────────────
  CA   — AUC: 0.7727  AUPRC: 0.3775  Brier: 0.2603  Acc: 0.7253  F1: 0.3590  (best ep=451, thresh=0.603)

===========================================================================
CrossAttn  —  5-Fold CV Summary
===========================================================================
  Fold      AUC-ROC      AUPRC      Brier   Accuracy         F1
  ----------------------------------------------------------
  1          0.8064     0.3225     0.2678     0.6885     0.3736
  2          0.8148     0.4864     0.2422     0.7650     0.4267
  3          0.7924     0.4289     0.2808     0.8361     0.4643
  4          0.7750     0.3318     0.2436     0.6995     0.3678
  5          0.7727     0.3775     0.2603     0.7253     0.3590
  ──────────────────────────────────────────────────────────
  Mean       0.7923     0.3894     0.2589     0.7429     0.3983
  ±Std       0.0167     0.0615     0.0147     0.0535     0.0406
  [M2/global_zscore] Evaluating on test set (med_epoch=451, thresh=0.592) ...

=======================================================
CrossAttn Test Evaluation  (scale_clin=True, scale_aec=global, threshold=0.592)
=======================================================
CrossAttn — training final model for 451 epochs on full CV set …
  [CrossAttn] Model weights saved → 연구코드/results/0605/stage3_1e-05_epoch500/model_2\crop80\global_zscore\M2_global_zscore_weights.pt

CrossAttn — Test Set (Overall):
  AUC: 0.7795  AUPRC: 0.2810  Brier: 0.2611  Acc: 0.6900  F1: 0.3238

CrossAttn — Test Set (By Sex):
  [M] n=82  AUC: 0.7313  AUPRC: 0.3508  Brier: 0.2933  Acc: 0.6463  F1: 0.4082
              precision    recall  f1-score   support

      Normal       0.93      0.62      0.75        69
  Sarcopenia       0.28      0.77      0.41        13

    accuracy                           0.65        82
   macro avg       0.61      0.70      0.58        82
weighted avg       0.83      0.65      0.69        82

  [F] n=147  AUC: 0.7934  AUPRC: 0.2127  Brier: 0.2431  Acc: 0.7143  F1: 0.2500
              precision    recall  f1-score   support

      Normal       0.96      0.72      0.82       136
  Sarcopenia       0.16      0.64      0.25        11

    accuracy                           0.71       147
   macro avg       0.56      0.68      0.54       147
weighted avg       0.90      0.71      0.78       147


───────────────────────────────────────────────────────
Test Set — Bootstrap CI
───────────────────────────────────────────────────────

  Bootstrap 95% CI — CrossAttn  (n_boot=2000)
  Metric         Estimate   95% CI Lower   95% CI Upper
  ----------------------------------------------------
  AUC-ROC          0.7795         0.6941         0.8604
  AUPRC            0.2810         0.1658         0.4544
  Brier            0.2611         0.2351         0.2854
  Accuracy         0.6900         0.6332         0.7511
  F1               0.3238         0.2083         0.4386
  [M2/global_zscore] Saving figures ...

Saved (model 2 (global_zscore)):
  연구코드/results/0605/stage3_1e-05_epoch500/model_2\crop80\global_zscore/data_distribution.png
  연구코드/results/0605/stage3_1e-05_epoch500/model_2\crop80\global_zscore/cv_roc_curves.png
  연구코드/results/0605/stage3_1e-05_epoch500/model_2\crop80\global_zscore/cv_metric_distribution.png
  연구코드/results/0605/stage3_1e-05_epoch500/model_2\crop80\global_zscore/training_curves.png
  연구코드/results/0605/stage3_1e-05_epoch500/model_2\crop80\global_zscore/test_roc_curves.png
  연구코드/results/0605/stage3_1e-05_epoch500/model_2\crop80\global_zscore/test_roc_by_sex.png
  연구코드/results/0605/stage3_1e-05_epoch500/model_2\crop80\global_zscore/confusion_matrices.png
  연구코드/results/0605/stage3_1e-05_epoch500/model_2\crop80\global_zscore/calibration.png
  연구코드/results/0605/stage3_1e-05_epoch500/model_2\crop80\global_zscore/results.md
  [M2/global_zscore] Plotting attention maps ...
  연구코드/results/0605/stage3_1e-05_epoch500/model_2\crop80\global_zscore/attention_map_c2a.png
  연구코드/results/0605/stage3_1e-05_epoch500/model_2\crop80\global_zscore/attention_heatmap_c2a.png
  연구코드/results/0605/stage3_1e-05_epoch500/model_2\crop80\global_zscore/attention_map_a2c.png
  연구코드/results/0605/stage3_1e-05_epoch500/model_2\crop80\global_zscore/attention_heatmap_a2c.png
  [M2/global_zscore] Plotting Grad-CAM ...
  연구코드/results/0605/stage3_1e-05_epoch500/model_2\crop80\global_zscore/cam_aec_mean.png
  연구코드/results/0605/stage3_1e-05_epoch500/model_2\crop80\global_zscore/cam_aec_lines.png
  연구코드/results/0605/stage3_1e-05_epoch500/model_2\crop80\global_zscore/cam_aec_heatmap.png
  [M2/global_zscore] Done.
