============================================================
  MODEL 2 — Clinic + AEC (aec128)  (4 AEC variants)
============================================================

############################################################
  [M2 raw]  (scale_clinic=True, scale_aec=none)
############################################################
  [M2/raw] Cross-validating CrossAttn ...
=======================================================
5-Fold CV  [CrossAttn | scale_clin=True, scale_aec=none]
=======================================================

── Fold 1/5 ──────────────────────────────
  CA   — AUC: 0.8095  AUPRC: 0.3631  Brier: 0.2635  Acc: 0.8251  F1: 0.4483  (best ep=490, thresh=0.664)

── Fold 2/5 ──────────────────────────────
  CA   — AUC: 0.8402  AUPRC: 0.5295  Brier: 0.2500  Acc: 0.8525  F1: 0.5091  (best ep=394, thresh=0.623)

── Fold 3/5 ──────────────────────────────
  CA   — AUC: 0.7808  AUPRC: 0.3230  Brier: 0.2745  Acc: 0.7650  F1: 0.3768  (best ep=499, thresh=0.658)

── Fold 4/5 ──────────────────────────────
  CA   — AUC: 0.7991  AUPRC: 0.3615  Brier: 0.2408  Acc: 0.6721  F1: 0.3750  (best ep=471, thresh=0.532)

── Fold 5/5 ──────────────────────────────
  CA   — AUC: 0.8130  AUPRC: 0.3898  Brier: 0.2498  Acc: 0.7198  F1: 0.3855  (best ep=450, thresh=0.583)

===========================================================================
CrossAttn  —  5-Fold CV Summary
===========================================================================
  Fold      AUC-ROC      AUPRC      Brier   Accuracy         F1
  ----------------------------------------------------------
  1          0.8095     0.3631     0.2635     0.8251     0.4483
  2          0.8402     0.5295     0.2500     0.8525     0.5091
  3          0.7808     0.3230     0.2745     0.7650     0.3768
  4          0.7991     0.3615     0.2408     0.6721     0.3750
  5          0.8130     0.3898     0.2498     0.7198     0.3855
  ──────────────────────────────────────────────────────────
  Mean       0.8085     0.3934     0.2557     0.7669     0.4189
  ±Std       0.0194     0.0713     0.0119     0.0662     0.0526
  [M2/raw] Evaluating on test set (med_epoch=471, thresh=0.623) ...

=======================================================
CrossAttn Test Evaluation  (scale_clin=True, scale_aec=none, threshold=0.623)
=======================================================
CrossAttn — training final model for 471 epochs on full CV set …
  [CrossAttn] Model weights saved → 연구코드/results/0605/stage2_1e-05_epoch500/model_2\raw128\raw\M2_raw_weights.pt

CrossAttn — Test Set (Overall):
  AUC: 0.7882  AUPRC: 0.2876  Brier: 0.2569  Acc: 0.7380  F1: 0.3617

CrossAttn — Test Set (By Sex):
  [M] n=82  AUC: 0.7235  AUPRC: 0.3433  Brier: 0.2989  Acc: 0.6707  F1: 0.4490
              precision    recall  f1-score   support

      Normal       0.96      0.64      0.77        69
  Sarcopenia       0.31      0.85      0.45        13

    accuracy                           0.67        82
   macro avg       0.63      0.74      0.61        82
weighted avg       0.85      0.67      0.72        82

  [F] n=147  AUC: 0.8275  AUPRC: 0.2466  Brier: 0.2334  Acc: 0.7755  F1: 0.2667
              precision    recall  f1-score   support

      Normal       0.96      0.79      0.87       136
  Sarcopenia       0.18      0.55      0.27        11

    accuracy                           0.78       147
   macro avg       0.57      0.67      0.57       147
weighted avg       0.90      0.78      0.82       147


───────────────────────────────────────────────────────
Test Set — Bootstrap CI
───────────────────────────────────────────────────────

  Bootstrap 95% CI — CrossAttn  (n_boot=2000)
  Metric         Estimate   95% CI Lower   95% CI Upper
  ----------------------------------------------------
  AUC-ROC          0.7882         0.6872         0.8709
  AUPRC            0.2876         0.1705         0.4440
  Brier            0.2569         0.2294         0.2827
  Accuracy         0.7380         0.6812         0.7948
  F1               0.3617         0.2326         0.4842
  [M2/raw] Saving figures ...

Saved (model 2 (raw)):
  연구코드/results/0605/stage2_1e-05_epoch500/model_2\raw128\raw/data_distribution.png
  연구코드/results/0605/stage2_1e-05_epoch500/model_2\raw128\raw/cv_roc_curves.png
  연구코드/results/0605/stage2_1e-05_epoch500/model_2\raw128\raw/cv_metric_distribution.png
  연구코드/results/0605/stage2_1e-05_epoch500/model_2\raw128\raw/training_curves.png
  연구코드/results/0605/stage2_1e-05_epoch500/model_2\raw128\raw/test_roc_curves.png
  연구코드/results/0605/stage2_1e-05_epoch500/model_2\raw128\raw/test_roc_by_sex.png
  연구코드/results/0605/stage2_1e-05_epoch500/model_2\raw128\raw/confusion_matrices.png
  연구코드/results/0605/stage2_1e-05_epoch500/model_2\raw128\raw/calibration.png
  연구코드/results/0605/stage2_1e-05_epoch500/model_2\raw128\raw/results.md
  [M2/raw] Plotting attention maps ...
  연구코드/results/0605/stage2_1e-05_epoch500/model_2\raw128\raw/attention_map_c2a.png
  연구코드/results/0605/stage2_1e-05_epoch500/model_2\raw128\raw/attention_heatmap_c2a.png
  연구코드/results/0605/stage2_1e-05_epoch500/model_2\raw128\raw/attention_map_a2c.png
  연구코드/results/0605/stage2_1e-05_epoch500/model_2\raw128\raw/attention_heatmap_a2c.png
  [M2/raw] Plotting Grad-CAM ...
  연구코드/results/0605/stage2_1e-05_epoch500/model_2\raw128\raw/cam_aec_mean.png
  연구코드/results/0605/stage2_1e-05_epoch500/model_2\raw128\raw/cam_aec_lines.png
  연구코드/results/0605/stage2_1e-05_epoch500/model_2\raw128\raw/cam_aec_heatmap.png
  [M2/raw] Done.

############################################################
  [M2 std_scaled]  (scale_clinic=True, scale_aec=column)
############################################################
  [M2/std_scaled] Cross-validating CrossAttn ...
=======================================================
5-Fold CV  [CrossAttn | scale_clin=True, scale_aec=column]
=======================================================

── Fold 1/5 ──────────────────────────────
  CA   — AUC: 0.8083  AUPRC: 0.3487  Brier: 0.2715  Acc: 0.6175  F1: 0.3519  (best ep=393, thresh=0.548)

── Fold 2/5 ──────────────────────────────
  CA   — AUC: 0.8745  AUPRC: 0.5379  Brier: 0.2300  Acc: 0.8033  F1: 0.4857  (best ep=406, thresh=0.598)

── Fold 3/5 ──────────────────────────────
  CA   — AUC: 0.7782  AUPRC: 0.3825  Brier: 0.2824  Acc: 0.8033  F1: 0.4000  (best ep=358, thresh=0.682)

── Fold 4/5 ──────────────────────────────
  CA   — AUC: 0.7689  AUPRC: 0.3294  Brier: 0.2533  Acc: 0.6339  F1: 0.3366  (best ep=215, thresh=0.535)

── Fold 5/5 ──────────────────────────────
  CA   — AUC: 0.8056  AUPRC: 0.3601  Brier: 0.2409  Acc: 0.7088  F1: 0.3765  (best ep=421, thresh=0.557)

===========================================================================
CrossAttn  —  5-Fold CV Summary
===========================================================================
  Fold      AUC-ROC      AUPRC      Brier   Accuracy         F1
  ----------------------------------------------------------
  1          0.8083     0.3487     0.2715     0.6175     0.3519
  2          0.8745     0.5379     0.2300     0.8033     0.4857
  3          0.7782     0.3825     0.2824     0.8033     0.4000
  4          0.7689     0.3294     0.2533     0.6339     0.3366
  5          0.8056     0.3601     0.2409     0.7088     0.3765
  ──────────────────────────────────────────────────────────
  Mean       0.8071     0.3917     0.2556     0.7133     0.3901
  ±Std       0.0370     0.0751     0.0192     0.0796     0.0524
  [M2/std_scaled] Evaluating on test set (med_epoch=393, thresh=0.557) ...

=======================================================
CrossAttn Test Evaluation  (scale_clin=True, scale_aec=column, threshold=0.557)
=======================================================
CrossAttn — training final model for 393 epochs on full CV set …
  [CrossAttn] Model weights saved → 연구코드/results/0605/stage2_1e-05_epoch500/model_2\raw128\std_scaled\M2_std_scaled_weights.pt

CrossAttn — Test Set (Overall):
  AUC: 0.7807  AUPRC: 0.2923  Brier: 0.2656  Acc: 0.6507  F1: 0.3103

CrossAttn — Test Set (By Sex):
  [M] n=82  AUC: 0.7079  AUPRC: 0.3427  Brier: 0.3153  Acc: 0.5732  F1: 0.3860
              precision    recall  f1-score   support

      Normal       0.95      0.52      0.67        69
  Sarcopenia       0.25      0.85      0.39        13

    accuracy                           0.57        82
   macro avg       0.60      0.68      0.53        82
weighted avg       0.84      0.57      0.63        82

  [F] n=147  AUC: 0.8048  AUPRC: 0.3315  Brier: 0.2380  Acc: 0.6939  F1: 0.2373
              precision    recall  f1-score   support

      Normal       0.96      0.70      0.81       136
  Sarcopenia       0.15      0.64      0.24        11

    accuracy                           0.69       147
   macro avg       0.55      0.67      0.52       147
weighted avg       0.90      0.69      0.77       147


───────────────────────────────────────────────────────
Test Set — Bootstrap CI
───────────────────────────────────────────────────────

  Bootstrap 95% CI — CrossAttn  (n_boot=2000)
  Metric         Estimate   95% CI Lower   95% CI Upper
  ----------------------------------------------------
  AUC-ROC          0.7807         0.6961         0.8601
  AUPRC            0.2923         0.1703         0.4743
  Brier            0.2656         0.2408         0.2883
  Accuracy         0.6507         0.5895         0.7162
  F1               0.3103         0.2018         0.4194
  [M2/std_scaled] Saving figures ...

Saved (model 2 (std_scaled)):
  연구코드/results/0605/stage2_1e-05_epoch500/model_2\raw128\std_scaled/data_distribution.png
  연구코드/results/0605/stage2_1e-05_epoch500/model_2\raw128\std_scaled/cv_roc_curves.png
  연구코드/results/0605/stage2_1e-05_epoch500/model_2\raw128\std_scaled/cv_metric_distribution.png
  연구코드/results/0605/stage2_1e-05_epoch500/model_2\raw128\std_scaled/training_curves.png
  연구코드/results/0605/stage2_1e-05_epoch500/model_2\raw128\std_scaled/test_roc_curves.png
  연구코드/results/0605/stage2_1e-05_epoch500/model_2\raw128\std_scaled/test_roc_by_sex.png
  연구코드/results/0605/stage2_1e-05_epoch500/model_2\raw128\std_scaled/confusion_matrices.png
  연구코드/results/0605/stage2_1e-05_epoch500/model_2\raw128\std_scaled/calibration.png
  연구코드/results/0605/stage2_1e-05_epoch500/model_2\raw128\std_scaled/results.md
  [M2/std_scaled] Plotting attention maps ...
  연구코드/results/0605/stage2_1e-05_epoch500/model_2\raw128\std_scaled/attention_map_c2a.png
  연구코드/results/0605/stage2_1e-05_epoch500/model_2\raw128\std_scaled/attention_heatmap_c2a.png
  연구코드/results/0605/stage2_1e-05_epoch500/model_2\raw128\std_scaled/attention_map_a2c.png
  연구코드/results/0605/stage2_1e-05_epoch500/model_2\raw128\std_scaled/attention_heatmap_a2c.png
  [M2/std_scaled] Plotting Grad-CAM ...
  연구코드/results/0605/stage2_1e-05_epoch500/model_2\raw128\std_scaled/cam_aec_mean.png
  연구코드/results/0605/stage2_1e-05_epoch500/model_2\raw128\std_scaled/cam_aec_lines.png
  연구코드/results/0605/stage2_1e-05_epoch500/model_2\raw128\std_scaled/cam_aec_heatmap.png
  [M2/std_scaled] Done.

############################################################
  [M2 norm]  (scale_clinic=True, scale_aec=none)
############################################################
  [M2/norm] Cross-validating CrossAttn ...
=======================================================
5-Fold CV  [CrossAttn | scale_clin=True, scale_aec=none]
=======================================================

── Fold 1/5 ──────────────────────────────
  CA   — AUC: 0.8387  AUPRC: 0.3614  Brier: 0.2670  Acc: 0.7650  F1: 0.4267  (best ep=183, thresh=0.622)

── Fold 2/5 ──────────────────────────────
  CA   — AUC: 0.8607  AUPRC: 0.5422  Brier: 0.2184  Acc: 0.9016  F1: 0.5909  (best ep=273, thresh=0.693)

── Fold 3/5 ──────────────────────────────
  CA   — AUC: 0.7776  AUPRC: 0.3344  Brier: 0.2728  Acc: 0.8087  F1: 0.4068  (best ep=348, thresh=0.708)

── Fold 4/5 ──────────────────────────────
  CA   — AUC: 0.7827  AUPRC: 0.3591  Brier: 0.2344  Acc: 0.7541  F1: 0.4156  (best ep=432, thresh=0.571)

── Fold 5/5 ──────────────────────────────
  CA   — AUC: 0.8163  AUPRC: 0.4121  Brier: 0.2453  Acc: 0.7418  F1: 0.4051  (best ep=214, thresh=0.617)

===========================================================================
CrossAttn  —  5-Fold CV Summary
===========================================================================
  Fold      AUC-ROC      AUPRC      Brier   Accuracy         F1
  ----------------------------------------------------------
  1          0.8387     0.3614     0.2670     0.7650     0.4267
  2          0.8607     0.5422     0.2184     0.9016     0.5909
  3          0.7776     0.3344     0.2728     0.8087     0.4068
  4          0.7827     0.3591     0.2344     0.7541     0.4156
  5          0.8163     0.4121     0.2453     0.7418     0.4051
  ──────────────────────────────────────────────────────────
  Mean       0.8152     0.4018     0.2476     0.7943     0.4490
  ±Std       0.0319     0.0746     0.0202     0.0582     0.0714
  [M2/norm] Evaluating on test set (med_epoch=273, thresh=0.622) ...

=======================================================
CrossAttn Test Evaluation  (scale_clin=True, scale_aec=none, threshold=0.622)
=======================================================
CrossAttn — training final model for 273 epochs on full CV set …
  [CrossAttn] Model weights saved → 연구코드/results/0605/stage2_1e-05_epoch500/model_2\raw128\norm\M2_norm_weights.pt

CrossAttn — Test Set (Overall):
  AUC: 0.8195  AUPRC: 0.3314  Brier: 0.2622  Acc: 0.7074  F1: 0.3495

CrossAttn — Test Set (By Sex):
  [M] n=82  AUC: 0.7302  AUPRC: 0.3001  Brier: 0.3041  Acc: 0.6098  F1: 0.4074
              precision    recall  f1-score   support

      Normal       0.95      0.57      0.71        69
  Sarcopenia       0.27      0.85      0.41        13

    accuracy                           0.61        82
   macro avg       0.61      0.71      0.56        82
weighted avg       0.84      0.61      0.66        82

  [F] n=147  AUC: 0.8636  AUPRC: 0.3677  Brier: 0.2389  Acc: 0.7619  F1: 0.2857
              precision    recall  f1-score   support

      Normal       0.96      0.77      0.86       136
  Sarcopenia       0.18      0.64      0.29        11

    accuracy                           0.76       147
   macro avg       0.57      0.70      0.57       147
weighted avg       0.91      0.76      0.81       147


───────────────────────────────────────────────────────
Test Set — Bootstrap CI
───────────────────────────────────────────────────────

  Bootstrap 95% CI — CrossAttn  (n_boot=2000)
  Metric         Estimate   95% CI Lower   95% CI Upper
  ----------------------------------------------------
  AUC-ROC          0.8195         0.7402         0.8871
  AUPRC            0.3314         0.1974         0.5151
  Brier            0.2622         0.2356         0.2873
  Accuracy         0.7074         0.6549         0.7686
  F1               0.3495         0.2292         0.4688
  [M2/norm] Saving figures ...

Saved (model 2 (norm)):
  연구코드/results/0605/stage2_1e-05_epoch500/model_2\raw128\norm/data_distribution.png
  연구코드/results/0605/stage2_1e-05_epoch500/model_2\raw128\norm/cv_roc_curves.png
  연구코드/results/0605/stage2_1e-05_epoch500/model_2\raw128\norm/cv_metric_distribution.png
  연구코드/results/0605/stage2_1e-05_epoch500/model_2\raw128\norm/training_curves.png
  연구코드/results/0605/stage2_1e-05_epoch500/model_2\raw128\norm/test_roc_curves.png
  연구코드/results/0605/stage2_1e-05_epoch500/model_2\raw128\norm/test_roc_by_sex.png
  연구코드/results/0605/stage2_1e-05_epoch500/model_2\raw128\norm/confusion_matrices.png
  연구코드/results/0605/stage2_1e-05_epoch500/model_2\raw128\norm/calibration.png
  연구코드/results/0605/stage2_1e-05_epoch500/model_2\raw128\norm/results.md
  [M2/norm] Plotting attention maps ...
  연구코드/results/0605/stage2_1e-05_epoch500/model_2\raw128\norm/attention_map_c2a.png
  연구코드/results/0605/stage2_1e-05_epoch500/model_2\raw128\norm/attention_heatmap_c2a.png
  연구코드/results/0605/stage2_1e-05_epoch500/model_2\raw128\norm/attention_map_a2c.png
  연구코드/results/0605/stage2_1e-05_epoch500/model_2\raw128\norm/attention_heatmap_a2c.png
  [M2/norm] Plotting Grad-CAM ...
  연구코드/results/0605/stage2_1e-05_epoch500/model_2\raw128\norm/cam_aec_mean.png
  연구코드/results/0605/stage2_1e-05_epoch500/model_2\raw128\norm/cam_aec_lines.png
  연구코드/results/0605/stage2_1e-05_epoch500/model_2\raw128\norm/cam_aec_heatmap.png
  [M2/norm] Done.

############################################################
  [M2 global_zscore]  (scale_clinic=True, scale_aec=global)
############################################################
  [M2/global_zscore] Cross-validating CrossAttn ...
=======================================================
5-Fold CV  [CrossAttn | scale_clin=True, scale_aec=global]
=======================================================

── Fold 1/5 ──────────────────────────────
  CA   — AUC: 0.8166  AUPRC: 0.3597  Brier: 0.2638  Acc: 0.6667  F1: 0.3711  (best ep=331, thresh=0.560)

── Fold 2/5 ──────────────────────────────
  CA   — AUC: 0.8447  AUPRC: 0.4987  Brier: 0.2420  Acc: 0.8525  F1: 0.5091  (best ep=472, thresh=0.623)

── Fold 3/5 ──────────────────────────────
  CA   — AUC: 0.7670  AUPRC: 0.3342  Brier: 0.2777  Acc: 0.5956  F1: 0.3148  (best ep=270, thresh=0.517)

── Fold 4/5 ──────────────────────────────
  CA   — AUC: 0.7827  AUPRC: 0.3294  Brier: 0.2404  Acc: 0.6339  F1: 0.3495  (best ep=325, thresh=0.500)

── Fold 5/5 ──────────────────────────────
  CA   — AUC: 0.7911  AUPRC: 0.3640  Brier: 0.2477  Acc: 0.7033  F1: 0.3571  (best ep=396, thresh=0.553)

===========================================================================
CrossAttn  —  5-Fold CV Summary
===========================================================================
  Fold      AUC-ROC      AUPRC      Brier   Accuracy         F1
  ----------------------------------------------------------
  1          0.8166     0.3597     0.2638     0.6667     0.3711
  2          0.8447     0.4987     0.2420     0.8525     0.5091
  3          0.7670     0.3342     0.2777     0.5956     0.3148
  4          0.7827     0.3294     0.2404     0.6339     0.3495
  5          0.7911     0.3640     0.2477     0.7033     0.3571
  ──────────────────────────────────────────────────────────
  Mean       0.8004     0.3772     0.2543     0.6904     0.3803
  ±Std       0.0273     0.0623     0.0143     0.0885     0.0670
  [M2/global_zscore] Evaluating on test set (med_epoch=331, thresh=0.553) ...

=======================================================
CrossAttn Test Evaluation  (scale_clin=True, scale_aec=global, threshold=0.553)
=======================================================
CrossAttn — training final model for 331 epochs on full CV set …
  [CrossAttn] Model weights saved → 연구코드/results/0605/stage2_1e-05_epoch500/model_2\raw128\global_zscore\M2_global_zscore_weights.pt

CrossAttn — Test Set (Overall):
  AUC: 0.7839  AUPRC: 0.2879  Brier: 0.2647  Acc: 0.6507  F1: 0.3443

CrossAttn — Test Set (By Sex):
  [M] n=82  AUC: 0.7179  AUPRC: 0.3418  Brier: 0.3021  Acc: 0.5732  F1: 0.3860
              precision    recall  f1-score   support

      Normal       0.95      0.52      0.67        69
  Sarcopenia       0.25      0.85      0.39        13

    accuracy                           0.57        82
   macro avg       0.60      0.68      0.53        82
weighted avg       0.84      0.57      0.63        82

  [F] n=147  AUC: 0.8242  AUPRC: 0.2618  Brier: 0.2439  Acc: 0.6939  F1: 0.3077
              precision    recall  f1-score   support

      Normal       0.99      0.68      0.80       136
  Sarcopenia       0.19      0.91      0.31        11

    accuracy                           0.69       147
   macro avg       0.59      0.79      0.56       147
weighted avg       0.93      0.69      0.77       147


───────────────────────────────────────────────────────
Test Set — Bootstrap CI
───────────────────────────────────────────────────────

  Bootstrap 95% CI — CrossAttn  (n_boot=2000)
  Metric         Estimate   95% CI Lower   95% CI Upper
  ----------------------------------------------------
  AUC-ROC          0.7839         0.6946         0.8647
  AUPRC            0.2879         0.1694         0.4586
  Brier            0.2647         0.2397         0.2878
  Accuracy         0.6507         0.5895         0.7162
  F1               0.3443         0.2281         0.4496
  [M2/global_zscore] Saving figures ...

Saved (model 2 (global_zscore)):
  연구코드/results/0605/stage2_1e-05_epoch500/model_2\raw128\global_zscore/data_distribution.png
  연구코드/results/0605/stage2_1e-05_epoch500/model_2\raw128\global_zscore/cv_roc_curves.png
  연구코드/results/0605/stage2_1e-05_epoch500/model_2\raw128\global_zscore/cv_metric_distribution.png
  연구코드/results/0605/stage2_1e-05_epoch500/model_2\raw128\global_zscore/training_curves.png
  연구코드/results/0605/stage2_1e-05_epoch500/model_2\raw128\global_zscore/test_roc_curves.png
  연구코드/results/0605/stage2_1e-05_epoch500/model_2\raw128\global_zscore/test_roc_by_sex.png
  연구코드/results/0605/stage2_1e-05_epoch500/model_2\raw128\global_zscore/confusion_matrices.png
  연구코드/results/0605/stage2_1e-05_epoch500/model_2\raw128\global_zscore/calibration.png
  연구코드/results/0605/stage2_1e-05_epoch500/model_2\raw128\global_zscore/results.md
  [M2/global_zscore] Plotting attention maps ...
  연구코드/results/0605/stage2_1e-05_epoch500/model_2\raw128\global_zscore/attention_map_c2a.png
  연구코드/results/0605/stage2_1e-05_epoch500/model_2\raw128\global_zscore/attention_heatmap_c2a.png
  연구코드/results/0605/stage2_1e-05_epoch500/model_2\raw128\global_zscore/attention_map_a2c.png
  연구코드/results/0605/stage2_1e-05_epoch500/model_2\raw128\global_zscore/attention_heatmap_a2c.png
  [M2/global_zscore] Plotting Grad-CAM ...
  연구코드/results/0605/stage2_1e-05_epoch500/model_2\raw128\global_zscore/cam_aec_mean.png
  연구코드/results/0605/stage2_1e-05_epoch500/model_2\raw128\global_zscore/cam_aec_lines.png
  연구코드/results/0605/stage2_1e-05_epoch500/model_2\raw128\global_zscore/cam_aec_heatmap.png
  [M2/global_zscore] Done.
