============================================================
  MODEL 2 — Clinic + AEC (aec128)  (5 AEC variants)
============================================================

############################################################
  [M2 norm]  (scale_clinic=True, scale_aec=True)
############################################################
  [M2/norm] Cross-validating CrossAttn ...
=======================================================
5-Fold CV  [CrossAttn | scale_clin=True, scale_aec=True]
=======================================================

── Fold 1/5 ──────────────────────────────
  CA   — AUC: 0.8323  AUPRC: 0.4019  Brier: 0.1179  Acc: 0.7826  F1: 0.4643  (best ep=32, thresh=0.301)

── Fold 2/5 ──────────────────────────────
  CA   — AUC: 0.7929  AUPRC: 0.3377  Brier: 0.1329  Acc: 0.7174  F1: 0.4179  (best ep=34, thresh=0.305)

── Fold 3/5 ──────────────────────────────
  CA   — AUC: 0.8363  AUPRC: 0.4704  Brier: 0.1805  Acc: 0.7226  F1: 0.4242  (best ep=6, thresh=0.526)

── Fold 4/5 ──────────────────────────────
  CA   — AUC: 0.8197  AUPRC: 0.3824  Brier: 0.1813  Acc: 0.7737  F1: 0.4561  (best ep=24, thresh=0.572)

── Fold 5/5 ──────────────────────────────
  CA   — AUC: 0.8853  AUPRC: 0.3701  Brier: 0.1221  Acc: 0.7591  F1: 0.4923  (best ep=149, thresh=0.078)

===========================================================================
CrossAttn  —  5-Fold CV Summary
===========================================================================
  Fold      AUC-ROC      AUPRC      Brier   Accuracy         F1
  ----------------------------------------------------------
  1          0.8323     0.4019     0.1179     0.7826     0.4643
  2          0.7929     0.3377     0.1329     0.7174     0.4179
  3          0.8363     0.4704     0.1805     0.7226     0.4242
  4          0.8197     0.3824     0.1813     0.7737     0.4561
  5          0.8853     0.3701     0.1221     0.7591     0.4923
  ──────────────────────────────────────────────────────────
  Mean       0.8333     0.3925     0.1469     0.7511     0.4510
  ±Std       0.0301     0.0442     0.0282     0.0265     0.0273
  [M2/norm] Evaluating on test set (med_epoch=32, thresh=0.305) ...

=======================================================
CrossAttn Test Evaluation  (scale_clin=True, scale_aec=True, threshold=0.305)
=======================================================
CrossAttn — training final model for 32 epochs on full CV set …

CrossAttn — Test Set (Overall):
  AUC: 0.7777  AUPRC: 0.2721  Brier: 0.2370  Acc: 0.6221  F1: 0.3689

CrossAttn — Test Set (By Sex):
  [M] n=71  AUC: 0.7985  AUPRC: 0.3764  Brier: 0.2464  Acc: 0.5915  F1: 0.4082
              precision    recall  f1-score   support

      Normal       0.97      0.53      0.69        60
  Sarcopenia       0.26      0.91      0.41        11

    accuracy                           0.59        71
   macro avg       0.62      0.72      0.55        71
weighted avg       0.86      0.59      0.64        71

  [F] n=101  AUC: 0.7538  AUPRC: 0.1866  Brier: 0.2304  Acc: 0.6436  F1: 0.3333
              precision    recall  f1-score   support

      Normal       0.98      0.62      0.76        91
  Sarcopenia       0.20      0.90      0.33        10

    accuracy                           0.64       101
   macro avg       0.59      0.76      0.55       101
weighted avg       0.91      0.64      0.71       101


───────────────────────────────────────────────────────
Test Set — Bootstrap CI
───────────────────────────────────────────────────────

  Bootstrap 95% CI — CrossAttn  (n_boot=2000)
  Metric         Estimate   95% CI Lower   95% CI Upper
  ----------------------------------------------------
  AUC-ROC          0.7777         0.6998         0.8494
  AUPRC            0.2721         0.1612         0.4590
  Brier            0.2370         0.1884         0.2849
  Accuracy         0.6221         0.5465         0.6919
  F1               0.3689         0.2418         0.4865
  [M2/norm] Saving figures ...

Saved (model 2 (norm)):
  연구코드/results/0529/ok/model_2\aec128\norm/data_distribution.png
  연구코드/results/0529/ok/model_2\aec128\norm/cv_roc_curves.png
  연구코드/results/0529/ok/model_2\aec128\norm/cv_metric_distribution.png
  연구코드/results/0529/ok/model_2\aec128\norm/training_curves.png
  연구코드/results/0529/ok/model_2\aec128\norm/test_roc_curves.png
  연구코드/results/0529/ok/model_2\aec128\norm/test_roc_by_sex.png
  연구코드/results/0529/ok/model_2\aec128\norm/confusion_matrices.png
  연구코드/results/0529/ok/model_2\aec128\norm/calibration.png
  연구코드/results/0529/ok/model_2\aec128\norm/results.md
  [M2/norm] Plotting attention maps ...
  연구코드/results/0529/ok/model_2\aec128\norm/attention_map_c2a.png
  연구코드/results/0529/ok/model_2\aec128\norm/attention_heatmap_c2a.png
  연구코드/results/0529/ok/model_2\aec128\norm/attention_map_a2c.png
  연구코드/results/0529/ok/model_2\aec128\norm/attention_heatmap_a2c.png
  [M2/norm] Done.

############################################################
  [M2 excl_extreme]  (scale_clinic=True, scale_aec=True)
############################################################
  [M2/excl_extreme] Cross-validating CrossAttn ...
=======================================================
5-Fold CV  [CrossAttn | scale_clin=True, scale_aec=True]
=======================================================

── Fold 1/5 ──────────────────────────────
  CA   — AUC: 0.8071  AUPRC: 0.3939  Brier: 0.2428  Acc: 0.8468  F1: 0.5581  (best ep=29, thresh=0.782)

── Fold 2/5 ──────────────────────────────
  CA   — AUC: 0.7883  AUPRC: 0.3025  Brier: 0.1864  Acc: 0.6210  F1: 0.3562  (best ep=14, thresh=0.302)

── Fold 3/5 ──────────────────────────────
  CA   — AUC: 0.8742  AUPRC: 0.3896  Brier: 0.1219  Acc: 0.7480  F1: 0.4561  (best ep=9, thresh=0.358)

── Fold 4/5 ──────────────────────────────
  CA   — AUC: 0.7982  AUPRC: 0.3940  Brier: 0.3140  Acc: 0.7073  F1: 0.4000  (best ep=4, thresh=0.750)

── Fold 5/5 ──────────────────────────────
  CA   — AUC: 0.8014  AUPRC: 0.2806  Brier: 0.1762  Acc: 0.7805  F1: 0.4255  (best ep=3, thresh=0.592)

===========================================================================
CrossAttn  —  5-Fold CV Summary
===========================================================================
  Fold      AUC-ROC      AUPRC      Brier   Accuracy         F1
  ----------------------------------------------------------
  1          0.8071     0.3939     0.2428     0.8468     0.5581
  2          0.7883     0.3025     0.1864     0.6210     0.3562
  3          0.8742     0.3896     0.1219     0.7480     0.4561
  4          0.7982     0.3940     0.3140     0.7073     0.4000
  5          0.8014     0.2806     0.1762     0.7805     0.4255
  ──────────────────────────────────────────────────────────
  Mean       0.8138     0.3521     0.2083     0.7407     0.4392
  ±Std       0.0308     0.0500     0.0653     0.0753     0.0679
  [M2/excl_extreme] Evaluating on test set (med_epoch=9, thresh=0.592) ...

=======================================================
CrossAttn Test Evaluation  (scale_clin=True, scale_aec=True, threshold=0.592)
=======================================================
CrossAttn — training final model for 9 epochs on full CV set …

CrossAttn — Test Set (Overall):
  AUC: 0.7848  AUPRC: 0.3228  Brier: 0.2244  Acc: 0.7013  F1: 0.4250

CrossAttn — Test Set (By Sex):
  [M] n=64  AUC: 0.8079  AUPRC: 0.4216  Brier: 0.2329  Acc: 0.6875  F1: 0.5000
              precision    recall  f1-score   support

      Normal       0.97      0.64      0.77        53
  Sarcopenia       0.34      0.91      0.50        11

    accuracy                           0.69        64
   macro avg       0.66      0.78      0.64        64
weighted avg       0.86      0.69      0.73        64

  [F] n=90  AUC: 0.7588  AUPRC: 0.2561  Brier: 0.2183  Acc: 0.7111  F1: 0.3500
              precision    recall  f1-score   support

      Normal       0.95      0.71      0.81        80
  Sarcopenia       0.23      0.70      0.35        10

    accuracy                           0.71        90
   macro avg       0.59      0.71      0.58        90
weighted avg       0.87      0.71      0.76        90


───────────────────────────────────────────────────────
Test Set — Bootstrap CI
───────────────────────────────────────────────────────

  Bootstrap 95% CI — CrossAttn  (n_boot=2000)
  Metric         Estimate   95% CI Lower   95% CI Upper
  ----------------------------------------------------
  AUC-ROC          0.7848         0.6887         0.8682
  AUPRC            0.3228         0.1897         0.5001
  Brier            0.2244         0.1837         0.2670
  Accuracy         0.7013         0.6234         0.7727
  F1               0.4250         0.2894         0.5556
  [M2/excl_extreme] Saving figures ...

Saved (model 2 (excl_extreme)):
  연구코드/results/0529/ok/model_2\aec128\excl_extreme/data_distribution.png
  연구코드/results/0529/ok/model_2\aec128\excl_extreme/cv_roc_curves.png
  연구코드/results/0529/ok/model_2\aec128\excl_extreme/cv_metric_distribution.png
  연구코드/results/0529/ok/model_2\aec128\excl_extreme/training_curves.png
  연구코드/results/0529/ok/model_2\aec128\excl_extreme/test_roc_curves.png
  연구코드/results/0529/ok/model_2\aec128\excl_extreme/test_roc_by_sex.png
  연구코드/results/0529/ok/model_2\aec128\excl_extreme/confusion_matrices.png
  연구코드/results/0529/ok/model_2\aec128\excl_extreme/calibration.png
  연구코드/results/0529/ok/model_2\aec128\excl_extreme/results.md
  [M2/excl_extreme] Plotting attention maps ...
  연구코드/results/0529/ok/model_2\aec128\excl_extreme/attention_map_c2a.png
  연구코드/results/0529/ok/model_2\aec128\excl_extreme/attention_heatmap_c2a.png
  연구코드/results/0529/ok/model_2\aec128\excl_extreme/attention_map_a2c.png
  연구코드/results/0529/ok/model_2\aec128\excl_extreme/attention_heatmap_a2c.png
  [M2/excl_extreme] Done.

############################################################
  [M2 len128]  (scale_clinic=True, scale_aec=True)
############################################################
  [M2/len128] Cross-validating CrossAttn ...
=======================================================
5-Fold CV  [CrossAttn | scale_clin=True, scale_aec=True]
=======================================================

── Fold 1/5 ──────────────────────────────
  CA   — AUC: 0.7924  AUPRC: 0.3061  Brier: 0.1459  Acc: 0.7609  F1: 0.4590  (best ep=37, thresh=0.371)

── Fold 2/5 ──────────────────────────────
  CA   — AUC: 0.7929  AUPRC: 0.3732  Brier: 0.1795  Acc: 0.7464  F1: 0.4262  (best ep=3, thresh=0.528)

── Fold 3/5 ──────────────────────────────
  CA   — AUC: 0.8285  AUPRC: 0.3929  Brier: 0.1640  Acc: 0.7445  F1: 0.4615  (best ep=14, thresh=0.556)

── Fold 4/5 ──────────────────────────────
  CA   — AUC: 0.7986  AUPRC: 0.4513  Brier: 0.2465  Acc: 0.6642  F1: 0.3784  (best ep=1, thresh=0.554)

── Fold 5/5 ──────────────────────────────
  CA   — AUC: 0.8140  AUPRC: 0.2780  Brier: 0.2097  Acc: 0.6569  F1: 0.4051  (best ep=8, thresh=0.406)

===========================================================================
CrossAttn  —  5-Fold CV Summary
===========================================================================
  Fold      AUC-ROC      AUPRC      Brier   Accuracy         F1
  ----------------------------------------------------------
  1          0.7924     0.3061     0.1459     0.7609     0.4590
  2          0.7929     0.3732     0.1795     0.7464     0.4262
  3          0.8285     0.3929     0.1640     0.7445     0.4615
  4          0.7986     0.4513     0.2465     0.6642     0.3784
  5          0.8140     0.2780     0.2097     0.6569     0.4051
  ──────────────────────────────────────────────────────────
  Mean       0.8053     0.3603     0.1891     0.7146     0.4260
  ±Std       0.0140     0.0620     0.0355     0.0445     0.0318
  [M2/len128] Evaluating on test set (med_epoch=8, thresh=0.528) ...

=======================================================
CrossAttn Test Evaluation  (scale_clin=True, scale_aec=True, threshold=0.528)
=======================================================
CrossAttn — training final model for 8 epochs on full CV set …

CrossAttn — Test Set (Overall):
  AUC: 0.8452  AUPRC: 0.4449  Brier: 0.2547  Acc: 0.6105  F1: 0.3738

CrossAttn — Test Set (By Sex):
  [M] n=71  AUC: 0.8439  AUPRC: 0.5387  Brier: 0.2911  Acc: 0.5915  F1: 0.4314
              precision    recall  f1-score   support

      Normal       1.00      0.52      0.68        60
  Sarcopenia       0.28      1.00      0.43        11

    accuracy                           0.59        71
   macro avg       0.64      0.76      0.56        71
weighted avg       0.89      0.59      0.64        71

  [F] n=101  AUC: 0.8385  AUPRC: 0.4054  Brier: 0.2291  Acc: 0.6238  F1: 0.3214
              precision    recall  f1-score   support

      Normal       0.98      0.59      0.74        91
  Sarcopenia       0.20      0.90      0.32        10

    accuracy                           0.62       101
   macro avg       0.59      0.75      0.53       101
weighted avg       0.90      0.62      0.70       101


───────────────────────────────────────────────────────
Test Set — Bootstrap CI
───────────────────────────────────────────────────────

  Bootstrap 95% CI — CrossAttn  (n_boot=2000)
  Metric         Estimate   95% CI Lower   95% CI Upper
  ----------------------------------------------------
  AUC-ROC          0.8452         0.7592         0.9155
  AUPRC            0.4449         0.2570         0.6511
  Brier            0.2547         0.2136         0.2964
  Accuracy         0.6105         0.5349         0.6860
  F1               0.3738         0.2500         0.4906
  [M2/len128] Saving figures ...

Saved (model 2 (len128)):
  연구코드/results/0529/ok/model_2\aec128\len128/data_distribution.png
  연구코드/results/0529/ok/model_2\aec128\len128/cv_roc_curves.png
  연구코드/results/0529/ok/model_2\aec128\len128/cv_metric_distribution.png
  연구코드/results/0529/ok/model_2\aec128\len128/training_curves.png
  연구코드/results/0529/ok/model_2\aec128\len128/test_roc_curves.png
  연구코드/results/0529/ok/model_2\aec128\len128/test_roc_by_sex.png
  연구코드/results/0529/ok/model_2\aec128\len128/confusion_matrices.png
  연구코드/results/0529/ok/model_2\aec128\len128/calibration.png
  연구코드/results/0529/ok/model_2\aec128\len128/results.md
  [M2/len128] Plotting attention maps ...
  연구코드/results/0529/ok/model_2\aec128\len128/attention_map_c2a.png
  연구코드/results/0529/ok/model_2\aec128\len128/attention_heatmap_c2a.png
  연구코드/results/0529/ok/model_2\aec128\len128/attention_map_a2c.png
  연구코드/results/0529/ok/model_2\aec128\len128/attention_heatmap_a2c.png
  [M2/len128] Done.

############################################################
  [M2 crop80]  (scale_clinic=True, scale_aec=True)
############################################################
  [M2/crop80] Cross-validating CrossAttn ...
=======================================================
5-Fold CV  [CrossAttn | scale_clin=True, scale_aec=True]
=======================================================

── Fold 1/5 ──────────────────────────────
  CA   — AUC: 0.7919  AUPRC: 0.4059  Brier: 0.1398  Acc: 0.7754  F1: 0.4918  (best ep=36, thresh=0.414)

── Fold 2/5 ──────────────────────────────
  CA   — AUC: 0.8012  AUPRC: 0.3890  Brier: 0.2003  Acc: 0.7246  F1: 0.4412  (best ep=2, thresh=0.509)

── Fold 3/5 ──────────────────────────────
  CA   — AUC: 0.8223  AUPRC: 0.5277  Brier: 0.1640  Acc: 0.8102  F1: 0.4800  (best ep=29, thresh=0.657)

── Fold 4/5 ──────────────────────────────
  CA   — AUC: 0.7887  AUPRC: 0.4916  Brier: 0.2699  Acc: 0.6058  F1: 0.3571  (best ep=2, thresh=0.579)

── Fold 5/5 ──────────────────────────────
  CA   — AUC: 0.8228  AUPRC: 0.2944  Brier: 0.1974  Acc: 0.7518  F1: 0.4516  (best ep=14, thresh=0.509)

===========================================================================
CrossAttn  —  5-Fold CV Summary
===========================================================================
  Fold      AUC-ROC      AUPRC      Brier   Accuracy         F1
  ----------------------------------------------------------
  1          0.7919     0.4059     0.1398     0.7754     0.4918
  2          0.8012     0.3890     0.2003     0.7246     0.4412
  3          0.8223     0.5277     0.1640     0.8102     0.4800
  4          0.7887     0.4916     0.2699     0.6058     0.3571
  5          0.8228     0.2944     0.1974     0.7518     0.4516
  ──────────────────────────────────────────────────────────
  Mean       0.8054     0.4217     0.1943     0.7336     0.4443
  ±Std       0.0146     0.0820     0.0439     0.0698     0.0473
  [M2/crop80] Evaluating on test set (med_epoch=14, thresh=0.509) ...

=======================================================
CrossAttn Test Evaluation  (scale_clin=True, scale_aec=True, threshold=0.509)
=======================================================
CrossAttn — training final model for 14 epochs on full CV set …

CrossAttn — Test Set (Overall):
  AUC: 0.8761  AUPRC: 0.5606  Brier: 0.2396  Acc: 0.6221  F1: 0.3810

CrossAttn — Test Set (By Sex):
  [M] n=71  AUC: 0.8970  AUPRC: 0.6698  Brier: 0.2711  Acc: 0.5915  F1: 0.4314
              precision    recall  f1-score   support

      Normal       1.00      0.52      0.68        60
  Sarcopenia       0.28      1.00      0.43        11

    accuracy                           0.59        71
   macro avg       0.64      0.76      0.56        71
weighted avg       0.89      0.59      0.64        71

  [F] n=101  AUC: 0.8571  AUPRC: 0.4505  Brier: 0.2174  Acc: 0.6436  F1: 0.3333
              precision    recall  f1-score   support

      Normal       0.98      0.62      0.76        91
  Sarcopenia       0.20      0.90      0.33        10

    accuracy                           0.64       101
   macro avg       0.59      0.76      0.55       101
weighted avg       0.91      0.64      0.71       101


───────────────────────────────────────────────────────
Test Set — Bootstrap CI
───────────────────────────────────────────────────────

  Bootstrap 95% CI — CrossAttn  (n_boot=2000)
  Metric         Estimate   95% CI Lower   95% CI Upper
  ----------------------------------------------------
  AUC-ROC          0.8761         0.7934         0.9398
  AUPRC            0.5606         0.3514         0.7671
  Brier            0.2396         0.2029         0.2768
  Accuracy         0.6221         0.5523         0.6919
  F1               0.3810         0.2574         0.5000
  [M2/crop80] Saving figures ...

Saved (model 2 (crop80)):
  연구코드/results/0529/ok/model_2\aec128\crop80/data_distribution.png
  연구코드/results/0529/ok/model_2\aec128\crop80/cv_roc_curves.png
  연구코드/results/0529/ok/model_2\aec128\crop80/cv_metric_distribution.png
  연구코드/results/0529/ok/model_2\aec128\crop80/training_curves.png
  연구코드/results/0529/ok/model_2\aec128\crop80/test_roc_curves.png
  연구코드/results/0529/ok/model_2\aec128\crop80/test_roc_by_sex.png
  연구코드/results/0529/ok/model_2\aec128\crop80/confusion_matrices.png
  연구코드/results/0529/ok/model_2\aec128\crop80/calibration.png
  연구코드/results/0529/ok/model_2\aec128\crop80/results.md
  [M2/crop80] Plotting attention maps ...
  연구코드/results/0529/ok/model_2\aec128\crop80/attention_map_c2a.png
  연구코드/results/0529/ok/model_2\aec128\crop80/attention_heatmap_c2a.png
  연구코드/results/0529/ok/model_2\aec128\crop80/attention_map_a2c.png
  연구코드/results/0529/ok/model_2\aec128\crop80/attention_heatmap_a2c.png
  [M2/crop80] Done.

############################################################
  [M2 crop60]  (scale_clinic=True, scale_aec=True)
############################################################
  [M2/crop60] Cross-validating CrossAttn ...
=======================================================
5-Fold CV  [CrossAttn | scale_clin=True, scale_aec=True]
=======================================================

── Fold 1/5 ──────────────────────────────
  CA   — AUC: 0.7978  AUPRC: 0.3680  Brier: 0.1327  Acc: 0.7826  F1: 0.4643  (best ep=83, thresh=0.375)

── Fold 2/5 ──────────────────────────────
  CA   — AUC: 0.8017  AUPRC: 0.3748  Brier: 0.2072  Acc: 0.7174  F1: 0.4179  (best ep=2, thresh=0.527)

── Fold 3/5 ──────────────────────────────
  CA   — AUC: 0.8445  AUPRC: 0.4889  Brier: 0.1634  Acc: 0.7153  F1: 0.4348  (best ep=14, thresh=0.497)

── Fold 4/5 ──────────────────────────────
  CA   — AUC: 0.8037  AUPRC: 0.3108  Brier: 0.2622  Acc: 0.7226  F1: 0.4062  (best ep=3, thresh=0.679)

── Fold 5/5 ──────────────────────────────
  CA   — AUC: 0.8306  AUPRC: 0.2961  Brier: 0.1781  Acc: 0.7007  F1: 0.4225  (best ep=25, thresh=0.332)

===========================================================================
CrossAttn  —  5-Fold CV Summary
===========================================================================
  Fold      AUC-ROC      AUPRC      Brier   Accuracy         F1
  ----------------------------------------------------------
  1          0.7978     0.3680     0.1327     0.7826     0.4643
  2          0.8017     0.3748     0.2072     0.7174     0.4179
  3          0.8445     0.4889     0.1634     0.7153     0.4348
  4          0.8037     0.3108     0.2622     0.7226     0.4062
  5          0.8306     0.2961     0.1781     0.7007     0.4225
  ──────────────────────────────────────────────────────────
  Mean       0.8156     0.3677     0.1887     0.7277     0.4292
  ±Std       0.0185     0.0680     0.0439     0.0284     0.0198
  [M2/crop60] Evaluating on test set (med_epoch=14, thresh=0.497) ...

=======================================================
CrossAttn Test Evaluation  (scale_clin=True, scale_aec=True, threshold=0.497)
=======================================================
CrossAttn — training final model for 14 epochs on full CV set …

CrossAttn — Test Set (Overall):
  AUC: 0.8565  AUPRC: 0.4906  Brier: 0.2009  Acc: 0.6395  F1: 0.3922

CrossAttn — Test Set (By Sex):
  [M] n=71  AUC: 0.9030  AUPRC: 0.6468  Brier: 0.2380  Acc: 0.6056  F1: 0.4400
              precision    recall  f1-score   support

      Normal       1.00      0.53      0.70        60
  Sarcopenia       0.28      1.00      0.44        11

    accuracy                           0.61        71
   macro avg       0.64      0.77      0.57        71
weighted avg       0.89      0.61      0.66        71

  [F] n=101  AUC: 0.8440  AUPRC: 0.3753  Brier: 0.1748  Acc: 0.6634  F1: 0.3462
              precision    recall  f1-score   support

      Normal       0.98      0.64      0.77        91
  Sarcopenia       0.21      0.90      0.35        10

    accuracy                           0.66       101
   macro avg       0.60      0.77      0.56       101
weighted avg       0.91      0.66      0.73       101


───────────────────────────────────────────────────────
Test Set — Bootstrap CI
───────────────────────────────────────────────────────

  Bootstrap 95% CI — CrossAttn  (n_boot=2000)
  Metric         Estimate   95% CI Lower   95% CI Upper
  ----------------------------------------------------
  AUC-ROC          0.8565         0.7666         0.9281
  AUPRC            0.4906         0.2983         0.7067
  Brier            0.2009         0.1638         0.2391
  Accuracy         0.6395         0.5698         0.7093
  F1               0.3922         0.2651         0.5094
  [M2/crop60] Saving figures ...

Saved (model 2 (crop60)):
  연구코드/results/0529/ok/model_2\aec128\crop60/data_distribution.png
  연구코드/results/0529/ok/model_2\aec128\crop60/cv_roc_curves.png
  연구코드/results/0529/ok/model_2\aec128\crop60/cv_metric_distribution.png
  연구코드/results/0529/ok/model_2\aec128\crop60/training_curves.png
  연구코드/results/0529/ok/model_2\aec128\crop60/test_roc_curves.png
  연구코드/results/0529/ok/model_2\aec128\crop60/test_roc_by_sex.png
  연구코드/results/0529/ok/model_2\aec128\crop60/confusion_matrices.png
  연구코드/results/0529/ok/model_2\aec128\crop60/calibration.png
  연구코드/results/0529/ok/model_2\aec128\crop60/results.md
  [M2/crop60] Plotting attention maps ...
  연구코드/results/0529/ok/model_2\aec128\crop60/attention_map_c2a.png
  연구코드/results/0529/ok/model_2\aec128\crop60/attention_heatmap_c2a.png
  연구코드/results/0529/ok/model_2\aec128\crop60/attention_map_a2c.png
  연구코드/results/0529/ok/model_2\aec128\crop60/attention_heatmap_a2c.png
  [M2/crop60] Done.
