============================================================
  MODEL 2_2 — Clinic + AEC Unmatched (aec128, BCEWithLogitsLoss)  (5 AEC variants × 1 case)
============================================================

############################################################
  [M2_2 norm] CASE : scale_clinic  (scale_clinic=True, loss=bce)
############################################################
  [M2_2/bce/norm/scale_clinic] Cross-validating CrossAttn ...
=======================================================
5-Fold CV  [CrossAttn | scale_clin=True, scale_aec=False]
=======================================================

── Fold 1/5 ──────────────────────────────
  CA   — AUC: 0.8109  AUPRC: 0.4001  Brier: 0.1777  Acc: 0.5725  F1: 0.3656  (best ep=25, thresh=0.236)

── Fold 2/5 ──────────────────────────────
  CA   — AUC: 0.7851  AUPRC: 0.3727  Brier: 0.1480  Acc: 0.6667  F1: 0.3947  (best ep=15, thresh=0.207)

── Fold 3/5 ──────────────────────────────
  CA   — AUC: 0.8647  AUPRC: 0.4567  Brier: 0.1721  Acc: 0.7372  F1: 0.4545  (best ep=6, thresh=0.519)

── Fold 4/5 ──────────────────────────────
  CA   — AUC: 0.8419  AUPRC: 0.5025  Brier: 0.1716  Acc: 0.8978  F1: 0.6316  (best ep=67, thresh=0.777)

── Fold 5/5 ──────────────────────────────
  CA   — AUC: 0.8290  AUPRC: 0.2963  Brier: 0.1679  Acc: 0.6642  F1: 0.4103  (best ep=4, thresh=0.327)

===========================================================================
CrossAttn  —  5-Fold CV Summary
===========================================================================
  Fold      AUC-ROC      AUPRC      Brier   Accuracy         F1
  ----------------------------------------------------------
  1          0.8109     0.4001     0.1777     0.5725     0.3656
  2          0.7851     0.3727     0.1480     0.6667     0.3947
  3          0.8647     0.4567     0.1721     0.7372     0.4545
  4          0.8419     0.5025     0.1716     0.8978     0.6316
  5          0.8290     0.2963     0.1679     0.6642     0.4103
  ──────────────────────────────────────────────────────────
  Mean       0.8263     0.4056     0.1675     0.7077     0.4513
  ±Std       0.0270     0.0708     0.0102     0.1085     0.0946
  [M2_2/bce/norm/scale_clinic] Evaluating on test set (med_epoch=15, thresh=0.327) ...

=======================================================
CrossAttn Test Evaluation  (scale_clin=True, scale_aec=False, threshold=0.327)
=======================================================
CrossAttn — training final model for 15 epochs on full CV set …

CrossAttn — Test Set (Overall):
  AUC: 0.8420  AUPRC: 0.5177  Brier: 0.1964  Acc: 0.6105  F1: 0.3619

CrossAttn — Test Set (By Sex):
  [M] n=71  AUC: 0.9030  AUPRC: 0.6947  Brier: 0.2330  Acc: 0.5352  F1: 0.4000
              precision    recall  f1-score   support

      Normal       1.00      0.45      0.62        60
  Sarcopenia       0.25      1.00      0.40        11

    accuracy                           0.54        71
   macro avg       0.62      0.72      0.51        71
weighted avg       0.88      0.54      0.59        71

  [F] n=101  AUC: 0.7912  AUPRC: 0.3010  Brier: 0.1707  Acc: 0.6634  F1: 0.3200
              precision    recall  f1-score   support

      Normal       0.97      0.65      0.78        91
  Sarcopenia       0.20      0.80      0.32        10

    accuracy                           0.66       101
   macro avg       0.58      0.72      0.55       101
weighted avg       0.89      0.66      0.73       101


───────────────────────────────────────────────────────
Test Set — Bootstrap CI
───────────────────────────────────────────────────────

  Bootstrap 95% CI — CrossAttn  (n_boot=2000)
  Metric         Estimate   95% CI Lower   95% CI Upper
  ----------------------------------------------------
  AUC-ROC          0.8420         0.7499         0.9193
  AUPRC            0.5177         0.3100         0.7088
  Brier            0.1964         0.1593         0.2359
  Accuracy         0.6105         0.5349         0.6802
  F1               0.3619         0.2400         0.4786
  [M2_2/bce/norm/scale_clinic] Saving figures ...

Saved (model 2_2 (norm, unmatched, bce)):
  연구코드/results/ok/model_2_2\bce\aec128\norm/data_distribution.png
  연구코드/results/ok/model_2_2\bce\aec128\norm/cv_roc_curves.png
  연구코드/results/ok/model_2_2\bce\aec128\norm/cv_metric_distribution.png
  연구코드/results/ok/model_2_2\bce\aec128\norm/training_curves.png
  연구코드/results/ok/model_2_2\bce\aec128\norm/test_roc_curves.png
  연구코드/results/ok/model_2_2\bce\aec128\norm/test_roc_by_sex.png
  연구코드/results/ok/model_2_2\bce\aec128\norm/confusion_matrices.png
  연구코드/results/ok/model_2_2\bce\aec128\norm/calibration.png
  연구코드/results/ok/model_2_2\bce\aec128\norm/results.md
  [M2_2/bce/norm/scale_clinic] Plotting attention maps ...
  연구코드/results/ok/model_2_2\bce\aec128\norm/attention_map_c2a.png
  연구코드/results/ok/model_2_2\bce\aec128\norm/attention_heatmap.png
  [M2_2/bce/norm/scale_clinic] Done.

############################################################
  [M2_2 excl_extreme] CASE : scale_clinic  (scale_clinic=True, loss=bce)
############################################################
  [M2_2/bce/excl_extreme/scale_clinic] Cross-validating CrossAttn ...
=======================================================
5-Fold CV  [CrossAttn | scale_clin=True, scale_aec=False]
=======================================================

── Fold 1/5 ──────────────────────────────
  CA   — AUC: 0.7529  AUPRC: 0.3136  Brier: 0.1953  Acc: 0.6613  F1: 0.3824  (best ep=56, thresh=0.191)

── Fold 2/5 ──────────────────────────────
  CA   — AUC: 0.8183  AUPRC: 0.4797  Brier: 0.1639  Acc: 0.7258  F1: 0.4333  (best ep=12, thresh=0.437)

── Fold 3/5 ──────────────────────────────
  CA   — AUC: 0.8660  AUPRC: 0.4783  Brier: 0.1825  Acc: 0.8455  F1: 0.5778  (best ep=58, thresh=0.727)

── Fold 4/5 ──────────────────────────────
  CA   — AUC: 0.8216  AUPRC: 0.4578  Brier: 0.1904  Acc: 0.8537  F1: 0.5263  (best ep=4, thresh=0.653)

── Fold 5/5 ──────────────────────────────
  CA   — AUC: 0.7296  AUPRC: 0.4001  Brier: 0.2158  Acc: 0.7805  F1: 0.4490  (best ep=20, thresh=0.639)

===========================================================================
CrossAttn  —  5-Fold CV Summary
===========================================================================
  Fold      AUC-ROC      AUPRC      Brier   Accuracy         F1
  ----------------------------------------------------------
  1          0.7529     0.3136     0.1953     0.6613     0.3824
  2          0.8183     0.4797     0.1639     0.7258     0.4333
  3          0.8660     0.4783     0.1825     0.8455     0.5778
  4          0.8216     0.4578     0.1904     0.8537     0.5263
  5          0.7296     0.4001     0.2158     0.7805     0.4490
  ──────────────────────────────────────────────────────────
  Mean       0.7977     0.4259     0.1896     0.7734     0.4738
  ±Std       0.0496     0.0631     0.0169     0.0728     0.0695
  [M2_2/bce/excl_extreme/scale_clinic] Evaluating on test set (med_epoch=20, thresh=0.639) ...

=======================================================
CrossAttn Test Evaluation  (scale_clin=True, scale_aec=False, threshold=0.639)
=======================================================
CrossAttn — training final model for 20 epochs on full CV set …

CrossAttn — Test Set (Overall):
  AUC: 0.7965  AUPRC: 0.2934  Brier: 0.2056  Acc: 0.7727  F1: 0.4262

CrossAttn — Test Set (By Sex):
  [M] n=63  AUC: 0.8591  AUPRC: 0.4710  Brier: 0.2330  Acc: 0.7302  F1: 0.4848
              precision    recall  f1-score   support

      Normal       1.00      0.69      0.82        55
  Sarcopenia       0.32      1.00      0.48         8

    accuracy                           0.73        63
   macro avg       0.66      0.85      0.65        63
weighted avg       0.91      0.73      0.78        63

  [F] n=91  AUC: 0.7507  AUPRC: 0.2172  Brier: 0.1867  Acc: 0.8022  F1: 0.3571
              precision    recall  f1-score   support

      Normal       0.94      0.83      0.88        82
  Sarcopenia       0.26      0.56      0.36         9

    accuracy                           0.80        91
   macro avg       0.60      0.69      0.62        91
weighted avg       0.88      0.80      0.83        91


───────────────────────────────────────────────────────
Test Set — Bootstrap CI
───────────────────────────────────────────────────────

  Bootstrap 95% CI — CrossAttn  (n_boot=2000)
  Metric         Estimate   95% CI Lower   95% CI Upper
  ----------------------------------------------------
  AUC-ROC          0.7965         0.6862         0.8881
  AUPRC            0.2934         0.1669         0.5106
  Brier            0.2056         0.1666         0.2459
  Accuracy         0.7727         0.7013         0.8377
  F1               0.4262         0.2666         0.5672
  [M2_2/bce/excl_extreme/scale_clinic] Saving figures ...

Saved (model 2_2 (excl_extreme, unmatched, bce)):
  연구코드/results/ok/model_2_2\bce\aec128\excl_extreme/data_distribution.png
  연구코드/results/ok/model_2_2\bce\aec128\excl_extreme/cv_roc_curves.png
  연구코드/results/ok/model_2_2\bce\aec128\excl_extreme/cv_metric_distribution.png
  연구코드/results/ok/model_2_2\bce\aec128\excl_extreme/training_curves.png
  연구코드/results/ok/model_2_2\bce\aec128\excl_extreme/test_roc_curves.png
  연구코드/results/ok/model_2_2\bce\aec128\excl_extreme/test_roc_by_sex.png
  연구코드/results/ok/model_2_2\bce\aec128\excl_extreme/confusion_matrices.png
  연구코드/results/ok/model_2_2\bce\aec128\excl_extreme/calibration.png
  연구코드/results/ok/model_2_2\bce\aec128\excl_extreme/results.md
  [M2_2/bce/excl_extreme/scale_clinic] Plotting attention maps ...
  연구코드/results/ok/model_2_2\bce\aec128\excl_extreme/attention_map_c2a.png
  연구코드/results/ok/model_2_2\bce\aec128\excl_extreme/attention_heatmap.png
  [M2_2/bce/excl_extreme/scale_clinic] Done.

############################################################
  [M2_2 len128] CASE : scale_clinic  (scale_clinic=True, loss=bce)
############################################################
  [M2_2/bce/len128/scale_clinic] Cross-validating CrossAttn ...
=======================================================
5-Fold CV  [CrossAttn | scale_clin=True, scale_aec=False]
=======================================================

── Fold 1/5 ──────────────────────────────
  CA   — AUC: 0.7866  AUPRC: 0.3502  Brier: 0.1604  Acc: 0.7246  F1: 0.4062  (best ep=28, thresh=0.398)

── Fold 2/5 ──────────────────────────────
  CA   — AUC: 0.8041  AUPRC: 0.3965  Brier: 0.1663  Acc: 0.7464  F1: 0.4262  (best ep=36, thresh=0.425)

── Fold 3/5 ──────────────────────────────
  CA   — AUC: 0.8611  AUPRC: 0.4749  Brier: 0.1317  Acc: 0.8248  F1: 0.5200  (best ep=48, thresh=0.515)

── Fold 4/5 ──────────────────────────────
  CA   — AUC: 0.7996  AUPRC: 0.4066  Brier: 0.2110  Acc: 0.6934  F1: 0.4000  (best ep=3, thresh=0.514)

── Fold 5/5 ──────────────────────────────
  CA   — AUC: 0.8435  AUPRC: 0.3783  Brier: 0.2442  Acc: 0.7591  F1: 0.4762  (best ep=9, thresh=0.702)

===========================================================================
CrossAttn  —  5-Fold CV Summary
===========================================================================
  Fold      AUC-ROC      AUPRC      Brier   Accuracy         F1
  ----------------------------------------------------------
  1          0.7866     0.3502     0.1604     0.7246     0.4062
  2          0.8041     0.3965     0.1663     0.7464     0.4262
  3          0.8611     0.4749     0.1317     0.8248     0.5200
  4          0.7996     0.4066     0.2110     0.6934     0.4000
  5          0.8435     0.3783     0.2442     0.7591     0.4762
  ──────────────────────────────────────────────────────────
  Mean       0.8190     0.4013     0.1827     0.7497     0.4457
  ±Std       0.0284     0.0415     0.0399     0.0437     0.0458
  [M2_2/bce/len128/scale_clinic] Evaluating on test set (med_epoch=28, thresh=0.514) ...

=======================================================
CrossAttn Test Evaluation  (scale_clin=True, scale_aec=False, threshold=0.514)
=======================================================
CrossAttn — training final model for 28 epochs on full CV set …

CrossAttn — Test Set (Overall):
  AUC: 0.8161  AUPRC: 0.3932  Brier: 0.2176  Acc: 0.6977  F1: 0.4222

CrossAttn — Test Set (By Sex):
  [M] n=71  AUC: 0.8833  AUPRC: 0.5701  Brier: 0.2836  Acc: 0.5775  F1: 0.4231
              precision    recall  f1-score   support

      Normal       1.00      0.50      0.67        60
  Sarcopenia       0.27      1.00      0.42        11

    accuracy                           0.58        71
   macro avg       0.63      0.75      0.54        71
weighted avg       0.89      0.58      0.63        71

  [F] n=101  AUC: 0.7692  AUPRC: 0.2577  Brier: 0.1712  Acc: 0.7822  F1: 0.4211
              precision    recall  f1-score   support

      Normal       0.97      0.78      0.87        91
  Sarcopenia       0.29      0.80      0.42        10

    accuracy                           0.78       101
   macro avg       0.63      0.79      0.64       101
weighted avg       0.90      0.78      0.82       101


───────────────────────────────────────────────────────
Test Set — Bootstrap CI
───────────────────────────────────────────────────────

  Bootstrap 95% CI — CrossAttn  (n_boot=2000)
  Metric         Estimate   95% CI Lower   95% CI Upper
  ----------------------------------------------------
  AUC-ROC          0.8161         0.7082         0.8985
  AUPRC            0.3932         0.2235         0.5983
  Brier            0.2176         0.1791         0.2593
  Accuracy         0.6977         0.6279         0.7616
  F1               0.4222         0.2857         0.5435
  [M2_2/bce/len128/scale_clinic] Saving figures ...

Saved (model 2_2 (len128, unmatched, bce)):
  연구코드/results/ok/model_2_2\bce\aec128\len128/data_distribution.png
  연구코드/results/ok/model_2_2\bce\aec128\len128/cv_roc_curves.png
  연구코드/results/ok/model_2_2\bce\aec128\len128/cv_metric_distribution.png
  연구코드/results/ok/model_2_2\bce\aec128\len128/training_curves.png
  연구코드/results/ok/model_2_2\bce\aec128\len128/test_roc_curves.png
  연구코드/results/ok/model_2_2\bce\aec128\len128/test_roc_by_sex.png
  연구코드/results/ok/model_2_2\bce\aec128\len128/confusion_matrices.png
  연구코드/results/ok/model_2_2\bce\aec128\len128/calibration.png
  연구코드/results/ok/model_2_2\bce\aec128\len128/results.md
  [M2_2/bce/len128/scale_clinic] Plotting attention maps ...
  연구코드/results/ok/model_2_2\bce\aec128\len128/attention_map_c2a.png
  연구코드/results/ok/model_2_2\bce\aec128\len128/attention_heatmap.png
  [M2_2/bce/len128/scale_clinic] Done.

############################################################
  [M2_2 crop80] CASE : scale_clinic  (scale_clinic=True, loss=bce)
############################################################
  [M2_2/bce/crop80/scale_clinic] Cross-validating CrossAttn ...
=======================================================
5-Fold CV  [CrossAttn | scale_clin=True, scale_aec=False]
=======================================================

── Fold 1/5 ──────────────────────────────
  CA   — AUC: 0.7569  AUPRC: 0.3881  Brier: 0.1795  Acc: 0.6377  F1: 0.3750  (best ep=22, thresh=0.391)

── Fold 2/5 ──────────────────────────────
  CA   — AUC: 0.8002  AUPRC: 0.3553  Brier: 0.1659  Acc: 0.7826  F1: 0.4828  (best ep=61, thresh=0.472)

── Fold 3/5 ──────────────────────────────
  CA   — AUC: 0.8652  AUPRC: 0.4407  Brier: 0.1609  Acc: 0.7591  F1: 0.4762  (best ep=18, thresh=0.489)

── Fold 4/5 ──────────────────────────────
  CA   — AUC: 0.8290  AUPRC: 0.3587  Brier: 0.2093  Acc: 0.7153  F1: 0.4348  (best ep=88, thresh=0.585)

── Fold 5/5 ──────────────────────────────
  CA   — AUC: 0.8481  AUPRC: 0.3867  Brier: 0.1999  Acc: 0.7445  F1: 0.4444  (best ep=42, thresh=0.531)

===========================================================================
CrossAttn  —  5-Fold CV Summary
===========================================================================
  Fold      AUC-ROC      AUPRC      Brier   Accuracy         F1
  ----------------------------------------------------------
  1          0.7569     0.3881     0.1795     0.6377     0.3750
  2          0.8002     0.3553     0.1659     0.7826     0.4828
  3          0.8652     0.4407     0.1609     0.7591     0.4762
  4          0.8290     0.3587     0.2093     0.7153     0.4348
  5          0.8481     0.3867     0.1999     0.7445     0.4444
  ──────────────────────────────────────────────────────────
  Mean       0.8199     0.3859     0.1831     0.7279     0.4426
  ±Std       0.0382     0.0306     0.0188     0.0501     0.0384
  [M2_2/bce/crop80/scale_clinic] Evaluating on test set (med_epoch=42, thresh=0.489) ...

=======================================================
CrossAttn Test Evaluation  (scale_clin=True, scale_aec=False, threshold=0.489)
=======================================================
CrossAttn — training final model for 42 epochs on full CV set …

CrossAttn — Test Set (Overall):
  AUC: 0.8354  AUPRC: 0.4306  Brier: 0.2297  Acc: 0.6686  F1: 0.4000

CrossAttn — Test Set (By Sex):
  [M] n=71  AUC: 0.8394  AUPRC: 0.5241  Brier: 0.2843  Acc: 0.5775  F1: 0.4231
              precision    recall  f1-score   support

      Normal       1.00      0.50      0.67        60
  Sarcopenia       0.27      1.00      0.42        11

    accuracy                           0.58        71
   macro avg       0.63      0.75      0.54        71
weighted avg       0.89      0.58      0.63        71

  [F] n=101  AUC: 0.8374  AUPRC: 0.3631  Brier: 0.1912  Acc: 0.7327  F1: 0.3721
              precision    recall  f1-score   support

      Normal       0.97      0.73      0.83        91
  Sarcopenia       0.24      0.80      0.37        10

    accuracy                           0.73       101
   macro avg       0.61      0.76      0.60       101
weighted avg       0.90      0.73      0.78       101


───────────────────────────────────────────────────────
Test Set — Bootstrap CI
───────────────────────────────────────────────────────

  Bootstrap 95% CI — CrossAttn  (n_boot=2000)
  Metric         Estimate   95% CI Lower   95% CI Upper
  ----------------------------------------------------
  AUC-ROC          0.8354         0.7450         0.9059
  AUPRC            0.4306         0.2460         0.6263
  Brier            0.2297         0.1881         0.2729
  Accuracy         0.6686         0.5930         0.7384
  F1               0.4000         0.2667         0.5193
  [M2_2/bce/crop80/scale_clinic] Saving figures ...

Saved (model 2_2 (crop80, unmatched, bce)):
  연구코드/results/ok/model_2_2\bce\aec128\crop80/data_distribution.png
  연구코드/results/ok/model_2_2\bce\aec128\crop80/cv_roc_curves.png
  연구코드/results/ok/model_2_2\bce\aec128\crop80/cv_metric_distribution.png
  연구코드/results/ok/model_2_2\bce\aec128\crop80/training_curves.png
  연구코드/results/ok/model_2_2\bce\aec128\crop80/test_roc_curves.png
  연구코드/results/ok/model_2_2\bce\aec128\crop80/test_roc_by_sex.png
  연구코드/results/ok/model_2_2\bce\aec128\crop80/confusion_matrices.png
  연구코드/results/ok/model_2_2\bce\aec128\crop80/calibration.png
  연구코드/results/ok/model_2_2\bce\aec128\crop80/results.md
  [M2_2/bce/crop80/scale_clinic] Plotting attention maps ...
  연구코드/results/ok/model_2_2\bce\aec128\crop80/attention_map_c2a.png
  연구코드/results/ok/model_2_2\bce\aec128\crop80/attention_heatmap.png
  [M2_2/bce/crop80/scale_clinic] Done.

############################################################
  [M2_2 crop60] CASE : scale_clinic  (scale_clinic=True, loss=bce)
############################################################
  [M2_2/bce/crop60/scale_clinic] Cross-validating CrossAttn ...
=======================================================
5-Fold CV  [CrossAttn | scale_clin=True, scale_aec=False]
=======================================================

── Fold 1/5 ──────────────────────────────
  CA   — AUC: 0.7555  AUPRC: 0.3989  Brier: 0.1639  Acc: 0.7681  F1: 0.4074  (best ep=42, thresh=0.485)

── Fold 2/5 ──────────────────────────────
  CA   — AUC: 0.8007  AUPRC: 0.3910  Brier: 0.1771  Acc: 0.6957  F1: 0.4167  (best ep=76, thresh=0.419)

── Fold 3/5 ──────────────────────────────
  CA   — AUC: 0.8218  AUPRC: 0.4479  Brier: 0.2170  Acc: 0.7883  F1: 0.4528  (best ep=2, thresh=0.628)

── Fold 4/5 ──────────────────────────────
  CA   — AUC: 0.8383  AUPRC: 0.4571  Brier: 0.1934  Acc: 0.7226  F1: 0.4242  (best ep=104, thresh=0.577)

── Fold 5/5 ──────────────────────────────
  CA   — AUC: 0.8559  AUPRC: 0.3941  Brier: 0.2095  Acc: 0.6715  F1: 0.4156  (best ep=19, thresh=0.474)

===========================================================================
CrossAttn  —  5-Fold CV Summary
===========================================================================
  Fold      AUC-ROC      AUPRC      Brier   Accuracy         F1
  ----------------------------------------------------------
  1          0.7555     0.3989     0.1639     0.7681     0.4074
  2          0.8007     0.3910     0.1771     0.6957     0.4167
  3          0.8218     0.4479     0.2170     0.7883     0.4528
  4          0.8383     0.4571     0.1934     0.7226     0.4242
  5          0.8559     0.3941     0.2095     0.6715     0.4156
  ──────────────────────────────────────────────────────────
  Mean       0.8144     0.4178     0.1922     0.7292     0.4233
  ±Std       0.0347     0.0286     0.0197     0.0436     0.0157
  [M2_2/bce/crop60/scale_clinic] Evaluating on test set (med_epoch=42, thresh=0.485) ...

=======================================================
CrossAttn Test Evaluation  (scale_clin=True, scale_aec=False, threshold=0.485)
=======================================================
CrossAttn — training final model for 42 epochs on full CV set …

CrossAttn — Test Set (Overall):
  AUC: 0.8221  AUPRC: 0.3693  Brier: 0.1956  Acc: 0.6977  F1: 0.4222

CrossAttn — Test Set (By Sex):
  [M] n=71  AUC: 0.7909  AUPRC: 0.4379  Brier: 0.2570  Acc: 0.5070  F1: 0.3636
              precision    recall  f1-score   support

      Normal       0.96      0.43      0.60        60
  Sarcopenia       0.23      0.91      0.36        11

    accuracy                           0.51        71
   macro avg       0.60      0.67      0.48        71
weighted avg       0.85      0.51      0.56        71

  [F] n=101  AUC: 0.8495  AUPRC: 0.3741  Brier: 0.1524  Acc: 0.8317  F1: 0.5143
              precision    recall  f1-score   support

      Normal       0.99      0.82      0.90        91
  Sarcopenia       0.36      0.90      0.51        10

    accuracy                           0.83       101
   macro avg       0.67      0.86      0.71       101
weighted avg       0.92      0.83      0.86       101


───────────────────────────────────────────────────────
Test Set — Bootstrap CI
───────────────────────────────────────────────────────

  Bootstrap 95% CI — CrossAttn  (n_boot=2000)
  Metric         Estimate   95% CI Lower   95% CI Upper
  ----------------------------------------------------
  AUC-ROC          0.8221         0.7199         0.9048
  AUPRC            0.3693         0.2162         0.6021
  Brier            0.1956         0.1622         0.2332
  Accuracy         0.6977         0.6221         0.7674
  F1               0.4222         0.2888         0.5455
  [M2_2/bce/crop60/scale_clinic] Saving figures ...

Saved (model 2_2 (crop60, unmatched, bce)):
  연구코드/results/ok/model_2_2\bce\aec128\crop60/data_distribution.png
  연구코드/results/ok/model_2_2\bce\aec128\crop60/cv_roc_curves.png
  연구코드/results/ok/model_2_2\bce\aec128\crop60/cv_metric_distribution.png
  연구코드/results/ok/model_2_2\bce\aec128\crop60/training_curves.png
  연구코드/results/ok/model_2_2\bce\aec128\crop60/test_roc_curves.png
  연구코드/results/ok/model_2_2\bce\aec128\crop60/test_roc_by_sex.png
  연구코드/results/ok/model_2_2\bce\aec128\crop60/confusion_matrices.png
  연구코드/results/ok/model_2_2\bce\aec128\crop60/calibration.png
  연구코드/results/ok/model_2_2\bce\aec128\crop60/results.md
  [M2_2/bce/crop60/scale_clinic] Plotting attention maps ...
  연구코드/results/ok/model_2_2\bce\aec128\crop60/attention_map_c2a.png
  연구코드/results/ok/model_2_2\bce\aec128\crop60/attention_heatmap.png
  [M2_2/bce/crop60/scale_clinic] Done.
