============================================================
  MODEL 3 — Clinic + Scanner + AEC (aec128)  (4 AEC variants)
============================================================

############################################################
  [M3 raw]  (scale_clinic=True, scale_aec=none)
############################################################
  [M3/raw] Cross-validating CrossAttn3 ...
=================================================================
5-Fold CV  [CrossAttn3 | scale_clin=True, scale_aec=none]
=================================================================

── Fold 1/5 ──────────────────────────────
  CA3  — AUC: 0.7092  AUPRC: 0.2735  Brier: 0.2751  Acc: 0.4536  F1: 0.2857  (best ep=499, thresh=0.464)

── Fold 2/5 ──────────────────────────────
  CA3  — AUC: 0.7943  AUPRC: 0.3567  Brier: 0.2469  Acc: 0.8033  F1: 0.4194  (best ep=458, thresh=0.604)

── Fold 3/5 ──────────────────────────────
  CA3  — AUC: 0.7991  AUPRC: 0.4357  Brier: 0.2511  Acc: 0.7923  F1: 0.3871  (best ep=413, thresh=0.662)

── Fold 4/5 ──────────────────────────────
  CA3  — AUC: 0.7840  AUPRC: 0.3564  Brier: 0.2331  Acc: 0.7650  F1: 0.4110  (best ep=332, thresh=0.579)

── Fold 5/5 ──────────────────────────────
  CA3  — AUC: 0.7326  AUPRC: 0.2683  Brier: 0.2677  Acc: 0.8022  F1: 0.3793  (best ep=387, thresh=0.627)

===========================================================================
CrossAttn3  —  5-Fold CV Summary
===========================================================================
  Fold      AUC-ROC      AUPRC      Brier   Accuracy         F1
  ----------------------------------------------------------
  1          0.7092     0.2735     0.2751     0.4536     0.2857
  2          0.7943     0.3567     0.2469     0.8033     0.4194
  3          0.7991     0.4357     0.2511     0.7923     0.3871
  4          0.7840     0.3564     0.2331     0.7650     0.4110
  5          0.7326     0.2683     0.2677     0.8022     0.3793
  ──────────────────────────────────────────────────────────
  Mean       0.7639     0.3381     0.2548     0.7233     0.3765
  ±Std       0.0362     0.0621     0.0150     0.1356     0.0477
  [M3/raw] Evaluating on test set (med_epoch=413, thresh=0.604) ...

=================================================================
CrossAttn3 Test Evaluation  (scale_clin=True, scale_aec=none, threshold=0.604)
=================================================================
CrossAttn3 — training final model for 413 epochs on full CV set …
  [CrossAttn3] Model weights saved → 연구코드/results/0605/stage4_1e-05_epoch500/model_3\raw128\raw\M3_raw_weights.pt

CrossAttn3 — Test Set (Overall):
  AUC: 0.7496  AUPRC: 0.2333  Brier: 0.2621  Acc: 0.7467  F1: 0.3409

CrossAttn3 — Test Set (By Sex):
  [M] n=82  AUC: 0.6968  AUPRC: 0.2703  Brier: 0.3011  Acc: 0.6341  F1: 0.3750
              precision    recall  f1-score   support

      Normal       0.91      0.62      0.74        69
  Sarcopenia       0.26      0.69      0.38        13

    accuracy                           0.63        82
   macro avg       0.59      0.66      0.56        82
weighted avg       0.81      0.63      0.68        82

  [F] n=147  AUC: 0.7433  AUPRC: 0.2058  Brier: 0.2403  Acc: 0.8095  F1: 0.3000
              precision    recall  f1-score   support

      Normal       0.96      0.83      0.89       136
  Sarcopenia       0.21      0.55      0.30        11

    accuracy                           0.81       147
   macro avg       0.58      0.69      0.59       147
weighted avg       0.90      0.81      0.85       147


───────────────────────────────────────────────────────
Test Set — Bootstrap CI
───────────────────────────────────────────────────────

  Bootstrap 95% CI — CrossAttn3  (n_boot=2000)
  Metric         Estimate   95% CI Lower   95% CI Upper
  ----------------------------------------------------
  AUC-ROC          0.7496         0.6605         0.8390
  AUPRC            0.2333         0.1460         0.4037
  Brier            0.2621         0.2428         0.2804
  Accuracy         0.7467         0.6856         0.8035
  F1               0.3409         0.2118         0.4694
  [M3/raw] Saving figures ...

Saved (model 3 (raw)):
  연구코드/results/0605/stage4_1e-05_epoch500/model_3\raw128\raw/data_distribution.png
  연구코드/results/0605/stage4_1e-05_epoch500/model_3\raw128\raw/cv_roc_curves.png
  연구코드/results/0605/stage4_1e-05_epoch500/model_3\raw128\raw/cv_metric_distribution.png
  연구코드/results/0605/stage4_1e-05_epoch500/model_3\raw128\raw/training_curves.png
  연구코드/results/0605/stage4_1e-05_epoch500/model_3\raw128\raw/test_roc_curves.png
  연구코드/results/0605/stage4_1e-05_epoch500/model_3\raw128\raw/test_roc_by_sex.png
  연구코드/results/0605/stage4_1e-05_epoch500/model_3\raw128\raw/confusion_matrices.png
  연구코드/results/0605/stage4_1e-05_epoch500/model_3\raw128\raw/calibration.png
  연구코드/results/0605/stage4_1e-05_epoch500/model_3\raw128\raw/results.md
  [M3/raw] Plotting attention maps ...
  연구코드/results/0605/stage4_1e-05_epoch500/model_3\raw128\raw/attention_map_c2a.png
  연구코드/results/0605/stage4_1e-05_epoch500/model_3\raw128\raw/attention_heatmap_c2a.png
  연구코드/results/0605/stage4_1e-05_epoch500/model_3\raw128\raw/attention_map_a2c.png
  연구코드/results/0605/stage4_1e-05_epoch500/model_3\raw128\raw/attention_heatmap_a2c.png
  [M3/raw] Plotting Grad-CAM ...
  연구코드/results/0605/stage4_1e-05_epoch500/model_3\raw128\raw/cam_aec_mean.png
  연구코드/results/0605/stage4_1e-05_epoch500/model_3\raw128\raw/cam_aec_lines.png
  연구코드/results/0605/stage4_1e-05_epoch500/model_3\raw128\raw/cam_aec_heatmap.png
  [M3/raw] Done.

############################################################
  [M3 std_scaled]  (scale_clinic=True, scale_aec=column)
############################################################
  [M3/std_scaled] Cross-validating CrossAttn3 ...
=================================================================
5-Fold CV  [CrossAttn3 | scale_clin=True, scale_aec=column]
=================================================================

── Fold 1/5 ──────────────────────────────
  CA3  — AUC: 0.8356  AUPRC: 0.3944  Brier: 0.2505  Acc: 0.6393  F1: 0.3654  (best ep=491, thresh=0.513)

── Fold 2/5 ──────────────────────────────
  CA3  — AUC: 0.8180  AUPRC: 0.4688  Brier: 0.2297  Acc: 0.8251  F1: 0.4286  (best ep=437, thresh=0.594)

── Fold 3/5 ──────────────────────────────
  CA3  — AUC: 0.7843  AUPRC: 0.3751  Brier: 0.2681  Acc: 0.8361  F1: 0.4444  (best ep=497, thresh=0.702)

── Fold 4/5 ──────────────────────────────
  CA3  — AUC: 0.7712  AUPRC: 0.3501  Brier: 0.2478  Acc: 0.7650  F1: 0.3944  (best ep=408, thresh=0.588)

── Fold 5/5 ──────────────────────────────
  CA3  — AUC: 0.7611  AUPRC: 0.3557  Brier: 0.2499  Acc: 0.7802  F1: 0.3750  (best ep=447, thresh=0.617)

===========================================================================
CrossAttn3  —  5-Fold CV Summary
===========================================================================
  Fold      AUC-ROC      AUPRC      Brier   Accuracy         F1
  ----------------------------------------------------------
  1          0.8356     0.3944     0.2505     0.6393     0.3654
  2          0.8180     0.4688     0.2297     0.8251     0.4286
  3          0.7843     0.3751     0.2681     0.8361     0.4444
  4          0.7712     0.3501     0.2478     0.7650     0.3944
  5          0.7611     0.3557     0.2499     0.7802     0.3750
  ──────────────────────────────────────────────────────────
  Mean       0.7940     0.3888     0.2492     0.7692     0.4016
  ±Std       0.0283     0.0429     0.0122     0.0701     0.0304
  [M3/std_scaled] Evaluating on test set (med_epoch=447, thresh=0.594) ...

=================================================================
CrossAttn3 Test Evaluation  (scale_clin=True, scale_aec=column, threshold=0.594)
=================================================================
CrossAttn3 — training final model for 447 epochs on full CV set …
  [CrossAttn3] Model weights saved → 연구코드/results/0605/stage4_1e-05_epoch500/model_3\raw128\std_scaled\M3_std_scaled_weights.pt

CrossAttn3 — Test Set (Overall):
  AUC: 0.7439  AUPRC: 0.2251  Brier: 0.2687  Acc: 0.6987  F1: 0.3168

CrossAttn3 — Test Set (By Sex):
  [M] n=82  AUC: 0.6823  AUPRC: 0.2489  Brier: 0.2737  Acc: 0.6829  F1: 0.3500
              precision    recall  f1-score   support

      Normal       0.89      0.71      0.79        69
  Sarcopenia       0.26      0.54      0.35        13

    accuracy                           0.68        82
   macro avg       0.58      0.62      0.57        82
weighted avg       0.79      0.68      0.72        82

  [F] n=147  AUC: 0.8041  AUPRC: 0.2635  Brier: 0.2659  Acc: 0.7075  F1: 0.2951
              precision    recall  f1-score   support

      Normal       0.98      0.70      0.82       136
  Sarcopenia       0.18      0.82      0.30        11

    accuracy                           0.71       147
   macro avg       0.58      0.76      0.56       147
weighted avg       0.92      0.71      0.78       147


───────────────────────────────────────────────────────
Test Set — Bootstrap CI
───────────────────────────────────────────────────────

  Bootstrap 95% CI — CrossAttn3  (n_boot=2000)
  Metric         Estimate   95% CI Lower   95% CI Upper
  ----------------------------------------------------
  AUC-ROC          0.7439         0.6390         0.8401
  AUPRC            0.2251         0.1412         0.3716
  Brier            0.2687         0.2443         0.2920
  Accuracy         0.6987         0.6376         0.7556
  F1               0.3168         0.1975         0.4400
  [M3/std_scaled] Saving figures ...

Saved (model 3 (std_scaled)):
  연구코드/results/0605/stage4_1e-05_epoch500/model_3\raw128\std_scaled/data_distribution.png
  연구코드/results/0605/stage4_1e-05_epoch500/model_3\raw128\std_scaled/cv_roc_curves.png
  연구코드/results/0605/stage4_1e-05_epoch500/model_3\raw128\std_scaled/cv_metric_distribution.png
  연구코드/results/0605/stage4_1e-05_epoch500/model_3\raw128\std_scaled/training_curves.png
  연구코드/results/0605/stage4_1e-05_epoch500/model_3\raw128\std_scaled/test_roc_curves.png
  연구코드/results/0605/stage4_1e-05_epoch500/model_3\raw128\std_scaled/test_roc_by_sex.png
  연구코드/results/0605/stage4_1e-05_epoch500/model_3\raw128\std_scaled/confusion_matrices.png
  연구코드/results/0605/stage4_1e-05_epoch500/model_3\raw128\std_scaled/calibration.png
  연구코드/results/0605/stage4_1e-05_epoch500/model_3\raw128\std_scaled/results.md
  [M3/std_scaled] Plotting attention maps ...
  연구코드/results/0605/stage4_1e-05_epoch500/model_3\raw128\std_scaled/attention_map_c2a.png
  연구코드/results/0605/stage4_1e-05_epoch500/model_3\raw128\std_scaled/attention_heatmap_c2a.png
  연구코드/results/0605/stage4_1e-05_epoch500/model_3\raw128\std_scaled/attention_map_a2c.png
  연구코드/results/0605/stage4_1e-05_epoch500/model_3\raw128\std_scaled/attention_heatmap_a2c.png
  [M3/std_scaled] Plotting Grad-CAM ...
  연구코드/results/0605/stage4_1e-05_epoch500/model_3\raw128\std_scaled/cam_aec_mean.png
  연구코드/results/0605/stage4_1e-05_epoch500/model_3\raw128\std_scaled/cam_aec_lines.png
  연구코드/results/0605/stage4_1e-05_epoch500/model_3\raw128\std_scaled/cam_aec_heatmap.png
  [M3/std_scaled] Done.

############################################################
  [M3 norm]  (scale_clinic=True, scale_aec=none)
############################################################
  [M3/norm] Cross-validating CrossAttn3 ...
=================================================================
5-Fold CV  [CrossAttn3 | scale_clin=True, scale_aec=none]
=================================================================

── Fold 1/5 ──────────────────────────────
  CA3  — AUC: 0.8479  AUPRC: 0.4233  Brier: 0.2679  Acc: 0.7541  F1: 0.4304  (best ep=107, thresh=0.603)

── Fold 2/5 ──────────────────────────────
  CA3  — AUC: 0.8415  AUPRC: 0.4753  Brier: 0.2239  Acc: 0.7760  F1: 0.4384  (best ep=280, thresh=0.583)

── Fold 3/5 ──────────────────────────────
  CA3  — AUC: 0.7776  AUPRC: 0.2827  Brier: 0.2619  Acc: 0.5301  F1: 0.3065  (best ep=412, thresh=0.485)

── Fold 4/5 ──────────────────────────────
  CA3  — AUC: 0.7612  AUPRC: 0.3249  Brier: 0.2303  Acc: 0.7268  F1: 0.3750  (best ep=486, thresh=0.518)

── Fold 5/5 ──────────────────────────────
  CA3  — AUC: 0.7924  AUPRC: 0.4071  Brier: 0.2457  Acc: 0.8242  F1: 0.4667  (best ep=432, thresh=0.668)

===========================================================================
CrossAttn3  —  5-Fold CV Summary
===========================================================================
  Fold      AUC-ROC      AUPRC      Brier   Accuracy         F1
  ----------------------------------------------------------
  1          0.8479     0.4233     0.2679     0.7541     0.4304
  2          0.8415     0.4753     0.2239     0.7760     0.4384
  3          0.7776     0.2827     0.2619     0.5301     0.3065
  4          0.7612     0.3249     0.2303     0.7268     0.3750
  5          0.7924     0.4071     0.2457     0.8242     0.4667
  ──────────────────────────────────────────────────────────
  Mean       0.8041     0.3826     0.2459     0.7222     0.4034
  ±Std       0.0346     0.0695     0.0171     0.1012     0.0568
  [M3/norm] Evaluating on test set (med_epoch=412, thresh=0.583) ...

=================================================================
CrossAttn3 Test Evaluation  (scale_clin=True, scale_aec=none, threshold=0.583)
=================================================================
CrossAttn3 — training final model for 412 epochs on full CV set …
  [CrossAttn3] Model weights saved → 연구코드/results/0605/stage4_1e-05_epoch500/model_3\raw128\norm\M3_norm_weights.pt

CrossAttn3 — Test Set (Overall):
  AUC: 0.7508  AUPRC: 0.2714  Brier: 0.2678  Acc: 0.6900  F1: 0.3238

CrossAttn3 — Test Set (By Sex):
  [M] n=82  AUC: 0.6923  AUPRC: 0.2827  Brier: 0.2712  Acc: 0.6829  F1: 0.3810
              precision    recall  f1-score   support

      Normal       0.91      0.70      0.79        69
  Sarcopenia       0.28      0.62      0.38        13

    accuracy                           0.68        82
   macro avg       0.59      0.66      0.58        82
weighted avg       0.81      0.68      0.72        82

  [F] n=147  AUC: 0.8282  AUPRC: 0.3165  Brier: 0.2659  Acc: 0.6939  F1: 0.2857
              precision    recall  f1-score   support

      Normal       0.98      0.68      0.81       136
  Sarcopenia       0.17      0.82      0.29        11

    accuracy                           0.69       147
   macro avg       0.58      0.75      0.55       147
weighted avg       0.92      0.69      0.77       147


───────────────────────────────────────────────────────
Test Set — Bootstrap CI
───────────────────────────────────────────────────────

  Bootstrap 95% CI — CrossAttn3  (n_boot=2000)
  Metric         Estimate   95% CI Lower   95% CI Upper
  ----------------------------------------------------
  AUC-ROC          0.7508         0.6568         0.8396
  AUPRC            0.2714         0.1512         0.4495
  Brier            0.2678         0.2484         0.2874
  Accuracy         0.6900         0.6288         0.7468
  F1               0.3238         0.2083         0.4381
  [M3/norm] Saving figures ...

Saved (model 3 (norm)):
  연구코드/results/0605/stage4_1e-05_epoch500/model_3\raw128\norm/data_distribution.png
  연구코드/results/0605/stage4_1e-05_epoch500/model_3\raw128\norm/cv_roc_curves.png
  연구코드/results/0605/stage4_1e-05_epoch500/model_3\raw128\norm/cv_metric_distribution.png
  연구코드/results/0605/stage4_1e-05_epoch500/model_3\raw128\norm/training_curves.png
  연구코드/results/0605/stage4_1e-05_epoch500/model_3\raw128\norm/test_roc_curves.png
  연구코드/results/0605/stage4_1e-05_epoch500/model_3\raw128\norm/test_roc_by_sex.png
  연구코드/results/0605/stage4_1e-05_epoch500/model_3\raw128\norm/confusion_matrices.png
  연구코드/results/0605/stage4_1e-05_epoch500/model_3\raw128\norm/calibration.png
  연구코드/results/0605/stage4_1e-05_epoch500/model_3\raw128\norm/results.md
  [M3/norm] Plotting attention maps ...
  연구코드/results/0605/stage4_1e-05_epoch500/model_3\raw128\norm/attention_map_c2a.png
  연구코드/results/0605/stage4_1e-05_epoch500/model_3\raw128\norm/attention_heatmap_c2a.png
  연구코드/results/0605/stage4_1e-05_epoch500/model_3\raw128\norm/attention_map_a2c.png
  연구코드/results/0605/stage4_1e-05_epoch500/model_3\raw128\norm/attention_heatmap_a2c.png
  [M3/norm] Plotting Grad-CAM ...
  연구코드/results/0605/stage4_1e-05_epoch500/model_3\raw128\norm/cam_aec_mean.png
  연구코드/results/0605/stage4_1e-05_epoch500/model_3\raw128\norm/cam_aec_lines.png
  연구코드/results/0605/stage4_1e-05_epoch500/model_3\raw128\norm/cam_aec_heatmap.png
  [M3/norm] Done.

############################################################
  [M3 global_zscore]  (scale_clinic=True, scale_aec=global)
############################################################
  [M3/global_zscore] Cross-validating CrossAttn3 ...
=================================================================
5-Fold CV  [CrossAttn3 | scale_clin=True, scale_aec=global]
=================================================================

── Fold 1/5 ──────────────────────────────
  CA3  — AUC: 0.7972  AUPRC: 0.3324  Brier: 0.2641  Acc: 0.6667  F1: 0.3711  (best ep=466, thresh=0.579)

── Fold 2/5 ──────────────────────────────
  CA3  — AUC: 0.7959  AUPRC: 0.3270  Brier: 0.2362  Acc: 0.8197  F1: 0.4590  (best ep=425, thresh=0.592)

── Fold 3/5 ──────────────────────────────
  CA3  — AUC: 0.7699  AUPRC: 0.3790  Brier: 0.2664  Acc: 0.7978  F1: 0.4127  (best ep=408, thresh=0.657)

── Fold 4/5 ──────────────────────────────
  CA3  — AUC: 0.8062  AUPRC: 0.3898  Brier: 0.2345  Acc: 0.6721  F1: 0.3617  (best ep=338, thresh=0.520)

── Fold 5/5 ──────────────────────────────
  CA3  — AUC: 0.7921  AUPRC: 0.3538  Brier: 0.2494  Acc: 0.8626  F1: 0.4681  (best ep=466, thresh=0.664)

===========================================================================
CrossAttn3  —  5-Fold CV Summary
===========================================================================
  Fold      AUC-ROC      AUPRC      Brier   Accuracy         F1
  ----------------------------------------------------------
  1          0.7972     0.3324     0.2641     0.6667     0.3711
  2          0.7959     0.3270     0.2362     0.8197     0.4590
  3          0.7699     0.3790     0.2664     0.7978     0.4127
  4          0.8062     0.3898     0.2345     0.6721     0.3617
  5          0.7921     0.3538     0.2494     0.8626     0.4681
  ──────────────────────────────────────────────────────────
  Mean       0.7922     0.3564     0.2501     0.7638     0.4145
  ±Std       0.0121     0.0248     0.0134     0.0799     0.0436
  [M3/global_zscore] Evaluating on test set (med_epoch=425, thresh=0.592) ...

=================================================================
CrossAttn3 Test Evaluation  (scale_clin=True, scale_aec=global, threshold=0.592)
=================================================================
CrossAttn3 — training final model for 425 epochs on full CV set …
  [CrossAttn3] Model weights saved → 연구코드/results/0605/stage4_1e-05_epoch500/model_3\raw128\global_zscore\M3_global_zscore_weights.pt

CrossAttn3 — Test Set (Overall):
  AUC: 0.7671  AUPRC: 0.2641  Brier: 0.2696  Acc: 0.6943  F1: 0.3269

CrossAttn3 — Test Set (By Sex):
  [M] n=82  AUC: 0.7447  AUPRC: 0.3170  Brier: 0.2696  Acc: 0.7073  F1: 0.4545
              precision    recall  f1-score   support

      Normal       0.94      0.70      0.80        69
  Sarcopenia       0.32      0.77      0.45        13

    accuracy                           0.71        82
   macro avg       0.63      0.73      0.63        82
weighted avg       0.84      0.71      0.75        82

  [F] n=147  AUC: 0.7714  AUPRC: 0.2543  Brier: 0.2696  Acc: 0.6871  F1: 0.2333
              precision    recall  f1-score   support

      Normal       0.96      0.69      0.80       136
  Sarcopenia       0.14      0.64      0.23        11

    accuracy                           0.69       147
   macro avg       0.55      0.66      0.52       147
weighted avg       0.90      0.69      0.76       147


───────────────────────────────────────────────────────
Test Set — Bootstrap CI
───────────────────────────────────────────────────────

  Bootstrap 95% CI — CrossAttn3  (n_boot=2000)
  Metric         Estimate   95% CI Lower   95% CI Upper
  ----------------------------------------------------
  AUC-ROC          0.7671         0.6777         0.8566
  AUPRC            0.2641         0.1625         0.4526
  Brier            0.2696         0.2486         0.2891
  Accuracy         0.6943         0.6374         0.7555
  F1               0.3269         0.2105         0.4425
  [M3/global_zscore] Saving figures ...

Saved (model 3 (global_zscore)):
  연구코드/results/0605/stage4_1e-05_epoch500/model_3\raw128\global_zscore/data_distribution.png
  연구코드/results/0605/stage4_1e-05_epoch500/model_3\raw128\global_zscore/cv_roc_curves.png
  연구코드/results/0605/stage4_1e-05_epoch500/model_3\raw128\global_zscore/cv_metric_distribution.png
  연구코드/results/0605/stage4_1e-05_epoch500/model_3\raw128\global_zscore/training_curves.png
  연구코드/results/0605/stage4_1e-05_epoch500/model_3\raw128\global_zscore/test_roc_curves.png
  연구코드/results/0605/stage4_1e-05_epoch500/model_3\raw128\global_zscore/test_roc_by_sex.png
  연구코드/results/0605/stage4_1e-05_epoch500/model_3\raw128\global_zscore/confusion_matrices.png
  연구코드/results/0605/stage4_1e-05_epoch500/model_3\raw128\global_zscore/calibration.png
  연구코드/results/0605/stage4_1e-05_epoch500/model_3\raw128\global_zscore/results.md
  [M3/global_zscore] Plotting attention maps ...
  연구코드/results/0605/stage4_1e-05_epoch500/model_3\raw128\global_zscore/attention_map_c2a.png
  연구코드/results/0605/stage4_1e-05_epoch500/model_3\raw128\global_zscore/attention_heatmap_c2a.png
  연구코드/results/0605/stage4_1e-05_epoch500/model_3\raw128\global_zscore/attention_map_a2c.png
  연구코드/results/0605/stage4_1e-05_epoch500/model_3\raw128\global_zscore/attention_heatmap_a2c.png
  [M3/global_zscore] Plotting Grad-CAM ...
  연구코드/results/0605/stage4_1e-05_epoch500/model_3\raw128\global_zscore/cam_aec_mean.png
  연구코드/results/0605/stage4_1e-05_epoch500/model_3\raw128\global_zscore/cam_aec_lines.png
  연구코드/results/0605/stage4_1e-05_epoch500/model_3\raw128\global_zscore/cam_aec_heatmap.png
  [M3/global_zscore] Done.
