============================================================
  MODEL 3 — Clinic + Scanner + AEC (aec128, FocalLoss)  (5 AEC variants × 1 cases)
============================================================

############################################################
  [M3 norm] CASE : scale_clinic  (scale_clinic=True, loss=focal)
############################################################
  [M3/focal/norm/scale_clinic] Cross-validating CrossAttn3 ...
=================================================================
5-Fold CV  [CrossAttn3 | scale_clin=True, scale_aec=False]
=================================================================

── Fold 1/5 ──────────────────────────────
  CA3  — AUC: 0.8669  AUPRC: 0.5148  Brier: 0.1770  Acc: 0.8172  F1: 0.4848  (best ep=10, thresh=0.511)

── Fold 2/5 ──────────────────────────────
  CA3  — AUC: 0.8009  AUPRC: 0.4246  Brier: 0.2036  Acc: 0.7688  F1: 0.4416  (best ep=1, thresh=0.481)

── Fold 3/5 ──────────────────────────────
  CA3  — AUC: 0.7861  AUPRC: 0.3444  Brier: 0.1962  Acc: 0.6935  F1: 0.3736  (best ep=6, thresh=0.489)

── Fold 4/5 ──────────────────────────────
  CA3  — AUC: 0.7720  AUPRC: 0.3271  Brier: 0.1972  Acc: 0.7903  F1: 0.4507  (best ep=1, thresh=0.460)

── Fold 5/5 ──────────────────────────────
  CA3  — AUC: 0.7552  AUPRC: 0.2897  Brier: 0.1909  Acc: 0.7568  F1: 0.3478  (best ep=12, thresh=0.544)

===========================================================================
CrossAttn3  —  5-Fold CV Summary
===========================================================================
  Fold      AUC-ROC      AUPRC      Brier   Accuracy         F1
  ----------------------------------------------------------
  1          0.8669     0.5148     0.1770     0.8172     0.4848
  2          0.8009     0.4246     0.2036     0.7688     0.4416
  3          0.7861     0.3444     0.1962     0.6935     0.3736
  4          0.7720     0.3271     0.1972     0.7903     0.4507
  5          0.7552     0.2897     0.1909     0.7568     0.3478
  ──────────────────────────────────────────────────────────
  Mean       0.7962     0.3801     0.1930     0.7653     0.4197
  ±Std       0.0384     0.0805     0.0089     0.0414     0.0509
  [M3/focal/norm/scale_clinic] Evaluating on test set (med_epoch=6, thresh=0.489) ...

=================================================================
CrossAttn3 Test Evaluation  (scale_clin=True, scale_aec=False, threshold=0.489)
=================================================================
CrossAttn3 — training final model for 6 epochs on full CV set …

CrossAttn3 — Test Set (Overall):
  AUC: 0.8117  AUPRC: 0.4054  Brier: 0.2025  Acc: 0.6738  F1: 0.3559

CrossAttn3 — Test Set (By Sex):
  [M] n=85  AUC: 0.7887  AUPRC: 0.4931  Brier: 0.2104  Acc: 0.6471  F1: 0.4444
              precision    recall  f1-score   support

      Normal       0.96      0.61      0.74        71
  Sarcopenia       0.30      0.86      0.44        14

    accuracy                           0.65        85
   macro avg       0.63      0.73      0.59        85
weighted avg       0.85      0.65      0.69        85

  [F] n=148  AUC: 0.8122  AUPRC: 0.3032  Brier: 0.1980  Acc: 0.6892  F1: 0.2812
              precision    recall  f1-score   support

      Normal       0.98      0.68      0.80       137
  Sarcopenia       0.17      0.82      0.28        11

    accuracy                           0.69       148
   macro avg       0.57      0.75      0.54       148
weighted avg       0.92      0.69      0.76       148


───────────────────────────────────────────────────────
Test Set — Bootstrap CI
───────────────────────────────────────────────────────

  Bootstrap 95% CI — CrossAttn3  (n_boot=2000)
  Metric         Estimate   95% CI Lower   95% CI Upper
  ----------------------------------------------------
  AUC-ROC          0.8117         0.7179         0.8942
  AUPRC            0.4054         0.2397         0.5936
  Brier            0.2025         0.1866         0.2185
  Accuracy         0.6738         0.6137         0.7297
  F1               0.3559         0.2474         0.4672
  [M3/focal/norm/scale_clinic] Saving figures ...

Saved (model 3 (norm, focal)):
  연구코드/results/ok+missing/model_3\focal\aec128\norm/data_distribution.png
  연구코드/results/ok+missing/model_3\focal\aec128\norm/cv_roc_curves.png
  연구코드/results/ok+missing/model_3\focal\aec128\norm/cv_metric_distribution.png
  연구코드/results/ok+missing/model_3\focal\aec128\norm/training_curves.png
  연구코드/results/ok+missing/model_3\focal\aec128\norm/test_roc_curves.png
  연구코드/results/ok+missing/model_3\focal\aec128\norm/test_roc_by_sex.png
  연구코드/results/ok+missing/model_3\focal\aec128\norm/confusion_matrices.png
  연구코드/results/ok+missing/model_3\focal\aec128\norm/calibration.png
  연구코드/results/ok+missing/model_3\focal\aec128\norm/results.md
  [M3/focal/norm/scale_clinic] Plotting attention maps ...
  연구코드/results/ok+missing/model_3\focal\aec128\norm/attention_map_c2a.png
  연구코드/results/ok+missing/model_3\focal\aec128\norm/attention_heatmap.png
  [M3/focal/norm/scale_clinic] Done.

############################################################
  [M3 excl_extreme] CASE : scale_clinic  (scale_clinic=True, loss=focal)
############################################################
  [M3/focal/excl_extreme/scale_clinic] Cross-validating CrossAttn3 ...
=================================================================
5-Fold CV  [CrossAttn3 | scale_clin=True, scale_aec=False]
=================================================================

── Fold 1/5 ──────────────────────────────
  CA3  — AUC: 0.8408  AUPRC: 0.4123  Brier: 0.1927  Acc: 0.7605  F1: 0.4444  (best ep=4, thresh=0.538)

── Fold 2/5 ──────────────────────────────
  CA3  — AUC: 0.8863  AUPRC: 0.4056  Brier: 0.1984  Acc: 0.7784  F1: 0.4638  (best ep=7, thresh=0.532)

── Fold 3/5 ──────────────────────────────
  CA3  — AUC: 0.8125  AUPRC: 0.3808  Brier: 0.1872  Acc: 0.8263  F1: 0.4528  (best ep=2, thresh=0.506)

── Fold 4/5 ──────────────────────────────
  CA3  — AUC: 0.7694  AUPRC: 0.3692  Brier: 0.1757  Acc: 0.6048  F1: 0.3125  (best ep=25, thresh=0.342)

── Fold 5/5 ──────────────────────────────
  CA3  — AUC: 0.7755  AUPRC: 0.3183  Brier: 0.1819  Acc: 0.6168  F1: 0.3333  (best ep=2, thresh=0.409)

===========================================================================
CrossAttn3  —  5-Fold CV Summary
===========================================================================
  Fold      AUC-ROC      AUPRC      Brier   Accuracy         F1
  ----------------------------------------------------------
  1          0.8408     0.4123     0.1927     0.7605     0.4444
  2          0.8863     0.4056     0.1984     0.7784     0.4638
  3          0.8125     0.3808     0.1872     0.8263     0.4528
  4          0.7694     0.3692     0.1757     0.6048     0.3125
  5          0.7755     0.3183     0.1819     0.6168     0.3333
  ──────────────────────────────────────────────────────────
  Mean       0.8169     0.3772     0.1872     0.7174     0.4014
  ±Std       0.0433     0.0334     0.0079     0.0897     0.0647
  [M3/focal/excl_extreme/scale_clinic] Evaluating on test set (med_epoch=4, thresh=0.506) ...

=================================================================
CrossAttn3 Test Evaluation  (scale_clin=True, scale_aec=False, threshold=0.506)
=================================================================
CrossAttn3 — training final model for 4 epochs on full CV set …

CrossAttn3 — Test Set (Overall):
  AUC: 0.8194  AUPRC: 0.4467  Brier: 0.1996  Acc: 0.6986  F1: 0.3368

CrossAttn3 — Test Set (By Sex):
  [M] n=71  AUC: 0.8485  AUPRC: 0.5928  Brier: 0.1894  Acc: 0.7324  F1: 0.4571
              precision    recall  f1-score   support

      Normal       0.94      0.73      0.82        60
  Sarcopenia       0.33      0.73      0.46        11

    accuracy                           0.73        71
   macro avg       0.63      0.73      0.64        71
weighted avg       0.84      0.73      0.77        71

  [F] n=138  AUC: 0.8003  AUPRC: 0.3454  Brier: 0.2048  Acc: 0.6812  F1: 0.2667
              precision    recall  f1-score   support

      Normal       0.97      0.68      0.80       127
  Sarcopenia       0.16      0.73      0.27        11

    accuracy                           0.68       138
   macro avg       0.56      0.70      0.53       138
weighted avg       0.90      0.68      0.75       138


───────────────────────────────────────────────────────
Test Set — Bootstrap CI
───────────────────────────────────────────────────────

  Bootstrap 95% CI — CrossAttn3  (n_boot=2000)
  Metric         Estimate   95% CI Lower   95% CI Upper
  ----------------------------------------------------
  AUC-ROC          0.8194         0.7292         0.8928
  AUPRC            0.4467         0.2539         0.6447
  Brier            0.1996         0.1852         0.2147
  Accuracy         0.6986         0.6364         0.7560
  F1               0.3368         0.2078         0.4571
  [M3/focal/excl_extreme/scale_clinic] Saving figures ...

Saved (model 3 (excl_extreme, focal)):
  연구코드/results/ok+missing/model_3\focal\aec128\excl_extreme/data_distribution.png
  연구코드/results/ok+missing/model_3\focal\aec128\excl_extreme/cv_roc_curves.png
  연구코드/results/ok+missing/model_3\focal\aec128\excl_extreme/cv_metric_distribution.png
  연구코드/results/ok+missing/model_3\focal\aec128\excl_extreme/training_curves.png
  연구코드/results/ok+missing/model_3\focal\aec128\excl_extreme/test_roc_curves.png
  연구코드/results/ok+missing/model_3\focal\aec128\excl_extreme/test_roc_by_sex.png
  연구코드/results/ok+missing/model_3\focal\aec128\excl_extreme/confusion_matrices.png
  연구코드/results/ok+missing/model_3\focal\aec128\excl_extreme/calibration.png
  연구코드/results/ok+missing/model_3\focal\aec128\excl_extreme/results.md
  [M3/focal/excl_extreme/scale_clinic] Plotting attention maps ...
  연구코드/results/ok+missing/model_3\focal\aec128\excl_extreme/attention_map_c2a.png
  연구코드/results/ok+missing/model_3\focal\aec128\excl_extreme/attention_heatmap.png
  [M3/focal/excl_extreme/scale_clinic] Done.

############################################################
  [M3 len128] CASE : scale_clinic  (scale_clinic=True, loss=focal)
############################################################
  [M3/focal/len128/scale_clinic] Cross-validating CrossAttn3 ...
=================================================================
5-Fold CV  [CrossAttn3 | scale_clin=True, scale_aec=False]
=================================================================

── Fold 1/5 ──────────────────────────────
  CA3  — AUC: 0.8654  AUPRC: 0.5363  Brier: 0.2262  Acc: 0.8280  F1: 0.5152  (best ep=2, thresh=0.552)

── Fold 2/5 ──────────────────────────────
  CA3  — AUC: 0.8325  AUPRC: 0.3642  Brier: 0.2255  Acc: 0.7043  F1: 0.4086  (best ep=5, thresh=0.521)

── Fold 3/5 ──────────────────────────────
  CA3  — AUC: 0.8003  AUPRC: 0.3221  Brier: 0.2440  Acc: 0.7849  F1: 0.4286  (best ep=1, thresh=0.539)

── Fold 4/5 ──────────────────────────────
  CA3  — AUC: 0.7554  AUPRC: 0.2636  Brier: 0.1705  Acc: 0.7527  F1: 0.4103  (best ep=52, thresh=0.479)

── Fold 5/5 ──────────────────────────────
  CA3  — AUC: 0.7964  AUPRC: 0.3534  Brier: 0.1942  Acc: 0.8108  F1: 0.4068  (best ep=34, thresh=0.570)

===========================================================================
CrossAttn3  —  5-Fold CV Summary
===========================================================================
  Fold      AUC-ROC      AUPRC      Brier   Accuracy         F1
  ----------------------------------------------------------
  1          0.8654     0.5363     0.2262     0.8280     0.5152
  2          0.8325     0.3642     0.2255     0.7043     0.4086
  3          0.8003     0.3221     0.2440     0.7849     0.4286
  4          0.7554     0.2636     0.1705     0.7527     0.4103
  5          0.7964     0.3534     0.1942     0.8108     0.4068
  ──────────────────────────────────────────────────────────
  Mean       0.8100     0.3679     0.2121     0.7761     0.4339
  ±Std       0.0370     0.0912     0.0263     0.0440     0.0414
  [M3/focal/len128/scale_clinic] Evaluating on test set (med_epoch=5, thresh=0.539) ...

=================================================================
CrossAttn3 Test Evaluation  (scale_clin=True, scale_aec=False, threshold=0.539)
=================================================================
CrossAttn3 — training final model for 5 epochs on full CV set …

CrossAttn3 — Test Set (Overall):
  AUC: 0.8200  AUPRC: 0.3430  Brier: 0.2334  Acc: 0.6609  F1: 0.3577

CrossAttn3 — Test Set (By Sex):
  [M] n=85  AUC: 0.7726  AUPRC: 0.3979  Brier: 0.2592  Acc: 0.6118  F1: 0.4407
              precision    recall  f1-score   support

      Normal       0.97      0.55      0.70        71
  Sarcopenia       0.29      0.93      0.44        14

    accuracy                           0.61        85
   macro avg       0.63      0.74      0.57        85
weighted avg       0.86      0.61      0.66        85

  [F] n=148  AUC: 0.8288  AUPRC: 0.2940  Brier: 0.2187  Acc: 0.6892  F1: 0.2812
              precision    recall  f1-score   support

      Normal       0.98      0.68      0.80       137
  Sarcopenia       0.17      0.82      0.28        11

    accuracy                           0.69       148
   macro avg       0.57      0.75      0.54       148
weighted avg       0.92      0.69      0.76       148


───────────────────────────────────────────────────────
Test Set — Bootstrap CI
───────────────────────────────────────────────────────

  Bootstrap 95% CI — CrossAttn3  (n_boot=2000)
  Metric         Estimate   95% CI Lower   95% CI Upper
  ----------------------------------------------------
  AUC-ROC          0.8200         0.7408         0.8921
  AUPRC            0.3430         0.2107         0.5517
  Brier            0.2334         0.2193         0.2479
  Accuracy         0.6609         0.5966         0.7210
  F1               0.3577         0.2523         0.4685
  [M3/focal/len128/scale_clinic] Saving figures ...

Saved (model 3 (len128, focal)):
  연구코드/results/ok+missing/model_3\focal\aec128\len128/data_distribution.png
  연구코드/results/ok+missing/model_3\focal\aec128\len128/cv_roc_curves.png
  연구코드/results/ok+missing/model_3\focal\aec128\len128/cv_metric_distribution.png
  연구코드/results/ok+missing/model_3\focal\aec128\len128/training_curves.png
  연구코드/results/ok+missing/model_3\focal\aec128\len128/test_roc_curves.png
  연구코드/results/ok+missing/model_3\focal\aec128\len128/test_roc_by_sex.png
  연구코드/results/ok+missing/model_3\focal\aec128\len128/confusion_matrices.png
  연구코드/results/ok+missing/model_3\focal\aec128\len128/calibration.png
  연구코드/results/ok+missing/model_3\focal\aec128\len128/results.md
  [M3/focal/len128/scale_clinic] Plotting attention maps ...
  연구코드/results/ok+missing/model_3\focal\aec128\len128/attention_map_c2a.png
  연구코드/results/ok+missing/model_3\focal\aec128\len128/attention_heatmap.png
  [M3/focal/len128/scale_clinic] Done.

############################################################
  [M3 crop80] CASE : scale_clinic  (scale_clinic=True, loss=focal)
############################################################
  [M3/focal/crop80/scale_clinic] Cross-validating CrossAttn3 ...
=================================================================
5-Fold CV  [CrossAttn3 | scale_clin=True, scale_aec=False]
=================================================================

── Fold 1/5 ──────────────────────────────
  CA3  — AUC: 0.8518  AUPRC: 0.6109  Brier: 0.1375  Acc: 0.8441  F1: 0.4912  (best ep=44, thresh=0.598)

── Fold 2/5 ──────────────────────────────
  CA3  — AUC: 0.8470  AUPRC: 0.3646  Brier: 0.1659  Acc: 0.7957  F1: 0.4722  (best ep=8, thresh=0.471)

── Fold 3/5 ──────────────────────────────
  CA3  — AUC: 0.7889  AUPRC: 0.3139  Brier: 0.1897  Acc: 0.7312  F1: 0.3902  (best ep=10, thresh=0.500)

── Fold 4/5 ──────────────────────────────
  CA3  — AUC: 0.7861  AUPRC: 0.3841  Brier: 0.1817  Acc: 0.8280  F1: 0.4839  (best ep=2, thresh=0.473)

── Fold 5/5 ──────────────────────────────
  CA3  — AUC: 0.7600  AUPRC: 0.3248  Brier: 0.2087  Acc: 0.8108  F1: 0.4068  (best ep=3, thresh=0.570)

===========================================================================
CrossAttn3  —  5-Fold CV Summary
===========================================================================
  Fold      AUC-ROC      AUPRC      Brier   Accuracy         F1
  ----------------------------------------------------------
  1          0.8518     0.6109     0.1375     0.8441     0.4912
  2          0.8470     0.3646     0.1659     0.7957     0.4722
  3          0.7889     0.3139     0.1897     0.7312     0.3902
  4          0.7861     0.3841     0.1817     0.8280     0.4839
  5          0.7600     0.3248     0.2087     0.8108     0.4068
  ──────────────────────────────────────────────────────────
  Mean       0.8068     0.3996     0.1767     0.8019     0.4489
  ±Std       0.0363     0.1087     0.0240     0.0389     0.0419
  [M3/focal/crop80/scale_clinic] Evaluating on test set (med_epoch=8, thresh=0.500) ...

=================================================================
CrossAttn3 Test Evaluation  (scale_clin=True, scale_aec=False, threshold=0.500)
=================================================================
CrossAttn3 — training final model for 8 epochs on full CV set …

CrossAttn3 — Test Set (Overall):
  AUC: 0.8108  AUPRC: 0.3455  Brier: 0.1920  Acc: 0.7296  F1: 0.3883

CrossAttn3 — Test Set (By Sex):
  [M] n=85  AUC: 0.7797  AUPRC: 0.4538  Brier: 0.2262  Acc: 0.6353  F1: 0.4364
              precision    recall  f1-score   support

      Normal       0.95      0.59      0.73        71
  Sarcopenia       0.29      0.86      0.44        14

    accuracy                           0.64        85
   macro avg       0.62      0.72      0.58        85
weighted avg       0.85      0.64      0.68        85

  [F] n=148  AUC: 0.8089  AUPRC: 0.2577  Brier: 0.1723  Acc: 0.7838  F1: 0.3333
              precision    recall  f1-score   support

      Normal       0.97      0.79      0.87       137
  Sarcopenia       0.22      0.73      0.33        11

    accuracy                           0.78       148
   macro avg       0.59      0.76      0.60       148
weighted avg       0.92      0.78      0.83       148


───────────────────────────────────────────────────────
Test Set — Bootstrap CI
───────────────────────────────────────────────────────

  Bootstrap 95% CI — CrossAttn3  (n_boot=2000)
  Metric         Estimate   95% CI Lower   95% CI Upper
  ----------------------------------------------------
  AUC-ROC          0.8108         0.7260         0.8862
  AUPRC            0.3455         0.2034         0.5395
  Brier            0.1920         0.1766         0.2082
  Accuracy         0.7296         0.6695         0.7897
  F1               0.3883         0.2697         0.5079
  [M3/focal/crop80/scale_clinic] Saving figures ...

Saved (model 3 (crop80, focal)):
  연구코드/results/ok+missing/model_3\focal\aec128\crop80/data_distribution.png
  연구코드/results/ok+missing/model_3\focal\aec128\crop80/cv_roc_curves.png
  연구코드/results/ok+missing/model_3\focal\aec128\crop80/cv_metric_distribution.png
  연구코드/results/ok+missing/model_3\focal\aec128\crop80/training_curves.png
  연구코드/results/ok+missing/model_3\focal\aec128\crop80/test_roc_curves.png
  연구코드/results/ok+missing/model_3\focal\aec128\crop80/test_roc_by_sex.png
  연구코드/results/ok+missing/model_3\focal\aec128\crop80/confusion_matrices.png
  연구코드/results/ok+missing/model_3\focal\aec128\crop80/calibration.png
  연구코드/results/ok+missing/model_3\focal\aec128\crop80/results.md
  [M3/focal/crop80/scale_clinic] Plotting attention maps ...
  연구코드/results/ok+missing/model_3\focal\aec128\crop80/attention_map_c2a.png
  연구코드/results/ok+missing/model_3\focal\aec128\crop80/attention_heatmap.png
  [M3/focal/crop80/scale_clinic] Done.

############################################################
  [M3 crop60] CASE : scale_clinic  (scale_clinic=True, loss=focal)
############################################################
  [M3/focal/crop60/scale_clinic] Cross-validating CrossAttn3 ...
=================================================================
5-Fold CV  [CrossAttn3 | scale_clin=True, scale_aec=False]
=================================================================

── Fold 1/5 ──────────────────────────────
  CA3  — AUC: 0.8413  AUPRC: 0.5337  Brier: 0.1551  Acc: 0.8387  F1: 0.4828  (best ep=63, thresh=0.570)

── Fold 2/5 ──────────────────────────────
  CA3  — AUC: 0.8449  AUPRC: 0.3790  Brier: 0.1898  Acc: 0.7796  F1: 0.4675  (best ep=8, thresh=0.490)

── Fold 3/5 ──────────────────────────────
  CA3  — AUC: 0.8036  AUPRC: 0.4014  Brier: 0.2554  Acc: 0.7849  F1: 0.4286  (best ep=1, thresh=0.546)

── Fold 4/5 ──────────────────────────────
  CA3  — AUC: 0.7545  AUPRC: 0.2967  Brier: 0.2192  Acc: 0.7419  F1: 0.3846  (best ep=4, thresh=0.527)

── Fold 5/5 ──────────────────────────────
  CA3  — AUC: 0.7828  AUPRC: 0.3248  Brier: 0.2671  Acc: 0.7622  F1: 0.3714  (best ep=1, thresh=0.587)

===========================================================================
CrossAttn3  —  5-Fold CV Summary
===========================================================================
  Fold      AUC-ROC      AUPRC      Brier   Accuracy         F1
  ----------------------------------------------------------
  1          0.8413     0.5337     0.1551     0.8387     0.4828
  2          0.8449     0.3790     0.1898     0.7796     0.4675
  3          0.8036     0.4014     0.2554     0.7849     0.4286
  4          0.7545     0.2967     0.2192     0.7419     0.3846
  5          0.7828     0.3248     0.2671     0.7622     0.3714
  ──────────────────────────────────────────────────────────
  Mean       0.8054     0.3871     0.2173     0.7815     0.4270
  ±Std       0.0345     0.0822     0.0414     0.0323     0.0439
  [M3/focal/crop60/scale_clinic] Evaluating on test set (med_epoch=4, thresh=0.546) ...

=================================================================
CrossAttn3 Test Evaluation  (scale_clin=True, scale_aec=False, threshold=0.546)
=================================================================
CrossAttn3 — training final model for 4 epochs on full CV set …

CrossAttn3 — Test Set (Overall):
  AUC: 0.8081  AUPRC: 0.3739  Brier: 0.1812  Acc: 0.8455  F1: 0.4375

CrossAttn3 — Test Set (By Sex):
  [M] n=85  AUC: 0.7646  AUPRC: 0.4157  Brier: 0.1976  Acc: 0.7765  F1: 0.4571
              precision    recall  f1-score   support

      Normal       0.91      0.82      0.86        71
  Sarcopenia       0.38      0.57      0.46        14

    accuracy                           0.78        85
   macro avg       0.64      0.69      0.66        85
weighted avg       0.82      0.78      0.79        85

  [F] n=148  AUC: 0.8261  AUPRC: 0.3372  Brier: 0.1717  Acc: 0.8851  F1: 0.4138
              precision    recall  f1-score   support

      Normal       0.96      0.91      0.94       137
  Sarcopenia       0.33      0.55      0.41        11

    accuracy                           0.89       148
   macro avg       0.65      0.73      0.68       148
weighted avg       0.91      0.89      0.90       148


───────────────────────────────────────────────────────
Test Set — Bootstrap CI
───────────────────────────────────────────────────────

  Bootstrap 95% CI — CrossAttn3  (n_boot=2000)
  Metric         Estimate   95% CI Lower   95% CI Upper
  ----------------------------------------------------
  AUC-ROC          0.8081         0.7192         0.8871
  AUPRC            0.3739         0.2249         0.6005
  Brier            0.1812         0.1688         0.1939
  Accuracy         0.8455         0.7983         0.8927
  F1               0.4375         0.2711         0.5797
  [M3/focal/crop60/scale_clinic] Saving figures ...

Saved (model 3 (crop60, focal)):
  연구코드/results/ok+missing/model_3\focal\aec128\crop60/data_distribution.png
  연구코드/results/ok+missing/model_3\focal\aec128\crop60/cv_roc_curves.png
  연구코드/results/ok+missing/model_3\focal\aec128\crop60/cv_metric_distribution.png
  연구코드/results/ok+missing/model_3\focal\aec128\crop60/training_curves.png
  연구코드/results/ok+missing/model_3\focal\aec128\crop60/test_roc_curves.png
  연구코드/results/ok+missing/model_3\focal\aec128\crop60/test_roc_by_sex.png
  연구코드/results/ok+missing/model_3\focal\aec128\crop60/confusion_matrices.png
  연구코드/results/ok+missing/model_3\focal\aec128\crop60/calibration.png
  연구코드/results/ok+missing/model_3\focal\aec128\crop60/results.md
  [M3/focal/crop60/scale_clinic] Plotting attention maps ...
  연구코드/results/ok+missing/model_3\focal\aec128\crop60/attention_map_c2a.png
  연구코드/results/ok+missing/model_3\focal\aec128\crop60/attention_heatmap.png
  [M3/focal/crop60/scale_clinic] Done.
