============================================================
  MODEL 4 — AEC Only (aec128)  (3 AEC variants)
============================================================

############################################################
  [M4 raw]  (scale_aec=none)
############################################################
  [M4/raw] Cross-validating AECOnly ...
=======================================================
5-Fold CV  [AECOnly | scale_aec=none]
=======================================================

── Fold 1/5 ──────────────────────────────
  AEC  — AUC: 0.6156  AUPRC: 0.1805  Brier: 0.3139  Acc: 0.5137  F1: 0.2521  (best ep=389, thresh=0.542)

── Fold 2/5 ──────────────────────────────
  AEC  — AUC: 0.6733  AUPRC: 0.2250  Brier: 0.2916  Acc: 0.4699  F1: 0.2707  (best ep=46, thresh=0.542)

── Fold 3/5 ──────────────────────────────
  AEC  — AUC: 0.7006  AUPRC: 0.2065  Brier: 0.3031  Acc: 0.6995  F1: 0.3373  (best ep=461, thresh=0.611)

── Fold 4/5 ──────────────────────────────
  AEC  — AUC: 0.6906  AUPRC: 0.2051  Brier: 0.2701  Acc: 0.6393  F1: 0.2979  (best ep=79, thresh=0.546)

── Fold 5/5 ──────────────────────────────
  AEC  — AUC: 0.6319  AUPRC: 0.1692  Brier: 0.2898  Acc: 0.7692  F1: 0.3226  (best ep=479, thresh=0.632)

===========================================================================
AECOnly  —  5-Fold CV Summary
===========================================================================
  Fold      AUC-ROC      AUPRC      Brier   Accuracy         F1
  ----------------------------------------------------------
  1          0.6156     0.1805     0.3139     0.5137     0.2521
  2          0.6733     0.2250     0.2916     0.4699     0.2707
  3          0.7006     0.2065     0.3031     0.6995     0.3373
  4          0.6906     0.2051     0.2701     0.6393     0.2979
  5          0.6319     0.1692     0.2898     0.7692     0.3226
  ──────────────────────────────────────────────────────────
  Mean       0.6624     0.1972     0.2937     0.6183     0.2961
  ±Std       0.0331     0.0199     0.0147     0.1120     0.0316
  [M4/raw] Evaluating on test set (med_epoch=389, thresh=0.546) ...

=======================================================
AECOnly Test Evaluation  [scale_aec=none | threshold=0.546]
=======================================================
AECOnly — training final model for 389 epochs on full CV set …
  [AECOnly] weights → 연구코드/results/0612_128_aug/model_4\raw\M4_raw_weights.pt

AECOnly — Test Set (Overall):  AUC: 0.6014  AUPRC: 0.2251  Brier: 0.3066  Acc: 0.4498  F1: 0.2125

AECOnly — Test Set (By Sex):
  [M] n=82  AUC: 0.6254  AUPRC: 0.2823  Brier: 0.2843  Acc: 0.5610  F1: 0.3077
              precision    recall  f1-score   support

      Normal       0.88      0.55      0.68        69
  Sarcopenia       0.21      0.62      0.31        13

    accuracy                           0.56        82
   macro avg       0.54      0.58      0.49        82
weighted avg       0.78      0.56      0.62        82

  [F] n=147  AUC: 0.5842  AUPRC: 0.1865  Brier: 0.3190  Acc: 0.3878  F1: 0.1667
              precision    recall  f1-score   support

      Normal       0.96      0.35      0.52       136
  Sarcopenia       0.09      0.82      0.17        11

    accuracy                           0.39       147
   macro avg       0.53      0.59      0.34       147
weighted avg       0.90      0.39      0.49       147


───────────────────────────────────────────────────────
Test Set — Bootstrap CI
───────────────────────────────────────────────────────

  Bootstrap 95% CI — AECOnly  (n_boot=2000)
  Metric         Estimate   95% CI Lower   95% CI Upper
  ----------------------------------------------------
  AUC-ROC          0.6014         0.4736         0.7282
  AUPRC            0.2251         0.1097         0.4009
  Brier            0.3066         0.2945         0.3188
  Accuracy         0.4498         0.3885         0.5153
  F1               0.2125         0.1282         0.2994
  [M4/raw] Saving figures ...

Saved (model 4 (raw)):
  연구코드/results/0612_128_aug/model_4\raw/label_distribution.png
  연구코드/results/0612_128_aug/model_4\raw/cv_roc_curves.png
  연구코드/results/0612_128_aug/model_4\raw/cv_metric_distribution.png
  연구코드/results/0612_128_aug/model_4\raw/training_curves.png
  연구코드/results/0612_128_aug/model_4\raw/test_roc_curves.png
  연구코드/results/0612_128_aug/model_4\raw/test_roc_by_sex.png
  연구코드/results/0612_128_aug/model_4\raw/confusion_matrices.png
  연구코드/results/0612_128_aug/model_4\raw/calibration.png
  연구코드/results/0612_128_aug/model_4\raw/results.md
  [M4/raw] Plotting Grad-CAM ...
  연구코드/results/0612_128_aug/model_4\raw/cam_aec_mean.png
  연구코드/results/0612_128_aug/model_4\raw/cam_aec_lines.png
  연구코드/results/0612_128_aug/model_4\raw/cam_aec_heatmap.png
  [M4/raw] Done.

############################################################
  [M4 norm]  (scale_aec=none)
############################################################
  [M4/norm] Cross-validating AECOnly ...
=======================================================
5-Fold CV  [AECOnly | scale_aec=none]
=======================================================

── Fold 1/5 ──────────────────────────────
  AEC  — AUC: 0.5469  AUPRC: 0.1802  Brier: 0.3146  Acc: 0.8579  F1: 0.2778  (best ep=321, thresh=0.588)

── Fold 2/5 ──────────────────────────────
  AEC  — AUC: 0.5372  AUPRC: 0.1188  Brier: 0.3010  Acc: 0.4208  F1: 0.2319  (best ep=3, thresh=0.559)

── Fold 3/5 ──────────────────────────────
  AEC  — AUC: 0.5761  AUPRC: 0.1580  Brier: 0.3115  Acc: 0.5301  F1: 0.2321  (best ep=445, thresh=0.569)

── Fold 4/5 ──────────────────────────────
  AEC  — AUC: 0.5761  AUPRC: 0.1497  Brier: 0.2850  Acc: 0.5847  F1: 0.2549  (best ep=38, thresh=0.544)

── Fold 5/5 ──────────────────────────────
  AEC  — AUC: 0.5554  AUPRC: 0.1701  Brier: 0.3156  Acc: 0.5275  F1: 0.2586  (best ep=6, thresh=0.575)

===========================================================================
AECOnly  —  5-Fold CV Summary
===========================================================================
  Fold      AUC-ROC      AUPRC      Brier   Accuracy         F1
  ----------------------------------------------------------
  1          0.5469     0.1802     0.3146     0.8579     0.2778
  2          0.5372     0.1188     0.3010     0.4208     0.2319
  3          0.5761     0.1580     0.3115     0.5301     0.2321
  4          0.5761     0.1497     0.2850     0.5847     0.2549
  5          0.5554     0.1701     0.3156     0.5275     0.2586
  ──────────────────────────────────────────────────────────
  Mean       0.5583     0.1554     0.3056     0.5842     0.2511
  ±Std       0.0156     0.0210     0.0115     0.1468     0.0174
  [M4/norm] Evaluating on test set (med_epoch=38, thresh=0.569) ...

=======================================================
AECOnly Test Evaluation  [scale_aec=none | threshold=0.569]
=======================================================
AECOnly — training final model for 38 epochs on full CV set …
  [AECOnly] weights → 연구코드/results/0612_128_aug/model_4\norm\M4_norm_weights.pt

AECOnly — Test Set (Overall):  AUC: 0.5213  AUPRC: 0.1126  Brier: 0.3037  Acc: 0.7293  F1: 0.1143

AECOnly — Test Set (By Sex):
  [M] n=82  AUC: 0.5195  AUPRC: 0.1671  Brier: 0.2989  Acc: 0.5732  F1: 0.1860
              precision    recall  f1-score   support

      Normal       0.83      0.62      0.71        69
  Sarcopenia       0.13      0.31      0.19        13

    accuracy                           0.57        82
   macro avg       0.48      0.47      0.45        82
weighted avg       0.72      0.57      0.63        82

  [F] n=147  AUC: 0.3957  AUPRC: 0.0663  Brier: 0.3064  Acc: 0.8163  F1: 0.0000
              precision    recall  f1-score   support

      Normal       0.92      0.88      0.90       136
  Sarcopenia       0.00      0.00      0.00        11

    accuracy                           0.82       147
   macro avg       0.46      0.44      0.45       147
weighted avg       0.85      0.82      0.83       147


───────────────────────────────────────────────────────
Test Set — Bootstrap CI
───────────────────────────────────────────────────────

  Bootstrap 95% CI — AECOnly  (n_boot=2000)
  Metric         Estimate   95% CI Lower   95% CI Upper
  ----------------------------------------------------
  AUC-ROC          0.5213         0.3974         0.6417
  AUPRC            0.1126         0.0724         0.1808
  Brier            0.3037         0.2983         0.3084
  Accuracy         0.7293         0.6725         0.7860
  F1               0.1143         0.0282         0.2222
  [M4/norm] Saving figures ...

Saved (model 4 (norm)):
  연구코드/results/0612_128_aug/model_4\norm/label_distribution.png
  연구코드/results/0612_128_aug/model_4\norm/cv_roc_curves.png
  연구코드/results/0612_128_aug/model_4\norm/cv_metric_distribution.png
  연구코드/results/0612_128_aug/model_4\norm/training_curves.png
  연구코드/results/0612_128_aug/model_4\norm/test_roc_curves.png
  연구코드/results/0612_128_aug/model_4\norm/test_roc_by_sex.png
  연구코드/results/0612_128_aug/model_4\norm/confusion_matrices.png
  연구코드/results/0612_128_aug/model_4\norm/calibration.png
  연구코드/results/0612_128_aug/model_4\norm/results.md
  [M4/norm] Plotting Grad-CAM ...
  연구코드/results/0612_128_aug/model_4\norm/cam_aec_mean.png
  연구코드/results/0612_128_aug/model_4\norm/cam_aec_lines.png
  연구코드/results/0612_128_aug/model_4\norm/cam_aec_heatmap.png
  [M4/norm] Done.

############################################################
  [M4 global_zscore]  (scale_aec=global)
############################################################
  [M4/global_zscore] Cross-validating AECOnly ...
=======================================================
5-Fold CV  [AECOnly | scale_aec=global]
=======================================================

── Fold 1/5 ──────────────────────────────
  AEC  — AUC: 0.6064  AUPRC: 0.2238  Brier: 0.2787  Acc: 0.3934  F1: 0.2550  (best ep=129, thresh=0.463)

── Fold 2/5 ──────────────────────────────
  AEC  — AUC: 0.7243  AUPRC: 0.2212  Brier: 0.2645  Acc: 0.6557  F1: 0.3368  (best ep=91, thresh=0.523)

── Fold 3/5 ──────────────────────────────
  AEC  — AUC: 0.7125  AUPRC: 0.3586  Brier: 0.2335  Acc: 0.7869  F1: 0.4000  (best ep=33, thresh=0.502)

── Fold 4/5 ──────────────────────────────
  AEC  — AUC: 0.6845  AUPRC: 0.2295  Brier: 0.2909  Acc: 0.6393  F1: 0.2826  (best ep=460, thresh=0.579)

── Fold 5/5 ──────────────────────────────
  AEC  — AUC: 0.6587  AUPRC: 0.1941  Brier: 0.3037  Acc: 0.7912  F1: 0.3448  (best ep=272, thresh=0.639)

===========================================================================
AECOnly  —  5-Fold CV Summary
===========================================================================
  Fold      AUC-ROC      AUPRC      Brier   Accuracy         F1
  ----------------------------------------------------------
  1          0.6064     0.2238     0.2787     0.3934     0.2550
  2          0.7243     0.2212     0.2645     0.6557     0.3368
  3          0.7125     0.3586     0.2335     0.7869     0.4000
  4          0.6845     0.2295     0.2909     0.6393     0.2826
  5          0.6587     0.1941     0.3037     0.7912     0.3448
  ──────────────────────────────────────────────────────────
  Mean       0.6773     0.2454     0.2742     0.6533     0.3239
  ±Std       0.0421     0.0579     0.0242     0.1446     0.0507
  [M4/global_zscore] Evaluating on test set (med_epoch=129, thresh=0.523) ...

=======================================================
AECOnly Test Evaluation  [scale_aec=global | threshold=0.523]
=======================================================
AECOnly — training final model for 129 epochs on full CV set …
  [AECOnly] weights → 연구코드/results/0612_128_aug/model_4\global_zscore\M4_global_zscore_weights.pt

AECOnly — Test Set (Overall):  AUC: 0.6043  AUPRC: 0.2076  Brier: 0.3008  Acc: 0.4236  F1: 0.2048

AECOnly — Test Set (By Sex):
  [M] n=82  AUC: 0.6355  AUPRC: 0.2412  Brier: 0.2857  Acc: 0.5122  F1: 0.2857
              precision    recall  f1-score   support

      Normal       0.87      0.49      0.63        69
  Sarcopenia       0.19      0.62      0.29        13

    accuracy                           0.51        82
   macro avg       0.53      0.55      0.46        82
weighted avg       0.76      0.51      0.58        82

  [F] n=147  AUC: 0.5916  AUPRC: 0.2643  Brier: 0.3092  Acc: 0.3741  F1: 0.1636
              precision    recall  f1-score   support

      Normal       0.96      0.34      0.50       136
  Sarcopenia       0.09      0.82      0.16        11

    accuracy                           0.37       147
   macro avg       0.52      0.58      0.33       147
weighted avg       0.89      0.37      0.47       147


───────────────────────────────────────────────────────
Test Set — Bootstrap CI
───────────────────────────────────────────────────────

  Bootstrap 95% CI — AECOnly  (n_boot=2000)
  Metric         Estimate   95% CI Lower   95% CI Upper
  ----------------------------------------------------
  AUC-ROC          0.6043         0.4819         0.7260
  AUPRC            0.2076         0.1023         0.3578
  Brier            0.3008         0.2894         0.3124
  Accuracy         0.4236         0.3624         0.4891
  F1               0.2048         0.1234         0.2892
  [M4/global_zscore] Saving figures ...

Saved (model 4 (global_zscore)):
  연구코드/results/0612_128_aug/model_4\global_zscore/label_distribution.png
  연구코드/results/0612_128_aug/model_4\global_zscore/cv_roc_curves.png
  연구코드/results/0612_128_aug/model_4\global_zscore/cv_metric_distribution.png
  연구코드/results/0612_128_aug/model_4\global_zscore/training_curves.png
  연구코드/results/0612_128_aug/model_4\global_zscore/test_roc_curves.png
  연구코드/results/0612_128_aug/model_4\global_zscore/test_roc_by_sex.png
  연구코드/results/0612_128_aug/model_4\global_zscore/confusion_matrices.png
  연구코드/results/0612_128_aug/model_4\global_zscore/calibration.png
  연구코드/results/0612_128_aug/model_4\global_zscore/results.md
  [M4/global_zscore] Plotting Grad-CAM ...
  연구코드/results/0612_128_aug/model_4\global_zscore/cam_aec_mean.png
  연구코드/results/0612_128_aug/model_4\global_zscore/cam_aec_lines.png
  연구코드/results/0612_128_aug/model_4\global_zscore/cam_aec_heatmap.png
  [M4/global_zscore] Done.
