============================================================
  MODEL 2 — Clinic + AEC (aec256, BCEWithLogitsLoss)  (5 AEC variants × 1 case)
============================================================

############################################################
  [M2 norm] CASE : scale_clinic  (scale_clinic=True, loss=bce)
############################################################
  [M2/bce/norm/scale_clinic] Cross-validating CrossAttn ...
=======================================================
5-Fold CV  [CrossAttn | scale_clin=True, scale_aec=False]
=======================================================

── Fold 1/5 ──────────────────────────────
  CA   — AUC: 0.8645  AUPRC: 0.4817  Brier: 0.1490  Acc: 0.8011  F1: 0.4789  (best ep=31, thresh=0.528)

── Fold 2/5 ──────────────────────────────
  CA   — AUC: 0.8392  AUPRC: 0.4211  Brier: 0.1431  Acc: 0.7419  F1: 0.4146  (best ep=5, thresh=0.419)

── Fold 3/5 ──────────────────────────────
  CA   — AUC: 0.8358  AUPRC: 0.3944  Brier: 0.1800  Acc: 0.7527  F1: 0.4103  (best ep=3, thresh=0.575)

── Fold 4/5 ──────────────────────────────
  CA   — AUC: 0.8018  AUPRC: 0.3530  Brier: 0.2315  Acc: 0.7688  F1: 0.4267  (best ep=1, thresh=0.619)

── Fold 5/5 ──────────────────────────────
  CA   — AUC: 0.7394  AUPRC: 0.3032  Brier: 0.1789  Acc: 0.6649  F1: 0.3261  (best ep=68, thresh=0.222)

===========================================================================
CrossAttn  —  5-Fold CV Summary
===========================================================================
  Fold      AUC-ROC      AUPRC      Brier   Accuracy         F1
  ----------------------------------------------------------
  1          0.8645     0.4817     0.1490     0.8011     0.4789
  2          0.8392     0.4211     0.1431     0.7419     0.4146
  3          0.8358     0.3944     0.1800     0.7527     0.4103
  4          0.8018     0.3530     0.2315     0.7688     0.4267
  5          0.7394     0.3032     0.1789     0.6649     0.3261
  ──────────────────────────────────────────────────────────
  Mean       0.8161     0.3907     0.1765     0.7459     0.4113
  ±Std       0.0432     0.0605     0.0314     0.0452     0.0491
  [M2/bce/norm/scale_clinic] Evaluating on test set (med_epoch=5, thresh=0.528) ...

=======================================================
CrossAttn Test Evaluation  (scale_clin=True, scale_aec=False, threshold=0.528)
=======================================================
CrossAttn — training final model for 5 epochs on full CV set …

CrossAttn — Test Set (Overall):
  AUC: 0.8277  AUPRC: 0.4404  Brier: 0.1565  Acc: 0.7682  F1: 0.4000

CrossAttn — Test Set (By Sex):
  [M] n=85  AUC: 0.8078  AUPRC: 0.5241  Brier: 0.1972  Acc: 0.7176  F1: 0.5000
              precision    recall  f1-score   support

      Normal       0.96      0.69      0.80        71
  Sarcopenia       0.35      0.86      0.50        14

    accuracy                           0.72        85
   macro avg       0.66      0.77      0.65        85
weighted avg       0.86      0.72      0.75        85

  [F] n=148  AUC: 0.8062  AUPRC: 0.3558  Brier: 0.1331  Acc: 0.7973  F1: 0.2857
              precision    recall  f1-score   support

      Normal       0.96      0.82      0.88       137
  Sarcopenia       0.19      0.55      0.29        11

    accuracy                           0.80       148
   macro avg       0.58      0.68      0.58       148
weighted avg       0.90      0.80      0.84       148


───────────────────────────────────────────────────────
Test Set — Bootstrap CI
───────────────────────────────────────────────────────

  Bootstrap 95% CI — CrossAttn  (n_boot=2000)
  Metric         Estimate   95% CI Lower   95% CI Upper
  ----------------------------------------------------
  AUC-ROC          0.8277         0.7443         0.9053
  AUPRC            0.4404         0.2677         0.6336
  Brier            0.1565         0.1331         0.1812
  Accuracy         0.7682         0.7124         0.8240
  F1               0.4000         0.2727         0.5263
  [M2/bce/norm/scale_clinic] Saving figures ...

Saved (model 2 (norm, bce)):
  연구코드/results/ok+missing/model_2\bce\aec256\norm/data_distribution.png
  연구코드/results/ok+missing/model_2\bce\aec256\norm/cv_roc_curves.png
  연구코드/results/ok+missing/model_2\bce\aec256\norm/cv_metric_distribution.png
  연구코드/results/ok+missing/model_2\bce\aec256\norm/training_curves.png
  연구코드/results/ok+missing/model_2\bce\aec256\norm/test_roc_curves.png
  연구코드/results/ok+missing/model_2\bce\aec256\norm/test_roc_by_sex.png
  연구코드/results/ok+missing/model_2\bce\aec256\norm/confusion_matrices.png
  연구코드/results/ok+missing/model_2\bce\aec256\norm/calibration.png
  연구코드/results/ok+missing/model_2\bce\aec256\norm/results.md
  [M2/bce/norm/scale_clinic] Plotting attention maps ...
  연구코드/results/ok+missing/model_2\bce\aec256\norm/attention_map_c2a.png
  연구코드/results/ok+missing/model_2\bce\aec256\norm/attention_heatmap.png
  [M2/bce/norm/scale_clinic] Done.

############################################################
  [M2 excl_extreme] CASE : scale_clinic  (scale_clinic=True, loss=bce)
############################################################
  [M2/bce/excl_extreme/scale_clinic] Cross-validating CrossAttn ...
=======================================================
5-Fold CV  [CrossAttn | scale_clin=True, scale_aec=False]
=======================================================

── Fold 1/5 ──────────────────────────────
  CA   — AUC: 0.8459  AUPRC: 0.3670  Brier: 0.1382  Acc: 0.7665  F1: 0.4507  (best ep=5, thresh=0.422)

── Fold 2/5 ──────────────────────────────
  CA   — AUC: 0.9000  AUPRC: 0.5036  Brier: 0.1474  Acc: 0.7365  F1: 0.4211  (best ep=12, thresh=0.443)

── Fold 3/5 ──────────────────────────────
  CA   — AUC: 0.7969  AUPRC: 0.3594  Brier: 0.1316  Acc: 0.8144  F1: 0.4364  (best ep=4, thresh=0.530)

── Fold 4/5 ──────────────────────────────
  CA   — AUC: 0.7078  AUPRC: 0.3093  Brier: 0.2449  Acc: 0.7964  F1: 0.3462  (best ep=32, thresh=0.790)

── Fold 5/5 ──────────────────────────────
  CA   — AUC: 0.8694  AUPRC: 0.4577  Brier: 0.1802  Acc: 0.6826  F1: 0.3908  (best ep=2, thresh=0.425)

===========================================================================
CrossAttn  —  5-Fold CV Summary
===========================================================================
  Fold      AUC-ROC      AUPRC      Brier   Accuracy         F1
  ----------------------------------------------------------
  1          0.8459     0.3670     0.1382     0.7665     0.4507
  2          0.9000     0.5036     0.1474     0.7365     0.4211
  3          0.7969     0.3594     0.1316     0.8144     0.4364
  4          0.7078     0.3093     0.2449     0.7964     0.3462
  5          0.8694     0.4577     0.1802     0.6826     0.3908
  ──────────────────────────────────────────────────────────
  Mean       0.8240     0.3994     0.1685     0.7593     0.4090
  ±Std       0.0672     0.0708     0.0417     0.0466     0.0372
  [M2/bce/excl_extreme/scale_clinic] Evaluating on test set (med_epoch=5, thresh=0.443) ...

=======================================================
CrossAttn Test Evaluation  (scale_clin=True, scale_aec=False, threshold=0.443)
=======================================================
CrossAttn — training final model for 5 epochs on full CV set …

CrossAttn — Test Set (Overall):
  AUC: 0.8262  AUPRC: 0.4254  Brier: 0.1720  Acc: 0.6890  F1: 0.3564

CrossAttn — Test Set (By Sex):
  [M] n=71  AUC: 0.8288  AUPRC: 0.5566  Brier: 0.2033  Acc: 0.6479  F1: 0.4186
              precision    recall  f1-score   support

      Normal       0.95      0.62      0.75        60
  Sarcopenia       0.28      0.82      0.42        11

    accuracy                           0.65        71
   macro avg       0.61      0.72      0.58        71
weighted avg       0.85      0.65      0.70        71

  [F] n=138  AUC: 0.8160  AUPRC: 0.3352  Brier: 0.1558  Acc: 0.7101  F1: 0.3103
              precision    recall  f1-score   support

      Normal       0.98      0.70      0.82       127
  Sarcopenia       0.19      0.82      0.31        11

    accuracy                           0.71       138
   macro avg       0.58      0.76      0.56       138
weighted avg       0.92      0.71      0.78       138


───────────────────────────────────────────────────────
Test Set — Bootstrap CI
───────────────────────────────────────────────────────

  Bootstrap 95% CI — CrossAttn  (n_boot=2000)
  Metric         Estimate   95% CI Lower   95% CI Upper
  ----------------------------------------------------
  AUC-ROC          0.8262         0.7366         0.9007
  AUPRC            0.4254         0.2384         0.6160
  Brier            0.1720         0.1449         0.2015
  Accuracy         0.6890         0.6268         0.7464
  F1               0.3564         0.2381         0.4696
  [M2/bce/excl_extreme/scale_clinic] Saving figures ...

Saved (model 2 (excl_extreme, bce)):
  연구코드/results/ok+missing/model_2\bce\aec256\excl_extreme/data_distribution.png
  연구코드/results/ok+missing/model_2\bce\aec256\excl_extreme/cv_roc_curves.png
  연구코드/results/ok+missing/model_2\bce\aec256\excl_extreme/cv_metric_distribution.png
  연구코드/results/ok+missing/model_2\bce\aec256\excl_extreme/training_curves.png
  연구코드/results/ok+missing/model_2\bce\aec256\excl_extreme/test_roc_curves.png
  연구코드/results/ok+missing/model_2\bce\aec256\excl_extreme/test_roc_by_sex.png
  연구코드/results/ok+missing/model_2\bce\aec256\excl_extreme/confusion_matrices.png
  연구코드/results/ok+missing/model_2\bce\aec256\excl_extreme/calibration.png
  연구코드/results/ok+missing/model_2\bce\aec256\excl_extreme/results.md
  [M2/bce/excl_extreme/scale_clinic] Plotting attention maps ...
  연구코드/results/ok+missing/model_2\bce\aec256\excl_extreme/attention_map_c2a.png
  연구코드/results/ok+missing/model_2\bce\aec256\excl_extreme/attention_heatmap.png
  [M2/bce/excl_extreme/scale_clinic] Done.

############################################################
  [M2 len128] CASE : scale_clinic  (scale_clinic=True, loss=bce)
############################################################
  [M2/bce/len128/scale_clinic] Cross-validating CrossAttn ...
=======================================================
5-Fold CV  [CrossAttn | scale_clin=True, scale_aec=False]
=======================================================

── Fold 1/5 ──────────────────────────────
  CA   — AUC: 0.8602  AUPRC: 0.5021  Brier: 0.1851  Acc: 0.7634  F1: 0.4359  (best ep=5, thresh=0.568)

── Fold 2/5 ──────────────────────────────
  CA   — AUC: 0.8524  AUPRC: 0.4270  Brier: 0.1347  Acc: 0.7419  F1: 0.4419  (best ep=6, thresh=0.348)

── Fold 3/5 ──────────────────────────────
  CA   — AUC: 0.7982  AUPRC: 0.3530  Brier: 0.1819  Acc: 0.7312  F1: 0.4048  (best ep=8, thresh=0.460)

── Fold 4/5 ──────────────────────────────
  CA   — AUC: 0.7765  AUPRC: 0.3079  Brier: 0.1789  Acc: 0.7849  F1: 0.4118  (best ep=4, thresh=0.594)

── Fold 5/5 ──────────────────────────────
  CA   — AUC: 0.7939  AUPRC: 0.2763  Brier: 0.2029  Acc: 0.7514  F1: 0.4103  (best ep=13, thresh=0.620)

===========================================================================
CrossAttn  —  5-Fold CV Summary
===========================================================================
  Fold      AUC-ROC      AUPRC      Brier   Accuracy         F1
  ----------------------------------------------------------
  1          0.8602     0.5021     0.1851     0.7634     0.4359
  2          0.8524     0.4270     0.1347     0.7419     0.4419
  3          0.7982     0.3530     0.1819     0.7312     0.4048
  4          0.7765     0.3079     0.1789     0.7849     0.4118
  5          0.7939     0.2763     0.2029     0.7514     0.4103
  ──────────────────────────────────────────────────────────
  Mean       0.8163     0.3732     0.1767     0.7546     0.4209
  ±Std       0.0336     0.0819     0.0226     0.0185     0.0150
  [M2/bce/len128/scale_clinic] Evaluating on test set (med_epoch=6, thresh=0.568) ...

=======================================================
CrossAttn Test Evaluation  (scale_clin=True, scale_aec=False, threshold=0.568)
=======================================================
CrossAttn — training final model for 6 epochs on full CV set …

CrossAttn — Test Set (Overall):
  AUC: 0.8017  AUPRC: 0.4105  Brier: 0.2302  Acc: 0.6567  F1: 0.3443

CrossAttn — Test Set (By Sex):
  [M] n=85  AUC: 0.8209  AUPRC: 0.5616  Brier: 0.2345  Acc: 0.6824  F1: 0.4706
              precision    recall  f1-score   support

      Normal       0.96      0.65      0.77        71
  Sarcopenia       0.32      0.86      0.47        14

    accuracy                           0.68        85
   macro avg       0.64      0.75      0.62        85
weighted avg       0.85      0.68      0.72        85

  [F] n=148  AUC: 0.7671  AUPRC: 0.2568  Brier: 0.2277  Acc: 0.6419  F1: 0.2535
              precision    recall  f1-score   support

      Normal       0.98      0.63      0.76       137
  Sarcopenia       0.15      0.82      0.25        11

    accuracy                           0.64       148
   macro avg       0.56      0.72      0.51       148
weighted avg       0.92      0.64      0.73       148


───────────────────────────────────────────────────────
Test Set — Bootstrap CI
───────────────────────────────────────────────────────

  Bootstrap 95% CI — CrossAttn  (n_boot=2000)
  Metric         Estimate   95% CI Lower   95% CI Upper
  ----------------------------------------------------
  AUC-ROC          0.8017         0.7160         0.8812
  AUPRC            0.4105         0.2384         0.5998
  Brier            0.2302         0.1969         0.2636
  Accuracy         0.6567         0.5966         0.7167
  F1               0.3443         0.2373         0.4516
  [M2/bce/len128/scale_clinic] Saving figures ...

Saved (model 2 (len128, bce)):
  연구코드/results/ok+missing/model_2\bce\aec256\len128/data_distribution.png
  연구코드/results/ok+missing/model_2\bce\aec256\len128/cv_roc_curves.png
  연구코드/results/ok+missing/model_2\bce\aec256\len128/cv_metric_distribution.png
  연구코드/results/ok+missing/model_2\bce\aec256\len128/training_curves.png
  연구코드/results/ok+missing/model_2\bce\aec256\len128/test_roc_curves.png
  연구코드/results/ok+missing/model_2\bce\aec256\len128/test_roc_by_sex.png
  연구코드/results/ok+missing/model_2\bce\aec256\len128/confusion_matrices.png
  연구코드/results/ok+missing/model_2\bce\aec256\len128/calibration.png
  연구코드/results/ok+missing/model_2\bce\aec256\len128/results.md
  [M2/bce/len128/scale_clinic] Plotting attention maps ...
  연구코드/results/ok+missing/model_2\bce\aec256\len128/attention_map_c2a.png
  연구코드/results/ok+missing/model_2\bce\aec256\len128/attention_heatmap.png
  [M2/bce/len128/scale_clinic] Done.

############################################################
  [M2 crop80] CASE : scale_clinic  (scale_clinic=True, loss=bce)
############################################################
  [M2/bce/crop80/scale_clinic] Cross-validating CrossAttn ...
=======================================================
5-Fold CV  [CrossAttn | scale_clin=True, scale_aec=False]
=======================================================

── Fold 1/5 ──────────────────────────────
  CA   — AUC: 0.8431  AUPRC: 0.5742  Brier: 0.1586  Acc: 0.6452  F1: 0.3654  (best ep=29, thresh=0.237)

── Fold 2/5 ──────────────────────────────
  CA   — AUC: 0.8476  AUPRC: 0.4081  Brier: 0.1726  Acc: 0.7473  F1: 0.4337  (best ep=9, thresh=0.480)

── Fold 3/5 ──────────────────────────────
  CA   — AUC: 0.8060  AUPRC: 0.4111  Brier: 0.1740  Acc: 0.7473  F1: 0.4051  (best ep=11, thresh=0.545)

── Fold 4/5 ──────────────────────────────
  CA   — AUC: 0.7955  AUPRC: 0.3486  Brier: 0.1868  Acc: 0.8226  F1: 0.4590  (best ep=2, thresh=0.595)

── Fold 5/5 ──────────────────────────────
  CA   — AUC: 0.7971  AUPRC: 0.3455  Brier: 0.1844  Acc: 0.7189  F1: 0.3810  (best ep=56, thresh=0.567)

===========================================================================
CrossAttn  —  5-Fold CV Summary
===========================================================================
  Fold      AUC-ROC      AUPRC      Brier   Accuracy         F1
  ----------------------------------------------------------
  1          0.8431     0.5742     0.1586     0.6452     0.3654
  2          0.8476     0.4081     0.1726     0.7473     0.4337
  3          0.8060     0.4111     0.1740     0.7473     0.4051
  4          0.7955     0.3486     0.1868     0.8226     0.4590
  5          0.7971     0.3455     0.1844     0.7189     0.3810
  ──────────────────────────────────────────────────────────
  Mean       0.8179     0.4175     0.1753     0.7363     0.4088
  ±Std       0.0228     0.0832     0.0100     0.0571     0.0341
  [M2/bce/crop80/scale_clinic] Evaluating on test set (med_epoch=11, thresh=0.545) ...

=======================================================
CrossAttn Test Evaluation  (scale_clin=True, scale_aec=False, threshold=0.545)
=======================================================
CrossAttn — training final model for 11 epochs on full CV set …

CrossAttn — Test Set (Overall):
  AUC: 0.8050  AUPRC: 0.3764  Brier: 0.1997  Acc: 0.6996  F1: 0.3636

CrossAttn — Test Set (By Sex):
  [M] n=85  AUC: 0.7827  AUPRC: 0.4696  Brier: 0.2532  Acc: 0.6353  F1: 0.4364
              precision    recall  f1-score   support

      Normal       0.95      0.59      0.73        71
  Sarcopenia       0.29      0.86      0.44        14

    accuracy                           0.64        85
   macro avg       0.62      0.72      0.58        85
weighted avg       0.85      0.64      0.68        85

  [F] n=148  AUC: 0.7903  AUPRC: 0.2521  Brier: 0.1690  Acc: 0.7365  F1: 0.2909
              precision    recall  f1-score   support

      Normal       0.97      0.74      0.84       137
  Sarcopenia       0.18      0.73      0.29        11

    accuracy                           0.74       148
   macro avg       0.58      0.73      0.56       148
weighted avg       0.91      0.74      0.80       148


───────────────────────────────────────────────────────
Test Set — Bootstrap CI
───────────────────────────────────────────────────────

  Bootstrap 95% CI — CrossAttn  (n_boot=2000)
  Metric         Estimate   95% CI Lower   95% CI Upper
  ----------------------------------------------------
  AUC-ROC          0.8050         0.7190         0.8840
  AUPRC            0.3764         0.2209         0.5692
  Brier            0.1997         0.1685         0.2332
  Accuracy         0.6996         0.6395         0.7555
  F1               0.3636         0.2500         0.4812
  [M2/bce/crop80/scale_clinic] Saving figures ...

Saved (model 2 (crop80, bce)):
  연구코드/results/ok+missing/model_2\bce\aec256\crop80/data_distribution.png
  연구코드/results/ok+missing/model_2\bce\aec256\crop80/cv_roc_curves.png
  연구코드/results/ok+missing/model_2\bce\aec256\crop80/cv_metric_distribution.png
  연구코드/results/ok+missing/model_2\bce\aec256\crop80/training_curves.png
  연구코드/results/ok+missing/model_2\bce\aec256\crop80/test_roc_curves.png
  연구코드/results/ok+missing/model_2\bce\aec256\crop80/test_roc_by_sex.png
  연구코드/results/ok+missing/model_2\bce\aec256\crop80/confusion_matrices.png
  연구코드/results/ok+missing/model_2\bce\aec256\crop80/calibration.png
  연구코드/results/ok+missing/model_2\bce\aec256\crop80/results.md
  [M2/bce/crop80/scale_clinic] Plotting attention maps ...
  연구코드/results/ok+missing/model_2\bce\aec256\crop80/attention_map_c2a.png
  연구코드/results/ok+missing/model_2\bce\aec256\crop80/attention_heatmap.png
  [M2/bce/crop80/scale_clinic] Done.

############################################################
  [M2 crop60] CASE : scale_clinic  (scale_clinic=True, loss=bce)
############################################################
  [M2/bce/crop60/scale_clinic] Cross-validating CrossAttn ...
=======================================================
5-Fold CV  [CrossAttn | scale_clin=True, scale_aec=False]
=======================================================

── Fold 1/5 ──────────────────────────────
  CA   — AUC: 0.8569  AUPRC: 0.6270  Brier: 0.1458  Acc: 0.8441  F1: 0.5246  (best ep=38, thresh=0.691)

── Fold 2/5 ──────────────────────────────
  CA   — AUC: 0.8593  AUPRC: 0.4113  Brier: 0.1511  Acc: 0.7097  F1: 0.4000  (best ep=39, thresh=0.352)

── Fold 3/5 ──────────────────────────────
  CA   — AUC: 0.8163  AUPRC: 0.4691  Brier: 0.1685  Acc: 0.8172  F1: 0.4688  (best ep=109, thresh=0.693)

── Fold 4/5 ──────────────────────────────
  CA   — AUC: 0.7958  AUPRC: 0.2941  Brier: 0.1865  Acc: 0.8495  F1: 0.5000  (best ep=3, thresh=0.683)

── Fold 5/5 ──────────────────────────────
  CA   — AUC: 0.7895  AUPRC: 0.4016  Brier: 0.1781  Acc: 0.6757  F1: 0.3617  (best ep=83, thresh=0.421)

===========================================================================
CrossAttn  —  5-Fold CV Summary
===========================================================================
  Fold      AUC-ROC      AUPRC      Brier   Accuracy         F1
  ----------------------------------------------------------
  1          0.8569     0.6270     0.1458     0.8441     0.5246
  2          0.8593     0.4113     0.1511     0.7097     0.4000
  3          0.8163     0.4691     0.1685     0.8172     0.4688
  4          0.7958     0.2941     0.1865     0.8495     0.5000
  5          0.7895     0.4016     0.1781     0.6757     0.3617
  ──────────────────────────────────────────────────────────
  Mean       0.8236     0.4406     0.1660     0.7792     0.4510
  ±Std       0.0296     0.1090     0.0155     0.0723     0.0612
  [M2/bce/crop60/scale_clinic] Evaluating on test set (med_epoch=39, thresh=0.683) ...

=======================================================
CrossAttn Test Evaluation  (scale_clin=True, scale_aec=False, threshold=0.683)
=======================================================
CrossAttn — training final model for 39 epochs on full CV set …

CrossAttn — Test Set (Overall):
  AUC: 0.7667  AUPRC: 0.3475  Brier: 0.2070  Acc: 0.7725  F1: 0.3908

CrossAttn — Test Set (By Sex):
  [M] n=85  AUC: 0.7988  AUPRC: 0.4826  Brier: 0.2653  Acc: 0.6353  F1: 0.4364
              precision    recall  f1-score   support

      Normal       0.95      0.59      0.73        71
  Sarcopenia       0.29      0.86      0.44        14

    accuracy                           0.64        85
   macro avg       0.62      0.72      0.58        85
weighted avg       0.85      0.64      0.68        85

  [F] n=148  AUC: 0.6994  AUPRC: 0.1796  Brier: 0.1735  Acc: 0.8514  F1: 0.3125
              precision    recall  f1-score   support

      Normal       0.95      0.88      0.92       137
  Sarcopenia       0.24      0.45      0.31        11

    accuracy                           0.85       148
   macro avg       0.60      0.67      0.61       148
weighted avg       0.90      0.85      0.87       148


───────────────────────────────────────────────────────
Test Set — Bootstrap CI
───────────────────────────────────────────────────────

  Bootstrap 95% CI — CrossAttn  (n_boot=2000)
  Metric         Estimate   95% CI Lower   95% CI Upper
  ----------------------------------------------------
  AUC-ROC          0.7667         0.6545         0.8677
  AUPRC            0.3475         0.1990         0.5545
  Brier            0.2070         0.1723         0.2431
  Accuracy         0.7725         0.7167         0.8283
  F1               0.3908         0.2532         0.5208
  [M2/bce/crop60/scale_clinic] Saving figures ...

Saved (model 2 (crop60, bce)):
  연구코드/results/ok+missing/model_2\bce\aec256\crop60/data_distribution.png
  연구코드/results/ok+missing/model_2\bce\aec256\crop60/cv_roc_curves.png
  연구코드/results/ok+missing/model_2\bce\aec256\crop60/cv_metric_distribution.png
  연구코드/results/ok+missing/model_2\bce\aec256\crop60/training_curves.png
  연구코드/results/ok+missing/model_2\bce\aec256\crop60/test_roc_curves.png
  연구코드/results/ok+missing/model_2\bce\aec256\crop60/test_roc_by_sex.png
  연구코드/results/ok+missing/model_2\bce\aec256\crop60/confusion_matrices.png
  연구코드/results/ok+missing/model_2\bce\aec256\crop60/calibration.png
  연구코드/results/ok+missing/model_2\bce\aec256\crop60/results.md
  [M2/bce/crop60/scale_clinic] Plotting attention maps ...
  연구코드/results/ok+missing/model_2\bce\aec256\crop60/attention_map_c2a.png
  연구코드/results/ok+missing/model_2\bce\aec256\crop60/attention_heatmap.png
  [M2/bce/crop60/scale_clinic] Done.
