============================================================
  MODEL 3 — Clinic + Scanner + AEC (aec128)  (4 AEC variants)
============================================================

############################################################
  [M3 raw]  (scale_clinic=True, scale_aec=none)
############################################################
  [M3/raw] Cross-validating CrossAttn3 ...
=================================================================
5-Fold CV  [CrossAttn3 | scale_clin=True, scale_aec=none]
=================================================================

── Fold 1/5 ──────────────────────────────
  CA3  — AUC: 0.7939  AUPRC: 0.3261  Brier: 0.2700  Acc: 0.6831  F1: 0.3556  (best ep=389, thresh=0.626)

── Fold 2/5 ──────────────────────────────
  CA3  — AUC: 0.8296  AUPRC: 0.4347  Brier: 0.2412  Acc: 0.6721  F1: 0.3478  (best ep=349, thresh=0.537)

── Fold 3/5 ──────────────────────────────
  CA3  — AUC: 0.7927  AUPRC: 0.3656  Brier: 0.2717  Acc: 0.8142  F1: 0.4333  (best ep=357, thresh=0.708)

── Fold 4/5 ──────────────────────────────
  CA3  — AUC: 0.7757  AUPRC: 0.3300  Brier: 0.2346  Acc: 0.7049  F1: 0.3721  (best ep=365, thresh=0.568)

── Fold 5/5 ──────────────────────────────
  CA3  — AUC: 0.8111  AUPRC: 0.4028  Brier: 0.2470  Acc: 0.8077  F1: 0.4444  (best ep=218, thresh=0.658)

===========================================================================
CrossAttn3  —  5-Fold CV Summary
===========================================================================
  Fold      AUC-ROC      AUPRC      Brier   Accuracy         F1
  ----------------------------------------------------------
  1          0.7939     0.3261     0.2700     0.6831     0.3556
  2          0.8296     0.4347     0.2412     0.6721     0.3478
  3          0.7927     0.3656     0.2717     0.8142     0.4333
  4          0.7757     0.3300     0.2346     0.7049     0.3721
  5          0.8111     0.4028     0.2470     0.8077     0.4444
  ──────────────────────────────────────────────────────────
  Mean       0.8006     0.3719     0.2529     0.7364     0.3907
  ±Std       0.0183     0.0419     0.0152     0.0618     0.0403
  [M3/raw] Evaluating on test set (med_epoch=357, thresh=0.626) ...

=================================================================
CrossAttn3 Test Evaluation  (scale_clin=True, scale_aec=none, threshold=0.626)
=================================================================
CrossAttn3 — training final model for 357 epochs on full CV set …
  [CrossAttn3] Model weights saved → 연구코드/results/0605_2/stage0_1e-05_epoch500/model_3\raw128\raw\M3_raw_weights.pt

CrossAttn3 — Test Set (Overall):
  AUC: 0.7894  AUPRC: 0.2908  Brier: 0.2578  Acc: 0.7555  F1: 0.3636

CrossAttn3 — Test Set (By Sex):
  [M] n=82  AUC: 0.7157  AUPRC: 0.3080  Brier: 0.2763  Acc: 0.7317  F1: 0.4500
              precision    recall  f1-score   support

      Normal       0.93      0.74      0.82        69
  Sarcopenia       0.33      0.69      0.45        13

    accuracy                           0.73        82
   macro avg       0.63      0.72      0.64        82
weighted avg       0.83      0.73      0.76        82

  [F] n=147  AUC: 0.8396  AUPRC: 0.3683  Brier: 0.2476  Acc: 0.7687  F1: 0.2917
              precision    recall  f1-score   support

      Normal       0.96      0.78      0.86       136
  Sarcopenia       0.19      0.64      0.29        11

    accuracy                           0.77       147
   macro avg       0.58      0.71      0.58       147
weighted avg       0.91      0.77      0.82       147


───────────────────────────────────────────────────────
Test Set — Bootstrap CI
───────────────────────────────────────────────────────

  Bootstrap 95% CI — CrossAttn3  (n_boot=2000)
  Metric         Estimate   95% CI Lower   95% CI Upper
  ----------------------------------------------------
  AUC-ROC          0.7894         0.6917         0.8781
  AUPRC            0.2908         0.1891         0.4888
  Brier            0.2578         0.2325         0.2809
  Accuracy         0.7555         0.6987         0.8122
  F1               0.3636         0.2353         0.4865
  [M3/raw] Saving figures ...

Saved (model 3 (raw)):
  연구코드/results/0605_2/stage0_1e-05_epoch500/model_3\raw128\raw/data_distribution.png
  연구코드/results/0605_2/stage0_1e-05_epoch500/model_3\raw128\raw/cv_roc_curves.png
  연구코드/results/0605_2/stage0_1e-05_epoch500/model_3\raw128\raw/cv_metric_distribution.png
  연구코드/results/0605_2/stage0_1e-05_epoch500/model_3\raw128\raw/training_curves.png
  연구코드/results/0605_2/stage0_1e-05_epoch500/model_3\raw128\raw/test_roc_curves.png
  연구코드/results/0605_2/stage0_1e-05_epoch500/model_3\raw128\raw/test_roc_by_sex.png
  연구코드/results/0605_2/stage0_1e-05_epoch500/model_3\raw128\raw/confusion_matrices.png
  연구코드/results/0605_2/stage0_1e-05_epoch500/model_3\raw128\raw/calibration.png
  연구코드/results/0605_2/stage0_1e-05_epoch500/model_3\raw128\raw/results.md
  [M3/raw] Plotting attention maps ...
  연구코드/results/0605_2/stage0_1e-05_epoch500/model_3\raw128\raw/attention_map_c2a.png
  연구코드/results/0605_2/stage0_1e-05_epoch500/model_3\raw128\raw/attention_heatmap_c2a.png
  연구코드/results/0605_2/stage0_1e-05_epoch500/model_3\raw128\raw/attention_map_a2c.png
  연구코드/results/0605_2/stage0_1e-05_epoch500/model_3\raw128\raw/attention_heatmap_a2c.png
  [M3/raw] Plotting Grad-CAM ...
  연구코드/results/0605_2/stage0_1e-05_epoch500/model_3\raw128\raw/cam_aec_mean.png
  연구코드/results/0605_2/stage0_1e-05_epoch500/model_3\raw128\raw/cam_aec_lines.png
  연구코드/results/0605_2/stage0_1e-05_epoch500/model_3\raw128\raw/cam_aec_heatmap.png
  [M3/raw] Done.

############################################################
  [M3 std_scaled]  (scale_clinic=True, scale_aec=column)
############################################################
  [M3/std_scaled] Cross-validating CrossAttn3 ...
=================================================================
5-Fold CV  [CrossAttn3 | scale_clin=True, scale_aec=column]
=================================================================

── Fold 1/5 ──────────────────────────────
  CA3  — AUC: 0.8202  AUPRC: 0.3637  Brier: 0.2790  Acc: 0.8033  F1: 0.4545  (best ep=451, thresh=0.659)

── Fold 2/5 ──────────────────────────────
  CA3  — AUC: 0.8036  AUPRC: 0.3576  Brier: 0.2267  Acc: 0.8197  F1: 0.4407  (best ep=455, thresh=0.645)

── Fold 3/5 ──────────────────────────────
  CA3  — AUC: 0.7741  AUPRC: 0.3384  Brier: 0.2671  Acc: 0.8525  F1: 0.4490  (best ep=473, thresh=0.745)

── Fold 4/5 ──────────────────────────────
  CA3  — AUC: 0.7619  AUPRC: 0.3536  Brier: 0.2316  Acc: 0.8033  F1: 0.4194  (best ep=398, thresh=0.649)

── Fold 5/5 ──────────────────────────────
  CA3  — AUC: 0.8172  AUPRC: 0.4163  Brier: 0.2338  Acc: 0.8077  F1: 0.4615  (best ep=441, thresh=0.628)

===========================================================================
CrossAttn3  —  5-Fold CV Summary
===========================================================================
  Fold      AUC-ROC      AUPRC      Brier   Accuracy         F1
  ----------------------------------------------------------
  1          0.8202     0.3637     0.2790     0.8033     0.4545
  2          0.8036     0.3576     0.2267     0.8197     0.4407
  3          0.7741     0.3384     0.2671     0.8525     0.4490
  4          0.7619     0.3536     0.2316     0.8033     0.4194
  5          0.8172     0.4163     0.2338     0.8077     0.4615
  ──────────────────────────────────────────────────────────
  Mean       0.7954     0.3659     0.2476     0.8173     0.4450
  ±Std       0.0234     0.0265     0.0212     0.0186     0.0145
  [M3/std_scaled] Evaluating on test set (med_epoch=451, thresh=0.649) ...

=================================================================
CrossAttn3 Test Evaluation  (scale_clin=True, scale_aec=column, threshold=0.649)
=================================================================
CrossAttn3 — training final model for 451 epochs on full CV set …
  [CrossAttn3] Model weights saved → 연구코드/results/0605_2/stage0_1e-05_epoch500/model_3\raw128\std_scaled\M3_std_scaled_weights.pt

CrossAttn3 — Test Set (Overall):
  AUC: 0.7624  AUPRC: 0.2473  Brier: 0.2616  Acc: 0.7424  F1: 0.3059

CrossAttn3 — Test Set (By Sex):
  [M] n=82  AUC: 0.7023  AUPRC: 0.2708  Brier: 0.2897  Acc: 0.7073  F1: 0.4000
              precision    recall  f1-score   support

      Normal       0.91      0.72      0.81        69
  Sarcopenia       0.30      0.62      0.40        13

    accuracy                           0.71        82
   macro avg       0.60      0.67      0.60        82
weighted avg       0.81      0.71      0.74        82

  [F] n=147  AUC: 0.7975  AUPRC: 0.3180  Brier: 0.2460  Acc: 0.7619  F1: 0.2222
              precision    recall  f1-score   support

      Normal       0.95      0.79      0.86       136
  Sarcopenia       0.15      0.45      0.22        11

    accuracy                           0.76       147
   macro avg       0.55      0.62      0.54       147
weighted avg       0.89      0.76      0.81       147


───────────────────────────────────────────────────────
Test Set — Bootstrap CI
───────────────────────────────────────────────────────

  Bootstrap 95% CI — CrossAttn3  (n_boot=2000)
  Metric         Estimate   95% CI Lower   95% CI Upper
  ----------------------------------------------------
  AUC-ROC          0.7624         0.6646         0.8488
  AUPRC            0.2473         0.1577         0.4189
  Brier            0.2616         0.2361         0.2854
  Accuracy         0.7424         0.6900         0.7991
  F1               0.3059         0.1818         0.4330
  [M3/std_scaled] Saving figures ...

Saved (model 3 (std_scaled)):
  연구코드/results/0605_2/stage0_1e-05_epoch500/model_3\raw128\std_scaled/data_distribution.png
  연구코드/results/0605_2/stage0_1e-05_epoch500/model_3\raw128\std_scaled/cv_roc_curves.png
  연구코드/results/0605_2/stage0_1e-05_epoch500/model_3\raw128\std_scaled/cv_metric_distribution.png
  연구코드/results/0605_2/stage0_1e-05_epoch500/model_3\raw128\std_scaled/training_curves.png
  연구코드/results/0605_2/stage0_1e-05_epoch500/model_3\raw128\std_scaled/test_roc_curves.png
  연구코드/results/0605_2/stage0_1e-05_epoch500/model_3\raw128\std_scaled/test_roc_by_sex.png
  연구코드/results/0605_2/stage0_1e-05_epoch500/model_3\raw128\std_scaled/confusion_matrices.png
  연구코드/results/0605_2/stage0_1e-05_epoch500/model_3\raw128\std_scaled/calibration.png
  연구코드/results/0605_2/stage0_1e-05_epoch500/model_3\raw128\std_scaled/results.md
  [M3/std_scaled] Plotting attention maps ...
  연구코드/results/0605_2/stage0_1e-05_epoch500/model_3\raw128\std_scaled/attention_map_c2a.png
  연구코드/results/0605_2/stage0_1e-05_epoch500/model_3\raw128\std_scaled/attention_heatmap_c2a.png
  연구코드/results/0605_2/stage0_1e-05_epoch500/model_3\raw128\std_scaled/attention_map_a2c.png
  연구코드/results/0605_2/stage0_1e-05_epoch500/model_3\raw128\std_scaled/attention_heatmap_a2c.png
  [M3/std_scaled] Plotting Grad-CAM ...
  연구코드/results/0605_2/stage0_1e-05_epoch500/model_3\raw128\std_scaled/cam_aec_mean.png
  연구코드/results/0605_2/stage0_1e-05_epoch500/model_3\raw128\std_scaled/cam_aec_lines.png
  연구코드/results/0605_2/stage0_1e-05_epoch500/model_3\raw128\std_scaled/cam_aec_heatmap.png
  [M3/std_scaled] Done.

############################################################
  [M3 norm]  (scale_clinic=True, scale_aec=none)
############################################################
  [M3/norm] Cross-validating CrossAttn3 ...
=================================================================
5-Fold CV  [CrossAttn3 | scale_clin=True, scale_aec=none]
=================================================================

── Fold 1/5 ──────────────────────────────
  CA3  — AUC: 0.8463  AUPRC: 0.4027  Brier: 0.2587  Acc: 0.8251  F1: 0.5000  (best ep=205, thresh=0.683)

── Fold 2/5 ──────────────────────────────
  CA3  — AUC: 0.8488  AUPRC: 0.4651  Brier: 0.2311  Acc: 0.7104  F1: 0.3908  (best ep=402, thresh=0.523)

── Fold 3/5 ──────────────────────────────
  CA3  — AUC: 0.7548  AUPRC: 0.2532  Brier: 0.2617  Acc: 0.7596  F1: 0.3714  (best ep=487, thresh=0.667)

── Fold 4/5 ──────────────────────────────
  CA3  — AUC: 0.7786  AUPRC: 0.3588  Brier: 0.2323  Acc: 0.6667  F1: 0.3441  (best ep=499, thresh=0.500)

── Fold 5/5 ──────────────────────────────
  CA3  — AUC: 0.7611  AUPRC: 0.3704  Brier: 0.2599  Acc: 0.7967  F1: 0.4478  (best ep=319, thresh=0.674)

===========================================================================
CrossAttn3  —  5-Fold CV Summary
===========================================================================
  Fold      AUC-ROC      AUPRC      Brier   Accuracy         F1
  ----------------------------------------------------------
  1          0.8463     0.4027     0.2587     0.8251     0.5000
  2          0.8488     0.4651     0.2311     0.7104     0.3908
  3          0.7548     0.2532     0.2617     0.7596     0.3714
  4          0.7786     0.3588     0.2323     0.6667     0.3441
  5          0.7611     0.3704     0.2599     0.7967     0.4478
  ──────────────────────────────────────────────────────────
  Mean       0.7979     0.3700     0.2487     0.7517     0.4108
  ±Std       0.0413     0.0691     0.0139     0.0573     0.0561
  [M3/norm] Evaluating on test set (med_epoch=402, thresh=0.667) ...

=================================================================
CrossAttn3 Test Evaluation  (scale_clin=True, scale_aec=none, threshold=0.667)
=================================================================
CrossAttn3 — training final model for 402 epochs on full CV set …
  [CrossAttn3] Model weights saved → 연구코드/results/0605_2/stage0_1e-05_epoch500/model_3\raw128\norm\M3_norm_weights.pt

CrossAttn3 — Test Set (Overall):
  AUC: 0.7913  AUPRC: 0.2996  Brier: 0.2540  Acc: 0.7860  F1: 0.3636

CrossAttn3 — Test Set (By Sex):
  [M] n=82  AUC: 0.6979  AUPRC: 0.3083  Brier: 0.2944  Acc: 0.6707  F1: 0.3721
              precision    recall  f1-score   support

      Normal       0.90      0.68      0.78        69
  Sarcopenia       0.27      0.62      0.37        13

    accuracy                           0.67        82
   macro avg       0.59      0.65      0.57        82
weighted avg       0.80      0.67      0.71        82

  [F] n=147  AUC: 0.8543  AUPRC: 0.3965  Brier: 0.2315  Acc: 0.8503  F1: 0.3529
              precision    recall  f1-score   support

      Normal       0.96      0.88      0.92       136
  Sarcopenia       0.26      0.55      0.35        11

    accuracy                           0.85       147
   macro avg       0.61      0.71      0.63       147
weighted avg       0.91      0.85      0.87       147


───────────────────────────────────────────────────────
Test Set — Bootstrap CI
───────────────────────────────────────────────────────

  Bootstrap 95% CI — CrossAttn3  (n_boot=2000)
  Metric         Estimate   95% CI Lower   95% CI Upper
  ----------------------------------------------------
  AUC-ROC          0.7913         0.7047         0.8709
  AUPRC            0.2996         0.1836         0.5061
  Brier            0.2540         0.2294         0.2774
  Accuracy         0.7860         0.7336         0.8341
  F1               0.3636         0.2254         0.4884
  [M3/norm] Saving figures ...

Saved (model 3 (norm)):
  연구코드/results/0605_2/stage0_1e-05_epoch500/model_3\raw128\norm/data_distribution.png
  연구코드/results/0605_2/stage0_1e-05_epoch500/model_3\raw128\norm/cv_roc_curves.png
  연구코드/results/0605_2/stage0_1e-05_epoch500/model_3\raw128\norm/cv_metric_distribution.png
  연구코드/results/0605_2/stage0_1e-05_epoch500/model_3\raw128\norm/training_curves.png
  연구코드/results/0605_2/stage0_1e-05_epoch500/model_3\raw128\norm/test_roc_curves.png
  연구코드/results/0605_2/stage0_1e-05_epoch500/model_3\raw128\norm/test_roc_by_sex.png
  연구코드/results/0605_2/stage0_1e-05_epoch500/model_3\raw128\norm/confusion_matrices.png
  연구코드/results/0605_2/stage0_1e-05_epoch500/model_3\raw128\norm/calibration.png
  연구코드/results/0605_2/stage0_1e-05_epoch500/model_3\raw128\norm/results.md
  [M3/norm] Plotting attention maps ...
  연구코드/results/0605_2/stage0_1e-05_epoch500/model_3\raw128\norm/attention_map_c2a.png
  연구코드/results/0605_2/stage0_1e-05_epoch500/model_3\raw128\norm/attention_heatmap_c2a.png
  연구코드/results/0605_2/stage0_1e-05_epoch500/model_3\raw128\norm/attention_map_a2c.png
  연구코드/results/0605_2/stage0_1e-05_epoch500/model_3\raw128\norm/attention_heatmap_a2c.png
  [M3/norm] Plotting Grad-CAM ...
  연구코드/results/0605_2/stage0_1e-05_epoch500/model_3\raw128\norm/cam_aec_mean.png
  연구코드/results/0605_2/stage0_1e-05_epoch500/model_3\raw128\norm/cam_aec_lines.png
  연구코드/results/0605_2/stage0_1e-05_epoch500/model_3\raw128\norm/cam_aec_heatmap.png
  [M3/norm] Done.

############################################################
  [M3 global_zscore]  (scale_clinic=True, scale_aec=global)
############################################################
  [M3/global_zscore] Cross-validating CrossAttn3 ...
=================================================================
5-Fold CV  [CrossAttn3 | scale_clin=True, scale_aec=global]
=================================================================

── Fold 1/5 ──────────────────────────────
  CA3  — AUC: 0.8313  AUPRC: 0.3659  Brier: 0.2539  Acc: 0.7213  F1: 0.4138  (best ep=368, thresh=0.583)

── Fold 2/5 ──────────────────────────────
  CA3  — AUC: 0.8168  AUPRC: 0.3341  Brier: 0.2300  Acc: 0.7978  F1: 0.4308  (best ep=454, thresh=0.615)

── Fold 3/5 ──────────────────────────────
  CA3  — AUC: 0.7959  AUPRC: 0.4250  Brier: 0.2834  Acc: 0.7923  F1: 0.4062  (best ep=293, thresh=0.687)

── Fold 4/5 ──────────────────────────────
  CA3  — AUC: 0.7924  AUPRC: 0.3410  Brier: 0.2542  Acc: 0.7377  F1: 0.4000  (best ep=196, thresh=0.591)

── Fold 5/5 ──────────────────────────────
  CA3  — AUC: 0.7756  AUPRC: 0.3662  Brier: 0.2453  Acc: 0.8681  F1: 0.4783  (best ep=372, thresh=0.672)

===========================================================================
CrossAttn3  —  5-Fold CV Summary
===========================================================================
  Fold      AUC-ROC      AUPRC      Brier   Accuracy         F1
  ----------------------------------------------------------
  1          0.8313     0.3659     0.2539     0.7213     0.4138
  2          0.8168     0.3341     0.2300     0.7978     0.4308
  3          0.7959     0.4250     0.2834     0.7923     0.4062
  4          0.7924     0.3410     0.2542     0.7377     0.4000
  5          0.7756     0.3662     0.2453     0.8681     0.4783
  ──────────────────────────────────────────────────────────
  Mean       0.8024     0.3664     0.2533     0.7835     0.4258
  ±Std       0.0195     0.0320     0.0174     0.0518     0.0282
  [M3/global_zscore] Evaluating on test set (med_epoch=368, thresh=0.615) ...

=================================================================
CrossAttn3 Test Evaluation  (scale_clin=True, scale_aec=global, threshold=0.615)
=================================================================
CrossAttn3 — training final model for 368 epochs on full CV set …
  [CrossAttn3] Model weights saved → 연구코드/results/0605_2/stage0_1e-05_epoch500/model_3\raw128\global_zscore\M3_global_zscore_weights.pt

CrossAttn3 — Test Set (Overall):
  AUC: 0.8203  AUPRC: 0.3219  Brier: 0.2589  Acc: 0.7380  F1: 0.3750

CrossAttn3 — Test Set (By Sex):
  [M] n=82  AUC: 0.7380  AUPRC: 0.3476  Brier: 0.3058  Acc: 0.6341  F1: 0.4231
              precision    recall  f1-score   support

      Normal       0.95      0.59      0.73        69
  Sarcopenia       0.28      0.85      0.42        13

    accuracy                           0.63        82
   macro avg       0.62      0.72      0.58        82
weighted avg       0.85      0.63      0.68        82

  [F] n=147  AUC: 0.8697  AUPRC: 0.3609  Brier: 0.2328  Acc: 0.7959  F1: 0.3182
              precision    recall  f1-score   support

      Normal       0.96      0.81      0.88       136
  Sarcopenia       0.21      0.64      0.32        11

    accuracy                           0.80       147
   macro avg       0.59      0.72      0.60       147
weighted avg       0.91      0.80      0.84       147


───────────────────────────────────────────────────────
Test Set — Bootstrap CI
───────────────────────────────────────────────────────

  Bootstrap 95% CI — CrossAttn3  (n_boot=2000)
  Metric         Estimate   95% CI Lower   95% CI Upper
  ----------------------------------------------------
  AUC-ROC          0.8203         0.7408         0.8924
  AUPRC            0.3219         0.1961         0.5056
  Brier            0.2589         0.2331         0.2826
  Accuracy         0.7380         0.6812         0.7948
  F1               0.3750         0.2449         0.5000
  [M3/global_zscore] Saving figures ...

Saved (model 3 (global_zscore)):
  연구코드/results/0605_2/stage0_1e-05_epoch500/model_3\raw128\global_zscore/data_distribution.png
  연구코드/results/0605_2/stage0_1e-05_epoch500/model_3\raw128\global_zscore/cv_roc_curves.png
  연구코드/results/0605_2/stage0_1e-05_epoch500/model_3\raw128\global_zscore/cv_metric_distribution.png
  연구코드/results/0605_2/stage0_1e-05_epoch500/model_3\raw128\global_zscore/training_curves.png
  연구코드/results/0605_2/stage0_1e-05_epoch500/model_3\raw128\global_zscore/test_roc_curves.png
  연구코드/results/0605_2/stage0_1e-05_epoch500/model_3\raw128\global_zscore/test_roc_by_sex.png
  연구코드/results/0605_2/stage0_1e-05_epoch500/model_3\raw128\global_zscore/confusion_matrices.png
  연구코드/results/0605_2/stage0_1e-05_epoch500/model_3\raw128\global_zscore/calibration.png
  연구코드/results/0605_2/stage0_1e-05_epoch500/model_3\raw128\global_zscore/results.md
  [M3/global_zscore] Plotting attention maps ...
  연구코드/results/0605_2/stage0_1e-05_epoch500/model_3\raw128\global_zscore/attention_map_c2a.png
  연구코드/results/0605_2/stage0_1e-05_epoch500/model_3\raw128\global_zscore/attention_heatmap_c2a.png
  연구코드/results/0605_2/stage0_1e-05_epoch500/model_3\raw128\global_zscore/attention_map_a2c.png
  연구코드/results/0605_2/stage0_1e-05_epoch500/model_3\raw128\global_zscore/attention_heatmap_a2c.png
  [M3/global_zscore] Plotting Grad-CAM ...
  연구코드/results/0605_2/stage0_1e-05_epoch500/model_3\raw128\global_zscore/cam_aec_mean.png
  연구코드/results/0605_2/stage0_1e-05_epoch500/model_3\raw128\global_zscore/cam_aec_lines.png
  연구코드/results/0605_2/stage0_1e-05_epoch500/model_3\raw128\global_zscore/cam_aec_heatmap.png
  [M3/global_zscore] Done.
