============================================================
  MODEL 3 — Clinic + Scanner + AEC (aec128)  (4 AEC variants)
============================================================

############################################################
  [M3 raw]  (scale_clinic=True, scale_aec=none)
############################################################
  [M3/raw] Cross-validating CrossAttn3 ...
=================================================================
5-Fold CV  [CrossAttn3 | scale_clin=True, scale_aec=none]
=================================================================

── Fold 1/5 ──────────────────────────────
  CA3  — AUC: 0.7117  AUPRC: 0.2709  Brier: 0.2895  Acc: 0.4536  F1: 0.2857  (best ep=499, thresh=0.485)

── Fold 2/5 ──────────────────────────────
  CA3  — AUC: 0.7949  AUPRC: 0.3512  Brier: 0.2676  Acc: 0.8142  F1: 0.4333  (best ep=500, thresh=0.635)

── Fold 3/5 ──────────────────────────────
  CA3  — AUC: 0.7875  AUPRC: 0.4084  Brier: 0.2700  Acc: 0.5956  F1: 0.3148  (best ep=443, thresh=0.510)

── Fold 4/5 ──────────────────────────────
  CA3  — AUC: 0.7914  AUPRC: 0.3612  Brier: 0.2453  Acc: 0.7923  F1: 0.4242  (best ep=304, thresh=0.627)

── Fold 5/5 ──────────────────────────────
  CA3  — AUC: 0.7969  AUPRC: 0.2992  Brier: 0.2566  Acc: 0.7088  F1: 0.3614  (best ep=387, thresh=0.583)

===========================================================================
CrossAttn3  —  5-Fold CV Summary
===========================================================================
  Fold      AUC-ROC      AUPRC      Brier   Accuracy         F1
  ----------------------------------------------------------
  1          0.7117     0.2709     0.2895     0.4536     0.2857
  2          0.7949     0.3512     0.2676     0.8142     0.4333
  3          0.7875     0.4084     0.2700     0.5956     0.3148
  4          0.7914     0.3612     0.2453     0.7923     0.4242
  5          0.7969     0.2992     0.2566     0.7088     0.3614
  ──────────────────────────────────────────────────────────
  Mean       0.7765     0.3382     0.2658     0.6729     0.3639
  ±Std       0.0326     0.0483     0.0148     0.1339     0.0583
  [M3/raw] Evaluating on test set (med_epoch=443, thresh=0.583) ...

=================================================================
CrossAttn3 Test Evaluation  (scale_clin=True, scale_aec=none, threshold=0.583)
=================================================================
CrossAttn3 — training final model for 443 epochs on full CV set …
  [CrossAttn3] Model weights saved → 연구코드/results/0605/stage2_1e-05_epoch500/model_3\raw128\raw\M3_raw_weights.pt

CrossAttn3 — Test Set (Overall):
  AUC: 0.7705  AUPRC: 0.2409  Brier: 0.2792  Acc: 0.6638  F1: 0.3304

CrossAttn3 — Test Set (By Sex):
  [M] n=82  AUC: 0.7046  AUPRC: 0.2661  Brier: 0.3131  Acc: 0.5854  F1: 0.3704
              precision    recall  f1-score   support

      Normal       0.93      0.55      0.69        69
  Sarcopenia       0.24      0.77      0.37        13

    accuracy                           0.59        82
   macro avg       0.59      0.66      0.53        82
weighted avg       0.82      0.59      0.64        82

  [F] n=147  AUC: 0.7901  AUPRC: 0.2381  Brier: 0.2603  Acc: 0.7075  F1: 0.2951
              precision    recall  f1-score   support

      Normal       0.98      0.70      0.82       136
  Sarcopenia       0.18      0.82      0.30        11

    accuracy                           0.71       147
   macro avg       0.58      0.76      0.56       147
weighted avg       0.92      0.71      0.78       147


───────────────────────────────────────────────────────
Test Set — Bootstrap CI
───────────────────────────────────────────────────────

  Bootstrap 95% CI — CrossAttn3  (n_boot=2000)
  Metric         Estimate   95% CI Lower   95% CI Upper
  ----------------------------------------------------
  AUC-ROC          0.7705         0.6840         0.8560
  AUPRC            0.2409         0.1575         0.4059
  Brier            0.2792         0.2570         0.3006
  Accuracy         0.6638         0.5983         0.7293
  F1               0.3304         0.2185         0.4444
  [M3/raw] Saving figures ...

Saved (model 3 (raw)):
  연구코드/results/0605/stage2_1e-05_epoch500/model_3\raw128\raw/data_distribution.png
  연구코드/results/0605/stage2_1e-05_epoch500/model_3\raw128\raw/cv_roc_curves.png
  연구코드/results/0605/stage2_1e-05_epoch500/model_3\raw128\raw/cv_metric_distribution.png
  연구코드/results/0605/stage2_1e-05_epoch500/model_3\raw128\raw/training_curves.png
  연구코드/results/0605/stage2_1e-05_epoch500/model_3\raw128\raw/test_roc_curves.png
  연구코드/results/0605/stage2_1e-05_epoch500/model_3\raw128\raw/test_roc_by_sex.png
  연구코드/results/0605/stage2_1e-05_epoch500/model_3\raw128\raw/confusion_matrices.png
  연구코드/results/0605/stage2_1e-05_epoch500/model_3\raw128\raw/calibration.png
  연구코드/results/0605/stage2_1e-05_epoch500/model_3\raw128\raw/results.md
  [M3/raw] Plotting attention maps ...
  연구코드/results/0605/stage2_1e-05_epoch500/model_3\raw128\raw/attention_map_c2a.png
  연구코드/results/0605/stage2_1e-05_epoch500/model_3\raw128\raw/attention_heatmap_c2a.png
  연구코드/results/0605/stage2_1e-05_epoch500/model_3\raw128\raw/attention_map_a2c.png
  연구코드/results/0605/stage2_1e-05_epoch500/model_3\raw128\raw/attention_heatmap_a2c.png
  [M3/raw] Plotting Grad-CAM ...
  연구코드/results/0605/stage2_1e-05_epoch500/model_3\raw128\raw/cam_aec_mean.png
  연구코드/results/0605/stage2_1e-05_epoch500/model_3\raw128\raw/cam_aec_lines.png
  연구코드/results/0605/stage2_1e-05_epoch500/model_3\raw128\raw/cam_aec_heatmap.png
  [M3/raw] Done.

############################################################
  [M3 std_scaled]  (scale_clinic=True, scale_aec=column)
############################################################
  [M3/std_scaled] Cross-validating CrossAttn3 ...
=================================================================
5-Fold CV  [CrossAttn3 | scale_clin=True, scale_aec=column]
=================================================================

── Fold 1/5 ──────────────────────────────
  CA3  — AUC: 0.7828  AUPRC: 0.3579  Brier: 0.2836  Acc: 0.7049  F1: 0.3721  (best ep=460, thresh=0.618)

── Fold 2/5 ──────────────────────────────
  CA3  — AUC: 0.8517  AUPRC: 0.5139  Brier: 0.2311  Acc: 0.7923  F1: 0.4412  (best ep=417, thresh=0.573)

── Fold 3/5 ──────────────────────────────
  CA3  — AUC: 0.7798  AUPRC: 0.3877  Brier: 0.2824  Acc: 0.8634  F1: 0.4898  (best ep=388, thresh=0.713)

── Fold 4/5 ──────────────────────────────
  CA3  — AUC: 0.7933  AUPRC: 0.3845  Brier: 0.2466  Acc: 0.7377  F1: 0.4000  (best ep=347, thresh=0.554)

── Fold 5/5 ──────────────────────────────
  CA3  — AUC: 0.7898  AUPRC: 0.3707  Brier: 0.2556  Acc: 0.7967  F1: 0.4308  (best ep=280, thresh=0.616)

===========================================================================
CrossAttn3  —  5-Fold CV Summary
===========================================================================
  Fold      AUC-ROC      AUPRC      Brier   Accuracy         F1
  ----------------------------------------------------------
  1          0.7828     0.3579     0.2836     0.7049     0.3721
  2          0.8517     0.5139     0.2311     0.7923     0.4412
  3          0.7798     0.3877     0.2824     0.8634     0.4898
  4          0.7933     0.3845     0.2466     0.7377     0.4000
  5          0.7898     0.3707     0.2556     0.7967     0.4308
  ──────────────────────────────────────────────────────────
  Mean       0.7995     0.4029     0.2598     0.7790     0.4268
  ±Std       0.0266     0.0565     0.0205     0.0544     0.0398
  [M3/std_scaled] Evaluating on test set (med_epoch=388, thresh=0.616) ...

=================================================================
CrossAttn3 Test Evaluation  (scale_clin=True, scale_aec=column, threshold=0.616)
=================================================================
CrossAttn3 — training final model for 388 epochs on full CV set …
  [CrossAttn3] Model weights saved → 연구코드/results/0605/stage2_1e-05_epoch500/model_3\raw128\std_scaled\M3_std_scaled_weights.pt

CrossAttn3 — Test Set (Overall):
  AUC: 0.7555  AUPRC: 0.2462  Brier: 0.2693  Acc: 0.7118  F1: 0.3529

CrossAttn3 — Test Set (By Sex):
  [M] n=82  AUC: 0.6756  AUPRC: 0.2752  Brier: 0.2848  Acc: 0.6951  F1: 0.4186
              precision    recall  f1-score   support

      Normal       0.92      0.70      0.79        69
  Sarcopenia       0.30      0.69      0.42        13

    accuracy                           0.70        82
   macro avg       0.61      0.69      0.61        82
weighted avg       0.82      0.70      0.73        82

  [F] n=147  AUC: 0.8382  AUPRC: 0.2788  Brier: 0.2606  Acc: 0.7211  F1: 0.3051
              precision    recall  f1-score   support

      Normal       0.98      0.71      0.83       136
  Sarcopenia       0.19      0.82      0.31        11

    accuracy                           0.72       147
   macro avg       0.58      0.77      0.57       147
weighted avg       0.92      0.72      0.79       147


───────────────────────────────────────────────────────
Test Set — Bootstrap CI
───────────────────────────────────────────────────────

  Bootstrap 95% CI — CrossAttn3  (n_boot=2000)
  Metric         Estimate   95% CI Lower   95% CI Upper
  ----------------------------------------------------
  AUC-ROC          0.7555         0.6519         0.8445
  AUPRC            0.2462         0.1551         0.4226
  Brier            0.2693         0.2465         0.2905
  Accuracy         0.7118         0.6507         0.7729
  F1               0.3529         0.2307         0.4717
  [M3/std_scaled] Saving figures ...

Saved (model 3 (std_scaled)):
  연구코드/results/0605/stage2_1e-05_epoch500/model_3\raw128\std_scaled/data_distribution.png
  연구코드/results/0605/stage2_1e-05_epoch500/model_3\raw128\std_scaled/cv_roc_curves.png
  연구코드/results/0605/stage2_1e-05_epoch500/model_3\raw128\std_scaled/cv_metric_distribution.png
  연구코드/results/0605/stage2_1e-05_epoch500/model_3\raw128\std_scaled/training_curves.png
  연구코드/results/0605/stage2_1e-05_epoch500/model_3\raw128\std_scaled/test_roc_curves.png
  연구코드/results/0605/stage2_1e-05_epoch500/model_3\raw128\std_scaled/test_roc_by_sex.png
  연구코드/results/0605/stage2_1e-05_epoch500/model_3\raw128\std_scaled/confusion_matrices.png
  연구코드/results/0605/stage2_1e-05_epoch500/model_3\raw128\std_scaled/calibration.png
  연구코드/results/0605/stage2_1e-05_epoch500/model_3\raw128\std_scaled/results.md
  [M3/std_scaled] Plotting attention maps ...
  연구코드/results/0605/stage2_1e-05_epoch500/model_3\raw128\std_scaled/attention_map_c2a.png
  연구코드/results/0605/stage2_1e-05_epoch500/model_3\raw128\std_scaled/attention_heatmap_c2a.png
  연구코드/results/0605/stage2_1e-05_epoch500/model_3\raw128\std_scaled/attention_map_a2c.png
  연구코드/results/0605/stage2_1e-05_epoch500/model_3\raw128\std_scaled/attention_heatmap_a2c.png
  [M3/std_scaled] Plotting Grad-CAM ...
  연구코드/results/0605/stage2_1e-05_epoch500/model_3\raw128\std_scaled/cam_aec_mean.png
  연구코드/results/0605/stage2_1e-05_epoch500/model_3\raw128\std_scaled/cam_aec_lines.png
  연구코드/results/0605/stage2_1e-05_epoch500/model_3\raw128\std_scaled/cam_aec_heatmap.png
  [M3/std_scaled] Done.

############################################################
  [M3 norm]  (scale_clinic=True, scale_aec=none)
############################################################
  [M3/norm] Cross-validating CrossAttn3 ...
=================================================================
5-Fold CV  [CrossAttn3 | scale_clin=True, scale_aec=none]
=================================================================

── Fold 1/5 ──────────────────────────────
  CA3  — AUC: 0.8285  AUPRC: 0.4531  Brier: 0.2715  Acc: 0.7049  F1: 0.3864  (best ep=357, thresh=0.582)

── Fold 2/5 ──────────────────────────────
  CA3  — AUC: 0.8174  AUPRC: 0.5419  Brier: 0.2523  Acc: 0.7923  F1: 0.4412  (best ep=379, thresh=0.610)

── Fold 3/5 ──────────────────────────────
  CA3  — AUC: 0.7539  AUPRC: 0.3133  Brier: 0.2706  Acc: 0.8197  F1: 0.4000  (best ep=439, thresh=0.727)

── Fold 4/5 ──────────────────────────────
  CA3  — AUC: 0.7670  AUPRC: 0.3475  Brier: 0.2378  Acc: 0.6448  F1: 0.3434  (best ep=435, thresh=0.475)

── Fold 5/5 ──────────────────────────────
  CA3  — AUC: 0.7946  AUPRC: 0.4288  Brier: 0.2585  Acc: 0.8626  F1: 0.5098  (best ep=220, thresh=0.693)

===========================================================================
CrossAttn3  —  5-Fold CV Summary
===========================================================================
  Fold      AUC-ROC      AUPRC      Brier   Accuracy         F1
  ----------------------------------------------------------
  1          0.8285     0.4531     0.2715     0.7049     0.3864
  2          0.8174     0.5419     0.2523     0.7923     0.4412
  3          0.7539     0.3133     0.2706     0.8197     0.4000
  4          0.7670     0.3475     0.2378     0.6448     0.3434
  5          0.7946     0.4288     0.2585     0.8626     0.5098
  ──────────────────────────────────────────────────────────
  Mean       0.7923     0.4169     0.2581     0.7649     0.4162
  ±Std       0.0285     0.0808     0.0125     0.0792     0.0563
  [M3/norm] Evaluating on test set (med_epoch=379, thresh=0.610) ...

=================================================================
CrossAttn3 Test Evaluation  (scale_clin=True, scale_aec=none, threshold=0.610)
=================================================================
CrossAttn3 — training final model for 379 epochs on full CV set …
  [CrossAttn3] Model weights saved → 연구코드/results/0605/stage2_1e-05_epoch500/model_3\raw128\norm\M3_norm_weights.pt

CrossAttn3 — Test Set (Overall):
  AUC: 0.8108  AUPRC: 0.2975  Brier: 0.2597  Acc: 0.7380  F1: 0.3478

CrossAttn3 — Test Set (By Sex):
  [M] n=82  AUC: 0.6912  AUPRC: 0.2528  Brier: 0.3255  Acc: 0.6463  F1: 0.4082
              precision    recall  f1-score   support

      Normal       0.93      0.62      0.75        69
  Sarcopenia       0.28      0.77      0.41        13

    accuracy                           0.65        82
   macro avg       0.61      0.70      0.58        82
weighted avg       0.83      0.65      0.69        82

  [F] n=147  AUC: 0.8656  AUPRC: 0.3725  Brier: 0.2230  Acc: 0.7891  F1: 0.2791
              precision    recall  f1-score   support

      Normal       0.96      0.81      0.88       136
  Sarcopenia       0.19      0.55      0.28        11

    accuracy                           0.79       147
   macro avg       0.57      0.68      0.58       147
weighted avg       0.90      0.79      0.83       147


───────────────────────────────────────────────────────
Test Set — Bootstrap CI
───────────────────────────────────────────────────────

  Bootstrap 95% CI — CrossAttn3  (n_boot=2000)
  Metric         Estimate   95% CI Lower   95% CI Upper
  ----------------------------------------------------
  AUC-ROC          0.8108         0.7342         0.8763
  AUPRC            0.2975         0.1775         0.4696
  Brier            0.2597         0.2343         0.2832
  Accuracy         0.7380         0.6812         0.7948
  F1               0.3478         0.2222         0.4681
  [M3/norm] Saving figures ...

Saved (model 3 (norm)):
  연구코드/results/0605/stage2_1e-05_epoch500/model_3\raw128\norm/data_distribution.png
  연구코드/results/0605/stage2_1e-05_epoch500/model_3\raw128\norm/cv_roc_curves.png
  연구코드/results/0605/stage2_1e-05_epoch500/model_3\raw128\norm/cv_metric_distribution.png
  연구코드/results/0605/stage2_1e-05_epoch500/model_3\raw128\norm/training_curves.png
  연구코드/results/0605/stage2_1e-05_epoch500/model_3\raw128\norm/test_roc_curves.png
  연구코드/results/0605/stage2_1e-05_epoch500/model_3\raw128\norm/test_roc_by_sex.png
  연구코드/results/0605/stage2_1e-05_epoch500/model_3\raw128\norm/confusion_matrices.png
  연구코드/results/0605/stage2_1e-05_epoch500/model_3\raw128\norm/calibration.png
  연구코드/results/0605/stage2_1e-05_epoch500/model_3\raw128\norm/results.md
  [M3/norm] Plotting attention maps ...
  연구코드/results/0605/stage2_1e-05_epoch500/model_3\raw128\norm/attention_map_c2a.png
  연구코드/results/0605/stage2_1e-05_epoch500/model_3\raw128\norm/attention_heatmap_c2a.png
  연구코드/results/0605/stage2_1e-05_epoch500/model_3\raw128\norm/attention_map_a2c.png
  연구코드/results/0605/stage2_1e-05_epoch500/model_3\raw128\norm/attention_heatmap_a2c.png
  [M3/norm] Plotting Grad-CAM ...
  연구코드/results/0605/stage2_1e-05_epoch500/model_3\raw128\norm/cam_aec_mean.png
  연구코드/results/0605/stage2_1e-05_epoch500/model_3\raw128\norm/cam_aec_lines.png
  연구코드/results/0605/stage2_1e-05_epoch500/model_3\raw128\norm/cam_aec_heatmap.png
  [M3/norm] Done.

############################################################
  [M3 global_zscore]  (scale_clinic=True, scale_aec=global)
############################################################
  [M3/global_zscore] Cross-validating CrossAttn3 ...
=================================================================
5-Fold CV  [CrossAttn3 | scale_clin=True, scale_aec=global]
=================================================================

── Fold 1/5 ──────────────────────────────
  CA3  — AUC: 0.8347  AUPRC: 0.4383  Brier: 0.2656  Acc: 0.6995  F1: 0.3956  (best ep=480, thresh=0.607)

── Fold 2/5 ──────────────────────────────
  CA3  — AUC: 0.8386  AUPRC: 0.4688  Brier: 0.2524  Acc: 0.7650  F1: 0.4110  (best ep=495, thresh=0.595)

── Fold 3/5 ──────────────────────────────
  CA3  — AUC: 0.7644  AUPRC: 0.3810  Brier: 0.2930  Acc: 0.6557  F1: 0.3368  (best ep=420, thresh=0.588)

── Fold 4/5 ──────────────────────────────
  CA3  — AUC: 0.7924  AUPRC: 0.3650  Brier: 0.2400  Acc: 0.6940  F1: 0.3636  (best ep=255, thresh=0.538)

── Fold 5/5 ──────────────────────────────
  CA3  — AUC: 0.7572  AUPRC: 0.3735  Brier: 0.2650  Acc: 0.5495  F1: 0.2931  (best ep=390, thresh=0.509)

===========================================================================
CrossAttn3  —  5-Fold CV Summary
===========================================================================
  Fold      AUC-ROC      AUPRC      Brier   Accuracy         F1
  ----------------------------------------------------------
  1          0.8347     0.4383     0.2656     0.6995     0.3956
  2          0.8386     0.4688     0.2524     0.7650     0.4110
  3          0.7644     0.3810     0.2930     0.6557     0.3368
  4          0.7924     0.3650     0.2400     0.6940     0.3636
  5          0.7572     0.3735     0.2650     0.5495     0.2931
  ──────────────────────────────────────────────────────────
  Mean       0.7974     0.4053     0.2632     0.6727     0.3600
  ±Std       0.0341     0.0409     0.0176     0.0710     0.0422
  [M3/global_zscore] Evaluating on test set (med_epoch=420, thresh=0.588) ...

=================================================================
CrossAttn3 Test Evaluation  (scale_clin=True, scale_aec=global, threshold=0.588)
=================================================================
CrossAttn3 — training final model for 420 epochs on full CV set …
  [CrossAttn3] Model weights saved → 연구코드/results/0605/stage2_1e-05_epoch500/model_3\raw128\global_zscore\M3_global_zscore_weights.pt

CrossAttn3 — Test Set (Overall):
  AUC: 0.7732  AUPRC: 0.2660  Brier: 0.2628  Acc: 0.7031  F1: 0.3704

CrossAttn3 — Test Set (By Sex):
  [M] n=82  AUC: 0.7001  AUPRC: 0.3186  Brier: 0.2962  Acc: 0.6463  F1: 0.4314
              precision    recall  f1-score   support

      Normal       0.95      0.61      0.74        69
  Sarcopenia       0.29      0.85      0.43        13

    accuracy                           0.65        82
   macro avg       0.62      0.73      0.59        82
weighted avg       0.85      0.65      0.69        82

  [F] n=147  AUC: 0.8082  AUPRC: 0.2260  Brier: 0.2441  Acc: 0.7347  F1: 0.3158
              precision    recall  f1-score   support

      Normal       0.98      0.73      0.84       136
  Sarcopenia       0.20      0.82      0.32        11

    accuracy                           0.73       147
   macro avg       0.59      0.77      0.58       147
weighted avg       0.92      0.73      0.80       147


───────────────────────────────────────────────────────
Test Set — Bootstrap CI
───────────────────────────────────────────────────────

  Bootstrap 95% CI — CrossAttn3  (n_boot=2000)
  Metric         Estimate   95% CI Lower   95% CI Upper
  ----------------------------------------------------
  AUC-ROC          0.7732         0.6838         0.8564
  AUPRC            0.2660         0.1569         0.4267
  Brier            0.2628         0.2381         0.2848
  Accuracy         0.7031         0.6462         0.7642
  F1               0.3704         0.2474         0.4848
  [M3/global_zscore] Saving figures ...

Saved (model 3 (global_zscore)):
  연구코드/results/0605/stage2_1e-05_epoch500/model_3\raw128\global_zscore/data_distribution.png
  연구코드/results/0605/stage2_1e-05_epoch500/model_3\raw128\global_zscore/cv_roc_curves.png
  연구코드/results/0605/stage2_1e-05_epoch500/model_3\raw128\global_zscore/cv_metric_distribution.png
  연구코드/results/0605/stage2_1e-05_epoch500/model_3\raw128\global_zscore/training_curves.png
  연구코드/results/0605/stage2_1e-05_epoch500/model_3\raw128\global_zscore/test_roc_curves.png
  연구코드/results/0605/stage2_1e-05_epoch500/model_3\raw128\global_zscore/test_roc_by_sex.png
  연구코드/results/0605/stage2_1e-05_epoch500/model_3\raw128\global_zscore/confusion_matrices.png
  연구코드/results/0605/stage2_1e-05_epoch500/model_3\raw128\global_zscore/calibration.png
  연구코드/results/0605/stage2_1e-05_epoch500/model_3\raw128\global_zscore/results.md
  [M3/global_zscore] Plotting attention maps ...
  연구코드/results/0605/stage2_1e-05_epoch500/model_3\raw128\global_zscore/attention_map_c2a.png
  연구코드/results/0605/stage2_1e-05_epoch500/model_3\raw128\global_zscore/attention_heatmap_c2a.png
  연구코드/results/0605/stage2_1e-05_epoch500/model_3\raw128\global_zscore/attention_map_a2c.png
  연구코드/results/0605/stage2_1e-05_epoch500/model_3\raw128\global_zscore/attention_heatmap_a2c.png
  [M3/global_zscore] Plotting Grad-CAM ...
  연구코드/results/0605/stage2_1e-05_epoch500/model_3\raw128\global_zscore/cam_aec_mean.png
  연구코드/results/0605/stage2_1e-05_epoch500/model_3\raw128\global_zscore/cam_aec_lines.png
  연구코드/results/0605/stage2_1e-05_epoch500/model_3\raw128\global_zscore/cam_aec_heatmap.png
  [M3/global_zscore] Done.
