============================================================
  MODEL 2 — Clinic + AEC (aec120)  (3 AEC variants)
============================================================

############################################################
  [M2 raw]  (scale_clinic=True, scale_aec=none)
############################################################
  [M2/raw] Cross-validating CrossAttn ...
=======================================================
5-Fold CV  [CrossAttn | scale_aec=none]
=======================================================

── Fold 1/5 ──────────────────────────────
  CA   — AUC: 0.8049  AUPRC: 0.3614  Brier: 0.2636  Acc: 0.7432  F1: 0.4051  (best ep=461, thresh=0.623)

── Fold 2/5 ──────────────────────────────
  CA   — AUC: 0.8642  AUPRC: 0.4971  Brier: 0.2300  Acc: 0.6995  F1: 0.3956  (best ep=471, thresh=0.545)

── Fold 3/5 ──────────────────────────────
  CA   — AUC: 0.7904  AUPRC: 0.3337  Brier: 0.2739  Acc: 0.7049  F1: 0.3721  (best ep=492, thresh=0.598)

── Fold 4/5 ──────────────────────────────
  CA   — AUC: 0.7590  AUPRC: 0.3383  Brier: 0.2425  Acc: 0.7377  F1: 0.3846  (best ep=500, thresh=0.561)

── Fold 5/5 ──────────────────────────────
  CA   — AUC: 0.8108  AUPRC: 0.3442  Brier: 0.2536  Acc: 0.7912  F1: 0.4412  (best ep=390, thresh=0.622)

===========================================================================
CrossAttn  —  5-Fold CV Summary
===========================================================================
  Fold      AUC-ROC      AUPRC      Brier   Accuracy         F1
  ----------------------------------------------------------
  1          0.8049     0.3614     0.2636     0.7432     0.4051
  2          0.8642     0.4971     0.2300     0.6995     0.3956
  3          0.7904     0.3337     0.2739     0.7049     0.3721
  4          0.7590     0.3383     0.2425     0.7377     0.3846
  5          0.8108     0.3442     0.2536     0.7912     0.4412
  ──────────────────────────────────────────────────────────
  Mean       0.8059     0.3749     0.2527     0.7353     0.3997
  ±Std       0.0343     0.0618     0.0154     0.0329     0.0235
  [M2/raw] Evaluating on test set (med_epoch=471, thresh=0.598) ...

=======================================================
CrossAttn Test Evaluation  [scale_aec=none | threshold=0.598]
=======================================================
CrossAttn — training final model for 471 epochs on full CV set …
  [CrossAttn] weights → 연구코드/results/0612_120/model_2\raw\M2_raw_weights.pt

CrossAttn — Test Set (Overall):  AUC: 0.7809  AUPRC: 0.2747  Brier: 0.2619  Acc: 0.6900  F1: 0.3364

CrossAttn — Test Set (By Sex):
  [M] n=82  AUC: 0.7046  AUPRC: 0.3213  Brier: 0.3044  Acc: 0.6585  F1: 0.4167
              precision    recall  f1-score   support

      Normal       0.94      0.64      0.76        69
  Sarcopenia       0.29      0.77      0.42        13

    accuracy                           0.66        82
   macro avg       0.61      0.70      0.59        82
weighted avg       0.83      0.66      0.70        82

  [F] n=147  AUC: 0.7995  AUPRC: 0.2501  Brier: 0.2382  Acc: 0.7075  F1: 0.2712
              precision    recall  f1-score   support

      Normal       0.97      0.71      0.82       136
  Sarcopenia       0.17      0.73      0.27        11

    accuracy                           0.71       147
   macro avg       0.57      0.72      0.54       147
weighted avg       0.91      0.71      0.78       147


───────────────────────────────────────────────────────
Test Set — Bootstrap CI
───────────────────────────────────────────────────────

  Bootstrap 95% CI — CrossAttn  (n_boot=2000)
  Metric         Estimate   95% CI Lower   95% CI Upper
  ----------------------------------------------------
  AUC-ROC          0.7809         0.6965         0.8589
  AUPRC            0.2747         0.1617         0.4396
  Brier            0.2619         0.2350         0.2869
  Accuracy         0.6900         0.6332         0.7511
  F1               0.3364         0.2202         0.4531
  [M2/raw] Saving figures ...

Saved (model 2 (raw)):
  연구코드/results/0612_120/model_2\raw/data_distribution.png
  연구코드/results/0612_120/model_2\raw/cv_roc_curves.png
  연구코드/results/0612_120/model_2\raw/cv_metric_distribution.png
  연구코드/results/0612_120/model_2\raw/training_curves.png
  연구코드/results/0612_120/model_2\raw/test_roc_curves.png
  연구코드/results/0612_120/model_2\raw/test_roc_by_sex.png
  연구코드/results/0612_120/model_2\raw/confusion_matrices.png
  연구코드/results/0612_120/model_2\raw/calibration.png
  연구코드/results/0612_120/model_2\raw/results.md
  [M2/raw] Plotting attention maps ...
  연구코드/results/0612_120/model_2\raw/attention_map_c2a.png
  연구코드/results/0612_120/model_2\raw/attention_heatmap_c2a.png
  연구코드/results/0612_120/model_2\raw/attention_map_a2c.png
  연구코드/results/0612_120/model_2\raw/attention_heatmap_a2c.png
  [M2/raw] Plotting Grad-CAM ...
  연구코드/results/0612_120/model_2\raw/cam_aec_mean.png
  연구코드/results/0612_120/model_2\raw/cam_aec_lines.png
  연구코드/results/0612_120/model_2\raw/cam_aec_heatmap.png
  [M2/raw] Done.

############################################################
  [M2 norm]  (scale_clinic=True, scale_aec=none)
############################################################
  [M2/norm] Cross-validating CrossAttn ...
=======================================================
5-Fold CV  [CrossAttn | scale_aec=none]
=======================================================

── Fold 1/5 ──────────────────────────────
  CA   — AUC: 0.8304  AUPRC: 0.3466  Brier: 0.2599  Acc: 0.8415  F1: 0.5085  (best ep=491, thresh=0.694)

── Fold 2/5 ──────────────────────────────
  CA   — AUC: 0.8354  AUPRC: 0.5606  Brier: 0.2104  Acc: 0.8907  F1: 0.5652  (best ep=450, thresh=0.683)

── Fold 3/5 ──────────────────────────────
  CA   — AUC: 0.7394  AUPRC: 0.2453  Brier: 0.2784  Acc: 0.6612  F1: 0.3261  (best ep=225, thresh=0.588)

── Fold 4/5 ──────────────────────────────
  CA   — AUC: 0.7718  AUPRC: 0.3216  Brier: 0.2335  Acc: 0.7158  F1: 0.3810  (best ep=482, thresh=0.540)

── Fold 5/5 ──────────────────────────────
  CA   — AUC: 0.8156  AUPRC: 0.4473  Brier: 0.2522  Acc: 0.7253  F1: 0.3902  (best ep=249, thresh=0.624)

===========================================================================
CrossAttn  —  5-Fold CV Summary
===========================================================================
  Fold      AUC-ROC      AUPRC      Brier   Accuracy         F1
  ----------------------------------------------------------
  1          0.8304     0.3466     0.2599     0.8415     0.5085
  2          0.8354     0.5606     0.2104     0.8907     0.5652
  3          0.7394     0.2453     0.2784     0.6612     0.3261
  4          0.7718     0.3216     0.2335     0.7158     0.3810
  5          0.8156     0.4473     0.2522     0.7253     0.3902
  ──────────────────────────────────────────────────────────
  Mean       0.7985     0.3843     0.2469     0.7669     0.4342
  ±Std       0.0371     0.1093     0.0232     0.0853     0.0885
  [M2/norm] Evaluating on test set (med_epoch=450, thresh=0.624) ...

=======================================================
CrossAttn Test Evaluation  [scale_aec=none | threshold=0.624]
=======================================================
CrossAttn — training final model for 450 epochs on full CV set …
  [CrossAttn] weights → 연구코드/results/0612_120/model_2\norm\M2_norm_weights.pt

CrossAttn — Test Set (Overall):  AUC: 0.8146  AUPRC: 0.3250  Brier: 0.2573  Acc: 0.7118  F1: 0.3529

CrossAttn — Test Set (By Sex):
  [M] n=82  AUC: 0.7469  AUPRC: 0.3798  Brier: 0.3143  Acc: 0.6463  F1: 0.4314
              precision    recall  f1-score   support

      Normal       0.95      0.61      0.74        69
  Sarcopenia       0.29      0.85      0.43        13

    accuracy                           0.65        82
   macro avg       0.62      0.73      0.59        82
weighted avg       0.85      0.65      0.69        82

  [F] n=147  AUC: 0.8382  AUPRC: 0.2962  Brier: 0.2255  Acc: 0.7483  F1: 0.2745
              precision    recall  f1-score   support

      Normal       0.96      0.76      0.85       136
  Sarcopenia       0.17      0.64      0.27        11

    accuracy                           0.75       147
   macro avg       0.57      0.70      0.56       147
weighted avg       0.90      0.75      0.80       147


───────────────────────────────────────────────────────
Test Set — Bootstrap CI
───────────────────────────────────────────────────────

  Bootstrap 95% CI — CrossAttn  (n_boot=2000)
  Metric         Estimate   95% CI Lower   95% CI Upper
  ----------------------------------------------------
  AUC-ROC          0.8146         0.7471         0.8778
  AUPRC            0.3250         0.1901         0.5027
  Brier            0.2573         0.2303         0.2824
  Accuracy         0.7118         0.6550         0.7729
  F1               0.3529         0.2307         0.4696
  [M2/norm] Saving figures ...

Saved (model 2 (norm)):
  연구코드/results/0612_120/model_2\norm/data_distribution.png
  연구코드/results/0612_120/model_2\norm/cv_roc_curves.png
  연구코드/results/0612_120/model_2\norm/cv_metric_distribution.png
  연구코드/results/0612_120/model_2\norm/training_curves.png
  연구코드/results/0612_120/model_2\norm/test_roc_curves.png
  연구코드/results/0612_120/model_2\norm/test_roc_by_sex.png
  연구코드/results/0612_120/model_2\norm/confusion_matrices.png
  연구코드/results/0612_120/model_2\norm/calibration.png
  연구코드/results/0612_120/model_2\norm/results.md
  [M2/norm] Plotting attention maps ...
  연구코드/results/0612_120/model_2\norm/attention_map_c2a.png
  연구코드/results/0612_120/model_2\norm/attention_heatmap_c2a.png
  연구코드/results/0612_120/model_2\norm/attention_map_a2c.png
  연구코드/results/0612_120/model_2\norm/attention_heatmap_a2c.png
  [M2/norm] Plotting Grad-CAM ...
  연구코드/results/0612_120/model_2\norm/cam_aec_mean.png
  연구코드/results/0612_120/model_2\norm/cam_aec_lines.png
  연구코드/results/0612_120/model_2\norm/cam_aec_heatmap.png
  [M2/norm] Done.

############################################################
  [M2 global_zscore]  (scale_clinic=True, scale_aec=global)
############################################################
  [M2/global_zscore] Cross-validating CrossAttn ...
=======================================================
5-Fold CV  [CrossAttn | scale_aec=global]
=======================================================

── Fold 1/5 ──────────────────────────────
  CA   — AUC: 0.8043  AUPRC: 0.3455  Brier: 0.2598  Acc: 0.6503  F1: 0.3600  (best ep=341, thresh=0.551)

── Fold 2/5 ──────────────────────────────
  CA   — AUC: 0.8383  AUPRC: 0.4759  Brier: 0.2213  Acc: 0.7104  F1: 0.3908  (best ep=467, thresh=0.514)

── Fold 3/5 ──────────────────────────────
  CA   — AUC: 0.7805  AUPRC: 0.3169  Brier: 0.2771  Acc: 0.7322  F1: 0.3636  (best ep=377, thresh=0.641)

── Fold 4/5 ──────────────────────────────
  CA   — AUC: 0.7927  AUPRC: 0.3159  Brier: 0.2512  Acc: 0.7432  F1: 0.4051  (best ep=130, thresh=0.573)

── Fold 5/5 ──────────────────────────────
  CA   — AUC: 0.8163  AUPRC: 0.4083  Brier: 0.2414  Acc: 0.8681  F1: 0.5200  (best ep=435, thresh=0.727)

===========================================================================
CrossAttn  —  5-Fold CV Summary
===========================================================================
  Fold      AUC-ROC      AUPRC      Brier   Accuracy         F1
  ----------------------------------------------------------
  1          0.8043     0.3455     0.2598     0.6503     0.3600
  2          0.8383     0.4759     0.2213     0.7104     0.3908
  3          0.7805     0.3169     0.2771     0.7322     0.3636
  4          0.7927     0.3159     0.2512     0.7432     0.4051
  5          0.8163     0.4083     0.2414     0.8681     0.5200
  ──────────────────────────────────────────────────────────
  Mean       0.8064     0.3725     0.2502     0.7408     0.4079
  ±Std       0.0199     0.0616     0.0186     0.0713     0.0585
  [M2/global_zscore] Evaluating on test set (med_epoch=377, thresh=0.573) ...

=======================================================
CrossAttn Test Evaluation  [scale_aec=global | threshold=0.573]
=======================================================
CrossAttn — training final model for 377 epochs on full CV set …
  [CrossAttn] weights → 연구코드/results/0612_120/model_2\global_zscore\M2_global_zscore_weights.pt

CrossAttn — Test Set (Overall):  AUC: 0.8171  AUPRC: 0.2953  Brier: 0.2567  Acc: 0.7074  F1: 0.3738

CrossAttn — Test Set (By Sex):
  [M] n=82  AUC: 0.7492  AUPRC: 0.3177  Brier: 0.2919  Acc: 0.6707  F1: 0.4255
              precision    recall  f1-score   support

      Normal       0.94      0.65      0.77        69
  Sarcopenia       0.29      0.77      0.43        13

    accuracy                           0.67        82
   macro avg       0.62      0.71      0.60        82
weighted avg       0.84      0.67      0.71        82

  [F] n=147  AUC: 0.8409  AUPRC: 0.3158  Brier: 0.2370  Acc: 0.7279  F1: 0.3333
              precision    recall  f1-score   support

      Normal       0.99      0.71      0.83       136
  Sarcopenia       0.20      0.91      0.33        11

    accuracy                           0.73       147
   macro avg       0.60      0.81      0.58       147
weighted avg       0.93      0.73      0.79       147


───────────────────────────────────────────────────────
Test Set — Bootstrap CI
───────────────────────────────────────────────────────

  Bootstrap 95% CI — CrossAttn  (n_boot=2000)
  Metric         Estimate   95% CI Lower   95% CI Upper
  ----------------------------------------------------
  AUC-ROC          0.8171         0.7411         0.8881
  AUPRC            0.2953         0.1942         0.4813
  Brier            0.2567         0.2301         0.2817
  Accuracy         0.7074         0.6463         0.7686
  F1               0.3738         0.2524         0.4909
  [M2/global_zscore] Saving figures ...

Saved (model 2 (global_zscore)):
  연구코드/results/0612_120/model_2\global_zscore/data_distribution.png
  연구코드/results/0612_120/model_2\global_zscore/cv_roc_curves.png
  연구코드/results/0612_120/model_2\global_zscore/cv_metric_distribution.png
  연구코드/results/0612_120/model_2\global_zscore/training_curves.png
  연구코드/results/0612_120/model_2\global_zscore/test_roc_curves.png
  연구코드/results/0612_120/model_2\global_zscore/test_roc_by_sex.png
  연구코드/results/0612_120/model_2\global_zscore/confusion_matrices.png
  연구코드/results/0612_120/model_2\global_zscore/calibration.png
  연구코드/results/0612_120/model_2\global_zscore/results.md
  [M2/global_zscore] Plotting attention maps ...
  연구코드/results/0612_120/model_2\global_zscore/attention_map_c2a.png
  연구코드/results/0612_120/model_2\global_zscore/attention_heatmap_c2a.png
  연구코드/results/0612_120/model_2\global_zscore/attention_map_a2c.png
  연구코드/results/0612_120/model_2\global_zscore/attention_heatmap_a2c.png
  [M2/global_zscore] Plotting Grad-CAM ...
  연구코드/results/0612_120/model_2\global_zscore/cam_aec_mean.png
  연구코드/results/0612_120/model_2\global_zscore/cam_aec_lines.png
  연구코드/results/0612_120/model_2\global_zscore/cam_aec_heatmap.png
  [M2/global_zscore] Done.
