============================================================
  MODEL 3 — Clinic + Scanner + AEC  (5 AEC variants × 1 cases)
============================================================

############################################################
  [M3 len128] CASE : scale_both  (scale_clinic=True, scale_aec=True)
############################################################
=================================================================
5-Fold CV  [CrossAttn3 | scale_clin=True, scale_aec=True]
=================================================================

── Fold 1/5 ──────────────────────────────
  CA3  — AUC: 0.9065  AUPRC: 0.4849  Brier: 0.1581  Acc: 0.7697  F1: 0.4412  (best ep=87)

── Fold 2/5 ──────────────────────────────
  CA3  — AUC: 0.8372  AUPRC: 0.3179  Brier: 0.2012  Acc: 0.6909  F1: 0.3544  (best ep=6)

── Fold 3/5 ──────────────────────────────
  CA3  — AUC: 0.8108  AUPRC: 0.3143  Brier: 0.1257  Acc: 0.8364  F1: 0.4490  (best ep=14)

── Fold 4/5 ──────────────────────────────
  CA3  — AUC: 0.7361  AUPRC: 0.2372  Brier: 0.1994  Acc: 0.6727  F1: 0.3077  (best ep=25)

── Fold 5/5 ──────────────────────────────
  CA3  — AUC: 0.8327  AUPRC: 0.3413  Brier: 0.2498  Acc: 0.5697  F1: 0.3107  (best ep=3)

===========================================================================
CrossAttn3  —  5-Fold CV Summary
===========================================================================
  Fold      AUC-ROC      AUPRC      Brier   Accuracy         F1
  ----------------------------------------------------------
  1          0.9065     0.4849     0.1581     0.7697     0.4412
  2          0.8372     0.3179     0.2012     0.6909     0.3544
  3          0.8108     0.3143     0.1257     0.8364     0.4490
  4          0.7361     0.2372     0.1994     0.6727     0.3077
  5          0.8327     0.3413     0.2498     0.5697     0.3107
  ──────────────────────────────────────────────────────────
  Mean       0.8247     0.3391     0.1868     0.7079     0.3726
  ±Std       0.0547     0.0809     0.0422     0.0905     0.0615

=================================================================
CrossAttn3 Test Evaluation  (scale_clin=True, scale_aec=True)
=================================================================
CrossAttn3 — training final model for 14 epochs on full CV set …

CrossAttn3 — Test Set (Overall):
  AUC: 0.7627  AUPRC: 0.3332  Brier: 0.1793  Acc: 0.7053  F1: 0.3441

CrossAttn3 — Test Set (By Sex):
  [M] n=65  AUC: 0.7123  AUPRC: 0.4040  Brier: 0.2650  Acc: 0.5846  F1: 0.4490
              precision    recall  f1-score   support

      Normal       0.96      0.51      0.67        53
  Sarcopenia       0.30      0.92      0.45        12

    accuracy                           0.58        65
   macro avg       0.63      0.71      0.56        65
weighted avg       0.84      0.58      0.63        65

  [F] n=142  AUC: 0.7135  AUPRC: 0.2774  Brier: 0.1401  Acc: 0.7606  F1: 0.2273
              precision    recall  f1-score   support

      Normal       0.96      0.77      0.86       133
  Sarcopenia       0.14      0.56      0.23         9

    accuracy                           0.76       142
   macro avg       0.55      0.66      0.54       142
weighted avg       0.91      0.76      0.82       142


───────────────────────────────────────────────────────
Test Set — Bootstrap CI
───────────────────────────────────────────────────────

  Bootstrap 95% CI — CrossAttn3  (n_boot=2000)
  Metric         Estimate   95% CI Lower   95% CI Upper
  ----------------------------------------------------
  AUC-ROC          0.7627         0.6377         0.8746
  AUPRC            0.3332         0.1784         0.5443
  Brier            0.1793         0.1493         0.2110
  Accuracy         0.7053         0.6425         0.7681
  F1               0.3441         0.2121         0.4632

Saved (model 3 (len128)):
  연구코드/results/0522/model_3\len128\scale_both/data_distribution.png
  연구코드/results/0522/model_3\len128\scale_both/cv_roc_curves.png
  연구코드/results/0522/model_3\len128\scale_both/cv_metric_distribution.png
  연구코드/results/0522/model_3\len128\scale_both/training_curves.png
  연구코드/results/0522/model_3\len128\scale_both/test_roc_curves.png
  연구코드/results/0522/model_3\len128\scale_both/test_roc_by_sex.png
  연구코드/results/0522/model_3\len128\scale_both/confusion_matrices.png
  연구코드/results/0522/model_3\len128\scale_both/calibration.png
  연구코드/results/0522/model_3\len128\scale_both/results.md

############################################################
  [M3 crop80] CASE : scale_both  (scale_clinic=True, scale_aec=True)
############################################################
=================================================================
5-Fold CV  [CrossAttn3 | scale_clin=True, scale_aec=True]
=================================================================

── Fold 1/5 ──────────────────────────────
  CA3  — AUC: 0.8997  AUPRC: 0.4762  Brier: 0.1241  Acc: 0.8000  F1: 0.4590  (best ep=31)

── Fold 2/5 ──────────────────────────────
  CA3  — AUC: 0.8356  AUPRC: 0.2992  Brier: 0.1613  Acc: 0.8121  F1: 0.4151  (best ep=2)

── Fold 3/5 ──────────────────────────────
  CA3  — AUC: 0.8029  AUPRC: 0.3163  Brier: 0.1619  Acc: 0.7333  F1: 0.3889  (best ep=9)

── Fold 4/5 ──────────────────────────────
  CA3  — AUC: 0.7047  AUPRC: 0.1999  Brier: 0.2334  Acc: 0.6485  F1: 0.3095  (best ep=2)

── Fold 5/5 ──────────────────────────────
  CA3  — AUC: 0.8446  AUPRC: 0.4006  Brier: 0.1857  Acc: 0.7091  F1: 0.3846  (best ep=4)

===========================================================================
CrossAttn3  —  5-Fold CV Summary
===========================================================================
  Fold      AUC-ROC      AUPRC      Brier   Accuracy         F1
  ----------------------------------------------------------
  1          0.8997     0.4762     0.1241     0.8000     0.4590
  2          0.8356     0.2992     0.1613     0.8121     0.4151
  3          0.8029     0.3163     0.1619     0.7333     0.3889
  4          0.7047     0.1999     0.2334     0.6485     0.3095
  5          0.8446     0.4006     0.1857     0.7091     0.3846
  ──────────────────────────────────────────────────────────
  Mean       0.8175     0.3385     0.1733     0.7406     0.3914
  ±Std       0.0644     0.0939     0.0359     0.0603     0.0488

=================================================================
CrossAttn3 Test Evaluation  (scale_clin=True, scale_aec=True)
=================================================================
CrossAttn3 — training final model for 4 epochs on full CV set …

CrossAttn3 — Test Set (Overall):
  AUC: 0.7645  AUPRC: 0.3198  Brier: 0.2162  Acc: 0.6473  F1: 0.3178

CrossAttn3 — Test Set (By Sex):
  [M] n=65  AUC: 0.7311  AUPRC: 0.4099  Brier: 0.2825  Acc: 0.5538  F1: 0.4314
              precision    recall  f1-score   support

      Normal       0.96      0.47      0.63        53
  Sarcopenia       0.28      0.92      0.43        12

    accuracy                           0.55        65
   macro avg       0.62      0.69      0.53        65
weighted avg       0.84      0.55      0.60        65

  [F] n=142  AUC: 0.7101  AUPRC: 0.1872  Brier: 0.1859  Acc: 0.6901  F1: 0.2143
              precision    recall  f1-score   support

      Normal       0.97      0.69      0.81       133
  Sarcopenia       0.13      0.67      0.21         9

    accuracy                           0.69       142
   macro avg       0.55      0.68      0.51       142
weighted avg       0.92      0.69      0.77       142


───────────────────────────────────────────────────────
Test Set — Bootstrap CI
───────────────────────────────────────────────────────

  Bootstrap 95% CI — CrossAttn3  (n_boot=2000)
  Metric         Estimate   95% CI Lower   95% CI Upper
  ----------------------------------------------------
  AUC-ROC          0.7645         0.6475         0.8653
  AUPRC            0.3198         0.1612         0.5251
  Brier            0.2162         0.1860         0.2488
  Accuracy         0.6473         0.5845         0.7101
  F1               0.3178         0.1923         0.4274

Saved (model 3 (crop80)):
  연구코드/results/0522/model_3\crop80\scale_both/data_distribution.png
  연구코드/results/0522/model_3\crop80\scale_both/cv_roc_curves.png
  연구코드/results/0522/model_3\crop80\scale_both/cv_metric_distribution.png
  연구코드/results/0522/model_3\crop80\scale_both/training_curves.png
  연구코드/results/0522/model_3\crop80\scale_both/test_roc_curves.png
  연구코드/results/0522/model_3\crop80\scale_both/test_roc_by_sex.png
  연구코드/results/0522/model_3\crop80\scale_both/confusion_matrices.png
  연구코드/results/0522/model_3\crop80\scale_both/calibration.png
  연구코드/results/0522/model_3\crop80\scale_both/results.md

############################################################
  [M3 crop60] CASE : scale_both  (scale_clinic=True, scale_aec=True)
############################################################
=================================================================
5-Fold CV  [CrossAttn3 | scale_clin=True, scale_aec=True]
=================================================================

── Fold 1/5 ──────────────────────────────
  CA3  — AUC: 0.8901  AUPRC: 0.4974  Brier: 0.1441  Acc: 0.7939  F1: 0.4333  (best ep=51)

── Fold 2/5 ──────────────────────────────
  CA3  — AUC: 0.8163  AUPRC: 0.3180  Brier: 0.1711  Acc: 0.7515  F1: 0.3692  (best ep=5)

── Fold 3/5 ──────────────────────────────
  CA3  — AUC: 0.7985  AUPRC: 0.3145  Brier: 0.1777  Acc: 0.6970  F1: 0.3590  (best ep=36)

── Fold 4/5 ──────────────────────────────
  CA3  — AUC: 0.7369  AUPRC: 0.2720  Brier: 0.1933  Acc: 0.7091  F1: 0.2941  (best ep=30)

── Fold 5/5 ──────────────────────────────
  CA3  — AUC: 0.8525  AUPRC: 0.3922  Brier: 0.1999  Acc: 0.6545  F1: 0.3736  (best ep=7)

===========================================================================
CrossAttn3  —  5-Fold CV Summary
===========================================================================
  Fold      AUC-ROC      AUPRC      Brier   Accuracy         F1
  ----------------------------------------------------------
  1          0.8901     0.4974     0.1441     0.7939     0.4333
  2          0.8163     0.3180     0.1711     0.7515     0.3692
  3          0.7985     0.3145     0.1777     0.6970     0.3590
  4          0.7369     0.2720     0.1933     0.7091     0.2941
  5          0.8525     0.3922     0.1999     0.6545     0.3736
  ──────────────────────────────────────────────────────────
  Mean       0.8189     0.3588     0.1772     0.7212     0.3659
  ±Std       0.0517     0.0793     0.0195     0.0477     0.0443

=================================================================
CrossAttn3 Test Evaluation  (scale_clin=True, scale_aec=True)
=================================================================
CrossAttn3 — training final model for 30 epochs on full CV set …

CrossAttn3 — Test Set (Overall):
  AUC: 0.7353  AUPRC: 0.3354  Brier: 0.1709  Acc: 0.7343  F1: 0.3210

CrossAttn3 — Test Set (By Sex):
  [M] n=65  AUC: 0.7107  AUPRC: 0.4385  Brier: 0.2603  Acc: 0.5846  F1: 0.3721
              precision    recall  f1-score   support

      Normal       0.88      0.57      0.69        53
  Sarcopenia       0.26      0.67      0.37        12

    accuracy                           0.58        65
   macro avg       0.57      0.62      0.53        65
weighted avg       0.77      0.58      0.63        65

  [F] n=142  AUC: 0.7093  AUPRC: 0.2400  Brier: 0.1299  Acc: 0.8028  F1: 0.2632
              precision    recall  f1-score   support

      Normal       0.96      0.82      0.89       133
  Sarcopenia       0.17      0.56      0.26         9

    accuracy                           0.80       142
   macro avg       0.57      0.69      0.57       142
weighted avg       0.91      0.80      0.85       142


───────────────────────────────────────────────────────
Test Set — Bootstrap CI
───────────────────────────────────────────────────────

  Bootstrap 95% CI — CrossAttn3  (n_boot=2000)
  Metric         Estimate   95% CI Lower   95% CI Upper
  ----------------------------------------------------
  AUC-ROC          0.7353         0.5954         0.8592
  AUPRC            0.3354         0.1755         0.5499
  Brier            0.1709         0.1385         0.2057
  Accuracy         0.7343         0.6715         0.7923
  F1               0.3210         0.1818         0.4516

Saved (model 3 (crop60)):
  연구코드/results/0522/model_3\crop60\scale_both/data_distribution.png
  연구코드/results/0522/model_3\crop60\scale_both/cv_roc_curves.png
  연구코드/results/0522/model_3\crop60\scale_both/cv_metric_distribution.png
  연구코드/results/0522/model_3\crop60\scale_both/training_curves.png
  연구코드/results/0522/model_3\crop60\scale_both/test_roc_curves.png
  연구코드/results/0522/model_3\crop60\scale_both/test_roc_by_sex.png
  연구코드/results/0522/model_3\crop60\scale_both/confusion_matrices.png
  연구코드/results/0522/model_3\crop60\scale_both/calibration.png
  연구코드/results/0522/model_3\crop60\scale_both/results.md

############################################################
  [M3 norm] CASE : scale_both  (scale_clinic=True, scale_aec=True)
############################################################
=================================================================
5-Fold CV  [CrossAttn3 | scale_clin=True, scale_aec=True]
=================================================================

── Fold 1/5 ──────────────────────────────
  CA3  — AUC: 0.8863  AUPRC: 0.3740  Brier: 0.2230  Acc: 0.6545  F1: 0.3448  (best ep=8)

── Fold 2/5 ──────────────────────────────
  CA3  — AUC: 0.8280  AUPRC: 0.3128  Brier: 0.1910  Acc: 0.7394  F1: 0.3768  (best ep=7)

── Fold 3/5 ──────────────────────────────
  CA3  — AUC: 0.8048  AUPRC: 0.3506  Brier: 0.2398  Acc: 0.6364  F1: 0.3333  (best ep=2)

── Fold 4/5 ──────────────────────────────
  CA3  — AUC: 0.7468  AUPRC: 0.2811  Brier: 0.1920  Acc: 0.7091  F1: 0.3143  (best ep=15)

── Fold 5/5 ──────────────────────────────
  CA3  — AUC: 0.8446  AUPRC: 0.4369  Brier: 0.2882  Acc: 0.4970  F1: 0.2906  (best ep=2)

===========================================================================
CrossAttn3  —  5-Fold CV Summary
===========================================================================
  Fold      AUC-ROC      AUPRC      Brier   Accuracy         F1
  ----------------------------------------------------------
  1          0.8863     0.3740     0.2230     0.6545     0.3448
  2          0.8280     0.3128     0.1910     0.7394     0.3768
  3          0.8048     0.3506     0.2398     0.6364     0.3333
  4          0.7468     0.2811     0.1920     0.7091     0.3143
  5          0.8446     0.4369     0.2882     0.4970     0.2906
  ──────────────────────────────────────────────────────────
  Mean       0.8221     0.3511     0.2268     0.6473     0.3320
  ±Std       0.0461     0.0534     0.0359     0.0838     0.0290

=================================================================
CrossAttn3 Test Evaluation  (scale_clin=True, scale_aec=True)
=================================================================
CrossAttn3 — training final model for 7 epochs on full CV set …

CrossAttn3 — Test Set (Overall):
  AUC: 0.7616  AUPRC: 0.3255  Brier: 0.2547  Acc: 0.6039  F1: 0.2807

CrossAttn3 — Test Set (By Sex):
  [M] n=65  AUC: 0.7186  AUPRC: 0.4395  Brier: 0.3422  Acc: 0.5231  F1: 0.4151
              precision    recall  f1-score   support

      Normal       0.96      0.43      0.60        53
  Sarcopenia       0.27      0.92      0.42        12

    accuracy                           0.52        65
   macro avg       0.61      0.68      0.51        65
weighted avg       0.83      0.52      0.56        65

  [F] n=142  AUC: 0.7176  AUPRC: 0.2252  Brier: 0.2147  Acc: 0.6408  F1: 0.1639
              precision    recall  f1-score   support

      Normal       0.96      0.65      0.77       133
  Sarcopenia       0.10      0.56      0.16         9

    accuracy                           0.64       142
   macro avg       0.53      0.60      0.47       142
weighted avg       0.90      0.64      0.73       142


───────────────────────────────────────────────────────
Test Set — Bootstrap CI
───────────────────────────────────────────────────────

  Bootstrap 95% CI — CrossAttn3  (n_boot=2000)
  Metric         Estimate   95% CI Lower   95% CI Upper
  ----------------------------------------------------
  AUC-ROC          0.7616         0.6418         0.8624
  AUPRC            0.3255         0.1614         0.5370
  Brier            0.2547         0.2164         0.2941
  Accuracy         0.6039         0.5362         0.6715
  F1               0.2807         0.1651         0.3833

Saved (model 3 (norm)):
  연구코드/results/0522/model_3\norm\scale_both/data_distribution.png
  연구코드/results/0522/model_3\norm\scale_both/cv_roc_curves.png
  연구코드/results/0522/model_3\norm\scale_both/cv_metric_distribution.png
  연구코드/results/0522/model_3\norm\scale_both/training_curves.png
  연구코드/results/0522/model_3\norm\scale_both/test_roc_curves.png
  연구코드/results/0522/model_3\norm\scale_both/test_roc_by_sex.png
  연구코드/results/0522/model_3\norm\scale_both/confusion_matrices.png
  연구코드/results/0522/model_3\norm\scale_both/calibration.png
  연구코드/results/0522/model_3\norm\scale_both/results.md

############################################################
  [M3 excl_extreme] CASE : scale_both  (scale_clinic=True, scale_aec=True)
############################################################
=================================================================
5-Fold CV  [CrossAttn3 | scale_clin=True, scale_aec=True]
=================================================================

── Fold 1/5 ──────────────────────────────
  CA3  — AUC: 0.7930  AUPRC: 0.4392  Brier: 0.1742  Acc: 0.8792  F1: 0.4706  (best ep=1)

── Fold 2/5 ──────────────────────────────
  CA3  — AUC: 0.7628  AUPRC: 0.3610  Brier: 0.1675  Acc: 0.7297  F1: 0.2857  (best ep=8)

── Fold 3/5 ──────────────────────────────
  CA3  — AUC: 0.8065  AUPRC: 0.3971  Brier: 0.1190  Acc: 0.8514  F1: 0.3889  (best ep=12)

── Fold 4/5 ──────────────────────────────
  CA3  — AUC: 0.8622  AUPRC: 0.4097  Brier: 0.2349  Acc: 0.5811  F1: 0.3111  (best ep=2)

── Fold 5/5 ──────────────────────────────
  CA3  — AUC: 0.8426  AUPRC: 0.3907  Brier: 0.1862  Acc: 0.7297  F1: 0.3548  (best ep=29)

===========================================================================
CrossAttn3  —  5-Fold CV Summary
===========================================================================
  Fold      AUC-ROC      AUPRC      Brier   Accuracy         F1
  ----------------------------------------------------------
  1          0.7930     0.4392     0.1742     0.8792     0.4706
  2          0.7628     0.3610     0.1675     0.7297     0.2857
  3          0.8065     0.3971     0.1190     0.8514     0.3889
  4          0.8622     0.4097     0.2349     0.5811     0.3111
  5          0.8426     0.3907     0.1862     0.7297     0.3548
  ──────────────────────────────────────────────────────────
  Mean       0.8134     0.3996     0.1764     0.7542     0.3622
  ±Std       0.0354     0.0255     0.0371     0.1060     0.0648

=================================================================
CrossAttn3 Test Evaluation  (scale_clin=True, scale_aec=True)
=================================================================
CrossAttn3 — training final model for 8 epochs on full CV set …

CrossAttn3 — Test Set (Overall):
  AUC: 0.7189  AUPRC: 0.2721  Brier: 0.2222  Acc: 0.6595  F1: 0.2759

CrossAttn3 — Test Set (By Sex):
  [M] n=55  AUC: 0.6667  AUPRC: 0.3947  Brier: 0.3443  Acc: 0.4909  F1: 0.3333
              precision    recall  f1-score   support

      Normal       0.91      0.43      0.59        46
  Sarcopenia       0.21      0.78      0.33         9

    accuracy                           0.49        55
   macro avg       0.56      0.61      0.46        55
weighted avg       0.80      0.49      0.55        55

  [F] n=130  AUC: 0.7043  AUPRC: 0.2065  Brier: 0.1705  Acc: 0.7308  F1: 0.2222
              precision    recall  f1-score   support

      Normal       0.96      0.74      0.84       121
  Sarcopenia       0.14      0.56      0.22         9

    accuracy                           0.73       130
   macro avg       0.55      0.65      0.53       130
weighted avg       0.90      0.73      0.79       130


───────────────────────────────────────────────────────
Test Set — Bootstrap CI
───────────────────────────────────────────────────────

  Bootstrap 95% CI — CrossAttn3  (n_boot=2000)
  Metric         Estimate   95% CI Lower   95% CI Upper
  ----------------------------------------------------
  AUC-ROC          0.7189         0.5784         0.8453
  AUPRC            0.2721         0.1433         0.5116
  Brier            0.2222         0.1839         0.2628
  Accuracy         0.6595         0.5892         0.7297
  F1               0.2759         0.1522         0.4000

Saved (model 3 (excl_extreme)):
  연구코드/results/0522/model_3\excl_extreme\scale_both/data_distribution.png
  연구코드/results/0522/model_3\excl_extreme\scale_both/cv_roc_curves.png
  연구코드/results/0522/model_3\excl_extreme\scale_both/cv_metric_distribution.png
  연구코드/results/0522/model_3\excl_extreme\scale_both/training_curves.png
  연구코드/results/0522/model_3\excl_extreme\scale_both/test_roc_curves.png
  연구코드/results/0522/model_3\excl_extreme\scale_both/test_roc_by_sex.png
  연구코드/results/0522/model_3\excl_extreme\scale_both/confusion_matrices.png
  연구코드/results/0522/model_3\excl_extreme\scale_both/calibration.png
  연구코드/results/0522/model_3\excl_extreme\scale_both/results.md
