============================================================
  MODEL 3 — Clinic + Scanner + AEC (aec256, BCEWithLogitsLoss)  (5 AEC variants × 1 cases)
============================================================

############################################################
  [M3 norm] CASE : scale_clinic  (scale_clinic=True, loss=bce)
############################################################
  [M3/bce/norm/scale_clinic] Cross-validating CrossAttn3 ...
=================================================================
5-Fold CV  [CrossAttn3 | scale_clin=True, scale_aec=False]
=================================================================

── Fold 1/5 ──────────────────────────────
  CA3  — AUC: 0.7973  AUPRC: 0.3387  Brier: 0.1534  Acc: 0.7754  F1: 0.4561  (best ep=53, thresh=0.505)

── Fold 2/5 ──────────────────────────────
  CA3  — AUC: 0.8089  AUPRC: 0.4067  Brier: 0.1455  Acc: 0.7609  F1: 0.4590  (best ep=62, thresh=0.338)

── Fold 3/5 ──────────────────────────────
  CA3  — AUC: 0.8378  AUPRC: 0.4272  Brier: 0.1909  Acc: 0.8175  F1: 0.4898  (best ep=8, thresh=0.639)

── Fold 4/5 ──────────────────────────────
  CA3  — AUC: 0.8048  AUPRC: 0.5662  Brier: 0.1674  Acc: 0.5985  F1: 0.3529  (best ep=2, thresh=0.348)

── Fold 5/5 ──────────────────────────────
  CA3  — AUC: 0.8388  AUPRC: 0.3417  Brier: 0.1789  Acc: 0.8175  F1: 0.5098  (best ep=10, thresh=0.656)

===========================================================================
CrossAttn3  —  5-Fold CV Summary
===========================================================================
  Fold      AUC-ROC      AUPRC      Brier   Accuracy         F1
  ----------------------------------------------------------
  1          0.7973     0.3387     0.1534     0.7754     0.4561
  2          0.8089     0.4067     0.1455     0.7609     0.4590
  3          0.8378     0.4272     0.1909     0.8175     0.4898
  4          0.8048     0.5662     0.1674     0.5985     0.3529
  5          0.8388     0.3417     0.1789     0.8175     0.5098
  ──────────────────────────────────────────────────────────
  Mean       0.8175     0.4161     0.1672     0.7540     0.4535
  ±Std       0.0174     0.0828     0.0165     0.0809     0.0541
  [M3/bce/norm/scale_clinic] Evaluating on test set (med_epoch=10, thresh=0.505) ...

=================================================================
CrossAttn3 Test Evaluation  (scale_clin=True, scale_aec=False, threshold=0.505)
=================================================================
CrossAttn3 — training final model for 10 epochs on full CV set …

CrossAttn3 — Test Set (Overall):
  AUC: 0.8858  AUPRC: 0.5225  Brier: 0.1819  Acc: 0.7093  F1: 0.4186

CrossAttn3 — Test Set (By Sex):
  [M] n=71  AUC: 0.8955  AUPRC: 0.6009  Brier: 0.2409  Acc: 0.6338  F1: 0.4583
              precision    recall  f1-score   support

      Normal       1.00      0.57      0.72        60
  Sarcopenia       0.30      1.00      0.46        11

    accuracy                           0.63        71
   macro avg       0.65      0.78      0.59        71
weighted avg       0.89      0.63      0.68        71

  [F] n=101  AUC: 0.8890  AUPRC: 0.5060  Brier: 0.1404  Acc: 0.7624  F1: 0.3684
              precision    recall  f1-score   support

      Normal       0.96      0.77      0.85        91
  Sarcopenia       0.25      0.70      0.37        10

    accuracy                           0.76       101
   macro avg       0.60      0.73      0.61       101
weighted avg       0.89      0.76      0.81       101


───────────────────────────────────────────────────────
Test Set — Bootstrap CI
───────────────────────────────────────────────────────

  Bootstrap 95% CI — CrossAttn3  (n_boot=2000)
  Metric         Estimate   95% CI Lower   95% CI Upper
  ----------------------------------------------------
  AUC-ROC          0.8858         0.8102         0.9444
  AUPRC            0.5225         0.3303         0.7305
  Brier            0.1819         0.1505         0.2145
  Accuracy         0.7093         0.6395         0.7733
  F1               0.4186         0.2750         0.5455
  [M3/bce/norm/scale_clinic] Saving figures ...

Saved (model 3 (norm, bce)):
  연구코드/results/ok/model_3\bce\aec256\norm/data_distribution.png
  연구코드/results/ok/model_3\bce\aec256\norm/cv_roc_curves.png
  연구코드/results/ok/model_3\bce\aec256\norm/cv_metric_distribution.png
  연구코드/results/ok/model_3\bce\aec256\norm/training_curves.png
  연구코드/results/ok/model_3\bce\aec256\norm/test_roc_curves.png
  연구코드/results/ok/model_3\bce\aec256\norm/test_roc_by_sex.png
  연구코드/results/ok/model_3\bce\aec256\norm/confusion_matrices.png
  연구코드/results/ok/model_3\bce\aec256\norm/calibration.png
  연구코드/results/ok/model_3\bce\aec256\norm/results.md
  [M3/bce/norm/scale_clinic] Plotting attention maps ...
  연구코드/results/ok/model_3\bce\aec256\norm/attention_map_c2a.png
  연구코드/results/ok/model_3\bce\aec256\norm/attention_heatmap.png
  [M3/bce/norm/scale_clinic] Done.

############################################################
  [M3 excl_extreme] CASE : scale_clinic  (scale_clinic=True, loss=bce)
############################################################
  [M3/bce/excl_extreme/scale_clinic] Cross-validating CrossAttn3 ...
=================================================================
5-Fold CV  [CrossAttn3 | scale_clin=True, scale_aec=False]
=================================================================

── Fold 1/5 ──────────────────────────────
  CA3  — AUC: 0.8214  AUPRC: 0.5134  Brier: 0.2299  Acc: 0.7984  F1: 0.4898  (best ep=23, thresh=0.762)

── Fold 2/5 ──────────────────────────────
  CA3  — AUC: 0.7526  AUPRC: 0.2696  Brier: 0.2156  Acc: 0.8306  F1: 0.4615  (best ep=4, thresh=0.735)

── Fold 3/5 ──────────────────────────────
  CA3  — AUC: 0.8709  AUPRC: 0.3682  Brier: 0.1612  Acc: 0.7886  F1: 0.4800  (best ep=7, thresh=0.533)

── Fold 4/5 ──────────────────────────────
  CA3  — AUC: 0.7720  AUPRC: 0.3978  Brier: 0.2039  Acc: 0.6098  F1: 0.3514  (best ep=2, thresh=0.419)

── Fold 5/5 ──────────────────────────────
  CA3  — AUC: 0.7734  AUPRC: 0.2992  Brier: 0.1717  Acc: 0.7398  F1: 0.4074  (best ep=1, thresh=0.437)

===========================================================================
CrossAttn3  —  5-Fold CV Summary
===========================================================================
  Fold      AUC-ROC      AUPRC      Brier   Accuracy         F1
  ----------------------------------------------------------
  1          0.8214     0.5134     0.2299     0.7984     0.4898
  2          0.7526     0.2696     0.2156     0.8306     0.4615
  3          0.8709     0.3682     0.1612     0.7886     0.4800
  4          0.7720     0.3978     0.2039     0.6098     0.3514
  5          0.7734     0.2992     0.1717     0.7398     0.4074
  ──────────────────────────────────────────────────────────
  Mean       0.7981     0.3696     0.1964     0.7534     0.4380
  ±Std       0.0429     0.0854     0.0261     0.0775     0.0519
  [M3/bce/excl_extreme/scale_clinic] Evaluating on test set (med_epoch=4, thresh=0.533) ...

=================================================================
CrossAttn3 Test Evaluation  (scale_clin=True, scale_aec=False, threshold=0.533)
=================================================================
CrossAttn3 — training final model for 4 epochs on full CV set …

CrossAttn3 — Test Set (Overall):
  AUC: 0.8801  AUPRC: 0.6350  Brier: 0.2347  Acc: 0.6104  F1: 0.4000

CrossAttn3 — Test Set (By Sex):
  [M] n=64  AUC: 0.8868  AUPRC: 0.6685  Brier: 0.2004  Acc: 0.7031  F1: 0.5366
              precision    recall  f1-score   support

      Normal       1.00      0.64      0.78        53
  Sarcopenia       0.37      1.00      0.54        11

    accuracy                           0.70        64
   macro avg       0.68      0.82      0.66        64
weighted avg       0.89      0.70      0.74        64

  [F] n=90  AUC: 0.8788  AUPRC: 0.6724  Brier: 0.2592  Acc: 0.5444  F1: 0.3051
              precision    recall  f1-score   support

      Normal       0.98      0.50      0.66        80
  Sarcopenia       0.18      0.90      0.31        10

    accuracy                           0.54        90
   macro avg       0.58      0.70      0.48        90
weighted avg       0.89      0.54      0.62        90


───────────────────────────────────────────────────────
Test Set — Bootstrap CI
───────────────────────────────────────────────────────

  Bootstrap 95% CI — CrossAttn3  (n_boot=2000)
  Metric         Estimate   95% CI Lower   95% CI Upper
  ----------------------------------------------------
  AUC-ROC          0.8801         0.7981         0.9487
  AUPRC            0.6350         0.4252         0.8316
  Brier            0.2347         0.2016         0.2703
  Accuracy         0.6104         0.5325         0.6883
  F1               0.4000         0.2727         0.5149
  [M3/bce/excl_extreme/scale_clinic] Saving figures ...

Saved (model 3 (excl_extreme, bce)):
  연구코드/results/ok/model_3\bce\aec256\excl_extreme/data_distribution.png
  연구코드/results/ok/model_3\bce\aec256\excl_extreme/cv_roc_curves.png
  연구코드/results/ok/model_3\bce\aec256\excl_extreme/cv_metric_distribution.png
  연구코드/results/ok/model_3\bce\aec256\excl_extreme/training_curves.png
  연구코드/results/ok/model_3\bce\aec256\excl_extreme/test_roc_curves.png
  연구코드/results/ok/model_3\bce\aec256\excl_extreme/test_roc_by_sex.png
  연구코드/results/ok/model_3\bce\aec256\excl_extreme/confusion_matrices.png
  연구코드/results/ok/model_3\bce\aec256\excl_extreme/calibration.png
  연구코드/results/ok/model_3\bce\aec256\excl_extreme/results.md
  [M3/bce/excl_extreme/scale_clinic] Plotting attention maps ...
  연구코드/results/ok/model_3\bce\aec256\excl_extreme/attention_map_c2a.png
  연구코드/results/ok/model_3\bce\aec256\excl_extreme/attention_heatmap.png
  [M3/bce/excl_extreme/scale_clinic] Done.

############################################################
  [M3 len128] CASE : scale_clinic  (scale_clinic=True, loss=bce)
############################################################
  [M3/bce/len128/scale_clinic] Cross-validating CrossAttn3 ...
=================================================================
5-Fold CV  [CrossAttn3 | scale_clin=True, scale_aec=False]
=================================================================

── Fold 1/5 ──────────────────────────────
  CA3  — AUC: 0.7934  AUPRC: 0.3295  Brier: 0.1418  Acc: 0.8043  F1: 0.4906  (best ep=12, thresh=0.456)

── Fold 2/5 ──────────────────────────────
  CA3  — AUC: 0.8172  AUPRC: 0.4039  Brier: 0.1730  Acc: 0.8116  F1: 0.4800  (best ep=5, thresh=0.634)

── Fold 3/5 ──────────────────────────────
  CA3  — AUC: 0.8704  AUPRC: 0.5096  Brier: 0.1823  Acc: 0.7591  F1: 0.4762  (best ep=22, thresh=0.526)

── Fold 4/5 ──────────────────────────────
  CA3  — AUC: 0.8027  AUPRC: 0.5005  Brier: 0.2358  Acc: 0.5912  F1: 0.3488  (best ep=3, thresh=0.471)

── Fold 5/5 ──────────────────────────────
  CA3  — AUC: 0.8110  AUPRC: 0.2643  Brier: 0.2989  Acc: 0.7664  F1: 0.4667  (best ep=6, thresh=0.805)

===========================================================================
CrossAttn3  —  5-Fold CV Summary
===========================================================================
  Fold      AUC-ROC      AUPRC      Brier   Accuracy         F1
  ----------------------------------------------------------
  1          0.7934     0.3295     0.1418     0.8043     0.4906
  2          0.8172     0.4039     0.1730     0.8116     0.4800
  3          0.8704     0.5096     0.1823     0.7591     0.4762
  4          0.8027     0.5005     0.2358     0.5912     0.3488
  5          0.8110     0.2643     0.2989     0.7664     0.4667
  ──────────────────────────────────────────────────────────
  Mean       0.8189     0.4015     0.2064     0.7465     0.4525
  ±Std       0.0269     0.0954     0.0553     0.0803     0.0524
  [M3/bce/len128/scale_clinic] Evaluating on test set (med_epoch=6, thresh=0.526) ...

=================================================================
CrossAttn3 Test Evaluation  (scale_clin=True, scale_aec=False, threshold=0.526)
=================================================================
CrossAttn3 — training final model for 6 epochs on full CV set …

CrossAttn3 — Test Set (Overall):
  AUC: 0.8559  AUPRC: 0.4901  Brier: 0.1890  Acc: 0.7151  F1: 0.4368

CrossAttn3 — Test Set (By Sex):
  [M] n=71  AUC: 0.8606  AUPRC: 0.5770  Brier: 0.2434  Acc: 0.6338  F1: 0.4583
              precision    recall  f1-score   support

      Normal       1.00      0.57      0.72        60
  Sarcopenia       0.30      1.00      0.46        11

    accuracy                           0.63        71
   macro avg       0.65      0.78      0.59        71
weighted avg       0.89      0.63      0.68        71

  [F] n=101  AUC: 0.8505  AUPRC: 0.5454  Brier: 0.1508  Acc: 0.7723  F1: 0.4103
              precision    recall  f1-score   support

      Normal       0.97      0.77      0.86        91
  Sarcopenia       0.28      0.80      0.41        10

    accuracy                           0.77       101
   macro avg       0.62      0.78      0.63       101
weighted avg       0.90      0.77      0.81       101


───────────────────────────────────────────────────────
Test Set — Bootstrap CI
───────────────────────────────────────────────────────

  Bootstrap 95% CI — CrossAttn3  (n_boot=2000)
  Metric         Estimate   95% CI Lower   95% CI Upper
  ----------------------------------------------------
  AUC-ROC          0.8559         0.7660         0.9297
  AUPRC            0.4901         0.2995         0.7017
  Brier            0.1890         0.1545         0.2258
  Accuracy         0.7151         0.6453         0.7849
  F1               0.4368         0.2955         0.5634
  [M3/bce/len128/scale_clinic] Saving figures ...

Saved (model 3 (len128, bce)):
  연구코드/results/ok/model_3\bce\aec256\len128/data_distribution.png
  연구코드/results/ok/model_3\bce\aec256\len128/cv_roc_curves.png
  연구코드/results/ok/model_3\bce\aec256\len128/cv_metric_distribution.png
  연구코드/results/ok/model_3\bce\aec256\len128/training_curves.png
  연구코드/results/ok/model_3\bce\aec256\len128/test_roc_curves.png
  연구코드/results/ok/model_3\bce\aec256\len128/test_roc_by_sex.png
  연구코드/results/ok/model_3\bce\aec256\len128/confusion_matrices.png
  연구코드/results/ok/model_3\bce\aec256\len128/calibration.png
  연구코드/results/ok/model_3\bce\aec256\len128/results.md
  [M3/bce/len128/scale_clinic] Plotting attention maps ...
  연구코드/results/ok/model_3\bce\aec256\len128/attention_map_c2a.png
  연구코드/results/ok/model_3\bce\aec256\len128/attention_heatmap.png
  [M3/bce/len128/scale_clinic] Done.

############################################################
  [M3 crop80] CASE : scale_clinic  (scale_clinic=True, loss=bce)
############################################################
  [M3/bce/crop80/scale_clinic] Cross-validating CrossAttn3 ...
=================================================================
5-Fold CV  [CrossAttn3 | scale_clin=True, scale_aec=False]
=================================================================

── Fold 1/5 ──────────────────────────────
  CA3  — AUC: 0.7871  AUPRC: 0.3515  Brier: 0.1396  Acc: 0.7246  F1: 0.4242  (best ep=11, thresh=0.284)

── Fold 2/5 ──────────────────────────────
  CA3  — AUC: 0.7953  AUPRC: 0.4631  Brier: 0.1727  Acc: 0.7754  F1: 0.4364  (best ep=6, thresh=0.624)

── Fold 3/5 ──────────────────────────────
  CA3  — AUC: 0.7986  AUPRC: 0.3738  Brier: 0.2392  Acc: 0.8029  F1: 0.4906  (best ep=3, thresh=0.719)

── Fold 4/5 ──────────────────────────────
  CA3  — AUC: 0.8006  AUPRC: 0.3222  Brier: 0.1911  Acc: 0.7591  F1: 0.4407  (best ep=70, thresh=0.544)

── Fold 5/5 ──────────────────────────────
  CA3  — AUC: 0.7944  AUPRC: 0.2656  Brier: 0.2488  Acc: 0.5620  F1: 0.3478  (best ep=11, thresh=0.298)

===========================================================================
CrossAttn3  —  5-Fold CV Summary
===========================================================================
  Fold      AUC-ROC      AUPRC      Brier   Accuracy         F1
  ----------------------------------------------------------
  1          0.7871     0.3515     0.1396     0.7246     0.4242
  2          0.7953     0.4631     0.1727     0.7754     0.4364
  3          0.7986     0.3738     0.2392     0.8029     0.4906
  4          0.8006     0.3222     0.1911     0.7591     0.4407
  5          0.7944     0.2656     0.2488     0.5620     0.3478
  ──────────────────────────────────────────────────────────
  Mean       0.7952     0.3552     0.1983     0.7248     0.4279
  ±Std       0.0046     0.0650     0.0409     0.0852     0.0460
  [M3/bce/crop80/scale_clinic] Evaluating on test set (med_epoch=11, thresh=0.544) ...

=================================================================
CrossAttn3 Test Evaluation  (scale_clin=True, scale_aec=False, threshold=0.544)
=================================================================
CrossAttn3 — training final model for 11 epochs on full CV set …

CrossAttn3 — Test Set (Overall):
  AUC: 0.8720  AUPRC: 0.5352  Brier: 0.1940  Acc: 0.6919  F1: 0.4176

CrossAttn3 — Test Set (By Sex):
  [M] n=71  AUC: 0.8682  AUPRC: 0.5971  Brier: 0.2344  Acc: 0.6197  F1: 0.4490
              precision    recall  f1-score   support

      Normal       1.00      0.55      0.71        60
  Sarcopenia       0.29      1.00      0.45        11

    accuracy                           0.62        71
   macro avg       0.64      0.78      0.58        71
weighted avg       0.89      0.62      0.67        71

  [F] n=101  AUC: 0.8615  AUPRC: 0.4787  Brier: 0.1656  Acc: 0.7426  F1: 0.3810
              precision    recall  f1-score   support

      Normal       0.97      0.74      0.84        91
  Sarcopenia       0.25      0.80      0.38        10

    accuracy                           0.74       101
   macro avg       0.61      0.77      0.61       101
weighted avg       0.90      0.74      0.79       101


───────────────────────────────────────────────────────
Test Set — Bootstrap CI
───────────────────────────────────────────────────────

  Bootstrap 95% CI — CrossAttn3  (n_boot=2000)
  Metric         Estimate   95% CI Lower   95% CI Upper
  ----------------------------------------------------
  AUC-ROC          0.8720         0.7878         0.9400
  AUPRC            0.5352         0.3319         0.7515
  Brier            0.1940         0.1573         0.2323
  Accuracy         0.6919         0.6221         0.7616
  F1               0.4176         0.2826         0.5400
  [M3/bce/crop80/scale_clinic] Saving figures ...

Saved (model 3 (crop80, bce)):
  연구코드/results/ok/model_3\bce\aec256\crop80/data_distribution.png
  연구코드/results/ok/model_3\bce\aec256\crop80/cv_roc_curves.png
  연구코드/results/ok/model_3\bce\aec256\crop80/cv_metric_distribution.png
  연구코드/results/ok/model_3\bce\aec256\crop80/training_curves.png
  연구코드/results/ok/model_3\bce\aec256\crop80/test_roc_curves.png
  연구코드/results/ok/model_3\bce\aec256\crop80/test_roc_by_sex.png
  연구코드/results/ok/model_3\bce\aec256\crop80/confusion_matrices.png
  연구코드/results/ok/model_3\bce\aec256\crop80/calibration.png
  연구코드/results/ok/model_3\bce\aec256\crop80/results.md
  [M3/bce/crop80/scale_clinic] Plotting attention maps ...
  연구코드/results/ok/model_3\bce\aec256\crop80/attention_map_c2a.png
  연구코드/results/ok/model_3\bce\aec256\crop80/attention_heatmap.png
  [M3/bce/crop80/scale_clinic] Done.

############################################################
  [M3 crop60] CASE : scale_clinic  (scale_clinic=True, loss=bce)
############################################################
  [M3/bce/crop60/scale_clinic] Cross-validating CrossAttn3 ...
=================================================================
5-Fold CV  [CrossAttn3 | scale_clin=True, scale_aec=False]
=================================================================

── Fold 1/5 ──────────────────────────────
  CA3  — AUC: 0.7987  AUPRC: 0.4452  Brier: 0.1450  Acc: 0.8188  F1: 0.5283  (best ep=29, thresh=0.590)

── Fold 2/5 ──────────────────────────────
  CA3  — AUC: 0.8099  AUPRC: 0.3704  Brier: 0.2202  Acc: 0.6232  F1: 0.3810  (best ep=27, thresh=0.326)

── Fold 3/5 ──────────────────────────────
  CA3  — AUC: 0.8301  AUPRC: 0.4525  Brier: 0.2534  Acc: 0.8029  F1: 0.4906  (best ep=4, thresh=0.725)

── Fold 4/5 ──────────────────────────────
  CA3  — AUC: 0.7805  AUPRC: 0.3570  Brier: 0.2772  Acc: 0.6569  F1: 0.3562  (best ep=2, thresh=0.610)

── Fold 5/5 ──────────────────────────────
  CA3  — AUC: 0.8001  AUPRC: 0.3109  Brier: 0.2302  Acc: 0.7372  F1: 0.4375  (best ep=13, thresh=0.626)

===========================================================================
CrossAttn3  —  5-Fold CV Summary
===========================================================================
  Fold      AUC-ROC      AUPRC      Brier   Accuracy         F1
  ----------------------------------------------------------
  1          0.7987     0.4452     0.1450     0.8188     0.5283
  2          0.8099     0.3704     0.2202     0.6232     0.3810
  3          0.8301     0.4525     0.2534     0.8029     0.4906
  4          0.7805     0.3570     0.2772     0.6569     0.3562
  5          0.8001     0.3109     0.2302     0.7372     0.4375
  ──────────────────────────────────────────────────────────
  Mean       0.8039     0.3872     0.2252     0.7278     0.4387
  ±Std       0.0162     0.0541     0.0447     0.0774     0.0646
  [M3/bce/crop60/scale_clinic] Evaluating on test set (med_epoch=13, thresh=0.610) ...

=================================================================
CrossAttn3 Test Evaluation  (scale_clin=True, scale_aec=False, threshold=0.610)
=================================================================
CrossAttn3 — training final model for 13 epochs on full CV set …

CrossAttn3 — Test Set (Overall):
  AUC: 0.8644  AUPRC: 0.5628  Brier: 0.1982  Acc: 0.7326  F1: 0.4250

CrossAttn3 — Test Set (By Sex):
  [M] n=71  AUC: 0.8697  AUPRC: 0.6590  Brier: 0.2356  Acc: 0.6197  F1: 0.4000
              precision    recall  f1-score   support

      Normal       0.95      0.58      0.72        60
  Sarcopenia       0.26      0.82      0.40        11

    accuracy                           0.62        71
   macro avg       0.61      0.70      0.56        71
weighted avg       0.84      0.62      0.67        71

  [F] n=101  AUC: 0.8527  AUPRC: 0.5346  Brier: 0.1719  Acc: 0.8119  F1: 0.4571
              precision    recall  f1-score   support

      Normal       0.97      0.81      0.89        91
  Sarcopenia       0.32      0.80      0.46        10

    accuracy                           0.81       101
   macro avg       0.65      0.81      0.67       101
weighted avg       0.91      0.81      0.84       101


───────────────────────────────────────────────────────
Test Set — Bootstrap CI
───────────────────────────────────────────────────────

  Bootstrap 95% CI — CrossAttn3  (n_boot=2000)
  Metric         Estimate   95% CI Lower   95% CI Upper
  ----------------------------------------------------
  AUC-ROC          0.8644         0.7740         0.9364
  AUPRC            0.5628         0.3516         0.7669
  Brier            0.1982         0.1621         0.2359
  Accuracy         0.7326         0.6685         0.7965
  F1               0.4250         0.2820         0.5600
  [M3/bce/crop60/scale_clinic] Saving figures ...

Saved (model 3 (crop60, bce)):
  연구코드/results/ok/model_3\bce\aec256\crop60/data_distribution.png
  연구코드/results/ok/model_3\bce\aec256\crop60/cv_roc_curves.png
  연구코드/results/ok/model_3\bce\aec256\crop60/cv_metric_distribution.png
  연구코드/results/ok/model_3\bce\aec256\crop60/training_curves.png
  연구코드/results/ok/model_3\bce\aec256\crop60/test_roc_curves.png
  연구코드/results/ok/model_3\bce\aec256\crop60/test_roc_by_sex.png
  연구코드/results/ok/model_3\bce\aec256\crop60/confusion_matrices.png
  연구코드/results/ok/model_3\bce\aec256\crop60/calibration.png
  연구코드/results/ok/model_3\bce\aec256\crop60/results.md
  [M3/bce/crop60/scale_clinic] Plotting attention maps ...
  연구코드/results/ok/model_3\bce\aec256\crop60/attention_map_c2a.png
  연구코드/results/ok/model_3\bce\aec256\crop60/attention_heatmap.png
  [M3/bce/crop60/scale_clinic] Done.
