============================================================
  MODEL 3 — Clinic + Scanner + AEC (aec256)  (5 AEC variants × 1 cases)
============================================================

############################################################
  [M3 len256] CASE : scale_clinic  (scale_clinic=True)
############################################################
  [M3/len256/scale_clinic] Cross-validating CrossAttn3 ...
=================================================================
5-Fold CV  [CrossAttn3 | scale_clin=True, scale_aec=False]
=================================================================

── Fold 1/5 ──────────────────────────────
  CA3  — AUC: 0.8041  AUPRC: 0.4011  Brier: 0.1537  Acc: 0.7826  F1: 0.4231  (best ep=72)

── Fold 2/5 ──────────────────────────────
  CA3  — AUC: 0.8187  AUPRC: 0.4347  Brier: 0.1874  Acc: 0.7029  F1: 0.4058  (best ep=10)

── Fold 3/5 ──────────────────────────────
  CA3  — AUC: 0.8084  AUPRC: 0.3837  Brier: 0.2026  Acc: 0.6569  F1: 0.3896  (best ep=7)

── Fold 4/5 ──────────────────────────────
  CA3  — AUC: 0.8146  AUPRC: 0.5129  Brier: 0.1804  Acc: 0.7007  F1: 0.3279  (best ep=2)

── Fold 5/5 ──────────────────────────────
  CA3  — AUC: 0.8125  AUPRC: 0.2963  Brier: 0.1875  Acc: 0.7153  F1: 0.4179  (best ep=13)

===========================================================================
CrossAttn3  —  5-Fold CV Summary
===========================================================================
  Fold      AUC-ROC      AUPRC      Brier   Accuracy         F1
  ----------------------------------------------------------
  1          0.8041     0.4011     0.1537     0.7826     0.4231
  2          0.8187     0.4347     0.1874     0.7029     0.4058
  3          0.8084     0.3837     0.2026     0.6569     0.3896
  4          0.8146     0.5129     0.1804     0.7007     0.3279
  5          0.8125     0.2963     0.1875     0.7153     0.4179
  ──────────────────────────────────────────────────────────
  Mean       0.8116     0.4057     0.1823     0.7117     0.3929
  ±Std       0.0050     0.0704     0.0160     0.0406     0.0345
  [M3/len256/scale_clinic] Evaluating on test set (med_epoch=10) ...

=================================================================
CrossAttn3 Test Evaluation  (scale_clin=True, scale_aec=False)
=================================================================
CrossAttn3 — training final model for 10 epochs on full CV set …

CrossAttn3 — Test Set (Overall):
  AUC: 0.8581  AUPRC: 0.5266  Brier: 0.1898  Acc: 0.6628  F1: 0.3696

CrossAttn3 — Test Set (By Sex):
  [M] n=71  AUC: 0.8833  AUPRC: 0.6061  Brier: 0.2218  Acc: 0.6056  F1: 0.4167
              precision    recall  f1-score   support

      Normal       0.97      0.55      0.70        60
  Sarcopenia       0.27      0.91      0.42        11

    accuracy                           0.61        71
   macro avg       0.62      0.73      0.56        71
weighted avg       0.86      0.61      0.66        71

  [F] n=101  AUC: 0.8253  AUPRC: 0.5073  Brier: 0.1673  Acc: 0.7030  F1: 0.3182
              precision    recall  f1-score   support

      Normal       0.96      0.70      0.81        91
  Sarcopenia       0.21      0.70      0.32        10

    accuracy                           0.70       101
   macro avg       0.58      0.70      0.56       101
weighted avg       0.88      0.70      0.76       101


───────────────────────────────────────────────────────
Test Set — Bootstrap CI
───────────────────────────────────────────────────────

  Bootstrap 95% CI — CrossAttn3  (n_boot=2000)
  Metric         Estimate   95% CI Lower   95% CI Upper
  ----------------------------------------------------
  AUC-ROC          0.8581         0.7656         0.9349
  AUPRC            0.5266         0.3196         0.7334
  Brier            0.1898         0.1550         0.2261
  Accuracy         0.6628         0.5872         0.7326
  F1               0.3696         0.2368         0.4902
  [M3/len256/scale_clinic] Saving figures ...

Saved (model 3 (len256)):
  연구코드/results/0522_ok/model_3\aec256\len256\scale_clinic/data_distribution.png
  연구코드/results/0522_ok/model_3\aec256\len256\scale_clinic/cv_roc_curves.png
  연구코드/results/0522_ok/model_3\aec256\len256\scale_clinic/cv_metric_distribution.png
  연구코드/results/0522_ok/model_3\aec256\len256\scale_clinic/training_curves.png
  연구코드/results/0522_ok/model_3\aec256\len256\scale_clinic/test_roc_curves.png
  연구코드/results/0522_ok/model_3\aec256\len256\scale_clinic/test_roc_by_sex.png
  연구코드/results/0522_ok/model_3\aec256\len256\scale_clinic/confusion_matrices.png
  연구코드/results/0522_ok/model_3\aec256\len256\scale_clinic/calibration.png
  연구코드/results/0522_ok/model_3\aec256\len256\scale_clinic/results.md
  [M3/len256/scale_clinic] Plotting attention maps ...
  연구코드/results/0522_ok/model_3\aec256\len256\scale_clinic/attention_map_c2a.png
  연구코드/results/0522_ok/model_3\aec256\len256\scale_clinic/attention_heatmap.png
  [M3/len256/scale_clinic] Done.

############################################################
  [M3 crop80] CASE : scale_clinic  (scale_clinic=True)
############################################################
  [M3/crop80/scale_clinic] Cross-validating CrossAttn3 ...
=================================================================
5-Fold CV  [CrossAttn3 | scale_clin=True, scale_aec=False]
=================================================================

── Fold 1/5 ──────────────────────────────
  CA3  — AUC: 0.7895  AUPRC: 0.3510  Brier: 0.1247  Acc: 0.8261  F1: 0.5000  (best ep=12)

── Fold 2/5 ──────────────────────────────
  CA3  — AUC: 0.8051  AUPRC: 0.3983  Brier: 0.1793  Acc: 0.7174  F1: 0.3810  (best ep=4)

── Fold 3/5 ──────────────────────────────
  CA3  — AUC: 0.8006  AUPRC: 0.3399  Brier: 0.1332  Acc: 0.8029  F1: 0.4000  (best ep=12)

── Fold 4/5 ──────────────────────────────
  CA3  — AUC: 0.8042  AUPRC: 0.4202  Brier: 0.2199  Acc: 0.6131  F1: 0.3291  (best ep=30)

── Fold 5/5 ──────────────────────────────
  CA3  — AUC: 0.7944  AUPRC: 0.2687  Brier: 0.2304  Acc: 0.6350  F1: 0.3243  (best ep=4)

===========================================================================
CrossAttn3  —  5-Fold CV Summary
===========================================================================
  Fold      AUC-ROC      AUPRC      Brier   Accuracy         F1
  ----------------------------------------------------------
  1          0.7895     0.3510     0.1247     0.8261     0.5000
  2          0.8051     0.3983     0.1793     0.7174     0.3810
  3          0.8006     0.3399     0.1332     0.8029     0.4000
  4          0.8042     0.4202     0.2199     0.6131     0.3291
  5          0.7944     0.2687     0.2304     0.6350     0.3243
  ──────────────────────────────────────────────────────────
  Mean       0.7988     0.3556     0.1775     0.7189     0.3869
  ±Std       0.0060     0.0526     0.0433     0.0858     0.0636
  [M3/crop80/scale_clinic] Evaluating on test set (med_epoch=12) ...

=================================================================
CrossAttn3 Test Evaluation  (scale_clin=True, scale_aec=False)
=================================================================
CrossAttn3 — training final model for 12 epochs on full CV set …

CrossAttn3 — Test Set (Overall):
  AUC: 0.8575  AUPRC: 0.5037  Brier: 0.2305  Acc: 0.6453  F1: 0.3960

CrossAttn3 — Test Set (By Sex):
  [M] n=71  AUC: 0.8591  AUPRC: 0.5355  Brier: 0.2747  Acc: 0.5634  F1: 0.4151
              precision    recall  f1-score   support

      Normal       1.00      0.48      0.65        60
  Sarcopenia       0.26      1.00      0.42        11

    accuracy                           0.56        71
   macro avg       0.63      0.74      0.53        71
weighted avg       0.89      0.56      0.62        71

  [F] n=101  AUC: 0.8451  AUPRC: 0.5411  Brier: 0.1994  Acc: 0.7030  F1: 0.3750
              precision    recall  f1-score   support

      Normal       0.98      0.68      0.81        91
  Sarcopenia       0.24      0.90      0.38        10

    accuracy                           0.70       101
   macro avg       0.61      0.79      0.59       101
weighted avg       0.91      0.70      0.76       101


───────────────────────────────────────────────────────
Test Set — Bootstrap CI
───────────────────────────────────────────────────────

  Bootstrap 95% CI — CrossAttn3  (n_boot=2000)
  Metric         Estimate   95% CI Lower   95% CI Upper
  ----------------------------------------------------
  AUC-ROC          0.8575         0.7681         0.9336
  AUPRC            0.5037         0.3052         0.7421
  Brier            0.2305         0.1896         0.2711
  Accuracy         0.6453         0.5756         0.7151
  F1               0.3960         0.2680         0.5155
  [M3/crop80/scale_clinic] Saving figures ...

Saved (model 3 (crop80)):
  연구코드/results/0522_ok/model_3\aec256\crop80\scale_clinic/data_distribution.png
  연구코드/results/0522_ok/model_3\aec256\crop80\scale_clinic/cv_roc_curves.png
  연구코드/results/0522_ok/model_3\aec256\crop80\scale_clinic/cv_metric_distribution.png
  연구코드/results/0522_ok/model_3\aec256\crop80\scale_clinic/training_curves.png
  연구코드/results/0522_ok/model_3\aec256\crop80\scale_clinic/test_roc_curves.png
  연구코드/results/0522_ok/model_3\aec256\crop80\scale_clinic/test_roc_by_sex.png
  연구코드/results/0522_ok/model_3\aec256\crop80\scale_clinic/confusion_matrices.png
  연구코드/results/0522_ok/model_3\aec256\crop80\scale_clinic/calibration.png
  연구코드/results/0522_ok/model_3\aec256\crop80\scale_clinic/results.md
  [M3/crop80/scale_clinic] Plotting attention maps ...
  연구코드/results/0522_ok/model_3\aec256\crop80\scale_clinic/attention_map_c2a.png
  연구코드/results/0522_ok/model_3\aec256\crop80\scale_clinic/attention_heatmap.png
  [M3/crop80/scale_clinic] Done.

############################################################
  [M3 crop60] CASE : scale_clinic  (scale_clinic=True)
############################################################
  [M3/crop60/scale_clinic] Cross-validating CrossAttn3 ...
=================================================================
5-Fold CV  [CrossAttn3 | scale_clin=True, scale_aec=False]
=================================================================

── Fold 1/5 ──────────────────────────────
  CA3  — AUC: 0.7939  AUPRC: 0.4491  Brier: 0.1221  Acc: 0.8116  F1: 0.4583  (best ep=70)

── Fold 2/5 ──────────────────────────────
  CA3  — AUC: 0.8026  AUPRC: 0.3821  Brier: 0.1923  Acc: 0.6884  F1: 0.3768  (best ep=3)

── Fold 3/5 ──────────────────────────────
  CA3  — AUC: 0.8011  AUPRC: 0.3582  Brier: 0.1561  Acc: 0.7226  F1: 0.3667  (best ep=8)

── Fold 4/5 ──────────────────────────────
  CA3  — AUC: 0.8130  AUPRC: 0.5055  Brier: 0.3076  Acc: 0.5182  F1: 0.2979  (best ep=5)

── Fold 5/5 ──────────────────────────────
  CA3  — AUC: 0.7913  AUPRC: 0.2902  Brier: 0.2042  Acc: 0.7299  F1: 0.4127  (best ep=15)

===========================================================================
CrossAttn3  —  5-Fold CV Summary
===========================================================================
  Fold      AUC-ROC      AUPRC      Brier   Accuracy         F1
  ----------------------------------------------------------
  1          0.7939     0.4491     0.1221     0.8116     0.4583
  2          0.8026     0.3821     0.1923     0.6884     0.3768
  3          0.8011     0.3582     0.1561     0.7226     0.3667
  4          0.8130     0.5055     0.3076     0.5182     0.2979
  5          0.7913     0.2902     0.2042     0.7299     0.4127
  ──────────────────────────────────────────────────────────
  Mean       0.8004     0.3970     0.1965     0.6942     0.3825
  ±Std       0.0076     0.0743     0.0626     0.0968     0.0531
  [M3/crop60/scale_clinic] Evaluating on test set (med_epoch=8) ...

=================================================================
CrossAttn3 Test Evaluation  (scale_clin=True, scale_aec=False)
=================================================================
CrossAttn3 — training final model for 8 epochs on full CV set …

CrossAttn3 — Test Set (Overall):
  AUC: 0.8518  AUPRC: 0.4873  Brier: 0.1843  Acc: 0.7093  F1: 0.4318

CrossAttn3 — Test Set (By Sex):
  [M] n=71  AUC: 0.8500  AUPRC: 0.5372  Brier: 0.2080  Acc: 0.6620  F1: 0.4545
              precision    recall  f1-score   support

      Normal       0.97      0.62      0.76        60
  Sarcopenia       0.30      0.91      0.45        11

    accuracy                           0.66        71
   macro avg       0.64      0.76      0.60        71
weighted avg       0.87      0.66      0.71        71

  [F] n=101  AUC: 0.8385  AUPRC: 0.4813  Brier: 0.1676  Acc: 0.7426  F1: 0.4091
              precision    recall  f1-score   support

      Normal       0.99      0.73      0.84        91
  Sarcopenia       0.26      0.90      0.41        10

    accuracy                           0.74       101
   macro avg       0.62      0.81      0.62       101
weighted avg       0.91      0.74      0.79       101


───────────────────────────────────────────────────────
Test Set — Bootstrap CI
───────────────────────────────────────────────────────

  Bootstrap 95% CI — CrossAttn3  (n_boot=2000)
  Metric         Estimate   95% CI Lower   95% CI Upper
  ----------------------------------------------------
  AUC-ROC          0.8518         0.7690         0.9244
  AUPRC            0.4873         0.2886         0.7188
  Brier            0.1843         0.1502         0.2201
  Accuracy         0.7093         0.6395         0.7791
  F1               0.4318         0.2927         0.5581
  [M3/crop60/scale_clinic] Saving figures ...

Saved (model 3 (crop60)):
  연구코드/results/0522_ok/model_3\aec256\crop60\scale_clinic/data_distribution.png
  연구코드/results/0522_ok/model_3\aec256\crop60\scale_clinic/cv_roc_curves.png
  연구코드/results/0522_ok/model_3\aec256\crop60\scale_clinic/cv_metric_distribution.png
  연구코드/results/0522_ok/model_3\aec256\crop60\scale_clinic/training_curves.png
  연구코드/results/0522_ok/model_3\aec256\crop60\scale_clinic/test_roc_curves.png
  연구코드/results/0522_ok/model_3\aec256\crop60\scale_clinic/test_roc_by_sex.png
  연구코드/results/0522_ok/model_3\aec256\crop60\scale_clinic/confusion_matrices.png
  연구코드/results/0522_ok/model_3\aec256\crop60\scale_clinic/calibration.png
  연구코드/results/0522_ok/model_3\aec256\crop60\scale_clinic/results.md
  [M3/crop60/scale_clinic] Plotting attention maps ...
  연구코드/results/0522_ok/model_3\aec256\crop60\scale_clinic/attention_map_c2a.png
  연구코드/results/0522_ok/model_3\aec256\crop60\scale_clinic/attention_heatmap.png
  [M3/crop60/scale_clinic] Done.

############################################################
  [M3 norm] CASE : scale_clinic  (scale_clinic=True)
############################################################
  [M3/norm/scale_clinic] Cross-validating CrossAttn3 ...
=================================================================
5-Fold CV  [CrossAttn3 | scale_clin=True, scale_aec=False]
=================================================================

── Fold 1/5 ──────────────────────────────
  CA3  — AUC: 0.7910  AUPRC: 0.2969  Brier: 0.1409  Acc: 0.7971  F1: 0.3636  (best ep=54)

── Fold 2/5 ──────────────────────────────
  CA3  — AUC: 0.8041  AUPRC: 0.4298  Brier: 0.1678  Acc: 0.7609  F1: 0.4407  (best ep=2)

── Fold 3/5 ──────────────────────────────
  CA3  — AUC: 0.8409  AUPRC: 0.4171  Brier: 0.2235  Acc: 0.6204  F1: 0.3659  (best ep=7)

── Fold 4/5 ──────────────────────────────
  CA3  — AUC: 0.7986  AUPRC: 0.4709  Brier: 0.2025  Acc: 0.7007  F1: 0.3692  (best ep=37)

── Fold 5/5 ──────────────────────────────
  CA3  — AUC: 0.8166  AUPRC: 0.3352  Brier: 0.1569  Acc: 0.8029  F1: 0.4490  (best ep=14)

===========================================================================
CrossAttn3  —  5-Fold CV Summary
===========================================================================
  Fold      AUC-ROC      AUPRC      Brier   Accuracy         F1
  ----------------------------------------------------------
  1          0.7910     0.2969     0.1409     0.7971     0.3636
  2          0.8041     0.4298     0.1678     0.7609     0.4407
  3          0.8409     0.4171     0.2235     0.6204     0.3659
  4          0.7986     0.4709     0.2025     0.7007     0.3692
  5          0.8166     0.3352     0.1569     0.8029     0.4490
  ──────────────────────────────────────────────────────────
  Mean       0.8102     0.3900     0.1783     0.7364     0.3977
  ±Std       0.0175     0.0641     0.0303     0.0685     0.0386
  [M3/norm/scale_clinic] Evaluating on test set (med_epoch=14) ...

=================================================================
CrossAttn3 Test Evaluation  (scale_clin=True, scale_aec=False)
=================================================================
CrossAttn3 — training final model for 14 epochs on full CV set …

CrossAttn3 — Test Set (Overall):
  AUC: 0.8423  AUPRC: 0.4509  Brier: 0.1925  Acc: 0.6860  F1: 0.4255

CrossAttn3 — Test Set (By Sex):
  [M] n=71  AUC: 0.8758  AUPRC: 0.5814  Brier: 0.2532  Acc: 0.5775  F1: 0.4231
              precision    recall  f1-score   support

      Normal       1.00      0.50      0.67        60
  Sarcopenia       0.27      1.00      0.42        11

    accuracy                           0.58        71
   macro avg       0.63      0.75      0.54        71
weighted avg       0.89      0.58      0.63        71

  [F] n=101  AUC: 0.8220  AUPRC: 0.3371  Brier: 0.1499  Acc: 0.7624  F1: 0.4286
              precision    recall  f1-score   support

      Normal       0.99      0.75      0.85        91
  Sarcopenia       0.28      0.90      0.43        10

    accuracy                           0.76       101
   macro avg       0.63      0.82      0.64       101
weighted avg       0.92      0.76      0.81       101


───────────────────────────────────────────────────────
Test Set — Bootstrap CI
───────────────────────────────────────────────────────

  Bootstrap 95% CI — CrossAttn3  (n_boot=2000)
  Metric         Estimate   95% CI Lower   95% CI Upper
  ----------------------------------------------------
  AUC-ROC          0.8423         0.7464         0.9199
  AUPRC            0.4509         0.2734         0.6561
  Brier            0.1925         0.1582         0.2268
  Accuracy         0.6860         0.6163         0.7558
  F1               0.4255         0.2947         0.5505
  [M3/norm/scale_clinic] Saving figures ...

Saved (model 3 (norm)):
  연구코드/results/0522_ok/model_3\aec256\norm\scale_clinic/data_distribution.png
  연구코드/results/0522_ok/model_3\aec256\norm\scale_clinic/cv_roc_curves.png
  연구코드/results/0522_ok/model_3\aec256\norm\scale_clinic/cv_metric_distribution.png
  연구코드/results/0522_ok/model_3\aec256\norm\scale_clinic/training_curves.png
  연구코드/results/0522_ok/model_3\aec256\norm\scale_clinic/test_roc_curves.png
  연구코드/results/0522_ok/model_3\aec256\norm\scale_clinic/test_roc_by_sex.png
  연구코드/results/0522_ok/model_3\aec256\norm\scale_clinic/confusion_matrices.png
  연구코드/results/0522_ok/model_3\aec256\norm\scale_clinic/calibration.png
  연구코드/results/0522_ok/model_3\aec256\norm\scale_clinic/results.md
  [M3/norm/scale_clinic] Plotting attention maps ...
  연구코드/results/0522_ok/model_3\aec256\norm\scale_clinic/attention_map_c2a.png
  연구코드/results/0522_ok/model_3\aec256\norm\scale_clinic/attention_heatmap.png
  [M3/norm/scale_clinic] Done.

############################################################
  [M3 excl_extreme] CASE : scale_clinic  (scale_clinic=True)
############################################################
  [M3/excl_extreme/scale_clinic] Cross-validating CrossAttn3 ...
=================================================================
5-Fold CV  [CrossAttn3 | scale_clin=True, scale_aec=False]
=================================================================

── Fold 1/5 ──────────────────────────────
  CA3  — AUC: 0.8136  AUPRC: 0.5249  Brier: 0.1852  Acc: 0.6774  F1: 0.3750  (best ep=4)

── Fold 2/5 ──────────────────────────────
  CA3  — AUC: 0.7539  AUPRC: 0.2518  Brier: 0.1616  Acc: 0.7339  F1: 0.3529  (best ep=4)

── Fold 3/5 ──────────────────────────────
  CA3  — AUC: 0.8611  AUPRC: 0.3178  Brier: 0.1262  Acc: 0.8455  F1: 0.5581  (best ep=39)

── Fold 4/5 ──────────────────────────────
  CA3  — AUC: 0.7687  AUPRC: 0.3362  Brier: 0.1883  Acc: 0.6829  F1: 0.3158  (best ep=6)

── Fold 5/5 ──────────────────────────────
  CA3  — AUC: 0.7797  AUPRC: 0.2664  Brier: 0.1639  Acc: 0.7317  F1: 0.2979  (best ep=3)

===========================================================================
CrossAttn3  —  5-Fold CV Summary
===========================================================================
  Fold      AUC-ROC      AUPRC      Brier   Accuracy         F1
  ----------------------------------------------------------
  1          0.8136     0.5249     0.1852     0.6774     0.3750
  2          0.7539     0.2518     0.1616     0.7339     0.3529
  3          0.8611     0.3178     0.1262     0.8455     0.5581
  4          0.7687     0.3362     0.1883     0.6829     0.3158
  5          0.7797     0.2664     0.1639     0.7317     0.2979
  ──────────────────────────────────────────────────────────
  Mean       0.7954     0.3394     0.1650     0.7343     0.3799
  ±Std       0.0383     0.0979     0.0222     0.0604     0.0931
  [M3/excl_extreme/scale_clinic] Evaluating on test set (med_epoch=4) ...

=================================================================
CrossAttn3 Test Evaluation  (scale_clin=True, scale_aec=False)
=================================================================
CrossAttn3 — training final model for 4 epochs on full CV set …

CrossAttn3 — Test Set (Overall):
  AUC: 0.8783  AUPRC: 0.5899  Brier: 0.2247  Acc: 0.6169  F1: 0.4040

CrossAttn3 — Test Set (By Sex):
  [M] n=64  AUC: 0.8868  AUPRC: 0.6589  Brier: 0.2065  Acc: 0.6562  F1: 0.4762
              precision    recall  f1-score   support

      Normal       0.97      0.60      0.74        53
  Sarcopenia       0.32      0.91      0.48        11

    accuracy                           0.66        64
   macro avg       0.65      0.76      0.61        64
weighted avg       0.86      0.66      0.70        64

  [F] n=90  AUC: 0.8775  AUPRC: 0.5822  Brier: 0.2376  Acc: 0.5889  F1: 0.3509
              precision    recall  f1-score   support

      Normal       1.00      0.54      0.70        80
  Sarcopenia       0.21      1.00      0.35        10

    accuracy                           0.59        90
   macro avg       0.61      0.77      0.53        90
weighted avg       0.91      0.59      0.66        90


───────────────────────────────────────────────────────
Test Set — Bootstrap CI
───────────────────────────────────────────────────────

  Bootstrap 95% CI — CrossAttn3  (n_boot=2000)
  Metric         Estimate   95% CI Lower   95% CI Upper
  ----------------------------------------------------
  AUC-ROC          0.8783         0.7960         0.9436
  AUPRC            0.5899         0.3874         0.7980
  Brier            0.2247         0.1854         0.2657
  Accuracy         0.6169         0.5390         0.6883
  F1               0.4040         0.2759         0.5225
  [M3/excl_extreme/scale_clinic] Saving figures ...

Saved (model 3 (excl_extreme)):
  연구코드/results/0522_ok/model_3\aec256\excl_extreme\scale_clinic/data_distribution.png
  연구코드/results/0522_ok/model_3\aec256\excl_extreme\scale_clinic/cv_roc_curves.png
  연구코드/results/0522_ok/model_3\aec256\excl_extreme\scale_clinic/cv_metric_distribution.png
  연구코드/results/0522_ok/model_3\aec256\excl_extreme\scale_clinic/training_curves.png
  연구코드/results/0522_ok/model_3\aec256\excl_extreme\scale_clinic/test_roc_curves.png
  연구코드/results/0522_ok/model_3\aec256\excl_extreme\scale_clinic/test_roc_by_sex.png
  연구코드/results/0522_ok/model_3\aec256\excl_extreme\scale_clinic/confusion_matrices.png
  연구코드/results/0522_ok/model_3\aec256\excl_extreme\scale_clinic/calibration.png
  연구코드/results/0522_ok/model_3\aec256\excl_extreme\scale_clinic/results.md
  [M3/excl_extreme/scale_clinic] Plotting attention maps ...
  연구코드/results/0522_ok/model_3\aec256\excl_extreme\scale_clinic/attention_map_c2a.png
  연구코드/results/0522_ok/model_3\aec256\excl_extreme\scale_clinic/attention_heatmap.png
  [M3/excl_extreme/scale_clinic] Done.
