============================================================
  MODEL 3 — Clinic + Scanner + AEC (aec128)  (4 AEC variants)
============================================================

############################################################
  [M3 raw]  (scale_clinic=True, scale_aec=none)
############################################################
  [M3/raw] Cross-validating CrossAttn3 ...
=================================================================
5-Fold CV  [CrossAttn3 | scale_clin=True, scale_aec=none]
=================================================================

── Fold 1/5 ──────────────────────────────
  CA3  — AUC: 0.8334  AUPRC: 0.3830  Brier: 0.2444  Acc: 0.7541  F1: 0.4444  (best ep=29, thresh=0.590)

── Fold 2/5 ──────────────────────────────
  CA3  — AUC: 0.8334  AUPRC: 0.4878  Brier: 0.2106  Acc: 0.7705  F1: 0.4167  (best ep=26, thresh=0.560)

── Fold 3/5 ──────────────────────────────
  CA3  — AUC: 0.7981  AUPRC: 0.3578  Brier: 0.2940  Acc: 0.5902  F1: 0.3243  (best ep=14, thresh=0.511)

── Fold 4/5 ──────────────────────────────
  CA3  — AUC: 0.7914  AUPRC: 0.3069  Brier: 0.1895  Acc: 0.8087  F1: 0.4615  (best ep=188, thresh=0.576)

── Fold 5/5 ──────────────────────────────
  CA3  — AUC: 0.8079  AUPRC: 0.3797  Brier: 0.2405  Acc: 0.8462  F1: 0.4615  (best ep=15, thresh=0.701)

===========================================================================
CrossAttn3  —  5-Fold CV Summary
===========================================================================
  Fold      AUC-ROC      AUPRC      Brier   Accuracy         F1
  ----------------------------------------------------------
  1          0.8334     0.3830     0.2444     0.7541     0.4444
  2          0.8334     0.4878     0.2106     0.7705     0.4167
  3          0.7981     0.3578     0.2940     0.5902     0.3243
  4          0.7914     0.3069     0.1895     0.8087     0.4615
  5          0.8079     0.3797     0.2405     0.8462     0.4615
  ──────────────────────────────────────────────────────────
  Mean       0.8129     0.3830     0.2358     0.7539     0.4217
  ±Std       0.0176     0.0590     0.0354     0.0879     0.0514
  [M3/raw] Evaluating on test set (med_epoch=26, thresh=0.576) ...

=================================================================
CrossAttn3 Test Evaluation  (scale_clin=True, scale_aec=none, threshold=0.576)
=================================================================
CrossAttn3 — training final model for 26 epochs on full CV set …
  [CrossAttn3] Model weights saved → 연구코드/results/0605/stage1_0.0003_epoch500/model_3\raw128\raw\M3_raw_weights.pt

CrossAttn3 — Test Set (Overall):
  AUC: 0.7894  AUPRC: 0.2754  Brier: 0.2614  Acc: 0.7031  F1: 0.3704

CrossAttn3 — Test Set (By Sex):
  [M] n=82  AUC: 0.7068  AUPRC: 0.3200  Brier: 0.3079  Acc: 0.6098  F1: 0.4074
              precision    recall  f1-score   support

      Normal       0.95      0.57      0.71        69
  Sarcopenia       0.27      0.85      0.41        13

    accuracy                           0.61        82
   macro avg       0.61      0.71      0.56        82
weighted avg       0.84      0.61      0.66        82

  [F] n=147  AUC: 0.8389  AUPRC: 0.2481  Brier: 0.2355  Acc: 0.7551  F1: 0.3333
              precision    recall  f1-score   support

      Normal       0.98      0.75      0.85       136
  Sarcopenia       0.21      0.82      0.33        11

    accuracy                           0.76       147
   macro avg       0.60      0.78      0.59       147
weighted avg       0.92      0.76      0.81       147


───────────────────────────────────────────────────────
Test Set — Bootstrap CI
───────────────────────────────────────────────────────

  Bootstrap 95% CI — CrossAttn3  (n_boot=2000)
  Metric         Estimate   95% CI Lower   95% CI Upper
  ----------------------------------------------------
  AUC-ROC          0.7894         0.7035         0.8700
  AUPRC            0.2754         0.1654         0.4365
  Brier            0.2614         0.2343         0.2879
  Accuracy         0.7031         0.6463         0.7642
  F1               0.3704         0.2500         0.4860
  [M3/raw] Saving figures ...

Saved (model 3 (raw)):
  연구코드/results/0605/stage1_0.0003_epoch500/model_3\raw128\raw/data_distribution.png
  연구코드/results/0605/stage1_0.0003_epoch500/model_3\raw128\raw/cv_roc_curves.png
  연구코드/results/0605/stage1_0.0003_epoch500/model_3\raw128\raw/cv_metric_distribution.png
  연구코드/results/0605/stage1_0.0003_epoch500/model_3\raw128\raw/training_curves.png
  연구코드/results/0605/stage1_0.0003_epoch500/model_3\raw128\raw/test_roc_curves.png
  연구코드/results/0605/stage1_0.0003_epoch500/model_3\raw128\raw/test_roc_by_sex.png
  연구코드/results/0605/stage1_0.0003_epoch500/model_3\raw128\raw/confusion_matrices.png
  연구코드/results/0605/stage1_0.0003_epoch500/model_3\raw128\raw/calibration.png
  연구코드/results/0605/stage1_0.0003_epoch500/model_3\raw128\raw/results.md
  [M3/raw] Plotting attention maps ...
  연구코드/results/0605/stage1_0.0003_epoch500/model_3\raw128\raw/attention_map_c2a.png
  연구코드/results/0605/stage1_0.0003_epoch500/model_3\raw128\raw/attention_heatmap_c2a.png
  연구코드/results/0605/stage1_0.0003_epoch500/model_3\raw128\raw/attention_map_a2c.png
  연구코드/results/0605/stage1_0.0003_epoch500/model_3\raw128\raw/attention_heatmap_a2c.png
  [M3/raw] Plotting Grad-CAM ...
  연구코드/results/0605/stage1_0.0003_epoch500/model_3\raw128\raw/cam_aec_mean.png
  연구코드/results/0605/stage1_0.0003_epoch500/model_3\raw128\raw/cam_aec_lines.png
  연구코드/results/0605/stage1_0.0003_epoch500/model_3\raw128\raw/cam_aec_heatmap.png
  [M3/raw] Done.

############################################################
  [M3 std_scaled]  (scale_clinic=True, scale_aec=column)
############################################################
  [M3/std_scaled] Cross-validating CrossAttn3 ...
=================================================================
5-Fold CV  [CrossAttn3 | scale_clin=True, scale_aec=column]
=================================================================

── Fold 1/5 ──────────────────────────────
  CA3  — AUC: 0.8521  AUPRC: 0.4405  Brier: 0.2452  Acc: 0.8087  F1: 0.4776  (best ep=29, thresh=0.611)

── Fold 2/5 ──────────────────────────────
  CA3  — AUC: 0.8456  AUPRC: 0.4799  Brier: 0.2239  Acc: 0.7322  F1: 0.4096  (best ep=31, thresh=0.533)

── Fold 3/5 ──────────────────────────────
  CA3  — AUC: 0.7821  AUPRC: 0.4310  Brier: 0.2775  Acc: 0.8415  F1: 0.4314  (best ep=21, thresh=0.750)

── Fold 4/5 ──────────────────────────────
  CA3  — AUC: 0.8142  AUPRC: 0.3782  Brier: 0.1798  Acc: 0.8306  F1: 0.4918  (best ep=202, thresh=0.569)

── Fold 5/5 ──────────────────────────────
  CA3  — AUC: 0.8314  AUPRC: 0.4632  Brier: 0.2217  Acc: 0.7967  F1: 0.4478  (best ep=34, thresh=0.606)

===========================================================================
CrossAttn3  —  5-Fold CV Summary
===========================================================================
  Fold      AUC-ROC      AUPRC      Brier   Accuracy         F1
  ----------------------------------------------------------
  1          0.8521     0.4405     0.2452     0.8087     0.4776
  2          0.8456     0.4799     0.2239     0.7322     0.4096
  3          0.7821     0.4310     0.2775     0.8415     0.4314
  4          0.8142     0.3782     0.1798     0.8306     0.4918
  5          0.8314     0.4632     0.2217     0.7967     0.4478
  ──────────────────────────────────────────────────────────
  Mean       0.8251     0.4385     0.2296     0.8020     0.4516
  ±Std       0.0251     0.0347     0.0320     0.0383     0.0299
  [M3/std_scaled] Evaluating on test set (med_epoch=31, thresh=0.606) ...

=================================================================
CrossAttn3 Test Evaluation  (scale_clin=True, scale_aec=column, threshold=0.606)
=================================================================
CrossAttn3 — training final model for 31 epochs on full CV set …
  [CrossAttn3] Model weights saved → 연구코드/results/0605/stage1_0.0003_epoch500/model_3\raw128\std_scaled\M3_std_scaled_weights.pt

CrossAttn3 — Test Set (Overall):
  AUC: 0.7890  AUPRC: 0.2928  Brier: 0.2733  Acc: 0.7074  F1: 0.3619

CrossAttn3 — Test Set (By Sex):
  [M] n=82  AUC: 0.7146  AUPRC: 0.3136  Brier: 0.3176  Acc: 0.6341  F1: 0.4000
              precision    recall  f1-score   support

      Normal       0.93      0.61      0.74        69
  Sarcopenia       0.27      0.77      0.40        13

    accuracy                           0.63        82
   macro avg       0.60      0.69      0.57        82
weighted avg       0.83      0.63      0.68        82

  [F] n=147  AUC: 0.8382  AUPRC: 0.3252  Brier: 0.2486  Acc: 0.7483  F1: 0.3273
              precision    recall  f1-score   support

      Normal       0.98      0.74      0.85       136
  Sarcopenia       0.20      0.82      0.33        11

    accuracy                           0.75       147
   macro avg       0.59      0.78      0.59       147
weighted avg       0.92      0.75      0.81       147


───────────────────────────────────────────────────────
Test Set — Bootstrap CI
───────────────────────────────────────────────────────

  Bootstrap 95% CI — CrossAttn3  (n_boot=2000)
  Metric         Estimate   95% CI Lower   95% CI Upper
  ----------------------------------------------------
  AUC-ROC          0.7890         0.6915         0.8751
  AUPRC            0.2928         0.1794         0.4949
  Brier            0.2733         0.2444         0.3010
  Accuracy         0.7074         0.6507         0.7686
  F1               0.3619         0.2418         0.4779
  [M3/std_scaled] Saving figures ...

Saved (model 3 (std_scaled)):
  연구코드/results/0605/stage1_0.0003_epoch500/model_3\raw128\std_scaled/data_distribution.png
  연구코드/results/0605/stage1_0.0003_epoch500/model_3\raw128\std_scaled/cv_roc_curves.png
  연구코드/results/0605/stage1_0.0003_epoch500/model_3\raw128\std_scaled/cv_metric_distribution.png
  연구코드/results/0605/stage1_0.0003_epoch500/model_3\raw128\std_scaled/training_curves.png
  연구코드/results/0605/stage1_0.0003_epoch500/model_3\raw128\std_scaled/test_roc_curves.png
  연구코드/results/0605/stage1_0.0003_epoch500/model_3\raw128\std_scaled/test_roc_by_sex.png
  연구코드/results/0605/stage1_0.0003_epoch500/model_3\raw128\std_scaled/confusion_matrices.png
  연구코드/results/0605/stage1_0.0003_epoch500/model_3\raw128\std_scaled/calibration.png
  연구코드/results/0605/stage1_0.0003_epoch500/model_3\raw128\std_scaled/results.md
  [M3/std_scaled] Plotting attention maps ...
  연구코드/results/0605/stage1_0.0003_epoch500/model_3\raw128\std_scaled/attention_map_c2a.png
  연구코드/results/0605/stage1_0.0003_epoch500/model_3\raw128\std_scaled/attention_heatmap_c2a.png
  연구코드/results/0605/stage1_0.0003_epoch500/model_3\raw128\std_scaled/attention_map_a2c.png
  연구코드/results/0605/stage1_0.0003_epoch500/model_3\raw128\std_scaled/attention_heatmap_a2c.png
  [M3/std_scaled] Plotting Grad-CAM ...
  연구코드/results/0605/stage1_0.0003_epoch500/model_3\raw128\std_scaled/cam_aec_mean.png
  연구코드/results/0605/stage1_0.0003_epoch500/model_3\raw128\std_scaled/cam_aec_lines.png
  연구코드/results/0605/stage1_0.0003_epoch500/model_3\raw128\std_scaled/cam_aec_heatmap.png
  [M3/std_scaled] Done.

############################################################
  [M3 norm]  (scale_clinic=True, scale_aec=none)
############################################################
  [M3/norm] Cross-validating CrossAttn3 ...
=================================================================
5-Fold CV  [CrossAttn3 | scale_clin=True, scale_aec=none]
=================================================================

── Fold 1/5 ──────────────────────────────
  CA3  — AUC: 0.8475  AUPRC: 0.4019  Brier: 0.2532  Acc: 0.7541  F1: 0.4156  (best ep=9, thresh=0.602)

── Fold 2/5 ──────────────────────────────
  CA3  — AUC: 0.8444  AUPRC: 0.5050  Brier: 0.1913  Acc: 0.7760  F1: 0.4384  (best ep=30, thresh=0.508)

── Fold 3/5 ──────────────────────────────
  CA3  — AUC: 0.7879  AUPRC: 0.3759  Brier: 0.2200  Acc: 0.8361  F1: 0.4231  (best ep=12, thresh=0.656)

── Fold 4/5 ──────────────────────────────
  CA3  — AUC: 0.8200  AUPRC: 0.3820  Brier: 0.1681  Acc: 0.6831  F1: 0.3696  (best ep=174, thresh=0.392)

── Fold 5/5 ──────────────────────────────
  CA3  — AUC: 0.8046  AUPRC: 0.4149  Brier: 0.2814  Acc: 0.7692  F1: 0.4324  (best ep=14, thresh=0.677)

===========================================================================
CrossAttn3  —  5-Fold CV Summary
===========================================================================
  Fold      AUC-ROC      AUPRC      Brier   Accuracy         F1
  ----------------------------------------------------------
  1          0.8475     0.4019     0.2532     0.7541     0.4156
  2          0.8444     0.5050     0.1913     0.7760     0.4384
  3          0.7879     0.3759     0.2200     0.8361     0.4231
  4          0.8200     0.3820     0.1681     0.6831     0.3696
  5          0.8046     0.4149     0.2814     0.7692     0.4324
  ──────────────────────────────────────────────────────────
  Mean       0.8209     0.4159     0.2228     0.7637     0.4158
  ±Std       0.0229     0.0467     0.0409     0.0490     0.0244
  [M3/norm] Evaluating on test set (med_epoch=14, thresh=0.602) ...

=================================================================
CrossAttn3 Test Evaluation  (scale_clin=True, scale_aec=none, threshold=0.602)
=================================================================
CrossAttn3 — training final model for 14 epochs on full CV set …
  [CrossAttn3] Model weights saved → 연구코드/results/0605/stage1_0.0003_epoch500/model_3\raw128\norm\M3_norm_weights.pt

CrossAttn3 — Test Set (Overall):
  AUC: 0.8154  AUPRC: 0.3393  Brier: 0.2887  Acc: 0.6507  F1: 0.3651

CrossAttn3 — Test Set (By Sex):
  [M] n=82  AUC: 0.7324  AUPRC: 0.3221  Brier: 0.3363  Acc: 0.5854  F1: 0.4138
              precision    recall  f1-score   support

      Normal       0.97      0.52      0.68        69
  Sarcopenia       0.27      0.92      0.41        13

    accuracy                           0.59        82
   macro avg       0.62      0.72      0.55        82
weighted avg       0.86      0.59      0.64        82

  [F] n=147  AUC: 0.8536  AUPRC: 0.3668  Brier: 0.2621  Acc: 0.6871  F1: 0.3235
              precision    recall  f1-score   support

      Normal       1.00      0.66      0.80       136
  Sarcopenia       0.19      1.00      0.32        11

    accuracy                           0.69       147
   macro avg       0.60      0.83      0.56       147
weighted avg       0.94      0.69      0.76       147


───────────────────────────────────────────────────────
Test Set — Bootstrap CI
───────────────────────────────────────────────────────

  Bootstrap 95% CI — CrossAttn3  (n_boot=2000)
  Metric         Estimate   95% CI Lower   95% CI Upper
  ----------------------------------------------------
  AUC-ROC          0.8154         0.7346         0.8833
  AUPRC            0.3393         0.2007         0.5357
  Brier            0.2887         0.2599         0.3154
  Accuracy         0.6507         0.5895         0.7162
  F1               0.3651         0.2481         0.4748
  [M3/norm] Saving figures ...

Saved (model 3 (norm)):
  연구코드/results/0605/stage1_0.0003_epoch500/model_3\raw128\norm/data_distribution.png
  연구코드/results/0605/stage1_0.0003_epoch500/model_3\raw128\norm/cv_roc_curves.png
  연구코드/results/0605/stage1_0.0003_epoch500/model_3\raw128\norm/cv_metric_distribution.png
  연구코드/results/0605/stage1_0.0003_epoch500/model_3\raw128\norm/training_curves.png
  연구코드/results/0605/stage1_0.0003_epoch500/model_3\raw128\norm/test_roc_curves.png
  연구코드/results/0605/stage1_0.0003_epoch500/model_3\raw128\norm/test_roc_by_sex.png
  연구코드/results/0605/stage1_0.0003_epoch500/model_3\raw128\norm/confusion_matrices.png
  연구코드/results/0605/stage1_0.0003_epoch500/model_3\raw128\norm/calibration.png
  연구코드/results/0605/stage1_0.0003_epoch500/model_3\raw128\norm/results.md
  [M3/norm] Plotting attention maps ...
  연구코드/results/0605/stage1_0.0003_epoch500/model_3\raw128\norm/attention_map_c2a.png
  연구코드/results/0605/stage1_0.0003_epoch500/model_3\raw128\norm/attention_heatmap_c2a.png
  연구코드/results/0605/stage1_0.0003_epoch500/model_3\raw128\norm/attention_map_a2c.png
  연구코드/results/0605/stage1_0.0003_epoch500/model_3\raw128\norm/attention_heatmap_a2c.png
  [M3/norm] Plotting Grad-CAM ...
  연구코드/results/0605/stage1_0.0003_epoch500/model_3\raw128\norm/cam_aec_mean.png
  연구코드/results/0605/stage1_0.0003_epoch500/model_3\raw128\norm/cam_aec_lines.png
  연구코드/results/0605/stage1_0.0003_epoch500/model_3\raw128\norm/cam_aec_heatmap.png
  [M3/norm] Done.

############################################################
  [M3 global_zscore]  (scale_clinic=True, scale_aec=global)
############################################################
  [M3/global_zscore] Cross-validating CrossAttn3 ...
=================================================================
5-Fold CV  [CrossAttn3 | scale_clin=True, scale_aec=global]
=================================================================

── Fold 1/5 ──────────────────────────────
  CA3  — AUC: 0.8307  AUPRC: 0.3547  Brier: 0.2597  Acc: 0.7322  F1: 0.4368  (best ep=14, thresh=0.605)

── Fold 2/5 ──────────────────────────────
  CA3  — AUC: 0.8293  AUPRC: 0.4311  Brier: 0.2119  Acc: 0.7760  F1: 0.4225  (best ep=22, thresh=0.571)

── Fold 3/5 ──────────────────────────────
  CA3  — AUC: 0.7949  AUPRC: 0.3882  Brier: 0.3020  Acc: 0.7377  F1: 0.3684  (best ep=13, thresh=0.670)

── Fold 4/5 ──────────────────────────────
  CA3  — AUC: 0.8033  AUPRC: 0.3385  Brier: 0.1679  Acc: 0.8306  F1: 0.4746  (best ep=283, thresh=0.598)

── Fold 5/5 ──────────────────────────────
  CA3  — AUC: 0.8211  AUPRC: 0.4151  Brier: 0.2410  Acc: 0.7527  F1: 0.4156  (best ep=34, thresh=0.619)

===========================================================================
CrossAttn3  —  5-Fold CV Summary
===========================================================================
  Fold      AUC-ROC      AUPRC      Brier   Accuracy         F1
  ----------------------------------------------------------
  1          0.8307     0.3547     0.2597     0.7322     0.4368
  2          0.8293     0.4311     0.2119     0.7760     0.4225
  3          0.7949     0.3882     0.3020     0.7377     0.3684
  4          0.8033     0.3385     0.1679     0.8306     0.4746
  5          0.8211     0.4151     0.2410     0.7527     0.4156
  ──────────────────────────────────────────────────────────
  Mean       0.8159     0.3855     0.2365     0.7658     0.4236
  ±Std       0.0143     0.0350     0.0451     0.0357     0.0343
  [M3/global_zscore] Evaluating on test set (med_epoch=22, thresh=0.605) ...

=================================================================
CrossAttn3 Test Evaluation  (scale_clin=True, scale_aec=global, threshold=0.605)
=================================================================
CrossAttn3 — training final model for 22 epochs on full CV set …
  [CrossAttn3] Model weights saved → 연구코드/results/0605/stage1_0.0003_epoch500/model_3\raw128\global_zscore\M3_global_zscore_weights.pt

CrossAttn3 — Test Set (Overall):
  AUC: 0.8108  AUPRC: 0.3059  Brier: 0.2584  Acc: 0.7424  F1: 0.3789

CrossAttn3 — Test Set (By Sex):
  [M] n=82  AUC: 0.7436  AUPRC: 0.3348  Brier: 0.2974  Acc: 0.7073  F1: 0.4783
              precision    recall  f1-score   support

      Normal       0.96      0.68      0.80        69
  Sarcopenia       0.33      0.85      0.48        13

    accuracy                           0.71        82
   macro avg       0.65      0.76      0.64        82
weighted avg       0.86      0.71      0.75        82

  [F] n=147  AUC: 0.8369  AUPRC: 0.3016  Brier: 0.2367  Acc: 0.7619  F1: 0.2857
              precision    recall  f1-score   support

      Normal       0.96      0.77      0.86       136
  Sarcopenia       0.18      0.64      0.29        11

    accuracy                           0.76       147
   macro avg       0.57      0.70      0.57       147
weighted avg       0.91      0.76      0.81       147


───────────────────────────────────────────────────────
Test Set — Bootstrap CI
───────────────────────────────────────────────────────

  Bootstrap 95% CI — CrossAttn3  (n_boot=2000)
  Metric         Estimate   95% CI Lower   95% CI Upper
  ----------------------------------------------------
  AUC-ROC          0.8108         0.7260         0.8852
  AUPRC            0.3059         0.1940         0.5031
  Brier            0.2584         0.2318         0.2837
  Accuracy         0.7424         0.6856         0.7991
  F1               0.3789         0.2526         0.5000
  [M3/global_zscore] Saving figures ...

Saved (model 3 (global_zscore)):
  연구코드/results/0605/stage1_0.0003_epoch500/model_3\raw128\global_zscore/data_distribution.png
  연구코드/results/0605/stage1_0.0003_epoch500/model_3\raw128\global_zscore/cv_roc_curves.png
  연구코드/results/0605/stage1_0.0003_epoch500/model_3\raw128\global_zscore/cv_metric_distribution.png
  연구코드/results/0605/stage1_0.0003_epoch500/model_3\raw128\global_zscore/training_curves.png
  연구코드/results/0605/stage1_0.0003_epoch500/model_3\raw128\global_zscore/test_roc_curves.png
  연구코드/results/0605/stage1_0.0003_epoch500/model_3\raw128\global_zscore/test_roc_by_sex.png
  연구코드/results/0605/stage1_0.0003_epoch500/model_3\raw128\global_zscore/confusion_matrices.png
  연구코드/results/0605/stage1_0.0003_epoch500/model_3\raw128\global_zscore/calibration.png
  연구코드/results/0605/stage1_0.0003_epoch500/model_3\raw128\global_zscore/results.md
  [M3/global_zscore] Plotting attention maps ...
  연구코드/results/0605/stage1_0.0003_epoch500/model_3\raw128\global_zscore/attention_map_c2a.png
  연구코드/results/0605/stage1_0.0003_epoch500/model_3\raw128\global_zscore/attention_heatmap_c2a.png
  연구코드/results/0605/stage1_0.0003_epoch500/model_3\raw128\global_zscore/attention_map_a2c.png
  연구코드/results/0605/stage1_0.0003_epoch500/model_3\raw128\global_zscore/attention_heatmap_a2c.png
  [M3/global_zscore] Plotting Grad-CAM ...
  연구코드/results/0605/stage1_0.0003_epoch500/model_3\raw128\global_zscore/cam_aec_mean.png
  연구코드/results/0605/stage1_0.0003_epoch500/model_3\raw128\global_zscore/cam_aec_lines.png
  연구코드/results/0605/stage1_0.0003_epoch500/model_3\raw128\global_zscore/cam_aec_heatmap.png
  [M3/global_zscore] Done.
