============================================================
  MODEL 3 — Clinic + Scanner + AEC (aec128)  (5 AEC variants)
============================================================

############################################################
  [M3 len128]  (scale_clinic=True, scale_aec=True)
############################################################
  [M3/len128] Cross-validating CrossAttn3 ...
=================================================================
5-Fold CV  [CrossAttn3 | scale_clin=True, scale_aec=True]
=================================================================

── Fold 1/5 ──────────────────────────────
  CA3  — AUC: 0.8420  AUPRC: 0.3841  Brier: 0.1438  Acc: 0.7869  F1: 0.4658  (best ep=6, thresh=0.442)

── Fold 2/5 ──────────────────────────────
  CA3  — AUC: 0.8598  AUPRC: 0.5019  Brier: 0.1409  Acc: 0.7158  F1: 0.4091  (best ep=3, thresh=0.368)

── Fold 3/5 ──────────────────────────────
  CA3  — AUC: 0.7763  AUPRC: 0.3758  Brier: 0.2303  Acc: 0.8907  F1: 0.5000  (best ep=3, thresh=0.814)

── Fold 4/5 ──────────────────────────────
  CA3  — AUC: 0.7956  AUPRC: 0.4066  Brier: 0.1563  Acc: 0.7978  F1: 0.4308  (best ep=52, thresh=0.505)

── Fold 5/5 ──────────────────────────────
  CA3  — AUC: 0.8176  AUPRC: 0.4342  Brier: 0.1768  Acc: 0.8077  F1: 0.4615  (best ep=7, thresh=0.593)

===========================================================================
CrossAttn3  —  5-Fold CV Summary
===========================================================================
  Fold      AUC-ROC      AUPRC      Brier   Accuracy         F1
  ----------------------------------------------------------
  1          0.8420     0.3841     0.1438     0.7869     0.4658
  2          0.8598     0.5019     0.1409     0.7158     0.4091
  3          0.7763     0.3758     0.2303     0.8907     0.5000
  4          0.7956     0.4066     0.1563     0.7978     0.4308
  5          0.8176     0.4342     0.1768     0.8077     0.4615
  ──────────────────────────────────────────────────────────
  Mean       0.8182     0.4205     0.1696     0.7998     0.4534
  ±Std       0.0302     0.0454     0.0329     0.0558     0.0312
  [M3/len128] Evaluating on test set (med_epoch=6, thresh=0.505) ...

=================================================================
CrossAttn3 Test Evaluation  (scale_clin=True, scale_aec=True, threshold=0.505)
=================================================================
CrossAttn3 — training final model for 6 epochs on full CV set …

CrossAttn3 — Test Set (Overall):
  AUC: 0.8004  AUPRC: 0.2862  Brier: 0.1776  Acc: 0.7074  F1: 0.3619

CrossAttn3 — Test Set (By Sex):
  [M] n=82  AUC: 0.7302  AUPRC: 0.3067  Brier: 0.2121  Acc: 0.6829  F1: 0.4348
              precision    recall  f1-score   support

      Normal       0.94      0.67      0.78        69
  Sarcopenia       0.30      0.77      0.43        13

    accuracy                           0.68        82
   macro avg       0.62      0.72      0.61        82
weighted avg       0.84      0.68      0.72        82

  [F] n=147  AUC: 0.8496  AUPRC: 0.3256  Brier: 0.1584  Acc: 0.7211  F1: 0.3051
              precision    recall  f1-score   support

      Normal       0.98      0.71      0.83       136
  Sarcopenia       0.19      0.82      0.31        11

    accuracy                           0.72       147
   macro avg       0.58      0.77      0.57       147
weighted avg       0.92      0.72      0.79       147


───────────────────────────────────────────────────────
Test Set — Bootstrap CI
───────────────────────────────────────────────────────

  Bootstrap 95% CI — CrossAttn3  (n_boot=2000)
  Metric         Estimate   95% CI Lower   95% CI Upper
  ----------------------------------------------------
  AUC-ROC          0.8004         0.7130         0.8810
  AUPRC            0.2862         0.1846         0.4746
  Brier            0.1776         0.1502         0.2040
  Accuracy         0.7074         0.6507         0.7686
  F1               0.3619         0.2400         0.4783
  [M3/len128] Saving figures ...

Saved (model 3 (len128)):
  연구코드/results/0529/liver_pubis/model_3\len128/data_distribution.png
  연구코드/results/0529/liver_pubis/model_3\len128/cv_roc_curves.png
  연구코드/results/0529/liver_pubis/model_3\len128/cv_metric_distribution.png
  연구코드/results/0529/liver_pubis/model_3\len128/training_curves.png
  연구코드/results/0529/liver_pubis/model_3\len128/test_roc_curves.png
  연구코드/results/0529/liver_pubis/model_3\len128/test_roc_by_sex.png
  연구코드/results/0529/liver_pubis/model_3\len128/confusion_matrices.png
  연구코드/results/0529/liver_pubis/model_3\len128/calibration.png
  연구코드/results/0529/liver_pubis/model_3\len128/results.md
  [M3/len128] Plotting attention maps ...
  연구코드/results/0529/liver_pubis/model_3\len128/attention_map_c2a.png
  연구코드/results/0529/liver_pubis/model_3\len128/attention_heatmap_c2a.png
  연구코드/results/0529/liver_pubis/model_3\len128/attention_map_a2c.png
  연구코드/results/0529/liver_pubis/model_3\len128/attention_heatmap_a2c.png
  [M3/len128] Plotting Grad-CAM ...
  연구코드/results/0529/liver_pubis/model_3\len128/cam_aec_mean.png
  연구코드/results/0529/liver_pubis/model_3\len128/cam_aec_lines.png
  연구코드/results/0529/liver_pubis/model_3\len128/cam_aec_heatmap.png
  [M3/len128] Done.

############################################################
  [M3 norm]  (scale_clinic=True, scale_aec=True)
############################################################
  [M3/norm] Cross-validating CrossAttn3 ...
=================================================================
5-Fold CV  [CrossAttn3 | scale_clin=True, scale_aec=True]
=================================================================

── Fold 1/5 ──────────────────────────────
  CA3  — AUC: 0.8479  AUPRC: 0.3168  Brier: 0.1591  Acc: 0.7596  F1: 0.4359  (best ep=18, thresh=0.466)

── Fold 2/5 ──────────────────────────────
  CA3  — AUC: 0.8286  AUPRC: 0.4380  Brier: 0.1688  Acc: 0.7377  F1: 0.4000  (best ep=3, thresh=0.468)

── Fold 3/5 ──────────────────────────────
  CA3  — AUC: 0.7786  AUPRC: 0.4326  Brier: 0.2102  Acc: 0.7978  F1: 0.4308  (best ep=54, thresh=0.742)

── Fold 4/5 ──────────────────────────────
  CA3  — AUC: 0.8020  AUPRC: 0.3931  Brier: 0.1625  Acc: 0.8033  F1: 0.4545  (best ep=17, thresh=0.532)

── Fold 5/5 ──────────────────────────────
  CA3  — AUC: 0.8363  AUPRC: 0.4636  Brier: 0.1438  Acc: 0.7912  F1: 0.4571  (best ep=3, thresh=0.477)

===========================================================================
CrossAttn3  —  5-Fold CV Summary
===========================================================================
  Fold      AUC-ROC      AUPRC      Brier   Accuracy         F1
  ----------------------------------------------------------
  1          0.8479     0.3168     0.1591     0.7596     0.4359
  2          0.8286     0.4380     0.1688     0.7377     0.4000
  3          0.7786     0.4326     0.2102     0.7978     0.4308
  4          0.8020     0.3931     0.1625     0.8033     0.4545
  5          0.8363     0.4636     0.1438     0.7912     0.4571
  ──────────────────────────────────────────────────────────
  Mean       0.8187     0.4088     0.1689     0.7779     0.4357
  ±Std       0.0251     0.0512     0.0222     0.0252     0.0206
  [M3/norm] Evaluating on test set (med_epoch=17, thresh=0.477) ...

=================================================================
CrossAttn3 Test Evaluation  (scale_clin=True, scale_aec=True, threshold=0.477)
=================================================================
CrossAttn3 — training final model for 17 epochs on full CV set …

CrossAttn3 — Test Set (Overall):
  AUC: 0.8492  AUPRC: 0.3519  Brier: 0.1796  Acc: 0.7380  F1: 0.4118

CrossAttn3 — Test Set (By Sex):
  [M] n=82  AUC: 0.7670  AUPRC: 0.3519  Brier: 0.2600  Acc: 0.6341  F1: 0.4444
              precision    recall  f1-score   support

      Normal       0.98      0.58      0.73        69
  Sarcopenia       0.29      0.92      0.44        13

    accuracy                           0.63        82
   macro avg       0.63      0.75      0.59        82
weighted avg       0.87      0.63      0.68        82

  [F] n=147  AUC: 0.8937  AUPRC: 0.4139  Brier: 0.1348  Acc: 0.7959  F1: 0.3750
              precision    recall  f1-score   support

      Normal       0.98      0.79      0.88       136
  Sarcopenia       0.24      0.82      0.38        11

    accuracy                           0.80       147
   macro avg       0.61      0.81      0.63       147
weighted avg       0.93      0.80      0.84       147


───────────────────────────────────────────────────────
Test Set — Bootstrap CI
───────────────────────────────────────────────────────

  Bootstrap 95% CI — CrossAttn3  (n_boot=2000)
  Metric         Estimate   95% CI Lower   95% CI Upper
  ----------------------------------------------------
  AUC-ROC          0.8492         0.7667         0.9140
  AUPRC            0.3519         0.2244         0.5673
  Brier            0.1796         0.1483         0.2097
  Accuracy         0.7380         0.6812         0.7948
  F1               0.4118         0.2857         0.5345
  [M3/norm] Saving figures ...

Saved (model 3 (norm)):
  연구코드/results/0529/liver_pubis/model_3\norm/data_distribution.png
  연구코드/results/0529/liver_pubis/model_3\norm/cv_roc_curves.png
  연구코드/results/0529/liver_pubis/model_3\norm/cv_metric_distribution.png
  연구코드/results/0529/liver_pubis/model_3\norm/training_curves.png
  연구코드/results/0529/liver_pubis/model_3\norm/test_roc_curves.png
  연구코드/results/0529/liver_pubis/model_3\norm/test_roc_by_sex.png
  연구코드/results/0529/liver_pubis/model_3\norm/confusion_matrices.png
  연구코드/results/0529/liver_pubis/model_3\norm/calibration.png
  연구코드/results/0529/liver_pubis/model_3\norm/results.md
  [M3/norm] Plotting attention maps ...
  연구코드/results/0529/liver_pubis/model_3\norm/attention_map_c2a.png
  연구코드/results/0529/liver_pubis/model_3\norm/attention_heatmap_c2a.png
  연구코드/results/0529/liver_pubis/model_3\norm/attention_map_a2c.png
  연구코드/results/0529/liver_pubis/model_3\norm/attention_heatmap_a2c.png
  [M3/norm] Plotting Grad-CAM ...
  연구코드/results/0529/liver_pubis/model_3\norm/cam_aec_mean.png
  연구코드/results/0529/liver_pubis/model_3\norm/cam_aec_lines.png
  연구코드/results/0529/liver_pubis/model_3\norm/cam_aec_heatmap.png
  [M3/norm] Done.

############################################################
  [M3 crop80]  (scale_clinic=True, scale_aec=True)
############################################################
  [M3/crop80] Cross-validating CrossAttn3 ...
=================================================================
5-Fold CV  [CrossAttn3 | scale_clin=True, scale_aec=True]
=================================================================

── Fold 1/5 ──────────────────────────────
  CA3  — AUC: 0.8472  AUPRC: 0.4198  Brier: 0.1402  Acc: 0.7432  F1: 0.4337  (best ep=7, thresh=0.349)

── Fold 2/5 ──────────────────────────────
  CA3  — AUC: 0.8453  AUPRC: 0.4782  Brier: 0.1467  Acc: 0.7486  F1: 0.4250  (best ep=15, thresh=0.361)

── Fold 3/5 ──────────────────────────────
  CA3  — AUC: 0.7808  AUPRC: 0.3897  Brier: 0.2065  Acc: 0.6776  F1: 0.3371  (best ep=3, thresh=0.501)

── Fold 4/5 ──────────────────────────────
  CA3  — AUC: 0.7773  AUPRC: 0.3466  Brier: 0.1768  Acc: 0.7432  F1: 0.4051  (best ep=21, thresh=0.455)

── Fold 5/5 ──────────────────────────────
  CA3  — AUC: 0.8098  AUPRC: 0.4406  Brier: 0.2408  Acc: 0.7308  F1: 0.3951  (best ep=5, thresh=0.606)

===========================================================================
CrossAttn3  —  5-Fold CV Summary
===========================================================================
  Fold      AUC-ROC      AUPRC      Brier   Accuracy         F1
  ----------------------------------------------------------
  1          0.8472     0.4198     0.1402     0.7432     0.4337
  2          0.8453     0.4782     0.1467     0.7486     0.4250
  3          0.7808     0.3897     0.2065     0.6776     0.3371
  4          0.7773     0.3466     0.1768     0.7432     0.4051
  5          0.8098     0.4406     0.2408     0.7308     0.3951
  ──────────────────────────────────────────────────────────
  Mean       0.8121     0.4150     0.1822     0.7287     0.3992
  ±Std       0.0301     0.0447     0.0376     0.0262     0.0340
  [M3/crop80] Evaluating on test set (med_epoch=7, thresh=0.455) ...

=================================================================
CrossAttn3 Test Evaluation  (scale_clin=True, scale_aec=True, threshold=0.455)
=================================================================
CrossAttn3 — training final model for 7 epochs on full CV set …

CrossAttn3 — Test Set (Overall):
  AUC: 0.8024  AUPRC: 0.2900  Brier: 0.2250  Acc: 0.6070  F1: 0.3284

CrossAttn3 — Test Set (By Sex):
  [M] n=82  AUC: 0.7291  AUPRC: 0.3133  Brier: 0.2713  Acc: 0.5488  F1: 0.3934
              precision    recall  f1-score   support

      Normal       0.97      0.48      0.64        69
  Sarcopenia       0.25      0.92      0.39        13

    accuracy                           0.55        82
   macro avg       0.61      0.70      0.52        82
weighted avg       0.86      0.55      0.60        82

  [F] n=147  AUC: 0.8543  AUPRC: 0.3816  Brier: 0.1991  Acc: 0.6395  F1: 0.2740
              precision    recall  f1-score   support

      Normal       0.99      0.62      0.76       136
  Sarcopenia       0.16      0.91      0.27        11

    accuracy                           0.64       147
   macro avg       0.57      0.76      0.52       147
weighted avg       0.93      0.64      0.72       147


───────────────────────────────────────────────────────
Test Set — Bootstrap CI
───────────────────────────────────────────────────────

  Bootstrap 95% CI — CrossAttn3  (n_boot=2000)
  Metric         Estimate   95% CI Lower   95% CI Upper
  ----------------------------------------------------
  AUC-ROC          0.8024         0.7089         0.8795
  AUPRC            0.2900         0.1876         0.4867
  Brier            0.2250         0.1957         0.2528
  Accuracy         0.6070         0.5459         0.6725
  F1               0.3284         0.2237         0.4317
  [M3/crop80] Saving figures ...

Saved (model 3 (crop80)):
  연구코드/results/0529/liver_pubis/model_3\crop80/data_distribution.png
  연구코드/results/0529/liver_pubis/model_3\crop80/cv_roc_curves.png
  연구코드/results/0529/liver_pubis/model_3\crop80/cv_metric_distribution.png
  연구코드/results/0529/liver_pubis/model_3\crop80/training_curves.png
  연구코드/results/0529/liver_pubis/model_3\crop80/test_roc_curves.png
  연구코드/results/0529/liver_pubis/model_3\crop80/test_roc_by_sex.png
  연구코드/results/0529/liver_pubis/model_3\crop80/confusion_matrices.png
  연구코드/results/0529/liver_pubis/model_3\crop80/calibration.png
  연구코드/results/0529/liver_pubis/model_3\crop80/results.md
  [M3/crop80] Plotting attention maps ...
  연구코드/results/0529/liver_pubis/model_3\crop80/attention_map_c2a.png
  연구코드/results/0529/liver_pubis/model_3\crop80/attention_heatmap_c2a.png
  연구코드/results/0529/liver_pubis/model_3\crop80/attention_map_a2c.png
  연구코드/results/0529/liver_pubis/model_3\crop80/attention_heatmap_a2c.png
  [M3/crop80] Plotting Grad-CAM ...
  연구코드/results/0529/liver_pubis/model_3\crop80/cam_aec_mean.png
  연구코드/results/0529/liver_pubis/model_3\crop80/cam_aec_lines.png
  연구코드/results/0529/liver_pubis/model_3\crop80/cam_aec_heatmap.png
  [M3/crop80] Done.

############################################################
  [M3 crop60]  (scale_clinic=True, scale_aec=True)
############################################################
  [M3/crop60] Cross-validating CrossAttn3 ...
=================================================================
5-Fold CV  [CrossAttn3 | scale_clin=True, scale_aec=True]
=================================================================

── Fold 1/5 ──────────────────────────────
  CA3  — AUC: 0.8583  AUPRC: 0.4006  Brier: 0.1642  Acc: 0.8197  F1: 0.5075  (best ep=5, thresh=0.513)

── Fold 2/5 ──────────────────────────────
  CA3  — AUC: 0.8450  AUPRC: 0.4337  Brier: 0.1762  Acc: 0.8142  F1: 0.4848  (best ep=3, thresh=0.503)

── Fold 3/5 ──────────────────────────────
  CA3  — AUC: 0.7773  AUPRC: 0.4661  Brier: 0.2820  Acc: 0.7377  F1: 0.3684  (best ep=3, thresh=0.731)

── Fold 4/5 ──────────────────────────────
  CA3  — AUC: 0.7879  AUPRC: 0.3787  Brier: 0.1215  Acc: 0.7158  F1: 0.3659  (best ep=96, thresh=0.233)

── Fold 5/5 ──────────────────────────────
  CA3  — AUC: 0.8050  AUPRC: 0.4251  Brier: 0.1551  Acc: 0.7527  F1: 0.4000  (best ep=3, thresh=0.501)

===========================================================================
CrossAttn3  —  5-Fold CV Summary
===========================================================================
  Fold      AUC-ROC      AUPRC      Brier   Accuracy         F1
  ----------------------------------------------------------
  1          0.8583     0.4006     0.1642     0.8197     0.5075
  2          0.8450     0.4337     0.1762     0.8142     0.4848
  3          0.7773     0.4661     0.2820     0.7377     0.3684
  4          0.7879     0.3787     0.1215     0.7158     0.3659
  5          0.8050     0.4251     0.1551     0.7527     0.4000
  ──────────────────────────────────────────────────────────
  Mean       0.8147     0.4208     0.1798     0.7680     0.4253
  ±Std       0.0317     0.0297     0.0543     0.0417     0.0595
  [M3/crop60] Evaluating on test set (med_epoch=3, thresh=0.503) ...

=================================================================
CrossAttn3 Test Evaluation  (scale_clin=True, scale_aec=True, threshold=0.503)
=================================================================
CrossAttn3 — training final model for 3 epochs on full CV set …

CrossAttn3 — Test Set (Overall):
  AUC: 0.7669  AUPRC: 0.2538  Brier: 0.1884  Acc: 0.7118  F1: 0.3529

CrossAttn3 — Test Set (By Sex):
  [M] n=82  AUC: 0.7090  AUPRC: 0.2856  Brier: 0.2062  Acc: 0.6829  F1: 0.4348
              precision    recall  f1-score   support

      Normal       0.94      0.67      0.78        69
  Sarcopenia       0.30      0.77      0.43        13

    accuracy                           0.68        82
   macro avg       0.62      0.72      0.61        82
weighted avg       0.84      0.68      0.72        82

  [F] n=147  AUC: 0.8202  AUPRC: 0.2966  Brier: 0.1785  Acc: 0.7279  F1: 0.2857
              precision    recall  f1-score   support

      Normal       0.97      0.73      0.83       136
  Sarcopenia       0.18      0.73      0.29        11

    accuracy                           0.73       147
   macro avg       0.57      0.73      0.56       147
weighted avg       0.91      0.73      0.79       147


───────────────────────────────────────────────────────
Test Set — Bootstrap CI
───────────────────────────────────────────────────────

  Bootstrap 95% CI — CrossAttn3  (n_boot=2000)
  Metric         Estimate   95% CI Lower   95% CI Upper
  ----------------------------------------------------
  AUC-ROC          0.7669         0.6771         0.8469
  AUPRC            0.2538         0.1564         0.4348
  Brier            0.1884         0.1639         0.2122
  Accuracy         0.7118         0.6550         0.7686
  F1               0.3529         0.2321         0.4762
  [M3/crop60] Saving figures ...

Saved (model 3 (crop60)):
  연구코드/results/0529/liver_pubis/model_3\crop60/data_distribution.png
  연구코드/results/0529/liver_pubis/model_3\crop60/cv_roc_curves.png
  연구코드/results/0529/liver_pubis/model_3\crop60/cv_metric_distribution.png
  연구코드/results/0529/liver_pubis/model_3\crop60/training_curves.png
  연구코드/results/0529/liver_pubis/model_3\crop60/test_roc_curves.png
  연구코드/results/0529/liver_pubis/model_3\crop60/test_roc_by_sex.png
  연구코드/results/0529/liver_pubis/model_3\crop60/confusion_matrices.png
  연구코드/results/0529/liver_pubis/model_3\crop60/calibration.png
  연구코드/results/0529/liver_pubis/model_3\crop60/results.md
  [M3/crop60] Plotting attention maps ...
  연구코드/results/0529/liver_pubis/model_3\crop60/attention_map_c2a.png
  연구코드/results/0529/liver_pubis/model_3\crop60/attention_heatmap_c2a.png
  연구코드/results/0529/liver_pubis/model_3\crop60/attention_map_a2c.png
  연구코드/results/0529/liver_pubis/model_3\crop60/attention_heatmap_a2c.png
  [M3/crop60] Plotting Grad-CAM ...
  연구코드/results/0529/liver_pubis/model_3\crop60/cam_aec_mean.png
  연구코드/results/0529/liver_pubis/model_3\crop60/cam_aec_lines.png
  연구코드/results/0529/liver_pubis/model_3\crop60/cam_aec_heatmap.png
  [M3/crop60] Done.

############################################################
  [M3 excl_extreme]  (scale_clinic=True, scale_aec=True)
############################################################
  [M3/excl_extreme] Cross-validating CrossAttn3 ...
=================================================================
5-Fold CV  [CrossAttn3 | scale_clin=True, scale_aec=True]
=================================================================

── Fold 1/5 ──────────────────────────────
  CA3  — AUC: 0.8382  AUPRC: 0.4604  Brier: 0.2860  Acc: 0.7273  F1: 0.4000  (best ep=2, thresh=0.641)

── Fold 2/5 ──────────────────────────────
  CA3  — AUC: 0.8268  AUPRC: 0.4560  Brier: 0.1635  Acc: 0.7758  F1: 0.4127  (best ep=5, thresh=0.514)

── Fold 3/5 ──────────────────────────────
  CA3  — AUC: 0.8970  AUPRC: 0.5084  Brier: 0.1241  Acc: 0.8476  F1: 0.5283  (best ep=21, thresh=0.550)

── Fold 4/5 ──────────────────────────────
  CA3  — AUC: 0.7264  AUPRC: 0.3700  Brier: 0.2389  Acc: 0.9024  F1: 0.4667  (best ep=6, thresh=0.884)

── Fold 5/5 ──────────────────────────────
  CA3  — AUC: 0.8222  AUPRC: 0.3057  Brier: 0.1470  Acc: 0.7195  F1: 0.3784  (best ep=38, thresh=0.359)

===========================================================================
CrossAttn3  —  5-Fold CV Summary
===========================================================================
  Fold      AUC-ROC      AUPRC      Brier   Accuracy         F1
  ----------------------------------------------------------
  1          0.8382     0.4604     0.2860     0.7273     0.4000
  2          0.8268     0.4560     0.1635     0.7758     0.4127
  3          0.8970     0.5084     0.1241     0.8476     0.5283
  4          0.7264     0.3700     0.2389     0.9024     0.4667
  5          0.8222     0.3057     0.1470     0.7195     0.3784
  ──────────────────────────────────────────────────────────
  Mean       0.8221     0.4201     0.1919     0.7945     0.4372
  ±Std       0.0549     0.0725     0.0608     0.0707     0.0541
  [M3/excl_extreme] Evaluating on test set (med_epoch=6, thresh=0.550) ...

=================================================================
CrossAttn3 Test Evaluation  (scale_clin=True, scale_aec=True, threshold=0.550)
=================================================================
CrossAttn3 — training final model for 6 epochs on full CV set …

CrossAttn3 — Test Set (Overall):
  AUC: 0.7668  AUPRC: 0.2446  Brier: 0.2781  Acc: 0.6390  F1: 0.3509

CrossAttn3 — Test Set (By Sex):
  [M] n=72  AUC: 0.7027  AUPRC: 0.2987  Brier: 0.2772  Acc: 0.6528  F1: 0.4681
              precision    recall  f1-score   support

      Normal       0.95      0.61      0.74        59
  Sarcopenia       0.32      0.85      0.47        13

    accuracy                           0.65        72
   macro avg       0.64      0.73      0.61        72
weighted avg       0.83      0.65      0.69        72

  [F] n=133  AUC: 0.8324  AUPRC: 0.2714  Brier: 0.2786  Acc: 0.6316  F1: 0.2687
              precision    recall  f1-score   support

      Normal       1.00      0.60      0.75       124
  Sarcopenia       0.16      1.00      0.27         9

    accuracy                           0.63       133
   macro avg       0.58      0.80      0.51       133
weighted avg       0.94      0.63      0.72       133


───────────────────────────────────────────────────────
Test Set — Bootstrap CI
───────────────────────────────────────────────────────

  Bootstrap 95% CI — CrossAttn3  (n_boot=2000)
  Metric         Estimate   95% CI Lower   95% CI Upper
  ----------------------------------------------------
  AUC-ROC          0.7668         0.6746         0.8506
  AUPRC            0.2446         0.1454         0.4235
  Brier            0.2781         0.2367         0.3224
  Accuracy         0.6390         0.5707         0.7024
  F1               0.3509         0.2299         0.4638
  [M3/excl_extreme] Saving figures ...

Saved (model 3 (excl_extreme)):
  연구코드/results/0529/liver_pubis/model_3\excl_extreme/data_distribution.png
  연구코드/results/0529/liver_pubis/model_3\excl_extreme/cv_roc_curves.png
  연구코드/results/0529/liver_pubis/model_3\excl_extreme/cv_metric_distribution.png
  연구코드/results/0529/liver_pubis/model_3\excl_extreme/training_curves.png
  연구코드/results/0529/liver_pubis/model_3\excl_extreme/test_roc_curves.png
  연구코드/results/0529/liver_pubis/model_3\excl_extreme/test_roc_by_sex.png
  연구코드/results/0529/liver_pubis/model_3\excl_extreme/confusion_matrices.png
  연구코드/results/0529/liver_pubis/model_3\excl_extreme/calibration.png
  연구코드/results/0529/liver_pubis/model_3\excl_extreme/results.md
  [M3/excl_extreme] Plotting attention maps ...
  연구코드/results/0529/liver_pubis/model_3\excl_extreme/attention_map_c2a.png
  연구코드/results/0529/liver_pubis/model_3\excl_extreme/attention_heatmap_c2a.png
  연구코드/results/0529/liver_pubis/model_3\excl_extreme/attention_map_a2c.png
  연구코드/results/0529/liver_pubis/model_3\excl_extreme/attention_heatmap_a2c.png
  [M3/excl_extreme] Plotting Grad-CAM ...
  연구코드/results/0529/liver_pubis/model_3\excl_extreme/cam_aec_mean.png
  연구코드/results/0529/liver_pubis/model_3\excl_extreme/cam_aec_lines.png
  연구코드/results/0529/liver_pubis/model_3\excl_extreme/cam_aec_heatmap.png
  [M3/excl_extreme] Done.
