============================================================
  MODEL 2 — Clinic + AEC (aec128)  (4 AEC variants)
============================================================

############################################################
  [M2 raw]  (scale_clinic=True, scale_aec=none)
############################################################
  [M2/raw] Cross-validating CrossAttn ...
=======================================================
5-Fold CV  [CrossAttn | scale_clin=True, scale_aec=none]
=======================================================

── Fold 1/5 ──────────────────────────────
  CA   — AUC: 0.8037  AUPRC: 0.3550  Brier: 0.2479  Acc: 0.8415  F1: 0.4727  (best ep=466, thresh=0.655)

── Fold 2/5 ──────────────────────────────
  CA   — AUC: 0.8463  AUPRC: 0.5395  Brier: 0.2373  Acc: 0.8415  F1: 0.4912  (best ep=491, thresh=0.606)

── Fold 3/5 ──────────────────────────────
  CA   — AUC: 0.7863  AUPRC: 0.3330  Brier: 0.2562  Acc: 0.6066  F1: 0.3208  (best ep=469, thresh=0.496)

── Fold 4/5 ──────────────────────────────
  CA   — AUC: 0.8074  AUPRC: 0.3317  Brier: 0.2260  Acc: 0.6612  F1: 0.3673  (best ep=351, thresh=0.509)

── Fold 5/5 ──────────────────────────────
  CA   — AUC: 0.8118  AUPRC: 0.3811  Brier: 0.2378  Acc: 0.7418  F1: 0.3896  (best ep=450, thresh=0.597)

===========================================================================
CrossAttn  —  5-Fold CV Summary
===========================================================================
  Fold      AUC-ROC      AUPRC      Brier   Accuracy         F1
  ----------------------------------------------------------
  1          0.8037     0.3550     0.2479     0.8415     0.4727
  2          0.8463     0.5395     0.2373     0.8415     0.4912
  3          0.7863     0.3330     0.2562     0.6066     0.3208
  4          0.8074     0.3317     0.2260     0.6612     0.3673
  5          0.8118     0.3811     0.2378     0.7418     0.3896
  ──────────────────────────────────────────────────────────
  Mean       0.8111     0.3881     0.2410     0.7385     0.4083
  ±Std       0.0196     0.0778     0.0103     0.0945     0.0644
  [M2/raw] Evaluating on test set (med_epoch=466, thresh=0.597) ...

=======================================================
CrossAttn Test Evaluation  (scale_clin=True, scale_aec=none, threshold=0.597)
=======================================================
CrossAttn — training final model for 466 epochs on full CV set …
  [CrossAttn] Model weights saved → 연구코드/results/0605/stage4_1e-05_epoch500/model_2\raw128\raw\M2_raw_weights.pt

CrossAttn — Test Set (Overall):
  AUC: 0.7921  AUPRC: 0.2919  Brier: 0.2424  Acc: 0.7467  F1: 0.3830

CrossAttn — Test Set (By Sex):
  [M] n=82  AUC: 0.7224  AUPRC: 0.3396  Brier: 0.2892  Acc: 0.6707  F1: 0.4490
              precision    recall  f1-score   support

      Normal       0.96      0.64      0.77        69
  Sarcopenia       0.31      0.85      0.45        13

    accuracy                           0.67        82
   macro avg       0.63      0.74      0.61        82
weighted avg       0.85      0.67      0.72        82

  [F] n=147  AUC: 0.8275  AUPRC: 0.2579  Brier: 0.2163  Acc: 0.7891  F1: 0.3111
              precision    recall  f1-score   support

      Normal       0.96      0.80      0.88       136
  Sarcopenia       0.21      0.64      0.31        11

    accuracy                           0.79       147
   macro avg       0.59      0.72      0.59       147
weighted avg       0.91      0.79      0.83       147


───────────────────────────────────────────────────────
Test Set — Bootstrap CI
───────────────────────────────────────────────────────

  Bootstrap 95% CI — CrossAttn  (n_boot=2000)
  Metric         Estimate   95% CI Lower   95% CI Upper
  ----------------------------------------------------
  AUC-ROC          0.7921         0.6948         0.8741
  AUPRC            0.2919         0.1749         0.4538
  Brier            0.2424         0.2157         0.2678
  Accuracy         0.7467         0.6900         0.8035
  F1               0.3830         0.2558         0.5051
  [M2/raw] Saving figures ...

Saved (model 2 (raw)):
  연구코드/results/0605/stage4_1e-05_epoch500/model_2\raw128\raw/data_distribution.png
  연구코드/results/0605/stage4_1e-05_epoch500/model_2\raw128\raw/cv_roc_curves.png
  연구코드/results/0605/stage4_1e-05_epoch500/model_2\raw128\raw/cv_metric_distribution.png
  연구코드/results/0605/stage4_1e-05_epoch500/model_2\raw128\raw/training_curves.png
  연구코드/results/0605/stage4_1e-05_epoch500/model_2\raw128\raw/test_roc_curves.png
  연구코드/results/0605/stage4_1e-05_epoch500/model_2\raw128\raw/test_roc_by_sex.png
  연구코드/results/0605/stage4_1e-05_epoch500/model_2\raw128\raw/confusion_matrices.png
  연구코드/results/0605/stage4_1e-05_epoch500/model_2\raw128\raw/calibration.png
  연구코드/results/0605/stage4_1e-05_epoch500/model_2\raw128\raw/results.md
  [M2/raw] Plotting attention maps ...
  연구코드/results/0605/stage4_1e-05_epoch500/model_2\raw128\raw/attention_map_c2a.png
  연구코드/results/0605/stage4_1e-05_epoch500/model_2\raw128\raw/attention_heatmap_c2a.png
  연구코드/results/0605/stage4_1e-05_epoch500/model_2\raw128\raw/attention_map_a2c.png
  연구코드/results/0605/stage4_1e-05_epoch500/model_2\raw128\raw/attention_heatmap_a2c.png
  [M2/raw] Plotting Grad-CAM ...
  연구코드/results/0605/stage4_1e-05_epoch500/model_2\raw128\raw/cam_aec_mean.png
  연구코드/results/0605/stage4_1e-05_epoch500/model_2\raw128\raw/cam_aec_lines.png
  연구코드/results/0605/stage4_1e-05_epoch500/model_2\raw128\raw/cam_aec_heatmap.png
  [M2/raw] Done.

############################################################
  [M2 std_scaled]  (scale_clinic=True, scale_aec=column)
############################################################
  [M2/std_scaled] Cross-validating CrossAttn ...
=======================================================
5-Fold CV  [CrossAttn | scale_clin=True, scale_aec=column]
=======================================================

── Fold 1/5 ──────────────────────────────
  CA   — AUC: 0.7850  AUPRC: 0.3110  Brier: 0.2510  Acc: 0.6940  F1: 0.3778  (best ep=446, thresh=0.540)

── Fold 2/5 ──────────────────────────────
  CA   — AUC: 0.8546  AUPRC: 0.4716  Brier: 0.2308  Acc: 0.7268  F1: 0.4048  (best ep=177, thresh=0.528)

── Fold 3/5 ──────────────────────────────
  CA   — AUC: 0.7551  AUPRC: 0.3443  Brier: 0.2636  Acc: 0.8962  F1: 0.4865  (best ep=405, thresh=0.744)

── Fold 4/5 ──────────────────────────────
  CA   — AUC: 0.7914  AUPRC: 0.3192  Brier: 0.2233  Acc: 0.6667  F1: 0.3579  (best ep=295, thresh=0.486)

── Fold 5/5 ──────────────────────────────
  CA   — AUC: 0.8240  AUPRC: 0.3627  Brier: 0.2394  Acc: 0.8571  F1: 0.5185  (best ep=345, thresh=0.663)

===========================================================================
CrossAttn  —  5-Fold CV Summary
===========================================================================
  Fold      AUC-ROC      AUPRC      Brier   Accuracy         F1
  ----------------------------------------------------------
  1          0.7850     0.3110     0.2510     0.6940     0.3778
  2          0.8546     0.4716     0.2308     0.7268     0.4048
  3          0.7551     0.3443     0.2636     0.8962     0.4865
  4          0.7914     0.3192     0.2233     0.6667     0.3579
  5          0.8240     0.3627     0.2394     0.8571     0.5185
  ──────────────────────────────────────────────────────────
  Mean       0.8020     0.3618     0.2416     0.7681     0.4291
  ±Std       0.0342     0.0579     0.0143     0.0915     0.0626
  [M2/std_scaled] Evaluating on test set (med_epoch=345, thresh=0.540) ...

=======================================================
CrossAttn Test Evaluation  (scale_clin=True, scale_aec=column, threshold=0.540)
=======================================================
CrossAttn — training final model for 345 epochs on full CV set …
  [CrossAttn] Model weights saved → 연구코드/results/0605/stage4_1e-05_epoch500/model_2\raw128\std_scaled\M2_std_scaled_weights.pt

CrossAttn — Test Set (Overall):
  AUC: 0.7799  AUPRC: 0.2706  Brier: 0.2529  Acc: 0.6769  F1: 0.3393

CrossAttn — Test Set (By Sex):
  [M] n=82  AUC: 0.7012  AUPRC: 0.3170  Brier: 0.2885  Acc: 0.6585  F1: 0.4400
              precision    recall  f1-score   support

      Normal       0.96      0.62      0.75        69
  Sarcopenia       0.30      0.85      0.44        13

    accuracy                           0.66        82
   macro avg       0.63      0.73      0.60        82
weighted avg       0.85      0.66      0.70        82

  [F] n=147  AUC: 0.8255  AUPRC: 0.2716  Brier: 0.2330  Acc: 0.6871  F1: 0.2581
              precision    recall  f1-score   support

      Normal       0.97      0.68      0.80       136
  Sarcopenia       0.16      0.73      0.26        11

    accuracy                           0.69       147
   macro avg       0.56      0.71      0.53       147
weighted avg       0.91      0.69      0.76       147


───────────────────────────────────────────────────────
Test Set — Bootstrap CI
───────────────────────────────────────────────────────

  Bootstrap 95% CI — CrossAttn  (n_boot=2000)
  Metric         Estimate   95% CI Lower   95% CI Upper
  ----------------------------------------------------
  AUC-ROC          0.7799         0.6880         0.8605
  AUPRC            0.2706         0.1593         0.4307
  Brier            0.2529         0.2285         0.2759
  Accuracy         0.6769         0.6157         0.7380
  F1               0.3393         0.2245         0.4500
  [M2/std_scaled] Saving figures ...

Saved (model 2 (std_scaled)):
  연구코드/results/0605/stage4_1e-05_epoch500/model_2\raw128\std_scaled/data_distribution.png
  연구코드/results/0605/stage4_1e-05_epoch500/model_2\raw128\std_scaled/cv_roc_curves.png
  연구코드/results/0605/stage4_1e-05_epoch500/model_2\raw128\std_scaled/cv_metric_distribution.png
  연구코드/results/0605/stage4_1e-05_epoch500/model_2\raw128\std_scaled/training_curves.png
  연구코드/results/0605/stage4_1e-05_epoch500/model_2\raw128\std_scaled/test_roc_curves.png
  연구코드/results/0605/stage4_1e-05_epoch500/model_2\raw128\std_scaled/test_roc_by_sex.png
  연구코드/results/0605/stage4_1e-05_epoch500/model_2\raw128\std_scaled/confusion_matrices.png
  연구코드/results/0605/stage4_1e-05_epoch500/model_2\raw128\std_scaled/calibration.png
  연구코드/results/0605/stage4_1e-05_epoch500/model_2\raw128\std_scaled/results.md
  [M2/std_scaled] Plotting attention maps ...
  연구코드/results/0605/stage4_1e-05_epoch500/model_2\raw128\std_scaled/attention_map_c2a.png
  연구코드/results/0605/stage4_1e-05_epoch500/model_2\raw128\std_scaled/attention_heatmap_c2a.png
  연구코드/results/0605/stage4_1e-05_epoch500/model_2\raw128\std_scaled/attention_map_a2c.png
  연구코드/results/0605/stage4_1e-05_epoch500/model_2\raw128\std_scaled/attention_heatmap_a2c.png
  [M2/std_scaled] Plotting Grad-CAM ...
  연구코드/results/0605/stage4_1e-05_epoch500/model_2\raw128\std_scaled/cam_aec_mean.png
  연구코드/results/0605/stage4_1e-05_epoch500/model_2\raw128\std_scaled/cam_aec_lines.png
  연구코드/results/0605/stage4_1e-05_epoch500/model_2\raw128\std_scaled/cam_aec_heatmap.png
  [M2/std_scaled] Done.

############################################################
  [M2 norm]  (scale_clinic=True, scale_aec=none)
############################################################
  [M2/norm] Cross-validating CrossAttn ...
=======================================================
5-Fold CV  [CrossAttn | scale_clin=True, scale_aec=none]
=======================================================

── Fold 1/5 ──────────────────────────────
  CA   — AUC: 0.8344  AUPRC: 0.3714  Brier: 0.2390  Acc: 0.8197  F1: 0.4762  (best ep=220, thresh=0.684)

── Fold 2/5 ──────────────────────────────
  CA   — AUC: 0.8424  AUPRC: 0.5355  Brier: 0.2106  Acc: 0.7650  F1: 0.4416  (best ep=466, thresh=0.535)

── Fold 3/5 ──────────────────────────────
  CA   — AUC: 0.7718  AUPRC: 0.3222  Brier: 0.2686  Acc: 0.7923  F1: 0.3871  (best ep=216, thresh=0.712)

── Fold 4/5 ──────────────────────────────
  CA   — AUC: 0.7959  AUPRC: 0.3648  Brier: 0.2208  Acc: 0.6120  F1: 0.3364  (best ep=217, thresh=0.426)

── Fold 5/5 ──────────────────────────────
  CA   — AUC: 0.7572  AUPRC: 0.3623  Brier: 0.2858  Acc: 0.5824  F1: 0.3214  (best ep=59, thresh=0.545)

===========================================================================
CrossAttn  —  5-Fold CV Summary
===========================================================================
  Fold      AUC-ROC      AUPRC      Brier   Accuracy         F1
  ----------------------------------------------------------
  1          0.8344     0.3714     0.2390     0.8197     0.4762
  2          0.8424     0.5355     0.2106     0.7650     0.4416
  3          0.7718     0.3222     0.2686     0.7923     0.3871
  4          0.7959     0.3648     0.2208     0.6120     0.3364
  5          0.7572     0.3623     0.2858     0.5824     0.3214
  ──────────────────────────────────────────────────────────
  Mean       0.8003     0.3912     0.2450     0.7143     0.3925
  ±Std       0.0335     0.0742     0.0284     0.0976     0.0594
  [M2/norm] Evaluating on test set (med_epoch=217, thresh=0.545) ...

=======================================================
CrossAttn Test Evaluation  (scale_clin=True, scale_aec=none, threshold=0.545)
=======================================================
CrossAttn — training final model for 217 epochs on full CV set …
  [CrossAttn] Model weights saved → 연구코드/results/0605/stage4_1e-05_epoch500/model_2\raw128\norm\M2_norm_weights.pt

CrossAttn — Test Set (Overall):
  AUC: 0.8033  AUPRC: 0.2864  Brier: 0.2462  Acc: 0.6900  F1: 0.3717

CrossAttn — Test Set (By Sex):
  [M] n=82  AUC: 0.7113  AUPRC: 0.2959  Brier: 0.2935  Acc: 0.6098  F1: 0.4074
              precision    recall  f1-score   support

      Normal       0.95      0.57      0.71        69
  Sarcopenia       0.27      0.85      0.41        13

    accuracy                           0.61        82
   macro avg       0.61      0.71      0.56        82
weighted avg       0.84      0.61      0.66        82

  [F] n=147  AUC: 0.8476  AUPRC: 0.3473  Brier: 0.2198  Acc: 0.7347  F1: 0.3390
              precision    recall  f1-score   support

      Normal       0.99      0.72      0.83       136
  Sarcopenia       0.21      0.91      0.34        11

    accuracy                           0.73       147
   macro avg       0.60      0.81      0.59       147
weighted avg       0.93      0.73      0.80       147


───────────────────────────────────────────────────────
Test Set — Bootstrap CI
───────────────────────────────────────────────────────

  Bootstrap 95% CI — CrossAttn  (n_boot=2000)
  Metric         Estimate   95% CI Lower   95% CI Upper
  ----------------------------------------------------
  AUC-ROC          0.8033         0.7152         0.8759
  AUPRC            0.2864         0.1813         0.4743
  Brier            0.2462         0.2206         0.2705
  Accuracy         0.6900         0.6332         0.7511
  F1               0.3717         0.2523         0.4874
  [M2/norm] Saving figures ...

Saved (model 2 (norm)):
  연구코드/results/0605/stage4_1e-05_epoch500/model_2\raw128\norm/data_distribution.png
  연구코드/results/0605/stage4_1e-05_epoch500/model_2\raw128\norm/cv_roc_curves.png
  연구코드/results/0605/stage4_1e-05_epoch500/model_2\raw128\norm/cv_metric_distribution.png
  연구코드/results/0605/stage4_1e-05_epoch500/model_2\raw128\norm/training_curves.png
  연구코드/results/0605/stage4_1e-05_epoch500/model_2\raw128\norm/test_roc_curves.png
  연구코드/results/0605/stage4_1e-05_epoch500/model_2\raw128\norm/test_roc_by_sex.png
  연구코드/results/0605/stage4_1e-05_epoch500/model_2\raw128\norm/confusion_matrices.png
  연구코드/results/0605/stage4_1e-05_epoch500/model_2\raw128\norm/calibration.png
  연구코드/results/0605/stage4_1e-05_epoch500/model_2\raw128\norm/results.md
  [M2/norm] Plotting attention maps ...
  연구코드/results/0605/stage4_1e-05_epoch500/model_2\raw128\norm/attention_map_c2a.png
  연구코드/results/0605/stage4_1e-05_epoch500/model_2\raw128\norm/attention_heatmap_c2a.png
  연구코드/results/0605/stage4_1e-05_epoch500/model_2\raw128\norm/attention_map_a2c.png
  연구코드/results/0605/stage4_1e-05_epoch500/model_2\raw128\norm/attention_heatmap_a2c.png
  [M2/norm] Plotting Grad-CAM ...
  연구코드/results/0605/stage4_1e-05_epoch500/model_2\raw128\norm/cam_aec_mean.png
  연구코드/results/0605/stage4_1e-05_epoch500/model_2\raw128\norm/cam_aec_lines.png
  연구코드/results/0605/stage4_1e-05_epoch500/model_2\raw128\norm/cam_aec_heatmap.png
  [M2/norm] Done.

############################################################
  [M2 global_zscore]  (scale_clinic=True, scale_aec=global)
############################################################
  [M2/global_zscore] Cross-validating CrossAttn ...
=======================================================
5-Fold CV  [CrossAttn | scale_clin=True, scale_aec=global]
=======================================================

── Fold 1/5 ──────────────────────────────
  CA   — AUC: 0.7997  AUPRC: 0.3419  Brier: 0.2494  Acc: 0.6448  F1: 0.3564  (best ep=368, thresh=0.534)

── Fold 2/5 ──────────────────────────────
  CA   — AUC: 0.8476  AUPRC: 0.4776  Brier: 0.2188  Acc: 0.6995  F1: 0.3820  (best ep=434, thresh=0.509)

── Fold 3/5 ──────────────────────────────
  CA   — AUC: 0.7770  AUPRC: 0.3679  Brier: 0.2655  Acc: 0.5792  F1: 0.3063  (best ep=405, thresh=0.508)

── Fold 4/5 ──────────────────────────────
  CA   — AUC: 0.7911  AUPRC: 0.3508  Brier: 0.2350  Acc: 0.6667  F1: 0.3579  (best ep=185, thresh=0.505)

── Fold 5/5 ──────────────────────────────
  CA   — AUC: 0.7943  AUPRC: 0.3817  Brier: 0.2400  Acc: 0.8077  F1: 0.4262  (best ep=478, thresh=0.636)

===========================================================================
CrossAttn  —  5-Fold CV Summary
===========================================================================
  Fold      AUC-ROC      AUPRC      Brier   Accuracy         F1
  ----------------------------------------------------------
  1          0.7997     0.3419     0.2494     0.6448     0.3564
  2          0.8476     0.4776     0.2188     0.6995     0.3820
  3          0.7770     0.3679     0.2655     0.5792     0.3063
  4          0.7911     0.3508     0.2350     0.6667     0.3579
  5          0.7943     0.3817     0.2400     0.8077     0.4262
  ──────────────────────────────────────────────────────────
  Mean       0.8019     0.3840     0.2417     0.6796     0.3658
  ±Std       0.0240     0.0488     0.0155     0.0752     0.0390
  [M2/global_zscore] Evaluating on test set (med_epoch=405, thresh=0.509) ...

=======================================================
CrossAttn Test Evaluation  (scale_clin=True, scale_aec=global, threshold=0.509)
=======================================================
CrossAttn — training final model for 405 epochs on full CV set …
  [CrossAttn] Model weights saved → 연구코드/results/0605/stage4_1e-05_epoch500/model_2\raw128\global_zscore\M2_global_zscore_weights.pt

CrossAttn — Test Set (Overall):
  AUC: 0.8148  AUPRC: 0.3054  Brier: 0.2411  Acc: 0.6638  F1: 0.3529

CrossAttn — Test Set (By Sex):
  [M] n=82  AUC: 0.7436  AUPRC: 0.3488  Brier: 0.2857  Acc: 0.5732  F1: 0.3860
              precision    recall  f1-score   support

      Normal       0.95      0.52      0.67        69
  Sarcopenia       0.25      0.85      0.39        13

    accuracy                           0.57        82
   macro avg       0.60      0.68      0.53        82
weighted avg       0.84      0.57      0.63        82

  [F] n=147  AUC: 0.8509  AUPRC: 0.2598  Brier: 0.2162  Acc: 0.7143  F1: 0.3226
              precision    recall  f1-score   support

      Normal       0.99      0.70      0.82       136
  Sarcopenia       0.20      0.91      0.32        11

    accuracy                           0.71       147
   macro avg       0.59      0.80      0.57       147
weighted avg       0.93      0.71      0.78       147


───────────────────────────────────────────────────────
Test Set — Bootstrap CI
───────────────────────────────────────────────────────

  Bootstrap 95% CI — CrossAttn  (n_boot=2000)
  Metric         Estimate   95% CI Lower   95% CI Upper
  ----------------------------------------------------
  AUC-ROC          0.8148         0.7367         0.8863
  AUPRC            0.3054         0.1883         0.4781
  Brier            0.2411         0.2161         0.2646
  Accuracy         0.6638         0.6026         0.7293
  F1               0.3529         0.2373         0.4615
  [M2/global_zscore] Saving figures ...

Saved (model 2 (global_zscore)):
  연구코드/results/0605/stage4_1e-05_epoch500/model_2\raw128\global_zscore/data_distribution.png
  연구코드/results/0605/stage4_1e-05_epoch500/model_2\raw128\global_zscore/cv_roc_curves.png
  연구코드/results/0605/stage4_1e-05_epoch500/model_2\raw128\global_zscore/cv_metric_distribution.png
  연구코드/results/0605/stage4_1e-05_epoch500/model_2\raw128\global_zscore/training_curves.png
  연구코드/results/0605/stage4_1e-05_epoch500/model_2\raw128\global_zscore/test_roc_curves.png
  연구코드/results/0605/stage4_1e-05_epoch500/model_2\raw128\global_zscore/test_roc_by_sex.png
  연구코드/results/0605/stage4_1e-05_epoch500/model_2\raw128\global_zscore/confusion_matrices.png
  연구코드/results/0605/stage4_1e-05_epoch500/model_2\raw128\global_zscore/calibration.png
  연구코드/results/0605/stage4_1e-05_epoch500/model_2\raw128\global_zscore/results.md
  [M2/global_zscore] Plotting attention maps ...
  연구코드/results/0605/stage4_1e-05_epoch500/model_2\raw128\global_zscore/attention_map_c2a.png
  연구코드/results/0605/stage4_1e-05_epoch500/model_2\raw128\global_zscore/attention_heatmap_c2a.png
  연구코드/results/0605/stage4_1e-05_epoch500/model_2\raw128\global_zscore/attention_map_a2c.png
  연구코드/results/0605/stage4_1e-05_epoch500/model_2\raw128\global_zscore/attention_heatmap_a2c.png
  [M2/global_zscore] Plotting Grad-CAM ...
  연구코드/results/0605/stage4_1e-05_epoch500/model_2\raw128\global_zscore/cam_aec_mean.png
  연구코드/results/0605/stage4_1e-05_epoch500/model_2\raw128\global_zscore/cam_aec_lines.png
  연구코드/results/0605/stage4_1e-05_epoch500/model_2\raw128\global_zscore/cam_aec_heatmap.png
  [M2/global_zscore] Done.
