============================================================
  MODEL 2_2 — Clinic + AEC Unmatched (aec128)  (4 AEC variants)
============================================================

############################################################
  [M2_2 raw]  (scale_clinic=True, scale_aec=none)
############################################################
  [M2_2/raw] Cross-validating CrossAttn ...
=======================================================
5-Fold CV  [CrossAttn | scale_clin=True, scale_aec=none]
=======================================================

── Fold 1/5 ──────────────────────────────
  CA   — AUC: 0.7951  AUPRC: 0.2895  Brier: 0.2828  Acc: 0.6339  F1: 0.3619  (best ep=39, thresh=0.576)

── Fold 2/5 ──────────────────────────────
  CA   — AUC: 0.8017  AUPRC: 0.3815  Brier: 0.2503  Acc: 0.7377  F1: 0.4000  (best ep=50, thresh=0.578)

── Fold 3/5 ──────────────────────────────
  CA   — AUC: 0.7677  AUPRC: 0.2677  Brier: 0.2671  Acc: 0.8033  F1: 0.4000  (best ep=496, thresh=0.718)

── Fold 4/5 ──────────────────────────────
  CA   — AUC: 0.7516  AUPRC: 0.3089  Brier: 0.2360  Acc: 0.6393  F1: 0.3400  (best ep=94, thresh=0.505)

── Fold 5/5 ──────────────────────────────
  CA   — AUC: 0.7611  AUPRC: 0.3793  Brier: 0.2315  Acc: 0.6319  F1: 0.3366  (best ep=372, thresh=0.448)

===========================================================================
CrossAttn  —  5-Fold CV Summary
===========================================================================
  Fold      AUC-ROC      AUPRC      Brier   Accuracy         F1
  ----------------------------------------------------------
  1          0.7951     0.2895     0.2828     0.6339     0.3619
  2          0.8017     0.3815     0.2503     0.7377     0.4000
  3          0.7677     0.2677     0.2671     0.8033     0.4000
  4          0.7516     0.3089     0.2360     0.6393     0.3400
  5          0.7611     0.3793     0.2315     0.6319     0.3366
  ──────────────────────────────────────────────────────────
  Mean       0.7754     0.3254     0.2535     0.6892     0.3677
  ±Std       0.0195     0.0468     0.0192     0.0696     0.0278
  [M2_2/raw] Evaluating on test set (med_epoch=94, thresh=0.576) ...

=======================================================
CrossAttn Test Evaluation  (scale_clin=True, scale_aec=none, threshold=0.576)
=======================================================
CrossAttn — training final model for 94 epochs on full CV set …
  [CrossAttn] Model weights saved → 연구코드/results/0605/stage1_1e-05_epoch500/model_2_2\raw128\raw\M2_2_raw_weights.pt

CrossAttn — Test Set (Overall):
  AUC: 0.7839  AUPRC: 0.3094  Brier: 0.2689  Acc: 0.6550  F1: 0.3361

CrossAttn — Test Set (By Sex):
  [M] n=82  AUC: 0.7313  AUPRC: 0.3461  Brier: 0.2888  Acc: 0.6220  F1: 0.4151
              precision    recall  f1-score   support

      Normal       0.95      0.58      0.72        69
  Sarcopenia       0.28      0.85      0.42        13

    accuracy                           0.62        82
   macro avg       0.61      0.71      0.57        82
weighted avg       0.84      0.62      0.67        82

  [F] n=147  AUC: 0.8075  AUPRC: 0.3106  Brier: 0.2578  Acc: 0.6735  F1: 0.2727
              precision    recall  f1-score   support

      Normal       0.98      0.66      0.79       136
  Sarcopenia       0.16      0.82      0.27        11

    accuracy                           0.67       147
   macro avg       0.57      0.74      0.53       147
weighted avg       0.92      0.67      0.75       147


───────────────────────────────────────────────────────
Test Set — Bootstrap CI
───────────────────────────────────────────────────────

  Bootstrap 95% CI — CrossAttn  (n_boot=2000)
  Metric         Estimate   95% CI Lower   95% CI Upper
  ----------------------------------------------------
  AUC-ROC          0.7839         0.6987         0.8613
  AUPRC            0.3094         0.1725         0.4918
  Brier            0.2689         0.2417         0.2950
  Accuracy         0.6550         0.5939         0.7162
  F1               0.3361         0.2222         0.4483
  [M2_2/raw] Saving figures ...

Saved (model 2_2 (raw, unmatched)):
  연구코드/results/0605/stage1_1e-05_epoch500/model_2_2\raw128\raw/data_distribution.png
  연구코드/results/0605/stage1_1e-05_epoch500/model_2_2\raw128\raw/cv_roc_curves.png
  연구코드/results/0605/stage1_1e-05_epoch500/model_2_2\raw128\raw/cv_metric_distribution.png
  연구코드/results/0605/stage1_1e-05_epoch500/model_2_2\raw128\raw/training_curves.png
  연구코드/results/0605/stage1_1e-05_epoch500/model_2_2\raw128\raw/test_roc_curves.png
  연구코드/results/0605/stage1_1e-05_epoch500/model_2_2\raw128\raw/test_roc_by_sex.png
  연구코드/results/0605/stage1_1e-05_epoch500/model_2_2\raw128\raw/confusion_matrices.png
  연구코드/results/0605/stage1_1e-05_epoch500/model_2_2\raw128\raw/calibration.png
  연구코드/results/0605/stage1_1e-05_epoch500/model_2_2\raw128\raw/results.md
  [M2_2/raw] Plotting attention maps ...
  연구코드/results/0605/stage1_1e-05_epoch500/model_2_2\raw128\raw/attention_map_c2a.png
  연구코드/results/0605/stage1_1e-05_epoch500/model_2_2\raw128\raw/attention_heatmap_c2a.png
  연구코드/results/0605/stage1_1e-05_epoch500/model_2_2\raw128\raw/attention_map_a2c.png
  연구코드/results/0605/stage1_1e-05_epoch500/model_2_2\raw128\raw/attention_heatmap_a2c.png
  [M2_2/raw] Plotting Grad-CAM ...
  연구코드/results/0605/stage1_1e-05_epoch500/model_2_2\raw128\raw/cam_aec_mean.png
  연구코드/results/0605/stage1_1e-05_epoch500/model_2_2\raw128\raw/cam_aec_lines.png
  연구코드/results/0605/stage1_1e-05_epoch500/model_2_2\raw128\raw/cam_aec_heatmap.png
  [M2_2/raw] Done.

############################################################
  [M2_2 std_scaled]  (scale_clinic=True, scale_aec=column)
############################################################
  [M2_2/std_scaled] Cross-validating CrossAttn ...
=======================================================
5-Fold CV  [CrossAttn | scale_clin=True, scale_aec=column]
=======================================================

── Fold 1/5 ──────────────────────────────
  CA   — AUC: 0.8077  AUPRC: 0.3335  Brier: 0.2546  Acc: 0.7268  F1: 0.3902  (best ep=333, thresh=0.622)

── Fold 2/5 ──────────────────────────────
  CA   — AUC: 0.8267  AUPRC: 0.4149  Brier: 0.2230  Acc: 0.7869  F1: 0.4507  (best ep=139, thresh=0.625)

── Fold 3/5 ──────────────────────────────
  CA   — AUC: 0.7677  AUPRC: 0.3017  Brier: 0.2633  Acc: 0.7541  F1: 0.3662  (best ep=309, thresh=0.709)

── Fold 4/5 ──────────────────────────────
  CA   — AUC: 0.7599  AUPRC: 0.3048  Brier: 0.2436  Acc: 0.6175  F1: 0.3269  (best ep=84, thresh=0.496)

── Fold 5/5 ──────────────────────────────
  CA   — AUC: 0.7959  AUPRC: 0.3807  Brier: 0.2373  Acc: 0.6923  F1: 0.3778  (best ep=156, thresh=0.521)

===========================================================================
CrossAttn  —  5-Fold CV Summary
===========================================================================
  Fold      AUC-ROC      AUPRC      Brier   Accuracy         F1
  ----------------------------------------------------------
  1          0.8077     0.3335     0.2546     0.7268     0.3902
  2          0.8267     0.4149     0.2230     0.7869     0.4507
  3          0.7677     0.3017     0.2633     0.7541     0.3662
  4          0.7599     0.3048     0.2436     0.6175     0.3269
  5          0.7959     0.3807     0.2373     0.6923     0.3778
  ──────────────────────────────────────────────────────────
  Mean       0.7916     0.3471     0.2444     0.7155     0.3824
  ±Std       0.0248     0.0442     0.0139     0.0581     0.0402
  [M2_2/std_scaled] Evaluating on test set (med_epoch=156, thresh=0.622) ...

=======================================================
CrossAttn Test Evaluation  (scale_clin=True, scale_aec=column, threshold=0.622)
=======================================================
CrossAttn — training final model for 156 epochs on full CV set …
  [CrossAttn] Model weights saved → 연구코드/results/0605/stage1_1e-05_epoch500/model_2_2\raw128\std_scaled\M2_2_std_scaled_weights.pt

CrossAttn — Test Set (Overall):
  AUC: 0.7943  AUPRC: 0.3313  Brier: 0.2615  Acc: 0.7074  F1: 0.3495

CrossAttn — Test Set (By Sex):
  [M] n=82  AUC: 0.7324  AUPRC: 0.3684  Brier: 0.2855  Acc: 0.6341  F1: 0.4231
              precision    recall  f1-score   support

      Normal       0.95      0.59      0.73        69
  Sarcopenia       0.28      0.85      0.42        13

    accuracy                           0.63        82
   macro avg       0.62      0.72      0.58        82
weighted avg       0.85      0.63      0.68        82

  [F] n=147  AUC: 0.8282  AUPRC: 0.3617  Brier: 0.2481  Acc: 0.7483  F1: 0.2745
              precision    recall  f1-score   support

      Normal       0.96      0.76      0.85       136
  Sarcopenia       0.17      0.64      0.27        11

    accuracy                           0.75       147
   macro avg       0.57      0.70      0.56       147
weighted avg       0.90      0.75      0.80       147


───────────────────────────────────────────────────────
Test Set — Bootstrap CI
───────────────────────────────────────────────────────

  Bootstrap 95% CI — CrossAttn  (n_boot=2000)
  Metric         Estimate   95% CI Lower   95% CI Upper
  ----------------------------------------------------
  AUC-ROC          0.7943         0.7000         0.8720
  AUPRC            0.3313         0.1933         0.5188
  Brier            0.2615         0.2346         0.2871
  Accuracy         0.7074         0.6463         0.7686
  F1               0.3495         0.2278         0.4667
  [M2_2/std_scaled] Saving figures ...

Saved (model 2_2 (std_scaled, unmatched)):
  연구코드/results/0605/stage1_1e-05_epoch500/model_2_2\raw128\std_scaled/data_distribution.png
  연구코드/results/0605/stage1_1e-05_epoch500/model_2_2\raw128\std_scaled/cv_roc_curves.png
  연구코드/results/0605/stage1_1e-05_epoch500/model_2_2\raw128\std_scaled/cv_metric_distribution.png
  연구코드/results/0605/stage1_1e-05_epoch500/model_2_2\raw128\std_scaled/training_curves.png
  연구코드/results/0605/stage1_1e-05_epoch500/model_2_2\raw128\std_scaled/test_roc_curves.png
  연구코드/results/0605/stage1_1e-05_epoch500/model_2_2\raw128\std_scaled/test_roc_by_sex.png
  연구코드/results/0605/stage1_1e-05_epoch500/model_2_2\raw128\std_scaled/confusion_matrices.png
  연구코드/results/0605/stage1_1e-05_epoch500/model_2_2\raw128\std_scaled/calibration.png
  연구코드/results/0605/stage1_1e-05_epoch500/model_2_2\raw128\std_scaled/results.md
  [M2_2/std_scaled] Plotting attention maps ...
  연구코드/results/0605/stage1_1e-05_epoch500/model_2_2\raw128\std_scaled/attention_map_c2a.png
  연구코드/results/0605/stage1_1e-05_epoch500/model_2_2\raw128\std_scaled/attention_heatmap_c2a.png
  연구코드/results/0605/stage1_1e-05_epoch500/model_2_2\raw128\std_scaled/attention_map_a2c.png
  연구코드/results/0605/stage1_1e-05_epoch500/model_2_2\raw128\std_scaled/attention_heatmap_a2c.png
  [M2_2/std_scaled] Plotting Grad-CAM ...
  연구코드/results/0605/stage1_1e-05_epoch500/model_2_2\raw128\std_scaled/cam_aec_mean.png
  연구코드/results/0605/stage1_1e-05_epoch500/model_2_2\raw128\std_scaled/cam_aec_lines.png
  연구코드/results/0605/stage1_1e-05_epoch500/model_2_2\raw128\std_scaled/cam_aec_heatmap.png
  [M2_2/std_scaled] Done.

############################################################
  [M2_2 norm]  (scale_clinic=True, scale_aec=none)
############################################################
  [M2_2/norm] Cross-validating CrossAttn ...
=======================================================
5-Fold CV  [CrossAttn | scale_clin=True, scale_aec=none]
=======================================================

── Fold 1/5 ──────────────────────────────
  CA   — AUC: 0.7979  AUPRC: 0.3108  Brier: 0.2701  Acc: 0.7760  F1: 0.4225  (best ep=66, thresh=0.634)

── Fold 2/5 ──────────────────────────────
  CA   — AUC: 0.8546  AUPRC: 0.5332  Brier: 0.2273  Acc: 0.7432  F1: 0.4198  (best ep=58, thresh=0.553)

── Fold 3/5 ──────────────────────────────
  CA   — AUC: 0.7551  AUPRC: 0.2909  Brier: 0.2758  Acc: 0.5519  F1: 0.2931  (best ep=64, thresh=0.493)

── Fold 4/5 ──────────────────────────────
  CA   — AUC: 0.7866  AUPRC: 0.3440  Brier: 0.2383  Acc: 0.7432  F1: 0.4051  (best ep=64, thresh=0.563)

── Fold 5/5 ──────────────────────────────
  CA   — AUC: 0.8056  AUPRC: 0.4099  Brier: 0.2419  Acc: 0.7747  F1: 0.4225  (best ep=62, thresh=0.623)

===========================================================================
CrossAttn  —  5-Fold CV Summary
===========================================================================
  Fold      AUC-ROC      AUPRC      Brier   Accuracy         F1
  ----------------------------------------------------------
  1          0.7979     0.3108     0.2701     0.7760     0.4225
  2          0.8546     0.5332     0.2273     0.7432     0.4198
  3          0.7551     0.2909     0.2758     0.5519     0.2931
  4          0.7866     0.3440     0.2383     0.7432     0.4051
  5          0.8056     0.4099     0.2419     0.7747     0.4225
  ──────────────────────────────────────────────────────────
  Mean       0.8000     0.3778     0.2507     0.7178     0.3926
  ±Std       0.0323     0.0876     0.0189     0.0842     0.0502
  [M2_2/norm] Evaluating on test set (med_epoch=64, thresh=0.563) ...

=======================================================
CrossAttn Test Evaluation  (scale_clin=True, scale_aec=none, threshold=0.563)
=======================================================
CrossAttn — training final model for 64 epochs on full CV set …
  [CrossAttn] Model weights saved → 연구코드/results/0605/stage1_1e-05_epoch500/model_2_2\raw128\norm\M2_2_norm_weights.pt

CrossAttn — Test Set (Overall):
  AUC: 0.8411  AUPRC: 0.3541  Brier: 0.2612  Acc: 0.6376  F1: 0.3566

CrossAttn — Test Set (By Sex):
  [M] n=82  AUC: 0.7648  AUPRC: 0.3436  Brier: 0.2976  Acc: 0.5976  F1: 0.4211
              precision    recall  f1-score   support

      Normal       0.97      0.54      0.69        69
  Sarcopenia       0.27      0.92      0.42        13

    accuracy                           0.60        82
   macro avg       0.62      0.73      0.56        82
weighted avg       0.86      0.60      0.65        82

  [F] n=147  AUC: 0.8864  AUPRC: 0.5050  Brier: 0.2409  Acc: 0.6599  F1: 0.3056
              precision    recall  f1-score   support

      Normal       1.00      0.63      0.77       136
  Sarcopenia       0.18      1.00      0.31        11

    accuracy                           0.66       147
   macro avg       0.59      0.82      0.54       147
weighted avg       0.94      0.66      0.74       147


───────────────────────────────────────────────────────
Test Set — Bootstrap CI
───────────────────────────────────────────────────────

  Bootstrap 95% CI — CrossAttn  (n_boot=2000)
  Metric         Estimate   95% CI Lower   95% CI Upper
  ----------------------------------------------------
  AUC-ROC          0.8411         0.7654         0.9030
  AUPRC            0.3541         0.2206         0.5662
  Brier            0.2612         0.2362         0.2854
  Accuracy         0.6376         0.5721         0.7031
  F1               0.3566         0.2435         0.4655
  [M2_2/norm] Saving figures ...

Saved (model 2_2 (norm, unmatched)):
  연구코드/results/0605/stage1_1e-05_epoch500/model_2_2\raw128\norm/data_distribution.png
  연구코드/results/0605/stage1_1e-05_epoch500/model_2_2\raw128\norm/cv_roc_curves.png
  연구코드/results/0605/stage1_1e-05_epoch500/model_2_2\raw128\norm/cv_metric_distribution.png
  연구코드/results/0605/stage1_1e-05_epoch500/model_2_2\raw128\norm/training_curves.png
  연구코드/results/0605/stage1_1e-05_epoch500/model_2_2\raw128\norm/test_roc_curves.png
  연구코드/results/0605/stage1_1e-05_epoch500/model_2_2\raw128\norm/test_roc_by_sex.png
  연구코드/results/0605/stage1_1e-05_epoch500/model_2_2\raw128\norm/confusion_matrices.png
  연구코드/results/0605/stage1_1e-05_epoch500/model_2_2\raw128\norm/calibration.png
  연구코드/results/0605/stage1_1e-05_epoch500/model_2_2\raw128\norm/results.md
  [M2_2/norm] Plotting attention maps ...
  연구코드/results/0605/stage1_1e-05_epoch500/model_2_2\raw128\norm/attention_map_c2a.png
  연구코드/results/0605/stage1_1e-05_epoch500/model_2_2\raw128\norm/attention_heatmap_c2a.png
  연구코드/results/0605/stage1_1e-05_epoch500/model_2_2\raw128\norm/attention_map_a2c.png
  연구코드/results/0605/stage1_1e-05_epoch500/model_2_2\raw128\norm/attention_heatmap_a2c.png
  [M2_2/norm] Plotting Grad-CAM ...
  연구코드/results/0605/stage1_1e-05_epoch500/model_2_2\raw128\norm/cam_aec_mean.png
  연구코드/results/0605/stage1_1e-05_epoch500/model_2_2\raw128\norm/cam_aec_lines.png
  연구코드/results/0605/stage1_1e-05_epoch500/model_2_2\raw128\norm/cam_aec_heatmap.png
  [M2_2/norm] Done.

############################################################
  [M2_2 global_zscore]  (scale_clinic=True, scale_aec=global)
############################################################
  [M2_2/global_zscore] Cross-validating CrossAttn ...
=======================================================
5-Fold CV  [CrossAttn | scale_clin=True, scale_aec=global]
=======================================================

── Fold 1/5 ──────────────────────────────
  CA   — AUC: 0.7957  AUPRC: 0.2954  Brier: 0.2632  Acc: 0.5410  F1: 0.3226  (best ep=102, thresh=0.479)

── Fold 2/5 ──────────────────────────────
  CA   — AUC: 0.7930  AUPRC: 0.3962  Brier: 0.2306  Acc: 0.7486  F1: 0.3784  (best ep=106, thresh=0.579)

── Fold 3/5 ──────────────────────────────
  CA   — AUC: 0.7766  AUPRC: 0.2983  Brier: 0.2886  Acc: 0.6557  F1: 0.3368  (best ep=53, thresh=0.598)

── Fold 4/5 ──────────────────────────────
  CA   — AUC: 0.7439  AUPRC: 0.3026  Brier: 0.2401  Acc: 0.6885  F1: 0.3596  (best ep=82, thresh=0.519)

── Fold 5/5 ──────────────────────────────
  CA   — AUC: 0.7685  AUPRC: 0.3566  Brier: 0.2439  Acc: 0.6868  F1: 0.3596  (best ep=436, thresh=0.513)

===========================================================================
CrossAttn  —  5-Fold CV Summary
===========================================================================
  Fold      AUC-ROC      AUPRC      Brier   Accuracy         F1
  ----------------------------------------------------------
  1          0.7957     0.2954     0.2632     0.5410     0.3226
  2          0.7930     0.3962     0.2306     0.7486     0.3784
  3          0.7766     0.2983     0.2886     0.6557     0.3368
  4          0.7439     0.3026     0.2401     0.6885     0.3596
  5          0.7685     0.3566     0.2439     0.6868     0.3596
  ──────────────────────────────────────────────────────────
  Mean       0.7755     0.3298     0.2532     0.6641     0.3514
  ±Std       0.0188     0.0401     0.0206     0.0685     0.0195
  [M2_2/global_zscore] Evaluating on test set (med_epoch=102, thresh=0.519) ...

=======================================================
CrossAttn Test Evaluation  (scale_clin=True, scale_aec=global, threshold=0.519)
=======================================================
CrossAttn — training final model for 102 epochs on full CV set …
  [CrossAttn] Model weights saved → 연구코드/results/0605/stage1_1e-05_epoch500/model_2_2\raw128\global_zscore\M2_2_global_zscore_weights.pt

CrossAttn — Test Set (Overall):
  AUC: 0.7996  AUPRC: 0.3247  Brier: 0.2642  Acc: 0.5852  F1: 0.3165

CrossAttn — Test Set (By Sex):
  [M] n=82  AUC: 0.7347  AUPRC: 0.3647  Brier: 0.2925  Acc: 0.5610  F1: 0.4000
              precision    recall  f1-score   support

      Normal       0.97      0.49      0.65        69
  Sarcopenia       0.26      0.92      0.40        13

    accuracy                           0.56        82
   macro avg       0.61      0.71      0.53        82
weighted avg       0.86      0.56      0.61        82

  [F] n=147  AUC: 0.8356  AUPRC: 0.3718  Brier: 0.2484  Acc: 0.5986  F1: 0.2532
              precision    recall  f1-score   support

      Normal       0.99      0.57      0.73       136
  Sarcopenia       0.15      0.91      0.25        11

    accuracy                           0.60       147
   macro avg       0.57      0.74      0.49       147
weighted avg       0.92      0.60      0.69       147


───────────────────────────────────────────────────────
Test Set — Bootstrap CI
───────────────────────────────────────────────────────

  Bootstrap 95% CI — CrossAttn  (n_boot=2000)
  Metric         Estimate   95% CI Lower   95% CI Upper
  ----------------------------------------------------
  AUC-ROC          0.7996         0.7104         0.8744
  AUPRC            0.3247         0.1860         0.5089
  Brier            0.2642         0.2375         0.2898
  Accuracy         0.5852         0.5197         0.6507
  F1               0.3165         0.2148         0.4173
  [M2_2/global_zscore] Saving figures ...

Saved (model 2_2 (global_zscore, unmatched)):
  연구코드/results/0605/stage1_1e-05_epoch500/model_2_2\raw128\global_zscore/data_distribution.png
  연구코드/results/0605/stage1_1e-05_epoch500/model_2_2\raw128\global_zscore/cv_roc_curves.png
  연구코드/results/0605/stage1_1e-05_epoch500/model_2_2\raw128\global_zscore/cv_metric_distribution.png
  연구코드/results/0605/stage1_1e-05_epoch500/model_2_2\raw128\global_zscore/training_curves.png
  연구코드/results/0605/stage1_1e-05_epoch500/model_2_2\raw128\global_zscore/test_roc_curves.png
  연구코드/results/0605/stage1_1e-05_epoch500/model_2_2\raw128\global_zscore/test_roc_by_sex.png
  연구코드/results/0605/stage1_1e-05_epoch500/model_2_2\raw128\global_zscore/confusion_matrices.png
  연구코드/results/0605/stage1_1e-05_epoch500/model_2_2\raw128\global_zscore/calibration.png
  연구코드/results/0605/stage1_1e-05_epoch500/model_2_2\raw128\global_zscore/results.md
  [M2_2/global_zscore] Plotting attention maps ...
  연구코드/results/0605/stage1_1e-05_epoch500/model_2_2\raw128\global_zscore/attention_map_c2a.png
  연구코드/results/0605/stage1_1e-05_epoch500/model_2_2\raw128\global_zscore/attention_heatmap_c2a.png
  연구코드/results/0605/stage1_1e-05_epoch500/model_2_2\raw128\global_zscore/attention_map_a2c.png
  연구코드/results/0605/stage1_1e-05_epoch500/model_2_2\raw128\global_zscore/attention_heatmap_a2c.png
  [M2_2/global_zscore] Plotting Grad-CAM ...
  연구코드/results/0605/stage1_1e-05_epoch500/model_2_2\raw128\global_zscore/cam_aec_mean.png
  연구코드/results/0605/stage1_1e-05_epoch500/model_2_2\raw128\global_zscore/cam_aec_lines.png
  연구코드/results/0605/stage1_1e-05_epoch500/model_2_2\raw128\global_zscore/cam_aec_heatmap.png
  [M2_2/global_zscore] Done.
