============================================================
  MODEL 2_2 — Clinic + AEC (Unmatched)  (4 cases)
============================================================

############################################################
  [M2_2] CASE : no_scale  (scale_clinic=False, scale_aec=False)
############################################################
=======================================================
5-Fold CV  [CrossAttn | scale_clin=False, scale_aec=False]
=======================================================

── Fold 1/5 ──────────────────────────────
  LR   — AUC: 0.6144  AUPRC: 0.1641  Brier: 0.2094  Acc: 0.7182  F1: 0.2250
  CA   — AUC: 0.8335  AUPRC: 0.4235  Brier: 0.1913  Acc: 0.7000  F1: 0.3654  (best ep=130)

── Fold 2/5 ──────────────────────────────
  LR   — AUC: 0.6386  AUPRC: 0.1758  Brier: 0.2066  Acc: 0.7091  F1: 0.2195
  CA   — AUC: 0.8386  AUPRC: 0.3855  Brier: 0.1378  Acc: 0.8318  F1: 0.4308  (best ep=159)

── Fold 3/5 ──────────────────────────────
  LR   — AUC: 0.5829  AUPRC: 0.1611  Brier: 0.2081  Acc: 0.6986  F1: 0.2143
  CA   — AUC: 0.7374  AUPRC: 0.2623  Brier: 0.2002  Acc: 0.6941  F1: 0.3366  (best ep=157)

── Fold 4/5 ──────────────────────────────
  LR   — AUC: 0.7147  AUPRC: 0.2185  Brier: 0.1734  Acc: 0.7808  F1: 0.3143
  CA   — AUC: 0.7682  AUPRC: 0.2711  Brier: 0.1571  Acc: 0.7945  F1: 0.4000  (best ep=86)

── Fold 5/5 ──────────────────────────────
  LR   — AUC: 0.7160  AUPRC: 0.2467  Brier: 0.2096  Acc: 0.7078  F1: 0.3043
  CA   — AUC: 0.8173  AUPRC: 0.5119  Brier: 0.2656  Acc: 0.5160  F1: 0.2933  (best ep=4)

===========================================================================
LR  —  5-Fold CV Summary
===========================================================================
  Fold      AUC-ROC      AUPRC      Brier   Accuracy         F1
  ----------------------------------------------------------
  1          0.6144     0.1641     0.2094     0.7182     0.2250
  2          0.6386     0.1758     0.2066     0.7091     0.2195
  3          0.5829     0.1611     0.2081     0.6986     0.2143
  4          0.7147     0.2185     0.1734     0.7808     0.3143
  5          0.7160     0.2467     0.2096     0.7078     0.3043
  ──────────────────────────────────────────────────────────
  Mean       0.6533     0.1932     0.2014     0.7229     0.2555
  ±Std       0.0537     0.0337     0.0141     0.0296     0.0442

===========================================================================
CrossAttn  —  5-Fold CV Summary
===========================================================================
  Fold      AUC-ROC      AUPRC      Brier   Accuracy         F1
  ----------------------------------------------------------
  1          0.8335     0.4235     0.1913     0.7000     0.3654
  2          0.8386     0.3855     0.1378     0.8318     0.4308
  3          0.7374     0.2623     0.2002     0.6941     0.3366
  4          0.7682     0.2711     0.1571     0.7945     0.4000
  5          0.8173     0.5119     0.2656     0.5160     0.2933
  ──────────────────────────────────────────────────────────
  Mean       0.7990     0.3708     0.1904     0.7073     0.3652
  ±Std       0.0396     0.0945     0.0439     0.1095     0.0479

=================================================================
  Statistical Comparison: [LR]  vs  [CrossAttn]
  Paired t-test + Wilcoxon signed-rank  (n=5 folds)
  Δ Mean = CrossAttn − LR  (양수 → CrossAttn가 우세)
=================================================================
  Metric          Mean1    Mean2    Δ Mean   t-stat      t p-val      W p-val     
  -----------------------------------------------------------------------
  AUC-ROC        0.6533   0.7990   +0.1457   -4.737     9.06e-03     6.25e-02   **
  AUPRC          0.1932   0.3708   +0.1776   -4.136     1.44e-02     6.25e-02    *
  Brier          0.2014   0.1904   -0.0110    0.553     6.09e-01     4.38e-01     
  Accuracy       0.7229   0.7073   -0.0156    0.309     7.73e-01     8.12e-01     
  F1             0.2555   0.3652   +0.1097   -3.011     3.95e-02     1.25e-01    *
  ───────────────────────────────────────────────────────────────────────
  *** p<0.001  ** p<0.01  * p<0.05  † p<0.10
  주의: n=5 folds — 검정력이 낮으므로 방향성(Δ) 참고 병행 권장

=======================================================
CrossAttn Test Evaluation  (scale_clin=False, scale_aec=False)
=======================================================

Logistic Regression — Test Set (Overall):
  AUC: 0.6189  AUPRC: 0.1600  Brier: 0.2125  Acc: 0.7127  F1: 0.2617

Logistic Regression — Test Set (By Sex):
  [M] n=112  AUC: 0.5895  AUPRC: 0.2297  Brier: 0.2262  Acc: 0.6875  F1: 0.2857
              precision    recall  f1-score   support

      Normal       0.88      0.74      0.80        95
  Sarcopenia       0.22      0.41      0.29        17

    accuracy                           0.69       112
   macro avg       0.55      0.57      0.54       112
weighted avg       0.78      0.69      0.72       112

  [F] n=163  AUC: 0.6441  AUPRC: 0.1325  Brier: 0.2031  Acc: 0.7301  F1: 0.2414
              precision    recall  f1-score   support

      Normal       0.95      0.75      0.84       150
  Sarcopenia       0.16      0.54      0.24        13

    accuracy                           0.73       163
   macro avg       0.55      0.64      0.54       163
weighted avg       0.89      0.73      0.79       163

CrossAttn — training final model for 130 epochs on full CV set …

CrossAttn — Test Set (Overall):
  AUC: 0.7140  AUPRC: 0.3629  Brier: 0.1843  Acc: 0.7636  F1: 0.3564

CrossAttn — Test Set (By Sex):
  [M] n=112  AUC: 0.7059  AUPRC: 0.3746  Brier: 0.2677  Acc: 0.5982  F1: 0.3284
              precision    recall  f1-score   support

      Normal       0.90      0.59      0.71        95
  Sarcopenia       0.22      0.65      0.33        17

    accuracy                           0.60       112
   macro avg       0.56      0.62      0.52       112
weighted avg       0.80      0.60      0.65       112

  [F] n=163  AUC: 0.6882  AUPRC: 0.3553  Brier: 0.1269  Acc: 0.8773  F1: 0.4118
              precision    recall  f1-score   support

      Normal       0.96      0.91      0.93       150
  Sarcopenia       0.33      0.54      0.41        13

    accuracy                           0.88       163
   macro avg       0.65      0.72      0.67       163
weighted avg       0.91      0.88      0.89       163


Saved (model 2_2 (unmatched)):
  연구코드/results/0515/model_2_2\no_scale/data_distribution.png
  연구코드/results/0515/model_2_2\no_scale/cv_roc_curves.png
  연구코드/results/0515/model_2_2\no_scale/cv_metric_distribution.png
  연구코드/results/0515/model_2_2\no_scale/training_curves.png
  연구코드/results/0515/model_2_2\no_scale/test_roc_curves.png
  연구코드/results/0515/model_2_2\no_scale/test_roc_by_sex.png
  연구코드/results/0515/model_2_2\no_scale/confusion_matrices.png
  연구코드/results/0515/model_2_2\no_scale/calibration.png
  연구코드/results/0515/model_2_2\no_scale/results.md

############################################################
  [M2_2] CASE : scale_clinic  (scale_clinic=True, scale_aec=False)
############################################################
=======================================================
5-Fold CV  [CrossAttn | scale_clin=True, scale_aec=False]
=======================================================

── Fold 1/5 ──────────────────────────────
  LR   — AUC: 0.5793  AUPRC: 0.1541  Brier: 0.2214  Acc: 0.6909  F1: 0.2093
  CA   — AUC: 0.8512  AUPRC: 0.4125  Brier: 0.1646  Acc: 0.7818  F1: 0.4146  (best ep=1)

── Fold 2/5 ──────────────────────────────
  LR   — AUC: 0.5770  AUPRC: 0.1501  Brier: 0.2280  Acc: 0.6864  F1: 0.1882
  CA   — AUC: 0.8263  AUPRC: 0.4156  Brier: 0.1504  Acc: 0.7682  F1: 0.3704  (best ep=9)

── Fold 3/5 ──────────────────────────────
  LR   — AUC: 0.5496  AUPRC: 0.1314  Brier: 0.2157  Acc: 0.7123  F1: 0.2222
  CA   — AUC: 0.7669  AUPRC: 0.3371  Brier: 0.2514  Acc: 0.6073  F1: 0.3175  (best ep=2)

── Fold 4/5 ──────────────────────────────
  LR   — AUC: 0.6019  AUPRC: 0.1357  Brier: 0.1984  Acc: 0.7078  F1: 0.2000
  CA   — AUC: 0.7714  AUPRC: 0.2671  Brier: 0.2348  Acc: 0.6301  F1: 0.3306  (best ep=2)

── Fold 5/5 ──────────────────────────────
  LR   — AUC: 0.6256  AUPRC: 0.2091  Brier: 0.2214  Acc: 0.7123  F1: 0.2921
  CA   — AUC: 0.8476  AUPRC: 0.4547  Brier: 0.1706  Acc: 0.7443  F1: 0.4167  (best ep=2)

===========================================================================
LR  —  5-Fold CV Summary
===========================================================================
  Fold      AUC-ROC      AUPRC      Brier   Accuracy         F1
  ----------------------------------------------------------
  1          0.5793     0.1541     0.2214     0.6909     0.2093
  2          0.5770     0.1501     0.2280     0.6864     0.1882
  3          0.5496     0.1314     0.2157     0.7123     0.2222
  4          0.6019     0.1357     0.1984     0.7078     0.2000
  5          0.6256     0.2091     0.2214     0.7123     0.2921
  ──────────────────────────────────────────────────────────
  Mean       0.5867     0.1561     0.2170     0.7019     0.2224
  ±Std       0.0256     0.0278     0.0101     0.0111     0.0366

===========================================================================
CrossAttn  —  5-Fold CV Summary
===========================================================================
  Fold      AUC-ROC      AUPRC      Brier   Accuracy         F1
  ----------------------------------------------------------
  1          0.8512     0.4125     0.1646     0.7818     0.4146
  2          0.8263     0.4156     0.1504     0.7682     0.3704
  3          0.7669     0.3371     0.2514     0.6073     0.3175
  4          0.7714     0.2671     0.2348     0.6301     0.3306
  5          0.8476     0.4547     0.1706     0.7443     0.4167
  ──────────────────────────────────────────────────────────
  Mean       0.8127     0.3774     0.1944     0.7063     0.3699
  ±Std       0.0366     0.0670     0.0407     0.0729     0.0412

=================================================================
  Statistical Comparison: [LR]  vs  [CrossAttn]
  Paired t-test + Wilcoxon signed-rank  (n=5 folds)
  Δ Mean = CrossAttn − LR  (양수 → CrossAttn가 우세)
=================================================================
  Metric          Mean1    Mean2    Δ Mean   t-stat      t p-val      W p-val     
  -----------------------------------------------------------------------
  AUC-ROC        0.5867   0.8127   +0.2260  -13.112     1.95e-04     6.25e-02  ***
  AUPRC          0.1561   0.3774   +0.2213   -8.935     8.67e-04     6.25e-02  ***
  Brier          0.2170   0.1944   -0.0226    0.928     4.06e-01     3.12e-01     
  Accuracy       0.7019   0.7063   +0.0044   -0.109     9.19e-01     1.00e+00     
  F1             0.2224   0.3699   +0.1476   -7.337     1.84e-03     6.25e-02   **
  ───────────────────────────────────────────────────────────────────────
  *** p<0.001  ** p<0.01  * p<0.05  † p<0.10
  주의: n=5 folds — 검정력이 낮으므로 방향성(Δ) 참고 병행 권장

=======================================================
CrossAttn Test Evaluation  (scale_clin=True, scale_aec=False)
=======================================================

Logistic Regression — Test Set (Overall):
  AUC: 0.5974  AUPRC: 0.1346  Brier: 0.2237  Acc: 0.6764  F1: 0.2124

Logistic Regression — Test Set (By Sex):
  [M] n=112  AUC: 0.5653  AUPRC: 0.1875  Brier: 0.2629  Acc: 0.6339  F1: 0.2807
              precision    recall  f1-score   support

      Normal       0.88      0.66      0.75        95
  Sarcopenia       0.20      0.47      0.28        17

    accuracy                           0.63       112
   macro avg       0.54      0.57      0.52       112
weighted avg       0.77      0.63      0.68       112

  [F] n=163  AUC: 0.5892  AUPRC: 0.1000  Brier: 0.1967  Acc: 0.7055  F1: 0.1429
              precision    recall  f1-score   support

      Normal       0.93      0.74      0.82       150
  Sarcopenia       0.09      0.31      0.14        13

    accuracy                           0.71       163
   macro avg       0.51      0.52      0.48       163
weighted avg       0.86      0.71      0.77       163

CrossAttn — training final model for 2 epochs on full CV set …

CrossAttn — Test Set (Overall):
  AUC: 0.7420  AUPRC: 0.2902  Brier: 0.2688  Acc: 0.5818  F1: 0.2945

CrossAttn — Test Set (By Sex):
  [M] n=112  AUC: 0.7201  AUPRC: 0.3337  Brier: 0.3509  Acc: 0.4554  F1: 0.3146
              precision    recall  f1-score   support

      Normal       0.93      0.39      0.55        95
  Sarcopenia       0.19      0.82      0.31        17

    accuracy                           0.46       112
   macro avg       0.56      0.61      0.43       112
weighted avg       0.81      0.46      0.51       112

  [F] n=163  AUC: 0.7421  AUPRC: 0.2715  Brier: 0.2123  Acc: 0.6687  F1: 0.2703
              precision    recall  f1-score   support

      Normal       0.97      0.66      0.79       150
  Sarcopenia       0.16      0.77      0.27        13

    accuracy                           0.67       163
   macro avg       0.57      0.71      0.53       163
weighted avg       0.91      0.67      0.74       163


Saved (model 2_2 (unmatched)):
  연구코드/results/0515/model_2_2\scale_clinic/data_distribution.png
  연구코드/results/0515/model_2_2\scale_clinic/cv_roc_curves.png
  연구코드/results/0515/model_2_2\scale_clinic/cv_metric_distribution.png
  연구코드/results/0515/model_2_2\scale_clinic/training_curves.png
  연구코드/results/0515/model_2_2\scale_clinic/test_roc_curves.png
  연구코드/results/0515/model_2_2\scale_clinic/test_roc_by_sex.png
  연구코드/results/0515/model_2_2\scale_clinic/confusion_matrices.png
  연구코드/results/0515/model_2_2\scale_clinic/calibration.png
  연구코드/results/0515/model_2_2\scale_clinic/results.md

############################################################
  [M2_2] CASE : scale_aec  (scale_clinic=False, scale_aec=True)
############################################################
=======================================================
5-Fold CV  [CrossAttn | scale_clin=False, scale_aec=True]
=======================================================

── Fold 1/5 ──────────────────────────────
  LR   — AUC: 0.7966  AUPRC: 0.2953  Brier: 0.1975  Acc: 0.6864  F1: 0.3429
  CA   — AUC: 0.7538  AUPRC: 0.3457  Brier: 0.1908  Acc: 0.7409  F1: 0.3448  (best ep=153)

── Fold 2/5 ──────────────────────────────
  LR   — AUC: 0.8112  AUPRC: 0.3142  Brier: 0.1480  Acc: 0.7955  F1: 0.3662
  CA   — AUC: 0.7844  AUPRC: 0.3426  Brier: 0.2085  Acc: 0.7091  F1: 0.3333  (best ep=5)

── Fold 3/5 ──────────────────────────────
  LR   — AUC: 0.7889  AUPRC: 0.3590  Brier: 0.1944  Acc: 0.7260  F1: 0.3750
  CA   — AUC: 0.7816  AUPRC: 0.2703  Brier: 0.1841  Acc: 0.7169  F1: 0.3542  (best ep=141)

── Fold 4/5 ──────────────────────────────
  LR   — AUC: 0.7100  AUPRC: 0.2108  Brier: 0.1751  Acc: 0.7397  F1: 0.2785
  CA   — AUC: 0.7491  AUPRC: 0.2696  Brier: 0.1452  Acc: 0.8311  F1: 0.3509  (best ep=53)

── Fold 5/5 ──────────────────────────────
  LR   — AUC: 0.8175  AUPRC: 0.4430  Brier: 0.1703  Acc: 0.7489  F1: 0.4086
  CA   — AUC: 0.8534  AUPRC: 0.5885  Brier: 0.1562  Acc: 0.7626  F1: 0.4222  (best ep=111)

===========================================================================
LR  —  5-Fold CV Summary
===========================================================================
  Fold      AUC-ROC      AUPRC      Brier   Accuracy         F1
  ----------------------------------------------------------
  1          0.7966     0.2953     0.1975     0.6864     0.3429
  2          0.8112     0.3142     0.1480     0.7955     0.3662
  3          0.7889     0.3590     0.1944     0.7260     0.3750
  4          0.7100     0.2108     0.1751     0.7397     0.2785
  5          0.8175     0.4430     0.1703     0.7489     0.4086
  ──────────────────────────────────────────────────────────
  Mean       0.7848     0.3245     0.1771     0.7393     0.3542
  ±Std       0.0388     0.0763     0.0180     0.0353     0.0434

===========================================================================
CrossAttn  —  5-Fold CV Summary
===========================================================================
  Fold      AUC-ROC      AUPRC      Brier   Accuracy         F1
  ----------------------------------------------------------
  1          0.7538     0.3457     0.1908     0.7409     0.3448
  2          0.7844     0.3426     0.2085     0.7091     0.3333
  3          0.7816     0.2703     0.1841     0.7169     0.3542
  4          0.7491     0.2696     0.1452     0.8311     0.3509
  5          0.8534     0.5885     0.1562     0.7626     0.4222
  ──────────────────────────────────────────────────────────
  Mean       0.7845     0.3634     0.1769     0.7521     0.3611
  ±Std       0.0373     0.1174     0.0231     0.0437     0.0314

=================================================================
  Statistical Comparison: [LR]  vs  [CrossAttn]
  Paired t-test + Wilcoxon signed-rank  (n=5 folds)
  Δ Mean = CrossAttn − LR  (양수 → CrossAttn가 우세)
=================================================================
  Metric          Mean1    Mean2    Δ Mean   t-stat      t p-val      W p-val     
  -----------------------------------------------------------------------
  AUC-ROC        0.7848   0.7845   -0.0004    0.022     9.84e-01     1.00e+00     
  AUPRC          0.3245   0.3634   +0.0389   -1.034     3.59e-01     4.38e-01     
  Brier          0.1771   0.1769   -0.0001    0.008     9.94e-01     6.25e-01     
  Accuracy       0.7393   0.7521   +0.0128   -0.425     6.93e-01     6.25e-01     
  F1             0.3542   0.3611   +0.0069   -0.374     7.27e-01     1.00e+00     
  ───────────────────────────────────────────────────────────────────────
  *** p<0.001  ** p<0.01  * p<0.05  † p<0.10
  주의: n=5 folds — 검정력이 낮으므로 방향성(Δ) 참고 병행 권장

=======================================================
CrossAttn Test Evaluation  (scale_clin=False, scale_aec=True)
=======================================================

Logistic Regression — Test Set (Overall):
  AUC: 0.7261  AUPRC: 0.2982  Brier: 0.1919  Acc: 0.7236  F1: 0.3559

Logistic Regression — Test Set (By Sex):
  [M] n=112  AUC: 0.6941  AUPRC: 0.4248  Brier: 0.2628  Acc: 0.6071  F1: 0.3714
              precision    recall  f1-score   support

      Normal       0.93      0.58      0.71        95
  Sarcopenia       0.25      0.76      0.37        17

    accuracy                           0.61       112
   macro avg       0.59      0.67      0.54       112
weighted avg       0.83      0.61      0.66       112

  [F] n=163  AUC: 0.7292  AUPRC: 0.2275  Brier: 0.1432  Acc: 0.8037  F1: 0.3333
              precision    recall  f1-score   support

      Normal       0.96      0.82      0.88       150
  Sarcopenia       0.23      0.62      0.33        13

    accuracy                           0.80       163
   macro avg       0.59      0.72      0.61       163
weighted avg       0.90      0.80      0.84       163

CrossAttn — training final model for 111 epochs on full CV set …

CrossAttn — Test Set (Overall):
  AUC: 0.6977  AUPRC: 0.3071  Brier: 0.1793  Acc: 0.7600  F1: 0.3265

CrossAttn — Test Set (By Sex):
  [M] n=112  AUC: 0.6830  AUPRC: 0.3370  Brier: 0.2507  Acc: 0.6339  F1: 0.3279
              precision    recall  f1-score   support

      Normal       0.90      0.64      0.75        95
  Sarcopenia       0.23      0.59      0.33        17

    accuracy                           0.63       112
   macro avg       0.56      0.62      0.54       112
weighted avg       0.80      0.63      0.68       112

  [F] n=163  AUC: 0.6441  AUPRC: 0.3008  Brier: 0.1302  Acc: 0.8466  F1: 0.3243
              precision    recall  f1-score   support

      Normal       0.95      0.88      0.91       150
  Sarcopenia       0.25      0.46      0.32        13

    accuracy                           0.85       163
   macro avg       0.60      0.67      0.62       163
weighted avg       0.89      0.85      0.87       163


Saved (model 2_2 (unmatched)):
  연구코드/results/0515/model_2_2\scale_aec/data_distribution.png
  연구코드/results/0515/model_2_2\scale_aec/cv_roc_curves.png
  연구코드/results/0515/model_2_2\scale_aec/cv_metric_distribution.png
  연구코드/results/0515/model_2_2\scale_aec/training_curves.png
  연구코드/results/0515/model_2_2\scale_aec/test_roc_curves.png
  연구코드/results/0515/model_2_2\scale_aec/test_roc_by_sex.png
  연구코드/results/0515/model_2_2\scale_aec/confusion_matrices.png
  연구코드/results/0515/model_2_2\scale_aec/calibration.png
  연구코드/results/0515/model_2_2\scale_aec/results.md

############################################################
  [M2_2] CASE : scale_both  (scale_clinic=True, scale_aec=True)
############################################################
=======================================================
5-Fold CV  [CrossAttn | scale_clin=True, scale_aec=True]
=======================================================

── Fold 1/5 ──────────────────────────────
  LR   — AUC: 0.7966  AUPRC: 0.2953  Brier: 0.1975  Acc: 0.6864  F1: 0.3429
  CA   — AUC: 0.8389  AUPRC: 0.4155  Brier: 0.1565  Acc: 0.7682  F1: 0.4138  (best ep=46)

── Fold 2/5 ──────────────────────────────
  LR   — AUC: 0.8123  AUPRC: 0.3160  Brier: 0.1477  Acc: 0.7909  F1: 0.3611
  CA   — AUC: 0.8131  AUPRC: 0.3799  Brier: 0.2015  Acc: 0.6864  F1: 0.3429  (best ep=9)

── Fold 3/5 ──────────────────────────────
  LR   — AUC: 0.7885  AUPRC: 0.3577  Brier: 0.1945  Acc: 0.7215  F1: 0.3711
  CA   — AUC: 0.7906  AUPRC: 0.2694  Brier: 0.2277  Acc: 0.6849  F1: 0.3551  (best ep=109)

── Fold 4/5 ──────────────────────────────
  LR   — AUC: 0.7060  AUPRC: 0.2081  Brier: 0.1756  Acc: 0.7397  F1: 0.2785
  CA   — AUC: 0.7600  AUPRC: 0.2566  Brier: 0.1667  Acc: 0.7626  F1: 0.3333  (best ep=1)

── Fold 5/5 ──────────────────────────────
  LR   — AUC: 0.8188  AUPRC: 0.4361  Brier: 0.1699  Acc: 0.7534  F1: 0.4130
  CA   — AUC: 0.8549  AUPRC: 0.5391  Brier: 0.1679  Acc: 0.7306  F1: 0.3918  (best ep=4)

===========================================================================
LR  —  5-Fold CV Summary
===========================================================================
  Fold      AUC-ROC      AUPRC      Brier   Accuracy         F1
  ----------------------------------------------------------
  1          0.7966     0.2953     0.1975     0.6864     0.3429
  2          0.8123     0.3160     0.1477     0.7909     0.3611
  3          0.7885     0.3577     0.1945     0.7215     0.3711
  4          0.7060     0.2081     0.1756     0.7397     0.2785
  5          0.8188     0.4361     0.1699     0.7534     0.4130
  ──────────────────────────────────────────────────────────
  Mean       0.7844     0.3227     0.1770     0.7384     0.3533
  ±Std       0.0407     0.0748     0.0181     0.0346     0.0439

===========================================================================
CrossAttn  —  5-Fold CV Summary
===========================================================================
  Fold      AUC-ROC      AUPRC      Brier   Accuracy         F1
  ----------------------------------------------------------
  1          0.8389     0.4155     0.1565     0.7682     0.4138
  2          0.8131     0.3799     0.2015     0.6864     0.3429
  3          0.7906     0.2694     0.2277     0.6849     0.3551
  4          0.7600     0.2566     0.1667     0.7626     0.3333
  5          0.8549     0.5391     0.1679     0.7306     0.3918
  ──────────────────────────────────────────────────────────
  Mean       0.8115     0.3721     0.1841     0.7265     0.3674
  ±Std       0.0338     0.1037     0.0266     0.0358     0.0305

=================================================================
  Statistical Comparison: [LR]  vs  [CrossAttn]
  Paired t-test + Wilcoxon signed-rank  (n=5 folds)
  Δ Mean = CrossAttn − LR  (양수 → CrossAttn가 우세)
=================================================================
  Metric          Mean1    Mean2    Δ Mean   t-stat      t p-val      W p-val     
  -----------------------------------------------------------------------
  AUC-ROC        0.7844   0.8115   +0.0271   -2.499     6.69e-02     6.25e-02    †
  AUPRC          0.3227   0.3721   +0.0494   -1.343     2.50e-01     3.12e-01     
  Brier          0.1770   0.1841   +0.0070   -0.424     6.93e-01     1.00e+00     
  Accuracy       0.7384   0.7265   -0.0119    0.382     7.22e-01     6.88e-01     
  F1             0.3533   0.3674   +0.0140   -0.698     5.23e-01     8.12e-01     
  ───────────────────────────────────────────────────────────────────────
  *** p<0.001  ** p<0.01  * p<0.05  † p<0.10
  주의: n=5 folds — 검정력이 낮으므로 방향성(Δ) 참고 병행 권장

=======================================================
CrossAttn Test Evaluation  (scale_clin=True, scale_aec=True)
=======================================================

Logistic Regression — Test Set (Overall):
  AUC: 0.7259  AUPRC: 0.2974  Brier: 0.1920  Acc: 0.7236  F1: 0.3559

Logistic Regression — Test Set (By Sex):
  [M] n=112  AUC: 0.6947  AUPRC: 0.4251  Brier: 0.2649  Acc: 0.5982  F1: 0.3662
              precision    recall  f1-score   support

      Normal       0.93      0.57      0.71        95
  Sarcopenia       0.24      0.76      0.37        17

    accuracy                           0.60       112
   macro avg       0.59      0.67      0.54       112
weighted avg       0.83      0.60      0.65       112

  [F] n=163  AUC: 0.7308  AUPRC: 0.2274  Brier: 0.1420  Acc: 0.8098  F1: 0.3404
              precision    recall  f1-score   support

      Normal       0.96      0.83      0.89       150
  Sarcopenia       0.24      0.62      0.34        13

    accuracy                           0.81       163
   macro avg       0.60      0.72      0.61       163
weighted avg       0.90      0.81      0.85       163

CrossAttn — training final model for 9 epochs on full CV set …

CrossAttn — Test Set (Overall):
  AUC: 0.7735  AUPRC: 0.3565  Brier: 0.1989  Acc: 0.6909  F1: 0.3411

CrossAttn — Test Set (By Sex):
  [M] n=112  AUC: 0.7579  AUPRC: 0.4332  Brier: 0.2637  Acc: 0.5982  F1: 0.3836
              precision    recall  f1-score   support

      Normal       0.95      0.56      0.70        95
  Sarcopenia       0.25      0.82      0.38        17

    accuracy                           0.60       112
   macro avg       0.60      0.69      0.54       112
weighted avg       0.84      0.60      0.65       112

  [F] n=163  AUC: 0.7774  AUPRC: 0.2936  Brier: 0.1543  Acc: 0.7546  F1: 0.2857
              precision    recall  f1-score   support

      Normal       0.96      0.77      0.85       150
  Sarcopenia       0.19      0.62      0.29        13

    accuracy                           0.75       163
   macro avg       0.57      0.69      0.57       163
weighted avg       0.90      0.75      0.81       163


Saved (model 2_2 (unmatched)):
  연구코드/results/0515/model_2_2\scale_both/data_distribution.png
  연구코드/results/0515/model_2_2\scale_both/cv_roc_curves.png
  연구코드/results/0515/model_2_2\scale_both/cv_metric_distribution.png
  연구코드/results/0515/model_2_2\scale_both/training_curves.png
  연구코드/results/0515/model_2_2\scale_both/test_roc_curves.png
  연구코드/results/0515/model_2_2\scale_both/test_roc_by_sex.png
  연구코드/results/0515/model_2_2\scale_both/confusion_matrices.png
  연구코드/results/0515/model_2_2\scale_both/calibration.png
  연구코드/results/0515/model_2_2\scale_both/results.md
