============================================================
  MODEL 2 — Clinic + AEC (aec128)  (4 AEC variants)
============================================================

############################################################
  [M2 raw]  (scale_clinic=True, scale_aec=none)
############################################################
  [M2/raw] Cross-validating CrossAttn ...
=======================================================
5-Fold CV  [CrossAttn | scale_clin=True, scale_aec=none]
=======================================================

── Fold 1/5 ──────────────────────────────
  CA   — AUC: 0.8132  AUPRC: 0.3537  Brier: 0.2642  Acc: 0.7869  F1: 0.4348  (best ep=453, thresh=0.655)

── Fold 2/5 ──────────────────────────────
  CA   — AUC: 0.8527  AUPRC: 0.5185  Brier: 0.2238  Acc: 0.7596  F1: 0.4211  (best ep=283, thresh=0.575)

── Fold 3/5 ──────────────────────────────
  CA   — AUC: 0.7754  AUPRC: 0.3028  Brier: 0.2761  Acc: 0.6175  F1: 0.3269  (best ep=399, thresh=0.522)

── Fold 4/5 ──────────────────────────────
  CA   — AUC: 0.7875  AUPRC: 0.3445  Brier: 0.2286  Acc: 0.7322  F1: 0.3797  (best ep=271, thresh=0.535)

── Fold 5/5 ──────────────────────────────
  CA   — AUC: 0.8076  AUPRC: 0.4058  Brier: 0.2367  Acc: 0.6868  F1: 0.3596  (best ep=430, thresh=0.541)

===========================================================================
CrossAttn  —  5-Fold CV Summary
===========================================================================
  Fold      AUC-ROC      AUPRC      Brier   Accuracy         F1
  ----------------------------------------------------------
  1          0.8132     0.3537     0.2642     0.7869     0.4348
  2          0.8527     0.5185     0.2238     0.7596     0.4211
  3          0.7754     0.3028     0.2761     0.6175     0.3269
  4          0.7875     0.3445     0.2286     0.7322     0.3797
  5          0.8076     0.4058     0.2367     0.6868     0.3596
  ──────────────────────────────────────────────────────────
  Mean       0.8073     0.3851     0.2459     0.7166     0.3844
  ±Std       0.0265     0.0743     0.0206     0.0596     0.0396
  [M2/raw] Evaluating on test set (med_epoch=399, thresh=0.541) ...

=======================================================
CrossAttn Test Evaluation  (scale_clin=True, scale_aec=none, threshold=0.541)
=======================================================
CrossAttn — training final model for 399 epochs on full CV set …
  [CrossAttn] Model weights saved → 연구코드/results/0605/stage5_1e-05_epoch500/model_2\raw128\raw\M2_raw_weights.pt

CrossAttn — Test Set (Overall):
  AUC: 0.7837  AUPRC: 0.2708  Brier: 0.2573  Acc: 0.6550  F1: 0.3471

CrossAttn — Test Set (By Sex):
  [M] n=82  AUC: 0.7090  AUPRC: 0.3152  Brier: 0.3021  Acc: 0.5732  F1: 0.3860
              precision    recall  f1-score   support

      Normal       0.95      0.52      0.67        69
  Sarcopenia       0.25      0.85      0.39        13

    accuracy                           0.57        82
   macro avg       0.60      0.68      0.53        82
weighted avg       0.84      0.57      0.63        82

  [F] n=147  AUC: 0.7948  AUPRC: 0.2475  Brier: 0.2323  Acc: 0.7007  F1: 0.3125
              precision    recall  f1-score   support

      Normal       0.99      0.68      0.81       136
  Sarcopenia       0.19      0.91      0.31        11

    accuracy                           0.70       147
   macro avg       0.59      0.80      0.56       147
weighted avg       0.93      0.70      0.77       147


───────────────────────────────────────────────────────
Test Set — Bootstrap CI
───────────────────────────────────────────────────────

  Bootstrap 95% CI — CrossAttn  (n_boot=2000)
  Metric         Estimate   95% CI Lower   95% CI Upper
  ----------------------------------------------------
  AUC-ROC          0.7837         0.6995         0.8588
  AUPRC            0.2708         0.1610         0.4276
  Brier            0.2573         0.2306         0.2820
  Accuracy         0.6550         0.5895         0.7205
  F1               0.3471         0.2301         0.4553
  [M2/raw] Saving figures ...

Saved (model 2 (raw)):
  연구코드/results/0605/stage5_1e-05_epoch500/model_2\raw128\raw/data_distribution.png
  연구코드/results/0605/stage5_1e-05_epoch500/model_2\raw128\raw/cv_roc_curves.png
  연구코드/results/0605/stage5_1e-05_epoch500/model_2\raw128\raw/cv_metric_distribution.png
  연구코드/results/0605/stage5_1e-05_epoch500/model_2\raw128\raw/training_curves.png
  연구코드/results/0605/stage5_1e-05_epoch500/model_2\raw128\raw/test_roc_curves.png
  연구코드/results/0605/stage5_1e-05_epoch500/model_2\raw128\raw/test_roc_by_sex.png
  연구코드/results/0605/stage5_1e-05_epoch500/model_2\raw128\raw/confusion_matrices.png
  연구코드/results/0605/stage5_1e-05_epoch500/model_2\raw128\raw/calibration.png
  연구코드/results/0605/stage5_1e-05_epoch500/model_2\raw128\raw/results.md
  [M2/raw] Plotting attention maps ...
  연구코드/results/0605/stage5_1e-05_epoch500/model_2\raw128\raw/attention_map_c2a.png
  연구코드/results/0605/stage5_1e-05_epoch500/model_2\raw128\raw/attention_heatmap_c2a.png
  연구코드/results/0605/stage5_1e-05_epoch500/model_2\raw128\raw/attention_map_a2c.png
  연구코드/results/0605/stage5_1e-05_epoch500/model_2\raw128\raw/attention_heatmap_a2c.png
  [M2/raw] Plotting Grad-CAM ...
  연구코드/results/0605/stage5_1e-05_epoch500/model_2\raw128\raw/cam_aec_mean.png
  연구코드/results/0605/stage5_1e-05_epoch500/model_2\raw128\raw/cam_aec_lines.png
  연구코드/results/0605/stage5_1e-05_epoch500/model_2\raw128\raw/cam_aec_heatmap.png
  [M2/raw] Done.

############################################################
  [M2 std_scaled]  (scale_clinic=True, scale_aec=column)
############################################################
  [M2/std_scaled] Cross-validating CrossAttn ...
=======================================================
5-Fold CV  [CrossAttn | scale_clin=True, scale_aec=column]
=======================================================

── Fold 1/5 ──────────────────────────────
  CA   — AUC: 0.7758  AUPRC: 0.3100  Brier: 0.2731  Acc: 0.5902  F1: 0.3243  (best ep=463, thresh=0.546)

── Fold 2/5 ──────────────────────────────
  CA   — AUC: 0.8848  AUPRC: 0.5537  Brier: 0.2200  Acc: 0.8415  F1: 0.5246  (best ep=386, thresh=0.638)

── Fold 3/5 ──────────────────────────────
  CA   — AUC: 0.7754  AUPRC: 0.3050  Brier: 0.2692  Acc: 0.7869  F1: 0.4000  (best ep=441, thresh=0.693)

── Fold 4/5 ──────────────────────────────
  CA   — AUC: 0.8094  AUPRC: 0.3215  Brier: 0.2348  Acc: 0.7760  F1: 0.4225  (best ep=191, thresh=0.607)

── Fold 5/5 ──────────────────────────────
  CA   — AUC: 0.8037  AUPRC: 0.3795  Brier: 0.2519  Acc: 0.8022  F1: 0.4375  (best ep=492, thresh=0.651)

===========================================================================
CrossAttn  —  5-Fold CV Summary
===========================================================================
  Fold      AUC-ROC      AUPRC      Brier   Accuracy         F1
  ----------------------------------------------------------
  1          0.7758     0.3100     0.2731     0.5902     0.3243
  2          0.8848     0.5537     0.2200     0.8415     0.5246
  3          0.7754     0.3050     0.2692     0.7869     0.4000
  4          0.8094     0.3215     0.2348     0.7760     0.4225
  5          0.8037     0.3795     0.2519     0.8022     0.4375
  ──────────────────────────────────────────────────────────
  Mean       0.8098     0.3739     0.2498     0.7593     0.4218
  ±Std       0.0400     0.0937     0.0202     0.0875     0.0645
  [M2/std_scaled] Evaluating on test set (med_epoch=441, thresh=0.638) ...

=======================================================
CrossAttn Test Evaluation  (scale_clin=True, scale_aec=column, threshold=0.638)
=======================================================
CrossAttn — training final model for 441 epochs on full CV set …
  [CrossAttn] Model weights saved → 연구코드/results/0605/stage5_1e-05_epoch500/model_2\raw128\std_scaled\M2_std_scaled_weights.pt

CrossAttn — Test Set (Overall):
  AUC: 0.7909  AUPRC: 0.2800  Brier: 0.2559  Acc: 0.7642  F1: 0.3571

CrossAttn — Test Set (By Sex):
  [M] n=82  AUC: 0.6901  AUPRC: 0.3117  Brier: 0.3009  Acc: 0.6829  F1: 0.4091
              precision    recall  f1-score   support

      Normal       0.92      0.68      0.78        69
  Sarcopenia       0.29      0.69      0.41        13

    accuracy                           0.68        82
   macro avg       0.61      0.69      0.60        82
weighted avg       0.82      0.68      0.72        82

  [F] n=147  AUC: 0.8489  AUPRC: 0.2917  Brier: 0.2307  Acc: 0.8095  F1: 0.3000
              precision    recall  f1-score   support

      Normal       0.96      0.83      0.89       136
  Sarcopenia       0.21      0.55      0.30        11

    accuracy                           0.81       147
   macro avg       0.58      0.69      0.59       147
weighted avg       0.90      0.81      0.85       147


───────────────────────────────────────────────────────
Test Set — Bootstrap CI
───────────────────────────────────────────────────────

  Bootstrap 95% CI — CrossAttn  (n_boot=2000)
  Metric         Estimate   95% CI Lower   95% CI Upper
  ----------------------------------------------------
  AUC-ROC          0.7909         0.6937         0.8708
  AUPRC            0.2800         0.1643         0.4404
  Brier            0.2559         0.2286         0.2811
  Accuracy         0.7642         0.7074         0.8166
  F1               0.3571         0.2258         0.4828
  [M2/std_scaled] Saving figures ...

Saved (model 2 (std_scaled)):
  연구코드/results/0605/stage5_1e-05_epoch500/model_2\raw128\std_scaled/data_distribution.png
  연구코드/results/0605/stage5_1e-05_epoch500/model_2\raw128\std_scaled/cv_roc_curves.png
  연구코드/results/0605/stage5_1e-05_epoch500/model_2\raw128\std_scaled/cv_metric_distribution.png
  연구코드/results/0605/stage5_1e-05_epoch500/model_2\raw128\std_scaled/training_curves.png
  연구코드/results/0605/stage5_1e-05_epoch500/model_2\raw128\std_scaled/test_roc_curves.png
  연구코드/results/0605/stage5_1e-05_epoch500/model_2\raw128\std_scaled/test_roc_by_sex.png
  연구코드/results/0605/stage5_1e-05_epoch500/model_2\raw128\std_scaled/confusion_matrices.png
  연구코드/results/0605/stage5_1e-05_epoch500/model_2\raw128\std_scaled/calibration.png
  연구코드/results/0605/stage5_1e-05_epoch500/model_2\raw128\std_scaled/results.md
  [M2/std_scaled] Plotting attention maps ...
  연구코드/results/0605/stage5_1e-05_epoch500/model_2\raw128\std_scaled/attention_map_c2a.png
  연구코드/results/0605/stage5_1e-05_epoch500/model_2\raw128\std_scaled/attention_heatmap_c2a.png
  연구코드/results/0605/stage5_1e-05_epoch500/model_2\raw128\std_scaled/attention_map_a2c.png
  연구코드/results/0605/stage5_1e-05_epoch500/model_2\raw128\std_scaled/attention_heatmap_a2c.png
  [M2/std_scaled] Plotting Grad-CAM ...
  연구코드/results/0605/stage5_1e-05_epoch500/model_2\raw128\std_scaled/cam_aec_mean.png
  연구코드/results/0605/stage5_1e-05_epoch500/model_2\raw128\std_scaled/cam_aec_lines.png
  연구코드/results/0605/stage5_1e-05_epoch500/model_2\raw128\std_scaled/cam_aec_heatmap.png
  [M2/std_scaled] Done.

############################################################
  [M2 norm]  (scale_clinic=True, scale_aec=none)
############################################################
  [M2/norm] Cross-validating CrossAttn ...
=======================================================
5-Fold CV  [CrossAttn | scale_clin=True, scale_aec=none]
=======================================================

── Fold 1/5 ──────────────────────────────
  CA   — AUC: 0.8298  AUPRC: 0.3530  Brier: 0.2555  Acc: 0.7923  F1: 0.4571  (best ep=220, thresh=0.665)

── Fold 2/5 ──────────────────────────────
  CA   — AUC: 0.8427  AUPRC: 0.5629  Brier: 0.2731  Acc: 0.8033  F1: 0.4706  (best ep=81, thresh=0.593)

── Fold 3/5 ──────────────────────────────
  CA   — AUC: 0.7757  AUPRC: 0.2881  Brier: 0.2707  Acc: 0.6721  F1: 0.3333  (best ep=138, thresh=0.592)

── Fold 4/5 ──────────────────────────────
  CA   — AUC: 0.7904  AUPRC: 0.3593  Brier: 0.2640  Acc: 0.7541  F1: 0.4000  (best ep=88, thresh=0.597)

── Fold 5/5 ──────────────────────────────
  CA   — AUC: 0.8085  AUPRC: 0.4421  Brier: 0.2580  Acc: 0.7363  F1: 0.4000  (best ep=121, thresh=0.618)

===========================================================================
CrossAttn  —  5-Fold CV Summary
===========================================================================
  Fold      AUC-ROC      AUPRC      Brier   Accuracy         F1
  ----------------------------------------------------------
  1          0.8298     0.3530     0.2555     0.7923     0.4571
  2          0.8427     0.5629     0.2731     0.8033     0.4706
  3          0.7757     0.2881     0.2707     0.6721     0.3333
  4          0.7904     0.3593     0.2640     0.7541     0.4000
  5          0.8085     0.4421     0.2580     0.7363     0.4000
  ──────────────────────────────────────────────────────────
  Mean       0.8094     0.4011     0.2643     0.7516     0.4122
  ±Std       0.0246     0.0946     0.0069     0.0467     0.0489
  [M2/norm] Evaluating on test set (med_epoch=121, thresh=0.597) ...

=======================================================
CrossAttn Test Evaluation  (scale_clin=True, scale_aec=none, threshold=0.597)
=======================================================
CrossAttn — training final model for 121 epochs on full CV set …
  [CrossAttn] Model weights saved → 연구코드/results/0605/stage5_1e-05_epoch500/model_2\raw128\norm\M2_norm_weights.pt

CrossAttn — Test Set (Overall):
  AUC: 0.8207  AUPRC: 0.3676  Brier: 0.2712  Acc: 0.6725  F1: 0.3697

CrossAttn — Test Set (By Sex):
  [M] n=82  AUC: 0.7547  AUPRC: 0.3940  Brier: 0.3026  Acc: 0.6098  F1: 0.4074
              precision    recall  f1-score   support

      Normal       0.95      0.57      0.71        69
  Sarcopenia       0.27      0.85      0.41        13

    accuracy                           0.61        82
   macro avg       0.61      0.71      0.56        82
weighted avg       0.84      0.61      0.66        82

  [F] n=147  AUC: 0.8449  AUPRC: 0.3517  Brier: 0.2537  Acc: 0.7075  F1: 0.3385
              precision    recall  f1-score   support

      Normal       1.00      0.68      0.81       136
  Sarcopenia       0.20      1.00      0.34        11

    accuracy                           0.71       147
   macro avg       0.60      0.84      0.58       147
weighted avg       0.94      0.71      0.78       147


───────────────────────────────────────────────────────
Test Set — Bootstrap CI
───────────────────────────────────────────────────────

  Bootstrap 95% CI — CrossAttn  (n_boot=2000)
  Metric         Estimate   95% CI Lower   95% CI Upper
  ----------------------------------------------------
  AUC-ROC          0.8207         0.7446         0.8867
  AUPRC            0.3676         0.2176         0.5433
  Brier            0.2712         0.2468         0.2944
  Accuracy         0.6725         0.6114         0.7380
  F1               0.3697         0.2500         0.4837
  [M2/norm] Saving figures ...

Saved (model 2 (norm)):
  연구코드/results/0605/stage5_1e-05_epoch500/model_2\raw128\norm/data_distribution.png
  연구코드/results/0605/stage5_1e-05_epoch500/model_2\raw128\norm/cv_roc_curves.png
  연구코드/results/0605/stage5_1e-05_epoch500/model_2\raw128\norm/cv_metric_distribution.png
  연구코드/results/0605/stage5_1e-05_epoch500/model_2\raw128\norm/training_curves.png
  연구코드/results/0605/stage5_1e-05_epoch500/model_2\raw128\norm/test_roc_curves.png
  연구코드/results/0605/stage5_1e-05_epoch500/model_2\raw128\norm/test_roc_by_sex.png
  연구코드/results/0605/stage5_1e-05_epoch500/model_2\raw128\norm/confusion_matrices.png
  연구코드/results/0605/stage5_1e-05_epoch500/model_2\raw128\norm/calibration.png
  연구코드/results/0605/stage5_1e-05_epoch500/model_2\raw128\norm/results.md
  [M2/norm] Plotting attention maps ...
  연구코드/results/0605/stage5_1e-05_epoch500/model_2\raw128\norm/attention_map_c2a.png
  연구코드/results/0605/stage5_1e-05_epoch500/model_2\raw128\norm/attention_heatmap_c2a.png
  연구코드/results/0605/stage5_1e-05_epoch500/model_2\raw128\norm/attention_map_a2c.png
  연구코드/results/0605/stage5_1e-05_epoch500/model_2\raw128\norm/attention_heatmap_a2c.png
  [M2/norm] Plotting Grad-CAM ...
  연구코드/results/0605/stage5_1e-05_epoch500/model_2\raw128\norm/cam_aec_mean.png
  연구코드/results/0605/stage5_1e-05_epoch500/model_2\raw128\norm/cam_aec_lines.png
  연구코드/results/0605/stage5_1e-05_epoch500/model_2\raw128\norm/cam_aec_heatmap.png
  [M2/norm] Done.

############################################################
  [M2 global_zscore]  (scale_clinic=True, scale_aec=global)
############################################################
  [M2/global_zscore] Cross-validating CrossAttn ...
=======================================================
5-Fold CV  [CrossAttn | scale_clin=True, scale_aec=global]
=======================================================

── Fold 1/5 ──────────────────────────────
  CA   — AUC: 0.8279  AUPRC: 0.3670  Brier: 0.2631  Acc: 0.6995  F1: 0.4086  (best ep=414, thresh=0.582)

── Fold 2/5 ──────────────────────────────
  CA   — AUC: 0.8383  AUPRC: 0.5233  Brier: 0.2487  Acc: 0.8743  F1: 0.5306  (best ep=101, thresh=0.643)

── Fold 3/5 ──────────────────────────────
  CA   — AUC: 0.7956  AUPRC: 0.3644  Brier: 0.2709  Acc: 0.6557  F1: 0.3505  (best ep=285, thresh=0.579)

── Fold 4/5 ──────────────────────────────
  CA   — AUC: 0.7882  AUPRC: 0.3539  Brier: 0.2388  Acc: 0.6831  F1: 0.3556  (best ep=135, thresh=0.544)

── Fold 5/5 ──────────────────────────────
  CA   — AUC: 0.8192  AUPRC: 0.4259  Brier: 0.2444  Acc: 0.7308  F1: 0.3951  (best ep=485, thresh=0.589)

===========================================================================
CrossAttn  —  5-Fold CV Summary
===========================================================================
  Fold      AUC-ROC      AUPRC      Brier   Accuracy         F1
  ----------------------------------------------------------
  1          0.8279     0.3670     0.2631     0.6995     0.4086
  2          0.8383     0.5233     0.2487     0.8743     0.5306
  3          0.7956     0.3644     0.2709     0.6557     0.3505
  4          0.7882     0.3539     0.2388     0.6831     0.3556
  5          0.8192     0.4259     0.2444     0.7308     0.3951
  ──────────────────────────────────────────────────────────
  Mean       0.8138     0.4069     0.2532     0.7287     0.4081
  ±Std       0.0190     0.0634     0.0120     0.0768     0.0652
  [M2/global_zscore] Evaluating on test set (med_epoch=285, thresh=0.582) ...

=======================================================
CrossAttn Test Evaluation  (scale_clin=True, scale_aec=global, threshold=0.582)
=======================================================
CrossAttn — training final model for 285 epochs on full CV set …
  [CrossAttn] Model weights saved → 연구코드/results/0605/stage5_1e-05_epoch500/model_2\raw128\global_zscore\M2_global_zscore_weights.pt

CrossAttn — Test Set (Overall):
  AUC: 0.8203  AUPRC: 0.2909  Brier: 0.2587  Acc: 0.7031  F1: 0.3929

CrossAttn — Test Set (By Sex):
  [M] n=82  AUC: 0.7547  AUPRC: 0.3068  Brier: 0.2771  Acc: 0.6707  F1: 0.4490
              precision    recall  f1-score   support

      Normal       0.96      0.64      0.77        69
  Sarcopenia       0.31      0.85      0.45        13

    accuracy                           0.67        82
   macro avg       0.63      0.74      0.61        82
weighted avg       0.85      0.67      0.72        82

  [F] n=147  AUC: 0.8549  AUPRC: 0.3512  Brier: 0.2484  Acc: 0.7211  F1: 0.3492
              precision    recall  f1-score   support

      Normal       1.00      0.70      0.82       136
  Sarcopenia       0.21      1.00      0.35        11

    accuracy                           0.72       147
   macro avg       0.61      0.85      0.59       147
weighted avg       0.94      0.72      0.79       147


───────────────────────────────────────────────────────
Test Set — Bootstrap CI
───────────────────────────────────────────────────────

  Bootstrap 95% CI — CrossAttn  (n_boot=2000)
  Metric         Estimate   95% CI Lower   95% CI Upper
  ----------------------------------------------------
  AUC-ROC          0.8203         0.7416         0.8917
  AUPRC            0.2909         0.1916         0.4729
  Brier            0.2587         0.2324         0.2828
  Accuracy         0.7031         0.6419         0.7642
  F1               0.3929         0.2689         0.5079
  [M2/global_zscore] Saving figures ...

Saved (model 2 (global_zscore)):
  연구코드/results/0605/stage5_1e-05_epoch500/model_2\raw128\global_zscore/data_distribution.png
  연구코드/results/0605/stage5_1e-05_epoch500/model_2\raw128\global_zscore/cv_roc_curves.png
  연구코드/results/0605/stage5_1e-05_epoch500/model_2\raw128\global_zscore/cv_metric_distribution.png
  연구코드/results/0605/stage5_1e-05_epoch500/model_2\raw128\global_zscore/training_curves.png
  연구코드/results/0605/stage5_1e-05_epoch500/model_2\raw128\global_zscore/test_roc_curves.png
  연구코드/results/0605/stage5_1e-05_epoch500/model_2\raw128\global_zscore/test_roc_by_sex.png
  연구코드/results/0605/stage5_1e-05_epoch500/model_2\raw128\global_zscore/confusion_matrices.png
  연구코드/results/0605/stage5_1e-05_epoch500/model_2\raw128\global_zscore/calibration.png
  연구코드/results/0605/stage5_1e-05_epoch500/model_2\raw128\global_zscore/results.md
  [M2/global_zscore] Plotting attention maps ...
  연구코드/results/0605/stage5_1e-05_epoch500/model_2\raw128\global_zscore/attention_map_c2a.png
  연구코드/results/0605/stage5_1e-05_epoch500/model_2\raw128\global_zscore/attention_heatmap_c2a.png
  연구코드/results/0605/stage5_1e-05_epoch500/model_2\raw128\global_zscore/attention_map_a2c.png
  연구코드/results/0605/stage5_1e-05_epoch500/model_2\raw128\global_zscore/attention_heatmap_a2c.png
  [M2/global_zscore] Plotting Grad-CAM ...
  연구코드/results/0605/stage5_1e-05_epoch500/model_2\raw128\global_zscore/cam_aec_mean.png
  연구코드/results/0605/stage5_1e-05_epoch500/model_2\raw128\global_zscore/cam_aec_lines.png
  연구코드/results/0605/stage5_1e-05_epoch500/model_2\raw128\global_zscore/cam_aec_heatmap.png
  [M2/global_zscore] Done.
