============================================================
  MODEL 2 — Clinic + AEC (aec128)  (4 AEC variants)
============================================================

############################################################
  [M2 raw]  (scale_clinic=True, scale_aec=none)
############################################################
  [M2/raw] Cross-validating CrossAttn ...
=======================================================
5-Fold CV  [CrossAttn | scale_clin=True, scale_aec=none]
=======================================================

── Fold 1/5 ──────────────────────────────
  CA   — AUC: 0.8092  AUPRC: 0.3638  Brier: 0.2657  Acc: 0.8525  F1: 0.4906  (best ep=427, thresh=0.678)

── Fold 2/5 ──────────────────────────────
  CA   — AUC: 0.8463  AUPRC: 0.5510  Brier: 0.2528  Acc: 0.8525  F1: 0.5091  (best ep=491, thresh=0.620)

── Fold 3/5 ──────────────────────────────
  CA   — AUC: 0.7847  AUPRC: 0.3377  Brier: 0.2740  Acc: 0.7705  F1: 0.3824  (best ep=385, thresh=0.656)

── Fold 4/5 ──────────────────────────────
  CA   — AUC: 0.8017  AUPRC: 0.3173  Brier: 0.2400  Acc: 0.6612  F1: 0.3673  (best ep=474, thresh=0.534)

── Fold 5/5 ──────────────────────────────
  CA   — AUC: 0.8137  AUPRC: 0.3813  Brier: 0.2500  Acc: 0.7143  F1: 0.3810  (best ep=450, thresh=0.585)

===========================================================================
CrossAttn  —  5-Fold CV Summary
===========================================================================
  Fold      AUC-ROC      AUPRC      Brier   Accuracy         F1
  ----------------------------------------------------------
  1          0.8092     0.3638     0.2657     0.8525     0.4906
  2          0.8463     0.5510     0.2528     0.8525     0.5091
  3          0.7847     0.3377     0.2740     0.7705     0.3824
  4          0.8017     0.3173     0.2400     0.6612     0.3673
  5          0.8137     0.3813     0.2500     0.7143     0.3810
  ──────────────────────────────────────────────────────────
  Mean       0.8111     0.3902     0.2565     0.7702     0.4261
  ±Std       0.0202     0.0833     0.0120     0.0756     0.0607
  [M2/raw] Evaluating on test set (med_epoch=450, thresh=0.620) ...

=======================================================
CrossAttn Test Evaluation  (scale_clin=True, scale_aec=none, threshold=0.620)
=======================================================
CrossAttn — training final model for 450 epochs on full CV set …
  [CrossAttn] Model weights saved → 연구코드/results/0605/stage0_1e-05_epoch500/model_2\raw128\raw\M2_raw_weights.pt

CrossAttn — Test Set (Overall):
  AUC: 0.7896  AUPRC: 0.2883  Brier: 0.2574  Acc: 0.7380  F1: 0.3617

CrossAttn — Test Set (By Sex):
  [M] n=82  AUC: 0.7224  AUPRC: 0.3388  Brier: 0.3056  Acc: 0.6463  F1: 0.4314
              precision    recall  f1-score   support

      Normal       0.95      0.61      0.74        69
  Sarcopenia       0.29      0.85      0.43        13

    accuracy                           0.65        82
   macro avg       0.62      0.73      0.59        82
weighted avg       0.85      0.65      0.69        82

  [F] n=147  AUC: 0.8336  AUPRC: 0.2540  Brier: 0.2305  Acc: 0.7891  F1: 0.2791
              precision    recall  f1-score   support

      Normal       0.96      0.81      0.88       136
  Sarcopenia       0.19      0.55      0.28        11

    accuracy                           0.79       147
   macro avg       0.57      0.68      0.58       147
weighted avg       0.90      0.79      0.83       147


───────────────────────────────────────────────────────
Test Set — Bootstrap CI
───────────────────────────────────────────────────────

  Bootstrap 95% CI — CrossAttn  (n_boot=2000)
  Metric         Estimate   95% CI Lower   95% CI Upper
  ----------------------------------------------------
  AUC-ROC          0.7896         0.6918         0.8733
  AUPRC            0.2883         0.1714         0.4458
  Brier            0.2574         0.2303         0.2831
  Accuracy         0.7380         0.6856         0.7948
  F1               0.3617         0.2340         0.4848
  [M2/raw] Saving figures ...

Saved (model 2 (raw)):
  연구코드/results/0605/stage0_1e-05_epoch500/model_2\raw128\raw/data_distribution.png
  연구코드/results/0605/stage0_1e-05_epoch500/model_2\raw128\raw/cv_roc_curves.png
  연구코드/results/0605/stage0_1e-05_epoch500/model_2\raw128\raw/cv_metric_distribution.png
  연구코드/results/0605/stage0_1e-05_epoch500/model_2\raw128\raw/training_curves.png
  연구코드/results/0605/stage0_1e-05_epoch500/model_2\raw128\raw/test_roc_curves.png
  연구코드/results/0605/stage0_1e-05_epoch500/model_2\raw128\raw/test_roc_by_sex.png
  연구코드/results/0605/stage0_1e-05_epoch500/model_2\raw128\raw/confusion_matrices.png
  연구코드/results/0605/stage0_1e-05_epoch500/model_2\raw128\raw/calibration.png
  연구코드/results/0605/stage0_1e-05_epoch500/model_2\raw128\raw/results.md
  [M2/raw] Plotting attention maps ...
  연구코드/results/0605/stage0_1e-05_epoch500/model_2\raw128\raw/attention_map_c2a.png
  연구코드/results/0605/stage0_1e-05_epoch500/model_2\raw128\raw/attention_heatmap_c2a.png
  연구코드/results/0605/stage0_1e-05_epoch500/model_2\raw128\raw/attention_map_a2c.png
  연구코드/results/0605/stage0_1e-05_epoch500/model_2\raw128\raw/attention_heatmap_a2c.png
  [M2/raw] Plotting Grad-CAM ...
  연구코드/results/0605/stage0_1e-05_epoch500/model_2\raw128\raw/cam_aec_mean.png
  연구코드/results/0605/stage0_1e-05_epoch500/model_2\raw128\raw/cam_aec_lines.png
  연구코드/results/0605/stage0_1e-05_epoch500/model_2\raw128\raw/cam_aec_heatmap.png
  [M2/raw] Done.

############################################################
  [M2 std_scaled]  (scale_clinic=True, scale_aec=column)
############################################################
  [M2/std_scaled] Cross-validating CrossAttn ...
=======================================================
5-Fold CV  [CrossAttn | scale_clin=True, scale_aec=column]
=======================================================

── Fold 1/5 ──────────────────────────────
  CA   — AUC: 0.8344  AUPRC: 0.3680  Brier: 0.2675  Acc: 0.6995  F1: 0.4086  (best ep=436, thresh=0.572)

── Fold 2/5 ──────────────────────────────
  CA   — AUC: 0.8546  AUPRC: 0.5010  Brier: 0.2473  Acc: 0.8852  F1: 0.5882  (best ep=421, thresh=0.667)

── Fold 3/5 ──────────────────────────────
  CA   — AUC: 0.7689  AUPRC: 0.3273  Brier: 0.2638  Acc: 0.7541  F1: 0.3836  (best ep=451, thresh=0.651)

── Fold 4/5 ──────────────────────────────
  CA   — AUC: 0.7802  AUPRC: 0.3503  Brier: 0.2387  Acc: 0.7705  F1: 0.4000  (best ep=332, thresh=0.614)

── Fold 5/5 ──────────────────────────────
  CA   — AUC: 0.7979  AUPRC: 0.4348  Brier: 0.2482  Acc: 0.7473  F1: 0.3947  (best ep=438, thresh=0.596)

===========================================================================
CrossAttn  —  5-Fold CV Summary
===========================================================================
  Fold      AUC-ROC      AUPRC      Brier   Accuracy         F1
  ----------------------------------------------------------
  1          0.8344     0.3680     0.2675     0.6995     0.4086
  2          0.8546     0.5010     0.2473     0.8852     0.5882
  3          0.7689     0.3273     0.2638     0.7541     0.3836
  4          0.7802     0.3503     0.2387     0.7705     0.4000
  5          0.7979     0.4348     0.2482     0.7473     0.3947
  ──────────────────────────────────────────────────────────
  Mean       0.8072     0.3963     0.2531     0.7713     0.4350
  ±Std       0.0325     0.0634     0.0108     0.0617     0.0770
  [M2/std_scaled] Evaluating on test set (med_epoch=436, thresh=0.614) ...

=======================================================
CrossAttn Test Evaluation  (scale_clin=True, scale_aec=column, threshold=0.614)
=======================================================
CrossAttn — training final model for 436 epochs on full CV set …
  [CrossAttn] Model weights saved → 연구코드/results/0605/stage0_1e-05_epoch500/model_2\raw128\std_scaled\M2_std_scaled_weights.pt

CrossAttn — Test Set (Overall):
  AUC: 0.7892  AUPRC: 0.2895  Brier: 0.2624  Acc: 0.7162  F1: 0.3434

CrossAttn — Test Set (By Sex):
  [M] n=82  AUC: 0.6968  AUPRC: 0.3291  Brier: 0.3148  Acc: 0.6707  F1: 0.4255
              precision    recall  f1-score   support

      Normal       0.94      0.65      0.77        69
  Sarcopenia       0.29      0.77      0.43        13

    accuracy                           0.67        82
   macro avg       0.62      0.71      0.60        82
weighted avg       0.84      0.67      0.71        82

  [F] n=147  AUC: 0.8322  AUPRC: 0.3449  Brier: 0.2331  Acc: 0.7415  F1: 0.2692
              precision    recall  f1-score   support

      Normal       0.96      0.75      0.84       136
  Sarcopenia       0.17      0.64      0.27        11

    accuracy                           0.74       147
   macro avg       0.57      0.69      0.56       147
weighted avg       0.90      0.74      0.80       147


───────────────────────────────────────────────────────
Test Set — Bootstrap CI
───────────────────────────────────────────────────────

  Bootstrap 95% CI — CrossAttn  (n_boot=2000)
  Metric         Estimate   95% CI Lower   95% CI Upper
  ----------------------------------------------------
  AUC-ROC          0.7892         0.7025         0.8662
  AUPRC            0.2895         0.1707         0.4630
  Brier            0.2624         0.2361         0.2866
  Accuracy         0.7162         0.6594         0.7773
  F1               0.3434         0.2222         0.4615
  [M2/std_scaled] Saving figures ...

Saved (model 2 (std_scaled)):
  연구코드/results/0605/stage0_1e-05_epoch500/model_2\raw128\std_scaled/data_distribution.png
  연구코드/results/0605/stage0_1e-05_epoch500/model_2\raw128\std_scaled/cv_roc_curves.png
  연구코드/results/0605/stage0_1e-05_epoch500/model_2\raw128\std_scaled/cv_metric_distribution.png
  연구코드/results/0605/stage0_1e-05_epoch500/model_2\raw128\std_scaled/training_curves.png
  연구코드/results/0605/stage0_1e-05_epoch500/model_2\raw128\std_scaled/test_roc_curves.png
  연구코드/results/0605/stage0_1e-05_epoch500/model_2\raw128\std_scaled/test_roc_by_sex.png
  연구코드/results/0605/stage0_1e-05_epoch500/model_2\raw128\std_scaled/confusion_matrices.png
  연구코드/results/0605/stage0_1e-05_epoch500/model_2\raw128\std_scaled/calibration.png
  연구코드/results/0605/stage0_1e-05_epoch500/model_2\raw128\std_scaled/results.md
  [M2/std_scaled] Plotting attention maps ...
  연구코드/results/0605/stage0_1e-05_epoch500/model_2\raw128\std_scaled/attention_map_c2a.png
  연구코드/results/0605/stage0_1e-05_epoch500/model_2\raw128\std_scaled/attention_heatmap_c2a.png
  연구코드/results/0605/stage0_1e-05_epoch500/model_2\raw128\std_scaled/attention_map_a2c.png
  연구코드/results/0605/stage0_1e-05_epoch500/model_2\raw128\std_scaled/attention_heatmap_a2c.png
  [M2/std_scaled] Plotting Grad-CAM ...
  연구코드/results/0605/stage0_1e-05_epoch500/model_2\raw128\std_scaled/cam_aec_mean.png
  연구코드/results/0605/stage0_1e-05_epoch500/model_2\raw128\std_scaled/cam_aec_lines.png
  연구코드/results/0605/stage0_1e-05_epoch500/model_2\raw128\std_scaled/cam_aec_heatmap.png
  [M2/std_scaled] Done.

############################################################
  [M2 norm]  (scale_clinic=True, scale_aec=none)
############################################################
  [M2/norm] Cross-validating CrossAttn ...
=======================================================
5-Fold CV  [CrossAttn | scale_clin=True, scale_aec=none]
=======================================================

── Fold 1/5 ──────────────────────────────
  CA   — AUC: 0.8457  AUPRC: 0.4074  Brier: 0.2699  Acc: 0.8033  F1: 0.4706  (best ep=204, thresh=0.641)

── Fold 2/5 ──────────────────────────────
  CA   — AUC: 0.8652  AUPRC: 0.5551  Brier: 0.2218  Acc: 0.8033  F1: 0.4706  (best ep=300, thresh=0.598)

── Fold 3/5 ──────────────────────────────
  CA   — AUC: 0.7644  AUPRC: 0.3214  Brier: 0.2775  Acc: 0.6667  F1: 0.3297  (best ep=455, thresh=0.569)

── Fold 4/5 ──────────────────────────────
  CA   — AUC: 0.7815  AUPRC: 0.3427  Brier: 0.2423  Acc: 0.7104  F1: 0.3765  (best ep=245, thresh=0.540)

── Fold 5/5 ──────────────────────────────
  CA   — AUC: 0.8098  AUPRC: 0.3879  Brier: 0.2542  Acc: 0.7802  F1: 0.4286  (best ep=375, thresh=0.656)

===========================================================================
CrossAttn  —  5-Fold CV Summary
===========================================================================
  Fold      AUC-ROC      AUPRC      Brier   Accuracy         F1
  ----------------------------------------------------------
  1          0.8457     0.4074     0.2699     0.8033     0.4706
  2          0.8652     0.5551     0.2218     0.8033     0.4706
  3          0.7644     0.3214     0.2775     0.6667     0.3297
  4          0.7815     0.3427     0.2423     0.7104     0.3765
  5          0.8098     0.3879     0.2542     0.7802     0.4286
  ──────────────────────────────────────────────────────────
  Mean       0.8133     0.4029     0.2531     0.7528     0.4152
  ±Std       0.0378     0.0821     0.0199     0.0549     0.0550
  [M2/norm] Evaluating on test set (med_epoch=300, thresh=0.598) ...

=======================================================
CrossAttn Test Evaluation  (scale_clin=True, scale_aec=none, threshold=0.598)
=======================================================
CrossAttn — training final model for 300 epochs on full CV set …
  [CrossAttn] Model weights saved → 연구코드/results/0605/stage0_1e-05_epoch500/model_2\raw128\norm\M2_norm_weights.pt

CrossAttn — Test Set (Overall):
  AUC: 0.8120  AUPRC: 0.2949  Brier: 0.2684  Acc: 0.6856  F1: 0.3571

CrossAttn — Test Set (By Sex):
  [M] n=82  AUC: 0.7179  AUPRC: 0.2589  Brier: 0.3082  Acc: 0.6463  F1: 0.4314
              precision    recall  f1-score   support

      Normal       0.95      0.61      0.74        69
  Sarcopenia       0.29      0.85      0.43        13

    accuracy                           0.65        82
   macro avg       0.62      0.73      0.59        82
weighted avg       0.85      0.65      0.69        82

  [F] n=147  AUC: 0.8523  AUPRC: 0.3745  Brier: 0.2462  Acc: 0.7075  F1: 0.2951
              precision    recall  f1-score   support

      Normal       0.98      0.70      0.82       136
  Sarcopenia       0.18      0.82      0.30        11

    accuracy                           0.71       147
   macro avg       0.58      0.76      0.56       147
weighted avg       0.92      0.71      0.78       147


───────────────────────────────────────────────────────
Test Set — Bootstrap CI
───────────────────────────────────────────────────────

  Bootstrap 95% CI — CrossAttn  (n_boot=2000)
  Metric         Estimate   95% CI Lower   95% CI Upper
  ----------------------------------------------------
  AUC-ROC          0.8120         0.7393         0.8770
  AUPRC            0.2949         0.1765         0.4563
  Brier            0.2684         0.2412         0.2947
  Accuracy         0.6856         0.6288         0.7467
  F1               0.3571         0.2353         0.4715
  [M2/norm] Saving figures ...

Saved (model 2 (norm)):
  연구코드/results/0605/stage0_1e-05_epoch500/model_2\raw128\norm/data_distribution.png
  연구코드/results/0605/stage0_1e-05_epoch500/model_2\raw128\norm/cv_roc_curves.png
  연구코드/results/0605/stage0_1e-05_epoch500/model_2\raw128\norm/cv_metric_distribution.png
  연구코드/results/0605/stage0_1e-05_epoch500/model_2\raw128\norm/training_curves.png
  연구코드/results/0605/stage0_1e-05_epoch500/model_2\raw128\norm/test_roc_curves.png
  연구코드/results/0605/stage0_1e-05_epoch500/model_2\raw128\norm/test_roc_by_sex.png
  연구코드/results/0605/stage0_1e-05_epoch500/model_2\raw128\norm/confusion_matrices.png
  연구코드/results/0605/stage0_1e-05_epoch500/model_2\raw128\norm/calibration.png
  연구코드/results/0605/stage0_1e-05_epoch500/model_2\raw128\norm/results.md
  [M2/norm] Plotting attention maps ...
  연구코드/results/0605/stage0_1e-05_epoch500/model_2\raw128\norm/attention_map_c2a.png
  연구코드/results/0605/stage0_1e-05_epoch500/model_2\raw128\norm/attention_heatmap_c2a.png
  연구코드/results/0605/stage0_1e-05_epoch500/model_2\raw128\norm/attention_map_a2c.png
  연구코드/results/0605/stage0_1e-05_epoch500/model_2\raw128\norm/attention_heatmap_a2c.png
  [M2/norm] Plotting Grad-CAM ...
  연구코드/results/0605/stage0_1e-05_epoch500/model_2\raw128\norm/cam_aec_mean.png
  연구코드/results/0605/stage0_1e-05_epoch500/model_2\raw128\norm/cam_aec_lines.png
  연구코드/results/0605/stage0_1e-05_epoch500/model_2\raw128\norm/cam_aec_heatmap.png
  [M2/norm] Done.

############################################################
  [M2 global_zscore]  (scale_clinic=True, scale_aec=global)
############################################################
  [M2/global_zscore] Cross-validating CrossAttn ...
=======================================================
5-Fold CV  [CrossAttn | scale_clin=True, scale_aec=global]
=======================================================

── Fold 1/5 ──────────────────────────────
  CA   — AUC: 0.7899  AUPRC: 0.3297  Brier: 0.2732  Acc: 0.6120  F1: 0.3486  (best ep=473, thresh=0.547)

── Fold 2/5 ──────────────────────────────
  CA   — AUC: 0.8123  AUPRC: 0.4990  Brier: 0.2484  Acc: 0.8689  F1: 0.5000  (best ep=341, thresh=0.659)

── Fold 3/5 ──────────────────────────────
  CA   — AUC: 0.7953  AUPRC: 0.3885  Brier: 0.2797  Acc: 0.7869  F1: 0.4000  (best ep=218, thresh=0.668)

── Fold 4/5 ──────────────────────────────
  CA   — AUC: 0.7908  AUPRC: 0.3609  Brier: 0.2304  Acc: 0.7104  F1: 0.3765  (best ep=498, thresh=0.547)

── Fold 5/5 ──────────────────────────────
  CA   — AUC: 0.8285  AUPRC: 0.4124  Brier: 0.2437  Acc: 0.8242  F1: 0.4667  (best ep=490, thresh=0.682)

===========================================================================
CrossAttn  —  5-Fold CV Summary
===========================================================================
  Fold      AUC-ROC      AUPRC      Brier   Accuracy         F1
  ----------------------------------------------------------
  1          0.7899     0.3297     0.2732     0.6120     0.3486
  2          0.8123     0.4990     0.2484     0.8689     0.5000
  3          0.7953     0.3885     0.2797     0.7869     0.4000
  4          0.7908     0.3609     0.2304     0.7104     0.3765
  5          0.8285     0.4124     0.2437     0.8242     0.4667
  ──────────────────────────────────────────────────────────
  Mean       0.8033     0.3981     0.2551     0.7605     0.4184
  ±Std       0.0150     0.0575     0.0185     0.0906     0.0565
  [M2/global_zscore] Evaluating on test set (med_epoch=473, thresh=0.659) ...

=======================================================
CrossAttn Test Evaluation  (scale_clin=True, scale_aec=global, threshold=0.659)
=======================================================
CrossAttn — training final model for 473 epochs on full CV set …
  [CrossAttn] Model weights saved → 연구코드/results/0605/stage0_1e-05_epoch500/model_2\raw128\global_zscore\M2_global_zscore_weights.pt

CrossAttn — Test Set (Overall):
  AUC: 0.7945  AUPRC: 0.2938  Brier: 0.2624  Acc: 0.7817  F1: 0.3750

CrossAttn — Test Set (By Sex):
  [M] n=82  AUC: 0.7168  AUPRC: 0.3372  Brier: 0.2950  Acc: 0.7195  F1: 0.4651
              precision    recall  f1-score   support

      Normal       0.94      0.71      0.81        69
  Sarcopenia       0.33      0.77      0.47        13

    accuracy                           0.72        82
   macro avg       0.64      0.74      0.64        82
weighted avg       0.85      0.72      0.76        82

  [F] n=147  AUC: 0.8342  AUPRC: 0.3305  Brier: 0.2442  Acc: 0.8163  F1: 0.2703
              precision    recall  f1-score   support

      Normal       0.95      0.85      0.89       136
  Sarcopenia       0.19      0.45      0.27        11

    accuracy                           0.82       147
   macro avg       0.57      0.65      0.58       147
weighted avg       0.89      0.82      0.85       147


───────────────────────────────────────────────────────
Test Set — Bootstrap CI
───────────────────────────────────────────────────────

  Bootstrap 95% CI — CrossAttn  (n_boot=2000)
  Metric         Estimate   95% CI Lower   95% CI Upper
  ----------------------------------------------------
  AUC-ROC          0.7945         0.7024         0.8742
  AUPRC            0.2938         0.1750         0.4644
  Brier            0.2624         0.2364         0.2863
  Accuracy         0.7817         0.7293         0.8341
  F1               0.3750         0.2424         0.5067
  [M2/global_zscore] Saving figures ...

Saved (model 2 (global_zscore)):
  연구코드/results/0605/stage0_1e-05_epoch500/model_2\raw128\global_zscore/data_distribution.png
  연구코드/results/0605/stage0_1e-05_epoch500/model_2\raw128\global_zscore/cv_roc_curves.png
  연구코드/results/0605/stage0_1e-05_epoch500/model_2\raw128\global_zscore/cv_metric_distribution.png
  연구코드/results/0605/stage0_1e-05_epoch500/model_2\raw128\global_zscore/training_curves.png
  연구코드/results/0605/stage0_1e-05_epoch500/model_2\raw128\global_zscore/test_roc_curves.png
  연구코드/results/0605/stage0_1e-05_epoch500/model_2\raw128\global_zscore/test_roc_by_sex.png
  연구코드/results/0605/stage0_1e-05_epoch500/model_2\raw128\global_zscore/confusion_matrices.png
  연구코드/results/0605/stage0_1e-05_epoch500/model_2\raw128\global_zscore/calibration.png
  연구코드/results/0605/stage0_1e-05_epoch500/model_2\raw128\global_zscore/results.md
  [M2/global_zscore] Plotting attention maps ...
  연구코드/results/0605/stage0_1e-05_epoch500/model_2\raw128\global_zscore/attention_map_c2a.png
  연구코드/results/0605/stage0_1e-05_epoch500/model_2\raw128\global_zscore/attention_heatmap_c2a.png
  연구코드/results/0605/stage0_1e-05_epoch500/model_2\raw128\global_zscore/attention_map_a2c.png
  연구코드/results/0605/stage0_1e-05_epoch500/model_2\raw128\global_zscore/attention_heatmap_a2c.png
  [M2/global_zscore] Plotting Grad-CAM ...
  연구코드/results/0605/stage0_1e-05_epoch500/model_2\raw128\global_zscore/cam_aec_mean.png
  연구코드/results/0605/stage0_1e-05_epoch500/model_2\raw128\global_zscore/cam_aec_lines.png
  연구코드/results/0605/stage0_1e-05_epoch500/model_2\raw128\global_zscore/cam_aec_heatmap.png
  [M2/global_zscore] Done.
